[2022-02-04T14:43:24.741+0000][0.003s][info][gc,heap] Heap region size: 1M
[2022-02-04T14:43:24.744+0000][0.005s][info][gc     ] Using G1
[2022-02-04T14:43:24.744+0000][0.005s][info][gc,heap,coops] Heap address: 0x0000000084600000, size: 1978 MB, Compressed Oops mode: 32-bit
[2022-02-04T14:43:24.744+0000][0.006s][info][gc,cds       ] Mark closed archive regions in map: [0x00000000ffc00000, 0x00000000ffc6aff8]
[2022-02-04T14:43:24.744+0000][0.006s][info][gc,cds       ] Mark open archive regions in map: [0x00000000ff800000, 0x00000000ff846ff8]
[2022-02-04T14:43:24.810+0000][0.072s][debug][safepoint    ] Safepoint synchronization initiated. (9 threads)
[2022-02-04T14:43:24.810+0000][0.072s][info ][safepoint    ] Application time: 0.0335214 seconds
[2022-02-04T14:43:24.810+0000][0.072s][info ][safepoint    ] Entering safepoint region: Deoptimize
[2022-02-04T14:43:24.810+0000][0.072s][info ][safepoint    ] Leaving safepoint region
[2022-02-04T14:43:24.810+0000][0.072s][info ][safepoint    ] Total time for which application threads were stopped: 0.0000889 seconds, Stopping threads took: 0.0000088 seconds
[2022-02-04T14:43:25.106+0000][0.367s][debug][safepoint    ] Safepoint synchronization initiated. (10 threads)
[2022-02-04T14:43:25.106+0000][0.367s][info ][safepoint    ] Application time: 0.2955914 seconds
[2022-02-04T14:43:25.106+0000][0.367s][info ][safepoint    ] Entering safepoint region: G1CollectForAllocation
[2022-02-04T14:43:25.106+0000][0.367s][info ][gc,start     ] GC(0) Pause Young (Normal) (G1 Evacuation Pause)
[2022-02-04T14:43:25.106+0000][0.368s][info ][gc,task      ] GC(0) Using 3 workers of 4 for evacuation
[2022-02-04T14:43:25.113+0000][0.375s][info ][gc,phases    ] GC(0)   Pre Evacuate Collection Set: 0.0ms
[2022-02-04T14:43:25.113+0000][0.375s][info ][gc,phases    ] GC(0)   Evacuate Collection Set: 6.1ms
[2022-02-04T14:43:25.113+0000][0.375s][info ][gc,phases    ] GC(0)   Post Evacuate Collection Set: 0.7ms
[2022-02-04T14:43:25.113+0000][0.375s][info ][gc,phases    ] GC(0)   Other: 0.5ms
[2022-02-04T14:43:25.113+0000][0.375s][info ][gc,heap      ] GC(0) Eden regions: 38->0(69)
[2022-02-04T14:43:25.113+0000][0.375s][info ][gc,heap      ] GC(0) Survivor regions: 0->5(5)
[2022-02-04T14:43:25.113+0000][0.375s][info ][gc,heap      ] GC(0) Old regions: 2->3
[2022-02-04T14:43:25.113+0000][0.375s][info ][gc,heap      ] GC(0) Humongous regions: 1->0
[2022-02-04T14:43:25.113+0000][0.375s][info ][gc,metaspace ] GC(0) Metaspace: 1595K->1595K(1056768K)
[2022-02-04T14:43:25.113+0000][0.375s][info ][gc           ] GC(0) Pause Young (Normal) (G1 Evacuation Pause) 39M->6M(126M) 7.344ms
[2022-02-04T14:43:25.113+0000][0.375s][info ][gc,cpu       ] GC(0) User=0.02s Sys=0.00s Real=0.00s
[2022-02-04T14:43:25.113+0000][0.375s][info ][safepoint    ] Leaving safepoint region
[2022-02-04T14:43:25.113+0000][0.375s][info ][safepoint    ] Total time for which application threads were stopped: 0.0074941 seconds, Stopping threads took: 0.0000092 seconds
[2022-02-04T14:43:25.113+0000][0.375s][info ][gc,stringdedup] Concurrent String Deduplication (0.375s)
[2022-02-04T14:43:25.113+0000][0.375s][info ][gc,stringdedup] Concurrent String Deduplication 86360.0B->83504.0B(2856.0B) avg 0.8% (0.375s, 0.375s) 0.269ms
[2022-02-04T14:43:25.413+0000][0.674s][debug][safepoint     ] Safepoint synchronization initiated. (10 threads)
[2022-02-04T14:43:25.413+0000][0.674s][info ][safepoint     ] Application time: 0.2995717 seconds
[2022-02-04T14:43:25.413+0000][0.674s][debug][safepoint     ] Waiting for 1 thread(s) to block
[2022-02-04T14:43:25.413+0000][0.674s][info ][safepoint     ] Entering safepoint region: G1CollectForAllocation
[2022-02-04T14:43:25.413+0000][0.675s][info ][gc,start      ] GC(1) Pause Young (Normal) (G1 Evacuation Pause)
[2022-02-04T14:43:25.413+0000][0.675s][info ][gc,task       ] GC(1) Using 3 workers of 4 for evacuation
[2022-02-04T14:43:25.424+0000][0.686s][info ][gc,phases     ] GC(1)   Pre Evacuate Collection Set: 0.0ms
[2022-02-04T14:43:25.424+0000][0.686s][info ][gc,phases     ] GC(1)   Evacuate Collection Set: 10.1ms
[2022-02-04T14:43:25.424+0000][0.686s][info ][gc,phases     ] GC(1)   Post Evacuate Collection Set: 0.9ms
[2022-02-04T14:43:25.424+0000][0.686s][info ][gc,phases     ] GC(1)   Other: 0.1ms
[2022-02-04T14:43:25.424+0000][0.686s][info ][gc,heap       ] GC(1) Eden regions: 69->0(67)
[2022-02-04T14:43:25.424+0000][0.686s][info ][gc,heap       ] GC(1) Survivor regions: 5->7(10)
[2022-02-04T14:43:25.424+0000][0.686s][info ][gc,heap       ] GC(1) Old regions: 3->3
[2022-02-04T14:43:25.424+0000][0.686s][info ][gc,heap       ] GC(1) Humongous regions: 0->0
[2022-02-04T14:43:25.424+0000][0.686s][info ][gc,metaspace  ] GC(1) Metaspace: 2214K->2214K(1056768K)
[2022-02-04T14:43:25.424+0000][0.686s][info ][gc            ] GC(1) Pause Young (Normal) (G1 Evacuation Pause) 75M->7M(126M) 11.299ms
[2022-02-04T14:43:25.424+0000][0.686s][info ][gc,cpu        ] GC(1) User=0.02s Sys=0.00s Real=0.02s
[2022-02-04T14:43:25.424+0000][0.686s][info ][safepoint     ] Leaving safepoint region
[2022-02-04T14:43:25.424+0000][0.686s][info ][safepoint     ] Total time for which application threads were stopped: 0.0114918 seconds, Stopping threads took: 0.0000280 seconds
[2022-02-04T14:43:25.625+0000][0.887s][debug][safepoint     ] Safepoint synchronization initiated. (10 threads)
[2022-02-04T14:43:25.625+0000][0.887s][info ][safepoint     ] Application time: 0.2008912 seconds
[2022-02-04T14:43:25.625+0000][0.887s][debug][safepoint     ] Waiting for 1 thread(s) to block
[2022-02-04T14:43:25.625+0000][0.887s][info ][safepoint     ] Entering safepoint region: Deoptimize
[2022-02-04T14:43:25.625+0000][0.887s][info ][safepoint     ] Leaving safepoint region
[2022-02-04T14:43:25.625+0000][0.887s][info ][safepoint     ] Total time for which application threads were stopped: 0.0002078 seconds, Stopping threads took: 0.0000291 seconds
[2022-02-04T14:43:25.633+0000][0.894s][debug][safepoint     ] Safepoint synchronization initiated. (10 threads)
[2022-02-04T14:43:25.633+0000][0.894s][info ][safepoint     ] Application time: 0.0072907 seconds
[2022-02-04T14:43:25.633+0000][0.894s][debug][safepoint     ] Waiting for 2 thread(s) to block
[2022-02-04T14:43:25.633+0000][0.894s][info ][safepoint     ] Entering safepoint region: Deoptimize
[2022-02-04T14:43:25.633+0000][0.894s][info ][safepoint     ] Leaving safepoint region
[2022-02-04T14:43:25.633+0000][0.894s][info ][safepoint     ] Total time for which application threads were stopped: 0.0001454 seconds, Stopping threads took: 0.0000295 seconds
[2022-02-04T14:43:25.717+0000][0.979s][debug][safepoint     ] Safepoint synchronization initiated. (10 threads)
[2022-02-04T14:43:25.717+0000][0.979s][info ][safepoint     ] Application time: 0.0842620 seconds
[2022-02-04T14:43:25.717+0000][0.979s][debug][safepoint     ] Waiting for 1 thread(s) to block
[2022-02-04T14:43:25.717+0000][0.979s][info ][safepoint     ] Entering safepoint region: Deoptimize
[2022-02-04T14:43:25.717+0000][0.979s][info ][safepoint     ] Leaving safepoint region
[2022-02-04T14:43:25.717+0000][0.979s][info ][safepoint     ] Total time for which application threads were stopped: 0.0001785 seconds, Stopping threads took: 0.0000278 seconds
[2022-02-04T14:43:25.727+0000][0.989s][debug][safepoint     ] Safepoint synchronization initiated. (10 threads)
[2022-02-04T14:43:25.727+0000][0.989s][info ][safepoint     ] Application time: 0.0100694 seconds
[2022-02-04T14:43:25.727+0000][0.989s][debug][safepoint     ] Waiting for 1 thread(s) to block
[2022-02-04T14:43:25.727+0000][0.989s][info ][safepoint     ] Entering safepoint region: Deoptimize
[2022-02-04T14:43:25.728+0000][0.990s][info ][safepoint     ] Leaving safepoint region
[2022-02-04T14:43:25.728+0000][0.990s][info ][safepoint     ] Total time for which application threads were stopped: 0.0007231 seconds, Stopping threads took: 0.0000278 seconds
[2022-02-04T14:43:26.035+0000][1.297s][debug][safepoint     ] Safepoint synchronization initiated. (11 threads)
[2022-02-04T14:43:26.035+0000][1.297s][info ][safepoint     ] Application time: 0.3069431 seconds
[2022-02-04T14:43:26.035+0000][1.297s][debug][safepoint     ] Waiting for 1 thread(s) to block
[2022-02-04T14:43:26.035+0000][1.297s][info ][safepoint     ] Entering safepoint region: G1CollectForAllocation
[2022-02-04T14:43:26.035+0000][1.297s][info ][gc,start      ] GC(2) Pause Young (Normal) (G1 Evacuation Pause)
[2022-02-04T14:43:26.035+0000][1.297s][info ][gc,task       ] GC(2) Using 3 workers of 4 for evacuation
[2022-02-04T14:43:26.051+0000][1.312s][info ][gc,phases     ] GC(2)   Pre Evacuate Collection Set: 0.0ms
[2022-02-04T14:43:26.051+0000][1.312s][info ][gc,phases     ] GC(2)   Evacuate Collection Set: 14.6ms
[2022-02-04T14:43:26.051+0000][1.312s][info ][gc,phases     ] GC(2)   Post Evacuate Collection Set: 0.7ms
[2022-02-04T14:43:26.051+0000][1.312s][info ][gc,phases     ] GC(2)   Other: 0.1ms
[2022-02-04T14:43:26.051+0000][1.312s][info ][gc,heap       ] GC(2) Eden regions: 67->0(72)
[2022-02-04T14:43:26.051+0000][1.312s][info ][gc,heap       ] GC(2) Survivor regions: 7->2(10)
[2022-02-04T14:43:26.051+0000][1.312s][info ][gc,heap       ] GC(2) Old regions: 3->8
[2022-02-04T14:43:26.051+0000][1.312s][info ][gc,heap       ] GC(2) Humongous regions: 0->0
[2022-02-04T14:43:26.051+0000][1.312s][info ][gc,metaspace  ] GC(2) Metaspace: 5217K->5217K(1056768K)
[2022-02-04T14:43:26.051+0000][1.312s][info ][gc            ] GC(2) Pause Young (Normal) (G1 Evacuation Pause) 74M->8M(126M) 15.496ms
[2022-02-04T14:43:26.051+0000][1.312s][info ][gc,cpu        ] GC(2) User=0.04s Sys=0.01s Real=0.02s
[2022-02-04T14:43:26.051+0000][1.312s][info ][safepoint     ] Leaving safepoint region
[2022-02-04T14:43:26.051+0000][1.312s][info ][safepoint     ] Total time for which application threads were stopped: 0.0158061 seconds, Stopping threads took: 0.0000415 seconds
[2022-02-04T14:43:26.051+0000][1.313s][info ][gc,stringdedup] Concurrent String Deduplication (1.313s)
[2022-02-04T14:43:26.055+0000][1.317s][info ][gc,stringdedup] Concurrent String Deduplication 1151.0K->1080.9K(71768.0B) avg 4.8% (1.313s, 1.317s) 4.606ms
[2022-02-04T14:43:26.704+0000][1.966s][debug][safepoint     ] Safepoint synchronization initiated. (11 threads)
[2022-02-04T14:43:26.704+0000][1.966s][info ][safepoint     ] Application time: 0.6532260 seconds
[2022-02-04T14:43:26.704+0000][1.966s][info ][safepoint     ] Entering safepoint region: G1CollectForAllocation
[2022-02-04T14:43:26.704+0000][1.966s][info ][gc,start      ] GC(3) Pause Young (Normal) (G1 Evacuation Pause)
[2022-02-04T14:43:26.704+0000][1.966s][info ][gc,task       ] GC(3) Using 3 workers of 4 for evacuation
[2022-02-04T14:43:26.711+0000][1.973s][info ][gc,phases     ] GC(3)   Pre Evacuate Collection Set: 0.0ms
[2022-02-04T14:43:26.711+0000][1.973s][info ][gc,phases     ] GC(3)   Evacuate Collection Set: 5.6ms
[2022-02-04T14:43:26.711+0000][1.973s][info ][gc,phases     ] GC(3)   Post Evacuate Collection Set: 1.2ms
[2022-02-04T14:43:26.711+0000][1.973s][info ][gc,phases     ] GC(3)   Other: 0.1ms
[2022-02-04T14:43:26.711+0000][1.973s][info ][gc,heap       ] GC(3) Eden regions: 72->0(70)
[2022-02-04T14:43:26.711+0000][1.973s][info ][gc,heap       ] GC(3) Survivor regions: 2->4(10)
[2022-02-04T14:43:26.711+0000][1.973s][info ][gc,heap       ] GC(3) Old regions: 8->8
[2022-02-04T14:43:26.711+0000][1.973s][info ][gc,heap       ] GC(3) Humongous regions: 0->0
[2022-02-04T14:43:26.711+0000][1.973s][info ][gc,metaspace  ] GC(3) Metaspace: 8283K->8283K(1058816K)
[2022-02-04T14:43:26.711+0000][1.973s][info ][gc            ] GC(3) Pause Young (Normal) (G1 Evacuation Pause) 80M->9M(126M) 6.991ms
[2022-02-04T14:43:26.711+0000][1.973s][info ][gc,cpu        ] GC(3) User=0.02s Sys=0.00s Real=0.00s
[2022-02-04T14:43:26.711+0000][1.973s][info ][safepoint     ] Leaving safepoint region
[2022-02-04T14:43:26.711+0000][1.973s][info ][safepoint     ] Total time for which application threads were stopped: 0.0071916 seconds, Stopping threads took: 0.0000088 seconds
[2022-02-04T14:43:26.711+0000][1.973s][info ][gc,stringdedup] Concurrent String Deduplication (1.973s)
[2022-02-04T14:43:26.714+0000][1.975s][info ][gc,stringdedup] Concurrent String Deduplication 541.1K->472.3K(70424.0B) avg 6.9% (1.973s, 1.975s) 2.171ms
[2022-02-04T14:43:27.003+0000][2.265s][debug][safepoint     ] Safepoint synchronization initiated. (11 threads)
[2022-02-04T14:43:27.003+0000][2.265s][info ][safepoint     ] Application time: 0.2917468 seconds
[2022-02-04T14:43:27.003+0000][2.265s][info ][safepoint     ] Entering safepoint region: G1CollectForAllocation
[2022-02-04T14:43:27.003+0000][2.265s][info ][gc,start      ] GC(4) Pause Young (Normal) (G1 Evacuation Pause)
[2022-02-04T14:43:27.003+0000][2.265s][info ][gc,task       ] GC(4) Using 3 workers of 4 for evacuation
[2022-02-04T14:43:27.017+0000][2.279s][info ][gc,phases     ] GC(4)   Pre Evacuate Collection Set: 0.0ms
[2022-02-04T14:43:27.017+0000][2.279s][info ][gc,phases     ] GC(4)   Evacuate Collection Set: 12.4ms
[2022-02-04T14:43:27.017+0000][2.279s][info ][gc,phases     ] GC(4)   Post Evacuate Collection Set: 1.4ms
[2022-02-04T14:43:27.017+0000][2.279s][info ][gc,phases     ] GC(4)   Other: 0.1ms
[2022-02-04T14:43:27.017+0000][2.279s][info ][gc,heap       ] GC(4) Eden regions: 70->0(89)
[2022-02-04T14:43:27.017+0000][2.279s][info ][gc,heap       ] GC(4) Survivor regions: 4->4(10)
[2022-02-04T14:43:27.017+0000][2.279s][info ][gc,heap       ] GC(4) Old regions: 8->8
[2022-02-04T14:43:27.017+0000][2.279s][info ][gc,heap       ] GC(4) Humongous regions: 0->0
[2022-02-04T14:43:27.017+0000][2.279s][info ][gc,metaspace  ] GC(4) Metaspace: 10153K->10153K(1058816K)
[2022-02-04T14:43:27.017+0000][2.279s][info ][gc            ] GC(4) Pause Young (Normal) (G1 Evacuation Pause) 79M->9M(171M) 13.949ms
[2022-02-04T14:43:27.017+0000][2.279s][info ][gc,cpu        ] GC(4) User=0.02s Sys=0.00s Real=0.02s
[2022-02-04T14:43:27.017+0000][2.279s][info ][safepoint     ] Leaving safepoint region
[2022-02-04T14:43:27.017+0000][2.279s][info ][safepoint     ] Total time for which application threads were stopped: 0.0140835 seconds, Stopping threads took: 0.0000091 seconds
[2022-02-04T14:43:27.017+0000][2.279s][info ][gc,stringdedup] Concurrent String Deduplication (2.279s)
[2022-02-04T14:43:27.017+0000][2.279s][info ][gc,stringdedup] Concurrent String Deduplication 57768.0B->22040.0B(35728.0B) avg 8.4% (2.279s, 2.279s) 0.307ms
[2022-02-04T14:43:27.187+0000][2.448s][debug][safepoint     ] Safepoint synchronization initiated. (11 threads)
[2022-02-04T14:43:27.187+0000][2.448s][info ][safepoint     ] Application time: 0.1695233 seconds
[2022-02-04T14:43:27.187+0000][2.448s][debug][safepoint     ] Waiting for 1 thread(s) to block
[2022-02-04T14:43:27.187+0000][2.448s][info ][safepoint     ] Entering safepoint region: Deoptimize
[2022-02-04T14:43:27.187+0000][2.449s][info ][safepoint     ] Leaving safepoint region
[2022-02-04T14:43:27.187+0000][2.449s][info ][safepoint     ] Total time for which application threads were stopped: 0.0002694 seconds, Stopping threads took: 0.0000336 seconds
[2022-02-04T14:43:27.564+0000][2.826s][debug][safepoint     ] Safepoint synchronization initiated. (12 threads)
[2022-02-04T14:43:27.564+0000][2.826s][info ][safepoint     ] Application time: 0.3772989 seconds
[2022-02-04T14:43:27.564+0000][2.826s][debug][safepoint     ] Waiting for 2 thread(s) to block
[2022-02-04T14:43:27.564+0000][2.826s][info ][safepoint     ] Entering safepoint region: G1CollectForAllocation
[2022-02-04T14:43:27.565+0000][2.826s][info ][gc,start      ] GC(5) Pause Young (Normal) (G1 Evacuation Pause)
[2022-02-04T14:43:27.565+0000][2.826s][info ][gc,task       ] GC(5) Using 4 workers of 4 for evacuation
[2022-02-04T14:43:27.583+0000][2.845s][info ][gc,phases     ] GC(5)   Pre Evacuate Collection Set: 0.0ms
[2022-02-04T14:43:27.583+0000][2.845s][info ][gc,phases     ] GC(5)   Evacuate Collection Set: 17.0ms
[2022-02-04T14:43:27.583+0000][2.845s][info ][gc,phases     ] GC(5)   Post Evacuate Collection Set: 1.1ms
[2022-02-04T14:43:27.583+0000][2.845s][info ][gc,phases     ] GC(5)   Other: 0.3ms
[2022-02-04T14:43:27.583+0000][2.845s][info ][gc,heap       ] GC(5) Eden regions: 89->0(97)
[2022-02-04T14:43:27.583+0000][2.845s][info ][gc,heap       ] GC(5) Survivor regions: 4->5(12)
[2022-02-04T14:43:27.583+0000][2.845s][info ][gc,heap       ] GC(5) Old regions: 8->8
[2022-02-04T14:43:27.583+0000][2.845s][info ][gc,heap       ] GC(5) Humongous regions: 0->0
[2022-02-04T14:43:27.583+0000][2.845s][info ][gc,metaspace  ] GC(5) Metaspace: 12996K->12996K(1060864K)
[2022-02-04T14:43:27.583+0000][2.845s][info ][gc            ] GC(5) Pause Young (Normal) (G1 Evacuation Pause) 98M->11M(171M) 18.565ms
[2022-02-04T14:43:27.583+0000][2.845s][info ][gc,cpu        ] GC(5) User=0.06s Sys=0.00s Real=0.01s
[2022-02-04T14:43:27.583+0000][2.845s][info ][safepoint     ] Leaving safepoint region
[2022-02-04T14:43:27.583+0000][2.845s][info ][safepoint     ] Total time for which application threads were stopped: 0.0190175 seconds, Stopping threads took: 0.0002880 seconds
[2022-02-04T14:43:27.583+0000][2.845s][info ][gc,stringdedup] Concurrent String Deduplication (2.845s)
[2022-02-04T14:43:27.584+0000][2.846s][info ][gc,stringdedup] Concurrent String Deduplication 166.9K->64288.0B(104.1K) avg 12.4% (2.845s, 2.846s) 1.157ms
[2022-02-04T14:43:27.849+0000][3.111s][debug][safepoint     ] Safepoint synchronization initiated. (12 threads)
[2022-02-04T14:43:27.850+0000][3.111s][info ][safepoint     ] Application time: 0.2662814 seconds
[2022-02-04T14:43:27.850+0000][3.111s][debug][safepoint     ] Waiting for 1 thread(s) to block
[2022-02-04T14:43:27.850+0000][3.111s][info ][safepoint     ] Entering safepoint region: G1CollectForAllocation
[2022-02-04T14:43:27.850+0000][3.111s][info ][gc,start      ] GC(6) Pause Young (Normal) (G1 Evacuation Pause)
[2022-02-04T14:43:27.850+0000][3.111s][info ][gc,task       ] GC(6) Using 4 workers of 4 for evacuation
[2022-02-04T14:43:27.861+0000][3.123s][info ][gc,phases     ] GC(6)   Pre Evacuate Collection Set: 0.0ms
[2022-02-04T14:43:27.861+0000][3.123s][info ][gc,phases     ] GC(6)   Evacuate Collection Set: 10.0ms
[2022-02-04T14:43:27.861+0000][3.123s][info ][gc,phases     ] GC(6)   Post Evacuate Collection Set: 1.1ms
[2022-02-04T14:43:27.861+0000][3.123s][info ][gc,phases     ] GC(6)   Other: 0.1ms
[2022-02-04T14:43:27.861+0000][3.123s][info ][gc,heap       ] GC(6) Eden regions: 97->0(96)
[2022-02-04T14:43:27.861+0000][3.123s][info ][gc,heap       ] GC(6) Survivor regions: 5->6(13)
[2022-02-04T14:43:27.861+0000][3.123s][info ][gc,heap       ] GC(6) Old regions: 8->8
[2022-02-04T14:43:27.861+0000][3.123s][info ][gc,heap       ] GC(6) Humongous regions: 0->0
[2022-02-04T14:43:27.861+0000][3.123s][info ][gc,metaspace  ] GC(6) Metaspace: 15265K->15265K(1062912K)
[2022-02-04T14:43:27.861+0000][3.123s][info ][gc            ] GC(6) Pause Young (Normal) (G1 Evacuation Pause) 108M->11M(171M) 11.398ms
[2022-02-04T14:43:27.861+0000][3.123s][info ][gc,cpu        ] GC(6) User=0.03s Sys=0.00s Real=0.01s
[2022-02-04T14:43:27.861+0000][3.123s][info ][safepoint     ] Leaving safepoint region
[2022-02-04T14:43:27.861+0000][3.123s][info ][safepoint     ] Total time for which application threads were stopped: 0.0116106 seconds, Stopping threads took: 0.0000303 seconds
[2022-02-04T14:43:27.861+0000][3.123s][info ][gc,stringdedup] Concurrent String Deduplication (3.123s)
[2022-02-04T14:43:27.861+0000][3.123s][info ][gc,stringdedup] Concurrent String Deduplication 46840.0B->16792.0B(30048.0B) avg 13.4% (3.123s, 3.123s) 0.214ms
[2022-02-04T14:43:27.946+0000][3.208s][debug][safepoint     ] Safepoint synchronization initiated. (12 threads)
[2022-02-04T14:43:27.946+0000][3.208s][info ][safepoint     ] Application time: 0.0847350 seconds
[2022-02-04T14:43:27.946+0000][3.208s][debug][safepoint     ] ... found polling page return exception at pc = 0x00007f99f03caa4f, stub =0x00007f99e88beb80
[2022-02-04T14:43:27.946+0000][3.208s][debug][safepoint     ] Waiting for 2 thread(s) to block
[2022-02-04T14:43:27.946+0000][3.208s][info ][safepoint     ] Entering safepoint region: Deoptimize
[2022-02-04T14:43:27.946+0000][3.208s][info ][safepoint     ] Leaving safepoint region
[2022-02-04T14:43:27.946+0000][3.208s][info ][safepoint     ] Total time for which application threads were stopped: 0.0004008 seconds, Stopping threads took: 0.0000965 seconds
[2022-02-04T14:43:28.082+0000][3.344s][debug][safepoint     ] Safepoint synchronization initiated. (12 threads)
[2022-02-04T14:43:28.082+0000][3.344s][info ][safepoint     ] Application time: 0.1357033 seconds
[2022-02-04T14:43:28.084+0000][3.346s][debug][safepoint     ] ... found polling page return exception at pc = 0x00007f99f03caa4f, stub =0x00007f99e88beb80
[2022-02-04T14:43:28.085+0000][3.347s][debug][safepoint     ] Waiting for 1 thread(s) to block
[2022-02-04T14:43:28.085+0000][3.347s][info ][safepoint     ] Entering safepoint region: Deoptimize
[2022-02-04T14:43:28.086+0000][3.347s][info ][safepoint     ] Leaving safepoint region
[2022-02-04T14:43:28.086+0000][3.347s][info ][safepoint     ] Total time for which application threads were stopped: 0.0036338 seconds, Stopping threads took: 0.0033375 seconds
[2022-02-04T14:43:28.348+0000][3.609s][debug][safepoint     ] Safepoint synchronization initiated. (12 threads)
[2022-02-04T14:43:28.348+0000][3.609s][info ][safepoint     ] Application time: 0.2620473 seconds
[2022-02-04T14:43:28.348+0000][3.609s][debug][safepoint     ] Waiting for 3 thread(s) to block
[2022-02-04T14:43:28.348+0000][3.609s][info ][safepoint     ] Entering safepoint region: G1CollectForAllocation
[2022-02-04T14:43:28.348+0000][3.610s][info ][gc,start      ] GC(7) Pause Young (Normal) (G1 Evacuation Pause)
[2022-02-04T14:43:28.348+0000][3.610s][info ][gc,task       ] GC(7) Using 4 workers of 4 for evacuation
[2022-02-04T14:43:28.361+0000][3.622s][info ][gc,phases     ] GC(7)   Pre Evacuate Collection Set: 0.0ms
[2022-02-04T14:43:28.361+0000][3.622s][info ][gc,phases     ] GC(7)   Evacuate Collection Set: 11.0ms
[2022-02-04T14:43:28.361+0000][3.622s][info ][gc,phases     ] GC(7)   Post Evacuate Collection Set: 1.8ms
[2022-02-04T14:43:28.361+0000][3.622s][info ][gc,phases     ] GC(7)   Other: 0.1ms
[2022-02-04T14:43:28.361+0000][3.623s][info ][gc,heap       ] GC(7) Eden regions: 96->0(95)
[2022-02-04T14:43:28.361+0000][3.623s][info ][gc,heap       ] GC(7) Survivor regions: 6->7(13)
[2022-02-04T14:43:28.361+0000][3.623s][info ][gc,heap       ] GC(7) Old regions: 8->8
[2022-02-04T14:43:28.361+0000][3.623s][info ][gc,heap       ] GC(7) Humongous regions: 0->0
[2022-02-04T14:43:28.361+0000][3.623s][info ][gc,metaspace  ] GC(7) Metaspace: 18434K->18434K(1067008K)
[2022-02-04T14:43:28.361+0000][3.623s][info ][gc            ] GC(7) Pause Young (Normal) (G1 Evacuation Pause) 107M->13M(171M) 13.019ms
[2022-02-04T14:43:28.361+0000][3.623s][info ][gc,cpu        ] GC(7) User=0.03s Sys=0.00s Real=0.01s
[2022-02-04T14:43:28.361+0000][3.623s][info ][safepoint     ] Leaving safepoint region
[2022-02-04T14:43:28.361+0000][3.623s][info ][safepoint     ] Total time for which application threads were stopped: 0.0131988 seconds, Stopping threads took: 0.0000427 seconds
[2022-02-04T14:43:28.361+0000][3.623s][info ][gc,stringdedup] Concurrent String Deduplication (3.623s)
[2022-02-04T14:43:28.362+0000][3.623s][info ][gc,stringdedup] Concurrent String Deduplication 126.7K->86912.0B(42832.0B) avg 14.4% (3.623s, 3.623s) 0.694ms
[2022-02-04T14:43:28.493+0000][3.754s][debug][safepoint     ] Safepoint synchronization initiated. (12 threads)
[2022-02-04T14:43:28.493+0000][3.754s][info ][safepoint     ] Application time: 0.1318801 seconds
[2022-02-04T14:43:28.494+0000][3.755s][debug][safepoint     ] Waiting for 1 thread(s) to block
[2022-02-04T14:43:28.494+0000][3.755s][info ][safepoint     ] Entering safepoint region: CollectForMetadataAllocation
[2022-02-04T14:43:28.494+0000][3.755s][info ][gc,start      ] GC(8) Pause Young (Concurrent Start) (Metadata GC Threshold)
[2022-02-04T14:43:28.494+0000][3.756s][info ][gc,task       ] GC(8) Using 4 workers of 4 for evacuation
[2022-02-04T14:43:28.504+0000][3.765s][info ][gc,phases     ] GC(8)   Pre Evacuate Collection Set: 0.0ms
[2022-02-04T14:43:28.504+0000][3.765s][info ][gc,phases     ] GC(8)   Evacuate Collection Set: 7.9ms
[2022-02-04T14:43:28.504+0000][3.765s][info ][gc,phases     ] GC(8)   Post Evacuate Collection Set: 1.7ms
[2022-02-04T14:43:28.504+0000][3.765s][info ][gc,phases     ] GC(8)   Other: 0.2ms
[2022-02-04T14:43:28.504+0000][3.765s][info ][gc,heap       ] GC(8) Eden regions: 34->0(108)
[2022-02-04T14:43:28.504+0000][3.765s][info ][gc,heap       ] GC(8) Survivor regions: 7->7(13)
[2022-02-04T14:43:28.504+0000][3.765s][info ][gc,heap       ] GC(8) Old regions: 8->9
[2022-02-04T14:43:28.504+0000][3.765s][info ][gc,heap       ] GC(8) Humongous regions: 0->0
[2022-02-04T14:43:28.504+0000][3.765s][info ][gc,metaspace  ] GC(8) Metaspace: 20599K->20599K(1067008K)
[2022-02-04T14:43:28.504+0000][3.765s][info ][gc            ] GC(8) Pause Young (Concurrent Start) (Metadata GC Threshold) 47M->13M(221M) 9.902ms
[2022-02-04T14:43:28.504+0000][3.765s][info ][gc,cpu        ] GC(8) User=0.02s Sys=0.00s Real=0.02s
[2022-02-04T14:43:28.504+0000][3.765s][info ][safepoint     ] Leaving safepoint region
[2022-02-04T14:43:28.504+0000][3.765s][info ][safepoint     ] Total time for which application threads were stopped: 0.0110005 seconds, Stopping threads took: 0.0008641 seconds
[2022-02-04T14:43:28.504+0000][3.766s][info ][gc            ] GC(9) Concurrent Cycle
[2022-02-04T14:43:28.504+0000][3.766s][info ][gc,marking    ] GC(9) Concurrent Clear Claimed Marks
[2022-02-04T14:43:28.504+0000][3.766s][info ][gc,marking    ] GC(9) Concurrent Clear Claimed Marks 0.034ms
[2022-02-04T14:43:28.504+0000][3.766s][info ][gc,marking    ] GC(9) Concurrent Scan Root Regions
[2022-02-04T14:43:28.504+0000][3.766s][info ][gc,stringdedup] Concurrent String Deduplication (3.766s)
[2022-02-04T14:43:28.505+0000][3.766s][info ][gc,stringdedup] Concurrent String Deduplication 108.7K->13136.0B(98216.0B) avg 17.6% (3.766s, 3.766s) 0.696ms
[2022-02-04T14:43:28.508+0000][3.770s][info ][gc,marking    ] GC(9) Concurrent Scan Root Regions 4.196ms
[2022-02-04T14:43:28.508+0000][3.770s][info ][gc,marking    ] GC(9) Concurrent Mark (3.770s)
[2022-02-04T14:43:28.508+0000][3.770s][info ][gc,marking    ] GC(9) Concurrent Mark From Roots
[2022-02-04T14:43:28.508+0000][3.770s][info ][gc,task       ] GC(9) Using 1 workers of 1 for marking
[2022-02-04T14:43:28.523+0000][3.785s][debug][safepoint     ] Safepoint synchronization initiated. (12 threads)
[2022-02-04T14:43:28.523+0000][3.785s][info ][safepoint     ] Application time: 0.0191191 seconds
[2022-02-04T14:43:28.523+0000][3.785s][info ][safepoint     ] Entering safepoint region: CollectForMetadataAllocation
[2022-02-04T14:43:28.523+0000][3.785s][info ][safepoint     ] Leaving safepoint region
[2022-02-04T14:43:28.523+0000][3.785s][info ][safepoint     ] Total time for which application threads were stopped: 0.0000963 seconds, Stopping threads took: 0.0000106 seconds
[2022-02-04T14:43:28.530+0000][3.792s][info ][gc,marking    ] GC(9) Concurrent Mark From Roots 22.004ms
[2022-02-04T14:43:28.530+0000][3.792s][info ][gc,marking    ] GC(9) Concurrent Preclean
[2022-02-04T14:43:28.530+0000][3.792s][info ][gc,marking    ] GC(9) Concurrent Preclean 0.062ms
[2022-02-04T14:43:28.530+0000][3.792s][info ][gc,marking    ] GC(9) Concurrent Mark (3.770s, 3.792s) 22.129ms
[2022-02-04T14:43:28.530+0000][3.792s][debug][safepoint     ] Safepoint synchronization initiated. (12 threads)
[2022-02-04T14:43:28.530+0000][3.792s][info ][safepoint     ] Application time: 0.0072549 seconds
[2022-02-04T14:43:28.530+0000][3.792s][debug][safepoint     ] Waiting for 2 thread(s) to block
[2022-02-04T14:43:28.535+0000][3.796s][info ][safepoint     ] Entering safepoint region: CGC_Operation
[2022-02-04T14:43:28.535+0000][3.796s][info ][gc,start      ] GC(9) Pause Remark
[2022-02-04T14:43:28.541+0000][3.802s][info ][gc,stringtable] GC(9) Cleaned string and symbol table, strings: 8121 processed, 8 removed, symbols: 57127 processed, 97 removed
[2022-02-04T14:43:28.541+0000][3.803s][info ][gc            ] GC(9) Pause Remark 17M->17M(221M) 6.161ms
[2022-02-04T14:43:28.541+0000][3.803s][info ][gc,cpu        ] GC(9) User=0.01s Sys=0.00s Real=0.01s
[2022-02-04T14:43:28.541+0000][3.803s][info ][safepoint     ] Leaving safepoint region
[2022-02-04T14:43:28.541+0000][3.803s][info ][safepoint     ] Total time for which application threads were stopped: 0.0106127 seconds, Stopping threads took: 0.0043408 seconds
[2022-02-04T14:43:28.541+0000][3.803s][info ][gc,marking    ] GC(9) Concurrent Rebuild Remembered Sets
[2022-02-04T14:43:28.546+0000][3.808s][info ][gc,marking    ] GC(9) Concurrent Rebuild Remembered Sets 5.012ms
[2022-02-04T14:43:28.546+0000][3.808s][debug][safepoint     ] Safepoint synchronization initiated. (12 threads)
[2022-02-04T14:43:28.546+0000][3.808s][info ][safepoint     ] Application time: 0.0051442 seconds
[2022-02-04T14:43:28.546+0000][3.808s][debug][safepoint     ] ... found polling page return exception at pc = 0x00007f99e90e61c3, stub =0x00007f99e88beb80
[2022-02-04T14:43:28.546+0000][3.808s][debug][safepoint     ] Waiting for 2 thread(s) to block
[2022-02-04T14:43:28.546+0000][3.808s][info ][safepoint     ] Entering safepoint region: CGC_Operation
[2022-02-04T14:43:28.547+0000][3.808s][info ][gc,start      ] GC(9) Pause Cleanup
[2022-02-04T14:43:28.547+0000][3.808s][info ][gc            ] GC(9) Pause Cleanup 18M->18M(221M) 0.131ms
[2022-02-04T14:43:28.547+0000][3.808s][info ][gc,cpu        ] GC(9) User=0.00s Sys=0.00s Real=0.00s
[2022-02-04T14:43:28.547+0000][3.808s][info ][safepoint     ] Leaving safepoint region
[2022-02-04T14:43:28.547+0000][3.808s][info ][safepoint     ] Total time for which application threads were stopped: 0.0005667 seconds, Stopping threads took: 0.0003354 seconds
[2022-02-04T14:43:28.547+0000][3.808s][info ][gc,marking    ] GC(9) Concurrent Cleanup for Next Mark
[2022-02-04T14:43:28.555+0000][3.817s][info ][gc,marking    ] GC(9) Concurrent Cleanup for Next Mark 8.118ms
[2022-02-04T14:43:28.555+0000][3.817s][info ][gc            ] GC(9) Concurrent Cycle 51.034ms
[2022-02-04T14:43:28.679+0000][3.940s][debug][safepoint     ] Safepoint synchronization initiated. (12 threads)
[2022-02-04T14:43:28.679+0000][3.940s][info ][safepoint     ] Application time: 0.1320494 seconds
[2022-02-04T14:43:28.679+0000][3.941s][debug][safepoint     ] ... found polling page return exception at pc = 0x00007f99e9374b02, stub =0x00007f99e88beb80
[2022-02-04T14:43:28.679+0000][3.941s][debug][safepoint     ] Waiting for 2 thread(s) to block
[2022-02-04T14:43:28.679+0000][3.941s][info ][safepoint     ] Entering safepoint region: Deoptimize
[2022-02-04T14:43:28.679+0000][3.941s][info ][safepoint     ] Leaving safepoint region
[2022-02-04T14:43:28.679+0000][3.941s][info ][safepoint     ] Total time for which application threads were stopped: 0.0006807 seconds, Stopping threads took: 0.0003735 seconds
[2022-02-04T14:43:28.972+0000][4.234s][debug][safepoint     ] Safepoint synchronization initiated. (11 threads)
[2022-02-04T14:43:28.972+0000][4.234s][info ][safepoint     ] Application time: 0.2925206 seconds
[2022-02-04T14:43:28.972+0000][4.234s][info ][safepoint     ] Entering safepoint region: G1CollectForAllocation
[2022-02-04T14:43:28.972+0000][4.234s][info ][gc,start      ] GC(10) Pause Young (Concurrent Start) (G1 Evacuation Pause)
[2022-02-04T14:43:28.972+0000][4.234s][info ][gc,task       ] GC(10) Using 4 workers of 4 for evacuation
[2022-02-04T14:43:28.987+0000][4.249s][info ][gc,phases     ] GC(10)   Pre Evacuate Collection Set: 0.0ms
[2022-02-04T14:43:28.987+0000][4.249s][info ][gc,phases     ] GC(10)   Evacuate Collection Set: 13.7ms
[2022-02-04T14:43:28.987+0000][4.249s][info ][gc,phases     ] GC(10)   Post Evacuate Collection Set: 1.4ms
[2022-02-04T14:43:28.987+0000][4.249s][info ][gc,phases     ] GC(10)   Other: 0.1ms
[2022-02-04T14:43:28.987+0000][4.249s][info ][gc,heap       ] GC(10) Eden regions: 108->0(123)
[2022-02-04T14:43:28.987+0000][4.249s][info ][gc,heap       ] GC(10) Survivor regions: 7->9(15)
[2022-02-04T14:43:28.987+0000][4.249s][info ][gc,heap       ] GC(10) Old regions: 9->9
[2022-02-04T14:43:28.987+0000][4.249s][info ][gc,heap       ] GC(10) Humongous regions: 0->0
[2022-02-04T14:43:28.987+0000][4.249s][info ][gc,metaspace  ] GC(10) Metaspace: 22782K->22782K(1069056K)
[2022-02-04T14:43:28.988+0000][4.249s][info ][gc            ] GC(10) Pause Young (Concurrent Start) (G1 Evacuation Pause) 121M->15M(221M) 15.407ms
[2022-02-04T14:43:28.988+0000][4.249s][info ][gc,cpu        ] GC(10) User=0.04s Sys=0.00s Real=0.02s
[2022-02-04T14:43:28.988+0000][4.249s][info ][safepoint     ] Leaving safepoint region
[2022-02-04T14:43:28.988+0000][4.249s][info ][safepoint     ] Total time for which application threads were stopped: 0.0156415 seconds, Stopping threads took: 0.0000093 seconds
[2022-02-04T14:43:28.988+0000][4.249s][info ][gc            ] GC(11) Concurrent Cycle
[2022-02-04T14:43:28.988+0000][4.249s][info ][gc,stringdedup] Concurrent String Deduplication (4.249s)
[2022-02-04T14:43:28.988+0000][4.249s][info ][gc,marking    ] GC(11) Concurrent Clear Claimed Marks
[2022-02-04T14:43:28.988+0000][4.249s][info ][gc,marking    ] GC(11) Concurrent Clear Claimed Marks 0.049ms
[2022-02-04T14:43:28.988+0000][4.249s][info ][gc,marking    ] GC(11) Concurrent Scan Root Regions
[2022-02-04T14:43:28.989+0000][4.251s][info ][gc,stringdedup] Concurrent String Deduplication 539.2K->498.9K(41264.0B) avg 15.8% (4.249s, 4.251s) 1.757ms
[2022-02-04T14:43:28.997+0000][4.258s][info ][gc,marking    ] GC(11) Concurrent Scan Root Regions 9.029ms
[2022-02-04T14:43:28.997+0000][4.258s][info ][gc,marking    ] GC(11) Concurrent Mark (4.258s)
[2022-02-04T14:43:28.997+0000][4.258s][info ][gc,marking    ] GC(11) Concurrent Mark From Roots
[2022-02-04T14:43:28.997+0000][4.258s][info ][gc,task       ] GC(11) Using 1 workers of 1 for marking
[2022-02-04T14:43:29.026+0000][4.287s][info ][gc,marking    ] GC(11) Concurrent Mark From Roots 28.971ms
[2022-02-04T14:43:29.026+0000][4.287s][info ][gc,marking    ] GC(11) Concurrent Preclean
[2022-02-04T14:43:29.026+0000][4.288s][info ][gc,marking    ] GC(11) Concurrent Preclean 0.052ms
[2022-02-04T14:43:29.026+0000][4.288s][info ][gc,marking    ] GC(11) Concurrent Mark (4.258s, 4.288s) 29.087ms
[2022-02-04T14:43:29.026+0000][4.288s][debug][safepoint     ] Safepoint synchronization initiated. (11 threads)
[2022-02-04T14:43:29.026+0000][4.288s][info ][safepoint     ] Application time: 0.0383164 seconds
[2022-02-04T14:43:29.026+0000][4.288s][debug][safepoint     ] ... found polling page loop exception at pc = 0x00007f99f04d3f20, stub =0x00007f99e88be900
[2022-02-04T14:43:29.026+0000][4.288s][debug][safepoint     ] Waiting for 1 thread(s) to block
[2022-02-04T14:43:29.026+0000][4.288s][info ][safepoint     ] Entering safepoint region: CGC_Operation
[2022-02-04T14:43:29.026+0000][4.288s][info ][gc,start      ] GC(11) Pause Remark
[2022-02-04T14:43:29.029+0000][4.291s][info ][gc,stringtable] GC(11) Cleaned string and symbol table, strings: 8668 processed, 0 removed, symbols: 60158 processed, 5 removed
[2022-02-04T14:43:29.030+0000][4.291s][info ][gc            ] GC(11) Pause Remark 22M->22M(221M) 3.460ms
[2022-02-04T14:43:29.030+0000][4.291s][info ][gc,cpu        ] GC(11) User=0.01s Sys=0.00s Real=0.00s
[2022-02-04T14:43:29.030+0000][4.291s][info ][safepoint     ] Leaving safepoint region
[2022-02-04T14:43:29.030+0000][4.291s][info ][safepoint     ] Total time for which application threads were stopped: 0.0036331 seconds, Stopping threads took: 0.0000637 seconds
[2022-02-04T14:43:29.030+0000][4.291s][info ][gc,marking    ] GC(11) Concurrent Rebuild Remembered Sets
[2022-02-04T14:43:29.035+0000][4.297s][info ][gc,marking    ] GC(11) Concurrent Rebuild Remembered Sets 5.683ms
[2022-02-04T14:43:29.035+0000][4.297s][debug][safepoint     ] Safepoint synchronization initiated. (11 threads)
[2022-02-04T14:43:29.035+0000][4.297s][info ][safepoint     ] Application time: 0.0057742 seconds
[2022-02-04T14:43:29.035+0000][4.297s][debug][safepoint     ] Waiting for 1 thread(s) to block
[2022-02-04T14:43:29.039+0000][4.301s][info ][safepoint     ] Entering safepoint region: CGC_Operation
[2022-02-04T14:43:29.039+0000][4.301s][info ][gc,start      ] GC(11) Pause Cleanup
[2022-02-04T14:43:29.039+0000][4.301s][info ][gc            ] GC(11) Pause Cleanup 23M->23M(221M) 0.123ms
[2022-02-04T14:43:29.039+0000][4.301s][info ][gc,cpu        ] GC(11) User=0.00s Sys=0.00s Real=0.00s
[2022-02-04T14:43:29.039+0000][4.301s][info ][safepoint     ] Leaving safepoint region
[2022-02-04T14:43:29.039+0000][4.301s][info ][safepoint     ] Total time for which application threads were stopped: 0.0038292 seconds, Stopping threads took: 0.0036055 seconds
[2022-02-04T14:43:29.039+0000][4.301s][info ][gc,marking    ] GC(11) Concurrent Cleanup for Next Mark
[2022-02-04T14:43:29.041+0000][4.303s][info ][gc,marking    ] GC(11) Concurrent Cleanup for Next Mark 1.947ms
[2022-02-04T14:43:29.041+0000][4.303s][info ][gc            ] GC(11) Concurrent Cycle 53.599ms
[2022-02-04T14:43:29.692+0000][4.954s][debug][safepoint     ] Safepoint synchronization initiated. (11 threads)
[2022-02-04T14:43:29.692+0000][4.954s][info ][safepoint     ] Application time: 0.6532542 seconds
[2022-02-04T14:43:29.692+0000][4.954s][debug][safepoint     ] Waiting for 1 thread(s) to block
[2022-02-04T14:43:29.692+0000][4.954s][info ][safepoint     ] Entering safepoint region: G1CollectForAllocation
[2022-02-04T14:43:29.693+0000][4.954s][info ][gc,start      ] GC(12) Pause Young (Normal) (G1 Evacuation Pause)
[2022-02-04T14:43:29.693+0000][4.954s][info ][gc,task       ] GC(12) Using 4 workers of 4 for evacuation
[2022-02-04T14:43:29.707+0000][4.969s][info ][gc,phases     ] GC(12)   Pre Evacuate Collection Set: 0.0ms
[2022-02-04T14:43:29.707+0000][4.969s][info ][gc,phases     ] GC(12)   Evacuate Collection Set: 11.5ms
[2022-02-04T14:43:29.707+0000][4.969s][info ][gc,phases     ] GC(12)   Post Evacuate Collection Set: 2.6ms
[2022-02-04T14:43:29.707+0000][4.969s][info ][gc,phases     ] GC(12)   Other: 0.1ms
[2022-02-04T14:43:29.707+0000][4.969s][info ][gc,heap       ] GC(12) Eden regions: 123->0(121)
[2022-02-04T14:43:29.707+0000][4.969s][info ][gc,heap       ] GC(12) Survivor regions: 9->11(17)
[2022-02-04T14:43:29.707+0000][4.969s][info ][gc,heap       ] GC(12) Old regions: 9->9
[2022-02-04T14:43:29.707+0000][4.969s][info ][gc,heap       ] GC(12) Humongous regions: 0->0
[2022-02-04T14:43:29.707+0000][4.969s][info ][gc,metaspace  ] GC(12) Metaspace: 23449K->23449K(1071104K)
[2022-02-04T14:43:29.707+0000][4.969s][info ][gc            ] GC(12) Pause Young (Normal) (G1 Evacuation Pause) 138M->17M(221M) 14.364ms
[2022-02-04T14:43:29.707+0000][4.969s][info ][gc,cpu        ] GC(12) User=0.04s Sys=0.00s Real=0.02s
[2022-02-04T14:43:29.707+0000][4.969s][info ][safepoint     ] Leaving safepoint region
[2022-02-04T14:43:29.707+0000][4.969s][info ][safepoint     ] Total time for which application threads were stopped: 0.0145873 seconds, Stopping threads took: 0.0000291 seconds
[2022-02-04T14:43:29.707+0000][4.969s][info ][gc,stringdedup] Concurrent String Deduplication (4.969s)
[2022-02-04T14:43:29.707+0000][4.969s][info ][gc,stringdedup] Concurrent String Deduplication 47728.0B->22920.0B(24808.0B) avg 16.3% (4.969s, 4.969s) 0.340ms
[2022-02-04T14:43:30.292+0000][5.554s][debug][safepoint     ] Safepoint synchronization initiated. (11 threads)
[2022-02-04T14:43:30.292+0000][5.554s][info ][safepoint     ] Application time: 0.5848365 seconds
[2022-02-04T14:43:30.292+0000][5.554s][info ][safepoint     ] Entering safepoint region: G1CollectForAllocation
[2022-02-04T14:43:30.292+0000][5.554s][info ][gc,start      ] GC(13) Pause Young (Normal) (G1 Evacuation Pause)
[2022-02-04T14:43:30.292+0000][5.554s][info ][gc,task       ] GC(13) Using 4 workers of 4 for evacuation
[2022-02-04T14:43:30.318+0000][5.580s][info ][gc,phases     ] GC(13)   Pre Evacuate Collection Set: 0.0ms
[2022-02-04T14:43:30.318+0000][5.580s][info ][gc,phases     ] GC(13)   Evacuate Collection Set: 24.8ms
[2022-02-04T14:43:30.318+0000][5.580s][info ][gc,phases     ] GC(13)   Post Evacuate Collection Set: 1.3ms
[2022-02-04T14:43:30.318+0000][5.580s][info ][gc,phases     ] GC(13)   Other: 0.1ms
[2022-02-04T14:43:30.318+0000][5.580s][info ][gc,heap       ] GC(13) Eden regions: 121->0(119)
[2022-02-04T14:43:30.318+0000][5.580s][info ][gc,heap       ] GC(13) Survivor regions: 11->13(17)
[2022-02-04T14:43:30.318+0000][5.580s][info ][gc,heap       ] GC(13) Old regions: 9->11
[2022-02-04T14:43:30.318+0000][5.580s][info ][gc,heap       ] GC(13) Humongous regions: 0->0
[2022-02-04T14:43:30.318+0000][5.580s][info ][gc,metaspace  ] GC(13) Metaspace: 23767K->23767K(1071104K)
[2022-02-04T14:43:30.318+0000][5.580s][info ][gc            ] GC(13) Pause Young (Normal) (G1 Evacuation Pause) 138M->21M(221M) 26.325ms
[2022-02-04T14:43:30.318+0000][5.580s][info ][gc,cpu        ] GC(13) User=0.06s Sys=0.00s Real=0.03s
[2022-02-04T14:43:30.318+0000][5.580s][info ][safepoint     ] Leaving safepoint region
[2022-02-04T14:43:30.318+0000][5.580s][info ][safepoint     ] Total time for which application threads were stopped: 0.0265095 seconds, Stopping threads took: 0.0000099 seconds
[2022-02-04T14:43:30.318+0000][5.580s][info ][gc,stringdedup] Concurrent String Deduplication (5.580s)
[2022-02-04T14:43:30.322+0000][5.583s][info ][gc,stringdedup] Concurrent String Deduplication 594.0K->357.0K(237.0K) avg 20.1% (5.580s, 5.583s) 3.237ms
[2022-02-04T14:43:30.699+0000][5.961s][debug][safepoint     ] Safepoint synchronization initiated. (11 threads)
[2022-02-04T14:43:30.699+0000][5.961s][info ][safepoint     ] Application time: 0.3805307 seconds
[2022-02-04T14:43:30.699+0000][5.961s][info ][safepoint     ] Entering safepoint region: G1CollectForAllocation
[2022-02-04T14:43:30.699+0000][5.961s][info ][gc,start      ] GC(14) Pause Young (Normal) (G1 Evacuation Pause)
[2022-02-04T14:43:30.699+0000][5.961s][info ][gc,task       ] GC(14) Using 4 workers of 4 for evacuation
[2022-02-04T14:43:30.712+0000][5.974s][info ][gc,phases     ] GC(14)   Pre Evacuate Collection Set: 0.0ms
[2022-02-04T14:43:30.712+0000][5.974s][info ][gc,phases     ] GC(14)   Evacuate Collection Set: 10.8ms
[2022-02-04T14:43:30.712+0000][5.974s][info ][gc,phases     ] GC(14)   Post Evacuate Collection Set: 2.1ms
[2022-02-04T14:43:30.712+0000][5.974s][info ][gc,phases     ] GC(14)   Other: 0.1ms
[2022-02-04T14:43:30.712+0000][5.974s][info ][gc,heap       ] GC(14) Eden regions: 119->0(157)
[2022-02-04T14:43:30.712+0000][5.974s][info ][gc,heap       ] GC(14) Survivor regions: 13->9(17)
[2022-02-04T14:43:30.712+0000][5.974s][info ][gc,heap       ] GC(14) Old regions: 11->14
[2022-02-04T14:43:30.712+0000][5.974s][info ][gc,heap       ] GC(14) Humongous regions: 0->0
[2022-02-04T14:43:30.712+0000][5.974s][info ][gc,metaspace  ] GC(14) Metaspace: 24977K->24977K(1071104K)
[2022-02-04T14:43:30.712+0000][5.974s][info ][gc            ] GC(14) Pause Young (Normal) (G1 Evacuation Pause) 140M->20M(277M) 13.166ms
[2022-02-04T14:43:30.712+0000][5.974s][info ][gc,cpu        ] GC(14) User=0.03s Sys=0.01s Real=0.01s
[2022-02-04T14:43:30.712+0000][5.974s][info ][safepoint     ] Leaving safepoint region
[2022-02-04T14:43:30.712+0000][5.974s][info ][safepoint     ] Total time for which application threads were stopped: 0.0133264 seconds, Stopping threads took: 0.0000094 seconds
[2022-02-04T14:43:30.712+0000][5.974s][info ][gc,stringdedup] Concurrent String Deduplication (5.974s)
[2022-02-04T14:43:30.715+0000][5.977s][info ][gc,stringdedup] Concurrent String Deduplication 837.8K->345.7K(492.1K) avg 27.2% (5.974s, 5.977s) 3.069ms
[2022-02-04T14:43:31.123+0000][6.385s][debug][safepoint     ] Safepoint synchronization initiated. (11 threads)
[2022-02-04T14:43:31.123+0000][6.385s][info ][safepoint     ] Application time: 0.4111919 seconds
[2022-02-04T14:43:31.124+0000][6.385s][debug][safepoint     ] ... found polling page loop exception at pc = 0x00007f99f0447277, stub =0x00007f99e88be900
[2022-02-04T14:43:31.124+0000][6.385s][debug][safepoint     ] Waiting for 1 thread(s) to block
[2022-02-04T14:43:31.124+0000][6.385s][info ][safepoint     ] Entering safepoint region: G1CollectForAllocation
[2022-02-04T14:43:31.124+0000][6.385s][info ][gc,start      ] GC(15) Pause Young (Normal) (G1 Evacuation Pause)
[2022-02-04T14:43:31.124+0000][6.385s][info ][gc,task       ] GC(15) Using 4 workers of 4 for evacuation
[2022-02-04T14:43:31.133+0000][6.395s][info ][gc,phases     ] GC(15)   Pre Evacuate Collection Set: 0.0ms
[2022-02-04T14:43:31.133+0000][6.395s][info ][gc,phases     ] GC(15)   Evacuate Collection Set: 7.8ms
[2022-02-04T14:43:31.133+0000][6.395s][info ][gc,phases     ] GC(15)   Post Evacuate Collection Set: 1.6ms
[2022-02-04T14:43:31.133+0000][6.395s][info ][gc,phases     ] GC(15)   Other: 0.2ms
[2022-02-04T14:43:31.133+0000][6.395s][info ][gc,heap       ] GC(15) Eden regions: 157->0(157)
[2022-02-04T14:43:31.133+0000][6.395s][info ][gc,heap       ] GC(15) Survivor regions: 9->9(21)
[2022-02-04T14:43:31.133+0000][6.395s][info ][gc,heap       ] GC(15) Old regions: 14->14
[2022-02-04T14:43:31.133+0000][6.395s][info ][gc,heap       ] GC(15) Humongous regions: 0->0
[2022-02-04T14:43:31.133+0000][6.395s][info ][gc,metaspace  ] GC(15) Metaspace: 25126K->25126K(1071104K)
[2022-02-04T14:43:31.133+0000][6.395s][info ][gc            ] GC(15) Pause Young (Normal) (G1 Evacuation Pause) 177M->20M(277M) 9.638ms
[2022-02-04T14:43:31.133+0000][6.395s][info ][gc,cpu        ] GC(15) User=0.02s Sys=0.00s Real=0.00s
[2022-02-04T14:43:31.133+0000][6.395s][info ][safepoint     ] Leaving safepoint region
[2022-02-04T14:43:31.133+0000][6.395s][info ][safepoint     ] Total time for which application threads were stopped: 0.0099122 seconds, Stopping threads took: 0.0001001 seconds
[2022-02-04T14:43:31.133+0000][6.395s][info ][gc,stringdedup] Concurrent String Deduplication (6.395s)
[2022-02-04T14:43:31.136+0000][6.398s][info ][gc,stringdedup] Concurrent String Deduplication 1268.6K->217.3K(1051.3K) avg 39.3% (6.395s, 6.398s) 2.777ms
[2022-02-04T14:43:31.477+0000][6.739s][debug][safepoint     ] Safepoint synchronization initiated. (11 threads)
[2022-02-04T14:43:31.477+0000][6.739s][info ][safepoint     ] Application time: 0.3435781 seconds
[2022-02-04T14:43:31.477+0000][6.739s][info ][safepoint     ] Entering safepoint region: G1CollectForAllocation
[2022-02-04T14:43:31.477+0000][6.739s][info ][gc,start      ] GC(16) Pause Young (Normal) (G1 Evacuation Pause)
[2022-02-04T14:43:31.477+0000][6.739s][info ][gc,task       ] GC(16) Using 4 workers of 4 for evacuation
[2022-02-04T14:43:31.485+0000][6.746s][info ][gc,phases     ] GC(16)   Pre Evacuate Collection Set: 0.0ms
[2022-02-04T14:43:31.485+0000][6.746s][info ][gc,phases     ] GC(16)   Evacuate Collection Set: 6.3ms
[2022-02-04T14:43:31.485+0000][6.746s][info ][gc,phases     ] GC(16)   Post Evacuate Collection Set: 1.3ms
[2022-02-04T14:43:31.485+0000][6.747s][info ][gc,phases     ] GC(16)   Other: 0.1ms
[2022-02-04T14:43:31.485+0000][6.747s][info ][gc,heap       ] GC(16) Eden regions: 157->0(158)
[2022-02-04T14:43:31.485+0000][6.747s][info ][gc,heap       ] GC(16) Survivor regions: 9->8(21)
[2022-02-04T14:43:31.485+0000][6.747s][info ][gc,heap       ] GC(16) Old regions: 14->14
[2022-02-04T14:43:31.485+0000][6.747s][info ][gc,heap       ] GC(16) Humongous regions: 0->0
[2022-02-04T14:43:31.485+0000][6.747s][info ][gc,metaspace  ] GC(16) Metaspace: 25131K->25131K(1071104K)
[2022-02-04T14:43:31.485+0000][6.747s][info ][gc            ] GC(16) Pause Young (Normal) (G1 Evacuation Pause) 177M->19M(277M) 7.803ms
[2022-02-04T14:43:31.485+0000][6.747s][info ][gc,cpu        ] GC(16) User=0.02s Sys=0.01s Real=0.01s
[2022-02-04T14:43:31.485+0000][6.747s][info ][safepoint     ] Leaving safepoint region
[2022-02-04T14:43:31.485+0000][6.747s][info ][safepoint     ] Total time for which application threads were stopped: 0.0079481 seconds, Stopping threads took: 0.0000093 seconds
[2022-02-04T14:43:31.485+0000][6.747s][info ][gc,stringdedup] Concurrent String Deduplication (6.747s)
[2022-02-04T14:43:31.485+0000][6.747s][info ][gc,stringdedup] Concurrent String Deduplication 49160.0B->26520.0B(22640.0B) avg 39.3% (6.747s, 6.747s) 0.241ms
[2022-02-04T14:43:32.130+0000][7.392s][debug][safepoint     ] Safepoint synchronization initiated. (11 threads)
[2022-02-04T14:43:32.130+0000][7.392s][info ][safepoint     ] Application time: 0.6449798 seconds
[2022-02-04T14:43:32.130+0000][7.392s][debug][safepoint     ] Waiting for 1 thread(s) to block
[2022-02-04T14:43:32.130+0000][7.392s][info ][safepoint     ] Entering safepoint region: G1CollectForAllocation
[2022-02-04T14:43:32.130+0000][7.392s][info ][gc,start      ] GC(17) Pause Young (Normal) (G1 Evacuation Pause)
[2022-02-04T14:43:32.130+0000][7.392s][info ][gc,task       ] GC(17) Using 4 workers of 4 for evacuation
[2022-02-04T14:43:32.142+0000][7.404s][info ][gc,phases     ] GC(17)   Pre Evacuate Collection Set: 0.0ms
[2022-02-04T14:43:32.142+0000][7.404s][info ][gc,phases     ] GC(17)   Evacuate Collection Set: 10.5ms
[2022-02-04T14:43:32.142+0000][7.404s][info ][gc,phases     ] GC(17)   Post Evacuate Collection Set: 1.7ms
[2022-02-04T14:43:32.142+0000][7.404s][info ][gc,phases     ] GC(17)   Other: 0.1ms
[2022-02-04T14:43:32.142+0000][7.404s][info ][gc,heap       ] GC(17) Eden regions: 158->0(157)
[2022-02-04T14:43:32.142+0000][7.404s][info ][gc,heap       ] GC(17) Survivor regions: 8->9(21)
[2022-02-04T14:43:32.142+0000][7.404s][info ][gc,heap       ] GC(17) Old regions: 14->14
[2022-02-04T14:43:32.142+0000][7.404s][info ][gc,heap       ] GC(17) Humongous regions: 0->0
[2022-02-04T14:43:32.142+0000][7.404s][info ][gc,metaspace  ] GC(17) Metaspace: 28796K->28796K(1075200K)
[2022-02-04T14:43:32.142+0000][7.404s][info ][gc            ] GC(17) Pause Young (Normal) (G1 Evacuation Pause) 177M->21M(277M) 12.387ms
[2022-02-04T14:43:32.143+0000][7.404s][info ][gc,cpu        ] GC(17) User=0.03s Sys=0.00s Real=0.01s
[2022-02-04T14:43:32.143+0000][7.404s][info ][safepoint     ] Leaving safepoint region
[2022-02-04T14:43:32.143+0000][7.404s][info ][safepoint     ] Total time for which application threads were stopped: 0.0125798 seconds, Stopping threads took: 0.0000283 seconds
[2022-02-04T14:43:32.143+0000][7.404s][info ][gc,stringdedup] Concurrent String Deduplication (7.404s)
[2022-02-04T14:43:32.143+0000][7.404s][info ][gc,stringdedup] Concurrent String Deduplication 7320.0B->3416.0B(3904.0B) avg 39.4% (7.404s, 7.404s) 0.045ms
[2022-02-04T14:43:32.952+0000][8.214s][debug][safepoint     ] Safepoint synchronization initiated. (11 threads)
[2022-02-04T14:43:32.952+0000][8.214s][info ][safepoint     ] Application time: 0.8094950 seconds
[2022-02-04T14:43:32.952+0000][8.214s][debug][safepoint     ] Waiting for 1 thread(s) to block
[2022-02-04T14:43:32.952+0000][8.214s][info ][safepoint     ] Entering safepoint region: G1CollectForAllocation
[2022-02-04T14:43:32.952+0000][8.214s][info ][gc,start      ] GC(18) Pause Young (Normal) (G1 Evacuation Pause)
[2022-02-04T14:43:32.952+0000][8.214s][info ][gc,task       ] GC(18) Using 4 workers of 4 for evacuation
[2022-02-04T14:43:32.966+0000][8.228s][info ][gc,phases     ] GC(18)   Pre Evacuate Collection Set: 0.0ms
[2022-02-04T14:43:32.966+0000][8.228s][info ][gc,phases     ] GC(18)   Evacuate Collection Set: 12.4ms
[2022-02-04T14:43:32.966+0000][8.228s][info ][gc,phases     ] GC(18)   Post Evacuate Collection Set: 1.6ms
[2022-02-04T14:43:32.966+0000][8.228s][info ][gc,phases     ] GC(18)   Other: 0.1ms
[2022-02-04T14:43:32.966+0000][8.228s][info ][gc,heap       ] GC(18) Eden regions: 157->0(155)
[2022-02-04T14:43:32.966+0000][8.228s][info ][gc,heap       ] GC(18) Survivor regions: 9->11(21)
[2022-02-04T14:43:32.966+0000][8.228s][info ][gc,heap       ] GC(18) Old regions: 14->14
[2022-02-04T14:43:32.966+0000][8.228s][info ][gc,heap       ] GC(18) Humongous regions: 0->0
[2022-02-04T14:43:32.966+0000][8.228s][info ][gc,metaspace  ] GC(18) Metaspace: 30225K->30225K(1077248K)
[2022-02-04T14:43:32.966+0000][8.228s][info ][gc            ] GC(18) Pause Young (Normal) (G1 Evacuation Pause) 178M->22M(277M) 14.271ms
[2022-02-04T14:43:32.966+0000][8.228s][info ][gc,cpu        ] GC(18) User=0.04s Sys=0.00s Real=0.02s
[2022-02-04T14:43:32.966+0000][8.228s][info ][safepoint     ] Leaving safepoint region
[2022-02-04T14:43:32.966+0000][8.228s][info ][safepoint     ] Total time for which application threads were stopped: 0.0144563 seconds, Stopping threads took: 0.0000285 seconds
[2022-02-04T14:43:32.967+0000][8.228s][info ][gc,stringdedup] Concurrent String Deduplication (8.228s)
[2022-02-04T14:43:32.967+0000][8.229s][info ][gc,stringdedup] Concurrent String Deduplication 221.1K->0.0B(221.1K) avg 41.5% (8.228s, 8.229s) 0.449ms
[2022-02-04T14:43:33.502+0000][8.763s][debug][safepoint     ] Safepoint synchronization initiated. (11 threads)
[2022-02-04T14:43:33.502+0000][8.763s][info ][safepoint     ] Application time: 0.5353251 seconds
[2022-02-04T14:43:33.502+0000][8.763s][debug][safepoint     ] Waiting for 1 thread(s) to block
[2022-02-04T14:43:33.502+0000][8.764s][info ][safepoint     ] Entering safepoint region: Deoptimize
[2022-02-04T14:43:33.502+0000][8.764s][info ][safepoint     ] Leaving safepoint region
[2022-02-04T14:43:33.502+0000][8.764s][info ][safepoint     ] Total time for which application threads were stopped: 0.0004781 seconds, Stopping threads took: 0.0000295 seconds
[2022-02-04T14:43:33.657+0000][8.919s][debug][safepoint     ] Safepoint synchronization initiated. (11 threads)
[2022-02-04T14:43:33.657+0000][8.919s][info ][safepoint     ] Application time: 0.1551601 seconds
[2022-02-04T14:43:33.658+0000][8.919s][info ][safepoint     ] Entering safepoint region: G1CollectForAllocation
[2022-02-04T14:43:33.658+0000][8.919s][info ][gc,start      ] GC(19) Pause Young (Normal) (G1 Evacuation Pause)
[2022-02-04T14:43:33.658+0000][8.919s][info ][gc,task       ] GC(19) Using 4 workers of 4 for evacuation
[2022-02-04T14:43:33.683+0000][8.945s][info ][gc,phases     ] GC(19)   Pre Evacuate Collection Set: 0.0ms
[2022-02-04T14:43:33.683+0000][8.945s][info ][gc,phases     ] GC(19)   Evacuate Collection Set: 23.4ms
[2022-02-04T14:43:33.683+0000][8.945s][info ][gc,phases     ] GC(19)   Post Evacuate Collection Set: 1.8ms
[2022-02-04T14:43:33.683+0000][8.945s][info ][gc,phases     ] GC(19)   Other: 0.1ms
[2022-02-04T14:43:33.683+0000][8.945s][info ][gc,heap       ] GC(19) Eden regions: 155->0(156)
[2022-02-04T14:43:33.683+0000][8.945s][info ][gc,heap       ] GC(19) Survivor regions: 11->10(21)
[2022-02-04T14:43:33.683+0000][8.945s][info ][gc,heap       ] GC(19) Old regions: 14->14
[2022-02-04T14:43:33.683+0000][8.945s][info ][gc,heap       ] GC(19) Humongous regions: 0->0
[2022-02-04T14:43:33.683+0000][8.945s][info ][gc,metaspace  ] GC(19) Metaspace: 31094K->31094K(1077248K)
[2022-02-04T14:43:33.683+0000][8.945s][info ][gc            ] GC(19) Pause Young (Normal) (G1 Evacuation Pause) 177M->22M(277M) 25.462ms
[2022-02-04T14:43:33.683+0000][8.945s][info ][gc,cpu        ] GC(19) User=0.05s Sys=0.00s Real=0.02s
[2022-02-04T14:43:33.683+0000][8.945s][info ][safepoint     ] Leaving safepoint region
[2022-02-04T14:43:33.683+0000][8.945s][info ][safepoint     ] Total time for which application threads were stopped: 0.0256066 seconds, Stopping threads took: 0.0000101 seconds
[2022-02-04T14:43:33.683+0000][8.945s][info ][gc,stringdedup] Concurrent String Deduplication (8.945s)
[2022-02-04T14:43:33.684+0000][8.945s][info ][gc,stringdedup] Concurrent String Deduplication 149.2K->44208.0B(106.1K) avg 42.3% (8.945s, 8.945s) 0.645ms
[2022-02-04T14:43:33.893+0000][9.155s][debug][safepoint     ] Safepoint synchronization initiated. (11 threads)
[2022-02-04T14:43:33.893+0000][9.155s][info ][safepoint     ] Application time: 0.2098361 seconds
[2022-02-04T14:43:33.893+0000][9.155s][debug][safepoint     ] Waiting for 1 thread(s) to block
[2022-02-04T14:43:33.893+0000][9.155s][info ][safepoint     ] Entering safepoint region: Deoptimize
[2022-02-04T14:43:33.893+0000][9.155s][info ][safepoint     ] Leaving safepoint region
[2022-02-04T14:43:33.893+0000][9.155s][info ][safepoint     ] Total time for which application threads were stopped: 0.0004689 seconds, Stopping threads took: 0.0000283 seconds
[2022-02-04T14:43:33.924+0000][9.185s][debug][safepoint     ] Safepoint synchronization initiated. (11 threads)
[2022-02-04T14:43:33.924+0000][9.185s][info ][safepoint     ] Application time: 0.0303100 seconds
[2022-02-04T14:43:33.924+0000][9.185s][debug][safepoint     ] Waiting for 1 thread(s) to block
[2022-02-04T14:43:33.924+0000][9.185s][info ][safepoint     ] Entering safepoint region: Deoptimize
[2022-02-04T14:43:33.924+0000][9.186s][info ][safepoint     ] Leaving safepoint region
[2022-02-04T14:43:33.924+0000][9.186s][info ][safepoint     ] Total time for which application threads were stopped: 0.0003930 seconds, Stopping threads took: 0.0000287 seconds
[2022-02-04T14:43:33.994+0000][9.256s][debug][safepoint     ] Safepoint synchronization initiated. (11 threads)
[2022-02-04T14:43:33.994+0000][9.256s][info ][safepoint     ] Application time: 0.0699556 seconds
[2022-02-04T14:43:33.994+0000][9.256s][debug][safepoint     ] Waiting for 1 thread(s) to block
[2022-02-04T14:43:33.994+0000][9.256s][info ][safepoint     ] Entering safepoint region: Deoptimize
[2022-02-04T14:43:33.995+0000][9.256s][info ][safepoint     ] Leaving safepoint region
[2022-02-04T14:43:33.995+0000][9.256s][info ][safepoint     ] Total time for which application threads were stopped: 0.0004435 seconds, Stopping threads took: 0.0000285 seconds
[2022-02-04T14:43:34.439+0000][9.701s][debug][safepoint     ] Safepoint synchronization initiated. (11 threads)
[2022-02-04T14:43:34.439+0000][9.701s][info ][safepoint     ] Application time: 0.4444464 seconds
[2022-02-04T14:43:34.439+0000][9.701s][debug][safepoint     ] Waiting for 1 thread(s) to block
[2022-02-04T14:43:34.439+0000][9.701s][info ][safepoint     ] Entering safepoint region: G1CollectForAllocation
[2022-02-04T14:43:34.439+0000][9.701s][info ][gc,start      ] GC(20) Pause Young (Normal) (G1 Evacuation Pause)
[2022-02-04T14:43:34.439+0000][9.701s][info ][gc,task       ] GC(20) Using 4 workers of 4 for evacuation
[2022-02-04T14:43:34.471+0000][9.733s][info ][gc,phases     ] GC(20)   Pre Evacuate Collection Set: 0.0ms
[2022-02-04T14:43:34.472+0000][9.733s][info ][gc,phases     ] GC(20)   Evacuate Collection Set: 27.5ms
[2022-02-04T14:43:34.472+0000][9.733s][info ][gc,phases     ] GC(20)   Post Evacuate Collection Set: 4.7ms
[2022-02-04T14:43:34.472+0000][9.733s][info ][gc,phases     ] GC(20)   Other: 0.1ms
[2022-02-04T14:43:34.472+0000][9.733s][info ][gc,heap       ] GC(20) Eden regions: 156->0(188)
[2022-02-04T14:43:34.472+0000][9.733s][info ][gc,heap       ] GC(20) Survivor regions: 10->11(21)
[2022-02-04T14:43:34.472+0000][9.733s][info ][gc,heap       ] GC(20) Old regions: 14->15
[2022-02-04T14:43:34.472+0000][9.733s][info ][gc,heap       ] GC(20) Humongous regions: 0->0
[2022-02-04T14:43:34.472+0000][9.733s][info ][gc,metaspace  ] GC(20) Metaspace: 33784K->33784K(1079296K)
[2022-02-04T14:43:34.472+0000][9.733s][info ][gc            ] GC(20) Pause Young (Normal) (G1 Evacuation Pause) 178M->23M(333M) 32.475ms
[2022-02-04T14:43:34.472+0000][9.733s][info ][gc,cpu        ] GC(20) User=0.04s Sys=0.00s Real=0.03s
[2022-02-04T14:43:34.472+0000][9.733s][info ][safepoint     ] Leaving safepoint region
[2022-02-04T14:43:34.472+0000][9.733s][info ][safepoint     ] Total time for which application threads were stopped: 0.0326361 seconds, Stopping threads took: 0.0000285 seconds
[2022-02-04T14:43:34.472+0000][9.733s][info ][gc,stringdedup] Concurrent String Deduplication (9.733s)
[2022-02-04T14:43:34.473+0000][9.735s][info ][gc,stringdedup] Concurrent String Deduplication 304.6K->140.3K(164.4K) avg 42.8% (9.733s, 9.735s) 1.204ms
[2022-02-04T14:43:34.898+0000][10.160s][debug][safepoint     ] Safepoint synchronization initiated. (11 threads)
[2022-02-04T14:43:34.898+0000][10.160s][info ][safepoint     ] Application time: 0.4266100 seconds
[2022-02-04T14:43:34.898+0000][10.160s][info ][safepoint     ] Entering safepoint region: Deoptimize
[2022-02-04T14:43:34.899+0000][10.160s][info ][safepoint     ] Leaving safepoint region
[2022-02-04T14:43:34.899+0000][10.160s][info ][safepoint     ] Total time for which application threads were stopped: 0.0004565 seconds, Stopping threads took: 0.0000100 seconds
[2022-02-04T14:43:35.431+0000][10.692s][debug][safepoint     ] Safepoint synchronization initiated. (11 threads)
[2022-02-04T14:43:35.431+0000][10.692s][info ][safepoint     ] Application time: 0.5320285 seconds
[2022-02-04T14:43:35.431+0000][10.692s][debug][safepoint     ] Waiting for 1 thread(s) to block
[2022-02-04T14:43:35.431+0000][10.692s][info ][safepoint     ] Entering safepoint region: G1CollectForAllocation
[2022-02-04T14:43:35.431+0000][10.693s][info ][gc,start      ] GC(21) Pause Young (Normal) (G1 Evacuation Pause)
[2022-02-04T14:43:35.431+0000][10.693s][info ][gc,task       ] GC(21) Using 4 workers of 4 for evacuation
[2022-02-04T14:43:35.456+0000][10.718s][info ][gc,phases     ] GC(21)   Pre Evacuate Collection Set: 0.0ms
[2022-02-04T14:43:35.456+0000][10.718s][info ][gc,phases     ] GC(21)   Evacuate Collection Set: 22.5ms
[2022-02-04T14:43:35.456+0000][10.718s][info ][gc,phases     ] GC(21)   Post Evacuate Collection Set: 2.7ms
[2022-02-04T14:43:35.456+0000][10.718s][info ][gc,phases     ] GC(21)   Other: 0.2ms
[2022-02-04T14:43:35.456+0000][10.718s][info ][gc,heap       ] GC(21) Eden regions: 188->0(188)
[2022-02-04T14:43:35.456+0000][10.718s][info ][gc,heap       ] GC(21) Survivor regions: 11->11(25)
[2022-02-04T14:43:35.456+0000][10.718s][info ][gc,heap       ] GC(21) Old regions: 15->16
[2022-02-04T14:43:35.456+0000][10.718s][info ][gc,heap       ] GC(21) Humongous regions: 0->0
[2022-02-04T14:43:35.456+0000][10.718s][info ][gc,metaspace  ] GC(21) Metaspace: 36196K->36196K(1081344K)
[2022-02-04T14:43:35.457+0000][10.718s][info ][gc            ] GC(21) Pause Young (Normal) (G1 Evacuation Pause) 211M->25M(333M) 25.549ms
[2022-02-04T14:43:35.457+0000][10.718s][info ][gc,cpu        ] GC(21) User=0.07s Sys=0.00s Real=0.03s
[2022-02-04T14:43:35.457+0000][10.718s][info ][safepoint     ] Leaving safepoint region
[2022-02-04T14:43:35.457+0000][10.718s][info ][safepoint     ] Total time for which application threads were stopped: 0.0257583 seconds, Stopping threads took: 0.0000304 seconds
[2022-02-04T14:43:35.457+0000][10.718s][info ][gc,stringdedup] Concurrent String Deduplication (10.718s)
[2022-02-04T14:43:35.458+0000][10.719s][info ][gc,stringdedup] Concurrent String Deduplication 231.6K->104.7K(126.9K) avg 43.2% (10.718s, 10.719s) 0.909ms
[2022-02-04T14:43:35.707+0000][10.968s][debug][safepoint     ] Safepoint synchronization initiated. (11 threads)
[2022-02-04T14:43:35.707+0000][10.968s][info ][safepoint     ] Application time: 0.2500087 seconds
[2022-02-04T14:43:35.707+0000][10.968s][debug][safepoint     ] Waiting for 1 thread(s) to block
[2022-02-04T14:43:35.707+0000][10.968s][info ][safepoint     ] Entering safepoint region: Deoptimize
[2022-02-04T14:43:35.707+0000][10.969s][info ][safepoint     ] Leaving safepoint region
[2022-02-04T14:43:35.707+0000][10.969s][info ][safepoint     ] Total time for which application threads were stopped: 0.0005476 seconds, Stopping threads took: 0.0000302 seconds
[2022-02-04T14:43:35.708+0000][10.970s][debug][safepoint     ] Safepoint synchronization initiated. (11 threads)
[2022-02-04T14:43:35.708+0000][10.970s][info ][safepoint     ] Application time: 0.0010375 seconds
[2022-02-04T14:43:35.708+0000][10.970s][debug][safepoint     ] Waiting for 1 thread(s) to block
[2022-02-04T14:43:35.708+0000][10.970s][info ][safepoint     ] Entering safepoint region: Deoptimize
[2022-02-04T14:43:35.709+0000][10.970s][info ][safepoint     ] Leaving safepoint region
[2022-02-04T14:43:35.709+0000][10.970s][info ][safepoint     ] Total time for which application threads were stopped: 0.0003878 seconds, Stopping threads took: 0.0000274 seconds
[2022-02-04T14:43:36.396+0000][11.658s][debug][safepoint     ] Safepoint synchronization initiated. (11 threads)
[2022-02-04T14:43:36.396+0000][11.658s][info ][safepoint     ] Application time: 0.6876868 seconds
[2022-02-04T14:43:36.396+0000][11.658s][debug][safepoint     ] Waiting for 1 thread(s) to block
[2022-02-04T14:43:36.396+0000][11.658s][info ][safepoint     ] Entering safepoint region: CollectForMetadataAllocation
[2022-02-04T14:43:36.396+0000][11.658s][info ][gc,start      ] GC(22) Pause Young (Concurrent Start) (Metadata GC Threshold)
[2022-02-04T14:43:36.396+0000][11.658s][info ][gc,task       ] GC(22) Using 4 workers of 4 for evacuation
[2022-02-04T14:43:36.422+0000][11.683s][info ][gc,phases     ] GC(22)   Pre Evacuate Collection Set: 0.1ms
[2022-02-04T14:43:36.422+0000][11.683s][info ][gc,phases     ] GC(22)   Evacuate Collection Set: 22.9ms
[2022-02-04T14:43:36.422+0000][11.683s][info ][gc,phases     ] GC(22)   Post Evacuate Collection Set: 1.9ms
[2022-02-04T14:43:36.422+0000][11.683s][info ][gc,phases     ] GC(22)   Other: 0.2ms
[2022-02-04T14:43:36.422+0000][11.683s][info ][gc,heap       ] GC(22) Eden regions: 184->0(188)
[2022-02-04T14:43:36.422+0000][11.683s][info ][gc,heap       ] GC(22) Survivor regions: 11->11(25)
[2022-02-04T14:43:36.422+0000][11.683s][info ][gc,heap       ] GC(22) Old regions: 16->19
[2022-02-04T14:43:36.422+0000][11.683s][info ][gc,heap       ] GC(22) Humongous regions: 0->0
[2022-02-04T14:43:36.422+0000][11.683s][info ][gc,metaspace  ] GC(22) Metaspace: 38439K->38439K(1083392K)
[2022-02-04T14:43:36.422+0000][11.683s][info ][gc            ] GC(22) Pause Young (Concurrent Start) (Metadata GC Threshold) 209M->27M(333M) 25.213ms
[2022-02-04T14:43:36.422+0000][11.683s][info ][gc,cpu        ] GC(22) User=0.06s Sys=0.00s Real=0.02s
[2022-02-04T14:43:36.422+0000][11.683s][info ][gc            ] GC(23) Concurrent Cycle
[2022-02-04T14:43:36.422+0000][11.683s][info ][safepoint     ] Leaving safepoint region
[2022-02-04T14:43:36.422+0000][11.683s][info ][gc,marking    ] GC(23) Concurrent Clear Claimed Marks
[2022-02-04T14:43:36.422+0000][11.683s][info ][safepoint     ] Total time for which application threads were stopped: 0.0254670 seconds, Stopping threads took: 0.0000293 seconds
[2022-02-04T14:43:36.422+0000][11.683s][info ][gc,marking    ] GC(23) Concurrent Clear Claimed Marks 0.073ms
[2022-02-04T14:43:36.422+0000][11.683s][info ][gc,marking    ] GC(23) Concurrent Scan Root Regions
[2022-02-04T14:43:36.422+0000][11.684s][info ][gc,stringdedup] Concurrent String Deduplication (11.684s)
[2022-02-04T14:43:36.423+0000][11.685s][info ][gc,stringdedup] Concurrent String Deduplication 104.0K->33184.0B(73304.0B) avg 43.6% (11.684s, 11.685s) 0.728ms
[2022-02-04T14:43:36.429+0000][11.691s][info ][gc,marking    ] GC(23) Concurrent Scan Root Regions 7.187ms
[2022-02-04T14:43:36.429+0000][11.691s][info ][gc,marking    ] GC(23) Concurrent Mark (11.691s)
[2022-02-04T14:43:36.429+0000][11.691s][info ][gc,marking    ] GC(23) Concurrent Mark From Roots
[2022-02-04T14:43:36.429+0000][11.691s][info ][gc,task       ] GC(23) Using 1 workers of 1 for marking
[2022-02-04T14:43:36.459+0000][11.720s][info ][gc,marking    ] GC(23) Concurrent Mark From Roots 29.547ms
[2022-02-04T14:43:36.459+0000][11.720s][info ][gc,marking    ] GC(23) Concurrent Preclean
[2022-02-04T14:43:36.459+0000][11.720s][info ][gc,marking    ] GC(23) Concurrent Preclean 0.051ms
[2022-02-04T14:43:36.459+0000][11.720s][info ][gc,marking    ] GC(23) Concurrent Mark (11.691s, 11.720s) 29.656ms
[2022-02-04T14:43:36.459+0000][11.720s][debug][safepoint     ] Safepoint synchronization initiated. (11 threads)
[2022-02-04T14:43:36.459+0000][11.720s][info ][safepoint     ] Application time: 0.0369863 seconds
[2022-02-04T14:43:36.459+0000][11.720s][debug][safepoint     ] Waiting for 1 thread(s) to block
[2022-02-04T14:43:36.459+0000][11.721s][info ][safepoint     ] Entering safepoint region: CGC_Operation
[2022-02-04T14:43:36.459+0000][11.721s][info ][gc,start      ] GC(23) Pause Remark
[2022-02-04T14:43:36.468+0000][11.730s][info ][gc,stringtable] GC(23) Cleaned string and symbol table, strings: 14372 processed, 34 removed, symbols: 130840 processed, 291 removed
[2022-02-04T14:43:36.468+0000][11.730s][info ][gc            ] GC(23) Pause Remark 30M->30M(333M) 9.408ms
[2022-02-04T14:43:36.468+0000][11.730s][info ][gc,cpu        ] GC(23) User=0.03s Sys=0.00s Real=0.01s
[2022-02-04T14:43:36.468+0000][11.730s][info ][safepoint     ] Leaving safepoint region
[2022-02-04T14:43:36.468+0000][11.730s][info ][safepoint     ] Total time for which application threads were stopped: 0.0096180 seconds, Stopping threads took: 0.0001293 seconds
[2022-02-04T14:43:36.468+0000][11.730s][info ][gc,marking    ] GC(23) Concurrent Rebuild Remembered Sets
[2022-02-04T14:43:36.485+0000][11.747s][info ][gc,marking    ] GC(23) Concurrent Rebuild Remembered Sets 16.959ms
[2022-02-04T14:43:36.485+0000][11.747s][debug][safepoint     ] Safepoint synchronization initiated. (11 threads)
[2022-02-04T14:43:36.485+0000][11.747s][info ][safepoint     ] Application time: 0.0170468 seconds
[2022-02-04T14:43:36.485+0000][11.747s][debug][safepoint     ] ... found polling page loop exception at pc = 0x00007f99f036a849, stub =0x00007f99e88be900
[2022-02-04T14:43:36.485+0000][11.747s][debug][safepoint     ] Waiting for 1 thread(s) to block
[2022-02-04T14:43:36.486+0000][11.747s][info ][safepoint     ] Entering safepoint region: CGC_Operation
[2022-02-04T14:43:36.486+0000][11.747s][info ][gc,start      ] GC(23) Pause Cleanup
[2022-02-04T14:43:36.486+0000][11.747s][info ][gc            ] GC(23) Pause Cleanup 34M->34M(333M) 0.094ms
[2022-02-04T14:43:36.486+0000][11.747s][info ][gc,cpu        ] GC(23) User=0.00s Sys=0.00s Real=0.00s
[2022-02-04T14:43:36.486+0000][11.747s][info ][safepoint     ] Leaving safepoint region
[2022-02-04T14:43:36.486+0000][11.747s][info ][safepoint     ] Total time for which application threads were stopped: 0.0002622 seconds, Stopping threads took: 0.0000928 seconds
[2022-02-04T14:43:36.486+0000][11.747s][info ][gc,marking    ] GC(23) Concurrent Cleanup for Next Mark
[2022-02-04T14:43:36.487+0000][11.749s][info ][gc,marking    ] GC(23) Concurrent Cleanup for Next Mark 1.197ms
[2022-02-04T14:43:36.487+0000][11.749s][info ][gc            ] GC(23) Concurrent Cycle 65.251ms
[2022-02-04T14:43:36.552+0000][11.814s][debug][safepoint     ] Safepoint synchronization initiated. (11 threads)
[2022-02-04T14:43:36.552+0000][11.814s][info ][safepoint     ] Application time: 0.0664329 seconds
[2022-02-04T14:43:36.552+0000][11.814s][debug][safepoint     ] Waiting for 1 thread(s) to block
[2022-02-04T14:43:36.552+0000][11.814s][info ][safepoint     ] Entering safepoint region: Deoptimize
[2022-02-04T14:43:36.553+0000][11.814s][info ][safepoint     ] Leaving safepoint region
[2022-02-04T14:43:36.553+0000][11.814s][info ][safepoint     ] Total time for which application threads were stopped: 0.0004579 seconds, Stopping threads took: 0.0000290 seconds
[2022-02-04T14:43:36.627+0000][11.888s][debug][safepoint     ] Safepoint synchronization initiated. (11 threads)
[2022-02-04T14:43:36.627+0000][11.888s][info ][safepoint     ] Application time: 0.0742257 seconds
[2022-02-04T14:43:36.627+0000][11.888s][debug][safepoint     ] Waiting for 1 thread(s) to block
[2022-02-04T14:43:36.627+0000][11.889s][info ][safepoint     ] Entering safepoint region: Deoptimize
[2022-02-04T14:43:36.627+0000][11.889s][info ][safepoint     ] Leaving safepoint region
[2022-02-04T14:43:36.627+0000][11.889s][info ][safepoint     ] Total time for which application threads were stopped: 0.0004662 seconds, Stopping threads took: 0.0000580 seconds
[2022-02-04T14:43:36.822+0000][12.084s][debug][safepoint     ] Safepoint synchronization initiated. (11 threads)
[2022-02-04T14:43:36.822+0000][12.084s][info ][safepoint     ] Application time: 0.1950824 seconds
[2022-02-04T14:43:36.822+0000][12.084s][debug][safepoint     ] Waiting for 1 thread(s) to block
[2022-02-04T14:43:36.822+0000][12.084s][info ][safepoint     ] Entering safepoint region: Deoptimize
[2022-02-04T14:43:36.823+0000][12.085s][info ][safepoint     ] Leaving safepoint region
[2022-02-04T14:43:36.823+0000][12.085s][info ][safepoint     ] Total time for which application threads were stopped: 0.0004899 seconds, Stopping threads took: 0.0000293 seconds
[2022-02-04T14:43:36.824+0000][12.085s][debug][safepoint     ] Safepoint synchronization initiated. (11 threads)
[2022-02-04T14:43:36.824+0000][12.085s][info ][safepoint     ] Application time: 0.0008205 seconds
[2022-02-04T14:43:36.824+0000][12.085s][debug][safepoint     ] Waiting for 1 thread(s) to block
[2022-02-04T14:43:36.824+0000][12.085s][info ][safepoint     ] Entering safepoint region: Deoptimize
[2022-02-04T14:43:36.824+0000][12.086s][info ][safepoint     ] Leaving safepoint region
[2022-02-04T14:43:36.824+0000][12.086s][info ][safepoint     ] Total time for which application threads were stopped: 0.0003063 seconds, Stopping threads took: 0.0000250 seconds
[2022-02-04T14:43:36.957+0000][12.219s][debug][safepoint     ] Safepoint synchronization initiated. (11 threads)
[2022-02-04T14:43:36.957+0000][12.219s][info ][safepoint     ] Application time: 0.1329812 seconds
[2022-02-04T14:43:36.957+0000][12.219s][debug][safepoint     ] Waiting for 2 thread(s) to block
[2022-02-04T14:43:36.957+0000][12.219s][info ][safepoint     ] Entering safepoint region: Deoptimize
[2022-02-04T14:43:36.958+0000][12.219s][info ][safepoint     ] Leaving safepoint region
[2022-02-04T14:43:36.958+0000][12.219s][info ][safepoint     ] Total time for which application threads were stopped: 0.0004923 seconds, Stopping threads took: 0.0000465 seconds
[2022-02-04T14:43:37.494+0000][12.756s][debug][safepoint     ] Safepoint synchronization initiated. (12 threads)
[2022-02-04T14:43:37.494+0000][12.756s][info ][safepoint     ] Application time: 0.5369495 seconds
[2022-02-04T14:43:37.495+0000][12.756s][debug][safepoint     ] Waiting for 2 thread(s) to block
[2022-02-04T14:43:37.495+0000][12.757s][info ][safepoint     ] Entering safepoint region: Deoptimize
[2022-02-04T14:43:37.495+0000][12.757s][info ][safepoint     ] Leaving safepoint region
[2022-02-04T14:43:37.496+0000][12.757s][info ][safepoint     ] Total time for which application threads were stopped: 0.0010259 seconds, Stopping threads took: 0.0004680 seconds
[2022-02-04T14:43:37.533+0000][12.794s][debug][safepoint     ] Safepoint synchronization initiated. (12 threads)
[2022-02-04T14:43:37.533+0000][12.794s][info ][safepoint     ] Application time: 0.0370718 seconds
[2022-02-04T14:43:37.533+0000][12.794s][debug][safepoint     ] Waiting for 1 thread(s) to block
[2022-02-04T14:43:37.533+0000][12.794s][info ][safepoint     ] Entering safepoint region: Deoptimize
[2022-02-04T14:43:37.533+0000][12.795s][info ][safepoint     ] Leaving safepoint region
[2022-02-04T14:43:37.533+0000][12.795s][info ][safepoint     ] Total time for which application threads were stopped: 0.0004922 seconds, Stopping threads took: 0.0000280 seconds
[2022-02-04T14:43:37.704+0000][12.965s][debug][safepoint     ] Safepoint synchronization initiated. (12 threads)
[2022-02-04T14:43:37.704+0000][12.965s][info ][safepoint     ] Application time: 0.1705342 seconds
[2022-02-04T14:43:37.704+0000][12.965s][debug][safepoint     ] Waiting for 1 thread(s) to block
[2022-02-04T14:43:37.704+0000][12.965s][info ][safepoint     ] Entering safepoint region: Deoptimize
[2022-02-04T14:43:37.704+0000][12.966s][info ][safepoint     ] Leaving safepoint region
[2022-02-04T14:43:37.704+0000][12.966s][info ][safepoint     ] Total time for which application threads were stopped: 0.0005359 seconds, Stopping threads took: 0.0000285 seconds
[2022-02-04T14:43:37.804+0000][13.066s][debug][safepoint     ] Safepoint synchronization initiated. (12 threads)
[2022-02-04T14:43:37.804+0000][13.066s][info ][safepoint     ] Application time: 0.0998140 seconds
[2022-02-04T14:43:37.804+0000][13.066s][debug][safepoint     ] Waiting for 1 thread(s) to block
[2022-02-04T14:43:37.804+0000][13.066s][info ][safepoint     ] Entering safepoint region: G1CollectForAllocation
[2022-02-04T14:43:37.804+0000][13.066s][info ][gc,start      ] GC(24) Pause Young (Normal) (G1 Evacuation Pause)
[2022-02-04T14:43:37.804+0000][13.066s][info ][gc,task       ] GC(24) Using 4 workers of 4 for evacuation
[2022-02-04T14:43:37.827+0000][13.089s][info ][gc,phases     ] GC(24)   Pre Evacuate Collection Set: 0.0ms
[2022-02-04T14:43:37.827+0000][13.089s][info ][gc,phases     ] GC(24)   Evacuate Collection Set: 21.6ms
[2022-02-04T14:43:37.827+0000][13.089s][info ][gc,phases     ] GC(24)   Post Evacuate Collection Set: 1.4ms
[2022-02-04T14:43:37.827+0000][13.089s][info ][gc,phases     ] GC(24)   Other: 0.1ms
[2022-02-04T14:43:37.827+0000][13.089s][info ][gc,heap       ] GC(24) Eden regions: 188->0(188)
[2022-02-04T14:43:37.827+0000][13.089s][info ][gc,heap       ] GC(24) Survivor regions: 11->11(25)
[2022-02-04T14:43:37.827+0000][13.089s][info ][gc,heap       ] GC(24) Old regions: 19->20
[2022-02-04T14:43:37.827+0000][13.089s][info ][gc,heap       ] GC(24) Humongous regions: 0->0
[2022-02-04T14:43:37.827+0000][13.089s][info ][gc,metaspace  ] GC(24) Metaspace: 42996K->42996K(1087488K)
[2022-02-04T14:43:37.828+0000][13.089s][info ][gc            ] GC(24) Pause Young (Normal) (G1 Evacuation Pause) 215M->29M(333M) 23.383ms
[2022-02-04T14:43:37.828+0000][13.089s][info ][gc,cpu        ] GC(24) User=0.07s Sys=0.00s Real=0.02s
[2022-02-04T14:43:37.828+0000][13.089s][info ][safepoint     ] Leaving safepoint region
[2022-02-04T14:43:37.828+0000][13.089s][info ][safepoint     ] Total time for which application threads were stopped: 0.0235566 seconds, Stopping threads took: 0.0000292 seconds
[2022-02-04T14:43:37.828+0000][13.089s][info ][gc,stringdedup] Concurrent String Deduplication (13.089s)
[2022-02-04T14:43:37.829+0000][13.090s][info ][gc,stringdedup] Concurrent String Deduplication 230.4K->67792.0B(164.2K) avg 44.5% (13.089s, 13.090s) 0.906ms
[2022-02-04T14:43:38.055+0000][13.317s][debug][safepoint     ] Safepoint synchronization initiated. (12 threads)
[2022-02-04T14:43:38.055+0000][13.317s][info ][safepoint     ] Application time: 0.2273219 seconds
[2022-02-04T14:43:38.055+0000][13.317s][debug][safepoint     ] Waiting for 1 thread(s) to block
[2022-02-04T14:43:38.055+0000][13.317s][info ][safepoint     ] Entering safepoint region: Deoptimize
[2022-02-04T14:43:38.055+0000][13.317s][info ][safepoint     ] Leaving safepoint region
[2022-02-04T14:43:38.055+0000][13.317s][info ][safepoint     ] Total time for which application threads were stopped: 0.0005233 seconds, Stopping threads took: 0.0000286 seconds
[2022-02-04T14:43:38.406+0000][13.667s][debug][safepoint     ] Safepoint synchronization initiated. (12 threads)
[2022-02-04T14:43:38.406+0000][13.667s][info ][safepoint     ] Application time: 0.3502088 seconds
[2022-02-04T14:43:38.406+0000][13.667s][debug][safepoint     ] Waiting for 1 thread(s) to block
[2022-02-04T14:43:38.406+0000][13.667s][info ][safepoint     ] Entering safepoint region: ICBufferFull
[2022-02-04T14:43:38.406+0000][13.667s][info ][safepoint     ] Leaving safepoint region
[2022-02-04T14:43:38.406+0000][13.668s][info ][safepoint     ] Total time for which application threads were stopped: 0.0001712 seconds, Stopping threads took: 0.0000287 seconds
[2022-02-04T14:43:38.938+0000][14.199s][debug][safepoint     ] Safepoint synchronization initiated. (12 threads)
[2022-02-04T14:43:38.938+0000][14.199s][info ][safepoint     ] Application time: 0.5318758 seconds
[2022-02-04T14:43:38.938+0000][14.199s][debug][safepoint     ] Waiting for 2 thread(s) to block
[2022-02-04T14:43:38.938+0000][14.199s][info ][safepoint     ] Entering safepoint region: G1CollectForAllocation
[2022-02-04T14:43:38.938+0000][14.200s][info ][gc,start      ] GC(25) Pause Young (Normal) (G1 Evacuation Pause)
[2022-02-04T14:43:38.938+0000][14.200s][info ][gc,task       ] GC(25) Using 4 workers of 4 for evacuation
[2022-02-04T14:43:38.972+0000][14.233s][info ][gc,phases     ] GC(25)   Pre Evacuate Collection Set: 0.0ms
[2022-02-04T14:43:38.972+0000][14.233s][info ][gc,phases     ] GC(25)   Evacuate Collection Set: 28.2ms
[2022-02-04T14:43:38.972+0000][14.233s][info ][gc,phases     ] GC(25)   Post Evacuate Collection Set: 5.3ms
[2022-02-04T14:43:38.972+0000][14.233s][info ][gc,phases     ] GC(25)   Other: 0.2ms
[2022-02-04T14:43:38.972+0000][14.233s][info ][gc,heap       ] GC(25) Eden regions: 188->0(225)
[2022-02-04T14:43:38.972+0000][14.233s][info ][gc,heap       ] GC(25) Survivor regions: 11->14(25)
[2022-02-04T14:43:38.972+0000][14.233s][info ][gc,heap       ] GC(25) Old regions: 20->20
[2022-02-04T14:43:38.972+0000][14.233s][info ][gc,heap       ] GC(25) Humongous regions: 0->0
[2022-02-04T14:43:38.972+0000][14.233s][info ][gc,metaspace  ] GC(25) Metaspace: 47909K->47909K(1091584K)
[2022-02-04T14:43:38.972+0000][14.233s][info ][gc            ] GC(25) Pause Young (Normal) (G1 Evacuation Pause) 217M->31M(399M) 33.824ms
[2022-02-04T14:43:38.972+0000][14.233s][info ][gc,cpu        ] GC(25) User=0.09s Sys=0.00s Real=0.03s
[2022-02-04T14:43:38.972+0000][14.233s][info ][safepoint     ] Leaving safepoint region
[2022-02-04T14:43:38.972+0000][14.233s][info ][safepoint     ] Total time for which application threads were stopped: 0.0340408 seconds, Stopping threads took: 0.0000291 seconds
[2022-02-04T14:43:38.973+0000][14.234s][info ][gc,stringdedup] Concurrent String Deduplication (14.234s)
[2022-02-04T14:43:38.976+0000][14.238s][info ][gc,stringdedup] Concurrent String Deduplication 184.0K->81392.0B(104.5K) avg 44.8% (14.234s, 14.238s) 3.318ms
[2022-02-04T14:43:39.972+0000][15.234s][debug][safepoint     ] Safepoint synchronization initiated. (12 threads)
[2022-02-04T14:43:39.972+0000][15.234s][info ][safepoint     ] Application time: 1.0002152 seconds
[2022-02-04T14:43:39.972+0000][15.234s][info ][safepoint     ] Entering safepoint region: Cleanup
[2022-02-04T14:43:39.972+0000][15.234s][info ][safepoint     ] Leaving safepoint region
[2022-02-04T14:43:39.972+0000][15.234s][info ][safepoint     ] Total time for which application threads were stopped: 0.0001533 seconds, Stopping threads took: 0.0000104 seconds
[2022-02-04T14:43:40.820+0000][16.081s][debug][safepoint     ] Safepoint synchronization initiated. (12 threads)
[2022-02-04T14:43:40.820+0000][16.081s][info ][safepoint     ] Application time: 0.8474074 seconds
[2022-02-04T14:43:40.820+0000][16.081s][debug][safepoint     ] Waiting for 2 thread(s) to block
[2022-02-04T14:43:40.820+0000][16.081s][info ][safepoint     ] Entering safepoint region: G1CollectForAllocation
[2022-02-04T14:43:40.820+0000][16.081s][info ][gc,start      ] GC(26) Pause Young (Normal) (G1 Evacuation Pause)
[2022-02-04T14:43:40.820+0000][16.081s][info ][gc,task       ] GC(26) Using 4 workers of 4 for evacuation
[2022-02-04T14:43:40.838+0000][16.099s][info ][gc,phases     ] GC(26)   Pre Evacuate Collection Set: 0.0ms
[2022-02-04T14:43:40.838+0000][16.099s][info ][gc,phases     ] GC(26)   Evacuate Collection Set: 13.5ms
[2022-02-04T14:43:40.838+0000][16.099s][info ][gc,phases     ] GC(26)   Post Evacuate Collection Set: 4.3ms
[2022-02-04T14:43:40.838+0000][16.099s][info ][gc,phases     ] GC(26)   Other: 0.2ms
[2022-02-04T14:43:40.838+0000][16.099s][info ][gc,heap       ] GC(26) Eden regions: 225->0(225)
[2022-02-04T14:43:40.838+0000][16.100s][info ][gc,heap       ] GC(26) Survivor regions: 14->14(30)
[2022-02-04T14:43:40.838+0000][16.100s][info ][gc,heap       ] GC(26) Old regions: 20->20
[2022-02-04T14:43:40.838+0000][16.100s][info ][gc,heap       ] GC(26) Humongous regions: 0->0
[2022-02-04T14:43:40.838+0000][16.100s][info ][gc,metaspace  ] GC(26) Metaspace: 53547K->53547K(1097728K)
[2022-02-04T14:43:40.838+0000][16.100s][info ][gc            ] GC(26) Pause Young (Normal) (G1 Evacuation Pause) 256M->32M(399M) 18.078ms
[2022-02-04T14:43:40.838+0000][16.100s][info ][gc,cpu        ] GC(26) User=0.05s Sys=0.00s Real=0.02s
[2022-02-04T14:43:40.838+0000][16.100s][info ][safepoint     ] Leaving safepoint region
[2022-02-04T14:43:40.838+0000][16.100s][info ][safepoint     ] Total time for which application threads were stopped: 0.0183368 seconds, Stopping threads took: 0.0000786 seconds
[2022-02-04T14:43:40.839+0000][16.100s][info ][gc,stringdedup] Concurrent String Deduplication (16.100s)
[2022-02-04T14:43:40.840+0000][16.102s][info ][gc,stringdedup] Concurrent String Deduplication 220.9K->97920.0B(125.2K) avg 45.1% (16.100s, 16.102s) 1.399ms
[2022-02-04T14:43:41.046+0000][16.308s][debug][safepoint     ] Safepoint synchronization initiated. (12 threads)
[2022-02-04T14:43:41.046+0000][16.308s][info ][safepoint     ] Application time: 0.2085504 seconds
[2022-02-04T14:43:41.047+0000][16.308s][info ][safepoint     ] Entering safepoint region: Deoptimize
[2022-02-04T14:43:41.047+0000][16.309s][info ][safepoint     ] Leaving safepoint region
[2022-02-04T14:43:41.047+0000][16.309s][info ][safepoint     ] Total time for which application threads were stopped: 0.0005837 seconds, Stopping threads took: 0.0000099 seconds
[2022-02-04T14:43:41.223+0000][16.485s][debug][safepoint     ] Safepoint synchronization initiated. (12 threads)
[2022-02-04T14:43:41.223+0000][16.485s][info ][safepoint     ] Application time: 0.1758256 seconds
[2022-02-04T14:43:41.223+0000][16.485s][debug][safepoint     ] Waiting for 1 thread(s) to block
[2022-02-04T14:43:41.223+0000][16.485s][info ][safepoint     ] Entering safepoint region: Deoptimize
[2022-02-04T14:43:41.223+0000][16.485s][info ][safepoint     ] Leaving safepoint region
[2022-02-04T14:43:41.224+0000][16.485s][info ][safepoint     ] Total time for which application threads were stopped: 0.0006043 seconds, Stopping threads took: 0.0000455 seconds
[2022-02-04T14:43:41.750+0000][17.012s][debug][safepoint     ] Safepoint synchronization initiated. (12 threads)
[2022-02-04T14:43:41.750+0000][17.012s][info ][safepoint     ] Application time: 0.5268241 seconds
[2022-02-04T14:43:41.750+0000][17.012s][debug][safepoint     ] Waiting for 1 thread(s) to block
[2022-02-04T14:43:41.752+0000][17.013s][info ][safepoint     ] Entering safepoint region: ICBufferFull
[2022-02-04T14:43:41.752+0000][17.014s][info ][safepoint     ] Leaving safepoint region
[2022-02-04T14:43:41.752+0000][17.014s][info ][safepoint     ] Total time for which application threads were stopped: 0.0015108 seconds, Stopping threads took: 0.0013537 seconds
[2022-02-04T14:43:42.370+0000][17.631s][debug][safepoint     ] Safepoint synchronization initiated. (12 threads)
[2022-02-04T14:43:42.370+0000][17.631s][info ][safepoint     ] Application time: 0.6178054 seconds
[2022-02-04T14:43:42.370+0000][17.631s][info ][safepoint     ] Entering safepoint region: G1CollectForAllocation
[2022-02-04T14:43:42.370+0000][17.632s][info ][gc,start      ] GC(27) Pause Young (Normal) (G1 Evacuation Pause)
[2022-02-04T14:43:42.370+0000][17.632s][info ][gc,task       ] GC(27) Using 4 workers of 4 for evacuation
[2022-02-04T14:43:42.392+0000][17.653s][info ][gc,phases     ] GC(27)   Pre Evacuate Collection Set: 0.0ms
[2022-02-04T14:43:42.392+0000][17.653s][info ][gc,phases     ] GC(27)   Evacuate Collection Set: 18.1ms
[2022-02-04T14:43:42.392+0000][17.653s][info ][gc,phases     ] GC(27)   Post Evacuate Collection Set: 3.5ms
[2022-02-04T14:43:42.392+0000][17.653s][info ][gc,phases     ] GC(27)   Other: 0.2ms
[2022-02-04T14:43:42.392+0000][17.653s][info ][gc,heap       ] GC(27) Eden regions: 225->0(222)
[2022-02-04T14:43:42.392+0000][17.653s][info ][gc,heap       ] GC(27) Survivor regions: 14->17(30)
[2022-02-04T14:43:42.392+0000][17.653s][info ][gc,heap       ] GC(27) Old regions: 20->20
[2022-02-04T14:43:42.392+0000][17.653s][info ][gc,heap       ] GC(27) Humongous regions: 0->0
[2022-02-04T14:43:42.392+0000][17.653s][info ][gc,metaspace  ] GC(27) Metaspace: 58733K->58733K(1101824K)
[2022-02-04T14:43:42.392+0000][17.653s][info ][gc            ] GC(27) Pause Young (Normal) (G1 Evacuation Pause) 257M->35M(399M) 21.946ms
[2022-02-04T14:43:42.392+0000][17.654s][info ][gc,cpu        ] GC(27) User=0.06s Sys=0.00s Real=0.02s
[2022-02-04T14:43:42.392+0000][17.654s][info ][safepoint     ] Leaving safepoint region
[2022-02-04T14:43:42.392+0000][17.654s][info ][safepoint     ] Total time for which application threads were stopped: 0.0221594 seconds, Stopping threads took: 0.0000096 seconds
[2022-02-04T14:43:42.392+0000][17.654s][info ][gc,stringdedup] Concurrent String Deduplication (17.654s)
[2022-02-04T14:43:42.395+0000][17.656s][info ][gc,stringdedup] Concurrent String Deduplication 234.0K->101.9K(132.1K) avg 45.5% (17.654s, 17.656s) 2.084ms
[2022-02-04T14:43:42.655+0000][17.917s][debug][safepoint     ] Safepoint synchronization initiated. (12 threads)
[2022-02-04T14:43:42.655+0000][17.917s][info ][safepoint     ] Application time: 0.2630272 seconds
[2022-02-04T14:43:42.655+0000][17.917s][debug][safepoint     ] Waiting for 2 thread(s) to block
[2022-02-04T14:43:42.655+0000][17.917s][info ][safepoint     ] Entering safepoint region: ICBufferFull
[2022-02-04T14:43:42.655+0000][17.917s][info ][safepoint     ] Leaving safepoint region
[2022-02-04T14:43:42.655+0000][17.917s][info ][safepoint     ] Total time for which application threads were stopped: 0.0002505 seconds, Stopping threads took: 0.0000887 seconds
[2022-02-04T14:43:42.759+0000][18.021s][debug][safepoint     ] Safepoint synchronization initiated. (12 threads)
[2022-02-04T14:43:42.759+0000][18.021s][info ][safepoint     ] Application time: 0.1037152 seconds
[2022-02-04T14:43:42.759+0000][18.021s][info ][safepoint     ] Entering safepoint region: ICBufferFull
[2022-02-04T14:43:42.759+0000][18.021s][info ][safepoint     ] Leaving safepoint region
[2022-02-04T14:43:42.759+0000][18.021s][info ][safepoint     ] Total time for which application threads were stopped: 0.0002831 seconds, Stopping threads took: 0.0000246 seconds
[2022-02-04T14:43:42.883+0000][18.145s][debug][safepoint     ] Safepoint synchronization initiated. (12 threads)
[2022-02-04T14:43:42.883+0000][18.145s][info ][safepoint     ] Application time: 0.1237759 seconds
[2022-02-04T14:43:42.883+0000][18.145s][info ][safepoint     ] Entering safepoint region: ICBufferFull
[2022-02-04T14:43:42.883+0000][18.145s][info ][safepoint     ] Leaving safepoint region
[2022-02-04T14:43:42.883+0000][18.145s][info ][safepoint     ] Total time for which application threads were stopped: 0.0001552 seconds, Stopping threads took: 0.0000097 seconds
[2022-02-04T14:43:43.182+0000][18.443s][debug][safepoint     ] Safepoint synchronization initiated. (12 threads)
[2022-02-04T14:43:43.182+0000][18.443s][info ][safepoint     ] Application time: 0.2986301 seconds
[2022-02-04T14:43:43.182+0000][18.443s][info ][safepoint     ] Entering safepoint region: ICBufferFull
[2022-02-04T14:43:43.182+0000][18.444s][info ][safepoint     ] Leaving safepoint region
[2022-02-04T14:43:43.182+0000][18.444s][info ][safepoint     ] Total time for which application threads were stopped: 0.0002203 seconds, Stopping threads took: 0.0000100 seconds
[2022-02-04T14:43:43.573+0000][18.834s][debug][safepoint     ] Safepoint synchronization initiated. (12 threads)
[2022-02-04T14:43:43.573+0000][18.834s][info ][safepoint     ] Application time: 0.3906447 seconds
[2022-02-04T14:43:43.573+0000][18.834s][info ][safepoint     ] Entering safepoint region: G1CollectForAllocation
[2022-02-04T14:43:43.573+0000][18.835s][info ][gc,start      ] GC(28) Pause Young (Normal) (G1 Evacuation Pause)
[2022-02-04T14:43:43.573+0000][18.835s][info ][gc,task       ] GC(28) Using 4 workers of 4 for evacuation
[2022-02-04T14:43:43.606+0000][18.868s][info ][gc,phases     ] GC(28)   Pre Evacuate Collection Set: 0.0ms
[2022-02-04T14:43:43.607+0000][18.868s][info ][gc,phases     ] GC(28)   Evacuate Collection Set: 30.6ms
[2022-02-04T14:43:43.607+0000][18.868s][info ][gc,phases     ] GC(28)   Post Evacuate Collection Set: 2.9ms
[2022-02-04T14:43:43.607+0000][18.868s][info ][gc,phases     ] GC(28)   Other: 0.2ms
[2022-02-04T14:43:43.607+0000][18.868s][info ][gc,heap       ] GC(28) Eden regions: 222->0(222)
[2022-02-04T14:43:43.607+0000][18.868s][info ][gc,heap       ] GC(28) Survivor regions: 17->17(30)
[2022-02-04T14:43:43.607+0000][18.868s][info ][gc,heap       ] GC(28) Old regions: 20->21
[2022-02-04T14:43:43.607+0000][18.868s][info ][gc,heap       ] GC(28) Humongous regions: 0->0
[2022-02-04T14:43:43.607+0000][18.868s][info ][gc,metaspace  ] GC(28) Metaspace: 63009K->63009K(1105920K)
[2022-02-04T14:43:43.607+0000][18.868s][info ][gc            ] GC(28) Pause Young (Normal) (G1 Evacuation Pause) 257M->35M(399M) 33.766ms
[2022-02-04T14:43:43.607+0000][18.868s][info ][gc,cpu        ] GC(28) User=0.07s Sys=0.00s Real=0.04s
[2022-02-04T14:43:43.607+0000][18.868s][info ][safepoint     ] Leaving safepoint region
[2022-02-04T14:43:43.607+0000][18.868s][info ][safepoint     ] Total time for which application threads were stopped: 0.0339993 seconds, Stopping threads took: 0.0000100 seconds
[2022-02-04T14:43:43.607+0000][18.869s][info ][gc,stringdedup] Concurrent String Deduplication (18.869s)
[2022-02-04T14:43:43.609+0000][18.870s][info ][gc,stringdedup] Concurrent String Deduplication 103.3K->19040.0B(86696.0B) avg 46.0% (18.869s, 18.870s) 1.546ms
[2022-02-04T14:43:43.766+0000][19.028s][debug][safepoint     ] Safepoint synchronization initiated. (12 threads)
[2022-02-04T14:43:43.766+0000][19.028s][info ][safepoint     ] Application time: 0.1594423 seconds
[2022-02-04T14:43:43.766+0000][19.028s][info ][safepoint     ] Entering safepoint region: Deoptimize
[2022-02-04T14:43:43.767+0000][19.029s][info ][safepoint     ] Leaving safepoint region
[2022-02-04T14:43:43.767+0000][19.029s][info ][safepoint     ] Total time for which application threads were stopped: 0.0008524 seconds, Stopping threads took: 0.0000103 seconds
[2022-02-04T14:43:43.924+0000][19.185s][debug][safepoint     ] Safepoint synchronization initiated. (12 threads)
[2022-02-04T14:43:43.924+0000][19.185s][info ][safepoint     ] Application time: 0.1566893 seconds
[2022-02-04T14:43:43.925+0000][19.187s][debug][safepoint     ] ... found polling page return exception at pc = 0x00007f99f0369214, stub =0x00007f99e88beb80
[2022-02-04T14:43:43.926+0000][19.188s][debug][safepoint     ] Waiting for 1 thread(s) to block
[2022-02-04T14:43:43.926+0000][19.188s][info ][safepoint     ] Entering safepoint region: CollectForMetadataAllocation
[2022-02-04T14:43:43.926+0000][19.188s][info ][gc,start      ] GC(29) Pause Young (Concurrent Start) (Metadata GC Threshold)
[2022-02-04T14:43:43.926+0000][19.188s][info ][gc,task       ] GC(29) Using 4 workers of 4 for evacuation
[2022-02-04T14:43:43.974+0000][19.235s][info ][gc,phases     ] GC(29)   Pre Evacuate Collection Set: 0.1ms
[2022-02-04T14:43:43.974+0000][19.235s][info ][gc,phases     ] GC(29)   Evacuate Collection Set: 44.4ms
[2022-02-04T14:43:43.974+0000][19.236s][info ][gc,phases     ] GC(29)   Post Evacuate Collection Set: 2.7ms
[2022-02-04T14:43:43.974+0000][19.236s][info ][gc,phases     ] GC(29)   Other: 0.2ms
[2022-02-04T14:43:43.974+0000][19.236s][info ][gc,heap       ] GC(29) Eden regions: 47->0(223)
[2022-02-04T14:43:43.974+0000][19.236s][info ][gc,heap       ] GC(29) Survivor regions: 17->16(30)
[2022-02-04T14:43:43.974+0000][19.236s][info ][gc,heap       ] GC(29) Old regions: 21->22
[2022-02-04T14:43:43.974+0000][19.236s][info ][gc,heap       ] GC(29) Humongous regions: 0->0
[2022-02-04T14:43:43.974+0000][19.236s][info ][gc,metaspace  ] GC(29) Metaspace: 64609K->64609K(1105920K)
[2022-02-04T14:43:43.974+0000][19.236s][info ][gc            ] GC(29) Pause Young (Concurrent Start) (Metadata GC Threshold) 82M->36M(399M) 47.574ms
[2022-02-04T14:43:43.974+0000][19.236s][info ][gc,cpu        ] GC(29) User=0.10s Sys=0.00s Real=0.04s
[2022-02-04T14:43:43.974+0000][19.236s][info ][gc            ] GC(30) Concurrent Cycle
[2022-02-04T14:43:43.974+0000][19.236s][info ][safepoint     ] Leaving safepoint region
[2022-02-04T14:43:43.974+0000][19.236s][info ][gc,marking    ] GC(30) Concurrent Clear Claimed Marks
[2022-02-04T14:43:43.974+0000][19.236s][info ][safepoint     ] Total time for which application threads were stopped: 0.0503182 seconds, Stopping threads took: 0.0025424 seconds
[2022-02-04T14:43:43.974+0000][19.236s][info ][gc,marking    ] GC(30) Concurrent Clear Claimed Marks 0.102ms
[2022-02-04T14:43:43.974+0000][19.236s][info ][gc,marking    ] GC(30) Concurrent Scan Root Regions
[2022-02-04T14:43:43.975+0000][19.237s][info ][gc,stringdedup] Concurrent String Deduplication (19.237s)
[2022-02-04T14:43:43.977+0000][19.239s][info ][gc,stringdedup] Concurrent String Deduplication 179.9K->43400.0B(137.5K) avg 46.6% (19.237s, 19.239s) 1.586ms
[2022-02-04T14:43:43.987+0000][19.249s][info ][gc,marking    ] GC(30) Concurrent Scan Root Regions 13.097ms
[2022-02-04T14:43:43.987+0000][19.249s][info ][gc,marking    ] GC(30) Concurrent Mark (19.249s)
[2022-02-04T14:43:43.987+0000][19.249s][info ][gc,marking    ] GC(30) Concurrent Mark From Roots
[2022-02-04T14:43:43.987+0000][19.249s][info ][gc,task       ] GC(30) Using 1 workers of 1 for marking
[2022-02-04T14:43:44.026+0000][19.288s][info ][gc,marking    ] GC(30) Concurrent Mark From Roots 38.884ms
[2022-02-04T14:43:44.026+0000][19.288s][info ][gc,marking    ] GC(30) Concurrent Preclean
[2022-02-04T14:43:44.026+0000][19.288s][info ][gc,marking    ] GC(30) Concurrent Preclean 0.085ms
[2022-02-04T14:43:44.026+0000][19.288s][info ][gc,marking    ] GC(30) Concurrent Mark (19.249s, 19.288s) 39.048ms
[2022-02-04T14:43:44.026+0000][19.288s][debug][safepoint     ] Safepoint synchronization initiated. (12 threads)
[2022-02-04T14:43:44.026+0000][19.288s][info ][safepoint     ] Application time: 0.0523284 seconds
[2022-02-04T14:43:44.026+0000][19.288s][debug][safepoint     ] Waiting for 1 thread(s) to block
[2022-02-04T14:43:44.034+0000][19.295s][info ][safepoint     ] Entering safepoint region: CGC_Operation
[2022-02-04T14:43:44.034+0000][19.295s][info ][gc,start      ] GC(30) Pause Remark
[2022-02-04T14:43:44.051+0000][19.313s][info ][gc,stringtable] GC(30) Cleaned string and symbol table, strings: 27594 processed, 1 removed, symbols: 197907 processed, 210 removed
[2022-02-04T14:43:44.051+0000][19.313s][info ][gc            ] GC(30) Pause Remark 37M->37M(399M) 17.465ms
[2022-02-04T14:43:44.051+0000][19.313s][info ][gc,cpu        ] GC(30) User=0.05s Sys=0.00s Real=0.02s
[2022-02-04T14:43:44.051+0000][19.313s][info ][safepoint     ] Leaving safepoint region
[2022-02-04T14:43:44.051+0000][19.313s][info ][safepoint     ] Total time for which application threads were stopped: 0.0249206 seconds, Stopping threads took: 0.0073112 seconds
[2022-02-04T14:43:44.051+0000][19.313s][info ][gc,marking    ] GC(30) Concurrent Rebuild Remembered Sets
[2022-02-04T14:43:44.073+0000][19.335s][info ][gc,marking    ] GC(30) Concurrent Rebuild Remembered Sets 21.506ms
[2022-02-04T14:43:44.073+0000][19.335s][debug][safepoint     ] Safepoint synchronization initiated. (12 threads)
[2022-02-04T14:43:44.073+0000][19.335s][info ][safepoint     ] Application time: 0.0216074 seconds
[2022-02-04T14:43:44.073+0000][19.335s][debug][safepoint     ] ... found polling page return exception at pc = 0x00007f99e9a3617e, stub =0x00007f99e88beb80
[2022-02-04T14:43:44.073+0000][19.335s][debug][safepoint     ] Waiting for 1 thread(s) to block
[2022-02-04T14:43:44.073+0000][19.335s][info ][safepoint     ] Entering safepoint region: CGC_Operation
[2022-02-04T14:43:44.073+0000][19.335s][info ][gc,start      ] GC(30) Pause Cleanup
[2022-02-04T14:43:44.073+0000][19.335s][info ][gc            ] GC(30) Pause Cleanup 38M->38M(399M) 0.120ms
[2022-02-04T14:43:44.073+0000][19.335s][info ][gc,cpu        ] GC(30) User=0.01s Sys=0.00s Real=0.00s
[2022-02-04T14:43:44.073+0000][19.335s][info ][safepoint     ] Leaving safepoint region
[2022-02-04T14:43:44.073+0000][19.335s][info ][safepoint     ] Total time for which application threads were stopped: 0.0003555 seconds, Stopping threads took: 0.0001462 seconds
[2022-02-04T14:43:44.073+0000][19.335s][info ][gc,marking    ] GC(30) Concurrent Cleanup for Next Mark
[2022-02-04T14:43:44.077+0000][19.339s][info ][gc,marking    ] GC(30) Concurrent Cleanup for Next Mark 3.878ms
[2022-02-04T14:43:44.077+0000][19.339s][info ][gc            ] GC(30) Concurrent Cycle 103.244ms
[2022-02-04T14:43:44.611+0000][19.873s][debug][safepoint     ] Safepoint synchronization initiated. (12 threads)
[2022-02-04T14:43:44.611+0000][19.873s][info ][safepoint     ] Application time: 0.5378056 seconds
[2022-02-04T14:43:44.611+0000][19.873s][debug][safepoint     ] Waiting for 1 thread(s) to block
[2022-02-04T14:43:44.611+0000][19.873s][info ][safepoint     ] Entering safepoint region: Deoptimize
[2022-02-04T14:43:44.612+0000][19.874s][info ][safepoint     ] Leaving safepoint region
[2022-02-04T14:43:44.612+0000][19.874s][info ][safepoint     ] Total time for which application threads were stopped: 0.0008096 seconds, Stopping threads took: 0.0000724 seconds
[2022-02-04T14:43:44.819+0000][20.080s][debug][safepoint     ] Safepoint synchronization initiated. (12 threads)
[2022-02-04T14:43:44.819+0000][20.080s][info ][safepoint     ] Application time: 0.2066499 seconds
[2022-02-04T14:43:44.819+0000][20.080s][info ][safepoint     ] Entering safepoint region: Deoptimize
[2022-02-04T14:43:44.819+0000][20.081s][info ][safepoint     ] Leaving safepoint region
[2022-02-04T14:43:44.819+0000][20.081s][info ][safepoint     ] Total time for which application threads were stopped: 0.0006564 seconds, Stopping threads took: 0.0000093 seconds
[2022-02-04T14:43:45.056+0000][20.317s][debug][safepoint     ] Safepoint synchronization initiated. (12 threads)
[2022-02-04T14:43:45.056+0000][20.317s][info ][safepoint     ] Application time: 0.2364537 seconds
[2022-02-04T14:43:45.056+0000][20.317s][info ][safepoint     ] Entering safepoint region: ICBufferFull
[2022-02-04T14:43:45.056+0000][20.317s][info ][safepoint     ] Leaving safepoint region
[2022-02-04T14:43:45.056+0000][20.318s][info ][safepoint     ] Total time for which application threads were stopped: 0.0001603 seconds, Stopping threads took: 0.0000248 seconds
[2022-02-04T14:43:45.583+0000][20.845s][debug][safepoint     ] Safepoint synchronization initiated. (12 threads)
[2022-02-04T14:43:45.584+0000][20.845s][info ][safepoint     ] Application time: 0.5276829 seconds
[2022-02-04T14:43:45.584+0000][20.845s][info ][safepoint     ] Entering safepoint region: ICBufferFull
[2022-02-04T14:43:45.584+0000][20.845s][info ][safepoint     ] Leaving safepoint region
[2022-02-04T14:43:45.584+0000][20.845s][info ][safepoint     ] Total time for which application threads were stopped: 0.0001536 seconds, Stopping threads took: 0.0000103 seconds
[2022-02-04T14:43:45.999+0000][21.261s][debug][safepoint     ] Safepoint synchronization initiated. (12 threads)
[2022-02-04T14:43:46.000+0000][21.262s][info ][safepoint     ] Application time: 0.4163296 seconds
[2022-02-04T14:43:46.000+0000][21.262s][info ][safepoint     ] Entering safepoint region: ICBufferFull
[2022-02-04T14:43:46.000+0000][21.262s][info ][safepoint     ] Leaving safepoint region
[2022-02-04T14:43:46.000+0000][21.262s][info ][safepoint     ] Total time for which application threads were stopped: 0.0001664 seconds, Stopping threads took: 0.0000118 seconds
[2022-02-04T14:43:46.307+0000][21.568s][debug][safepoint     ] Safepoint synchronization initiated. (12 threads)
[2022-02-04T14:43:46.307+0000][21.568s][info ][safepoint     ] Application time: 0.3065086 seconds
[2022-02-04T14:43:46.307+0000][21.568s][info ][safepoint     ] Entering safepoint region: ICBufferFull
[2022-02-04T14:43:46.307+0000][21.569s][info ][safepoint     ] Leaving safepoint region
[2022-02-04T14:43:46.307+0000][21.569s][info ][safepoint     ] Total time for which application threads were stopped: 0.0001745 seconds, Stopping threads took: 0.0000110 seconds
[2022-02-04T14:43:46.579+0000][21.841s][debug][safepoint     ] Safepoint synchronization initiated. (12 threads)
[2022-02-04T14:43:46.579+0000][21.841s][info ][safepoint     ] Application time: 0.2719953 seconds
[2022-02-04T14:43:46.579+0000][21.841s][debug][safepoint     ] Waiting for 1 thread(s) to block
[2022-02-04T14:43:46.579+0000][21.841s][info ][safepoint     ] Entering safepoint region: ICBufferFull
[2022-02-04T14:43:46.579+0000][21.841s][info ][safepoint     ] Leaving safepoint region
[2022-02-04T14:43:46.579+0000][21.841s][info ][safepoint     ] Total time for which application threads were stopped: 0.0001966 seconds, Stopping threads took: 0.0000272 seconds
[2022-02-04T14:43:46.600+0000][21.861s][debug][safepoint     ] Safepoint synchronization initiated. (12 threads)
[2022-02-04T14:43:46.600+0000][21.861s][info ][safepoint     ] Application time: 0.0204412 seconds
[2022-02-04T14:43:46.600+0000][21.861s][debug][safepoint     ] Waiting for 1 thread(s) to block
[2022-02-04T14:43:46.600+0000][21.861s][info ][safepoint     ] Entering safepoint region: G1CollectForAllocation
[2022-02-04T14:43:46.600+0000][21.861s][info ][gc,start      ] GC(31) Pause Young (Normal) (G1 Evacuation Pause)
[2022-02-04T14:43:46.600+0000][21.861s][info ][gc,task       ] GC(31) Using 4 workers of 4 for evacuation
[2022-02-04T14:43:46.632+0000][21.893s][info ][gc,phases     ] GC(31)   Pre Evacuate Collection Set: 0.0ms
[2022-02-04T14:43:46.632+0000][21.893s][info ][gc,phases     ] GC(31)   Evacuate Collection Set: 29.2ms
[2022-02-04T14:43:46.632+0000][21.893s][info ][gc,phases     ] GC(31)   Post Evacuate Collection Set: 2.6ms
[2022-02-04T14:43:46.632+0000][21.893s][info ][gc,phases     ] GC(31)   Other: 0.1ms
[2022-02-04T14:43:46.632+0000][21.893s][info ][gc,heap       ] GC(31) Eden regions: 223->0(216)
[2022-02-04T14:43:46.632+0000][21.893s][info ][gc,heap       ] GC(31) Survivor regions: 16->23(30)
[2022-02-04T14:43:46.632+0000][21.893s][info ][gc,heap       ] GC(31) Old regions: 22->23
[2022-02-04T14:43:46.632+0000][21.893s][info ][gc,heap       ] GC(31) Humongous regions: 0->0
[2022-02-04T14:43:46.632+0000][21.893s][info ][gc,metaspace  ] GC(31) Metaspace: 68922K->68922K(1110016K)
[2022-02-04T14:43:46.632+0000][21.893s][info ][gc            ] GC(31) Pause Young (Normal) (G1 Evacuation Pause) 259M->43M(399M) 32.070ms
[2022-02-04T14:43:46.632+0000][21.893s][info ][gc,cpu        ] GC(31) User=0.08s Sys=0.00s Real=0.03s
[2022-02-04T14:43:46.632+0000][21.893s][info ][safepoint     ] Leaving safepoint region
[2022-02-04T14:43:46.632+0000][21.893s][info ][safepoint     ] Total time for which application threads were stopped: 0.0322077 seconds, Stopping threads took: 0.0000300 seconds
[2022-02-04T14:43:46.632+0000][21.894s][info ][gc,stringdedup] Concurrent String Deduplication (21.894s)
[2022-02-04T14:43:46.633+0000][21.895s][info ][gc,stringdedup] Concurrent String Deduplication 218.9K->134.0K(86928.0B) avg 46.4% (21.894s, 21.895s) 1.130ms
[2022-02-04T14:43:46.779+0000][22.040s][debug][safepoint     ] Safepoint synchronization initiated. (12 threads)
[2022-02-04T14:43:46.779+0000][22.040s][info ][safepoint     ] Application time: 0.1470025 seconds
[2022-02-04T14:43:46.779+0000][22.040s][debug][safepoint     ] Waiting for 1 thread(s) to block
[2022-02-04T14:43:46.779+0000][22.041s][info ][safepoint     ] Entering safepoint region: Deoptimize
[2022-02-04T14:43:46.780+0000][22.041s][info ][safepoint     ] Leaving safepoint region
[2022-02-04T14:43:46.780+0000][22.041s][info ][safepoint     ] Total time for which application threads were stopped: 0.0008071 seconds, Stopping threads took: 0.0000286 seconds
[2022-02-04T14:43:47.365+0000][22.627s][debug][safepoint     ] Safepoint synchronization initiated. (12 threads)
[2022-02-04T14:43:47.365+0000][22.627s][info ][safepoint     ] Application time: 0.5852904 seconds
[2022-02-04T14:43:47.365+0000][22.627s][debug][safepoint     ] Waiting for 1 thread(s) to block
[2022-02-04T14:43:47.365+0000][22.627s][info ][safepoint     ] Entering safepoint region: ICBufferFull
[2022-02-04T14:43:47.365+0000][22.627s][info ][safepoint     ] Leaving safepoint region
[2022-02-04T14:43:47.365+0000][22.627s][info ][safepoint     ] Total time for which application threads were stopped: 0.0001641 seconds, Stopping threads took: 0.0000291 seconds
[2022-02-04T14:43:47.693+0000][22.955s][debug][safepoint     ] Safepoint synchronization initiated. (13 threads)
[2022-02-04T14:43:47.693+0000][22.955s][info ][safepoint     ] Application time: 0.3277990 seconds
[2022-02-04T14:43:47.693+0000][22.955s][info ][safepoint     ] Entering safepoint region: ICBufferFull
[2022-02-04T14:43:47.693+0000][22.955s][info ][safepoint     ] Leaving safepoint region
[2022-02-04T14:43:47.693+0000][22.955s][info ][safepoint     ] Total time for which application threads were stopped: 0.0003440 seconds, Stopping threads took: 0.0000117 seconds
[2022-02-04T14:43:47.865+0000][23.126s][debug][safepoint     ] Safepoint synchronization initiated. (13 threads)
[2022-02-04T14:43:47.865+0000][23.126s][info ][safepoint     ] Application time: 0.1713908 seconds
[2022-02-04T14:43:47.865+0000][23.126s][debug][safepoint     ] Waiting for 2 thread(s) to block
[2022-02-04T14:43:47.865+0000][23.126s][info ][safepoint     ] Entering safepoint region: ICBufferFull
[2022-02-04T14:43:47.865+0000][23.127s][info ][safepoint     ] Leaving safepoint region
[2022-02-04T14:43:47.865+0000][23.127s][info ][safepoint     ] Total time for which application threads were stopped: 0.0002098 seconds, Stopping threads took: 0.0000532 seconds
[2022-02-04T14:43:47.998+0000][23.259s][debug][safepoint     ] Safepoint synchronization initiated. (13 threads)
[2022-02-04T14:43:47.998+0000][23.259s][info ][safepoint     ] Application time: 0.1328558 seconds
[2022-02-04T14:43:47.998+0000][23.259s][info ][safepoint     ] Entering safepoint region: Deoptimize
[2022-02-04T14:43:48.003+0000][23.264s][info ][safepoint     ] Leaving safepoint region
[2022-02-04T14:43:48.003+0000][23.264s][info ][safepoint     ] Total time for which application threads were stopped: 0.0048626 seconds, Stopping threads took: 0.0000102 seconds
[2022-02-04T14:43:48.206+0000][23.467s][debug][safepoint     ] Safepoint synchronization initiated. (13 threads)
[2022-02-04T14:43:48.206+0000][23.467s][info ][safepoint     ] Application time: 0.2029410 seconds
[2022-02-04T14:43:48.206+0000][23.467s][info ][safepoint     ] Entering safepoint region: Deoptimize
[2022-02-04T14:43:48.206+0000][23.468s][info ][safepoint     ] Leaving safepoint region
[2022-02-04T14:43:48.206+0000][23.468s][info ][safepoint     ] Total time for which application threads were stopped: 0.0008833 seconds, Stopping threads took: 0.0000100 seconds
[2022-02-04T14:43:48.451+0000][23.713s][debug][safepoint     ] Safepoint synchronization initiated. (18 threads)
[2022-02-04T14:43:48.451+0000][23.713s][info ][safepoint     ] Application time: 0.2445743 seconds
[2022-02-04T14:43:48.451+0000][23.713s][debug][safepoint     ] Waiting for 1 thread(s) to block
[2022-02-04T14:43:48.451+0000][23.713s][info ][safepoint     ] Entering safepoint region: ICBufferFull
[2022-02-04T14:43:48.451+0000][23.713s][info ][safepoint     ] Leaving safepoint region
[2022-02-04T14:43:48.451+0000][23.713s][info ][safepoint     ] Total time for which application threads were stopped: 0.0002254 seconds, Stopping threads took: 0.0000918 seconds
[2022-02-04T14:43:48.683+0000][23.945s][debug][safepoint     ] Safepoint synchronization initiated. (22 threads)
[2022-02-04T14:43:48.683+0000][23.945s][info ][safepoint     ] Application time: 0.2317203 seconds
[2022-02-04T14:43:48.683+0000][23.945s][debug][safepoint     ] Waiting for 1 thread(s) to block
[2022-02-04T14:43:48.683+0000][23.945s][info ][safepoint     ] Entering safepoint region: ICBufferFull
[2022-02-04T14:43:48.683+0000][23.945s][info ][safepoint     ] Leaving safepoint region
[2022-02-04T14:43:48.683+0000][23.945s][info ][safepoint     ] Total time for which application threads were stopped: 0.0002109 seconds, Stopping threads took: 0.0000307 seconds
[2022-02-04T14:43:48.686+0000][23.948s][debug][safepoint     ] Safepoint synchronization initiated. (22 threads)
[2022-02-04T14:43:48.686+0000][23.948s][info ][safepoint     ] Application time: 0.0032353 seconds
[2022-02-04T14:43:48.687+0000][23.948s][info ][safepoint     ] Entering safepoint region: Deoptimize
[2022-02-04T14:43:48.688+0000][23.950s][info ][safepoint     ] Leaving safepoint region
[2022-02-04T14:43:48.688+0000][23.950s][info ][safepoint     ] Total time for which application threads were stopped: 0.0014078 seconds, Stopping threads took: 0.0000110 seconds
[2022-02-04T14:43:48.693+0000][23.954s][debug][safepoint     ] Safepoint synchronization initiated. (22 threads)
[2022-02-04T14:43:48.693+0000][23.954s][info ][safepoint     ] Application time: 0.0048913 seconds
[2022-02-04T14:43:48.693+0000][23.954s][debug][safepoint     ] Waiting for 1 thread(s) to block
[2022-02-04T14:43:48.693+0000][23.955s][info ][safepoint     ] Entering safepoint region: Deoptimize
[2022-02-04T14:43:48.694+0000][23.955s][info ][safepoint     ] Leaving safepoint region
[2022-02-04T14:43:48.694+0000][23.955s][info ][safepoint     ] Total time for which application threads were stopped: 0.0008622 seconds, Stopping threads took: 0.0000474 seconds
[2022-02-04T14:43:48.718+0000][23.979s][debug][safepoint     ] Safepoint synchronization initiated. (22 threads)
[2022-02-04T14:43:48.718+0000][23.979s][info ][safepoint     ] Application time: 0.0239746 seconds
[2022-02-04T14:43:48.718+0000][23.979s][debug][safepoint     ] Waiting for 1 thread(s) to block
[2022-02-04T14:43:48.718+0000][23.979s][info ][safepoint     ] Entering safepoint region: Deoptimize
[2022-02-04T14:43:48.719+0000][23.980s][info ][safepoint     ] Leaving safepoint region
[2022-02-04T14:43:48.719+0000][23.980s][info ][safepoint     ] Total time for which application threads were stopped: 0.0009230 seconds, Stopping threads took: 0.0000319 seconds
[2022-02-04T14:43:48.878+0000][24.139s][debug][safepoint     ] Safepoint synchronization initiated. (22 threads)
[2022-02-04T14:43:48.878+0000][24.139s][info ][safepoint     ] Application time: 0.1590571 seconds
[2022-02-04T14:43:48.878+0000][24.139s][info ][safepoint     ] Entering safepoint region: G1CollectForAllocation
[2022-02-04T14:43:48.878+0000][24.139s][info ][gc,start      ] GC(32) Pause Young (Normal) (G1 Evacuation Pause)
[2022-02-04T14:43:48.878+0000][24.140s][info ][gc,task       ] GC(32) Using 4 workers of 4 for evacuation
[2022-02-04T14:43:48.914+0000][24.176s][info ][gc,phases     ] GC(32)   Pre Evacuate Collection Set: 0.0ms
[2022-02-04T14:43:48.914+0000][24.176s][info ][gc,phases     ] GC(32)   Evacuate Collection Set: 33.7ms
[2022-02-04T14:43:48.914+0000][24.176s][info ][gc,phases     ] GC(32)   Post Evacuate Collection Set: 2.4ms
[2022-02-04T14:43:48.914+0000][24.176s][info ][gc,phases     ] GC(32)   Other: 0.1ms
[2022-02-04T14:43:48.914+0000][24.176s][info ][gc,heap       ] GC(32) Eden regions: 216->0(216)
[2022-02-04T14:43:48.914+0000][24.176s][info ][gc,heap       ] GC(32) Survivor regions: 23->23(30)
[2022-02-04T14:43:48.914+0000][24.176s][info ][gc,heap       ] GC(32) Old regions: 23->29
[2022-02-04T14:43:48.914+0000][24.176s][info ][gc,heap       ] GC(32) Humongous regions: 0->0
[2022-02-04T14:43:48.914+0000][24.176s][info ][gc,metaspace  ] GC(32) Metaspace: 72966K->72966K(1114112K)
[2022-02-04T14:43:48.914+0000][24.176s][info ][gc            ] GC(32) Pause Young (Normal) (G1 Evacuation Pause) 259M->50M(399M) 36.400ms
[2022-02-04T14:43:48.914+0000][24.176s][info ][gc,cpu        ] GC(32) User=0.10s Sys=0.01s Real=0.03s
[2022-02-04T14:43:48.914+0000][24.176s][info ][safepoint     ] Leaving safepoint region
[2022-02-04T14:43:48.914+0000][24.176s][info ][safepoint     ] Total time for which application threads were stopped: 0.0366075 seconds, Stopping threads took: 0.0000246 seconds
[2022-02-04T14:43:48.916+0000][24.177s][info ][gc,stringdedup] Concurrent String Deduplication (24.177s)
[2022-02-04T14:43:48.916+0000][24.178s][info ][gc,stringdedup] Concurrent String Deduplication 63104.0B->32256.0B(30848.0B) avg 46.5% (24.177s, 24.178s) 0.486ms
[2022-02-04T14:43:49.245+0000][24.506s][debug][safepoint     ] Safepoint synchronization initiated. (22 threads)
[2022-02-04T14:43:49.245+0000][24.506s][info ][safepoint     ] Application time: 0.3303997 seconds
[2022-02-04T14:43:49.245+0000][24.506s][debug][safepoint     ] Waiting for 1 thread(s) to block
[2022-02-04T14:43:49.245+0000][24.506s][info ][safepoint     ] Entering safepoint region: ICBufferFull
[2022-02-04T14:43:49.245+0000][24.507s][info ][safepoint     ] Leaving safepoint region
[2022-02-04T14:43:49.245+0000][24.507s][info ][safepoint     ] Total time for which application threads were stopped: 0.0002216 seconds, Stopping threads took: 0.0000473 seconds
[2022-02-04T14:43:49.564+0000][24.826s][debug][safepoint     ] Safepoint synchronization initiated. (22 threads)
[2022-02-04T14:43:49.564+0000][24.826s][info ][safepoint     ] Application time: 0.3194975 seconds
[2022-02-04T14:43:49.564+0000][24.826s][debug][safepoint     ] Waiting for 1 thread(s) to block
[2022-02-04T14:43:49.564+0000][24.826s][info ][safepoint     ] Entering safepoint region: Deoptimize
[2022-02-04T14:43:49.565+0000][24.827s][info ][safepoint     ] Leaving safepoint region
[2022-02-04T14:43:49.565+0000][24.827s][info ][safepoint     ] Total time for which application threads were stopped: 0.0009463 seconds, Stopping threads took: 0.0000299 seconds
[2022-02-04T14:43:49.579+0000][24.841s][debug][safepoint     ] Safepoint synchronization initiated. (22 threads)
[2022-02-04T14:43:49.579+0000][24.841s][info ][safepoint     ] Application time: 0.0137708 seconds
[2022-02-04T14:43:49.579+0000][24.841s][debug][safepoint     ] Waiting for 1 thread(s) to block
[2022-02-04T14:43:49.579+0000][24.841s][info ][safepoint     ] Entering safepoint region: Deoptimize
[2022-02-04T14:43:49.580+0000][24.842s][info ][safepoint     ] Leaving safepoint region
[2022-02-04T14:43:49.580+0000][24.842s][info ][safepoint     ] Total time for which application threads were stopped: 0.0008843 seconds, Stopping threads took: 0.0000308 seconds
[2022-02-04T14:43:49.795+0000][25.056s][debug][safepoint     ] Safepoint synchronization initiated. (23 threads)
[2022-02-04T14:43:49.795+0000][25.056s][info ][safepoint     ] Application time: 0.2147498 seconds
[2022-02-04T14:43:49.795+0000][25.056s][info ][safepoint     ] Entering safepoint region: Deoptimize
[2022-02-04T14:43:49.796+0000][25.057s][info ][safepoint     ] Leaving safepoint region
[2022-02-04T14:43:49.796+0000][25.057s][info ][safepoint     ] Total time for which application threads were stopped: 0.0009435 seconds, Stopping threads took: 0.0000108 seconds
[2022-02-04T14:43:50.090+0000][25.351s][debug][safepoint     ] Safepoint synchronization initiated. (25 threads)
[2022-02-04T14:43:50.090+0000][25.351s][info ][safepoint     ] Application time: 0.2940500 seconds
[2022-02-04T14:43:50.090+0000][25.351s][info ][safepoint     ] Entering safepoint region: Deoptimize
[2022-02-04T14:43:50.091+0000][25.352s][info ][safepoint     ] Leaving safepoint region
[2022-02-04T14:43:50.091+0000][25.352s][info ][safepoint     ] Total time for which application threads were stopped: 0.0009633 seconds, Stopping threads took: 0.0000122 seconds
[2022-02-04T14:43:50.250+0000][25.512s][debug][safepoint     ] Safepoint synchronization initiated. (25 threads)
[2022-02-04T14:43:50.250+0000][25.512s][info ][safepoint     ] Application time: 0.1594582 seconds
[2022-02-04T14:43:50.250+0000][25.512s][debug][safepoint     ] Waiting for 1 thread(s) to block
[2022-02-04T14:43:50.250+0000][25.512s][info ][safepoint     ] Entering safepoint region: Deoptimize
[2022-02-04T14:43:50.251+0000][25.513s][info ][safepoint     ] Leaving safepoint region
[2022-02-04T14:43:50.251+0000][25.513s][info ][safepoint     ] Total time for which application threads were stopped: 0.0008930 seconds, Stopping threads took: 0.0000330 seconds
[2022-02-04T14:43:50.733+0000][25.995s][debug][safepoint     ] Safepoint synchronization initiated. (40 threads)
[2022-02-04T14:43:50.733+0000][25.995s][info ][safepoint     ] Application time: 0.4823170 seconds
[2022-02-04T14:43:50.734+0000][25.995s][info ][safepoint     ] Entering safepoint region: Deoptimize
[2022-02-04T14:43:50.734+0000][25.996s][info ][safepoint     ] Leaving safepoint region
[2022-02-04T14:43:50.735+0000][25.996s][info ][safepoint     ] Total time for which application threads were stopped: 0.0010360 seconds, Stopping threads took: 0.0000162 seconds
[2022-02-04T14:43:51.225+0000][26.486s][debug][safepoint     ] Safepoint synchronization initiated. (46 threads)
[2022-02-04T14:43:51.225+0000][26.486s][info ][safepoint     ] Application time: 0.4902543 seconds
[2022-02-04T14:43:51.225+0000][26.486s][debug][safepoint     ] Waiting for 1 thread(s) to block
[2022-02-04T14:43:51.225+0000][26.486s][info ][safepoint     ] Entering safepoint region: G1CollectForAllocation
[2022-02-04T14:43:51.225+0000][26.487s][info ][gc,start      ] GC(33) Pause Young (Normal) (G1 Evacuation Pause)
[2022-02-04T14:43:51.225+0000][26.487s][info ][gc,task       ] GC(33) Using 4 workers of 4 for evacuation
[2022-02-04T14:43:51.263+0000][26.525s][info ][gc,phases     ] GC(33)   Pre Evacuate Collection Set: 0.0ms
[2022-02-04T14:43:51.263+0000][26.525s][info ][gc,phases     ] GC(33)   Evacuate Collection Set: 35.1ms
[2022-02-04T14:43:51.263+0000][26.525s][info ][gc,phases     ] GC(33)   Post Evacuate Collection Set: 3.1ms
[2022-02-04T14:43:51.263+0000][26.525s][info ][gc,phases     ] GC(33)   Other: 0.2ms
[2022-02-04T14:43:51.263+0000][26.525s][info ][gc,heap       ] GC(33) Eden regions: 216->0(216)
[2022-02-04T14:43:51.263+0000][26.525s][info ][gc,heap       ] GC(33) Survivor regions: 23->23(30)
[2022-02-04T14:43:51.263+0000][26.525s][info ][gc,heap       ] GC(33) Old regions: 29->36
[2022-02-04T14:43:51.263+0000][26.525s][info ][gc,heap       ] GC(33) Humongous regions: 0->0
[2022-02-04T14:43:51.263+0000][26.525s][info ][gc,metaspace  ] GC(33) Metaspace: 85508K->85508K(1126400K)
[2022-02-04T14:43:51.264+0000][26.525s][info ][gc            ] GC(33) Pause Young (Normal) (G1 Evacuation Pause) 266M->57M(399M) 38.548ms
[2022-02-04T14:43:51.264+0000][26.525s][info ][gc,cpu        ] GC(33) User=0.11s Sys=0.00s Real=0.04s
[2022-02-04T14:43:51.264+0000][26.525s][info ][safepoint     ] Leaving safepoint region
[2022-02-04T14:43:51.264+0000][26.525s][info ][safepoint     ] Total time for which application threads were stopped: 0.0388097 seconds, Stopping threads took: 0.0000402 seconds
[2022-02-04T14:43:51.264+0000][26.525s][info ][gc,stringdedup] Concurrent String Deduplication (26.525s)
[2022-02-04T14:43:51.267+0000][26.529s][info ][gc,stringdedup] Concurrent String Deduplication 868.2K->229.0K(639.1K) avg 49.0% (26.525s, 26.529s) 3.242ms
[2022-02-04T14:43:51.670+0000][26.931s][debug][safepoint     ] Safepoint synchronization initiated. (46 threads)
[2022-02-04T14:43:51.670+0000][26.931s][info ][safepoint     ] Application time: 0.4060776 seconds
[2022-02-04T14:43:51.670+0000][26.931s][info ][safepoint     ] Entering safepoint region: Deoptimize
[2022-02-04T14:43:51.672+0000][26.934s][info ][safepoint     ] Leaving safepoint region
[2022-02-04T14:43:51.672+0000][26.934s][info ][safepoint     ] Total time for which application threads were stopped: 0.0025758 seconds, Stopping threads took: 0.0000180 seconds
[2022-02-04T14:43:51.761+0000][27.023s][debug][safepoint     ] Safepoint synchronization initiated. (46 threads)
[2022-02-04T14:43:51.761+0000][27.023s][info ][safepoint     ] Application time: 0.0891470 seconds
[2022-02-04T14:43:51.761+0000][27.023s][info ][safepoint     ] Entering safepoint region: Deoptimize
[2022-02-04T14:43:51.762+0000][27.024s][info ][safepoint     ] Leaving safepoint region
[2022-02-04T14:43:51.762+0000][27.024s][info ][safepoint     ] Total time for which application threads were stopped: 0.0010201 seconds, Stopping threads took: 0.0000212 seconds
[2022-02-04T14:43:52.462+0000][27.724s][debug][safepoint     ] Safepoint synchronization initiated. (46 threads)
[2022-02-04T14:43:52.462+0000][27.724s][info ][safepoint     ] Application time: 0.6997261 seconds
[2022-02-04T14:43:52.462+0000][27.724s][info ][safepoint     ] Entering safepoint region: ICBufferFull
[2022-02-04T14:43:52.464+0000][27.725s][info ][safepoint     ] Leaving safepoint region
[2022-02-04T14:43:52.464+0000][27.725s][info ][safepoint     ] Total time for which application threads were stopped: 0.0013099 seconds, Stopping threads took: 0.0000188 seconds
[2022-02-04T14:43:53.038+0000][28.299s][debug][safepoint     ] Safepoint synchronization initiated. (47 threads)
[2022-02-04T14:43:53.038+0000][28.299s][info ][safepoint     ] Application time: 0.5740041 seconds
[2022-02-04T14:43:53.038+0000][28.299s][info ][safepoint     ] Entering safepoint region: Deoptimize
[2022-02-04T14:43:53.039+0000][28.300s][info ][safepoint     ] Leaving safepoint region
[2022-02-04T14:43:53.039+0000][28.300s][info ][safepoint     ] Total time for which application threads were stopped: 0.0011880 seconds, Stopping threads took: 0.0000194 seconds
[2022-02-04T14:43:53.052+0000][28.314s][debug][safepoint     ] Safepoint synchronization initiated. (47 threads)
[2022-02-04T14:43:53.052+0000][28.314s][info ][safepoint     ] Application time: 0.0133639 seconds
[2022-02-04T14:43:53.052+0000][28.314s][debug][safepoint     ] Waiting for 1 thread(s) to block
[2022-02-04T14:43:53.052+0000][28.314s][info ][safepoint     ] Entering safepoint region: G1CollectForAllocation
[2022-02-04T14:43:53.052+0000][28.314s][info ][gc,start      ] GC(34) Pause Young (Normal) (G1 Evacuation Pause)
[2022-02-04T14:43:53.052+0000][28.314s][info ][gc,task       ] GC(34) Using 4 workers of 4 for evacuation
[2022-02-04T14:43:53.102+0000][28.364s][info ][gc,phases     ] GC(34)   Pre Evacuate Collection Set: 0.0ms
[2022-02-04T14:43:53.102+0000][28.364s][info ][gc,phases     ] GC(34)   Evacuate Collection Set: 45.5ms
[2022-02-04T14:43:53.102+0000][28.364s][info ][gc,phases     ] GC(34)   Post Evacuate Collection Set: 3.9ms
[2022-02-04T14:43:53.102+0000][28.364s][info ][gc,phases     ] GC(34)   Other: 0.2ms
[2022-02-04T14:43:53.102+0000][28.364s][info ][gc,heap       ] GC(34) Eden regions: 216->0(219)
[2022-02-04T14:43:53.102+0000][28.364s][info ][gc,heap       ] GC(34) Survivor regions: 23->20(30)
[2022-02-04T14:43:53.102+0000][28.364s][info ][gc,heap       ] GC(34) Old regions: 36->44
[2022-02-04T14:43:53.102+0000][28.364s][info ][gc,heap       ] GC(34) Humongous regions: 0->0
[2022-02-04T14:43:53.102+0000][28.364s][info ][gc,metaspace  ] GC(34) Metaspace: 89882K->89882K(1130496K)
[2022-02-04T14:43:53.102+0000][28.364s][info ][gc            ] GC(34) Pause Young (Normal) (G1 Evacuation Pause) 273M->62M(399M) 49.760ms
[2022-02-04T14:43:53.102+0000][28.364s][info ][gc,cpu        ] GC(34) User=0.11s Sys=0.01s Real=0.05s
[2022-02-04T14:43:53.102+0000][28.364s][info ][safepoint     ] Leaving safepoint region
[2022-02-04T14:43:53.102+0000][28.364s][info ][safepoint     ] Total time for which application threads were stopped: 0.0500107 seconds, Stopping threads took: 0.0000403 seconds
[2022-02-04T14:43:53.104+0000][28.365s][info ][gc,stringdedup] Concurrent String Deduplication (28.365s)
[2022-02-04T14:43:53.107+0000][28.368s][info ][gc,stringdedup] Concurrent String Deduplication 671.8K->210.3K(461.5K) avg 50.4% (28.365s, 28.368s) 2.975ms
[2022-02-04T14:43:53.309+0000][28.571s][debug][safepoint     ] Safepoint synchronization initiated. (47 threads)
[2022-02-04T14:43:53.309+0000][28.571s][info ][safepoint     ] Application time: 0.2067553 seconds
[2022-02-04T14:43:53.309+0000][28.571s][info ][safepoint     ] Entering safepoint region: Deoptimize
[2022-02-04T14:43:53.310+0000][28.572s][info ][safepoint     ] Leaving safepoint region
[2022-02-04T14:43:53.310+0000][28.572s][info ][safepoint     ] Total time for which application threads were stopped: 0.0010266 seconds, Stopping threads took: 0.0000183 seconds
[2022-02-04T14:43:54.310+0000][29.572s][debug][safepoint     ] Safepoint synchronization initiated. (46 threads)
[2022-02-04T14:43:54.310+0000][29.572s][info ][safepoint     ] Application time: 1.0001179 seconds
[2022-02-04T14:43:54.310+0000][29.572s][info ][safepoint     ] Entering safepoint region: Cleanup
[2022-02-04T14:43:54.310+0000][29.572s][info ][safepoint     ] Leaving safepoint region
[2022-02-04T14:43:54.310+0000][29.572s][info ][safepoint     ] Total time for which application threads were stopped: 0.0002162 seconds, Stopping threads took: 0.0000203 seconds
[2022-02-04T14:43:54.808+0000][30.070s][debug][safepoint     ] Safepoint synchronization initiated. (48 threads)
[2022-02-04T14:43:54.808+0000][30.070s][info ][safepoint     ] Application time: 0.4978449 seconds
[2022-02-04T14:43:54.808+0000][30.070s][info ][safepoint     ] Entering safepoint region: ThreadDump
[2022-02-04T14:43:54.808+0000][30.070s][info ][safepoint     ] Leaving safepoint region
[2022-02-04T14:43:54.808+0000][30.070s][info ][safepoint     ] Total time for which application threads were stopped: 0.0001639 seconds, Stopping threads took: 0.0000235 seconds
[2022-02-04T14:43:54.809+0000][30.070s][debug][safepoint     ] Safepoint synchronization initiated. (48 threads)
[2022-02-04T14:43:54.809+0000][30.070s][info ][safepoint     ] Application time: 0.0001273 seconds
[2022-02-04T14:43:54.809+0000][30.070s][info ][safepoint     ] Entering safepoint region: ThreadDump
[2022-02-04T14:43:54.809+0000][30.070s][info ][safepoint     ] Leaving safepoint region
[2022-02-04T14:43:54.809+0000][30.070s][info ][safepoint     ] Total time for which application threads were stopped: 0.0000738 seconds, Stopping threads took: 0.0000095 seconds
[2022-02-04T14:43:55.076+0000][30.337s][info ][gc,heap,exit  ] Heap
[2022-02-04T14:43:55.076+0000][30.338s][info ][gc,heap,exit  ]  garbage-first heap   total 408576K, used 194866K [0x0000000084600000, 0x0000000100000000)
[2022-02-04T14:43:55.076+0000][30.338s][info ][gc,heap,exit  ]   region size 1024K, 149 young (152576K), 20 survivors (20480K)
[2022-02-04T14:43:55.076+0000][30.338s][info ][gc,heap,exit  ]  Metaspace       used 92766K, capacity 95630K, committed 96036K, reserved 1132544K
[2022-02-04T14:43:55.076+0000][30.338s][info ][gc,heap,exit  ]   class space    used 11505K, capacity 12551K, committed 12668K, reserved 1048576K
[2022-02-04T14:43:55.076+0000][30.338s][debug][safepoint     ] Safepoint synchronization initiated. (20 threads)
[2022-02-04T14:43:55.076+0000][30.338s][info ][safepoint     ] Application time: 0.2673558 seconds
[2022-02-04T14:43:55.076+0000][30.338s][info ][safepoint     ] Entering safepoint region: Halt
