[2022-02-07T16:51:39.013+0000][0.039s][info][gc,heap] Heap region size: 1M
[2022-02-07T16:51:39.030+0000][0.056s][info][gc     ] Using G1
[2022-02-07T16:51:39.030+0000][0.056s][info][gc,heap,coops] Heap address: 0x0000000084600000, size: 1978 MB, Compressed Oops mode: 32-bit
[2022-02-07T16:51:39.031+0000][0.057s][info][gc,cds       ] Mark closed archive regions in map: [0x00000000ffc00000, 0x00000000ffc6aff8]
[2022-02-07T16:51:39.031+0000][0.057s][info][gc,cds       ] Mark open archive regions in map: [0x00000000ff800000, 0x00000000ff846ff8]
[2022-02-07T16:51:39.191+0000][0.217s][debug][safepoint    ] Safepoint synchronization initiated. (9 threads)
[2022-02-07T16:51:39.191+0000][0.217s][info ][safepoint    ] Application time: 0.0946704 seconds
[2022-02-07T16:51:39.191+0000][0.217s][info ][safepoint    ] Entering safepoint region: Deoptimize
[2022-02-07T16:51:39.191+0000][0.217s][info ][safepoint    ] Leaving safepoint region
[2022-02-07T16:51:39.191+0000][0.217s][info ][safepoint    ] Total time for which application threads were stopped: 0.0000811 seconds, Stopping threads took: 0.0000088 seconds
[2022-02-07T16:51:39.931+0000][0.957s][debug][safepoint    ] Safepoint synchronization initiated. (10 threads)
[2022-02-07T16:51:39.931+0000][0.957s][info ][safepoint    ] Application time: 0.7397645 seconds
[2022-02-07T16:51:39.931+0000][0.957s][info ][safepoint    ] Entering safepoint region: G1CollectForAllocation
[2022-02-07T16:51:39.931+0000][0.957s][info ][gc,start     ] GC(0) Pause Young (Normal) (G1 Evacuation Pause)
[2022-02-07T16:51:39.935+0000][0.961s][info ][gc,task      ] GC(0) Using 3 workers of 4 for evacuation
[2022-02-07T16:51:39.968+0000][0.994s][info ][gc,phases    ] GC(0)   Pre Evacuate Collection Set: 0.0ms
[2022-02-07T16:51:39.968+0000][0.994s][info ][gc,phases    ] GC(0)   Evacuate Collection Set: 27.9ms
[2022-02-07T16:51:39.968+0000][0.994s][info ][gc,phases    ] GC(0)   Post Evacuate Collection Set: 4.5ms
[2022-02-07T16:51:39.968+0000][0.994s][info ][gc,phases    ] GC(0)   Other: 4.1ms
[2022-02-07T16:51:39.968+0000][0.994s][info ][gc,heap      ] GC(0) Eden regions: 38->0(69)
[2022-02-07T16:51:39.968+0000][0.994s][info ][gc,heap      ] GC(0) Survivor regions: 0->5(5)
[2022-02-07T16:51:39.968+0000][0.994s][info ][gc,heap      ] GC(0) Old regions: 2->3
[2022-02-07T16:51:39.968+0000][0.994s][info ][gc,heap      ] GC(0) Humongous regions: 1->0
[2022-02-07T16:51:39.968+0000][0.994s][info ][gc,metaspace ] GC(0) Metaspace: 1602K->1602K(1056768K)
[2022-02-07T16:51:39.968+0000][0.994s][info ][gc           ] GC(0) Pause Young (Normal) (G1 Evacuation Pause) 39M->6M(126M) 36.683ms
[2022-02-07T16:51:39.968+0000][0.994s][info ][gc,cpu       ] GC(0) User=0.02s Sys=0.00s Real=0.04s
[2022-02-07T16:51:39.968+0000][0.994s][info ][safepoint    ] Leaving safepoint region
[2022-02-07T16:51:39.968+0000][0.994s][info ][safepoint    ] Total time for which application threads were stopped: 0.0368419 seconds, Stopping threads took: 0.0000097 seconds
[2022-02-07T16:51:39.970+0000][0.996s][info ][gc,stringdedup] Concurrent String Deduplication (0.996s)
[2022-02-07T16:51:39.970+0000][0.996s][info ][gc,stringdedup] Concurrent String Deduplication 111.4K->108.7K(2816.0B) avg 0.7% (0.996s, 0.996s) 0.450ms
[2022-02-07T16:51:40.728+0000][1.754s][debug][safepoint     ] Safepoint synchronization initiated. (10 threads)
[2022-02-07T16:51:40.728+0000][1.754s][info ][safepoint     ] Application time: 0.7602116 seconds
[2022-02-07T16:51:40.728+0000][1.754s][info ][safepoint     ] Entering safepoint region: G1CollectForAllocation
[2022-02-07T16:51:40.728+0000][1.754s][info ][gc,start      ] GC(1) Pause Young (Normal) (G1 Evacuation Pause)
[2022-02-07T16:51:40.728+0000][1.754s][info ][gc,task       ] GC(1) Using 3 workers of 4 for evacuation
[2022-02-07T16:51:40.748+0000][1.774s][info ][gc,phases     ] GC(1)   Pre Evacuate Collection Set: 0.0ms
[2022-02-07T16:51:40.748+0000][1.774s][info ][gc,phases     ] GC(1)   Evacuate Collection Set: 18.8ms
[2022-02-07T16:51:40.748+0000][1.774s][info ][gc,phases     ] GC(1)   Post Evacuate Collection Set: 0.7ms
[2022-02-07T16:51:40.748+0000][1.774s][info ][gc,phases     ] GC(1)   Other: 0.1ms
[2022-02-07T16:51:40.748+0000][1.774s][info ][gc,heap       ] GC(1) Eden regions: 69->0(67)
[2022-02-07T16:51:40.748+0000][1.774s][info ][gc,heap       ] GC(1) Survivor regions: 5->7(10)
[2022-02-07T16:51:40.748+0000][1.774s][info ][gc,heap       ] GC(1) Old regions: 3->3
[2022-02-07T16:51:40.748+0000][1.774s][info ][gc,heap       ] GC(1) Humongous regions: 0->0
[2022-02-07T16:51:40.748+0000][1.774s][info ][gc,metaspace  ] GC(1) Metaspace: 2241K->2241K(1056768K)
[2022-02-07T16:51:40.748+0000][1.774s][info ][gc            ] GC(1) Pause Young (Normal) (G1 Evacuation Pause) 75M->7M(126M) 19.753ms
[2022-02-07T16:51:40.748+0000][1.774s][info ][gc,cpu        ] GC(1) User=0.02s Sys=0.00s Real=0.02s
[2022-02-07T16:51:40.748+0000][1.774s][info ][safepoint     ] Leaving safepoint region
[2022-02-07T16:51:40.748+0000][1.774s][info ][safepoint     ] Total time for which application threads were stopped: 0.0198963 seconds, Stopping threads took: 0.0000093 seconds
[2022-02-07T16:51:41.107+0000][2.133s][debug][safepoint     ] Safepoint synchronization initiated. (10 threads)
[2022-02-07T16:51:41.107+0000][2.133s][info ][safepoint     ] Application time: 0.3591493 seconds
[2022-02-07T16:51:41.107+0000][2.133s][info ][safepoint     ] Entering safepoint region: Deoptimize
[2022-02-07T16:51:41.107+0000][2.133s][info ][safepoint     ] Leaving safepoint region
[2022-02-07T16:51:41.107+0000][2.133s][info ][safepoint     ] Total time for which application threads were stopped: 0.0001503 seconds, Stopping threads took: 0.0000095 seconds
[2022-02-07T16:51:41.142+0000][2.168s][debug][safepoint     ] Safepoint synchronization initiated. (10 threads)
[2022-02-07T16:51:41.142+0000][2.168s][info ][safepoint     ] Application time: 0.0344408 seconds
[2022-02-07T16:51:41.142+0000][2.168s][info ][safepoint     ] Entering safepoint region: Deoptimize
[2022-02-07T16:51:41.142+0000][2.168s][info ][safepoint     ] Leaving safepoint region
[2022-02-07T16:51:41.142+0000][2.168s][info ][safepoint     ] Total time for which application threads were stopped: 0.0001493 seconds, Stopping threads took: 0.0000098 seconds
[2022-02-07T16:51:41.358+0000][2.383s][debug][safepoint     ] Safepoint synchronization initiated. (10 threads)
[2022-02-07T16:51:41.358+0000][2.383s][info ][safepoint     ] Application time: 0.2155370 seconds
[2022-02-07T16:51:41.358+0000][2.383s][debug][safepoint     ] Waiting for 1 thread(s) to block
[2022-02-07T16:51:41.358+0000][2.383s][info ][safepoint     ] Entering safepoint region: Deoptimize
[2022-02-07T16:51:41.358+0000][2.384s][info ][safepoint     ] Leaving safepoint region
[2022-02-07T16:51:41.358+0000][2.384s][info ][safepoint     ] Total time for which application threads were stopped: 0.0001707 seconds, Stopping threads took: 0.0000271 seconds
[2022-02-07T16:51:41.386+0000][2.412s][debug][safepoint     ] Safepoint synchronization initiated. (10 threads)
[2022-02-07T16:51:41.386+0000][2.412s][info ][safepoint     ] Application time: 0.0284336 seconds
[2022-02-07T16:51:41.386+0000][2.412s][debug][safepoint     ] Waiting for 1 thread(s) to block
[2022-02-07T16:51:41.386+0000][2.412s][info ][safepoint     ] Entering safepoint region: Deoptimize
[2022-02-07T16:51:41.386+0000][2.412s][info ][safepoint     ] Leaving safepoint region
[2022-02-07T16:51:41.386+0000][2.412s][info ][safepoint     ] Total time for which application threads were stopped: 0.0001524 seconds, Stopping threads took: 0.0000267 seconds
[2022-02-07T16:51:41.853+0000][2.879s][debug][safepoint     ] Safepoint synchronization initiated. (11 threads)
[2022-02-07T16:51:41.853+0000][2.879s][info ][safepoint     ] Application time: 0.4669444 seconds
[2022-02-07T16:51:41.853+0000][2.879s][debug][safepoint     ] Waiting for 1 thread(s) to block
[2022-02-07T16:51:41.853+0000][2.879s][info ][safepoint     ] Entering safepoint region: G1CollectForAllocation
[2022-02-07T16:51:41.853+0000][2.879s][info ][gc,start      ] GC(2) Pause Young (Normal) (G1 Evacuation Pause)
[2022-02-07T16:51:41.853+0000][2.879s][info ][gc,task       ] GC(2) Using 3 workers of 4 for evacuation
[2022-02-07T16:51:41.869+0000][2.895s][info ][gc,phases     ] GC(2)   Pre Evacuate Collection Set: 0.0ms
[2022-02-07T16:51:41.869+0000][2.895s][info ][gc,phases     ] GC(2)   Evacuate Collection Set: 14.9ms
[2022-02-07T16:51:41.869+0000][2.895s][info ][gc,phases     ] GC(2)   Post Evacuate Collection Set: 0.9ms
[2022-02-07T16:51:41.869+0000][2.895s][info ][gc,phases     ] GC(2)   Other: 0.1ms
[2022-02-07T16:51:41.869+0000][2.895s][info ][gc,heap       ] GC(2) Eden regions: 67->0(72)
[2022-02-07T16:51:41.869+0000][2.895s][info ][gc,heap       ] GC(2) Survivor regions: 7->2(10)
[2022-02-07T16:51:41.869+0000][2.895s][info ][gc,heap       ] GC(2) Old regions: 3->8
[2022-02-07T16:51:41.869+0000][2.895s][info ][gc,heap       ] GC(2) Humongous regions: 0->0
[2022-02-07T16:51:41.869+0000][2.895s][info ][gc,metaspace  ] GC(2) Metaspace: 5049K->5049K(1056768K)
[2022-02-07T16:51:41.870+0000][2.895s][info ][gc            ] GC(2) Pause Young (Normal) (G1 Evacuation Pause) 74M->8M(126M) 16.089ms
[2022-02-07T16:51:41.870+0000][2.895s][info ][gc,cpu        ] GC(2) User=0.02s Sys=0.00s Real=0.02s
[2022-02-07T16:51:41.870+0000][2.895s][info ][safepoint     ] Leaving safepoint region
[2022-02-07T16:51:41.870+0000][2.895s][info ][safepoint     ] Total time for which application threads were stopped: 0.0162314 seconds, Stopping threads took: 0.0000263 seconds
[2022-02-07T16:51:41.870+0000][2.895s][info ][gc,stringdedup] Concurrent String Deduplication (2.895s)
[2022-02-07T16:51:41.874+0000][2.900s][info ][gc,stringdedup] Concurrent String Deduplication 1123.8K->1053.8K(71744.0B) avg 4.8% (2.895s, 2.900s) 4.380ms
[2022-02-07T16:51:42.714+0000][3.740s][debug][safepoint     ] Safepoint synchronization initiated. (11 threads)
[2022-02-07T16:51:42.714+0000][3.740s][info ][safepoint     ] Application time: 0.8448222 seconds
[2022-02-07T16:51:42.714+0000][3.740s][debug][safepoint     ] Waiting for 1 thread(s) to block
[2022-02-07T16:51:42.714+0000][3.740s][info ][safepoint     ] Entering safepoint region: G1CollectForAllocation
[2022-02-07T16:51:42.715+0000][3.740s][info ][gc,start      ] GC(3) Pause Young (Normal) (G1 Evacuation Pause)
[2022-02-07T16:51:42.715+0000][3.740s][info ][gc,task       ] GC(3) Using 3 workers of 4 for evacuation
[2022-02-07T16:51:42.727+0000][3.753s][info ][gc,phases     ] GC(3)   Pre Evacuate Collection Set: 0.0ms
[2022-02-07T16:51:42.727+0000][3.753s][info ][gc,phases     ] GC(3)   Evacuate Collection Set: 11.2ms
[2022-02-07T16:51:42.727+0000][3.753s][info ][gc,phases     ] GC(3)   Post Evacuate Collection Set: 1.5ms
[2022-02-07T16:51:42.727+0000][3.753s][info ][gc,phases     ] GC(3)   Other: 0.1ms
[2022-02-07T16:51:42.727+0000][3.753s][info ][gc,heap       ] GC(3) Eden regions: 72->0(71)
[2022-02-07T16:51:42.728+0000][3.753s][info ][gc,heap       ] GC(3) Survivor regions: 2->3(10)
[2022-02-07T16:51:42.728+0000][3.753s][info ][gc,heap       ] GC(3) Old regions: 8->8
[2022-02-07T16:51:42.728+0000][3.753s][info ][gc,heap       ] GC(3) Humongous regions: 0->0
[2022-02-07T16:51:42.728+0000][3.753s][info ][gc,metaspace  ] GC(3) Metaspace: 7221K->7221K(1056768K)
[2022-02-07T16:51:42.728+0000][3.753s][info ][gc            ] GC(3) Pause Young (Normal) (G1 Evacuation Pause) 80M->9M(126M) 13.013ms
[2022-02-07T16:51:42.728+0000][3.753s][info ][gc,cpu        ] GC(3) User=0.02s Sys=0.00s Real=0.02s
[2022-02-07T16:51:42.728+0000][3.753s][info ][safepoint     ] Leaving safepoint region
[2022-02-07T16:51:42.728+0000][3.753s][info ][safepoint     ] Total time for which application threads were stopped: 0.0131867 seconds, Stopping threads took: 0.0000282 seconds
[2022-02-07T16:51:42.728+0000][3.753s][info ][gc,stringdedup] Concurrent String Deduplication (3.753s)
[2022-02-07T16:51:42.729+0000][3.755s][info ][gc,stringdedup] Concurrent String Deduplication 541.8K->472.8K(70680.0B) avg 6.9% (3.753s, 3.755s) 1.475ms
[2022-02-07T16:51:43.327+0000][4.352s][debug][safepoint     ] Safepoint synchronization initiated. (11 threads)
[2022-02-07T16:51:43.327+0000][4.353s][info ][safepoint     ] Application time: 0.5990769 seconds
[2022-02-07T16:51:43.327+0000][4.353s][debug][safepoint     ] Waiting for 1 thread(s) to block
[2022-02-07T16:51:43.327+0000][4.353s][info ][safepoint     ] Entering safepoint region: G1CollectForAllocation
[2022-02-07T16:51:43.327+0000][4.353s][info ][gc,start      ] GC(4) Pause Young (Normal) (G1 Evacuation Pause)
[2022-02-07T16:51:43.327+0000][4.353s][info ][gc,task       ] GC(4) Using 3 workers of 4 for evacuation
[2022-02-07T16:51:43.354+0000][4.380s][info ][gc,phases     ] GC(4)   Pre Evacuate Collection Set: 0.0ms
[2022-02-07T16:51:43.354+0000][4.380s][info ][gc,phases     ] GC(4)   Evacuate Collection Set: 26.2ms
[2022-02-07T16:51:43.354+0000][4.380s][info ][gc,phases     ] GC(4)   Post Evacuate Collection Set: 1.3ms
[2022-02-07T16:51:43.354+0000][4.380s][info ][gc,phases     ] GC(4)   Other: 0.1ms
[2022-02-07T16:51:43.354+0000][4.380s][info ][gc,heap       ] GC(4) Eden regions: 71->0(89)
[2022-02-07T16:51:43.355+0000][4.380s][info ][gc,heap       ] GC(4) Survivor regions: 3->4(10)
[2022-02-07T16:51:43.355+0000][4.380s][info ][gc,heap       ] GC(4) Old regions: 8->8
[2022-02-07T16:51:43.355+0000][4.380s][info ][gc,heap       ] GC(4) Humongous regions: 0->0
[2022-02-07T16:51:43.355+0000][4.380s][info ][gc,metaspace  ] GC(4) Metaspace: 9894K->9894K(1058816K)
[2022-02-07T16:51:43.355+0000][4.380s][info ][gc            ] GC(4) Pause Young (Normal) (G1 Evacuation Pause) 80M->9M(168M) 27.738ms
[2022-02-07T16:51:43.355+0000][4.380s][info ][gc,cpu        ] GC(4) User=0.02s Sys=0.00s Real=0.03s
[2022-02-07T16:51:43.355+0000][4.380s][info ][safepoint     ] Leaving safepoint region
[2022-02-07T16:51:43.355+0000][4.380s][info ][safepoint     ] Total time for which application threads were stopped: 0.0278955 seconds, Stopping threads took: 0.0000285 seconds
[2022-02-07T16:51:43.355+0000][4.380s][info ][gc,stringdedup] Concurrent String Deduplication (4.380s)
[2022-02-07T16:51:43.355+0000][4.381s][info ][gc,stringdedup] Concurrent String Deduplication 50584.0B->19920.0B(30664.0B) avg 8.2% (4.380s, 4.381s) 0.307ms
[2022-02-07T16:51:43.620+0000][4.646s][debug][safepoint     ] Safepoint synchronization initiated. (11 threads)
[2022-02-07T16:51:43.620+0000][4.646s][info ][safepoint     ] Application time: 0.2658278 seconds
[2022-02-07T16:51:43.620+0000][4.646s][debug][safepoint     ] Waiting for 1 thread(s) to block
[2022-02-07T16:51:43.620+0000][4.646s][info ][safepoint     ] Entering safepoint region: Deoptimize
[2022-02-07T16:51:43.621+0000][4.647s][info ][safepoint     ] Leaving safepoint region
[2022-02-07T16:51:43.621+0000][4.647s][info ][safepoint     ] Total time for which application threads were stopped: 0.0002314 seconds, Stopping threads took: 0.0000265 seconds
[2022-02-07T16:51:44.273+0000][5.299s][debug][safepoint     ] Safepoint synchronization initiated. (12 threads)
[2022-02-07T16:51:44.273+0000][5.299s][info ][safepoint     ] Application time: 0.6522085 seconds
[2022-02-07T16:51:44.273+0000][5.299s][debug][safepoint     ] Waiting for 2 thread(s) to block
[2022-02-07T16:51:44.273+0000][5.299s][info ][safepoint     ] Entering safepoint region: G1CollectForAllocation
[2022-02-07T16:51:44.273+0000][5.299s][info ][gc,start      ] GC(5) Pause Young (Normal) (G1 Evacuation Pause)
[2022-02-07T16:51:44.287+0000][5.313s][info ][gc,task       ] GC(5) Using 4 workers of 4 for evacuation
[2022-02-07T16:51:44.311+0000][5.337s][info ][gc,phases     ] GC(5)   Pre Evacuate Collection Set: 0.0ms
[2022-02-07T16:51:44.311+0000][5.337s][info ][gc,phases     ] GC(5)   Evacuate Collection Set: 15.9ms
[2022-02-07T16:51:44.311+0000][5.337s][info ][gc,phases     ] GC(5)   Post Evacuate Collection Set: 8.0ms
[2022-02-07T16:51:44.311+0000][5.337s][info ][gc,phases     ] GC(5)   Other: 14.3ms
[2022-02-07T16:51:44.311+0000][5.337s][info ][gc,heap       ] GC(5) Eden regions: 89->0(95)
[2022-02-07T16:51:44.311+0000][5.337s][info ][gc,heap       ] GC(5) Survivor regions: 4->5(12)
[2022-02-07T16:51:44.311+0000][5.337s][info ][gc,heap       ] GC(5) Old regions: 8->8
[2022-02-07T16:51:44.311+0000][5.337s][info ][gc,heap       ] GC(5) Humongous regions: 0->0
[2022-02-07T16:51:44.311+0000][5.337s][info ][gc,metaspace  ] GC(5) Metaspace: 12615K->12615K(1060864K)
[2022-02-07T16:51:44.311+0000][5.337s][info ][gc            ] GC(5) Pause Young (Normal) (G1 Evacuation Pause) 98M->10M(168M) 38.283ms
[2022-02-07T16:51:44.311+0000][5.337s][info ][gc,cpu        ] GC(5) User=0.03s Sys=0.00s Real=0.04s
[2022-02-07T16:51:44.311+0000][5.337s][info ][safepoint     ] Leaving safepoint region
[2022-02-07T16:51:44.311+0000][5.337s][info ][safepoint     ] Total time for which application threads were stopped: 0.0385570 seconds, Stopping threads took: 0.0001104 seconds
[2022-02-07T16:51:44.311+0000][5.337s][info ][gc,stringdedup] Concurrent String Deduplication (5.337s)
[2022-02-07T16:51:44.313+0000][5.339s][info ][gc,stringdedup] Concurrent String Deduplication 135.9K->56456.0B(82672.0B) avg 11.3% (5.337s, 5.339s) 1.325ms
[2022-02-07T16:51:44.857+0000][5.882s][debug][safepoint     ] Safepoint synchronization initiated. (12 threads)
[2022-02-07T16:51:44.857+0000][5.882s][info ][safepoint     ] Application time: 0.5451100 seconds
[2022-02-07T16:51:44.857+0000][5.882s][debug][safepoint     ] Waiting for 1 thread(s) to block
[2022-02-07T16:51:44.857+0000][5.882s][info ][safepoint     ] Entering safepoint region: G1CollectForAllocation
[2022-02-07T16:51:44.863+0000][5.889s][info ][gc,start      ] GC(6) Pause Young (Normal) (G1 Evacuation Pause)
[2022-02-07T16:51:44.863+0000][5.889s][info ][gc,task       ] GC(6) Using 4 workers of 4 for evacuation
[2022-02-07T16:51:44.882+0000][5.908s][info ][gc,phases     ] GC(6)   Pre Evacuate Collection Set: 0.0ms
[2022-02-07T16:51:44.882+0000][5.908s][info ][gc,phases     ] GC(6)   Evacuate Collection Set: 17.8ms
[2022-02-07T16:51:44.882+0000][5.908s][info ][gc,phases     ] GC(6)   Post Evacuate Collection Set: 1.1ms
[2022-02-07T16:51:44.882+0000][5.908s][info ][gc,phases     ] GC(6)   Other: 0.2ms
[2022-02-07T16:51:44.882+0000][5.908s][info ][gc,heap       ] GC(6) Eden regions: 95->0(94)
[2022-02-07T16:51:44.882+0000][5.908s][info ][gc,heap       ] GC(6) Survivor regions: 5->6(13)
[2022-02-07T16:51:44.882+0000][5.908s][info ][gc,heap       ] GC(6) Old regions: 8->8
[2022-02-07T16:51:44.882+0000][5.908s][info ][gc,heap       ] GC(6) Humongous regions: 0->0
[2022-02-07T16:51:44.882+0000][5.908s][info ][gc,metaspace  ] GC(6) Metaspace: 15004K->15004K(1062912K)
[2022-02-07T16:51:44.882+0000][5.908s][info ][gc            ] GC(6) Pause Young (Normal) (G1 Evacuation Pause) 105M->11M(168M) 19.160ms
[2022-02-07T16:51:44.882+0000][5.908s][info ][gc,cpu        ] GC(6) User=0.03s Sys=0.00s Real=0.02s
[2022-02-07T16:51:44.882+0000][5.908s][info ][safepoint     ] Leaving safepoint region
[2022-02-07T16:51:44.882+0000][5.908s][info ][safepoint     ] Total time for which application threads were stopped: 0.0259014 seconds, Stopping threads took: 0.0000281 seconds
[2022-02-07T16:51:44.882+0000][5.908s][info ][gc,stringdedup] Concurrent String Deduplication (5.908s)
[2022-02-07T16:51:44.883+0000][5.909s][info ][gc,stringdedup] Concurrent String Deduplication 81096.0B->26264.0B(54832.0B) avg 13.2% (5.908s, 5.909s) 0.390ms
[2022-02-07T16:51:45.097+0000][6.123s][debug][safepoint     ] Safepoint synchronization initiated. (11 threads)
[2022-02-07T16:51:45.097+0000][6.123s][info ][safepoint     ] Application time: 0.2147022 seconds
[2022-02-07T16:51:45.101+0000][6.127s][debug][safepoint     ] ... found polling page loop exception at pc = 0x00007f11b43eb0e9, stub =0x00007f11ac8be900
[2022-02-07T16:51:45.102+0000][6.128s][debug][safepoint     ] Waiting for 1 thread(s) to block
[2022-02-07T16:51:45.102+0000][6.128s][info ][safepoint     ] Entering safepoint region: Deoptimize
[2022-02-07T16:51:45.102+0000][6.128s][info ][safepoint     ] Leaving safepoint region
[2022-02-07T16:51:45.102+0000][6.128s][info ][safepoint     ] Total time for which application threads were stopped: 0.0048597 seconds, Stopping threads took: 0.0045820 seconds
[2022-02-07T16:51:45.361+0000][6.387s][debug][safepoint     ] Safepoint synchronization initiated. (12 threads)
[2022-02-07T16:51:45.361+0000][6.387s][info ][safepoint     ] Application time: 0.2586413 seconds
[2022-02-07T16:51:45.361+0000][6.387s][debug][safepoint     ] Waiting for 3 thread(s) to block
[2022-02-07T16:51:45.367+0000][6.393s][info ][safepoint     ] Entering safepoint region: Deoptimize
[2022-02-07T16:51:45.368+0000][6.393s][info ][safepoint     ] Leaving safepoint region
[2022-02-07T16:51:45.368+0000][6.393s][info ][safepoint     ] Total time for which application threads were stopped: 0.0068670 seconds, Stopping threads took: 0.0065835 seconds
[2022-02-07T16:51:45.466+0000][6.492s][debug][safepoint     ] Safepoint synchronization initiated. (12 threads)
[2022-02-07T16:51:45.466+0000][6.492s][info ][safepoint     ] Application time: 0.0982765 seconds
[2022-02-07T16:51:45.466+0000][6.492s][debug][safepoint     ] Waiting for 1 thread(s) to block
[2022-02-07T16:51:45.470+0000][6.496s][info ][safepoint     ] Entering safepoint region: G1CollectForAllocation
[2022-02-07T16:51:45.470+0000][6.496s][info ][gc,start      ] GC(7) Pause Young (Normal) (G1 Evacuation Pause)
[2022-02-07T16:51:45.470+0000][6.496s][info ][gc,task       ] GC(7) Using 4 workers of 4 for evacuation
[2022-02-07T16:51:45.493+0000][6.519s][info ][gc,phases     ] GC(7)   Pre Evacuate Collection Set: 0.0ms
[2022-02-07T16:51:45.493+0000][6.519s][info ][gc,phases     ] GC(7)   Evacuate Collection Set: 21.0ms
[2022-02-07T16:51:45.493+0000][6.519s][info ][gc,phases     ] GC(7)   Post Evacuate Collection Set: 1.9ms
[2022-02-07T16:51:45.493+0000][6.519s][info ][gc,phases     ] GC(7)   Other: 0.1ms
[2022-02-07T16:51:45.493+0000][6.519s][info ][gc,heap       ] GC(7) Eden regions: 94->0(93)
[2022-02-07T16:51:45.493+0000][6.519s][info ][gc,heap       ] GC(7) Survivor regions: 6->7(13)
[2022-02-07T16:51:45.493+0000][6.519s][info ][gc,heap       ] GC(7) Old regions: 8->8
[2022-02-07T16:51:45.493+0000][6.519s][info ][gc,heap       ] GC(7) Humongous regions: 0->0
[2022-02-07T16:51:45.493+0000][6.519s][info ][gc,metaspace  ] GC(7) Metaspace: 17138K->17138K(1064960K)
[2022-02-07T16:51:45.493+0000][6.519s][info ][gc            ] GC(7) Pause Young (Normal) (G1 Evacuation Pause) 105M->12M(168M) 23.099ms
[2022-02-07T16:51:45.493+0000][6.519s][info ][gc,cpu        ] GC(7) User=0.02s Sys=0.00s Real=0.02s
[2022-02-07T16:51:45.493+0000][6.519s][info ][safepoint     ] Leaving safepoint region
[2022-02-07T16:51:45.493+0000][6.519s][info ][safepoint     ] Total time for which application threads were stopped: 0.0272674 seconds, Stopping threads took: 0.0040479 seconds
[2022-02-07T16:51:45.495+0000][6.521s][info ][gc,stringdedup] Concurrent String Deduplication (6.521s)
[2022-02-07T16:51:45.496+0000][6.522s][info ][gc,stringdedup] Concurrent String Deduplication 113.0K->82248.0B(33496.0B) avg 14.0% (6.521s, 6.522s) 0.820ms
[2022-02-07T16:51:46.015+0000][7.041s][debug][safepoint     ] Safepoint synchronization initiated. (12 threads)
[2022-02-07T16:51:46.015+0000][7.041s][info ][safepoint     ] Application time: 0.5220537 seconds
[2022-02-07T16:51:46.018+0000][7.044s][debug][safepoint     ] Waiting for 3 thread(s) to block
[2022-02-07T16:51:46.018+0000][7.044s][info ][safepoint     ] Entering safepoint region: CollectForMetadataAllocation
[2022-02-07T16:51:46.018+0000][7.044s][info ][gc,start      ] GC(8) Pause Young (Concurrent Start) (Metadata GC Threshold)
[2022-02-07T16:51:46.018+0000][7.044s][info ][gc,task       ] GC(8) Using 4 workers of 4 for evacuation
[2022-02-07T16:51:46.057+0000][7.083s][info ][gc,phases     ] GC(8)   Pre Evacuate Collection Set: 0.0ms
[2022-02-07T16:51:46.057+0000][7.083s][info ][gc,phases     ] GC(8)   Evacuate Collection Set: 36.3ms
[2022-02-07T16:51:46.057+0000][7.083s][info ][gc,phases     ] GC(8)   Post Evacuate Collection Set: 2.9ms
[2022-02-07T16:51:46.057+0000][7.083s][info ][gc,phases     ] GC(8)   Other: 0.2ms
[2022-02-07T16:51:46.057+0000][7.083s][info ][gc,heap       ] GC(8) Eden regions: 63->0(117)
[2022-02-07T16:51:46.057+0000][7.083s][info ][gc,heap       ] GC(8) Survivor regions: 7->8(13)
[2022-02-07T16:51:46.057+0000][7.083s][info ][gc,heap       ] GC(8) Old regions: 8->8
[2022-02-07T16:51:46.057+0000][7.083s][info ][gc,heap       ] GC(8) Humongous regions: 0->0
[2022-02-07T16:51:46.057+0000][7.083s][info ][gc,metaspace  ] GC(8) Metaspace: 20564K->20564K(1067008K)
[2022-02-07T16:51:46.057+0000][7.083s][info ][gc            ] GC(8) Pause Young (Concurrent Start) (Metadata GC Threshold) 75M->13M(210M) 39.467ms
[2022-02-07T16:51:46.057+0000][7.083s][info ][gc,cpu        ] GC(8) User=0.05s Sys=0.00s Real=0.04s
[2022-02-07T16:51:46.057+0000][7.083s][info ][gc            ] GC(9) Concurrent Cycle
[2022-02-07T16:51:46.057+0000][7.083s][info ][gc,marking    ] GC(9) Concurrent Clear Claimed Marks
[2022-02-07T16:51:46.058+0000][7.083s][info ][gc,marking    ] GC(9) Concurrent Clear Claimed Marks 0.038ms
[2022-02-07T16:51:46.058+0000][7.083s][info ][gc,marking    ] GC(9) Concurrent Scan Root Regions
[2022-02-07T16:51:46.057+0000][7.083s][info ][safepoint     ] Leaving safepoint region
[2022-02-07T16:51:46.058+0000][7.083s][info ][safepoint     ] Total time for which application threads were stopped: 0.0423347 seconds, Stopping threads took: 0.0025715 seconds
[2022-02-07T16:51:46.058+0000][7.083s][info ][gc,stringdedup] Concurrent String Deduplication (7.083s)
[2022-02-07T16:51:46.058+0000][7.084s][info ][gc,stringdedup] Concurrent String Deduplication 95448.0B->16592.0B(78856.0B) avg 16.5% (7.083s, 7.084s) 0.633ms
[2022-02-07T16:51:46.062+0000][7.088s][info ][gc,marking    ] GC(9) Concurrent Scan Root Regions 4.519ms
[2022-02-07T16:51:46.062+0000][7.088s][info ][gc,marking    ] GC(9) Concurrent Mark (7.088s)
[2022-02-07T16:51:46.062+0000][7.088s][info ][gc,marking    ] GC(9) Concurrent Mark From Roots
[2022-02-07T16:51:46.062+0000][7.088s][info ][gc,task       ] GC(9) Using 1 workers of 1 for marking
[2022-02-07T16:51:46.073+0000][7.099s][info ][gc,marking    ] GC(9) Concurrent Mark From Roots 11.107ms
[2022-02-07T16:51:46.073+0000][7.099s][info ][gc,marking    ] GC(9) Concurrent Preclean
[2022-02-07T16:51:46.073+0000][7.099s][info ][gc,marking    ] GC(9) Concurrent Preclean 0.059ms
[2022-02-07T16:51:46.073+0000][7.099s][info ][gc,marking    ] GC(9) Concurrent Mark (7.088s, 7.099s) 11.229ms
[2022-02-07T16:51:46.099+0000][7.125s][debug][safepoint     ] Safepoint synchronization initiated. (12 threads)
[2022-02-07T16:51:46.099+0000][7.125s][info ][safepoint     ] Application time: 0.0417158 seconds
[2022-02-07T16:51:46.105+0000][7.130s][debug][safepoint     ] ... found polling page loop exception at pc = 0x00007f11b436b2c6, stub =0x00007f11ac8be900
[2022-02-07T16:51:46.107+0000][7.133s][debug][safepoint     ] Waiting for 3 thread(s) to block
[2022-02-07T16:51:46.107+0000][7.133s][info ][safepoint     ] Entering safepoint region: CGC_Operation
[2022-02-07T16:51:46.107+0000][7.133s][info ][gc,start      ] GC(9) Pause Remark
[2022-02-07T16:51:46.124+0000][7.150s][info ][gc,stringtable] GC(9) Cleaned string and symbol table, strings: 8100 processed, 8 removed, symbols: 55810 processed, 101 removed
[2022-02-07T16:51:46.124+0000][7.150s][info ][gc            ] GC(9) Pause Remark 14M->14M(210M) 16.520ms
[2022-02-07T16:51:46.124+0000][7.150s][info ][gc,cpu        ] GC(9) User=0.01s Sys=0.00s Real=0.01s
[2022-02-07T16:51:46.124+0000][7.150s][info ][safepoint     ] Leaving safepoint region
[2022-02-07T16:51:46.124+0000][7.150s][info ][safepoint     ] Total time for which application threads were stopped: 0.0246357 seconds, Stopping threads took: 0.0080192 seconds
[2022-02-07T16:51:46.124+0000][7.150s][info ][gc,marking    ] GC(9) Concurrent Rebuild Remembered Sets
[2022-02-07T16:51:46.143+0000][7.169s][info ][gc,marking    ] GC(9) Concurrent Rebuild Remembered Sets 19.271ms
[2022-02-07T16:51:46.143+0000][7.169s][debug][safepoint     ] Safepoint synchronization initiated. (12 threads)
[2022-02-07T16:51:46.143+0000][7.169s][info ][safepoint     ] Application time: 0.0193682 seconds
[2022-02-07T16:51:46.143+0000][7.169s][debug][safepoint     ] Waiting for 1 thread(s) to block
[2022-02-07T16:51:46.143+0000][7.169s][info ][safepoint     ] Entering safepoint region: CGC_Operation
[2022-02-07T16:51:46.143+0000][7.169s][info ][gc,start      ] GC(9) Pause Cleanup
[2022-02-07T16:51:46.143+0000][7.169s][info ][gc            ] GC(9) Pause Cleanup 16M->16M(210M) 0.115ms
[2022-02-07T16:51:46.144+0000][7.169s][info ][gc,cpu        ] GC(9) User=0.00s Sys=0.00s Real=0.00s
[2022-02-07T16:51:46.144+0000][7.169s][info ][safepoint     ] Leaving safepoint region
[2022-02-07T16:51:46.144+0000][7.169s][info ][safepoint     ] Total time for which application threads were stopped: 0.0002294 seconds, Stopping threads took: 0.0000389 seconds
[2022-02-07T16:51:46.144+0000][7.169s][info ][gc,marking    ] GC(9) Concurrent Cleanup for Next Mark
[2022-02-07T16:51:46.146+0000][7.172s][info ][gc,marking    ] GC(9) Concurrent Cleanup for Next Mark 2.109ms
[2022-02-07T16:51:46.146+0000][7.172s][info ][gc            ] GC(9) Concurrent Cycle 88.245ms
[2022-02-07T16:51:46.509+0000][7.535s][debug][safepoint     ] Safepoint synchronization initiated. (11 threads)
[2022-02-07T16:51:46.509+0000][7.535s][info ][safepoint     ] Application time: 0.3654829 seconds
[2022-02-07T16:51:46.509+0000][7.535s][debug][safepoint     ] Waiting for 1 thread(s) to block
[2022-02-07T16:51:46.509+0000][7.535s][info ][safepoint     ] Entering safepoint region: Deoptimize
[2022-02-07T16:51:46.509+0000][7.535s][info ][safepoint     ] Leaving safepoint region
[2022-02-07T16:51:46.509+0000][7.535s][info ][safepoint     ] Total time for which application threads were stopped: 0.0003794 seconds, Stopping threads took: 0.0000562 seconds
[2022-02-07T16:51:46.990+0000][8.016s][debug][safepoint     ] Safepoint synchronization initiated. (11 threads)
[2022-02-07T16:51:46.992+0000][8.017s][info ][safepoint     ] Application time: 0.4821424 seconds
[2022-02-07T16:51:46.992+0000][8.017s][debug][safepoint     ] Waiting for 1 thread(s) to block
[2022-02-07T16:51:46.992+0000][8.017s][info ][safepoint     ] Entering safepoint region: G1CollectForAllocation
[2022-02-07T16:51:46.992+0000][8.018s][info ][gc,start      ] GC(10) Pause Young (Normal) (G1 Evacuation Pause)
[2022-02-07T16:51:46.992+0000][8.018s][info ][gc,task       ] GC(10) Using 4 workers of 4 for evacuation
[2022-02-07T16:51:47.029+0000][8.055s][info ][gc,phases     ] GC(10)   Pre Evacuate Collection Set: 0.0ms
[2022-02-07T16:51:47.029+0000][8.055s][info ][gc,phases     ] GC(10)   Evacuate Collection Set: 35.2ms
[2022-02-07T16:51:47.029+0000][8.055s][info ][gc,phases     ] GC(10)   Post Evacuate Collection Set: 2.3ms
[2022-02-07T16:51:47.029+0000][8.055s][info ][gc,phases     ] GC(10)   Other: 0.1ms
[2022-02-07T16:51:47.029+0000][8.055s][info ][gc,heap       ] GC(10) Eden regions: 117->0(116)
[2022-02-07T16:51:47.029+0000][8.055s][info ][gc,heap       ] GC(10) Survivor regions: 8->10(16)
[2022-02-07T16:51:47.029+0000][8.055s][info ][gc,heap       ] GC(10) Old regions: 8->8
[2022-02-07T16:51:47.029+0000][8.055s][info ][gc,heap       ] GC(10) Humongous regions: 0->0
[2022-02-07T16:51:47.029+0000][8.055s][info ][gc,metaspace  ] GC(10) Metaspace: 22944K->22944K(1071104K)
[2022-02-07T16:51:47.029+0000][8.055s][info ][gc            ] GC(10) Pause Young (Normal) (G1 Evacuation Pause) 130M->15M(210M) 37.745ms
[2022-02-07T16:51:47.030+0000][8.055s][info ][gc,cpu        ] GC(10) User=0.05s Sys=0.00s Real=0.04s
[2022-02-07T16:51:47.030+0000][8.055s][info ][safepoint     ] Leaving safepoint region
[2022-02-07T16:51:47.030+0000][8.055s][info ][safepoint     ] Total time for which application threads were stopped: 0.0379331 seconds, Stopping threads took: 0.0000338 seconds
[2022-02-07T16:51:47.030+0000][8.055s][info ][gc,stringdedup] Concurrent String Deduplication (8.055s)
[2022-02-07T16:51:47.031+0000][8.057s][info ][gc,stringdedup] Concurrent String Deduplication 438.0K->377.4K(61968.0B) avg 16.1% (8.055s, 8.057s) 1.364ms
[2022-02-07T16:51:48.039+0000][9.065s][debug][safepoint     ] Safepoint synchronization initiated. (11 threads)
[2022-02-07T16:51:48.039+0000][9.065s][info ][safepoint     ] Application time: 1.0098413 seconds
[2022-02-07T16:51:48.043+0000][9.069s][debug][safepoint     ] ... found polling page loop exception at pc = 0x00007f11b44d63f7, stub =0x00007f11ac8be900
[2022-02-07T16:51:48.043+0000][9.069s][debug][safepoint     ] Waiting for 1 thread(s) to block
[2022-02-07T16:51:48.043+0000][9.069s][info ][safepoint     ] Entering safepoint region: Cleanup
[2022-02-07T16:51:48.043+0000][9.069s][info ][safepoint     ] Leaving safepoint region
[2022-02-07T16:51:48.043+0000][9.069s][info ][safepoint     ] Total time for which application threads were stopped: 0.0040766 seconds, Stopping threads took: 0.0039811 seconds
[2022-02-07T16:51:48.175+0000][9.201s][debug][safepoint     ] Safepoint synchronization initiated. (11 threads)
[2022-02-07T16:51:48.175+0000][9.201s][info ][safepoint     ] Application time: 0.1313081 seconds
[2022-02-07T16:51:48.175+0000][9.201s][info ][safepoint     ] Entering safepoint region: G1CollectForAllocation
[2022-02-07T16:51:48.175+0000][9.201s][info ][gc,start      ] GC(11) Pause Young (Normal) (G1 Evacuation Pause)
[2022-02-07T16:51:48.175+0000][9.201s][info ][gc,task       ] GC(11) Using 4 workers of 4 for evacuation
[2022-02-07T16:51:48.220+0000][9.246s][info ][gc,phases     ] GC(11)   Pre Evacuate Collection Set: 0.0ms
[2022-02-07T16:51:48.220+0000][9.246s][info ][gc,phases     ] GC(11)   Evacuate Collection Set: 42.4ms
[2022-02-07T16:51:48.220+0000][9.246s][info ][gc,phases     ] GC(11)   Post Evacuate Collection Set: 2.5ms
[2022-02-07T16:51:48.220+0000][9.246s][info ][gc,phases     ] GC(11)   Other: 0.1ms
[2022-02-07T16:51:48.220+0000][9.246s][info ][gc,heap       ] GC(11) Eden regions: 116->0(115)
[2022-02-07T16:51:48.220+0000][9.246s][info ][gc,heap       ] GC(11) Survivor regions: 10->11(16)
[2022-02-07T16:51:48.220+0000][9.246s][info ][gc,heap       ] GC(11) Old regions: 8->9
[2022-02-07T16:51:48.220+0000][9.246s][info ][gc,heap       ] GC(11) Humongous regions: 0->0
[2022-02-07T16:51:48.220+0000][9.246s][info ][gc,metaspace  ] GC(11) Metaspace: 23580K->23580K(1071104K)
[2022-02-07T16:51:48.220+0000][9.246s][info ][gc            ] GC(11) Pause Young (Normal) (G1 Evacuation Pause) 131M->18M(210M) 45.053ms
[2022-02-07T16:51:48.220+0000][9.246s][info ][gc,cpu        ] GC(11) User=0.06s Sys=0.00s Real=0.05s
[2022-02-07T16:51:48.220+0000][9.246s][info ][safepoint     ] Leaving safepoint region
[2022-02-07T16:51:48.220+0000][9.246s][info ][safepoint     ] Total time for which application threads were stopped: 0.0451816 seconds, Stopping threads took: 0.0000098 seconds
[2022-02-07T16:51:48.220+0000][9.246s][info ][gc,stringdedup] Concurrent String Deduplication (9.246s)
[2022-02-07T16:51:48.221+0000][9.247s][info ][gc,stringdedup] Concurrent String Deduplication 223.9K->175.9K(49096.0B) avg 16.5% (9.246s, 9.247s) 1.004ms
[2022-02-07T16:51:49.133+0000][10.159s][debug][safepoint     ] Safepoint synchronization initiated. (12 threads)
[2022-02-07T16:51:49.133+0000][10.159s][info ][safepoint     ] Application time: 0.9131174 seconds
[2022-02-07T16:51:49.136+0000][10.161s][debug][safepoint     ] Waiting for 1 thread(s) to block
[2022-02-07T16:51:49.136+0000][10.161s][info ][safepoint     ] Entering safepoint region: G1CollectForAllocation
[2022-02-07T16:51:49.136+0000][10.162s][info ][gc,start      ] GC(12) Pause Young (Normal) (G1 Evacuation Pause)
[2022-02-07T16:51:49.136+0000][10.162s][info ][gc,task       ] GC(12) Using 4 workers of 4 for evacuation
[2022-02-07T16:51:49.174+0000][10.200s][info ][gc,phases     ] GC(12)   Pre Evacuate Collection Set: 0.0ms
[2022-02-07T16:51:49.174+0000][10.200s][info ][gc,phases     ] GC(12)   Evacuate Collection Set: 35.4ms
[2022-02-07T16:51:49.174+0000][10.200s][info ][gc,phases     ] GC(12)   Post Evacuate Collection Set: 2.4ms
[2022-02-07T16:51:49.174+0000][10.200s][info ][gc,phases     ] GC(12)   Other: 0.1ms
[2022-02-07T16:51:49.174+0000][10.200s][info ][gc,heap       ] GC(12) Eden regions: 115->0(115)
[2022-02-07T16:51:49.174+0000][10.200s][info ][gc,heap       ] GC(12) Survivor regions: 11->11(16)
[2022-02-07T16:51:49.174+0000][10.200s][info ][gc,heap       ] GC(12) Old regions: 9->12
[2022-02-07T16:51:49.174+0000][10.200s][info ][gc,heap       ] GC(12) Humongous regions: 0->0
[2022-02-07T16:51:49.174+0000][10.200s][info ][gc,metaspace  ] GC(12) Metaspace: 23873K->23873K(1071104K)
[2022-02-07T16:51:49.174+0000][10.200s][info ][gc            ] GC(12) Pause Young (Normal) (G1 Evacuation Pause) 133M->21M(210M) 38.070ms
[2022-02-07T16:51:49.174+0000][10.200s][info ][gc,cpu        ] GC(12) User=0.04s Sys=0.00s Real=0.04s
[2022-02-07T16:51:49.174+0000][10.200s][info ][safepoint     ] Leaving safepoint region
[2022-02-07T16:51:49.174+0000][10.200s][info ][safepoint     ] Total time for which application threads were stopped: 0.0407923 seconds, Stopping threads took: 0.0025412 seconds
[2022-02-07T16:51:49.174+0000][10.200s][info ][gc,stringdedup] Concurrent String Deduplication (10.200s)
[2022-02-07T16:51:49.176+0000][10.202s][info ][gc,stringdedup] Concurrent String Deduplication 679.1K->375.2K(303.9K) avg 21.5% (10.200s, 10.202s) 2.509ms
[2022-02-07T16:51:49.963+0000][10.989s][debug][safepoint     ] Safepoint synchronization initiated. (12 threads)
[2022-02-07T16:51:49.963+0000][10.989s][info ][safepoint     ] Application time: 0.7890664 seconds
[2022-02-07T16:51:49.963+0000][10.989s][debug][safepoint     ] Waiting for 1 thread(s) to block
[2022-02-07T16:51:49.967+0000][10.993s][info ][safepoint     ] Entering safepoint region: G1CollectForAllocation
[2022-02-07T16:51:49.967+0000][10.993s][info ][gc,start      ] GC(13) Pause Young (Normal) (G1 Evacuation Pause)
[2022-02-07T16:51:49.967+0000][10.993s][info ][gc,task       ] GC(13) Using 4 workers of 4 for evacuation
[2022-02-07T16:51:49.994+0000][11.020s][info ][gc,phases     ] GC(13)   Pre Evacuate Collection Set: 0.0ms
[2022-02-07T16:51:49.994+0000][11.020s][info ][gc,phases     ] GC(13)   Evacuate Collection Set: 23.8ms
[2022-02-07T16:51:49.994+0000][11.020s][info ][gc,phases     ] GC(13)   Post Evacuate Collection Set: 2.9ms
[2022-02-07T16:51:49.994+0000][11.020s][info ][gc,phases     ] GC(13)   Other: 0.1ms
[2022-02-07T16:51:49.994+0000][11.020s][info ][gc,heap       ] GC(13) Eden regions: 115->0(172)
[2022-02-07T16:51:49.994+0000][11.020s][info ][gc,heap       ] GC(13) Survivor regions: 11->8(16)
[2022-02-07T16:51:49.994+0000][11.020s][info ][gc,heap       ] GC(13) Old regions: 12->15
[2022-02-07T16:51:49.994+0000][11.020s][info ][gc,heap       ] GC(13) Humongous regions: 0->0
[2022-02-07T16:51:49.994+0000][11.020s][info ][gc,metaspace  ] GC(13) Metaspace: 25029K->25029K(1071104K)
[2022-02-07T16:51:49.994+0000][11.020s][info ][gc            ] GC(13) Pause Young (Normal) (G1 Evacuation Pause) 136M->21M(304M) 26.993ms
[2022-02-07T16:51:49.994+0000][11.020s][info ][gc,cpu        ] GC(13) User=0.04s Sys=0.00s Real=0.02s
[2022-02-07T16:51:49.994+0000][11.020s][info ][safepoint     ] Leaving safepoint region
[2022-02-07T16:51:49.994+0000][11.020s][info ][safepoint     ] Total time for which application threads were stopped: 0.0314087 seconds, Stopping threads took: 0.0042969 seconds
[2022-02-07T16:51:49.994+0000][11.020s][info ][gc,stringdedup] Concurrent String Deduplication (11.020s)
[2022-02-07T16:51:49.997+0000][11.023s][info ][gc,stringdedup] Concurrent String Deduplication 734.2K->301.5K(432.7K) avg 27.5% (11.020s, 11.023s) 2.715ms
[2022-02-07T16:51:50.794+0000][11.820s][debug][safepoint     ] Safepoint synchronization initiated. (12 threads)
[2022-02-07T16:51:50.794+0000][11.820s][info ][safepoint     ] Application time: 0.7994300 seconds
[2022-02-07T16:51:50.794+0000][11.820s][info ][safepoint     ] Entering safepoint region: G1CollectForAllocation
[2022-02-07T16:51:50.794+0000][11.820s][info ][gc,start      ] GC(14) Pause Young (Normal) (G1 Evacuation Pause)
[2022-02-07T16:51:50.794+0000][11.820s][info ][gc,task       ] GC(14) Using 4 workers of 4 for evacuation
[2022-02-07T16:51:50.820+0000][11.845s][info ][gc,phases     ] GC(14)   Pre Evacuate Collection Set: 0.0ms
[2022-02-07T16:51:50.820+0000][11.846s][info ][gc,phases     ] GC(14)   Evacuate Collection Set: 23.0ms
[2022-02-07T16:51:50.820+0000][11.846s][info ][gc,phases     ] GC(14)   Post Evacuate Collection Set: 2.6ms
[2022-02-07T16:51:50.820+0000][11.846s][info ][gc,phases     ] GC(14)   Other: 0.1ms
[2022-02-07T16:51:50.820+0000][11.846s][info ][gc,heap       ] GC(14) Eden regions: 172->0(174)
[2022-02-07T16:51:50.820+0000][11.846s][info ][gc,heap       ] GC(14) Survivor regions: 8->8(23)
[2022-02-07T16:51:50.820+0000][11.846s][info ][gc,heap       ] GC(14) Old regions: 15->15
[2022-02-07T16:51:50.820+0000][11.846s][info ][gc,heap       ] GC(14) Humongous regions: 0->0
[2022-02-07T16:51:50.820+0000][11.846s][info ][gc,metaspace  ] GC(14) Metaspace: 25173K->25173K(1073152K)
[2022-02-07T16:51:50.820+0000][11.846s][info ][gc            ] GC(14) Pause Young (Normal) (G1 Evacuation Pause) 193M->21M(304M) 25.831ms
[2022-02-07T16:51:50.820+0000][11.846s][info ][gc,cpu        ] GC(14) User=0.02s Sys=0.00s Real=0.03s
[2022-02-07T16:51:50.820+0000][11.846s][info ][safepoint     ] Leaving safepoint region
[2022-02-07T16:51:50.820+0000][11.846s][info ][safepoint     ] Total time for which application threads were stopped: 0.0259603 seconds, Stopping threads took: 0.0000103 seconds
[2022-02-07T16:51:50.820+0000][11.846s][info ][gc,stringdedup] Concurrent String Deduplication (11.846s)
[2022-02-07T16:51:50.823+0000][11.849s][info ][gc,stringdedup] Concurrent String Deduplication 1247.6K->214.9K(1032.7K) avg 39.3% (11.846s, 11.849s) 3.112ms
[2022-02-07T16:51:51.414+0000][12.440s][debug][safepoint     ] Safepoint synchronization initiated. (12 threads)
[2022-02-07T16:51:51.414+0000][12.440s][info ][safepoint     ] Application time: 0.5944397 seconds
[2022-02-07T16:51:51.414+0000][12.440s][debug][safepoint     ] Waiting for 1 thread(s) to block
[2022-02-07T16:51:51.414+0000][12.440s][info ][safepoint     ] Entering safepoint region: G1CollectForAllocation
[2022-02-07T16:51:51.414+0000][12.440s][info ][gc,start      ] GC(15) Pause Young (Normal) (G1 Evacuation Pause)
[2022-02-07T16:51:51.414+0000][12.440s][info ][gc,task       ] GC(15) Using 4 workers of 4 for evacuation
[2022-02-07T16:51:51.436+0000][12.462s][info ][gc,phases     ] GC(15)   Pre Evacuate Collection Set: 0.0ms
[2022-02-07T16:51:51.436+0000][12.462s][info ][gc,phases     ] GC(15)   Evacuate Collection Set: 19.2ms
[2022-02-07T16:51:51.436+0000][12.462s][info ][gc,phases     ] GC(15)   Post Evacuate Collection Set: 2.3ms
[2022-02-07T16:51:51.436+0000][12.462s][info ][gc,phases     ] GC(15)   Other: 0.1ms
[2022-02-07T16:51:51.436+0000][12.462s][info ][gc,heap       ] GC(15) Eden regions: 174->0(175)
[2022-02-07T16:51:51.436+0000][12.462s][info ][gc,heap       ] GC(15) Survivor regions: 8->7(23)
[2022-02-07T16:51:51.436+0000][12.462s][info ][gc,heap       ] GC(15) Old regions: 15->15
[2022-02-07T16:51:51.436+0000][12.462s][info ][gc,heap       ] GC(15) Humongous regions: 0->0
[2022-02-07T16:51:51.436+0000][12.462s][info ][gc,metaspace  ] GC(15) Metaspace: 25182K->25182K(1073152K)
[2022-02-07T16:51:51.436+0000][12.462s][info ][gc            ] GC(15) Pause Young (Normal) (G1 Evacuation Pause) 195M->20M(304M) 21.698ms
[2022-02-07T16:51:51.436+0000][12.462s][info ][gc,cpu        ] GC(15) User=0.03s Sys=0.00s Real=0.02s
[2022-02-07T16:51:51.436+0000][12.462s][info ][safepoint     ] Leaving safepoint region
[2022-02-07T16:51:51.436+0000][12.462s][info ][safepoint     ] Total time for which application threads were stopped: 0.0218406 seconds, Stopping threads took: 0.0000282 seconds
[2022-02-07T16:51:51.436+0000][12.462s][info ][gc,stringdedup] Concurrent String Deduplication (12.462s)
[2022-02-07T16:51:51.436+0000][12.462s][info ][gc,stringdedup] Concurrent String Deduplication 44664.0B->23568.0B(21096.0B) avg 39.3% (12.462s, 12.462s) 0.216ms
[2022-02-07T16:51:52.433+0000][13.459s][debug][safepoint     ] Safepoint synchronization initiated. (11 threads)
[2022-02-07T16:51:52.433+0000][13.459s][info ][safepoint     ] Application time: 0.9968625 seconds
[2022-02-07T16:51:52.433+0000][13.459s][debug][safepoint     ] Waiting for 1 thread(s) to block
[2022-02-07T16:51:52.433+0000][13.459s][info ][safepoint     ] Entering safepoint region: ICBufferFull
[2022-02-07T16:51:52.433+0000][13.459s][info ][safepoint     ] Leaving safepoint region
[2022-02-07T16:51:52.433+0000][13.459s][info ][safepoint     ] Total time for which application threads were stopped: 0.0001840 seconds, Stopping threads took: 0.0000294 seconds
[2022-02-07T16:51:52.603+0000][13.629s][debug][safepoint     ] Safepoint synchronization initiated. (11 threads)
[2022-02-07T16:51:52.603+0000][13.629s][info ][safepoint     ] Application time: 0.1697936 seconds
[2022-02-07T16:51:52.603+0000][13.629s][debug][safepoint     ] Waiting for 1 thread(s) to block
[2022-02-07T16:51:52.603+0000][13.629s][info ][safepoint     ] Entering safepoint region: G1CollectForAllocation
[2022-02-07T16:51:52.607+0000][13.633s][info ][gc,start      ] GC(16) Pause Young (Normal) (G1 Evacuation Pause)
[2022-02-07T16:51:52.607+0000][13.633s][info ][gc,task       ] GC(16) Using 4 workers of 4 for evacuation
[2022-02-07T16:51:52.648+0000][13.674s][info ][gc,phases     ] GC(16)   Pre Evacuate Collection Set: 0.0ms
[2022-02-07T16:51:52.648+0000][13.674s][info ][gc,phases     ] GC(16)   Evacuate Collection Set: 19.9ms
[2022-02-07T16:51:52.648+0000][13.674s][info ][gc,phases     ] GC(16)   Post Evacuate Collection Set: 20.5ms
[2022-02-07T16:51:52.648+0000][13.674s][info ][gc,phases     ] GC(16)   Other: 0.2ms
[2022-02-07T16:51:52.648+0000][13.674s][info ][gc,heap       ] GC(16) Eden regions: 175->0(173)
[2022-02-07T16:51:52.648+0000][13.674s][info ][gc,heap       ] GC(16) Survivor regions: 7->9(23)
[2022-02-07T16:51:52.648+0000][13.674s][info ][gc,heap       ] GC(16) Old regions: 15->15
[2022-02-07T16:51:52.648+0000][13.674s][info ][gc,heap       ] GC(16) Humongous regions: 0->0
[2022-02-07T16:51:52.648+0000][13.674s][info ][gc,metaspace  ] GC(16) Metaspace: 29790K->29790K(1077248K)
[2022-02-07T16:51:52.648+0000][13.674s][info ][gc            ] GC(16) Pause Young (Normal) (G1 Evacuation Pause) 195M->21M(304M) 40.673ms
[2022-02-07T16:51:52.648+0000][13.674s][info ][gc,cpu        ] GC(16) User=0.05s Sys=0.00s Real=0.04s
[2022-02-07T16:51:52.648+0000][13.674s][info ][safepoint     ] Leaving safepoint region
[2022-02-07T16:51:52.648+0000][13.674s][info ][safepoint     ] Total time for which application threads were stopped: 0.0450195 seconds, Stopping threads took: 0.0000294 seconds
[2022-02-07T16:51:52.648+0000][13.674s][info ][gc,stringdedup] Concurrent String Deduplication (13.674s)
[2022-02-07T16:51:52.648+0000][13.674s][info ][gc,stringdedup] Concurrent String Deduplication 8208.0B->3824.0B(4384.0B) avg 39.4% (13.674s, 13.674s) 0.072ms
[2022-02-07T16:51:53.501+0000][14.527s][debug][safepoint     ] Safepoint synchronization initiated. (11 threads)
[2022-02-07T16:51:53.501+0000][14.527s][info ][safepoint     ] Application time: 0.8533336 seconds
[2022-02-07T16:51:53.501+0000][14.527s][debug][safepoint     ] Waiting for 1 thread(s) to block
[2022-02-07T16:51:53.501+0000][14.527s][info ][safepoint     ] Entering safepoint region: G1CollectForAllocation
[2022-02-07T16:51:53.501+0000][14.527s][info ][gc,start      ] GC(17) Pause Young (Normal) (G1 Evacuation Pause)
[2022-02-07T16:51:53.501+0000][14.527s][info ][gc,task       ] GC(17) Using 4 workers of 4 for evacuation
[2022-02-07T16:51:53.522+0000][14.548s][info ][gc,phases     ] GC(17)   Pre Evacuate Collection Set: 0.0ms
[2022-02-07T16:51:53.522+0000][14.548s][info ][gc,phases     ] GC(17)   Evacuate Collection Set: 18.4ms
[2022-02-07T16:51:53.522+0000][14.548s][info ][gc,phases     ] GC(17)   Post Evacuate Collection Set: 2.2ms
[2022-02-07T16:51:53.522+0000][14.548s][info ][gc,phases     ] GC(17)   Other: 0.1ms
[2022-02-07T16:51:53.522+0000][14.548s][info ][gc,heap       ] GC(17) Eden regions: 173->0(209)
[2022-02-07T16:51:53.522+0000][14.548s][info ][gc,heap       ] GC(17) Survivor regions: 9->10(23)
[2022-02-07T16:51:53.522+0000][14.548s][info ][gc,heap       ] GC(17) Old regions: 15->15
[2022-02-07T16:51:53.522+0000][14.548s][info ][gc,heap       ] GC(17) Humongous regions: 0->0
[2022-02-07T16:51:53.522+0000][14.548s][info ][gc,metaspace  ] GC(17) Metaspace: 30281K->30281K(1077248K)
[2022-02-07T16:51:53.522+0000][14.548s][info ][gc            ] GC(17) Pause Young (Normal) (G1 Evacuation Pause) 194M->22M(365M) 20.871ms
[2022-02-07T16:51:53.522+0000][14.548s][info ][gc,cpu        ] GC(17) User=0.04s Sys=0.00s Real=0.02s
[2022-02-07T16:51:53.522+0000][14.548s][info ][safepoint     ] Leaving safepoint region
[2022-02-07T16:51:53.522+0000][14.548s][info ][safepoint     ] Total time for which application threads were stopped: 0.0210610 seconds, Stopping threads took: 0.0000280 seconds
[2022-02-07T16:51:53.522+0000][14.548s][info ][gc,stringdedup] Concurrent String Deduplication (14.548s)
[2022-02-07T16:51:53.523+0000][14.549s][info ][gc,stringdedup] Concurrent String Deduplication 221.1K->0.0B(221.1K) avg 41.5% (14.548s, 14.549s) 0.540ms
[2022-02-07T16:51:53.843+0000][14.869s][debug][safepoint     ] Safepoint synchronization initiated. (11 threads)
[2022-02-07T16:51:53.843+0000][14.869s][info ][safepoint     ] Application time: 0.3208681 seconds
[2022-02-07T16:51:53.843+0000][14.869s][debug][safepoint     ] Waiting for 1 thread(s) to block
[2022-02-07T16:51:53.846+0000][14.872s][info ][safepoint     ] Entering safepoint region: Deoptimize
[2022-02-07T16:51:53.847+0000][14.873s][info ][safepoint     ] Leaving safepoint region
[2022-02-07T16:51:53.847+0000][14.873s][info ][safepoint     ] Total time for which application threads were stopped: 0.0036337 seconds, Stopping threads took: 0.0032308 seconds
[2022-02-07T16:51:54.359+0000][15.385s][debug][safepoint     ] Safepoint synchronization initiated. (12 threads)
[2022-02-07T16:51:54.359+0000][15.385s][info ][safepoint     ] Application time: 0.5121593 seconds
[2022-02-07T16:51:54.359+0000][15.385s][debug][safepoint     ] Waiting for 1 thread(s) to block
[2022-02-07T16:51:54.363+0000][15.389s][info ][safepoint     ] Entering safepoint region: Deoptimize
[2022-02-07T16:51:54.364+0000][15.390s][info ][safepoint     ] Leaving safepoint region
[2022-02-07T16:51:54.364+0000][15.390s][info ][safepoint     ] Total time for which application threads were stopped: 0.0046524 seconds, Stopping threads took: 0.0041888 seconds
[2022-02-07T16:51:54.415+0000][15.441s][debug][safepoint     ] Safepoint synchronization initiated. (12 threads)
[2022-02-07T16:51:54.415+0000][15.441s][info ][safepoint     ] Application time: 0.0515279 seconds
[2022-02-07T16:51:54.415+0000][15.441s][info ][safepoint     ] Entering safepoint region: Deoptimize
[2022-02-07T16:51:54.416+0000][15.442s][info ][safepoint     ] Leaving safepoint region
[2022-02-07T16:51:54.416+0000][15.442s][info ][safepoint     ] Total time for which application threads were stopped: 0.0004035 seconds, Stopping threads took: 0.0000100 seconds
[2022-02-07T16:51:54.567+0000][15.593s][debug][safepoint     ] Safepoint synchronization initiated. (12 threads)
[2022-02-07T16:51:54.567+0000][15.593s][info ][safepoint     ] Application time: 0.1515648 seconds
[2022-02-07T16:51:54.567+0000][15.593s][info ][safepoint     ] Entering safepoint region: Deoptimize
[2022-02-07T16:51:54.572+0000][15.597s][info ][safepoint     ] Leaving safepoint region
[2022-02-07T16:51:54.572+0000][15.597s][info ][safepoint     ] Total time for which application threads were stopped: 0.0043183 seconds, Stopping threads took: 0.0000087 seconds
[2022-02-07T16:51:54.767+0000][15.793s][debug][safepoint     ] Safepoint synchronization initiated. (12 threads)
[2022-02-07T16:51:54.767+0000][15.793s][info ][safepoint     ] Application time: 0.1952027 seconds
[2022-02-07T16:51:54.767+0000][15.793s][debug][safepoint     ] Waiting for 1 thread(s) to block
[2022-02-07T16:51:54.767+0000][15.793s][info ][safepoint     ] Entering safepoint region: G1CollectForAllocation
[2022-02-07T16:51:54.767+0000][15.793s][info ][gc,start      ] GC(18) Pause Young (Normal) (G1 Evacuation Pause)
[2022-02-07T16:51:54.767+0000][15.793s][info ][gc,task       ] GC(18) Using 4 workers of 4 for evacuation
[2022-02-07T16:51:54.791+0000][15.817s][info ][gc,phases     ] GC(18)   Pre Evacuate Collection Set: 0.0ms
[2022-02-07T16:51:54.791+0000][15.817s][info ][gc,phases     ] GC(18)   Evacuate Collection Set: 10.1ms
[2022-02-07T16:51:54.791+0000][15.817s][info ][gc,phases     ] GC(18)   Post Evacuate Collection Set: 14.2ms
[2022-02-07T16:51:54.791+0000][15.817s][info ][gc,phases     ] GC(18)   Other: 0.1ms
[2022-02-07T16:51:54.791+0000][15.817s][info ][gc,heap       ] GC(18) Eden regions: 209->0(209)
[2022-02-07T16:51:54.791+0000][15.817s][info ][gc,heap       ] GC(18) Survivor regions: 10->10(28)
[2022-02-07T16:51:54.791+0000][15.817s][info ][gc,heap       ] GC(18) Old regions: 15->15
[2022-02-07T16:51:54.791+0000][15.817s][info ][gc,heap       ] GC(18) Humongous regions: 0->0
[2022-02-07T16:51:54.792+0000][15.817s][info ][gc,metaspace  ] GC(18) Metaspace: 33146K->33146K(1079296K)
[2022-02-07T16:51:54.792+0000][15.817s][info ][gc            ] GC(18) Pause Young (Normal) (G1 Evacuation Pause) 231M->23M(365M) 24.626ms
[2022-02-07T16:51:54.792+0000][15.817s][info ][gc,cpu        ] GC(18) User=0.03s Sys=0.00s Real=0.03s
[2022-02-07T16:51:54.792+0000][15.817s][info ][safepoint     ] Leaving safepoint region
[2022-02-07T16:51:54.792+0000][15.817s][info ][safepoint     ] Total time for which application threads were stopped: 0.0247656 seconds, Stopping threads took: 0.0000285 seconds
[2022-02-07T16:51:54.792+0000][15.817s][info ][gc,stringdedup] Concurrent String Deduplication (15.817s)
[2022-02-07T16:51:54.793+0000][15.819s][info ][gc,stringdedup] Concurrent String Deduplication 212.3K->73496.0B(140.5K) avg 42.4% (15.817s, 15.819s) 1.055ms
[2022-02-07T16:51:55.552+0000][16.578s][debug][safepoint     ] Safepoint synchronization initiated. (11 threads)
[2022-02-07T16:51:55.552+0000][16.578s][info ][safepoint     ] Application time: 0.7606533 seconds
[2022-02-07T16:51:55.552+0000][16.578s][info ][safepoint     ] Entering safepoint region: Deoptimize
[2022-02-07T16:51:55.553+0000][16.579s][info ][safepoint     ] Leaving safepoint region
[2022-02-07T16:51:55.553+0000][16.579s][info ][safepoint     ] Total time for which application threads were stopped: 0.0004993 seconds, Stopping threads took: 0.0000094 seconds
[2022-02-07T16:51:55.616+0000][16.641s][debug][safepoint     ] Safepoint synchronization initiated. (11 threads)
[2022-02-07T16:51:55.616+0000][16.641s][info ][safepoint     ] Application time: 0.0628405 seconds
[2022-02-07T16:51:55.617+0000][16.643s][debug][safepoint     ] ... found polling page return exception at pc = 0x00007f11b43d6017, stub =0x00007f11ac8beb80
[2022-02-07T16:51:55.618+0000][16.644s][debug][safepoint     ] Waiting for 1 thread(s) to block
[2022-02-07T16:51:55.618+0000][16.644s][info ][safepoint     ] Entering safepoint region: CollectForMetadataAllocation
[2022-02-07T16:51:55.618+0000][16.644s][info ][gc,start      ] GC(19) Pause Young (Concurrent Start) (Metadata GC Threshold)
[2022-02-07T16:51:55.618+0000][16.644s][info ][gc,task       ] GC(19) Using 4 workers of 4 for evacuation
[2022-02-07T16:51:55.641+0000][16.667s][info ][gc,phases     ] GC(19)   Pre Evacuate Collection Set: 0.1ms
[2022-02-07T16:51:55.641+0000][16.667s][info ][gc,phases     ] GC(19)   Evacuate Collection Set: 21.1ms
[2022-02-07T16:51:55.641+0000][16.667s][info ][gc,phases     ] GC(19)   Post Evacuate Collection Set: 1.6ms
[2022-02-07T16:51:55.641+0000][16.667s][info ][gc,phases     ] GC(19)   Other: 0.2ms
[2022-02-07T16:51:55.641+0000][16.667s][info ][gc,heap       ] GC(19) Eden regions: 159->0(207)
[2022-02-07T16:51:55.641+0000][16.667s][info ][gc,heap       ] GC(19) Survivor regions: 10->12(28)
[2022-02-07T16:51:55.641+0000][16.667s][info ][gc,heap       ] GC(19) Old regions: 15->15
[2022-02-07T16:51:55.641+0000][16.667s][info ][gc,heap       ] GC(19) Humongous regions: 0->0
[2022-02-07T16:51:55.641+0000][16.667s][info ][gc,metaspace  ] GC(19) Metaspace: 34835K->34835K(1081344K)
[2022-02-07T16:51:55.641+0000][16.667s][info ][gc            ] GC(19) Pause Young (Concurrent Start) (Metadata GC Threshold) 182M->24M(365M) 23.010ms
[2022-02-07T16:51:55.641+0000][16.667s][info ][gc,cpu        ] GC(19) User=0.04s Sys=0.01s Real=0.03s
[2022-02-07T16:51:55.641+0000][16.667s][info ][safepoint     ] Leaving safepoint region
[2022-02-07T16:51:55.641+0000][16.667s][info ][safepoint     ] Total time for which application threads were stopped: 0.0256774 seconds, Stopping threads took: 0.0025124 seconds
[2022-02-07T16:51:55.641+0000][16.667s][info ][gc            ] GC(20) Concurrent Cycle
[2022-02-07T16:51:55.641+0000][16.667s][info ][gc,stringdedup] Concurrent String Deduplication (16.667s)
[2022-02-07T16:51:55.643+0000][16.669s][info ][gc,stringdedup] Concurrent String Deduplication 377.1K->184.7K(192.4K) avg 42.9% (16.667s, 16.669s) 1.621ms
[2022-02-07T16:51:55.641+0000][16.667s][info ][gc,marking    ] GC(20) Concurrent Clear Claimed Marks
[2022-02-07T16:51:55.643+0000][16.669s][info ][gc,marking    ] GC(20) Concurrent Clear Claimed Marks 1.686ms
[2022-02-07T16:51:55.643+0000][16.669s][info ][gc,marking    ] GC(20) Concurrent Scan Root Regions
[2022-02-07T16:51:55.651+0000][16.677s][info ][gc,marking    ] GC(20) Concurrent Scan Root Regions 7.771ms
[2022-02-07T16:51:55.651+0000][16.677s][info ][gc,marking    ] GC(20) Concurrent Mark (16.677s)
[2022-02-07T16:51:55.651+0000][16.677s][info ][gc,marking    ] GC(20) Concurrent Mark From Roots
[2022-02-07T16:51:55.651+0000][16.677s][info ][gc,task       ] GC(20) Using 1 workers of 1 for marking
[2022-02-07T16:51:55.724+0000][16.750s][info ][gc,marking    ] GC(20) Concurrent Mark From Roots 72.849ms
[2022-02-07T16:51:55.724+0000][16.750s][info ][gc,marking    ] GC(20) Concurrent Preclean
[2022-02-07T16:51:55.724+0000][16.750s][info ][gc,marking    ] GC(20) Concurrent Preclean 0.054ms
[2022-02-07T16:51:55.724+0000][16.750s][info ][gc,marking    ] GC(20) Concurrent Mark (16.677s, 16.750s) 72.967ms
[2022-02-07T16:51:55.724+0000][16.750s][debug][safepoint     ] Safepoint synchronization initiated. (11 threads)
[2022-02-07T16:51:55.724+0000][16.750s][info ][safepoint     ] Application time: 0.0825625 seconds
[2022-02-07T16:51:55.724+0000][16.750s][info ][safepoint     ] Entering safepoint region: CGC_Operation
[2022-02-07T16:51:55.724+0000][16.750s][info ][gc,start      ] GC(20) Pause Remark
[2022-02-07T16:51:55.743+0000][16.769s][info ][gc,stringtable] GC(20) Cleaned string and symbol table, strings: 12564 processed, 30 removed, symbols: 115731 processed, 292 removed
[2022-02-07T16:51:55.743+0000][16.769s][info ][gc            ] GC(20) Pause Remark 41M->41M(365M) 19.507ms
[2022-02-07T16:51:55.743+0000][16.769s][info ][gc,cpu        ] GC(20) User=0.02s Sys=0.00s Real=0.02s
[2022-02-07T16:51:55.743+0000][16.769s][info ][safepoint     ] Leaving safepoint region
[2022-02-07T16:51:55.743+0000][16.769s][info ][safepoint     ] Total time for which application threads were stopped: 0.0196042 seconds, Stopping threads took: 0.0000102 seconds
[2022-02-07T16:51:55.747+0000][16.773s][info ][gc,marking    ] GC(20) Concurrent Rebuild Remembered Sets
[2022-02-07T16:51:55.765+0000][16.790s][info ][gc,marking    ] GC(20) Concurrent Rebuild Remembered Sets 17.275ms
[2022-02-07T16:51:55.765+0000][16.790s][debug][safepoint     ] Safepoint synchronization initiated. (11 threads)
[2022-02-07T16:51:55.765+0000][16.790s][info ][safepoint     ] Application time: 0.0211146 seconds
[2022-02-07T16:51:55.765+0000][16.790s][info ][safepoint     ] Entering safepoint region: CGC_Operation
[2022-02-07T16:51:55.767+0000][16.793s][info ][gc,start      ] GC(20) Pause Cleanup
[2022-02-07T16:51:55.767+0000][16.793s][info ][gc            ] GC(20) Pause Cleanup 42M->42M(365M) 0.157ms
[2022-02-07T16:51:55.767+0000][16.793s][info ][gc,cpu        ] GC(20) User=0.00s Sys=0.00s Real=0.00s
[2022-02-07T16:51:55.767+0000][16.793s][info ][safepoint     ] Leaving safepoint region
[2022-02-07T16:51:55.767+0000][16.793s][info ][safepoint     ] Total time for which application threads were stopped: 0.0028244 seconds, Stopping threads took: 0.0000115 seconds
[2022-02-07T16:51:55.767+0000][16.793s][info ][gc,marking    ] GC(20) Concurrent Cleanup for Next Mark
[2022-02-07T16:51:55.770+0000][16.796s][info ][gc,marking    ] GC(20) Concurrent Cleanup for Next Mark 2.345ms
[2022-02-07T16:51:55.770+0000][16.796s][info ][gc            ] GC(20) Concurrent Cycle 128.515ms
[2022-02-07T16:51:56.568+0000][17.594s][debug][safepoint     ] Safepoint synchronization initiated. (12 threads)
[2022-02-07T16:51:56.568+0000][17.594s][info ][safepoint     ] Application time: 0.8004789 seconds
[2022-02-07T16:51:56.568+0000][17.594s][info ][safepoint     ] Entering safepoint region: Deoptimize
[2022-02-07T16:51:56.568+0000][17.594s][info ][safepoint     ] Leaving safepoint region
[2022-02-07T16:51:56.568+0000][17.594s][info ][safepoint     ] Total time for which application threads were stopped: 0.0004788 seconds, Stopping threads took: 0.0000100 seconds
[2022-02-07T16:51:56.569+0000][17.595s][debug][safepoint     ] Safepoint synchronization initiated. (12 threads)
[2022-02-07T16:51:56.569+0000][17.595s][info ][safepoint     ] Application time: 0.0010864 seconds
[2022-02-07T16:51:56.569+0000][17.595s][info ][safepoint     ] Entering safepoint region: Deoptimize
[2022-02-07T16:51:56.570+0000][17.596s][info ][safepoint     ] Leaving safepoint region
[2022-02-07T16:51:56.570+0000][17.596s][info ][safepoint     ] Total time for which application threads were stopped: 0.0003802 seconds, Stopping threads took: 0.0000091 seconds
[2022-02-07T16:51:57.297+0000][18.323s][debug][safepoint     ] Safepoint synchronization initiated. (12 threads)
[2022-02-07T16:51:57.297+0000][18.323s][info ][safepoint     ] Application time: 0.7274135 seconds
[2022-02-07T16:51:57.297+0000][18.323s][debug][safepoint     ] Waiting for 1 thread(s) to block
[2022-02-07T16:51:57.297+0000][18.323s][info ][safepoint     ] Entering safepoint region: G1CollectForAllocation
[2022-02-07T16:51:57.297+0000][18.323s][info ][gc,start      ] GC(21) Pause Young (Normal) (G1 Evacuation Pause)
[2022-02-07T16:51:57.297+0000][18.323s][info ][gc,task       ] GC(21) Using 4 workers of 4 for evacuation
[2022-02-07T16:51:57.321+0000][18.347s][info ][gc,phases     ] GC(21)   Pre Evacuate Collection Set: 0.0ms
[2022-02-07T16:51:57.321+0000][18.347s][info ][gc,phases     ] GC(21)   Evacuate Collection Set: 21.7ms
[2022-02-07T16:51:57.321+0000][18.347s][info ][gc,phases     ] GC(21)   Post Evacuate Collection Set: 1.9ms
[2022-02-07T16:51:57.321+0000][18.347s][info ][gc,phases     ] GC(21)   Other: 0.1ms
[2022-02-07T16:51:57.321+0000][18.347s][info ][gc,heap       ] GC(21) Eden regions: 207->0(208)
[2022-02-07T16:51:57.321+0000][18.347s][info ][gc,heap       ] GC(21) Survivor regions: 12->11(28)
[2022-02-07T16:51:57.321+0000][18.347s][info ][gc,heap       ] GC(21) Old regions: 15->17
[2022-02-07T16:51:57.321+0000][18.347s][info ][gc,heap       ] GC(21) Humongous regions: 0->0
[2022-02-07T16:51:57.321+0000][18.347s][info ][gc,metaspace  ] GC(21) Metaspace: 37712K->37712K(1083392K)
[2022-02-07T16:51:57.321+0000][18.347s][info ][gc            ] GC(21) Pause Young (Normal) (G1 Evacuation Pause) 231M->25M(365M) 23.828ms
[2022-02-07T16:51:57.321+0000][18.347s][info ][gc,cpu        ] GC(21) User=0.05s Sys=0.00s Real=0.03s
[2022-02-07T16:51:57.321+0000][18.347s][info ][safepoint     ] Leaving safepoint region
[2022-02-07T16:51:57.321+0000][18.347s][info ][safepoint     ] Total time for which application threads were stopped: 0.0240071 seconds, Stopping threads took: 0.0000294 seconds
[2022-02-07T16:51:57.321+0000][18.347s][info ][gc,stringdedup] Concurrent String Deduplication (18.347s)
[2022-02-07T16:51:57.322+0000][18.348s][info ][gc,stringdedup] Concurrent String Deduplication 173.9K->59872.0B(115.4K) avg 43.5% (18.347s, 18.348s) 0.843ms
[2022-02-07T16:51:57.626+0000][18.652s][debug][safepoint     ] Safepoint synchronization initiated. (12 threads)
[2022-02-07T16:51:57.626+0000][18.652s][info ][safepoint     ] Application time: 0.3047471 seconds
[2022-02-07T16:51:57.626+0000][18.652s][info ][safepoint     ] Entering safepoint region: Deoptimize
[2022-02-07T16:51:57.627+0000][18.652s][info ][safepoint     ] Leaving safepoint region
[2022-02-07T16:51:57.627+0000][18.652s][info ][safepoint     ] Total time for which application threads were stopped: 0.0005065 seconds, Stopping threads took: 0.0000097 seconds
[2022-02-07T16:51:57.682+0000][18.708s][debug][safepoint     ] Safepoint synchronization initiated. (12 threads)
[2022-02-07T16:51:57.682+0000][18.708s][info ][safepoint     ] Application time: 0.0559038 seconds
[2022-02-07T16:51:57.683+0000][18.708s][debug][safepoint     ] Waiting for 1 thread(s) to block
[2022-02-07T16:51:57.683+0000][18.708s][info ][safepoint     ] Entering safepoint region: Deoptimize
[2022-02-07T16:51:57.683+0000][18.709s][info ][safepoint     ] Leaving safepoint region
[2022-02-07T16:51:57.683+0000][18.709s][info ][safepoint     ] Total time for which application threads were stopped: 0.0004425 seconds, Stopping threads took: 0.0000304 seconds
[2022-02-07T16:51:57.685+0000][18.710s][debug][safepoint     ] Safepoint synchronization initiated. (12 threads)
[2022-02-07T16:51:57.685+0000][18.710s][info ][safepoint     ] Application time: 0.0015794 seconds
[2022-02-07T16:51:57.685+0000][18.710s][debug][safepoint     ] Waiting for 1 thread(s) to block
[2022-02-07T16:51:57.685+0000][18.710s][info ][safepoint     ] Entering safepoint region: Deoptimize
[2022-02-07T16:51:57.685+0000][18.711s][info ][safepoint     ] Leaving safepoint region
[2022-02-07T16:51:57.685+0000][18.711s][info ][safepoint     ] Total time for which application threads were stopped: 0.0003900 seconds, Stopping threads took: 0.0000254 seconds
[2022-02-07T16:51:57.855+0000][18.881s][debug][safepoint     ] Safepoint synchronization initiated. (12 threads)
[2022-02-07T16:51:57.855+0000][18.881s][info ][safepoint     ] Application time: 0.1701127 seconds
[2022-02-07T16:51:57.855+0000][18.881s][debug][safepoint     ] Waiting for 1 thread(s) to block
[2022-02-07T16:51:57.855+0000][18.881s][info ][safepoint     ] Entering safepoint region: Deoptimize
[2022-02-07T16:51:57.856+0000][18.881s][info ][safepoint     ] Leaving safepoint region
[2022-02-07T16:51:57.856+0000][18.881s][info ][safepoint     ] Total time for which application threads were stopped: 0.0005099 seconds, Stopping threads took: 0.0000291 seconds
[2022-02-07T16:51:57.856+0000][18.882s][debug][safepoint     ] Safepoint synchronization initiated. (12 threads)
[2022-02-07T16:51:57.856+0000][18.882s][info ][safepoint     ] Application time: 0.0008369 seconds
[2022-02-07T16:51:57.856+0000][18.882s][debug][safepoint     ] Waiting for 1 thread(s) to block
[2022-02-07T16:51:57.856+0000][18.882s][info ][safepoint     ] Entering safepoint region: Deoptimize
[2022-02-07T16:51:57.857+0000][18.883s][info ][safepoint     ] Leaving safepoint region
[2022-02-07T16:51:57.857+0000][18.883s][info ][safepoint     ] Total time for which application threads were stopped: 0.0003430 seconds, Stopping threads took: 0.0000248 seconds
[2022-02-07T16:51:58.005+0000][19.031s][debug][safepoint     ] Safepoint synchronization initiated. (12 threads)
[2022-02-07T16:51:58.005+0000][19.031s][info ][safepoint     ] Application time: 0.1487107 seconds
[2022-02-07T16:51:58.006+0000][19.031s][debug][safepoint     ] Waiting for 1 thread(s) to block
[2022-02-07T16:51:58.006+0000][19.031s][info ][safepoint     ] Entering safepoint region: Deoptimize
[2022-02-07T16:51:58.006+0000][19.032s][info ][safepoint     ] Leaving safepoint region
[2022-02-07T16:51:58.006+0000][19.032s][info ][safepoint     ] Total time for which application threads were stopped: 0.0004716 seconds, Stopping threads took: 0.0000297 seconds
[2022-02-07T16:51:58.643+0000][19.669s][debug][safepoint     ] Safepoint synchronization initiated. (12 threads)
[2022-02-07T16:51:58.643+0000][19.669s][info ][safepoint     ] Application time: 0.6373363 seconds
[2022-02-07T16:51:58.643+0000][19.669s][debug][safepoint     ] Waiting for 1 thread(s) to block
[2022-02-07T16:51:58.643+0000][19.669s][info ][safepoint     ] Entering safepoint region: Deoptimize
[2022-02-07T16:51:58.644+0000][19.670s][info ][safepoint     ] Leaving safepoint region
[2022-02-07T16:51:58.644+0000][19.670s][info ][safepoint     ] Total time for which application threads were stopped: 0.0006471 seconds, Stopping threads took: 0.0000290 seconds
[2022-02-07T16:51:58.687+0000][19.713s][debug][safepoint     ] Safepoint synchronization initiated. (12 threads)
[2022-02-07T16:51:58.687+0000][19.713s][info ][safepoint     ] Application time: 0.0434137 seconds
[2022-02-07T16:51:58.687+0000][19.713s][info ][safepoint     ] Entering safepoint region: Deoptimize
[2022-02-07T16:51:58.688+0000][19.714s][info ][safepoint     ] Leaving safepoint region
[2022-02-07T16:51:58.688+0000][19.714s][info ][safepoint     ] Total time for which application threads were stopped: 0.0005244 seconds, Stopping threads took: 0.0000109 seconds
[2022-02-07T16:51:58.753+0000][19.779s][debug][safepoint     ] Safepoint synchronization initiated. (12 threads)
[2022-02-07T16:51:58.753+0000][19.779s][info ][safepoint     ] Application time: 0.0655112 seconds
[2022-02-07T16:51:58.753+0000][19.779s][info ][safepoint     ] Entering safepoint region: G1CollectForAllocation
[2022-02-07T16:51:58.754+0000][19.779s][info ][gc,start      ] GC(22) Pause Young (Normal) (G1 Evacuation Pause)
[2022-02-07T16:51:58.754+0000][19.780s][info ][gc,task       ] GC(22) Using 4 workers of 4 for evacuation
[2022-02-07T16:51:58.772+0000][19.798s][info ][gc,phases     ] GC(22)   Pre Evacuate Collection Set: 0.0ms
[2022-02-07T16:51:58.772+0000][19.798s][info ][gc,phases     ] GC(22)   Evacuate Collection Set: 16.1ms
[2022-02-07T16:51:58.772+0000][19.798s][info ][gc,phases     ] GC(22)   Post Evacuate Collection Set: 1.9ms
[2022-02-07T16:51:58.772+0000][19.798s][info ][gc,phases     ] GC(22)   Other: 0.1ms
[2022-02-07T16:51:58.772+0000][19.798s][info ][gc,heap       ] GC(22) Eden regions: 208->0(207)
[2022-02-07T16:51:58.772+0000][19.798s][info ][gc,heap       ] GC(22) Survivor regions: 11->12(28)
[2022-02-07T16:51:58.772+0000][19.798s][info ][gc,heap       ] GC(22) Old regions: 17->19
[2022-02-07T16:51:58.772+0000][19.798s][info ][gc,heap       ] GC(22) Humongous regions: 0->0
[2022-02-07T16:51:58.772+0000][19.798s][info ][gc,metaspace  ] GC(22) Metaspace: 42181K->42181K(1087488K)
[2022-02-07T16:51:58.772+0000][19.798s][info ][gc            ] GC(22) Pause Young (Normal) (G1 Evacuation Pause) 233M->28M(365M) 18.255ms
[2022-02-07T16:51:58.772+0000][19.798s][info ][gc,cpu        ] GC(22) User=0.05s Sys=0.00s Real=0.02s
[2022-02-07T16:51:58.772+0000][19.798s][info ][safepoint     ] Leaving safepoint region
[2022-02-07T16:51:58.772+0000][19.798s][info ][safepoint     ] Total time for which application threads were stopped: 0.0184416 seconds, Stopping threads took: 0.0000099 seconds
[2022-02-07T16:51:58.772+0000][19.798s][info ][gc,stringdedup] Concurrent String Deduplication (19.798s)
[2022-02-07T16:51:58.773+0000][19.799s][info ][gc,stringdedup] Concurrent String Deduplication 171.1K->43160.0B(129.0K) avg 44.2% (19.798s, 19.799s) 0.652ms
[2022-02-07T16:51:58.896+0000][19.922s][debug][safepoint     ] Safepoint synchronization initiated. (12 threads)
[2022-02-07T16:51:58.896+0000][19.922s][info ][safepoint     ] Application time: 0.1239708 seconds
[2022-02-07T16:51:58.896+0000][19.922s][debug][safepoint     ] Waiting for 1 thread(s) to block
[2022-02-07T16:51:58.896+0000][19.922s][info ][safepoint     ] Entering safepoint region: Deoptimize
[2022-02-07T16:51:58.897+0000][19.922s][info ][safepoint     ] Leaving safepoint region
[2022-02-07T16:51:58.897+0000][19.922s][info ][safepoint     ] Total time for which application threads were stopped: 0.0006385 seconds, Stopping threads took: 0.0000298 seconds
[2022-02-07T16:51:59.279+0000][20.305s][debug][safepoint     ] Safepoint synchronization initiated. (12 threads)
[2022-02-07T16:51:59.279+0000][20.305s][info ][safepoint     ] Application time: 0.3825594 seconds
[2022-02-07T16:51:59.279+0000][20.305s][debug][safepoint     ] Waiting for 1 thread(s) to block
[2022-02-07T16:51:59.279+0000][20.305s][info ][safepoint     ] Entering safepoint region: ICBufferFull
[2022-02-07T16:51:59.279+0000][20.305s][info ][safepoint     ] Leaving safepoint region
[2022-02-07T16:51:59.279+0000][20.305s][info ][safepoint     ] Total time for which application threads were stopped: 0.0001991 seconds, Stopping threads took: 0.0000282 seconds
[2022-02-07T16:51:59.304+0000][20.330s][debug][safepoint     ] Safepoint synchronization initiated. (12 threads)
[2022-02-07T16:51:59.304+0000][20.330s][info ][safepoint     ] Application time: 0.0250216 seconds
[2022-02-07T16:51:59.304+0000][20.330s][debug][safepoint     ] Waiting for 1 thread(s) to block
[2022-02-07T16:51:59.304+0000][20.330s][info ][safepoint     ] Entering safepoint region: Deoptimize
[2022-02-07T16:51:59.305+0000][20.331s][info ][safepoint     ] Leaving safepoint region
[2022-02-07T16:51:59.305+0000][20.331s][info ][safepoint     ] Total time for which application threads were stopped: 0.0004719 seconds, Stopping threads took: 0.0000282 seconds
[2022-02-07T16:51:59.721+0000][20.747s][debug][safepoint     ] Safepoint synchronization initiated. (12 threads)
[2022-02-07T16:51:59.722+0000][20.747s][info ][safepoint     ] Application time: 0.4166725 seconds
[2022-02-07T16:51:59.722+0000][20.747s][debug][safepoint     ] Waiting for 1 thread(s) to block
[2022-02-07T16:51:59.722+0000][20.747s][info ][safepoint     ] Entering safepoint region: ICBufferFull
[2022-02-07T16:51:59.722+0000][20.748s][info ][safepoint     ] Leaving safepoint region
[2022-02-07T16:51:59.722+0000][20.748s][info ][safepoint     ] Total time for which application threads were stopped: 0.0002012 seconds, Stopping threads took: 0.0000276 seconds
[2022-02-07T16:52:00.042+0000][21.068s][debug][safepoint     ] Safepoint synchronization initiated. (12 threads)
[2022-02-07T16:52:00.042+0000][21.068s][info ][safepoint     ] Application time: 0.3203045 seconds
[2022-02-07T16:52:00.044+0000][21.069s][debug][safepoint     ] ... found polling page return exception at pc = 0x00007f11b44c430e, stub =0x00007f11ac8beb80
[2022-02-07T16:52:00.045+0000][21.070s][debug][safepoint     ] Waiting for 1 thread(s) to block
[2022-02-07T16:52:00.045+0000][21.071s][info ][safepoint     ] Entering safepoint region: ICBufferFull
[2022-02-07T16:52:00.045+0000][21.071s][info ][safepoint     ] Leaving safepoint region
[2022-02-07T16:52:00.045+0000][21.071s][info ][safepoint     ] Total time for which application threads were stopped: 0.0028455 seconds, Stopping threads took: 0.0026029 seconds
[2022-02-07T16:52:00.172+0000][21.198s][debug][safepoint     ] Safepoint synchronization initiated. (12 threads)
[2022-02-07T16:52:00.172+0000][21.198s][info ][safepoint     ] Application time: 0.1272851 seconds
[2022-02-07T16:52:00.172+0000][21.198s][info ][safepoint     ] Entering safepoint region: G1CollectForAllocation
[2022-02-07T16:52:00.172+0000][21.198s][info ][gc,start      ] GC(23) Pause Young (Normal) (G1 Evacuation Pause)
[2022-02-07T16:52:00.172+0000][21.198s][info ][gc,task       ] GC(23) Using 4 workers of 4 for evacuation
[2022-02-07T16:52:00.196+0000][21.222s][info ][gc,phases     ] GC(23)   Pre Evacuate Collection Set: 0.0ms
[2022-02-07T16:52:00.196+0000][21.222s][info ][gc,phases     ] GC(23)   Evacuate Collection Set: 21.3ms
[2022-02-07T16:52:00.196+0000][21.222s][info ][gc,phases     ] GC(23)   Post Evacuate Collection Set: 2.0ms
[2022-02-07T16:52:00.196+0000][21.222s][info ][gc,phases     ] GC(23)   Other: 0.2ms
[2022-02-07T16:52:00.196+0000][21.222s][info ][gc,heap       ] GC(23) Eden regions: 207->0(205)
[2022-02-07T16:52:00.196+0000][21.222s][info ][gc,heap       ] GC(23) Survivor regions: 12->14(28)
[2022-02-07T16:52:00.196+0000][21.222s][info ][gc,heap       ] GC(23) Old regions: 19->20
[2022-02-07T16:52:00.196+0000][21.222s][info ][gc,heap       ] GC(23) Humongous regions: 0->0
[2022-02-07T16:52:00.196+0000][21.222s][info ][gc,metaspace  ] GC(23) Metaspace: 47757K->47757K(1091584K)
[2022-02-07T16:52:00.196+0000][21.222s][info ][gc            ] GC(23) Pause Young (Normal) (G1 Evacuation Pause) 235M->31M(365M) 23.646ms
[2022-02-07T16:52:00.196+0000][21.222s][info ][gc,cpu        ] GC(23) User=0.07s Sys=0.00s Real=0.02s
[2022-02-07T16:52:00.196+0000][21.222s][info ][safepoint     ] Leaving safepoint region
[2022-02-07T16:52:00.196+0000][21.222s][info ][safepoint     ] Total time for which application threads were stopped: 0.0238079 seconds, Stopping threads took: 0.0000098 seconds
[2022-02-07T16:52:00.196+0000][21.222s][info ][gc,stringdedup] Concurrent String Deduplication (21.222s)
[2022-02-07T16:52:00.197+0000][21.223s][info ][gc,stringdedup] Concurrent String Deduplication 209.5K->85624.0B(125.9K) avg 44.7% (21.222s, 21.223s) 0.925ms
[2022-02-07T16:52:01.196+0000][22.222s][debug][safepoint     ] Safepoint synchronization initiated. (12 threads)
[2022-02-07T16:52:01.196+0000][22.222s][info ][safepoint     ] Application time: 1.0001276 seconds
[2022-02-07T16:52:01.196+0000][22.222s][info ][safepoint     ] Entering safepoint region: Cleanup
[2022-02-07T16:52:01.196+0000][22.222s][info ][safepoint     ] Leaving safepoint region
[2022-02-07T16:52:01.196+0000][22.222s][info ][safepoint     ] Total time for which application threads were stopped: 0.0001199 seconds, Stopping threads took: 0.0000124 seconds
[2022-02-07T16:52:01.950+0000][22.976s][debug][safepoint     ] Safepoint synchronization initiated. (13 threads)
[2022-02-07T16:52:01.950+0000][22.976s][info ][safepoint     ] Application time: 0.7539812 seconds
[2022-02-07T16:52:01.950+0000][22.976s][info ][safepoint     ] Entering safepoint region: G1CollectForAllocation
[2022-02-07T16:52:01.950+0000][22.976s][info ][gc,start      ] GC(24) Pause Young (Normal) (G1 Evacuation Pause)
[2022-02-07T16:52:01.950+0000][22.976s][info ][gc,task       ] GC(24) Using 4 workers of 4 for evacuation
[2022-02-07T16:52:01.975+0000][23.000s][info ][gc,phases     ] GC(24)   Pre Evacuate Collection Set: 0.0ms
[2022-02-07T16:52:01.975+0000][23.000s][info ][gc,phases     ] GC(24)   Evacuate Collection Set: 20.5ms
[2022-02-07T16:52:01.975+0000][23.000s][info ][gc,phases     ] GC(24)   Post Evacuate Collection Set: 3.5ms
[2022-02-07T16:52:01.975+0000][23.000s][info ][gc,phases     ] GC(24)   Other: 0.2ms
[2022-02-07T16:52:01.975+0000][23.000s][info ][gc,heap       ] GC(24) Eden regions: 205->0(204)
[2022-02-07T16:52:01.975+0000][23.000s][info ][gc,heap       ] GC(24) Survivor regions: 14->15(28)
[2022-02-07T16:52:01.975+0000][23.001s][info ][gc,heap       ] GC(24) Old regions: 20->20
[2022-02-07T16:52:01.975+0000][23.001s][info ][gc,heap       ] GC(24) Humongous regions: 0->0
[2022-02-07T16:52:01.975+0000][23.001s][info ][gc,metaspace  ] GC(24) Metaspace: 53246K->53246K(1097728K)
[2022-02-07T16:52:01.975+0000][23.001s][info ][gc            ] GC(24) Pause Young (Normal) (G1 Evacuation Pause) 236M->33M(365M) 24.300ms
[2022-02-07T16:52:01.975+0000][23.001s][info ][gc,cpu        ] GC(24) User=0.04s Sys=0.00s Real=0.02s
[2022-02-07T16:52:01.975+0000][23.001s][info ][safepoint     ] Leaving safepoint region
[2022-02-07T16:52:01.975+0000][23.001s][info ][safepoint     ] Total time for which application threads were stopped: 0.0244285 seconds, Stopping threads took: 0.0000102 seconds
[2022-02-07T16:52:01.976+0000][23.002s][info ][gc,stringdedup] Concurrent String Deduplication (23.002s)
[2022-02-07T16:52:01.978+0000][23.003s][info ][gc,stringdedup] Concurrent String Deduplication 245.5K->107.5K(138.0K) avg 45.1% (23.002s, 23.003s) 1.526ms
[2022-02-07T16:52:02.832+0000][23.858s][debug][safepoint     ] Safepoint synchronization initiated. (14 threads)
[2022-02-07T16:52:02.832+0000][23.858s][info ][safepoint     ] Application time: 0.8575651 seconds
[2022-02-07T16:52:02.832+0000][23.858s][debug][safepoint     ] Waiting for 1 thread(s) to block
[2022-02-07T16:52:02.832+0000][23.858s][info ][safepoint     ] Entering safepoint region: Deoptimize
[2022-02-07T16:52:02.833+0000][23.859s][info ][safepoint     ] Leaving safepoint region
[2022-02-07T16:52:02.833+0000][23.859s][info ][safepoint     ] Total time for which application threads were stopped: 0.0006141 seconds, Stopping threads took: 0.0000290 seconds
[2022-02-07T16:52:03.463+0000][24.488s][debug][safepoint     ] Safepoint synchronization initiated. (14 threads)
[2022-02-07T16:52:03.463+0000][24.489s][info ][safepoint     ] Application time: 0.6297538 seconds
[2022-02-07T16:52:03.463+0000][24.489s][info ][safepoint     ] Entering safepoint region: ICBufferFull
[2022-02-07T16:52:03.463+0000][24.489s][info ][safepoint     ] Leaving safepoint region
[2022-02-07T16:52:03.463+0000][24.489s][info ][safepoint     ] Total time for which application threads were stopped: 0.0002210 seconds, Stopping threads took: 0.0000098 seconds
[2022-02-07T16:52:03.620+0000][24.646s][debug][safepoint     ] Safepoint synchronization initiated. (14 threads)
[2022-02-07T16:52:03.620+0000][24.646s][info ][safepoint     ] Application time: 0.1572181 seconds
[2022-02-07T16:52:03.620+0000][24.646s][info ][safepoint     ] Entering safepoint region: CollectForMetadataAllocation
[2022-02-07T16:52:03.620+0000][24.646s][info ][gc,start      ] GC(25) Pause Young (Concurrent Start) (Metadata GC Threshold)
[2022-02-07T16:52:03.620+0000][24.646s][info ][gc,task       ] GC(25) Using 4 workers of 4 for evacuation
[2022-02-07T16:52:03.645+0000][24.671s][info ][gc,phases     ] GC(25)   Pre Evacuate Collection Set: 0.1ms
[2022-02-07T16:52:03.645+0000][24.671s][info ][gc,phases     ] GC(25)   Evacuate Collection Set: 22.5ms
[2022-02-07T16:52:03.645+0000][24.671s][info ][gc,phases     ] GC(25)   Post Evacuate Collection Set: 2.4ms
[2022-02-07T16:52:03.645+0000][24.671s][info ][gc,phases     ] GC(25)   Other: 0.2ms
[2022-02-07T16:52:03.646+0000][24.671s][info ][gc,heap       ] GC(25) Eden regions: 176->0(201)
[2022-02-07T16:52:03.646+0000][24.671s][info ][gc,heap       ] GC(25) Survivor regions: 15->18(28)
[2022-02-07T16:52:03.646+0000][24.671s][info ][gc,heap       ] GC(25) Old regions: 20->20
[2022-02-07T16:52:03.646+0000][24.671s][info ][gc,heap       ] GC(25) Humongous regions: 0->0
[2022-02-07T16:52:03.646+0000][24.671s][info ][gc,metaspace  ] GC(25) Metaspace: 58529K->58529K(1101824K)
[2022-02-07T16:52:03.646+0000][24.671s][info ][gc            ] GC(25) Pause Young (Concurrent Start) (Metadata GC Threshold) 209M->36M(365M) 25.230ms
[2022-02-07T16:52:03.646+0000][24.671s][info ][gc,cpu        ] GC(25) User=0.05s Sys=0.00s Real=0.02s
[2022-02-07T16:52:03.646+0000][24.671s][info ][gc            ] GC(26) Concurrent Cycle
[2022-02-07T16:52:03.646+0000][24.672s][info ][gc,marking    ] GC(26) Concurrent Clear Claimed Marks
[2022-02-07T16:52:03.646+0000][24.671s][info ][safepoint     ] Leaving safepoint region
[2022-02-07T16:52:03.646+0000][24.672s][info ][safepoint     ] Total time for which application threads were stopped: 0.0255147 seconds, Stopping threads took: 0.0000095 seconds
[2022-02-07T16:52:03.646+0000][24.672s][info ][gc,marking    ] GC(26) Concurrent Clear Claimed Marks 0.081ms
[2022-02-07T16:52:03.646+0000][24.672s][info ][gc,marking    ] GC(26) Concurrent Scan Root Regions
[2022-02-07T16:52:03.646+0000][24.672s][info ][gc,stringdedup] Concurrent String Deduplication (24.672s)
[2022-02-07T16:52:03.648+0000][24.674s][info ][gc,stringdedup] Concurrent String Deduplication 255.9K->111.9K(144.0K) avg 45.4% (24.672s, 24.674s) 2.180ms
[2022-02-07T16:52:03.659+0000][24.685s][info ][gc,marking    ] GC(26) Concurrent Scan Root Regions 12.989ms
[2022-02-07T16:52:03.659+0000][24.685s][info ][gc,marking    ] GC(26) Concurrent Mark (24.685s)
[2022-02-07T16:52:03.659+0000][24.685s][info ][gc,marking    ] GC(26) Concurrent Mark From Roots
[2022-02-07T16:52:03.659+0000][24.685s][info ][gc,task       ] GC(26) Using 1 workers of 1 for marking
[2022-02-07T16:52:03.689+0000][24.715s][info ][gc,marking    ] GC(26) Concurrent Mark From Roots 30.599ms
[2022-02-07T16:52:03.689+0000][24.715s][info ][gc,marking    ] GC(26) Concurrent Preclean
[2022-02-07T16:52:03.689+0000][24.715s][info ][gc,marking    ] GC(26) Concurrent Preclean 0.059ms
[2022-02-07T16:52:03.689+0000][24.715s][info ][gc,marking    ] GC(26) Concurrent Mark (24.685s, 24.715s) 30.729ms
[2022-02-07T16:52:03.690+0000][24.715s][debug][safepoint     ] Safepoint synchronization initiated. (14 threads)
[2022-02-07T16:52:03.690+0000][24.715s][info ][safepoint     ] Application time: 0.0438872 seconds
[2022-02-07T16:52:03.690+0000][24.715s][debug][safepoint     ] Waiting for 1 thread(s) to block
[2022-02-07T16:52:03.690+0000][24.715s][info ][safepoint     ] Entering safepoint region: CGC_Operation
[2022-02-07T16:52:03.690+0000][24.716s][info ][gc,start      ] GC(26) Pause Remark
[2022-02-07T16:52:03.705+0000][24.731s][info ][gc,stringtable] GC(26) Cleaned string and symbol table, strings: 24460 processed, 5 removed, symbols: 185258 processed, 168 removed
[2022-02-07T16:52:03.705+0000][24.731s][info ][gc            ] GC(26) Pause Remark 47M->47M(365M) 15.237ms
[2022-02-07T16:52:03.705+0000][24.731s][info ][gc,cpu        ] GC(26) User=0.03s Sys=0.00s Real=0.01s
[2022-02-07T16:52:03.705+0000][24.731s][info ][safepoint     ] Leaving safepoint region
[2022-02-07T16:52:03.705+0000][24.731s][info ][safepoint     ] Total time for which application threads were stopped: 0.0154100 seconds, Stopping threads took: 0.0000468 seconds
[2022-02-07T16:52:03.705+0000][24.731s][info ][gc,marking    ] GC(26) Concurrent Rebuild Remembered Sets
[2022-02-07T16:52:03.723+0000][24.749s][info ][gc,marking    ] GC(26) Concurrent Rebuild Remembered Sets 17.722ms
[2022-02-07T16:52:03.723+0000][24.749s][debug][safepoint     ] Safepoint synchronization initiated. (14 threads)
[2022-02-07T16:52:03.723+0000][24.749s][info ][safepoint     ] Application time: 0.0178780 seconds
[2022-02-07T16:52:03.723+0000][24.749s][debug][safepoint     ] ... found polling page loop exception at pc = 0x00007f11b44d2d56, stub =0x00007f11ac8be900
[2022-02-07T16:52:03.723+0000][24.749s][debug][safepoint     ] Waiting for 1 thread(s) to block
[2022-02-07T16:52:03.723+0000][24.749s][info ][safepoint     ] Entering safepoint region: CGC_Operation
[2022-02-07T16:52:03.723+0000][24.749s][info ][gc,start      ] GC(26) Pause Cleanup
[2022-02-07T16:52:03.723+0000][24.749s][info ][gc            ] GC(26) Pause Cleanup 53M->53M(365M) 0.098ms
[2022-02-07T16:52:03.723+0000][24.749s][info ][gc,cpu        ] GC(26) User=0.00s Sys=0.00s Real=0.00s
[2022-02-07T16:52:03.723+0000][24.749s][info ][safepoint     ] Leaving safepoint region
[2022-02-07T16:52:03.723+0000][24.749s][info ][safepoint     ] Total time for which application threads were stopped: 0.0003562 seconds, Stopping threads took: 0.0001177 seconds
[2022-02-07T16:52:03.723+0000][24.749s][info ][gc,marking    ] GC(26) Concurrent Cleanup for Next Mark
[2022-02-07T16:52:03.725+0000][24.751s][info ][gc,marking    ] GC(26) Concurrent Cleanup for Next Mark 1.433ms
[2022-02-07T16:52:03.725+0000][24.751s][info ][gc            ] GC(26) Concurrent Cycle 79.168ms
[2022-02-07T16:52:04.300+0000][25.325s][debug][safepoint     ] Safepoint synchronization initiated. (15 threads)
[2022-02-07T16:52:04.300+0000][25.326s][info ][safepoint     ] Application time: 0.5764117 seconds
[2022-02-07T16:52:04.300+0000][25.326s][debug][safepoint     ] Waiting for 1 thread(s) to block
[2022-02-07T16:52:04.300+0000][25.326s][info ][safepoint     ] Entering safepoint region: ICBufferFull
[2022-02-07T16:52:04.300+0000][25.326s][info ][safepoint     ] Leaving safepoint region
[2022-02-07T16:52:04.300+0000][25.326s][info ][safepoint     ] Total time for which application threads were stopped: 0.0001695 seconds, Stopping threads took: 0.0000344 seconds
[2022-02-07T16:52:04.576+0000][25.602s][debug][safepoint     ] Safepoint synchronization initiated. (15 threads)
[2022-02-07T16:52:04.576+0000][25.602s][info ][safepoint     ] Application time: 0.2766326 seconds
[2022-02-07T16:52:04.576+0000][25.602s][debug][safepoint     ] Waiting for 1 thread(s) to block
[2022-02-07T16:52:04.577+0000][25.602s][info ][safepoint     ] Entering safepoint region: ICBufferFull
[2022-02-07T16:52:04.577+0000][25.602s][info ][safepoint     ] Leaving safepoint region
[2022-02-07T16:52:04.577+0000][25.602s][info ][safepoint     ] Total time for which application threads were stopped: 0.0001460 seconds, Stopping threads took: 0.0000279 seconds
[2022-02-07T16:52:04.732+0000][25.758s][debug][safepoint     ] Safepoint synchronization initiated. (15 threads)
[2022-02-07T16:52:04.732+0000][25.758s][info ][safepoint     ] Application time: 0.1550752 seconds
[2022-02-07T16:52:04.732+0000][25.758s][debug][safepoint     ] Waiting for 1 thread(s) to block
[2022-02-07T16:52:04.732+0000][25.758s][info ][safepoint     ] Entering safepoint region: ICBufferFull
[2022-02-07T16:52:04.732+0000][25.758s][info ][safepoint     ] Leaving safepoint region
[2022-02-07T16:52:04.732+0000][25.758s][info ][safepoint     ] Total time for which application threads were stopped: 0.0001709 seconds, Stopping threads took: 0.0000285 seconds
[2022-02-07T16:52:05.160+0000][26.186s][debug][safepoint     ] Safepoint synchronization initiated. (15 threads)
[2022-02-07T16:52:05.160+0000][26.186s][info ][safepoint     ] Application time: 0.4277899 seconds
[2022-02-07T16:52:05.160+0000][26.186s][debug][safepoint     ] Waiting for 1 thread(s) to block
[2022-02-07T16:52:05.160+0000][26.186s][info ][safepoint     ] Entering safepoint region: ICBufferFull
[2022-02-07T16:52:05.160+0000][26.186s][info ][safepoint     ] Leaving safepoint region
[2022-02-07T16:52:05.160+0000][26.186s][info ][safepoint     ] Total time for which application threads were stopped: 0.0001608 seconds, Stopping threads took: 0.0000269 seconds
[2022-02-07T16:52:05.176+0000][26.202s][debug][safepoint     ] Safepoint synchronization initiated. (15 threads)
[2022-02-07T16:52:05.176+0000][26.202s][info ][safepoint     ] Application time: 0.0158421 seconds
[2022-02-07T16:52:05.176+0000][26.202s][info ][safepoint     ] Entering safepoint region: G1CollectForAllocation
[2022-02-07T16:52:05.176+0000][26.202s][info ][gc,start      ] GC(27) Pause Young (Normal) (G1 Evacuation Pause)
[2022-02-07T16:52:05.176+0000][26.202s][info ][gc,task       ] GC(27) Using 4 workers of 4 for evacuation
[2022-02-07T16:52:05.213+0000][26.239s][info ][gc,phases     ] GC(27)   Pre Evacuate Collection Set: 0.0ms
[2022-02-07T16:52:05.213+0000][26.239s][info ][gc,phases     ] GC(27)   Evacuate Collection Set: 35.0ms
[2022-02-07T16:52:05.213+0000][26.239s][info ][gc,phases     ] GC(27)   Post Evacuate Collection Set: 2.4ms
[2022-02-07T16:52:05.213+0000][26.239s][info ][gc,phases     ] GC(27)   Other: 0.1ms
[2022-02-07T16:52:05.213+0000][26.239s][info ][gc,heap       ] GC(27) Eden regions: 201->0(204)
[2022-02-07T16:52:05.213+0000][26.239s][info ][gc,heap       ] GC(27) Survivor regions: 18->15(28)
[2022-02-07T16:52:05.213+0000][26.239s][info ][gc,heap       ] GC(27) Old regions: 20->23
[2022-02-07T16:52:05.213+0000][26.239s][info ][gc,heap       ] GC(27) Humongous regions: 0->0
[2022-02-07T16:52:05.213+0000][26.239s][info ][gc,metaspace  ] GC(27) Metaspace: 61607K->61607K(1103872K)
[2022-02-07T16:52:05.213+0000][26.239s][info ][gc            ] GC(27) Pause Young (Normal) (G1 Evacuation Pause) 237M->36M(365M) 37.634ms
[2022-02-07T16:52:05.213+0000][26.239s][info ][gc,cpu        ] GC(27) User=0.05s Sys=0.00s Real=0.04s
[2022-02-07T16:52:05.213+0000][26.239s][info ][safepoint     ] Leaving safepoint region
[2022-02-07T16:52:05.213+0000][26.239s][info ][safepoint     ] Total time for which application threads were stopped: 0.0377516 seconds, Stopping threads took: 0.0000105 seconds
[2022-02-07T16:52:05.214+0000][26.240s][info ][gc,stringdedup] Concurrent String Deduplication (26.240s)
[2022-02-07T16:52:05.216+0000][26.241s][info ][gc,stringdedup] Concurrent String Deduplication 183.9K->70088.0B(115.4K) avg 45.8% (26.240s, 26.241s) 1.449ms
[2022-02-07T16:52:06.215+0000][27.241s][debug][safepoint     ] Safepoint synchronization initiated. (15 threads)
[2022-02-07T16:52:06.215+0000][27.241s][info ][safepoint     ] Application time: 1.0017626 seconds
[2022-02-07T16:52:06.215+0000][27.241s][debug][safepoint     ] Waiting for 1 thread(s) to block
[2022-02-07T16:52:06.215+0000][27.241s][info ][safepoint     ] Entering safepoint region: Cleanup
[2022-02-07T16:52:06.218+0000][27.244s][info ][safepoint     ] Leaving safepoint region
[2022-02-07T16:52:06.218+0000][27.244s][info ][safepoint     ] Total time for which application threads were stopped: 0.0026073 seconds, Stopping threads took: 0.0001705 seconds
[2022-02-07T16:52:06.417+0000][27.442s][debug][safepoint     ] Safepoint synchronization initiated. (15 threads)
[2022-02-07T16:52:06.417+0000][27.442s][info ][safepoint     ] Application time: 0.1986972 seconds
[2022-02-07T16:52:06.417+0000][27.442s][debug][safepoint     ] Waiting for 1 thread(s) to block
[2022-02-07T16:52:06.417+0000][27.442s][info ][safepoint     ] Entering safepoint region: Deoptimize
[2022-02-07T16:52:06.417+0000][27.443s][info ][safepoint     ] Leaving safepoint region
[2022-02-07T16:52:06.417+0000][27.443s][info ][safepoint     ] Total time for which application threads were stopped: 0.0007320 seconds, Stopping threads took: 0.0000406 seconds
[2022-02-07T16:52:07.418+0000][28.444s][debug][safepoint     ] Safepoint synchronization initiated. (14 threads)
[2022-02-07T16:52:07.418+0000][28.444s][info ][safepoint     ] Application time: 1.0006354 seconds
[2022-02-07T16:52:07.418+0000][28.444s][debug][safepoint     ] Waiting for 1 thread(s) to block
[2022-02-07T16:52:07.431+0000][28.457s][info ][safepoint     ] Entering safepoint region: Cleanup
[2022-02-07T16:52:07.431+0000][28.457s][info ][safepoint     ] Leaving safepoint region
[2022-02-07T16:52:07.431+0000][28.457s][info ][safepoint     ] Total time for which application threads were stopped: 0.0134545 seconds, Stopping threads took: 0.0132929 seconds
[2022-02-07T16:52:07.630+0000][28.655s][debug][safepoint     ] Safepoint synchronization initiated. (14 threads)
[2022-02-07T16:52:07.630+0000][28.655s][info ][safepoint     ] Application time: 0.1981033 seconds
[2022-02-07T16:52:07.630+0000][28.655s][debug][safepoint     ] Waiting for 1 thread(s) to block
[2022-02-07T16:52:07.630+0000][28.655s][info ][safepoint     ] Entering safepoint region: G1CollectForAllocation
[2022-02-07T16:52:07.630+0000][28.656s][info ][gc,start      ] GC(28) Pause Young (Normal) (G1 Evacuation Pause)
[2022-02-07T16:52:07.630+0000][28.656s][info ][gc,task       ] GC(28) Using 4 workers of 4 for evacuation
[2022-02-07T16:52:07.689+0000][28.715s][info ][gc,phases     ] GC(28)   Pre Evacuate Collection Set: 0.0ms
[2022-02-07T16:52:07.689+0000][28.715s][info ][gc,phases     ] GC(28)   Evacuate Collection Set: 56.1ms
[2022-02-07T16:52:07.689+0000][28.715s][info ][gc,phases     ] GC(28)   Post Evacuate Collection Set: 2.8ms
[2022-02-07T16:52:07.689+0000][28.715s][info ][gc,phases     ] GC(28)   Other: 0.1ms
[2022-02-07T16:52:07.689+0000][28.715s][info ][gc,heap       ] GC(28) Eden regions: 204->0(202)
[2022-02-07T16:52:07.689+0000][28.715s][info ][gc,heap       ] GC(28) Survivor regions: 15->17(28)
[2022-02-07T16:52:07.689+0000][28.715s][info ][gc,heap       ] GC(28) Old regions: 23->25
[2022-02-07T16:52:07.689+0000][28.715s][info ][gc,heap       ] GC(28) Humongous regions: 0->0
[2022-02-07T16:52:07.689+0000][28.715s][info ][gc,metaspace  ] GC(28) Metaspace: 66877K->66877K(1107968K)
[2022-02-07T16:52:07.689+0000][28.715s][info ][gc            ] GC(28) Pause Young (Normal) (G1 Evacuation Pause) 240M->39M(365M) 59.151ms
[2022-02-07T16:52:07.689+0000][28.715s][info ][gc,cpu        ] GC(28) User=0.08s Sys=0.00s Real=0.06s
[2022-02-07T16:52:07.689+0000][28.715s][info ][safepoint     ] Leaving safepoint region
[2022-02-07T16:52:07.689+0000][28.715s][info ][safepoint     ] Total time for which application threads were stopped: 0.0592934 seconds, Stopping threads took: 0.0000288 seconds
[2022-02-07T16:52:07.696+0000][28.722s][info ][gc,stringdedup] Concurrent String Deduplication (28.722s)
[2022-02-07T16:52:07.698+0000][28.723s][info ][gc,stringdedup] Concurrent String Deduplication 207.2K->45728.0B(162.6K) avg 46.7% (28.722s, 28.723s) 1.484ms
[2022-02-07T16:52:07.786+0000][28.812s][debug][safepoint     ] Safepoint synchronization initiated. (14 threads)
[2022-02-07T16:52:07.787+0000][28.812s][info ][safepoint     ] Application time: 0.0976466 seconds
[2022-02-07T16:52:07.787+0000][28.812s][debug][safepoint     ] Waiting for 1 thread(s) to block
[2022-02-07T16:52:07.787+0000][28.812s][info ][safepoint     ] Entering safepoint region: Deoptimize
[2022-02-07T16:52:07.787+0000][28.813s][info ][safepoint     ] Leaving safepoint region
[2022-02-07T16:52:07.787+0000][28.813s][info ][safepoint     ] Total time for which application threads were stopped: 0.0007560 seconds, Stopping threads took: 0.0000292 seconds
[2022-02-07T16:52:07.944+0000][28.970s][debug][safepoint     ] Safepoint synchronization initiated. (14 threads)
[2022-02-07T16:52:07.944+0000][28.970s][info ][safepoint     ] Application time: 0.1566813 seconds
[2022-02-07T16:52:07.944+0000][28.970s][debug][safepoint     ] Waiting for 1 thread(s) to block
[2022-02-07T16:52:07.944+0000][28.970s][info ][safepoint     ] Entering safepoint region: Deoptimize
[2022-02-07T16:52:07.945+0000][28.971s][info ][safepoint     ] Leaving safepoint region
[2022-02-07T16:52:07.945+0000][28.971s][info ][safepoint     ] Total time for which application threads were stopped: 0.0007572 seconds, Stopping threads took: 0.0000424 seconds
[2022-02-07T16:52:08.453+0000][29.479s][debug][safepoint     ] Safepoint synchronization initiated. (14 threads)
[2022-02-07T16:52:08.453+0000][29.479s][info ][safepoint     ] Application time: 0.5081005 seconds
[2022-02-07T16:52:08.453+0000][29.479s][info ][safepoint     ] Entering safepoint region: ICBufferFull
[2022-02-07T16:52:08.453+0000][29.479s][info ][safepoint     ] Leaving safepoint region
[2022-02-07T16:52:08.453+0000][29.479s][info ][safepoint     ] Total time for which application threads were stopped: 0.0001789 seconds, Stopping threads took: 0.0000102 seconds
[2022-02-07T16:52:09.323+0000][30.349s][debug][safepoint     ] Safepoint synchronization initiated. (14 threads)
[2022-02-07T16:52:09.323+0000][30.349s][info ][safepoint     ] Application time: 0.8704455 seconds
[2022-02-07T16:52:09.323+0000][30.349s][info ][safepoint     ] Entering safepoint region: ICBufferFull
[2022-02-07T16:52:09.324+0000][30.349s][info ][safepoint     ] Leaving safepoint region
[2022-02-07T16:52:09.324+0000][30.349s][info ][safepoint     ] Total time for which application threads were stopped: 0.0001370 seconds, Stopping threads took: 0.0000098 seconds
[2022-02-07T16:52:10.294+0000][31.320s][debug][safepoint     ] Safepoint synchronization initiated. (14 threads)
[2022-02-07T16:52:10.294+0000][31.320s][info ][safepoint     ] Application time: 0.9704617 seconds
[2022-02-07T16:52:10.294+0000][31.320s][info ][safepoint     ] Entering safepoint region: ICBufferFull
[2022-02-07T16:52:10.294+0000][31.320s][info ][safepoint     ] Leaving safepoint region
[2022-02-07T16:52:10.294+0000][31.320s][info ][safepoint     ] Total time for which application threads were stopped: 0.0001797 seconds, Stopping threads took: 0.0000102 seconds
[2022-02-07T16:52:10.933+0000][31.959s][debug][safepoint     ] Safepoint synchronization initiated. (14 threads)
[2022-02-07T16:52:10.933+0000][31.959s][info ][safepoint     ] Application time: 0.6384569 seconds
[2022-02-07T16:52:10.933+0000][31.959s][info ][safepoint     ] Entering safepoint region: ICBufferFull
[2022-02-07T16:52:10.933+0000][31.959s][info ][safepoint     ] Leaving safepoint region
[2022-02-07T16:52:10.933+0000][31.959s][info ][safepoint     ] Total time for which application threads were stopped: 0.0001431 seconds, Stopping threads took: 0.0000105 seconds
[2022-02-07T16:52:11.115+0000][32.141s][debug][safepoint     ] Safepoint synchronization initiated. (14 threads)
[2022-02-07T16:52:11.115+0000][32.141s][info ][safepoint     ] Application time: 0.1823681 seconds
[2022-02-07T16:52:11.115+0000][32.141s][debug][safepoint     ] Waiting for 2 thread(s) to block
[2022-02-07T16:52:11.117+0000][32.142s][info ][safepoint     ] Entering safepoint region: ICBufferFull
[2022-02-07T16:52:11.117+0000][32.143s][info ][safepoint     ] Leaving safepoint region
[2022-02-07T16:52:11.117+0000][32.143s][info ][safepoint     ] Total time for which application threads were stopped: 0.0014728 seconds, Stopping threads took: 0.0012920 seconds
[2022-02-07T16:52:11.321+0000][32.346s][debug][safepoint     ] Safepoint synchronization initiated. (14 threads)
[2022-02-07T16:52:11.321+0000][32.346s][info ][safepoint     ] Application time: 0.2038558 seconds
[2022-02-07T16:52:11.321+0000][32.347s][info ][safepoint     ] Entering safepoint region: G1CollectForAllocation
[2022-02-07T16:52:11.321+0000][32.347s][info ][gc,start      ] GC(29) Pause Young (Normal) (G1 Evacuation Pause)
[2022-02-07T16:52:11.321+0000][32.347s][info ][gc,task       ] GC(29) Using 4 workers of 4 for evacuation
[2022-02-07T16:52:11.386+0000][32.412s][info ][gc,phases     ] GC(29)   Pre Evacuate Collection Set: 0.0ms
[2022-02-07T16:52:11.386+0000][32.412s][info ][gc,phases     ] GC(29)   Evacuate Collection Set: 62.4ms
[2022-02-07T16:52:11.386+0000][32.412s][info ][gc,phases     ] GC(29)   Post Evacuate Collection Set: 2.8ms
[2022-02-07T16:52:11.386+0000][32.412s][info ][gc,phases     ] GC(29)   Other: 0.1ms
[2022-02-07T16:52:11.386+0000][32.412s][info ][gc,heap       ] GC(29) Eden regions: 202->0(198)
[2022-02-07T16:52:11.386+0000][32.412s][info ][gc,heap       ] GC(29) Survivor regions: 17->21(28)
[2022-02-07T16:52:11.386+0000][32.412s][info ][gc,heap       ] GC(29) Old regions: 25->26
[2022-02-07T16:52:11.386+0000][32.412s][info ][gc,heap       ] GC(29) Humongous regions: 0->0
[2022-02-07T16:52:11.386+0000][32.412s][info ][gc,metaspace  ] GC(29) Metaspace: 70584K->70584K(1112064K)
[2022-02-07T16:52:11.386+0000][32.412s][info ][gc            ] GC(29) Pause Young (Normal) (G1 Evacuation Pause) 241M->45M(365M) 65.524ms
[2022-02-07T16:52:11.386+0000][32.412s][info ][gc,cpu        ] GC(29) User=0.10s Sys=0.00s Real=0.06s
[2022-02-07T16:52:11.386+0000][32.412s][info ][safepoint     ] Leaving safepoint region
[2022-02-07T16:52:11.386+0000][32.412s][info ][safepoint     ] Total time for which application threads were stopped: 0.0656803 seconds, Stopping threads took: 0.0000107 seconds
[2022-02-07T16:52:11.391+0000][32.417s][info ][gc,stringdedup] Concurrent String Deduplication (32.417s)
[2022-02-07T16:52:11.392+0000][32.418s][info ][gc,stringdedup] Concurrent String Deduplication 94528.0B->43112.0B(51416.0B) avg 46.8% (32.417s, 32.418s) 0.628ms
[2022-02-07T16:52:12.111+0000][33.137s][debug][safepoint     ] Safepoint synchronization initiated. (14 threads)
[2022-02-07T16:52:12.111+0000][33.137s][info ][safepoint     ] Application time: 0.7251524 seconds
[2022-02-07T16:52:12.111+0000][33.137s][debug][safepoint     ] Waiting for 1 thread(s) to block
[2022-02-07T16:52:12.112+0000][33.137s][info ][safepoint     ] Entering safepoint region: ICBufferFull
[2022-02-07T16:52:12.112+0000][33.138s][info ][safepoint     ] Leaving safepoint region
[2022-02-07T16:52:12.112+0000][33.138s][info ][safepoint     ] Total time for which application threads were stopped: 0.0002003 seconds, Stopping threads took: 0.0000296 seconds
[2022-02-07T16:52:12.564+0000][33.590s][debug][safepoint     ] Safepoint synchronization initiated. (14 threads)
[2022-02-07T16:52:12.564+0000][33.590s][info ][safepoint     ] Application time: 0.4522381 seconds
[2022-02-07T16:52:12.564+0000][33.590s][debug][safepoint     ] Waiting for 2 thread(s) to block
[2022-02-07T16:52:12.564+0000][33.590s][info ][safepoint     ] Entering safepoint region: ICBufferFull
[2022-02-07T16:52:12.564+0000][33.590s][info ][safepoint     ] Leaving safepoint region
[2022-02-07T16:52:12.564+0000][33.590s][info ][safepoint     ] Total time for which application threads were stopped: 0.0001931 seconds, Stopping threads took: 0.0000364 seconds
[2022-02-07T16:52:12.947+0000][33.973s][debug][safepoint     ] Safepoint synchronization initiated. (14 threads)
[2022-02-07T16:52:12.947+0000][33.973s][info ][safepoint     ] Application time: 0.3829686 seconds
[2022-02-07T16:52:12.947+0000][33.973s][debug][safepoint     ] Waiting for 2 thread(s) to block
[2022-02-07T16:52:12.955+0000][33.981s][info ][safepoint     ] Entering safepoint region: ICBufferFull
[2022-02-07T16:52:12.955+0000][33.981s][info ][safepoint     ] Leaving safepoint region
[2022-02-07T16:52:12.955+0000][33.981s][info ][safepoint     ] Total time for which application threads were stopped: 0.0082881 seconds, Stopping threads took: 0.0081580 seconds
[2022-02-07T16:52:13.634+0000][34.660s][debug][safepoint     ] Safepoint synchronization initiated. (14 threads)
[2022-02-07T16:52:13.634+0000][34.660s][info ][safepoint     ] Application time: 0.6788525 seconds
[2022-02-07T16:52:13.634+0000][34.660s][debug][safepoint     ] Waiting for 1 thread(s) to block
[2022-02-07T16:52:13.634+0000][34.660s][info ][safepoint     ] Entering safepoint region: Deoptimize
[2022-02-07T16:52:13.640+0000][34.666s][info ][safepoint     ] Leaving safepoint region
[2022-02-07T16:52:13.640+0000][34.666s][info ][safepoint     ] Total time for which application threads were stopped: 0.0058055 seconds, Stopping threads took: 0.0000336 seconds
[2022-02-07T16:52:14.032+0000][35.058s][debug][safepoint     ] Safepoint synchronization initiated. (15 threads)
[2022-02-07T16:52:14.032+0000][35.058s][info ][safepoint     ] Application time: 0.3922360 seconds
[2022-02-07T16:52:14.032+0000][35.058s][debug][safepoint     ] Waiting for 1 thread(s) to block
[2022-02-07T16:52:14.032+0000][35.058s][info ][safepoint     ] Entering safepoint region: Deoptimize
[2022-02-07T16:52:14.033+0000][35.059s][info ][safepoint     ] Leaving safepoint region
[2022-02-07T16:52:14.033+0000][35.059s][info ][safepoint     ] Total time for which application threads were stopped: 0.0008787 seconds, Stopping threads took: 0.0000285 seconds
[2022-02-07T16:52:14.057+0000][35.083s][debug][safepoint     ] Safepoint synchronization initiated. (15 threads)
[2022-02-07T16:52:14.057+0000][35.083s][info ][safepoint     ] Application time: 0.0237911 seconds
[2022-02-07T16:52:14.057+0000][35.083s][debug][safepoint     ] Waiting for 1 thread(s) to block
[2022-02-07T16:52:14.068+0000][35.094s][info ][safepoint     ] Entering safepoint region: ICBufferFull
[2022-02-07T16:52:14.069+0000][35.095s][info ][safepoint     ] Leaving safepoint region
[2022-02-07T16:52:14.069+0000][35.095s][info ][safepoint     ] Total time for which application threads were stopped: 0.0117413 seconds, Stopping threads took: 0.0114601 seconds
[2022-02-07T16:52:14.207+0000][35.233s][debug][safepoint     ] Safepoint synchronization initiated. (15 threads)
[2022-02-07T16:52:14.207+0000][35.233s][info ][safepoint     ] Application time: 0.1380641 seconds
[2022-02-07T16:52:14.207+0000][35.233s][debug][safepoint     ] Waiting for 1 thread(s) to block
[2022-02-07T16:52:14.207+0000][35.233s][info ][safepoint     ] Entering safepoint region: Deoptimize
[2022-02-07T16:52:14.210+0000][35.235s][info ][safepoint     ] Leaving safepoint region
[2022-02-07T16:52:14.210+0000][35.235s][info ][safepoint     ] Total time for which application threads were stopped: 0.0027057 seconds, Stopping threads took: 0.0000271 seconds
[2022-02-07T16:52:14.827+0000][35.853s][debug][safepoint     ] Safepoint synchronization initiated. (24 threads)
[2022-02-07T16:52:14.827+0000][35.853s][info ][safepoint     ] Application time: 0.6177079 seconds
[2022-02-07T16:52:14.827+0000][35.853s][info ][safepoint     ] Entering safepoint region: Deoptimize
[2022-02-07T16:52:14.828+0000][35.854s][info ][safepoint     ] Leaving safepoint region
[2022-02-07T16:52:14.828+0000][35.854s][info ][safepoint     ] Total time for which application threads were stopped: 0.0009507 seconds, Stopping threads took: 0.0000123 seconds
[2022-02-07T16:52:14.835+0000][35.861s][debug][safepoint     ] Safepoint synchronization initiated. (24 threads)
[2022-02-07T16:52:14.835+0000][35.861s][info ][safepoint     ] Application time: 0.0070960 seconds
[2022-02-07T16:52:14.835+0000][35.861s][info ][safepoint     ] Entering safepoint region: Deoptimize
[2022-02-07T16:52:14.836+0000][35.862s][info ][safepoint     ] Leaving safepoint region
[2022-02-07T16:52:14.836+0000][35.862s][info ][safepoint     ] Total time for which application threads were stopped: 0.0010247 seconds, Stopping threads took: 0.0000113 seconds
[2022-02-07T16:52:14.854+0000][35.880s][debug][safepoint     ] Safepoint synchronization initiated. (24 threads)
[2022-02-07T16:52:14.854+0000][35.880s][info ][safepoint     ] Application time: 0.0179919 seconds
[2022-02-07T16:52:14.854+0000][35.880s][info ][safepoint     ] Entering safepoint region: Deoptimize
[2022-02-07T16:52:14.855+0000][35.881s][info ][safepoint     ] Leaving safepoint region
[2022-02-07T16:52:14.855+0000][35.881s][info ][safepoint     ] Total time for which application threads were stopped: 0.0009289 seconds, Stopping threads took: 0.0000115 seconds
[2022-02-07T16:52:15.091+0000][36.117s][debug][safepoint     ] Safepoint synchronization initiated. (24 threads)
[2022-02-07T16:52:15.091+0000][36.117s][info ][safepoint     ] Application time: 0.2359671 seconds
[2022-02-07T16:52:15.091+0000][36.117s][info ][safepoint     ] Entering safepoint region: G1CollectForAllocation
[2022-02-07T16:52:15.091+0000][36.117s][info ][gc,start      ] GC(30) Pause Young (Normal) (G1 Evacuation Pause)
[2022-02-07T16:52:15.091+0000][36.117s][info ][gc,task       ] GC(30) Using 4 workers of 4 for evacuation
[2022-02-07T16:52:15.184+0000][36.210s][info ][gc,phases     ] GC(30)   Pre Evacuate Collection Set: 0.0ms
[2022-02-07T16:52:15.184+0000][36.210s][info ][gc,phases     ] GC(30)   Evacuate Collection Set: 87.1ms
[2022-02-07T16:52:15.184+0000][36.210s][info ][gc,phases     ] GC(30)   Post Evacuate Collection Set: 5.2ms
[2022-02-07T16:52:15.184+0000][36.210s][info ][gc,phases     ] GC(30)   Other: 0.2ms
[2022-02-07T16:52:15.184+0000][36.210s][info ][gc,heap       ] GC(30) Eden regions: 198->0(199)
[2022-02-07T16:52:15.184+0000][36.210s][info ][gc,heap       ] GC(30) Survivor regions: 21->20(28)
[2022-02-07T16:52:15.184+0000][36.210s][info ][gc,heap       ] GC(30) Old regions: 26->34
[2022-02-07T16:52:15.184+0000][36.210s][info ][gc,heap       ] GC(30) Humongous regions: 0->0
[2022-02-07T16:52:15.184+0000][36.210s][info ][gc,metaspace  ] GC(30) Metaspace: 74175K->74175K(1116160K)
[2022-02-07T16:52:15.184+0000][36.210s][info ][gc            ] GC(30) Pause Young (Normal) (G1 Evacuation Pause) 243M->51M(365M) 92.594ms
[2022-02-07T16:52:15.184+0000][36.210s][info ][gc,cpu        ] GC(30) User=0.09s Sys=0.02s Real=0.09s
[2022-02-07T16:52:15.184+0000][36.210s][info ][safepoint     ] Leaving safepoint region
[2022-02-07T16:52:15.184+0000][36.210s][info ][safepoint     ] Total time for which application threads were stopped: 0.0927669 seconds, Stopping threads took: 0.0000137 seconds
[2022-02-07T16:52:15.185+0000][36.211s][info ][gc,stringdedup] Concurrent String Deduplication (36.211s)
[2022-02-07T16:52:15.194+0000][36.220s][info ][gc,stringdedup] Concurrent String Deduplication 353.5K->177.7K(175.8K) avg 46.9% (36.211s, 36.220s) 8.751ms
[2022-02-07T16:52:16.158+0000][37.184s][debug][safepoint     ] Safepoint synchronization initiated. (24 threads)
[2022-02-07T16:52:16.158+0000][37.184s][info ][safepoint     ] Application time: 0.9741343 seconds
[2022-02-07T16:52:16.158+0000][37.184s][info ][safepoint     ] Entering safepoint region: Deoptimize
[2022-02-07T16:52:16.159+0000][37.185s][info ][safepoint     ] Leaving safepoint region
[2022-02-07T16:52:16.159+0000][37.185s][info ][safepoint     ] Total time for which application threads were stopped: 0.0009557 seconds, Stopping threads took: 0.0000110 seconds
[2022-02-07T16:52:16.167+0000][37.193s][debug][safepoint     ] Safepoint synchronization initiated. (24 threads)
[2022-02-07T16:52:16.167+0000][37.193s][info ][safepoint     ] Application time: 0.0075637 seconds
[2022-02-07T16:52:16.167+0000][37.193s][info ][safepoint     ] Entering safepoint region: Deoptimize
[2022-02-07T16:52:16.168+0000][37.193s][info ][safepoint     ] Leaving safepoint region
[2022-02-07T16:52:16.168+0000][37.193s][info ][safepoint     ] Total time for which application threads were stopped: 0.0008473 seconds, Stopping threads took: 0.0000109 seconds
[2022-02-07T16:52:16.414+0000][37.440s][debug][safepoint     ] Safepoint synchronization initiated. (25 threads)
[2022-02-07T16:52:16.415+0000][37.440s][info ][safepoint     ] Application time: 0.2469195 seconds
[2022-02-07T16:52:16.415+0000][37.440s][debug][safepoint     ] ... found polling page return exception at pc = 0x00007f11b43d6017, stub =0x00007f11ac8beb80
[2022-02-07T16:52:16.415+0000][37.440s][debug][safepoint     ] Waiting for 1 thread(s) to block
[2022-02-07T16:52:16.415+0000][37.440s][info ][safepoint     ] Entering safepoint region: Deoptimize
[2022-02-07T16:52:16.415+0000][37.441s][info ][safepoint     ] Leaving safepoint region
[2022-02-07T16:52:16.416+0000][37.441s][info ][safepoint     ] Total time for which application threads were stopped: 0.0009767 seconds, Stopping threads took: 0.0000726 seconds
[2022-02-07T16:52:16.971+0000][37.997s][debug][safepoint     ] Safepoint synchronization initiated. (27 threads)
[2022-02-07T16:52:16.971+0000][37.997s][info ][safepoint     ] Application time: 0.5551946 seconds
[2022-02-07T16:52:16.971+0000][37.997s][info ][safepoint     ] Entering safepoint region: Deoptimize
[2022-02-07T16:52:16.972+0000][37.998s][info ][safepoint     ] Leaving safepoint region
[2022-02-07T16:52:16.972+0000][37.998s][info ][safepoint     ] Total time for which application threads were stopped: 0.0010150 seconds, Stopping threads took: 0.0000131 seconds
[2022-02-07T16:52:17.373+0000][38.399s][debug][safepoint     ] Safepoint synchronization initiated. (27 threads)
[2022-02-07T16:52:17.373+0000][38.399s][info ][safepoint     ] Application time: 0.4011614 seconds
[2022-02-07T16:52:17.373+0000][38.399s][debug][safepoint     ] Waiting for 1 thread(s) to block
[2022-02-07T16:52:17.383+0000][38.409s][info ][safepoint     ] Entering safepoint region: Deoptimize
[2022-02-07T16:52:17.384+0000][38.410s][info ][safepoint     ] Leaving safepoint region
[2022-02-07T16:52:17.384+0000][38.410s][info ][safepoint     ] Total time for which application threads were stopped: 0.0113394 seconds, Stopping threads took: 0.0103952 seconds
[2022-02-07T16:52:18.208+0000][39.234s][debug][safepoint     ] Safepoint synchronization initiated. (42 threads)
[2022-02-07T16:52:18.208+0000][39.234s][info ][safepoint     ] Application time: 0.8237398 seconds
[2022-02-07T16:52:18.208+0000][39.234s][info ][safepoint     ] Entering safepoint region: Deoptimize
[2022-02-07T16:52:18.209+0000][39.235s][info ][safepoint     ] Leaving safepoint region
[2022-02-07T16:52:18.209+0000][39.235s][info ][safepoint     ] Total time for which application threads were stopped: 0.0010001 seconds, Stopping threads took: 0.0000166 seconds
[2022-02-07T16:52:18.579+0000][39.605s][debug][safepoint     ] Safepoint synchronization initiated. (43 threads)
[2022-02-07T16:52:18.579+0000][39.605s][info ][safepoint     ] Application time: 0.3703904 seconds
[2022-02-07T16:52:18.579+0000][39.605s][info ][safepoint     ] Entering safepoint region: G1CollectForAllocation
[2022-02-07T16:52:18.580+0000][39.605s][info ][gc,start      ] GC(31) Pause Young (Normal) (G1 Evacuation Pause)
[2022-02-07T16:52:18.580+0000][39.605s][info ][gc,task       ] GC(31) Using 4 workers of 4 for evacuation
[2022-02-07T16:52:18.651+0000][39.677s][info ][gc,phases     ] GC(31)   Pre Evacuate Collection Set: 0.0ms
[2022-02-07T16:52:18.651+0000][39.677s][info ][gc,phases     ] GC(31)   Evacuate Collection Set: 68.0ms
[2022-02-07T16:52:18.651+0000][39.677s][info ][gc,phases     ] GC(31)   Post Evacuate Collection Set: 3.0ms
[2022-02-07T16:52:18.651+0000][39.677s][info ][gc,phases     ] GC(31)   Other: 0.2ms
[2022-02-07T16:52:18.651+0000][39.677s][info ][gc,heap       ] GC(31) Eden regions: 199->0(198)
[2022-02-07T16:52:18.651+0000][39.677s][info ][gc,heap       ] GC(31) Survivor regions: 20->21(28)
[2022-02-07T16:52:18.651+0000][39.677s][info ][gc,heap       ] GC(31) Old regions: 34->39
[2022-02-07T16:52:18.651+0000][39.677s][info ][gc,heap       ] GC(31) Humongous regions: 0->0
[2022-02-07T16:52:18.651+0000][39.677s][info ][gc,metaspace  ] GC(31) Metaspace: 85657K->85657K(1126400K)
[2022-02-07T16:52:18.651+0000][39.677s][info ][gc            ] GC(31) Pause Young (Normal) (G1 Evacuation Pause) 250M->58M(365M) 71.298ms
[2022-02-07T16:52:18.651+0000][39.677s][info ][gc,cpu        ] GC(31) User=0.08s Sys=0.00s Real=0.07s
[2022-02-07T16:52:18.651+0000][39.677s][info ][safepoint     ] Leaving safepoint region
[2022-02-07T16:52:18.651+0000][39.677s][info ][safepoint     ] Total time for which application threads were stopped: 0.0714999 seconds, Stopping threads took: 0.0000193 seconds
[2022-02-07T16:52:18.655+0000][39.681s][info ][gc,stringdedup] Concurrent String Deduplication (39.681s)
[2022-02-07T16:52:18.662+0000][39.688s][info ][gc,stringdedup] Concurrent String Deduplication 757.1K->185.1K(572.0K) avg 49.2% (39.681s, 39.688s) 7.746ms
[2022-02-07T16:52:19.651+0000][40.677s][debug][safepoint     ] Safepoint synchronization initiated. (48 threads)
[2022-02-07T16:52:19.651+0000][40.677s][info ][safepoint     ] Application time: 1.0001438 seconds
[2022-02-07T16:52:19.653+0000][40.679s][debug][safepoint     ] ... found polling page return exception at pc = 0x00007f11b45e5a8c, stub =0x00007f11ac8beb80
[2022-02-07T16:52:19.654+0000][40.680s][debug][safepoint     ] Waiting for 1 thread(s) to block
[2022-02-07T16:52:19.654+0000][40.680s][info ][safepoint     ] Entering safepoint region: Cleanup
[2022-02-07T16:52:19.654+0000][40.680s][info ][safepoint     ] Leaving safepoint region
[2022-02-07T16:52:19.654+0000][40.680s][info ][safepoint     ] Total time for which application threads were stopped: 0.0029100 seconds, Stopping threads took: 0.0027790 seconds
[2022-02-07T16:52:19.951+0000][40.977s][debug][safepoint     ] Safepoint synchronization initiated. (48 threads)
[2022-02-07T16:52:19.951+0000][40.977s][info ][safepoint     ] Application time: 0.2974238 seconds
[2022-02-07T16:52:19.951+0000][40.977s][debug][safepoint     ] Waiting for 1 thread(s) to block
[2022-02-07T16:52:19.951+0000][40.977s][info ][safepoint     ] Entering safepoint region: Deoptimize
[2022-02-07T16:52:19.952+0000][40.978s][info ][safepoint     ] Leaving safepoint region
[2022-02-07T16:52:19.952+0000][40.978s][info ][safepoint     ] Total time for which application threads were stopped: 0.0009665 seconds, Stopping threads took: 0.0000385 seconds
[2022-02-07T16:52:20.122+0000][41.148s][debug][safepoint     ] Safepoint synchronization initiated. (48 threads)
[2022-02-07T16:52:20.122+0000][41.148s][info ][safepoint     ] Application time: 0.1699074 seconds
[2022-02-07T16:52:20.122+0000][41.148s][info ][safepoint     ] Entering safepoint region: Deoptimize
[2022-02-07T16:52:20.123+0000][41.149s][info ][safepoint     ] Leaving safepoint region
[2022-02-07T16:52:20.123+0000][41.149s][info ][safepoint     ] Total time for which application threads were stopped: 0.0009892 seconds, Stopping threads took: 0.0000194 seconds
[2022-02-07T16:52:21.088+0000][42.114s][debug][safepoint     ] Safepoint synchronization initiated. (48 threads)
[2022-02-07T16:52:21.088+0000][42.114s][info ][safepoint     ] Application time: 0.9651567 seconds
[2022-02-07T16:52:21.089+0000][42.114s][debug][safepoint     ] Waiting for 2 thread(s) to block
[2022-02-07T16:52:21.089+0000][42.114s][info ][safepoint     ] Entering safepoint region: ICBufferFull
[2022-02-07T16:52:21.089+0000][42.115s][info ][safepoint     ] Leaving safepoint region
[2022-02-07T16:52:21.089+0000][42.115s][info ][safepoint     ] Total time for which application threads were stopped: 0.0002146 seconds, Stopping threads took: 0.0000389 seconds
[2022-02-07T16:52:21.347+0000][42.373s][debug][safepoint     ] Safepoint synchronization initiated. (48 threads)
[2022-02-07T16:52:21.347+0000][42.373s][info ][safepoint     ] Application time: 0.2579882 seconds
[2022-02-07T16:52:21.347+0000][42.373s][info ][safepoint     ] Entering safepoint region: G1CollectForAllocation
[2022-02-07T16:52:21.347+0000][42.373s][info ][gc,start      ] GC(32) Pause Young (Normal) (G1 Evacuation Pause)
[2022-02-07T16:52:21.347+0000][42.373s][info ][gc,task       ] GC(32) Using 4 workers of 4 for evacuation
[2022-02-07T16:52:21.456+0000][42.482s][info ][gc,phases     ] GC(32)   Pre Evacuate Collection Set: 0.0ms
[2022-02-07T16:52:21.456+0000][42.482s][info ][gc,phases     ] GC(32)   Evacuate Collection Set: 102.3ms
[2022-02-07T16:52:21.456+0000][42.482s][info ][gc,phases     ] GC(32)   Post Evacuate Collection Set: 6.8ms
[2022-02-07T16:52:21.456+0000][42.482s][info ][gc,phases     ] GC(32)   Other: 0.2ms
[2022-02-07T16:52:21.456+0000][42.482s][info ][gc,heap       ] GC(32) Eden regions: 198->0(240)
[2022-02-07T16:52:21.456+0000][42.482s][info ][gc,heap       ] GC(32) Survivor regions: 21->18(28)
[2022-02-07T16:52:21.456+0000][42.482s][info ][gc,heap       ] GC(32) Old regions: 39->46
[2022-02-07T16:52:21.456+0000][42.482s][info ][gc,heap       ] GC(32) Humongous regions: 0->0
[2022-02-07T16:52:21.456+0000][42.482s][info ][gc,metaspace  ] GC(32) Metaspace: 90680K->90680K(1130496K)
[2022-02-07T16:52:21.456+0000][42.482s][info ][gc            ] GC(32) Pause Young (Normal) (G1 Evacuation Pause) 256M->62M(430M) 109.421ms
[2022-02-07T16:52:21.456+0000][42.482s][info ][gc,cpu        ] GC(32) User=0.13s Sys=0.01s Real=0.11s
[2022-02-07T16:52:21.456+0000][42.482s][info ][safepoint     ] Leaving safepoint region
[2022-02-07T16:52:21.456+0000][42.482s][info ][safepoint     ] Total time for which application threads were stopped: 0.1096624 seconds, Stopping threads took: 0.0000218 seconds
[2022-02-07T16:52:21.459+0000][42.485s][info ][gc,stringdedup] Concurrent String Deduplication (42.485s)
[2022-02-07T16:52:21.462+0000][42.488s][info ][gc,stringdedup] Concurrent String Deduplication 626.7K->192.2K(434.5K) avg 50.5% (42.485s, 42.488s) 2.734ms
[2022-02-07T16:52:22.456+0000][43.482s][debug][safepoint     ] Safepoint synchronization initiated. (49 threads)
[2022-02-07T16:52:22.457+0000][43.482s][info ][safepoint     ] Application time: 1.0001276 seconds
[2022-02-07T16:52:22.459+0000][43.485s][debug][safepoint     ] Waiting for 1 thread(s) to block
[2022-02-07T16:52:22.460+0000][43.485s][info ][safepoint     ] Entering safepoint region: Cleanup
[2022-02-07T16:52:22.460+0000][43.486s][info ][safepoint     ] Leaving safepoint region
[2022-02-07T16:52:22.460+0000][43.486s][info ][safepoint     ] Total time for which application threads were stopped: 0.0031990 seconds, Stopping threads took: 0.0030394 seconds
[2022-02-07T16:52:22.622+0000][43.648s][debug][safepoint     ] Safepoint synchronization initiated. (49 threads)
[2022-02-07T16:52:22.622+0000][43.648s][info ][safepoint     ] Application time: 0.1621935 seconds
[2022-02-07T16:52:22.622+0000][43.648s][debug][safepoint     ] Waiting for 1 thread(s) to block
[2022-02-07T16:52:22.623+0000][43.649s][info ][safepoint     ] Entering safepoint region: Deoptimize
[2022-02-07T16:52:22.624+0000][43.650s][info ][safepoint     ] Leaving safepoint region
[2022-02-07T16:52:22.624+0000][43.650s][info ][safepoint     ] Total time for which application threads were stopped: 0.0022720 seconds, Stopping threads took: 0.0012040 seconds
[2022-02-07T16:52:23.107+0000][44.133s][debug][safepoint     ] Safepoint synchronization initiated. (49 threads)
[2022-02-07T16:52:23.107+0000][44.133s][info ][safepoint     ] Application time: 0.4830236 seconds
[2022-02-07T16:52:23.107+0000][44.133s][debug][safepoint     ] Waiting for 2 thread(s) to block
[2022-02-07T16:52:23.107+0000][44.133s][info ][safepoint     ] Entering safepoint region: Deoptimize
[2022-02-07T16:52:23.108+0000][44.134s][info ][safepoint     ] Leaving safepoint region
[2022-02-07T16:52:23.108+0000][44.134s][info ][safepoint     ] Total time for which application threads were stopped: 0.0010777 seconds, Stopping threads took: 0.0000438 seconds
[2022-02-07T16:52:23.649+0000][44.675s][debug][safepoint     ] Safepoint synchronization initiated. (50 threads)
[2022-02-07T16:52:23.649+0000][44.675s][info ][safepoint     ] Application time: 0.5409441 seconds
[2022-02-07T16:52:23.649+0000][44.675s][info ][safepoint     ] Entering safepoint region: Deoptimize
[2022-02-07T16:52:23.652+0000][44.678s][info ][safepoint     ] Leaving safepoint region
[2022-02-07T16:52:23.652+0000][44.678s][info ][safepoint     ] Total time for which application threads were stopped: 0.0026941 seconds, Stopping threads took: 0.0000198 seconds
[2022-02-07T16:52:24.466+0000][45.492s][debug][safepoint     ] Safepoint synchronization initiated. (51 threads)
[2022-02-07T16:52:24.466+0000][45.492s][info ][safepoint     ] Application time: 0.8144100 seconds
[2022-02-07T16:52:24.466+0000][45.492s][info ][safepoint     ] Entering safepoint region: Deoptimize
[2022-02-07T16:52:24.469+0000][45.495s][info ][safepoint     ] Leaving safepoint region
[2022-02-07T16:52:24.469+0000][45.495s][info ][safepoint     ] Total time for which application threads were stopped: 0.0027971 seconds, Stopping threads took: 0.0000200 seconds
[2022-02-07T16:52:24.504+0000][45.530s][debug][safepoint     ] Safepoint synchronization initiated. (51 threads)
[2022-02-07T16:52:24.504+0000][45.530s][info ][safepoint     ] Application time: 0.0350925 seconds
[2022-02-07T16:52:24.504+0000][45.530s][debug][safepoint     ] Waiting for 1 thread(s) to block
[2022-02-07T16:52:24.504+0000][45.530s][info ][safepoint     ] Entering safepoint region: Deoptimize
[2022-02-07T16:52:24.505+0000][45.531s][info ][safepoint     ] Leaving safepoint region
[2022-02-07T16:52:24.505+0000][45.531s][info ][safepoint     ] Total time for which application threads were stopped: 0.0010513 seconds, Stopping threads took: 0.0000389 seconds
[2022-02-07T16:52:24.655+0000][45.681s][debug][safepoint     ] Safepoint synchronization initiated. (51 threads)
[2022-02-07T16:52:24.655+0000][45.681s][info ][safepoint     ] Application time: 0.1501139 seconds
[2022-02-07T16:52:24.656+0000][45.681s][debug][safepoint     ] Waiting for 1 thread(s) to block
[2022-02-07T16:52:24.656+0000][45.681s][info ][safepoint     ] Entering safepoint region: Deoptimize
[2022-02-07T16:52:24.657+0000][45.682s][info ][safepoint     ] Leaving safepoint region
[2022-02-07T16:52:24.657+0000][45.682s][info ][safepoint     ] Total time for which application threads were stopped: 0.0010350 seconds, Stopping threads took: 0.0000378 seconds
[2022-02-07T16:52:25.024+0000][46.050s][debug][safepoint     ] Safepoint synchronization initiated. (54 threads)
[2022-02-07T16:52:25.024+0000][46.050s][info ][safepoint     ] Application time: 0.3676043 seconds
[2022-02-07T16:52:25.024+0000][46.050s][debug][safepoint     ] Waiting for 1 thread(s) to block
[2022-02-07T16:52:25.024+0000][46.050s][info ][safepoint     ] Entering safepoint region: ICBufferFull
[2022-02-07T16:52:25.024+0000][46.050s][info ][safepoint     ] Leaving safepoint region
[2022-02-07T16:52:25.024+0000][46.050s][info ][safepoint     ] Total time for which application threads were stopped: 0.0002902 seconds, Stopping threads took: 0.0000394 seconds
[2022-02-07T16:52:25.460+0000][46.485s][debug][safepoint     ] Safepoint synchronization initiated. (59 threads)
[2022-02-07T16:52:25.460+0000][46.485s][info ][safepoint     ] Application time: 0.4351225 seconds
[2022-02-07T16:52:25.460+0000][46.485s][debug][safepoint     ] Waiting for 1 thread(s) to block
[2022-02-07T16:52:25.460+0000][46.485s][info ][safepoint     ] Entering safepoint region: G1CollectForAllocation
[2022-02-07T16:52:25.460+0000][46.486s][info ][gc,start      ] GC(33) Pause Young (Normal) (G1 Evacuation Pause)
[2022-02-07T16:52:25.460+0000][46.486s][info ][gc,task       ] GC(33) Using 4 workers of 4 for evacuation
[2022-02-07T16:52:25.517+0000][46.543s][info ][gc,phases     ] GC(33)   Pre Evacuate Collection Set: 0.0ms
[2022-02-07T16:52:25.517+0000][46.543s][info ][gc,phases     ] GC(33)   Evacuate Collection Set: 51.9ms
[2022-02-07T16:52:25.517+0000][46.543s][info ][gc,phases     ] GC(33)   Post Evacuate Collection Set: 5.2ms
[2022-02-07T16:52:25.517+0000][46.543s][info ][gc,phases     ] GC(33)   Other: 0.2ms
[2022-02-07T16:52:25.517+0000][46.543s][info ][gc,heap       ] GC(33) Eden regions: 240->0(241)
[2022-02-07T16:52:25.517+0000][46.543s][info ][gc,heap       ] GC(33) Survivor regions: 18->17(33)
[2022-02-07T16:52:25.517+0000][46.543s][info ][gc,heap       ] GC(33) Old regions: 46->52
[2022-02-07T16:52:25.517+0000][46.543s][info ][gc,heap       ] GC(33) Humongous regions: 0->0
[2022-02-07T16:52:25.517+0000][46.543s][info ][gc,metaspace  ] GC(33) Metaspace: 94779K->94779K(1134592K)
[2022-02-07T16:52:25.517+0000][46.543s][info ][gc            ] GC(33) Pause Young (Normal) (G1 Evacuation Pause) 302M->67M(430M) 57.314ms
[2022-02-07T16:52:25.517+0000][46.543s][info ][gc,cpu        ] GC(33) User=0.09s Sys=0.00s Real=0.05s
[2022-02-07T16:52:25.517+0000][46.543s][info ][safepoint     ] Leaving safepoint region
[2022-02-07T16:52:25.517+0000][46.543s][info ][safepoint     ] Total time for which application threads were stopped: 0.0575768 seconds, Stopping threads took: 0.0000518 seconds
[2022-02-07T16:52:25.519+0000][46.545s][info ][gc,stringdedup] Concurrent String Deduplication (46.545s)
[2022-02-07T16:52:25.523+0000][46.548s][info ][gc,stringdedup] Concurrent String Deduplication 538.2K->152.5K(385.7K) avg 51.5% (46.545s, 46.548s) 3.291ms
[2022-02-07T16:52:26.520+0000][47.545s][debug][safepoint     ] Safepoint synchronization initiated. (58 threads)
[2022-02-07T16:52:26.520+0000][47.546s][info ][safepoint     ] Application time: 1.0024862 seconds
[2022-02-07T16:52:26.531+0000][47.557s][debug][safepoint     ] ... found polling page loop exception at pc = 0x00007f11b4992a39, stub =0x00007f11ac8be900
[2022-02-07T16:52:26.532+0000][47.558s][debug][safepoint     ] Waiting for 1 thread(s) to block
[2022-02-07T16:52:26.532+0000][47.558s][info ][safepoint     ] Entering safepoint region: Cleanup
[2022-02-07T16:52:26.533+0000][47.558s][info ][safepoint     ] Leaving safepoint region
[2022-02-07T16:52:26.533+0000][47.558s][info ][safepoint     ] Total time for which application threads were stopped: 0.0128761 seconds, Stopping threads took: 0.0126735 seconds
[2022-02-07T16:52:26.739+0000][47.765s][debug][safepoint     ] Safepoint synchronization initiated. (59 threads)
[2022-02-07T16:52:26.739+0000][47.765s][info ][safepoint     ] Application time: 0.2067638 seconds
[2022-02-07T16:52:26.739+0000][47.765s][info ][safepoint     ] Entering safepoint region: Deoptimize
[2022-02-07T16:52:26.740+0000][47.766s][info ][safepoint     ] Leaving safepoint region
[2022-02-07T16:52:26.740+0000][47.766s][info ][safepoint     ] Total time for which application threads were stopped: 0.0011573 seconds, Stopping threads took: 0.0000235 seconds
[2022-02-07T16:52:27.114+0000][48.139s][debug][safepoint     ] Safepoint synchronization initiated. (59 threads)
[2022-02-07T16:52:27.114+0000][48.139s][info ][safepoint     ] Application time: 0.3731158 seconds
[2022-02-07T16:52:27.114+0000][48.139s][info ][safepoint     ] Entering safepoint region: Deoptimize
[2022-02-07T16:52:27.115+0000][48.141s][info ][safepoint     ] Leaving safepoint region
[2022-02-07T16:52:27.115+0000][48.141s][info ][safepoint     ] Total time for which application threads were stopped: 0.0010983 seconds, Stopping threads took: 0.0000214 seconds
[2022-02-07T16:52:27.179+0000][48.205s][debug][safepoint     ] Safepoint synchronization initiated. (58 threads)
[2022-02-07T16:52:27.179+0000][48.205s][info ][safepoint     ] Application time: 0.0647415 seconds
[2022-02-07T16:52:27.179+0000][48.205s][debug][safepoint     ] Waiting for 1 thread(s) to block
[2022-02-07T16:52:27.180+0000][48.205s][info ][safepoint     ] Entering safepoint region: CollectForMetadataAllocation
[2022-02-07T16:52:27.180+0000][48.206s][info ][gc,start      ] GC(34) Pause Young (Concurrent Start) (Metadata GC Threshold)
[2022-02-07T16:52:27.180+0000][48.206s][info ][gc,task       ] GC(34) Using 4 workers of 4 for evacuation
[2022-02-07T16:52:27.236+0000][48.262s][info ][gc,phases     ] GC(34)   Pre Evacuate Collection Set: 0.2ms
[2022-02-07T16:52:27.236+0000][48.262s][info ][gc,phases     ] GC(34)   Evacuate Collection Set: 53.6ms
[2022-02-07T16:52:27.236+0000][48.262s][info ][gc,phases     ] GC(34)   Post Evacuate Collection Set: 2.8ms
[2022-02-07T16:52:27.236+0000][48.262s][info ][gc,phases     ] GC(34)   Other: 0.2ms
[2022-02-07T16:52:27.236+0000][48.262s][info ][gc,heap       ] GC(34) Eden regions: 84->0(231)
[2022-02-07T16:52:27.236+0000][48.262s][info ][gc,heap       ] GC(34) Survivor regions: 17->17(33)
[2022-02-07T16:52:27.236+0000][48.262s][info ][gc,heap       ] GC(34) Old regions: 52->52
[2022-02-07T16:52:27.237+0000][48.262s][info ][gc,heap       ] GC(34) Humongous regions: 0->0
[2022-02-07T16:52:27.237+0000][48.262s][info ][gc,metaspace  ] GC(34) Metaspace: 97799K->97799K(1136640K)
[2022-02-07T16:52:27.237+0000][48.262s][info ][gc            ] GC(34) Pause Young (Concurrent Start) (Metadata GC Threshold) 150M->67M(430M) 56.892ms
[2022-02-07T16:52:27.237+0000][48.262s][info ][gc,cpu        ] GC(34) User=0.07s Sys=0.00s Real=0.05s
[2022-02-07T16:52:27.237+0000][48.262s][info ][safepoint     ] Leaving safepoint region
[2022-02-07T16:52:27.237+0000][48.262s][info ][safepoint     ] Total time for which application threads were stopped: 0.0571371 seconds, Stopping threads took: 0.0000573 seconds
[2022-02-07T16:52:27.238+0000][48.263s][info ][gc            ] GC(35) Concurrent Cycle
[2022-02-07T16:52:27.238+0000][48.264s][info ][gc,marking    ] GC(35) Concurrent Clear Claimed Marks
[2022-02-07T16:52:27.238+0000][48.264s][info ][gc,stringdedup] Concurrent String Deduplication (48.264s)
[2022-02-07T16:52:27.238+0000][48.264s][info ][gc,marking    ] GC(35) Concurrent Clear Claimed Marks 0.231ms
[2022-02-07T16:52:27.238+0000][48.264s][info ][gc,marking    ] GC(35) Concurrent Scan Root Regions
[2022-02-07T16:52:27.241+0000][48.267s][info ][gc,stringdedup] Concurrent String Deduplication 444.3K->274.1K(170.2K) avg 51.0% (48.264s, 48.267s) 3.063ms
[2022-02-07T16:52:27.261+0000][48.287s][info ][gc,marking    ] GC(35) Concurrent Scan Root Regions 23.186ms
[2022-02-07T16:52:27.261+0000][48.287s][info ][gc,marking    ] GC(35) Concurrent Mark (48.287s)
[2022-02-07T16:52:27.261+0000][48.287s][info ][gc,marking    ] GC(35) Concurrent Mark From Roots
[2022-02-07T16:52:27.261+0000][48.287s][info ][gc,task       ] GC(35) Using 1 workers of 1 for marking
[2022-02-07T16:52:27.451+0000][48.477s][info ][gc,marking    ] GC(35) Concurrent Mark From Roots 189.592ms
[2022-02-07T16:52:27.451+0000][48.477s][info ][gc,marking    ] GC(35) Concurrent Preclean
[2022-02-07T16:52:27.451+0000][48.477s][info ][gc,marking    ] GC(35) Concurrent Preclean 0.061ms
[2022-02-07T16:52:27.451+0000][48.477s][info ][gc,marking    ] GC(35) Concurrent Mark (48.287s, 48.477s) 189.715ms
[2022-02-07T16:52:27.451+0000][48.477s][debug][safepoint     ] Safepoint synchronization initiated. (58 threads)
[2022-02-07T16:52:27.451+0000][48.477s][info ][safepoint     ] Application time: 0.2142391 seconds
[2022-02-07T16:52:27.457+0000][48.483s][debug][safepoint     ] ... found polling page return exception at pc = 0x00007f11ad7d01b8, stub =0x00007f11ac8beb80
[2022-02-07T16:52:27.458+0000][48.484s][debug][safepoint     ] Waiting for 1 thread(s) to block
[2022-02-07T16:52:27.458+0000][48.484s][info ][safepoint     ] Entering safepoint region: CGC_Operation
[2022-02-07T16:52:27.458+0000][48.484s][info ][gc,start      ] GC(35) Pause Remark
[2022-02-07T16:52:27.504+0000][48.530s][info ][gc,stringtable] GC(35) Cleaned string and symbol table, strings: 45304 processed, 64 removed, symbols: 262302 processed, 304 removed
[2022-02-07T16:52:27.505+0000][48.531s][info ][gc            ] GC(35) Pause Remark 74M->74M(430M) 46.654ms
[2022-02-07T16:52:27.505+0000][48.531s][info ][gc,cpu        ] GC(35) User=0.04s Sys=0.00s Real=0.05s
[2022-02-07T16:52:27.505+0000][48.531s][info ][safepoint     ] Leaving safepoint region
[2022-02-07T16:52:27.505+0000][48.531s][info ][safepoint     ] Total time for which application threads were stopped: 0.0538134 seconds, Stopping threads took: 0.0069440 seconds
[2022-02-07T16:52:27.505+0000][48.531s][info ][gc,marking    ] GC(35) Concurrent Rebuild Remembered Sets
[2022-02-07T16:52:27.624+0000][48.650s][info ][gc,marking    ] GC(35) Concurrent Rebuild Remembered Sets 119.251ms
[2022-02-07T16:52:27.624+0000][48.650s][debug][safepoint     ] Safepoint synchronization initiated. (58 threads)
[2022-02-07T16:52:27.624+0000][48.650s][info ][safepoint     ] Application time: 0.1194168 seconds
[2022-02-07T16:52:27.624+0000][48.650s][debug][safepoint     ] Waiting for 1 thread(s) to block
[2022-02-07T16:52:27.625+0000][48.650s][info ][safepoint     ] Entering safepoint region: CGC_Operation
[2022-02-07T16:52:27.625+0000][48.651s][info ][gc,start      ] GC(35) Pause Cleanup
[2022-02-07T16:52:27.625+0000][48.651s][info ][gc            ] GC(35) Pause Cleanup 77M->77M(430M) 0.168ms
[2022-02-07T16:52:27.625+0000][48.651s][info ][gc,cpu        ] GC(35) User=0.00s Sys=0.00s Real=0.00s
[2022-02-07T16:52:27.625+0000][48.651s][info ][safepoint     ] Leaving safepoint region
[2022-02-07T16:52:27.625+0000][48.651s][info ][safepoint     ] Total time for which application threads were stopped: 0.0007586 seconds, Stopping threads took: 0.0004229 seconds
[2022-02-07T16:52:27.625+0000][48.651s][info ][gc,marking    ] GC(35) Concurrent Cleanup for Next Mark
[2022-02-07T16:52:27.626+0000][48.652s][info ][gc,marking    ] GC(35) Concurrent Cleanup for Next Mark 1.135ms
[2022-02-07T16:52:27.626+0000][48.652s][info ][gc            ] GC(35) Concurrent Cycle 388.500ms
[2022-02-07T16:52:28.056+0000][49.082s][debug][safepoint     ] Safepoint synchronization initiated. (59 threads)
[2022-02-07T16:52:28.056+0000][49.082s][info ][safepoint     ] Application time: 0.4311378 seconds
[2022-02-07T16:52:28.056+0000][49.082s][info ][safepoint     ] Entering safepoint region: Deoptimize
[2022-02-07T16:52:28.057+0000][49.083s][info ][safepoint     ] Leaving safepoint region
[2022-02-07T16:52:28.057+0000][49.083s][info ][safepoint     ] Total time for which application threads were stopped: 0.0010753 seconds, Stopping threads took: 0.0000205 seconds
[2022-02-07T16:52:28.068+0000][49.094s][debug][safepoint     ] Safepoint synchronization initiated. (59 threads)
[2022-02-07T16:52:28.068+0000][49.094s][info ][safepoint     ] Application time: 0.0113350 seconds
[2022-02-07T16:52:28.068+0000][49.094s][info ][safepoint     ] Entering safepoint region: Deoptimize
[2022-02-07T16:52:28.069+0000][49.095s][info ][safepoint     ] Leaving safepoint region
[2022-02-07T16:52:28.070+0000][49.095s][info ][safepoint     ] Total time for which application threads were stopped: 0.0010414 seconds, Stopping threads took: 0.0000210 seconds
[2022-02-07T16:52:28.201+0000][49.227s][debug][safepoint     ] Safepoint synchronization initiated. (59 threads)
[2022-02-07T16:52:28.201+0000][49.227s][info ][safepoint     ] Application time: 0.1317386 seconds
[2022-02-07T16:52:28.201+0000][49.227s][info ][safepoint     ] Entering safepoint region: Deoptimize
[2022-02-07T16:52:28.202+0000][49.228s][info ][safepoint     ] Leaving safepoint region
[2022-02-07T16:52:28.202+0000][49.228s][info ][safepoint     ] Total time for which application threads were stopped: 0.0010264 seconds, Stopping threads took: 0.0000225 seconds
[2022-02-07T16:52:28.315+0000][49.341s][debug][safepoint     ] Safepoint synchronization initiated. (59 threads)
[2022-02-07T16:52:28.315+0000][49.341s][info ][safepoint     ] Application time: 0.1131422 seconds
[2022-02-07T16:52:28.315+0000][49.341s][debug][safepoint     ] Waiting for 1 thread(s) to block
[2022-02-07T16:52:28.315+0000][49.341s][info ][safepoint     ] Entering safepoint region: Deoptimize
[2022-02-07T16:52:28.317+0000][49.342s][info ][safepoint     ] Leaving safepoint region
[2022-02-07T16:52:28.317+0000][49.342s][info ][safepoint     ] Total time for which application threads were stopped: 0.0011728 seconds, Stopping threads took: 0.0000413 seconds
[2022-02-07T16:52:29.327+0000][50.353s][debug][safepoint     ] Safepoint synchronization initiated. (59 threads)
[2022-02-07T16:52:29.327+0000][50.353s][info ][safepoint     ] Application time: 1.0106448 seconds
[2022-02-07T16:52:29.334+0000][50.360s][debug][safepoint     ] ... found polling page return exception at pc = 0x00007f11b44ec063, stub =0x00007f11ac8beb80
[2022-02-07T16:52:29.335+0000][50.361s][debug][safepoint     ] Waiting for 1 thread(s) to block
[2022-02-07T16:52:29.335+0000][50.361s][info ][safepoint     ] Entering safepoint region: Cleanup
[2022-02-07T16:52:29.335+0000][50.361s][info ][safepoint     ] Leaving safepoint region
[2022-02-07T16:52:29.335+0000][50.361s][info ][safepoint     ] Total time for which application threads were stopped: 0.0081293 seconds, Stopping threads took: 0.0079641 seconds
[2022-02-07T16:52:30.339+0000][51.365s][debug][safepoint     ] Safepoint synchronization initiated. (59 threads)
[2022-02-07T16:52:30.339+0000][51.365s][info ][safepoint     ] Application time: 1.0039196 seconds
[2022-02-07T16:52:30.339+0000][51.365s][info ][safepoint     ] Entering safepoint region: Cleanup
[2022-02-07T16:52:30.340+0000][51.365s][info ][safepoint     ] Leaving safepoint region
[2022-02-07T16:52:30.340+0000][51.365s][info ][safepoint     ] Total time for which application threads were stopped: 0.0002275 seconds, Stopping threads took: 0.0000254 seconds
[2022-02-07T16:52:31.136+0000][52.162s][debug][safepoint     ] Safepoint synchronization initiated. (58 threads)
[2022-02-07T16:52:31.136+0000][52.162s][info ][safepoint     ] Application time: 0.7963188 seconds
[2022-02-07T16:52:31.136+0000][52.162s][info ][safepoint     ] Entering safepoint region: G1CollectForAllocation
[2022-02-07T16:52:31.136+0000][52.162s][info ][gc,start      ] GC(36) Pause Young (Normal) (G1 Evacuation Pause)
[2022-02-07T16:52:31.136+0000][52.162s][info ][gc,task       ] GC(36) Using 4 workers of 4 for evacuation
[2022-02-07T16:52:31.174+0000][52.200s][info ][gc,phases     ] GC(36)   Pre Evacuate Collection Set: 0.0ms
[2022-02-07T16:52:31.174+0000][52.200s][info ][gc,phases     ] GC(36)   Evacuate Collection Set: 32.9ms
[2022-02-07T16:52:31.174+0000][52.200s][info ][gc,phases     ] GC(36)   Post Evacuate Collection Set: 4.8ms
[2022-02-07T16:52:31.174+0000][52.200s][info ][gc,phases     ] GC(36)   Other: 0.2ms
[2022-02-07T16:52:31.174+0000][52.200s][info ][gc,heap       ] GC(36) Eden regions: 231->0(240)
[2022-02-07T16:52:31.174+0000][52.200s][info ][gc,heap       ] GC(36) Survivor regions: 17->15(31)
[2022-02-07T16:52:31.174+0000][52.200s][info ][gc,heap       ] GC(36) Old regions: 52->58
[2022-02-07T16:52:31.174+0000][52.200s][info ][gc,heap       ] GC(36) Humongous regions: 0->0
[2022-02-07T16:52:31.174+0000][52.200s][info ][gc,metaspace  ] GC(36) Metaspace: 104346K->104346K(1142784K)
[2022-02-07T16:52:31.174+0000][52.200s][info ][gc            ] GC(36) Pause Young (Normal) (G1 Evacuation Pause) 298M->71M(430M) 38.020ms
[2022-02-07T16:52:31.174+0000][52.200s][info ][gc,cpu        ] GC(36) User=0.07s Sys=0.00s Real=0.04s
[2022-02-07T16:52:31.174+0000][52.200s][info ][safepoint     ] Leaving safepoint region
[2022-02-07T16:52:31.174+0000][52.200s][info ][safepoint     ] Total time for which application threads were stopped: 0.0382073 seconds, Stopping threads took: 0.0000203 seconds
[2022-02-07T16:52:31.174+0000][52.200s][info ][gc,stringdedup] Concurrent String Deduplication (52.200s)
[2022-02-07T16:52:31.177+0000][52.203s][info ][gc,stringdedup] Concurrent String Deduplication 470.0K->186.0K(284.0K) avg 51.4% (52.200s, 52.203s) 2.634ms
[2022-02-07T16:52:32.175+0000][53.201s][debug][safepoint     ] Safepoint synchronization initiated. (60 threads)
[2022-02-07T16:52:32.175+0000][53.201s][info ][safepoint     ] Application time: 1.0011282 seconds
[2022-02-07T16:52:32.175+0000][53.201s][debug][safepoint     ] ... found polling page return exception at pc = 0x00007f11b4b675b3, stub =0x00007f11ac8beb80
[2022-02-07T16:52:32.175+0000][53.201s][debug][safepoint     ] Waiting for 1 thread(s) to block
[2022-02-07T16:52:32.175+0000][53.201s][info ][safepoint     ] Entering safepoint region: Cleanup
[2022-02-07T16:52:32.176+0000][53.201s][info ][safepoint     ] Leaving safepoint region
[2022-02-07T16:52:32.176+0000][53.201s][info ][safepoint     ] Total time for which application threads were stopped: 0.0002865 seconds, Stopping threads took: 0.0000757 seconds
[2022-02-07T16:52:33.054+0000][54.080s][debug][safepoint     ] Safepoint synchronization initiated. (61 threads)
[2022-02-07T16:52:33.054+0000][54.080s][info ][safepoint     ] Application time: 0.8783878 seconds
[2022-02-07T16:52:33.054+0000][54.080s][debug][safepoint     ] Waiting for 1 thread(s) to block
[2022-02-07T16:52:33.054+0000][54.080s][info ][safepoint     ] Entering safepoint region: Deoptimize
[2022-02-07T16:52:33.055+0000][54.081s][info ][safepoint     ] Leaving safepoint region
[2022-02-07T16:52:33.055+0000][54.081s][info ][safepoint     ] Total time for which application threads were stopped: 0.0011804 seconds, Stopping threads took: 0.0000400 seconds
[2022-02-07T16:52:33.277+0000][54.303s][debug][safepoint     ] Safepoint synchronization initiated. (61 threads)
[2022-02-07T16:52:33.277+0000][54.303s][info ][safepoint     ] Application time: 0.2217398 seconds
[2022-02-07T16:52:33.277+0000][54.303s][info ][safepoint     ] Entering safepoint region: Deoptimize
[2022-02-07T16:52:33.278+0000][54.304s][info ][safepoint     ] Leaving safepoint region
[2022-02-07T16:52:33.278+0000][54.304s][info ][safepoint     ] Total time for which application threads were stopped: 0.0012127 seconds, Stopping threads took: 0.0000231 seconds
[2022-02-07T16:52:33.340+0000][54.365s][debug][safepoint     ] Safepoint synchronization initiated. (61 threads)
[2022-02-07T16:52:33.340+0000][54.366s][info ][safepoint     ] Application time: 0.0614893 seconds
[2022-02-07T16:52:33.340+0000][54.366s][info ][safepoint     ] Entering safepoint region: Deoptimize
[2022-02-07T16:52:33.341+0000][54.367s][info ][safepoint     ] Leaving safepoint region
[2022-02-07T16:52:33.341+0000][54.367s][info ][safepoint     ] Total time for which application threads were stopped: 0.0011387 seconds, Stopping threads took: 0.0000215 seconds
[2022-02-07T16:52:33.392+0000][54.418s][debug][safepoint     ] Safepoint synchronization initiated. (61 threads)
[2022-02-07T16:52:33.392+0000][54.418s][info ][safepoint     ] Application time: 0.0508799 seconds
[2022-02-07T16:52:33.392+0000][54.418s][debug][safepoint     ] Waiting for 1 thread(s) to block
[2022-02-07T16:52:33.392+0000][54.418s][info ][safepoint     ] Entering safepoint region: Deoptimize
[2022-02-07T16:52:33.393+0000][54.419s][info ][safepoint     ] Leaving safepoint region
[2022-02-07T16:52:33.393+0000][54.419s][info ][safepoint     ] Total time for which application threads were stopped: 0.0010984 seconds, Stopping threads took: 0.0000531 seconds
[2022-02-07T16:52:34.393+0000][55.419s][debug][safepoint     ] Safepoint synchronization initiated. (62 threads)
[2022-02-07T16:52:34.393+0000][55.419s][info ][safepoint     ] Application time: 1.0002421 seconds
[2022-02-07T16:52:34.393+0000][55.419s][debug][safepoint     ] Waiting for 1 thread(s) to block
[2022-02-07T16:52:34.393+0000][55.419s][info ][safepoint     ] Entering safepoint region: Cleanup
[2022-02-07T16:52:34.393+0000][55.419s][info ][safepoint     ] Leaving safepoint region
[2022-02-07T16:52:34.393+0000][55.419s][info ][safepoint     ] Total time for which application threads were stopped: 0.0002600 seconds, Stopping threads took: 0.0000440 seconds
[2022-02-07T16:52:34.985+0000][56.011s][debug][safepoint     ] Safepoint synchronization initiated. (63 threads)
[2022-02-07T16:52:34.985+0000][56.011s][info ][safepoint     ] Application time: 0.5914336 seconds
[2022-02-07T16:52:34.985+0000][56.011s][info ][safepoint     ] Entering safepoint region: G1CollectForAllocation
[2022-02-07T16:52:34.985+0000][56.011s][info ][gc,start      ] GC(37) Pause Young (Normal) (G1 Evacuation Pause)
[2022-02-07T16:52:34.985+0000][56.011s][info ][gc,task       ] GC(37) Using 4 workers of 4 for evacuation
[2022-02-07T16:52:35.059+0000][56.085s][info ][gc,phases     ] GC(37)   Pre Evacuate Collection Set: 0.0ms
[2022-02-07T16:52:35.059+0000][56.085s][info ][gc,phases     ] GC(37)   Evacuate Collection Set: 66.2ms
[2022-02-07T16:52:35.059+0000][56.085s][info ][gc,phases     ] GC(37)   Post Evacuate Collection Set: 7.5ms
[2022-02-07T16:52:35.059+0000][56.085s][info ][gc,phases     ] GC(37)   Other: 0.2ms
[2022-02-07T16:52:35.059+0000][56.085s][info ][gc,heap       ] GC(37) Eden regions: 240->0(234)
[2022-02-07T16:52:35.059+0000][56.085s][info ][gc,heap       ] GC(37) Survivor regions: 15->24(32)
[2022-02-07T16:52:35.059+0000][56.085s][info ][gc,heap       ] GC(37) Old regions: 58->58
[2022-02-07T16:52:35.059+0000][56.085s][info ][gc,heap       ] GC(37) Humongous regions: 0->0
[2022-02-07T16:52:35.059+0000][56.085s][info ][gc,metaspace  ] GC(37) Metaspace: 114008K->114008K(1153024K)
[2022-02-07T16:52:35.059+0000][56.085s][info ][gc            ] GC(37) Pause Young (Normal) (G1 Evacuation Pause) 311M->80M(430M) 73.997ms
[2022-02-07T16:52:35.059+0000][56.085s][info ][gc,cpu        ] GC(37) User=0.09s Sys=0.01s Real=0.07s
[2022-02-07T16:52:35.059+0000][56.085s][info ][safepoint     ] Leaving safepoint region
[2022-02-07T16:52:35.059+0000][56.085s][info ][safepoint     ] Total time for which application threads were stopped: 0.0741997 seconds, Stopping threads took: 0.0000210 seconds
[2022-02-07T16:52:35.059+0000][56.085s][info ][gc,stringdedup] Concurrent String Deduplication (56.085s)
[2022-02-07T16:52:35.060+0000][56.086s][info ][gc,stringdedup] Concurrent String Deduplication 160.6K->59912.0B(102.1K) avg 51.6% (56.085s, 56.086s) 0.893ms
[2022-02-07T16:52:35.711+0000][56.737s][debug][safepoint     ] Safepoint synchronization initiated. (65 threads)
[2022-02-07T16:52:35.711+0000][56.737s][info ][safepoint     ] Application time: 0.6517489 seconds
[2022-02-07T16:52:35.711+0000][56.737s][info ][safepoint     ] Entering safepoint region: Deoptimize
[2022-02-07T16:52:35.712+0000][56.738s][info ][safepoint     ] Leaving safepoint region
[2022-02-07T16:52:35.712+0000][56.738s][info ][safepoint     ] Total time for which application threads were stopped: 0.0012157 seconds, Stopping threads took: 0.0000232 seconds
[2022-02-07T16:52:35.714+0000][56.740s][debug][safepoint     ] Safepoint synchronization initiated. (65 threads)
[2022-02-07T16:52:35.714+0000][56.740s][info ][safepoint     ] Application time: 0.0024093 seconds
[2022-02-07T16:52:35.714+0000][56.740s][info ][safepoint     ] Entering safepoint region: Deoptimize
[2022-02-07T16:52:35.715+0000][56.741s][info ][safepoint     ] Leaving safepoint region
[2022-02-07T16:52:35.716+0000][56.741s][info ][safepoint     ] Total time for which application threads were stopped: 0.0011257 seconds, Stopping threads took: 0.0000204 seconds
[2022-02-07T16:52:36.716+0000][57.741s][debug][safepoint     ] Safepoint synchronization initiated. (75 threads)
[2022-02-07T16:52:36.716+0000][57.741s][info ][safepoint     ] Application time: 1.0001118 seconds
[2022-02-07T16:52:36.716+0000][57.742s][debug][safepoint     ] Waiting for 2 thread(s) to block
[2022-02-07T16:52:36.716+0000][57.742s][info ][safepoint     ] Entering safepoint region: Cleanup
[2022-02-07T16:52:36.716+0000][57.742s][info ][safepoint     ] Leaving safepoint region
[2022-02-07T16:52:36.716+0000][57.742s][info ][safepoint     ] Total time for which application threads were stopped: 0.0004787 seconds, Stopping threads took: 0.0002177 seconds
[2022-02-07T16:52:36.932+0000][57.958s][debug][safepoint     ] Safepoint synchronization initiated. (75 threads)
[2022-02-07T16:52:36.932+0000][57.958s][info ][safepoint     ] Application time: 0.2159250 seconds
[2022-02-07T16:52:36.932+0000][57.958s][info ][safepoint     ] Entering safepoint region: Deoptimize
[2022-02-07T16:52:36.933+0000][57.959s][info ][safepoint     ] Leaving safepoint region
[2022-02-07T16:52:36.933+0000][57.959s][info ][safepoint     ] Total time for which application threads were stopped: 0.0012500 seconds, Stopping threads took: 0.0000225 seconds
[2022-02-07T16:52:36.975+0000][58.001s][debug][safepoint     ] Safepoint synchronization initiated. (75 threads)
[2022-02-07T16:52:36.975+0000][58.001s][info ][safepoint     ] Application time: 0.0417581 seconds
[2022-02-07T16:52:36.980+0000][58.006s][debug][safepoint     ] ... found polling page return exception at pc = 0x00007f11b4c9ccfe, stub =0x00007f11ac8beb80
[2022-02-07T16:52:36.980+0000][58.006s][debug][safepoint     ] ... found polling page return exception at pc = 0x00007f11ae9eabec, stub =0x00007f11ac8beb80
[2022-02-07T16:52:36.986+0000][58.012s][debug][safepoint     ] Waiting for 4 thread(s) to block
[2022-02-07T16:52:36.986+0000][58.012s][info ][safepoint     ] Entering safepoint region: Deoptimize
[2022-02-07T16:52:36.987+0000][58.013s][info ][safepoint     ] Leaving safepoint region
[2022-02-07T16:52:36.987+0000][58.013s][info ][safepoint     ] Total time for which application threads were stopped: 0.0121964 seconds, Stopping threads took: 0.0109663 seconds
[2022-02-07T16:52:37.987+0000][59.013s][debug][safepoint     ] Safepoint synchronization initiated. (99 threads)
[2022-02-07T16:52:37.988+0000][59.013s][info ][safepoint     ] Application time: 1.0002223 seconds
[2022-02-07T16:52:37.988+0000][59.013s][debug][safepoint     ] ... found polling page return exception at pc = 0x00007f11b45e8200, stub =0x00007f11ac8beb80
[2022-02-07T16:52:37.988+0000][59.013s][debug][safepoint     ] Waiting for 1 thread(s) to block
[2022-02-07T16:52:37.999+0000][59.025s][info ][safepoint     ] Entering safepoint region: Cleanup
[2022-02-07T16:52:38.000+0000][59.025s][info ][safepoint     ] Leaving safepoint region
[2022-02-07T16:52:38.000+0000][59.025s][info ][safepoint     ] Total time for which application threads were stopped: 0.0120368 seconds, Stopping threads took: 0.0118012 seconds
[2022-02-07T16:52:39.000+0000][60.026s][debug][safepoint     ] Safepoint synchronization initiated. (101 threads)
[2022-02-07T16:52:39.000+0000][60.026s][info ][safepoint     ] Application time: 1.0008682 seconds
[2022-02-07T16:52:39.000+0000][60.026s][debug][safepoint     ] Waiting for 2 thread(s) to block
[2022-02-07T16:52:39.006+0000][60.032s][info ][safepoint     ] Entering safepoint region: Cleanup
[2022-02-07T16:52:39.007+0000][60.032s][info ][safepoint     ] Leaving safepoint region
[2022-02-07T16:52:39.007+0000][60.032s][info ][safepoint     ] Total time for which application threads were stopped: 0.0060828 seconds, Stopping threads took: 0.0058421 seconds
[2022-02-07T16:52:39.543+0000][60.569s][debug][safepoint     ] Safepoint synchronization initiated. (101 threads)
[2022-02-07T16:52:39.543+0000][60.569s][info ][safepoint     ] Application time: 0.5367256 seconds
[2022-02-07T16:52:39.543+0000][60.569s][info ][safepoint     ] Entering safepoint region: G1CollectForAllocation
[2022-02-07T16:52:39.544+0000][60.569s][info ][gc,start      ] GC(38) Pause Young (Normal) (G1 Evacuation Pause)
[2022-02-07T16:52:39.544+0000][60.569s][info ][gc,task       ] GC(38) Using 4 workers of 4 for evacuation
[2022-02-07T16:52:39.660+0000][60.685s][info ][gc,phases     ] GC(38)   Pre Evacuate Collection Set: 0.0ms
[2022-02-07T16:52:39.660+0000][60.686s][info ][gc,phases     ] GC(38)   Evacuate Collection Set: 111.6ms
[2022-02-07T16:52:39.660+0000][60.686s][info ][gc,phases     ] GC(38)   Post Evacuate Collection Set: 4.3ms
[2022-02-07T16:52:39.660+0000][60.686s][info ][gc,phases     ] GC(38)   Other: 0.2ms
[2022-02-07T16:52:39.660+0000][60.686s][info ][gc,heap       ] GC(38) Eden regions: 234->0(237)
[2022-02-07T16:52:39.660+0000][60.686s][info ][gc,heap       ] GC(38) Survivor regions: 24->21(33)
[2022-02-07T16:52:39.660+0000][60.686s][info ][gc,heap       ] GC(38) Old regions: 58->67
[2022-02-07T16:52:39.660+0000][60.686s][info ][gc,heap       ] GC(38) Humongous regions: 0->0
[2022-02-07T16:52:39.660+0000][60.686s][info ][gc,metaspace  ] GC(38) Metaspace: 124100K->124100K(1161216K)
[2022-02-07T16:52:39.660+0000][60.686s][info ][gc            ] GC(38) Pause Young (Normal) (G1 Evacuation Pause) 314M->85M(430M) 116.223ms
[2022-02-07T16:52:39.660+0000][60.686s][info ][gc,cpu        ] GC(38) User=0.11s Sys=0.00s Real=0.12s
[2022-02-07T16:52:39.660+0000][60.686s][info ][safepoint     ] Leaving safepoint region
[2022-02-07T16:52:39.660+0000][60.686s][info ][safepoint     ] Total time for which application threads were stopped: 0.1165263 seconds, Stopping threads took: 0.0000283 seconds
[2022-02-07T16:52:39.663+0000][60.689s][info ][gc,stringdedup] Concurrent String Deduplication (60.689s)
[2022-02-07T16:52:39.669+0000][60.695s][debug][safepoint     ] Safepoint synchronization initiated. (101 threads)
[2022-02-07T16:52:39.669+0000][60.695s][info ][safepoint     ] Application time: 0.0094431 seconds
[2022-02-07T16:52:39.669+0000][60.695s][info ][safepoint     ] Entering safepoint region: Deoptimize
[2022-02-07T16:52:39.670+0000][60.696s][info ][safepoint     ] Leaving safepoint region
[2022-02-07T16:52:39.670+0000][60.696s][info ][safepoint     ] Total time for which application threads were stopped: 0.0011594 seconds, Stopping threads took: 0.0000288 seconds
[2022-02-07T16:52:39.671+0000][60.697s][info ][gc,stringdedup] Concurrent String Deduplication 287.4K->124.2K(163.2K) avg 51.7% (60.689s, 60.697s) 6.439ms
[2022-02-07T16:52:39.671+0000][60.697s][debug][safepoint     ] Safepoint synchronization initiated. (101 threads)
[2022-02-07T16:52:39.671+0000][60.697s][info ][safepoint     ] Application time: 0.0005015 seconds
[2022-02-07T16:52:39.671+0000][60.697s][info ][safepoint     ] Entering safepoint region: Deoptimize
[2022-02-07T16:52:39.672+0000][60.698s][info ][safepoint     ] Leaving safepoint region
[2022-02-07T16:52:39.672+0000][60.698s][info ][safepoint     ] Total time for which application threads were stopped: 0.0009517 seconds, Stopping threads took: 0.0000179 seconds
[2022-02-07T16:52:39.673+0000][60.699s][debug][safepoint     ] Safepoint synchronization initiated. (101 threads)
[2022-02-07T16:52:39.673+0000][60.699s][info ][safepoint     ] Application time: 0.0011001 seconds
[2022-02-07T16:52:39.673+0000][60.699s][info ][safepoint     ] Entering safepoint region: Deoptimize
[2022-02-07T16:52:39.674+0000][60.700s][info ][safepoint     ] Leaving safepoint region
[2022-02-07T16:52:39.674+0000][60.700s][info ][safepoint     ] Total time for which application threads were stopped: 0.0010261 seconds, Stopping threads took: 0.0000187 seconds
[2022-02-07T16:52:39.732+0000][60.758s][debug][safepoint     ] Safepoint synchronization initiated. (101 threads)
[2022-02-07T16:52:39.732+0000][60.758s][info ][safepoint     ] Application time: 0.0580461 seconds
[2022-02-07T16:52:39.732+0000][60.758s][debug][safepoint     ] Waiting for 1 thread(s) to block
[2022-02-07T16:52:39.733+0000][60.759s][info ][safepoint     ] Entering safepoint region: Deoptimize
[2022-02-07T16:52:39.735+0000][60.761s][info ][safepoint     ] Leaving safepoint region
[2022-02-07T16:52:39.735+0000][60.761s][info ][safepoint     ] Total time for which application threads were stopped: 0.0028265 seconds, Stopping threads took: 0.0014508 seconds
[2022-02-07T16:52:39.736+0000][60.762s][debug][safepoint     ] Safepoint synchronization initiated. (101 threads)
[2022-02-07T16:52:39.736+0000][60.762s][info ][safepoint     ] Application time: 0.0010661 seconds
[2022-02-07T16:52:39.736+0000][60.762s][debug][safepoint     ] Waiting for 1 thread(s) to block
[2022-02-07T16:52:39.738+0000][60.764s][info ][safepoint     ] Entering safepoint region: Deoptimize
[2022-02-07T16:52:39.740+0000][60.766s][info ][safepoint     ] Leaving safepoint region
[2022-02-07T16:52:39.740+0000][60.766s][info ][safepoint     ] Total time for which application threads were stopped: 0.0036919 seconds, Stopping threads took: 0.0021306 seconds
[2022-02-07T16:52:40.352+0000][61.378s][debug][safepoint     ] Safepoint synchronization initiated. (102 threads)
[2022-02-07T16:52:40.353+0000][61.378s][info ][safepoint     ] Application time: 0.6128242 seconds
[2022-02-07T16:52:40.353+0000][61.378s][debug][safepoint     ] Waiting for 1 thread(s) to block
[2022-02-07T16:52:40.353+0000][61.378s][info ][safepoint     ] Entering safepoint region: Deoptimize
[2022-02-07T16:52:40.354+0000][61.380s][info ][safepoint     ] Leaving safepoint region
[2022-02-07T16:52:40.354+0000][61.380s][info ][safepoint     ] Total time for which application threads were stopped: 0.0014452 seconds, Stopping threads took: 0.0000474 seconds
[2022-02-07T16:52:41.354+0000][62.380s][debug][safepoint     ] Safepoint synchronization initiated. (103 threads)
[2022-02-07T16:52:41.354+0000][62.380s][info ][safepoint     ] Application time: 1.0001840 seconds
[2022-02-07T16:52:41.360+0000][62.386s][debug][safepoint     ] ... found polling page loop exception at pc = 0x00007f11b4992a39, stub =0x00007f11ac8be900
[2022-02-07T16:52:41.361+0000][62.387s][debug][safepoint     ] Waiting for 1 thread(s) to block
[2022-02-07T16:52:41.361+0000][62.387s][info ][safepoint     ] Entering safepoint region: Cleanup
[2022-02-07T16:52:41.362+0000][62.387s][info ][safepoint     ] Leaving safepoint region
[2022-02-07T16:52:41.362+0000][62.388s][info ][safepoint     ] Total time for which application threads were stopped: 0.0074626 seconds, Stopping threads took: 0.0072585 seconds
[2022-02-07T16:52:41.879+0000][62.905s][debug][safepoint     ] Safepoint synchronization initiated. (105 threads)
[2022-02-07T16:52:41.879+0000][62.905s][info ][safepoint     ] Application time: 0.5176113 seconds
[2022-02-07T16:52:41.879+0000][62.905s][info ][safepoint     ] Entering safepoint region: Deoptimize
[2022-02-07T16:52:41.881+0000][62.906s][info ][safepoint     ] Leaving safepoint region
[2022-02-07T16:52:41.881+0000][62.906s][info ][safepoint     ] Total time for which application threads were stopped: 0.0012713 seconds, Stopping threads took: 0.0000277 seconds
[2022-02-07T16:52:42.227+0000][63.253s][debug][safepoint     ] Safepoint synchronization initiated. (105 threads)
[2022-02-07T16:52:42.227+0000][63.253s][info ][safepoint     ] Application time: 0.3466965 seconds
[2022-02-07T16:52:42.227+0000][63.253s][info ][safepoint     ] Entering safepoint region: G1CollectForAllocation
[2022-02-07T16:52:42.228+0000][63.253s][info ][gc,start      ] GC(39) Pause Young (Normal) (G1 Evacuation Pause)
[2022-02-07T16:52:42.228+0000][63.253s][info ][gc,task       ] GC(39) Using 4 workers of 4 for evacuation
[2022-02-07T16:52:42.323+0000][63.348s][info ][gc,phases     ] GC(39)   Pre Evacuate Collection Set: 0.0ms
[2022-02-07T16:52:42.323+0000][63.349s][info ][gc,phases     ] GC(39)   Evacuate Collection Set: 88.7ms
[2022-02-07T16:52:42.323+0000][63.349s][info ][gc,phases     ] GC(39)   Post Evacuate Collection Set: 6.2ms
[2022-02-07T16:52:42.323+0000][63.349s][info ][gc,phases     ] GC(39)   Other: 0.2ms
[2022-02-07T16:52:42.323+0000][63.349s][info ][gc,heap       ] GC(39) Eden regions: 237->0(237)
[2022-02-07T16:52:42.323+0000][63.349s][info ][gc,heap       ] GC(39) Survivor regions: 21->21(33)
[2022-02-07T16:52:42.323+0000][63.349s][info ][gc,heap       ] GC(39) Old regions: 67->71
[2022-02-07T16:52:42.323+0000][63.349s][info ][gc,heap       ] GC(39) Humongous regions: 0->0
[2022-02-07T16:52:42.323+0000][63.349s][info ][gc,metaspace  ] GC(39) Metaspace: 126916K->126916K(1163264K)
[2022-02-07T16:52:42.323+0000][63.349s][info ][gc            ] GC(39) Pause Young (Normal) (G1 Evacuation Pause) 322M->90M(430M) 95.246ms
[2022-02-07T16:52:42.323+0000][63.349s][info ][gc,cpu        ] GC(39) User=0.11s Sys=0.00s Real=0.09s
[2022-02-07T16:52:42.323+0000][63.349s][info ][safepoint     ] Leaving safepoint region
[2022-02-07T16:52:42.323+0000][63.349s][info ][safepoint     ] Total time for which application threads were stopped: 0.0955378 seconds, Stopping threads took: 0.0000306 seconds
[2022-02-07T16:52:42.327+0000][63.353s][info ][gc,stringdedup] Concurrent String Deduplication (63.353s)
[2022-02-07T16:52:42.338+0000][63.364s][info ][gc,stringdedup] Concurrent String Deduplication 795.8K->406.0K(389.8K) avg 51.5% (63.353s, 63.363s) 10.261ms
[2022-02-07T16:52:42.491+0000][63.517s][debug][safepoint     ] Safepoint synchronization initiated. (105 threads)
[2022-02-07T16:52:42.491+0000][63.517s][info ][safepoint     ] Application time: 0.1684583 seconds
[2022-02-07T16:52:42.491+0000][63.517s][info ][safepoint     ] Entering safepoint region: Deoptimize
[2022-02-07T16:52:42.493+0000][63.518s][info ][safepoint     ] Leaving safepoint region
[2022-02-07T16:52:42.493+0000][63.518s][info ][safepoint     ] Total time for which application threads were stopped: 0.0012755 seconds, Stopping threads took: 0.0000324 seconds
[2022-02-07T16:52:42.599+0000][63.625s][debug][safepoint     ] Safepoint synchronization initiated. (105 threads)
[2022-02-07T16:52:42.599+0000][63.625s][info ][safepoint     ] Application time: 0.1067202 seconds
[2022-02-07T16:52:42.599+0000][63.625s][info ][safepoint     ] Entering safepoint region: Deoptimize
[2022-02-07T16:52:42.601+0000][63.626s][info ][safepoint     ] Leaving safepoint region
[2022-02-07T16:52:42.601+0000][63.626s][info ][safepoint     ] Total time for which application threads were stopped: 0.0012523 seconds, Stopping threads took: 0.0000313 seconds
[2022-02-07T16:52:42.721+0000][63.747s][debug][safepoint     ] Safepoint synchronization initiated. (105 threads)
[2022-02-07T16:52:42.721+0000][63.747s][info ][safepoint     ] Application time: 0.1209002 seconds
[2022-02-07T16:52:42.721+0000][63.747s][info ][safepoint     ] Entering safepoint region: Deoptimize
[2022-02-07T16:52:42.723+0000][63.749s][info ][safepoint     ] Leaving safepoint region
[2022-02-07T16:52:42.723+0000][63.749s][info ][safepoint     ] Total time for which application threads were stopped: 0.0013682 seconds, Stopping threads took: 0.0000297 seconds
[2022-02-07T16:52:43.725+0000][64.751s][debug][safepoint     ] Safepoint synchronization initiated. (106 threads)
[2022-02-07T16:52:43.725+0000][64.751s][info ][safepoint     ] Application time: 1.0024682 seconds
[2022-02-07T16:52:43.725+0000][64.751s][debug][safepoint     ] Waiting for 1 thread(s) to block
[2022-02-07T16:52:43.725+0000][64.751s][info ][safepoint     ] Entering safepoint region: Cleanup
[2022-02-07T16:52:43.726+0000][64.751s][info ][safepoint     ] Leaving safepoint region
[2022-02-07T16:52:43.726+0000][64.751s][info ][safepoint     ] Total time for which application threads were stopped: 0.0002543 seconds, Stopping threads took: 0.0000621 seconds
[2022-02-07T16:52:44.067+0000][65.093s][debug][safepoint     ] Safepoint synchronization initiated. (113 threads)
[2022-02-07T16:52:44.067+0000][65.093s][info ][safepoint     ] Application time: 0.3416546 seconds
[2022-02-07T16:52:44.067+0000][65.093s][info ][safepoint     ] Entering safepoint region: Deoptimize
[2022-02-07T16:52:44.069+0000][65.094s][info ][safepoint     ] Leaving safepoint region
[2022-02-07T16:52:44.069+0000][65.094s][info ][safepoint     ] Total time for which application threads were stopped: 0.0013187 seconds, Stopping threads took: 0.0000325 seconds
[2022-02-07T16:52:45.071+0000][66.097s][debug][safepoint     ] Safepoint synchronization initiated. (114 threads)
[2022-02-07T16:52:45.071+0000][66.097s][info ][safepoint     ] Application time: 1.0025138 seconds
[2022-02-07T16:52:45.075+0000][66.101s][debug][safepoint     ] ... found polling page return exception at pc = 0x00007f11b46e07ef, stub =0x00007f11ac8beb80
[2022-02-07T16:52:45.079+0000][66.105s][debug][safepoint     ] Waiting for 1 thread(s) to block
[2022-02-07T16:52:45.086+0000][66.112s][info ][safepoint     ] Entering safepoint region: Cleanup
[2022-02-07T16:52:45.086+0000][66.112s][info ][safepoint     ] Leaving safepoint region
[2022-02-07T16:52:45.086+0000][66.112s][info ][safepoint     ] Total time for which application threads were stopped: 0.0148133 seconds, Stopping threads took: 0.0146397 seconds
[2022-02-07T16:52:45.444+0000][66.470s][debug][safepoint     ] Safepoint synchronization initiated. (114 threads)
[2022-02-07T16:52:45.444+0000][66.470s][info ][safepoint     ] Application time: 0.3577936 seconds
[2022-02-07T16:52:45.444+0000][66.470s][info ][safepoint     ] Entering safepoint region: G1CollectForAllocation
[2022-02-07T16:52:45.444+0000][66.470s][info ][gc,start      ] GC(40) Pause Young (Normal) (G1 Evacuation Pause)
[2022-02-07T16:52:45.444+0000][66.470s][info ][gc,task       ] GC(40) Using 4 workers of 4 for evacuation
[2022-02-07T16:52:45.546+0000][66.572s][info ][gc,phases     ] GC(40)   Pre Evacuate Collection Set: 0.0ms
[2022-02-07T16:52:45.546+0000][66.572s][info ][gc,phases     ] GC(40)   Evacuate Collection Set: 84.9ms
[2022-02-07T16:52:45.546+0000][66.572s][info ][gc,phases     ] GC(40)   Post Evacuate Collection Set: 17.3ms
[2022-02-07T16:52:45.546+0000][66.572s][info ][gc,phases     ] GC(40)   Other: 0.2ms
[2022-02-07T16:52:45.546+0000][66.572s][info ][gc,heap       ] GC(40) Eden regions: 237->0(242)
[2022-02-07T16:52:45.546+0000][66.572s][info ][gc,heap       ] GC(40) Survivor regions: 21->16(33)
[2022-02-07T16:52:45.546+0000][66.572s][info ][gc,heap       ] GC(40) Old regions: 71->81
[2022-02-07T16:52:45.546+0000][66.572s][info ][gc,heap       ] GC(40) Humongous regions: 0->0
[2022-02-07T16:52:45.546+0000][66.572s][info ][gc,metaspace  ] GC(40) Metaspace: 132105K->132105K(1167360K)
[2022-02-07T16:52:45.547+0000][66.572s][info ][gc            ] GC(40) Pause Young (Normal) (G1 Evacuation Pause) 327M->95M(430M) 102.574ms
[2022-02-07T16:52:45.547+0000][66.572s][info ][gc,cpu        ] GC(40) User=0.12s Sys=0.00s Real=0.10s
[2022-02-07T16:52:45.547+0000][66.572s][info ][safepoint     ] Leaving safepoint region
[2022-02-07T16:52:45.547+0000][66.572s][info ][safepoint     ] Total time for which application threads were stopped: 0.1028285 seconds, Stopping threads took: 0.0000337 seconds
[2022-02-07T16:52:45.549+0000][66.575s][info ][gc,stringdedup] Concurrent String Deduplication (66.575s)
[2022-02-07T16:52:45.552+0000][66.578s][info ][gc,stringdedup] Concurrent String Deduplication 521.1K->186.5K(334.6K) avg 52.0% (66.575s, 66.578s) 3.440ms
[2022-02-07T16:52:46.020+0000][67.045s][debug][safepoint     ] Safepoint synchronization initiated. (116 threads)
[2022-02-07T16:52:46.020+0000][67.046s][info ][safepoint     ] Application time: 0.4730743 seconds
[2022-02-07T16:52:46.030+0000][67.056s][debug][safepoint     ] Waiting for 1 thread(s) to block
[2022-02-07T16:52:46.030+0000][67.056s][info ][safepoint     ] Entering safepoint region: Deoptimize
[2022-02-07T16:52:46.031+0000][67.057s][info ][safepoint     ] Leaving safepoint region
[2022-02-07T16:52:46.031+0000][67.057s][info ][safepoint     ] Total time for which application threads were stopped: 0.0117139 seconds, Stopping threads took: 0.0104275 seconds
[2022-02-07T16:52:47.032+0000][68.057s][debug][safepoint     ] Safepoint synchronization initiated. (129 threads)
[2022-02-07T16:52:47.032+0000][68.058s][info ][safepoint     ] Application time: 1.0002680 seconds
[2022-02-07T16:52:47.032+0000][68.058s][debug][safepoint     ] Waiting for 1 thread(s) to block
[2022-02-07T16:52:47.035+0000][68.061s][info ][safepoint     ] Entering safepoint region: Cleanup
[2022-02-07T16:52:47.039+0000][68.065s][info ][safepoint     ] Leaving safepoint region
[2022-02-07T16:52:47.039+0000][68.065s][info ][safepoint     ] Total time for which application threads were stopped: 0.0076210 seconds, Stopping threads took: 0.0036118 seconds
[2022-02-07T16:52:48.039+0000][69.065s][debug][safepoint     ] Safepoint synchronization initiated. (129 threads)
[2022-02-07T16:52:48.039+0000][69.065s][info ][safepoint     ] Application time: 1.0001306 seconds
[2022-02-07T16:52:48.047+0000][69.073s][debug][safepoint     ] ... found polling page return exception at pc = 0x00007f11ad577fcd, stub =0x00007f11ac8beb80
[2022-02-07T16:52:48.047+0000][69.073s][debug][safepoint     ] Waiting for 1 thread(s) to block
[2022-02-07T16:52:48.050+0000][69.076s][info ][safepoint     ] Entering safepoint region: Cleanup
[2022-02-07T16:52:48.051+0000][69.076s][info ][safepoint     ] Leaving safepoint region
[2022-02-07T16:52:48.051+0000][69.076s][info ][safepoint     ] Total time for which application threads were stopped: 0.0111441 seconds, Stopping threads took: 0.0109237 seconds
[2022-02-07T16:52:48.211+0000][69.237s][debug][safepoint     ] Safepoint synchronization initiated. (129 threads)
[2022-02-07T16:52:48.211+0000][69.237s][info ][safepoint     ] Application time: 0.1607853 seconds
[2022-02-07T16:52:48.211+0000][69.237s][info ][safepoint     ] Entering safepoint region: ICBufferFull
[2022-02-07T16:52:48.212+0000][69.238s][info ][safepoint     ] Leaving safepoint region
[2022-02-07T16:52:48.212+0000][69.238s][info ][safepoint     ] Total time for which application threads were stopped: 0.0003471 seconds, Stopping threads took: 0.0000364 seconds
[2022-02-07T16:52:49.079+0000][70.105s][debug][safepoint     ] Safepoint synchronization initiated. (134 threads)
[2022-02-07T16:52:49.079+0000][70.105s][info ][safepoint     ] Application time: 0.8672011 seconds
[2022-02-07T16:52:49.087+0000][70.113s][debug][safepoint     ] Waiting for 1 thread(s) to block
[2022-02-07T16:52:49.087+0000][70.113s][info ][safepoint     ] Entering safepoint region: Deoptimize
[2022-02-07T16:52:49.088+0000][70.114s][info ][safepoint     ] Leaving safepoint region
[2022-02-07T16:52:49.088+0000][70.114s][info ][safepoint     ] Total time for which application threads were stopped: 0.0093681 seconds, Stopping threads took: 0.0078713 seconds
[2022-02-07T16:52:49.462+0000][70.488s][debug][safepoint     ] Safepoint synchronization initiated. (134 threads)
[2022-02-07T16:52:49.462+0000][70.488s][info ][safepoint     ] Application time: 0.3734500 seconds
[2022-02-07T16:52:49.462+0000][70.488s][info ][safepoint     ] Entering safepoint region: ICBufferFull
[2022-02-07T16:52:49.462+0000][70.488s][info ][safepoint     ] Leaving safepoint region
[2022-02-07T16:52:49.462+0000][70.488s][info ][safepoint     ] Total time for which application threads were stopped: 0.0002190 seconds, Stopping threads took: 0.0000366 seconds
[2022-02-07T16:52:49.642+0000][70.668s][debug][safepoint     ] Safepoint synchronization initiated. (134 threads)
[2022-02-07T16:52:49.642+0000][70.668s][info ][safepoint     ] Application time: 0.1803877 seconds
[2022-02-07T16:52:49.642+0000][70.668s][debug][safepoint     ] Waiting for 1 thread(s) to block
[2022-02-07T16:52:49.644+0000][70.670s][info ][safepoint     ] Entering safepoint region: G1CollectForAllocation
[2022-02-07T16:52:49.644+0000][70.670s][info ][gc,start      ] GC(41) Pause Young (Normal) (G1 Evacuation Pause)
[2022-02-07T16:52:49.644+0000][70.670s][info ][gc,task       ] GC(41) Using 4 workers of 4 for evacuation
[2022-02-07T16:52:49.756+0000][70.782s][info ][gc,phases     ] GC(41)   Pre Evacuate Collection Set: 0.0ms
[2022-02-07T16:52:49.756+0000][70.782s][info ][gc,phases     ] GC(41)   Evacuate Collection Set: 103.2ms
[2022-02-07T16:52:49.756+0000][70.782s][info ][gc,phases     ] GC(41)   Post Evacuate Collection Set: 8.3ms
[2022-02-07T16:52:49.756+0000][70.782s][info ][gc,phases     ] GC(41)   Other: 0.2ms
[2022-02-07T16:52:49.756+0000][70.782s][info ][gc,heap       ] GC(41) Eden regions: 242->0(234)
[2022-02-07T16:52:49.756+0000][70.782s][info ][gc,heap       ] GC(41) Survivor regions: 16->24(33)
[2022-02-07T16:52:49.756+0000][70.782s][info ][gc,heap       ] GC(41) Old regions: 81->81
[2022-02-07T16:52:49.756+0000][70.782s][info ][gc,heap       ] GC(41) Humongous regions: 0->0
[2022-02-07T16:52:49.756+0000][70.782s][info ][gc,metaspace  ] GC(41) Metaspace: 135511K->135511K(1171456K)
[2022-02-07T16:52:49.756+0000][70.782s][info ][gc            ] GC(41) Pause Young (Normal) (G1 Evacuation Pause) 337M->102M(430M) 111.875ms
[2022-02-07T16:52:49.756+0000][70.782s][info ][gc,cpu        ] GC(41) User=0.09s Sys=0.00s Real=0.11s
[2022-02-07T16:52:49.756+0000][70.782s][info ][safepoint     ] Leaving safepoint region
[2022-02-07T16:52:49.756+0000][70.782s][info ][safepoint     ] Total time for which application threads were stopped: 0.1134318 seconds, Stopping threads took: 0.0013153 seconds
[2022-02-07T16:52:49.758+0000][70.784s][info ][gc,stringdedup] Concurrent String Deduplication (70.784s)
[2022-02-07T16:52:49.760+0000][70.786s][info ][gc,stringdedup] Concurrent String Deduplication 296.3K->156.4K(139.9K) avg 51.9% (70.784s, 70.786s) 1.855ms
[2022-02-07T16:52:50.767+0000][71.793s][debug][safepoint     ] Safepoint synchronization initiated. (134 threads)
[2022-02-07T16:52:50.767+0000][71.793s][info ][safepoint     ] Application time: 1.0114115 seconds
[2022-02-07T16:52:50.767+0000][71.793s][debug][safepoint     ] Waiting for 1 thread(s) to block
[2022-02-07T16:52:50.771+0000][71.797s][info ][safepoint     ] Entering safepoint region: Cleanup
[2022-02-07T16:52:50.771+0000][71.797s][info ][safepoint     ] Leaving safepoint region
[2022-02-07T16:52:50.771+0000][71.797s][info ][safepoint     ] Total time for which application threads were stopped: 0.0041889 seconds, Stopping threads took: 0.0039849 seconds
[2022-02-07T16:52:51.779+0000][72.805s][debug][safepoint     ] Safepoint synchronization initiated. (134 threads)
[2022-02-07T16:52:51.779+0000][72.805s][info ][safepoint     ] Application time: 1.0077741 seconds
[2022-02-07T16:52:51.779+0000][72.805s][debug][safepoint     ] Waiting for 2 thread(s) to block
[2022-02-07T16:52:51.779+0000][72.805s][info ][safepoint     ] Entering safepoint region: Cleanup
[2022-02-07T16:52:51.780+0000][72.805s][info ][safepoint     ] Leaving safepoint region
[2022-02-07T16:52:51.780+0000][72.805s][info ][safepoint     ] Total time for which application threads were stopped: 0.0003372 seconds, Stopping threads took: 0.0000654 seconds
[2022-02-07T16:52:52.178+0000][73.204s][debug][safepoint     ] Safepoint synchronization initiated. (134 threads)
[2022-02-07T16:52:52.178+0000][73.204s][info ][safepoint     ] Application time: 0.3984913 seconds
[2022-02-07T16:52:52.178+0000][73.204s][info ][safepoint     ] Entering safepoint region: G1CollectForAllocation
[2022-02-07T16:52:52.178+0000][73.204s][info ][gc,start      ] GC(42) Pause Young (Normal) (G1 Evacuation Pause)
[2022-02-07T16:52:52.178+0000][73.204s][info ][gc,task       ] GC(42) Using 4 workers of 4 for evacuation
[2022-02-07T16:52:52.244+0000][73.269s][info ][gc,phases     ] GC(42)   Pre Evacuate Collection Set: 0.0ms
[2022-02-07T16:52:52.244+0000][73.269s][info ][gc,phases     ] GC(42)   Evacuate Collection Set: 57.8ms
[2022-02-07T16:52:52.244+0000][73.269s][info ][gc,phases     ] GC(42)   Post Evacuate Collection Set: 7.2ms
[2022-02-07T16:52:52.244+0000][73.269s][info ][gc,phases     ] GC(42)   Other: 0.2ms
[2022-02-07T16:52:52.244+0000][73.269s][info ][gc,heap       ] GC(42) Eden regions: 234->0(241)
[2022-02-07T16:52:52.244+0000][73.269s][info ][gc,heap       ] GC(42) Survivor regions: 24->17(33)
[2022-02-07T16:52:52.244+0000][73.269s][info ][gc,heap       ] GC(42) Old regions: 81->91
[2022-02-07T16:52:52.244+0000][73.270s][info ][gc,heap       ] GC(42) Humongous regions: 0->0
[2022-02-07T16:52:52.244+0000][73.270s][info ][gc,metaspace  ] GC(42) Metaspace: 136267K->136267K(1171456K)
[2022-02-07T16:52:52.244+0000][73.270s][info ][gc            ] GC(42) Pause Young (Normal) (G1 Evacuation Pause) 336M->106M(430M) 65.287ms
[2022-02-07T16:52:52.244+0000][73.270s][info ][gc,cpu        ] GC(42) User=0.11s Sys=0.00s Real=0.07s
[2022-02-07T16:52:52.244+0000][73.270s][info ][safepoint     ] Leaving safepoint region
[2022-02-07T16:52:52.244+0000][73.270s][info ][safepoint     ] Total time for which application threads were stopped: 0.0656261 seconds, Stopping threads took: 0.0000391 seconds
[2022-02-07T16:52:52.244+0000][73.270s][info ][gc,stringdedup] Concurrent String Deduplication (73.270s)
[2022-02-07T16:52:52.246+0000][73.272s][info ][gc,stringdedup] Concurrent String Deduplication 410.7K->171.3K(239.3K) avg 52.1% (73.270s, 73.272s) 2.554ms
[2022-02-07T16:52:53.247+0000][74.273s][debug][safepoint     ] Safepoint synchronization initiated. (134 threads)
[2022-02-07T16:52:53.247+0000][74.273s][info ][safepoint     ] Application time: 1.0035108 seconds
[2022-02-07T16:52:53.247+0000][74.273s][debug][safepoint     ] Waiting for 1 thread(s) to block
[2022-02-07T16:52:53.251+0000][74.277s][info ][safepoint     ] Entering safepoint region: Cleanup
[2022-02-07T16:52:53.252+0000][74.277s][info ][safepoint     ] Leaving safepoint region
[2022-02-07T16:52:53.252+0000][74.277s][info ][safepoint     ] Total time for which application threads were stopped: 0.0043181 seconds, Stopping threads took: 0.0039961 seconds
[2022-02-07T16:52:53.811+0000][74.837s][debug][safepoint     ] Safepoint synchronization initiated. (134 threads)
[2022-02-07T16:52:53.811+0000][74.837s][info ][safepoint     ] Application time: 0.5596692 seconds
[2022-02-07T16:52:53.811+0000][74.837s][debug][safepoint     ] Waiting for 1 thread(s) to block
[2022-02-07T16:52:53.815+0000][74.841s][info ][safepoint     ] Entering safepoint region: G1CollectForAllocation
[2022-02-07T16:52:53.815+0000][74.841s][info ][gc,start      ] GC(43) Pause Young (Normal) (G1 Evacuation Pause)
[2022-02-07T16:52:53.815+0000][74.841s][info ][gc,task       ] GC(43) Using 4 workers of 4 for evacuation
[2022-02-07T16:52:53.880+0000][74.906s][info ][gc,phases     ] GC(43)   Pre Evacuate Collection Set: 0.0ms
[2022-02-07T16:52:53.880+0000][74.906s][info ][gc,phases     ] GC(43)   Evacuate Collection Set: 55.7ms
[2022-02-07T16:52:53.880+0000][74.906s][info ][gc,phases     ] GC(43)   Post Evacuate Collection Set: 8.3ms
[2022-02-07T16:52:53.880+0000][74.906s][info ][gc,phases     ] GC(43)   Other: 0.2ms
[2022-02-07T16:52:53.880+0000][74.906s][info ][gc,heap       ] GC(43) Eden regions: 241->0(237)
[2022-02-07T16:52:53.880+0000][74.906s][info ][gc,heap       ] GC(43) Survivor regions: 17->21(33)
[2022-02-07T16:52:53.880+0000][74.906s][info ][gc,heap       ] GC(43) Old regions: 91->91
[2022-02-07T16:52:53.880+0000][74.906s][info ][gc,heap       ] GC(43) Humongous regions: 0->0
[2022-02-07T16:52:53.880+0000][74.906s][info ][gc,metaspace  ] GC(43) Metaspace: 136520K->136520K(1171456K)
[2022-02-07T16:52:53.880+0000][74.906s][info ][gc            ] GC(43) Pause Young (Normal) (G1 Evacuation Pause) 347M->109M(430M) 64.341ms
[2022-02-07T16:52:53.880+0000][74.906s][info ][gc,cpu        ] GC(43) User=0.10s Sys=0.00s Real=0.07s
[2022-02-07T16:52:53.880+0000][74.906s][info ][safepoint     ] Leaving safepoint region
[2022-02-07T16:52:53.880+0000][74.906s][info ][safepoint     ] Total time for which application threads were stopped: 0.0685827 seconds, Stopping threads took: 0.0039869 seconds
[2022-02-07T16:52:53.883+0000][74.909s][info ][gc,stringdedup] Concurrent String Deduplication (74.909s)
[2022-02-07T16:52:53.886+0000][74.912s][info ][gc,stringdedup] Concurrent String Deduplication 671.0K->209.2K(461.8K) avg 52.9% (74.909s, 74.912s) 3.118ms
[2022-02-07T16:52:54.883+0000][75.909s][debug][safepoint     ] Safepoint synchronization initiated. (135 threads)
[2022-02-07T16:52:54.883+0000][75.909s][info ][safepoint     ] Application time: 1.0034181 seconds
[2022-02-07T16:52:54.883+0000][75.909s][debug][safepoint     ] ... found polling page return exception at pc = 0x00007f11b48cc826, stub =0x00007f11ac8beb80
[2022-02-07T16:52:54.883+0000][75.909s][debug][safepoint     ] Waiting for 1 thread(s) to block
[2022-02-07T16:52:54.891+0000][75.917s][info ][safepoint     ] Entering safepoint region: Cleanup
[2022-02-07T16:52:54.891+0000][75.917s][info ][safepoint     ] Leaving safepoint region
[2022-02-07T16:52:54.891+0000][75.917s][info ][safepoint     ] Total time for which application threads were stopped: 0.0076297 seconds, Stopping threads took: 0.0073989 seconds
[2022-02-07T16:52:55.663+0000][76.689s][debug][safepoint     ] Safepoint synchronization initiated. (135 threads)
[2022-02-07T16:52:55.663+0000][76.689s][info ][safepoint     ] Application time: 0.7723580 seconds
[2022-02-07T16:52:55.663+0000][76.689s][info ][safepoint     ] Entering safepoint region: G1CollectForAllocation
[2022-02-07T16:52:55.664+0000][76.689s][info ][gc,start      ] GC(44) Pause Young (Normal) (G1 Evacuation Pause)
[2022-02-07T16:52:55.664+0000][76.689s][info ][gc,task       ] GC(44) Using 4 workers of 4 for evacuation
[2022-02-07T16:52:55.722+0000][76.748s][info ][gc,phases     ] GC(44)   Pre Evacuate Collection Set: 0.0ms
[2022-02-07T16:52:55.722+0000][76.748s][info ][gc,phases     ] GC(44)   Evacuate Collection Set: 52.7ms
[2022-02-07T16:52:55.722+0000][76.748s][info ][gc,phases     ] GC(44)   Post Evacuate Collection Set: 5.4ms
[2022-02-07T16:52:55.722+0000][76.748s][info ][gc,phases     ] GC(44)   Other: 0.2ms
[2022-02-07T16:52:55.722+0000][76.748s][info ][gc,heap       ] GC(44) Eden regions: 237->0(240)
[2022-02-07T16:52:55.722+0000][76.748s][info ][gc,heap       ] GC(44) Survivor regions: 21->18(33)
[2022-02-07T16:52:55.722+0000][76.748s][info ][gc,heap       ] GC(44) Old regions: 91->95
[2022-02-07T16:52:55.722+0000][76.748s][info ][gc,heap       ] GC(44) Humongous regions: 0->0
[2022-02-07T16:52:55.722+0000][76.748s][info ][gc,metaspace  ] GC(44) Metaspace: 136629K->136629K(1171456K)
[2022-02-07T16:52:55.722+0000][76.748s][info ][gc            ] GC(44) Pause Young (Normal) (G1 Evacuation Pause) 346M->111M(430M) 58.442ms
[2022-02-07T16:52:55.722+0000][76.748s][info ][gc,cpu        ] GC(44) User=0.10s Sys=0.00s Real=0.06s
[2022-02-07T16:52:55.722+0000][76.748s][info ][safepoint     ] Leaving safepoint region
[2022-02-07T16:52:55.722+0000][76.748s][info ][safepoint     ] Total time for which application threads were stopped: 0.0588345 seconds, Stopping threads took: 0.0000406 seconds
[2022-02-07T16:52:55.722+0000][76.748s][info ][gc,stringdedup] Concurrent String Deduplication (76.748s)
[2022-02-07T16:52:55.724+0000][76.750s][info ][gc,stringdedup] Concurrent String Deduplication 474.3K->170.7K(303.6K) avg 53.2% (76.748s, 76.750s) 2.118ms
[2022-02-07T16:52:56.723+0000][77.749s][debug][safepoint     ] Safepoint synchronization initiated. (139 threads)
[2022-02-07T16:52:56.723+0000][77.749s][info ][safepoint     ] Application time: 1.0011324 seconds
[2022-02-07T16:52:56.726+0000][77.752s][debug][safepoint     ] ... found polling page loop exception at pc = 0x00007f11b47363ab, stub =0x00007f11ac8be900
[2022-02-07T16:52:56.726+0000][77.752s][debug][safepoint     ] Waiting for 1 thread(s) to block
[2022-02-07T16:52:56.727+0000][77.753s][info ][safepoint     ] Entering safepoint region: Cleanup
[2022-02-07T16:52:56.727+0000][77.753s][info ][safepoint     ] Leaving safepoint region
[2022-02-07T16:52:56.727+0000][77.753s][info ][safepoint     ] Total time for which application threads were stopped: 0.0042133 seconds, Stopping threads took: 0.0039554 seconds
[2022-02-07T16:52:57.027+0000][78.053s][debug][safepoint     ] Safepoint synchronization initiated. (140 threads)
[2022-02-07T16:52:57.027+0000][78.053s][info ][safepoint     ] Application time: 0.2997509 seconds
[2022-02-07T16:52:57.027+0000][78.053s][info ][safepoint     ] Entering safepoint region: Deoptimize
[2022-02-07T16:52:57.029+0000][78.055s][info ][safepoint     ] Leaving safepoint region
[2022-02-07T16:52:57.029+0000][78.055s][info ][safepoint     ] Total time for which application threads were stopped: 0.0014157 seconds, Stopping threads took: 0.0000395 seconds
[2022-02-07T16:52:57.631+0000][78.657s][debug][safepoint     ] Safepoint synchronization initiated. (143 threads)
[2022-02-07T16:52:57.631+0000][78.657s][info ][safepoint     ] Application time: 0.6025900 seconds
[2022-02-07T16:52:57.631+0000][78.657s][debug][safepoint     ] Waiting for 2 thread(s) to block
[2022-02-07T16:52:57.639+0000][78.665s][info ][safepoint     ] Entering safepoint region: Deoptimize
[2022-02-07T16:52:57.640+0000][78.666s][info ][safepoint     ] Leaving safepoint region
[2022-02-07T16:52:57.640+0000][78.666s][info ][safepoint     ] Total time for which application threads were stopped: 0.0090533 seconds, Stopping threads took: 0.0074962 seconds
[2022-02-07T16:52:58.278+0000][79.304s][debug][safepoint     ] Safepoint synchronization initiated. (182 threads)
[2022-02-07T16:52:58.279+0000][79.305s][info ][safepoint     ] Application time: 0.6388819 seconds
[2022-02-07T16:52:58.289+0000][79.315s][debug][safepoint     ] Waiting for 1 thread(s) to block
[2022-02-07T16:52:58.296+0000][79.322s][info ][safepoint     ] Entering safepoint region: ICBufferFull
[2022-02-07T16:52:58.306+0000][79.332s][info ][safepoint     ] Leaving safepoint region
[2022-02-07T16:52:58.306+0000][79.332s][info ][safepoint     ] Total time for which application threads were stopped: 0.0261477 seconds, Stopping threads took: 0.0162699 seconds
[2022-02-07T16:52:58.696+0000][79.722s][debug][safepoint     ] Safepoint synchronization initiated. (206 threads)
[2022-02-07T16:52:58.697+0000][79.723s][info ][safepoint     ] Application time: 0.3907702 seconds
[2022-02-07T16:52:58.724+0000][79.750s][info ][safepoint     ] Entering safepoint region: G1CollectForAllocation
[2022-02-07T16:52:58.727+0000][79.753s][info ][gc,start      ] GC(45) Pause Young (Normal) (G1 Evacuation Pause)
[2022-02-07T16:52:58.727+0000][79.753s][info ][gc,task       ] GC(45) Using 4 workers of 4 for evacuation
[2022-02-07T16:52:58.819+0000][79.845s][info ][gc,phases     ] GC(45)   Pre Evacuate Collection Set: 0.0ms
[2022-02-07T16:52:58.819+0000][79.845s][info ][gc,phases     ] GC(45)   Evacuate Collection Set: 83.7ms
[2022-02-07T16:52:58.819+0000][79.845s][info ][gc,phases     ] GC(45)   Post Evacuate Collection Set: 7.9ms
[2022-02-07T16:52:58.819+0000][79.845s][info ][gc,phases     ] GC(45)   Other: 0.3ms
[2022-02-07T16:52:58.819+0000][79.845s][info ][gc,heap       ] GC(45) Eden regions: 240->0(240)
[2022-02-07T16:52:58.819+0000][79.845s][info ][gc,heap       ] GC(45) Survivor regions: 18->18(33)
[2022-02-07T16:52:58.819+0000][79.845s][info ][gc,heap       ] GC(45) Old regions: 95->103
[2022-02-07T16:52:58.819+0000][79.845s][info ][gc,heap       ] GC(45) Humongous regions: 0->0
[2022-02-07T16:52:58.819+0000][79.845s][info ][gc,metaspace  ] GC(45) Metaspace: 140138K->140138K(1175552K)
[2022-02-07T16:52:58.819+0000][79.845s][info ][gc            ] GC(45) Pause Young (Normal) (G1 Evacuation Pause) 351M->119M(430M) 92.074ms
[2022-02-07T16:52:58.819+0000][79.845s][info ][gc,cpu        ] GC(45) User=0.14s Sys=0.00s Real=0.09s
[2022-02-07T16:52:58.819+0000][79.845s][info ][safepoint     ] Leaving safepoint region
[2022-02-07T16:52:58.819+0000][79.845s][info ][safepoint     ] Total time for which application threads were stopped: 0.1225918 seconds, Stopping threads took: 0.0272076 seconds
[2022-02-07T16:52:58.823+0000][79.849s][info ][gc,stringdedup] Concurrent String Deduplication (79.849s)
[2022-02-07T16:52:58.825+0000][79.851s][info ][gc,stringdedup] Concurrent String Deduplication 344.3K->124.4K(220.0K) avg 53.5% (79.849s, 79.851s) 1.842ms
[2022-02-07T16:52:58.927+0000][79.953s][debug][safepoint     ] Safepoint synchronization initiated. (209 threads)
[2022-02-07T16:52:58.927+0000][79.953s][info ][safepoint     ] Application time: 0.1072695 seconds
[2022-02-07T16:52:58.930+0000][79.955s][debug][safepoint     ] ... found polling page return exception at pc = 0x00007f11b4e0e51e, stub =0x00007f11ac8beb80
[2022-02-07T16:52:58.931+0000][79.957s][debug][safepoint     ] Waiting for 3 thread(s) to block
[2022-02-07T16:52:58.944+0000][79.969s][info ][safepoint     ] Entering safepoint region: Deoptimize
[2022-02-07T16:52:58.946+0000][79.972s][info ][safepoint     ] Leaving safepoint region
[2022-02-07T16:52:58.946+0000][79.972s][info ][safepoint     ] Total time for which application threads were stopped: 0.0191341 seconds, Stopping threads took: 0.0168517 seconds
[2022-02-07T16:52:59.955+0000][80.981s][debug][safepoint     ] Safepoint synchronization initiated. (238 threads)
[2022-02-07T16:52:59.955+0000][80.981s][info ][safepoint     ] Application time: 1.0093513 seconds
[2022-02-07T16:52:59.955+0000][80.981s][debug][safepoint     ] ... found polling page return exception at pc = 0x00007f11b4439c45, stub =0x00007f11ac8beb80
[2022-02-07T16:52:59.956+0000][80.982s][debug][safepoint     ] Waiting for 4 thread(s) to block
[2022-02-07T16:52:59.957+0000][80.983s][info ][safepoint     ] Entering safepoint region: Cleanup
[2022-02-07T16:52:59.957+0000][80.983s][info ][safepoint     ] Leaving safepoint region
[2022-02-07T16:52:59.957+0000][80.983s][info ][safepoint     ] Total time for which application threads were stopped: 0.0019744 seconds, Stopping threads took: 0.0015248 seconds
[2022-02-07T16:53:00.259+0000][81.285s][debug][safepoint     ] Safepoint synchronization initiated. (244 threads)
[2022-02-07T16:53:00.259+0000][81.285s][info ][safepoint     ] Application time: 0.3020294 seconds
[2022-02-07T16:53:00.264+0000][81.289s][debug][safepoint     ] ... found polling page return exception at pc = 0x00007f11b44c224c, stub =0x00007f11ac8beb80
[2022-02-07T16:53:00.271+0000][81.297s][debug][safepoint     ] Waiting for 5 thread(s) to block
[2022-02-07T16:53:00.271+0000][81.297s][info ][safepoint     ] Entering safepoint region: Deoptimize
[2022-02-07T16:53:00.273+0000][81.299s][info ][safepoint     ] Leaving safepoint region
[2022-02-07T16:53:00.273+0000][81.299s][info ][safepoint     ] Total time for which application threads were stopped: 0.0138797 seconds, Stopping threads took: 0.0120386 seconds
[2022-02-07T16:53:00.777+0000][81.803s][debug][safepoint     ] Safepoint synchronization initiated. (245 threads)
[2022-02-07T16:53:00.777+0000][81.803s][info ][safepoint     ] Application time: 0.5036442 seconds
[2022-02-07T16:53:00.777+0000][81.803s][debug][safepoint     ] Waiting for 4 thread(s) to block
[2022-02-07T16:53:00.783+0000][81.809s][info ][safepoint     ] Entering safepoint region: Deoptimize
[2022-02-07T16:53:00.785+0000][81.811s][info ][safepoint     ] Leaving safepoint region
[2022-02-07T16:53:00.785+0000][81.811s][info ][safepoint     ] Total time for which application threads were stopped: 0.0083142 seconds, Stopping threads took: 0.0065640 seconds
[2022-02-07T16:53:01.799+0000][82.825s][debug][safepoint     ] Safepoint synchronization initiated. (254 threads)
[2022-02-07T16:53:01.799+0000][82.825s][info ][safepoint     ] Application time: 1.0141269 seconds
[2022-02-07T16:53:01.799+0000][82.825s][debug][safepoint     ] ... found polling page return exception at pc = 0x00007f11b4926498, stub =0x00007f11ac8beb80
[2022-02-07T16:53:01.799+0000][82.825s][debug][safepoint     ] Waiting for 2 thread(s) to block
[2022-02-07T16:53:01.800+0000][82.826s][info ][safepoint     ] Entering safepoint region: Cleanup
[2022-02-07T16:53:01.801+0000][82.826s][info ][safepoint     ] Leaving safepoint region
[2022-02-07T16:53:01.801+0000][82.826s][info ][safepoint     ] Total time for which application threads were stopped: 0.0013502 seconds, Stopping threads took: 0.0009224 seconds
[2022-02-07T16:53:02.270+0000][83.295s][debug][safepoint     ] Safepoint synchronization initiated. (254 threads)
[2022-02-07T16:53:02.270+0000][83.296s][info ][safepoint     ] Application time: 0.4690248 seconds
[2022-02-07T16:53:02.270+0000][83.296s][info ][safepoint     ] Entering safepoint region: ICBufferFull
[2022-02-07T16:53:02.272+0000][83.298s][info ][safepoint     ] Leaving safepoint region
[2022-02-07T16:53:02.272+0000][83.298s][info ][safepoint     ] Total time for which application threads were stopped: 0.0022938 seconds, Stopping threads took: 0.0000652 seconds
[2022-02-07T16:53:02.378+0000][83.404s][debug][safepoint     ] Safepoint synchronization initiated. (254 threads)
[2022-02-07T16:53:02.378+0000][83.404s][info ][safepoint     ] Application time: 0.1061396 seconds
[2022-02-07T16:53:02.378+0000][83.404s][info ][safepoint     ] Entering safepoint region: ICBufferFull
[2022-02-07T16:53:02.379+0000][83.405s][info ][safepoint     ] Leaving safepoint region
[2022-02-07T16:53:02.379+0000][83.405s][info ][safepoint     ] Total time for which application threads were stopped: 0.0005442 seconds, Stopping threads took: 0.0000590 seconds
[2022-02-07T16:53:02.416+0000][83.442s][debug][safepoint     ] Safepoint synchronization initiated. (254 threads)
[2022-02-07T16:53:02.416+0000][83.442s][info ][safepoint     ] Application time: 0.0372350 seconds
[2022-02-07T16:53:02.416+0000][83.442s][debug][safepoint     ] Waiting for 1 thread(s) to block
[2022-02-07T16:53:02.416+0000][83.442s][info ][safepoint     ] Entering safepoint region: ICBufferFull
[2022-02-07T16:53:02.416+0000][83.442s][info ][safepoint     ] Leaving safepoint region
[2022-02-07T16:53:02.416+0000][83.442s][info ][safepoint     ] Total time for which application threads were stopped: 0.0005532 seconds, Stopping threads took: 0.0000776 seconds
[2022-02-07T16:53:02.871+0000][83.897s][debug][safepoint     ] Safepoint synchronization initiated. (254 threads)
[2022-02-07T16:53:02.872+0000][83.897s][info ][safepoint     ] Application time: 0.4550530 seconds
[2022-02-07T16:53:02.872+0000][83.897s][debug][safepoint     ] Waiting for 1 thread(s) to block
[2022-02-07T16:53:02.876+0000][83.902s][info ][safepoint     ] Entering safepoint region: ICBufferFull
[2022-02-07T16:53:02.876+0000][83.902s][info ][safepoint     ] Leaving safepoint region
[2022-02-07T16:53:02.876+0000][83.902s][info ][safepoint     ] Total time for which application threads were stopped: 0.0049466 seconds, Stopping threads took: 0.0045635 seconds
[2022-02-07T16:53:03.614+0000][84.639s][debug][safepoint     ] Safepoint synchronization initiated. (254 threads)
[2022-02-07T16:53:03.614+0000][84.639s][info ][safepoint     ] Application time: 0.7370593 seconds
[2022-02-07T16:53:03.614+0000][84.639s][debug][safepoint     ] Waiting for 1 thread(s) to block
[2022-02-07T16:53:03.614+0000][84.639s][info ][safepoint     ] Entering safepoint region: ICBufferFull
[2022-02-07T16:53:03.614+0000][84.640s][info ][safepoint     ] Leaving safepoint region
[2022-02-07T16:53:03.614+0000][84.640s][info ][safepoint     ] Total time for which application threads were stopped: 0.0004976 seconds, Stopping threads took: 0.0000799 seconds
[2022-02-07T16:53:04.641+0000][85.666s][debug][safepoint     ] Safepoint synchronization initiated. (254 threads)
[2022-02-07T16:53:04.641+0000][85.666s][info ][safepoint     ] Application time: 1.0264914 seconds
[2022-02-07T16:53:04.644+0000][85.670s][debug][safepoint     ] ... found polling page return exception at pc = 0x00007f11b49bc53b, stub =0x00007f11ac8beb80
[2022-02-07T16:53:04.644+0000][85.670s][debug][safepoint     ] ... found polling page return exception at pc = 0x00007f11b45ef5be, stub =0x00007f11ac8beb80
[2022-02-07T16:53:04.644+0000][85.670s][debug][safepoint     ] ... found polling page return exception at pc = 0x00007f11b5069fd4, stub =0x00007f11ac8beb80
[2022-02-07T16:53:04.645+0000][85.671s][debug][safepoint     ] ... found polling page return exception at pc = 0x00007f11b505dc8c, stub =0x00007f11ac8beb80
[2022-02-07T16:53:04.645+0000][85.671s][debug][safepoint     ] Waiting for 7 thread(s) to block
[2022-02-07T16:53:04.659+0000][85.685s][info ][safepoint     ] Entering safepoint region: Cleanup
[2022-02-07T16:53:04.660+0000][85.686s][info ][safepoint     ] Leaving safepoint region
[2022-02-07T16:53:04.660+0000][85.686s][info ][safepoint     ] Total time for which application threads were stopped: 0.0192274 seconds, Stopping threads took: 0.0187719 seconds
[2022-02-07T16:53:04.896+0000][85.922s][debug][safepoint     ] Safepoint synchronization initiated. (254 threads)
[2022-02-07T16:53:04.897+0000][85.922s][info ][safepoint     ] Application time: 0.2367094 seconds
[2022-02-07T16:53:04.897+0000][85.922s][debug][safepoint     ] Waiting for 1 thread(s) to block
[2022-02-07T16:53:04.897+0000][85.923s][info ][safepoint     ] Entering safepoint region: G1CollectForAllocation
[2022-02-07T16:53:04.897+0000][85.923s][info ][gc,start      ] GC(46) Pause Young (Normal) (G1 Evacuation Pause)
[2022-02-07T16:53:04.897+0000][85.923s][info ][gc,task       ] GC(46) Using 4 workers of 4 for evacuation
[2022-02-07T16:53:04.975+0000][86.001s][info ][gc,phases     ] GC(46)   Pre Evacuate Collection Set: 0.0ms
[2022-02-07T16:53:04.975+0000][86.001s][info ][gc,phases     ] GC(46)   Evacuate Collection Set: 73.3ms
[2022-02-07T16:53:04.975+0000][86.001s][info ][gc,phases     ] GC(46)   Post Evacuate Collection Set: 4.5ms
[2022-02-07T16:53:04.975+0000][86.001s][info ][gc,phases     ] GC(46)   Other: 0.2ms
[2022-02-07T16:53:04.975+0000][86.001s][info ][gc,heap       ] GC(46) Eden regions: 240->0(230)
[2022-02-07T16:53:04.975+0000][86.001s][info ][gc,heap       ] GC(46) Survivor regions: 18->27(33)
[2022-02-07T16:53:04.975+0000][86.001s][info ][gc,heap       ] GC(46) Old regions: 103->103
[2022-02-07T16:53:04.975+0000][86.001s][info ][gc,heap       ] GC(46) Humongous regions: 0->0
[2022-02-07T16:53:04.975+0000][86.001s][info ][gc,metaspace  ] GC(46) Metaspace: 150203K->150203K(1185792K)
[2022-02-07T16:53:04.975+0000][86.001s][info ][gc            ] GC(46) Pause Young (Normal) (G1 Evacuation Pause) 359M->128M(430M) 78.112ms
[2022-02-07T16:53:04.975+0000][86.001s][info ][gc,cpu        ] GC(46) User=0.08s Sys=0.00s Real=0.08s
[2022-02-07T16:53:04.975+0000][86.001s][info ][safepoint     ] Leaving safepoint region
[2022-02-07T16:53:04.975+0000][86.001s][info ][safepoint     ] Total time for which application threads were stopped: 0.0787101 seconds, Stopping threads took: 0.0001275 seconds
[2022-02-07T16:53:04.975+0000][86.001s][info ][gc,stringdedup] Concurrent String Deduplication (86.001s)
[2022-02-07T16:53:04.977+0000][86.003s][info ][gc,stringdedup] Concurrent String Deduplication 268.3K->100344.0B(170.3K) avg 53.6% (86.001s, 86.003s) 1.430ms
[2022-02-07T16:53:05.962+0000][86.988s][debug][safepoint     ] Safepoint synchronization initiated. (254 threads)
[2022-02-07T16:53:05.962+0000][86.988s][info ][safepoint     ] Application time: 0.9867857 seconds
[2022-02-07T16:53:05.962+0000][86.988s][info ][safepoint     ] Entering safepoint region: Deoptimize
[2022-02-07T16:53:05.964+0000][86.990s][info ][safepoint     ] Leaving safepoint region
[2022-02-07T16:53:05.964+0000][86.990s][info ][safepoint     ] Total time for which application threads were stopped: 0.0019812 seconds, Stopping threads took: 0.0000604 seconds
[2022-02-07T16:53:06.964+0000][87.990s][debug][safepoint     ] Safepoint synchronization initiated. (254 threads)
[2022-02-07T16:53:06.964+0000][87.990s][info ][safepoint     ] Application time: 1.0001519 seconds
[2022-02-07T16:53:06.964+0000][87.990s][debug][safepoint     ] Waiting for 1 thread(s) to block
[2022-02-07T16:53:06.964+0000][87.990s][info ][safepoint     ] Entering safepoint region: Cleanup
[2022-02-07T16:53:06.966+0000][87.992s][info ][safepoint     ] Leaving safepoint region
[2022-02-07T16:53:06.966+0000][87.992s][info ][safepoint     ] Total time for which application threads were stopped: 0.0022671 seconds, Stopping threads took: 0.0000955 seconds
[2022-02-07T16:53:07.973+0000][88.999s][debug][safepoint     ] Safepoint synchronization initiated. (254 threads)
[2022-02-07T16:53:07.973+0000][88.999s][info ][safepoint     ] Application time: 1.0069916 seconds
[2022-02-07T16:53:07.973+0000][88.999s][debug][safepoint     ] ... found polling page return exception at pc = 0x00007f11b45aa6f4, stub =0x00007f11ac8beb80
[2022-02-07T16:53:07.974+0000][88.999s][debug][safepoint     ] Waiting for 1 thread(s) to block
[2022-02-07T16:53:07.975+0000][89.001s][info ][safepoint     ] Entering safepoint region: Cleanup
[2022-02-07T16:53:07.976+0000][89.001s][info ][safepoint     ] Leaving safepoint region
[2022-02-07T16:53:07.976+0000][89.002s][info ][safepoint     ] Total time for which application threads were stopped: 0.0021765 seconds, Stopping threads took: 0.0017753 seconds
[2022-02-07T16:53:08.977+0000][90.002s][debug][safepoint     ] Safepoint synchronization initiated. (254 threads)
[2022-02-07T16:53:08.977+0000][90.002s][info ][safepoint     ] Application time: 1.0009242 seconds
[2022-02-07T16:53:08.977+0000][90.002s][debug][safepoint     ] Waiting for 2 thread(s) to block
[2022-02-07T16:53:08.987+0000][90.013s][info ][safepoint     ] Entering safepoint region: Cleanup
[2022-02-07T16:53:08.988+0000][90.014s][info ][safepoint     ] Leaving safepoint region
[2022-02-07T16:53:08.988+0000][90.014s][info ][safepoint     ] Total time for which application threads were stopped: 0.0111652 seconds, Stopping threads took: 0.0106816 seconds
[2022-02-07T16:53:09.313+0000][90.339s][debug][safepoint     ] Safepoint synchronization initiated. (254 threads)
[2022-02-07T16:53:09.313+0000][90.339s][info ][safepoint     ] Application time: 0.3252540 seconds
[2022-02-07T16:53:09.319+0000][90.345s][debug][safepoint     ] ... found polling page return exception at pc = 0x00007f11acff4afd, stub =0x00007f11ac8beb80
[2022-02-07T16:53:09.319+0000][90.345s][debug][safepoint     ] Waiting for 1 thread(s) to block
[2022-02-07T16:53:09.319+0000][90.345s][info ][safepoint     ] Entering safepoint region: CollectForMetadataAllocation
[2022-02-07T16:53:09.319+0000][90.345s][info ][gc,start      ] GC(47) Pause Young (Concurrent Start) (Metadata GC Threshold)
[2022-02-07T16:53:09.319+0000][90.345s][info ][gc,task       ] GC(47) Using 4 workers of 4 for evacuation
[2022-02-07T16:53:09.397+0000][90.423s][info ][gc,phases     ] GC(47)   Pre Evacuate Collection Set: 0.4ms
[2022-02-07T16:53:09.397+0000][90.423s][info ][gc,phases     ] GC(47)   Evacuate Collection Set: 67.2ms
[2022-02-07T16:53:09.397+0000][90.423s][info ][gc,phases     ] GC(47)   Post Evacuate Collection Set: 10.0ms
[2022-02-07T16:53:09.397+0000][90.423s][info ][gc,phases     ] GC(47)   Other: 0.3ms
[2022-02-07T16:53:09.397+0000][90.423s][info ][gc,heap       ] GC(47) Eden regions: 189->0(221)
[2022-02-07T16:53:09.397+0000][90.423s][info ][gc,heap       ] GC(47) Survivor regions: 27->23(33)
[2022-02-07T16:53:09.397+0000][90.423s][info ][gc,heap       ] GC(47) Old regions: 103->113
[2022-02-07T16:53:09.397+0000][90.423s][info ][gc,heap       ] GC(47) Humongous regions: 0->0
[2022-02-07T16:53:09.397+0000][90.423s][info ][gc,metaspace  ] GC(47) Metaspace: 156047K->156047K(1196032K)
[2022-02-07T16:53:09.397+0000][90.423s][info ][gc            ] GC(47) Pause Young (Concurrent Start) (Metadata GC Threshold) 316M->133M(430M) 78.087ms
[2022-02-07T16:53:09.398+0000][90.423s][info ][gc,cpu        ] GC(47) User=0.14s Sys=0.00s Real=0.07s
[2022-02-07T16:53:09.398+0000][90.423s][info ][gc            ] GC(48) Concurrent Cycle
[2022-02-07T16:53:09.398+0000][90.423s][info ][gc,marking    ] GC(48) Concurrent Clear Claimed Marks
[2022-02-07T16:53:09.398+0000][90.423s][info ][safepoint     ] Leaving safepoint region
[2022-02-07T16:53:09.398+0000][90.423s][info ][safepoint     ] Total time for which application threads were stopped: 0.0845672 seconds, Stopping threads took: 0.0061051 seconds
[2022-02-07T16:53:09.398+0000][90.423s][info ][gc,stringdedup] Concurrent String Deduplication (90.423s)
[2022-02-07T16:53:09.398+0000][90.424s][info ][gc,marking    ] GC(48) Concurrent Clear Claimed Marks 0.407ms
[2022-02-07T16:53:09.398+0000][90.424s][info ][gc,marking    ] GC(48) Concurrent Scan Root Regions
[2022-02-07T16:53:09.405+0000][90.431s][info ][gc,stringdedup] Concurrent String Deduplication 520.0K->196.6K(323.4K) avg 53.9% (90.423s, 90.431s) 7.572ms
[2022-02-07T16:53:09.448+0000][90.473s][info ][gc,marking    ] GC(48) Concurrent Scan Root Regions 49.621ms
[2022-02-07T16:53:09.448+0000][90.474s][info ][gc,marking    ] GC(48) Concurrent Mark (90.474s)
[2022-02-07T16:53:09.448+0000][90.474s][info ][gc,marking    ] GC(48) Concurrent Mark From Roots
[2022-02-07T16:53:09.448+0000][90.474s][info ][gc,task       ] GC(48) Using 1 workers of 1 for marking
[2022-02-07T16:53:09.654+0000][90.680s][debug][safepoint     ] Safepoint synchronization initiated. (254 threads)
[2022-02-07T16:53:09.654+0000][90.680s][info ][safepoint     ] Application time: 0.2562057 seconds
[2022-02-07T16:53:09.654+0000][90.680s][info ][safepoint     ] Entering safepoint region: CollectForMetadataAllocation
[2022-02-07T16:53:09.654+0000][90.680s][info ][safepoint     ] Leaving safepoint region
[2022-02-07T16:53:09.654+0000][90.680s][info ][safepoint     ] Total time for which application threads were stopped: 0.0003414 seconds, Stopping threads took: 0.0000628 seconds
[2022-02-07T16:53:09.794+0000][90.819s][info ][gc,marking    ] GC(48) Concurrent Mark From Roots 345.889ms
[2022-02-07T16:53:09.794+0000][90.819s][info ][gc,marking    ] GC(48) Concurrent Preclean
[2022-02-07T16:53:09.794+0000][90.820s][info ][gc,marking    ] GC(48) Concurrent Preclean 0.075ms
[2022-02-07T16:53:09.794+0000][90.820s][info ][gc,marking    ] GC(48) Concurrent Mark (90.474s, 90.820s) 346.031ms
[2022-02-07T16:53:09.794+0000][90.820s][debug][safepoint     ] Safepoint synchronization initiated. (254 threads)
[2022-02-07T16:53:09.794+0000][90.820s][info ][safepoint     ] Application time: 0.1395437 seconds
[2022-02-07T16:53:09.794+0000][90.820s][debug][safepoint     ] Waiting for 2 thread(s) to block
[2022-02-07T16:53:09.794+0000][90.820s][info ][safepoint     ] Entering safepoint region: CGC_Operation
[2022-02-07T16:53:09.795+0000][90.821s][info ][gc,start      ] GC(48) Pause Remark
[2022-02-07T16:53:09.847+0000][90.873s][info ][gc,stringtable] GC(48) Cleaned string and symbol table, strings: 72261 processed, 55 removed, symbols: 363293 processed, 193 removed
[2022-02-07T16:53:09.847+0000][90.873s][info ][gc            ] GC(48) Pause Remark 149M->149M(430M) 52.562ms
[2022-02-07T16:53:09.847+0000][90.873s][info ][gc,cpu        ] GC(48) User=0.11s Sys=0.00s Real=0.06s
[2022-02-07T16:53:09.847+0000][90.873s][info ][safepoint     ] Leaving safepoint region
[2022-02-07T16:53:09.847+0000][90.873s][info ][safepoint     ] Total time for which application threads were stopped: 0.0535877 seconds, Stopping threads took: 0.0006847 seconds
[2022-02-07T16:53:09.847+0000][90.873s][info ][gc,marking    ] GC(48) Concurrent Rebuild Remembered Sets
[2022-02-07T16:53:09.864+0000][90.889s][debug][safepoint     ] Safepoint synchronization initiated. (254 threads)
[2022-02-07T16:53:09.864+0000][90.889s][info ][safepoint     ] Application time: 0.0163093 seconds
[2022-02-07T16:53:09.864+0000][90.890s][info ][safepoint     ] Entering safepoint region: ICBufferFull
[2022-02-07T16:53:09.864+0000][90.890s][info ][safepoint     ] Leaving safepoint region
[2022-02-07T16:53:09.864+0000][90.890s][info ][safepoint     ] Total time for which application threads were stopped: 0.0005434 seconds, Stopping threads took: 0.0000636 seconds
[2022-02-07T16:53:09.999+0000][91.025s][debug][safepoint     ] Safepoint synchronization initiated. (254 threads)
[2022-02-07T16:53:09.999+0000][91.025s][info ][safepoint     ] Application time: 0.1346257 seconds
[2022-02-07T16:53:09.999+0000][91.025s][debug][safepoint     ] Waiting for 1 thread(s) to block
[2022-02-07T16:53:09.999+0000][91.025s][info ][safepoint     ] Entering safepoint region: ICBufferFull
[2022-02-07T16:53:09.999+0000][91.025s][info ][safepoint     ] Leaving safepoint region
[2022-02-07T16:53:09.999+0000][91.025s][info ][safepoint     ] Total time for which application threads were stopped: 0.0004787 seconds, Stopping threads took: 0.0001348 seconds
[2022-02-07T16:53:10.151+0000][91.176s][info ][gc,marking    ] GC(48) Concurrent Rebuild Remembered Sets 303.161ms
[2022-02-07T16:53:10.151+0000][91.176s][debug][safepoint     ] Safepoint synchronization initiated. (254 threads)
[2022-02-07T16:53:10.151+0000][91.176s][info ][safepoint     ] Application time: 0.1512768 seconds
[2022-02-07T16:53:10.151+0000][91.177s][debug][safepoint     ] ... found polling page return exception at pc = 0x00007f11ae6a0317, stub =0x00007f11ac8beb80
[2022-02-07T16:53:10.151+0000][91.177s][debug][safepoint     ] Waiting for 1 thread(s) to block
[2022-02-07T16:53:10.151+0000][91.177s][info ][safepoint     ] Entering safepoint region: CGC_Operation
[2022-02-07T16:53:10.151+0000][91.177s][info ][gc,start      ] GC(48) Pause Cleanup
[2022-02-07T16:53:10.152+0000][91.178s][info ][gc            ] GC(48) Pause Cleanup 165M->165M(430M) 0.309ms
[2022-02-07T16:53:10.152+0000][91.178s][info ][gc,cpu        ] GC(48) User=0.00s Sys=0.00s Real=0.00s
[2022-02-07T16:53:10.152+0000][91.178s][info ][safepoint     ] Leaving safepoint region
[2022-02-07T16:53:10.152+0000][91.178s][info ][safepoint     ] Total time for which application threads were stopped: 0.0012390 seconds, Stopping threads took: 0.0005878 seconds
[2022-02-07T16:53:10.152+0000][91.178s][info ][gc,marking    ] GC(48) Concurrent Cleanup for Next Mark
[2022-02-07T16:53:10.154+0000][91.180s][info ][gc,marking    ] GC(48) Concurrent Cleanup for Next Mark 1.889ms
[2022-02-07T16:53:10.154+0000][91.180s][info ][gc            ] GC(48) Concurrent Cycle 756.274ms
[2022-02-07T16:53:10.694+0000][91.720s][debug][safepoint     ] Safepoint synchronization initiated. (254 threads)
[2022-02-07T16:53:10.694+0000][91.720s][info ][safepoint     ] Application time: 0.5426560 seconds
[2022-02-07T16:53:10.702+0000][91.728s][debug][safepoint     ] ... found polling page return exception at pc = 0x00007f11b4fe5b12, stub =0x00007f11ac8beb80
[2022-02-07T16:53:10.702+0000][91.728s][debug][safepoint     ] Waiting for 2 thread(s) to block
[2022-02-07T16:53:10.702+0000][91.728s][info ][safepoint     ] Entering safepoint region: ICBufferFull
[2022-02-07T16:53:10.702+0000][91.728s][info ][safepoint     ] Leaving safepoint region
[2022-02-07T16:53:10.702+0000][91.728s][info ][safepoint     ] Total time for which application threads were stopped: 0.0077601 seconds, Stopping threads took: 0.0073345 seconds
[2022-02-07T16:53:11.245+0000][92.271s][debug][safepoint     ] Safepoint synchronization initiated. (254 threads)
[2022-02-07T16:53:11.245+0000][92.271s][info ][safepoint     ] Application time: 0.5426381 seconds
[2022-02-07T16:53:11.259+0000][92.285s][info ][safepoint     ] Entering safepoint region: ICBufferFull
[2022-02-07T16:53:11.260+0000][92.286s][info ][safepoint     ] Leaving safepoint region
[2022-02-07T16:53:11.260+0000][92.286s][info ][safepoint     ] Total time for which application threads were stopped: 0.0148574 seconds, Stopping threads took: 0.0144020 seconds
[2022-02-07T16:53:11.469+0000][92.495s][debug][safepoint     ] Safepoint synchronization initiated. (261 threads)
[2022-02-07T16:53:11.469+0000][92.495s][info ][safepoint     ] Application time: 0.2096595 seconds
[2022-02-07T16:53:11.481+0000][92.506s][debug][safepoint     ] Waiting for 1 thread(s) to block
[2022-02-07T16:53:11.481+0000][92.506s][info ][safepoint     ] Entering safepoint region: ICBufferFull
[2022-02-07T16:53:11.481+0000][92.507s][info ][safepoint     ] Leaving safepoint region
[2022-02-07T16:53:11.481+0000][92.507s][info ][safepoint     ] Total time for which application threads were stopped: 0.0117087 seconds, Stopping threads took: 0.0111795 seconds
[2022-02-07T16:53:12.483+0000][93.509s][debug][safepoint     ] Safepoint synchronization initiated. (307 threads)
[2022-02-07T16:53:12.483+0000][93.509s][info ][safepoint     ] Application time: 1.0020994 seconds
[2022-02-07T16:53:12.483+0000][93.509s][debug][safepoint     ] ... found polling page return exception at pc = 0x00007f11b43721c3, stub =0x00007f11ac8beb80
[2022-02-07T16:53:12.483+0000][93.509s][debug][safepoint     ] Waiting for 3 thread(s) to block
[2022-02-07T16:53:12.490+0000][93.516s][info ][safepoint     ] Entering safepoint region: Cleanup
[2022-02-07T16:53:12.490+0000][93.516s][info ][safepoint     ] Leaving safepoint region
[2022-02-07T16:53:12.490+0000][93.516s][info ][safepoint     ] Total time for which application threads were stopped: 0.0069592 seconds, Stopping threads took: 0.0064580 seconds
[2022-02-07T16:53:12.666+0000][93.692s][debug][safepoint     ] Safepoint synchronization initiated. (308 threads)
[2022-02-07T16:53:12.666+0000][93.692s][info ][safepoint     ] Application time: 0.1755618 seconds
[2022-02-07T16:53:12.666+0000][93.692s][debug][safepoint     ] Waiting for 1 thread(s) to block
[2022-02-07T16:53:12.666+0000][93.692s][info ][safepoint     ] Entering safepoint region: Deoptimize
[2022-02-07T16:53:12.671+0000][93.697s][info ][safepoint     ] Leaving safepoint region
[2022-02-07T16:53:12.671+0000][93.697s][info ][safepoint     ] Total time for which application threads were stopped: 0.0049440 seconds, Stopping threads took: 0.0000872 seconds
[2022-02-07T16:53:13.058+0000][94.084s][debug][safepoint     ] Safepoint synchronization initiated. (308 threads)
[2022-02-07T16:53:13.058+0000][94.084s][info ][safepoint     ] Application time: 0.3876854 seconds
[2022-02-07T16:53:13.058+0000][94.084s][debug][safepoint     ] ... found polling page return exception at pc = 0x00007f11b48843f4, stub =0x00007f11ac8beb80
[2022-02-07T16:53:13.059+0000][94.084s][debug][safepoint     ] Waiting for 2 thread(s) to block
[2022-02-07T16:53:13.064+0000][94.089s][info ][safepoint     ] Entering safepoint region: Deoptimize
[2022-02-07T16:53:13.066+0000][94.092s][info ][safepoint     ] Leaving safepoint region
[2022-02-07T16:53:13.066+0000][94.092s][info ][safepoint     ] Total time for which application threads were stopped: 0.0073034 seconds, Stopping threads took: 0.0051162 seconds
[2022-02-07T16:53:13.153+0000][94.179s][debug][safepoint     ] Safepoint synchronization initiated. (308 threads)
[2022-02-07T16:53:13.153+0000][94.179s][info ][safepoint     ] Application time: 0.0874850 seconds
[2022-02-07T16:53:13.153+0000][94.179s][debug][safepoint     ] Waiting for 2 thread(s) to block
[2022-02-07T16:53:13.155+0000][94.181s][info ][safepoint     ] Entering safepoint region: Deoptimize
[2022-02-07T16:53:13.158+0000][94.184s][info ][safepoint     ] Leaving safepoint region
[2022-02-07T16:53:13.158+0000][94.184s][info ][safepoint     ] Total time for which application threads were stopped: 0.0044646 seconds, Stopping threads took: 0.0022909 seconds
[2022-02-07T16:53:14.158+0000][95.184s][debug][safepoint     ] Safepoint synchronization initiated. (308 threads)
[2022-02-07T16:53:14.158+0000][95.184s][info ][safepoint     ] Application time: 1.0004311 seconds
[2022-02-07T16:53:14.158+0000][95.184s][debug][safepoint     ] ... found polling page return exception at pc = 0x00007f11b50a4a64, stub =0x00007f11ac8beb80
[2022-02-07T16:53:14.158+0000][95.184s][debug][safepoint     ] Waiting for 2 thread(s) to block
[2022-02-07T16:53:14.158+0000][95.184s][info ][safepoint     ] Entering safepoint region: Cleanup
[2022-02-07T16:53:14.158+0000][95.184s][info ][safepoint     ] Leaving safepoint region
[2022-02-07T16:53:14.158+0000][95.184s][info ][safepoint     ] Total time for which application threads were stopped: 0.0003115 seconds, Stopping threads took: 0.0001037 seconds
[2022-02-07T16:53:15.159+0000][96.184s][debug][safepoint     ] Safepoint synchronization initiated. (307 threads)
[2022-02-07T16:53:15.248+0000][96.274s][info ][safepoint     ] Application time: 1.0894638 seconds
[2022-02-07T16:53:15.248+0000][96.274s][debug][safepoint     ] ... found polling page return exception at pc = 0x00007f11ae760f65, stub =0x00007f11ac8beb80
[2022-02-07T16:53:15.248+0000][96.274s][debug][safepoint     ] Waiting for 1 thread(s) to block
[2022-02-07T16:53:15.248+0000][96.274s][info ][safepoint     ] Entering safepoint region: Cleanup
[2022-02-07T16:53:15.249+0000][96.275s][info ][safepoint     ] Leaving safepoint region
[2022-02-07T16:53:15.249+0000][96.275s][info ][safepoint     ] Total time for which application threads were stopped: 0.0005555 seconds, Stopping threads took: 0.0001010 seconds
[2022-02-07T16:53:16.249+0000][97.275s][debug][safepoint     ] Safepoint synchronization initiated. (307 threads)
[2022-02-07T16:53:16.249+0000][97.275s][info ][safepoint     ] Application time: 1.0001656 seconds
[2022-02-07T16:53:16.249+0000][97.275s][info ][safepoint     ] Entering safepoint region: Cleanup
[2022-02-07T16:53:16.249+0000][97.275s][info ][safepoint     ] Leaving safepoint region
[2022-02-07T16:53:16.249+0000][97.275s][info ][safepoint     ] Total time for which application threads were stopped: 0.0003528 seconds, Stopping threads took: 0.0000872 seconds
[2022-02-07T16:53:17.249+0000][98.275s][debug][safepoint     ] Safepoint synchronization initiated. (308 threads)
[2022-02-07T16:53:17.249+0000][98.275s][info ][safepoint     ] Application time: 1.0001339 seconds
[2022-02-07T16:53:17.250+0000][98.275s][info ][safepoint     ] Entering safepoint region: Cleanup
[2022-02-07T16:53:17.250+0000][98.276s][info ][safepoint     ] Leaving safepoint region
[2022-02-07T16:53:17.250+0000][98.276s][info ][safepoint     ] Total time for which application threads were stopped: 0.0003569 seconds, Stopping threads took: 0.0000779 seconds
[2022-02-07T16:53:17.643+0000][98.669s][debug][safepoint     ] Safepoint synchronization initiated. (307 threads)
[2022-02-07T16:53:17.644+0000][98.669s][info ][safepoint     ] Application time: 0.3937002 seconds
[2022-02-07T16:53:17.644+0000][98.669s][info ][safepoint     ] Entering safepoint region: G1CollectForAllocation
[2022-02-07T16:53:17.644+0000][98.670s][info ][gc,start      ] GC(49) Pause Young (Concurrent Start) (G1 Evacuation Pause)
[2022-02-07T16:53:17.644+0000][98.670s][info ][gc,task       ] GC(49) Using 4 workers of 4 for evacuation
[2022-02-07T16:53:17.679+0000][98.704s][info ][gc,phases     ] GC(49)   Pre Evacuate Collection Set: 0.5ms
[2022-02-07T16:53:17.679+0000][98.704s][info ][gc,phases     ] GC(49)   Evacuate Collection Set: 29.0ms
[2022-02-07T16:53:17.679+0000][98.704s][info ][gc,phases     ] GC(49)   Post Evacuate Collection Set: 5.1ms
[2022-02-07T16:53:17.679+0000][98.705s][info ][gc,phases     ] GC(49)   Other: 0.3ms
[2022-02-07T16:53:17.679+0000][98.705s][info ][gc,heap       ] GC(49) Eden regions: 221->0(214)
[2022-02-07T16:53:17.679+0000][98.705s][info ][gc,heap       ] GC(49) Survivor regions: 23->25(31)
[2022-02-07T16:53:17.679+0000][98.705s][info ][gc,heap       ] GC(49) Old regions: 113->120
[2022-02-07T16:53:17.679+0000][98.705s][info ][gc,heap       ] GC(49) Humongous regions: 0->0
[2022-02-07T16:53:17.679+0000][98.705s][info ][gc,metaspace  ] GC(49) Metaspace: 159734K->159734K(1202176K)
[2022-02-07T16:53:17.679+0000][98.705s][info ][gc            ] GC(49) Pause Young (Concurrent Start) (G1 Evacuation Pause) 354M->143M(430M) 34.903ms
[2022-02-07T16:53:17.679+0000][98.705s][info ][gc,cpu        ] GC(49) User=0.09s Sys=0.00s Real=0.03s
[2022-02-07T16:53:17.679+0000][98.705s][info ][gc            ] GC(50) Concurrent Cycle
[2022-02-07T16:53:17.679+0000][98.705s][info ][gc,marking    ] GC(50) Concurrent Clear Claimed Marks
[2022-02-07T16:53:17.679+0000][98.705s][info ][safepoint     ] Leaving safepoint region
[2022-02-07T16:53:17.679+0000][98.705s][info ][safepoint     ] Total time for which application threads were stopped: 0.0352902 seconds, Stopping threads took: 0.0000752 seconds
[2022-02-07T16:53:17.679+0000][98.705s][info ][gc,stringdedup] Concurrent String Deduplication (98.705s)
[2022-02-07T16:53:17.683+0000][98.709s][info ][gc,stringdedup] Concurrent String Deduplication 980.3K->645.8K(334.5K) avg 52.8% (98.705s, 98.709s) 3.724ms
[2022-02-07T16:53:17.683+0000][98.709s][info ][gc,marking    ] GC(50) Concurrent Clear Claimed Marks 4.429ms
[2022-02-07T16:53:17.683+0000][98.709s][info ][gc,marking    ] GC(50) Concurrent Scan Root Regions
[2022-02-07T16:53:17.700+0000][98.726s][info ][gc,marking    ] GC(50) Concurrent Scan Root Regions 16.731ms
[2022-02-07T16:53:17.700+0000][98.726s][info ][gc,marking    ] GC(50) Concurrent Mark (98.726s)
[2022-02-07T16:53:17.700+0000][98.726s][info ][gc,marking    ] GC(50) Concurrent Mark From Roots
[2022-02-07T16:53:17.700+0000][98.726s][info ][gc,task       ] GC(50) Using 1 workers of 1 for marking
[2022-02-07T16:53:17.939+0000][98.965s][info ][gc,marking    ] GC(50) Concurrent Mark From Roots 239.416ms
[2022-02-07T16:53:17.940+0000][98.965s][info ][gc,marking    ] GC(50) Concurrent Preclean
[2022-02-07T16:53:17.940+0000][98.965s][info ][gc,marking    ] GC(50) Concurrent Preclean 0.070ms
[2022-02-07T16:53:17.940+0000][98.965s][info ][gc,marking    ] GC(50) Concurrent Mark (98.726s, 98.965s) 239.559ms
[2022-02-07T16:53:17.940+0000][98.966s][debug][safepoint     ] Safepoint synchronization initiated. (307 threads)
[2022-02-07T16:53:17.940+0000][98.966s][info ][safepoint     ] Application time: 0.2608383 seconds
[2022-02-07T16:53:17.940+0000][98.966s][info ][safepoint     ] Entering safepoint region: CGC_Operation
[2022-02-07T16:53:17.940+0000][98.966s][info ][gc,start      ] GC(50) Pause Remark
[2022-02-07T16:53:17.978+0000][99.004s][info ][gc,stringtable] GC(50) Cleaned string and symbol table, strings: 73015 processed, 33 removed, symbols: 364434 processed, 4 removed
[2022-02-07T16:53:17.979+0000][99.005s][info ][gc            ] GC(50) Pause Remark 146M->146M(430M) 38.697ms
[2022-02-07T16:53:17.979+0000][99.005s][info ][gc,cpu        ] GC(50) User=0.07s Sys=0.00s Real=0.03s
[2022-02-07T16:53:17.979+0000][99.005s][info ][safepoint     ] Leaving safepoint region
[2022-02-07T16:53:17.979+0000][99.005s][info ][safepoint     ] Total time for which application threads were stopped: 0.0391290 seconds, Stopping threads took: 0.0000729 seconds
[2022-02-07T16:53:17.981+0000][99.007s][info ][gc,marking    ] GC(50) Concurrent Rebuild Remembered Sets
[2022-02-07T16:53:18.137+0000][99.163s][info ][gc,marking    ] GC(50) Concurrent Rebuild Remembered Sets 156.375ms
[2022-02-07T16:53:18.137+0000][99.163s][debug][safepoint     ] Safepoint synchronization initiated. (307 threads)
[2022-02-07T16:53:18.137+0000][99.163s][info ][safepoint     ] Application time: 0.1583516 seconds
[2022-02-07T16:53:18.137+0000][99.163s][info ][safepoint     ] Entering safepoint region: CGC_Operation
[2022-02-07T16:53:18.138+0000][99.163s][info ][gc,start      ] GC(50) Pause Cleanup
[2022-02-07T16:53:18.138+0000][99.164s][info ][gc            ] GC(50) Pause Cleanup 147M->147M(430M) 0.372ms
[2022-02-07T16:53:18.138+0000][99.164s][info ][gc,cpu        ] GC(50) User=0.00s Sys=0.00s Real=0.00s
[2022-02-07T16:53:18.138+0000][99.164s][info ][safepoint     ] Leaving safepoint region
[2022-02-07T16:53:18.138+0000][99.164s][info ][safepoint     ] Total time for which application threads were stopped: 0.0008744 seconds, Stopping threads took: 0.0000749 seconds
[2022-02-07T16:53:18.138+0000][99.164s][info ][gc,marking    ] GC(50) Concurrent Cleanup for Next Mark
[2022-02-07T16:53:18.139+0000][99.165s][info ][gc,marking    ] GC(50) Concurrent Cleanup for Next Mark 0.939ms
[2022-02-07T16:53:18.139+0000][99.165s][info ][gc            ] GC(50) Concurrent Cycle 460.292ms
[2022-02-07T16:53:19.138+0000][100.164s][debug][safepoint     ] Safepoint synchronization initiated. (307 threads)
[2022-02-07T16:53:19.138+0000][100.164s][info ][safepoint     ] Application time: 1.0001465 seconds
[2022-02-07T16:53:19.138+0000][100.164s][info ][safepoint     ] Entering safepoint region: Cleanup
[2022-02-07T16:53:19.139+0000][100.164s][info ][safepoint     ] Leaving safepoint region
[2022-02-07T16:53:19.139+0000][100.164s][info ][safepoint     ] Total time for which application threads were stopped: 0.0003056 seconds, Stopping threads took: 0.0000712 seconds
[2022-02-07T16:53:20.139+0000][101.164s][debug][safepoint     ] Safepoint synchronization initiated. (307 threads)
[2022-02-07T16:53:20.139+0000][101.164s][info ][safepoint     ] Application time: 1.0000968 seconds
[2022-02-07T16:53:20.139+0000][101.165s][info ][safepoint     ] Entering safepoint region: Cleanup
[2022-02-07T16:53:20.139+0000][101.165s][info ][safepoint     ] Leaving safepoint region
[2022-02-07T16:53:20.139+0000][101.165s][info ][safepoint     ] Total time for which application threads were stopped: 0.0002570 seconds, Stopping threads took: 0.0000628 seconds
[2022-02-07T16:53:21.139+0000][102.165s][debug][safepoint     ] Safepoint synchronization initiated. (307 threads)
[2022-02-07T16:53:21.139+0000][102.165s][info ][safepoint     ] Application time: 1.0001256 seconds
[2022-02-07T16:53:21.139+0000][102.165s][debug][safepoint     ] ... found polling page return exception at pc = 0x00007f11b505dc8c, stub =0x00007f11ac8beb80
[2022-02-07T16:53:21.139+0000][102.165s][debug][safepoint     ] Waiting for 1 thread(s) to block
[2022-02-07T16:53:21.139+0000][102.165s][info ][safepoint     ] Entering safepoint region: Cleanup
[2022-02-07T16:53:21.140+0000][102.165s][info ][safepoint     ] Leaving safepoint region
[2022-02-07T16:53:21.140+0000][102.165s][info ][safepoint     ] Total time for which application threads were stopped: 0.0005325 seconds, Stopping threads took: 0.0001057 seconds
[2022-02-07T16:53:22.146+0000][103.172s][debug][safepoint     ] Safepoint synchronization initiated. (307 threads)
[2022-02-07T16:53:22.146+0000][103.172s][info ][safepoint     ] Application time: 1.0061898 seconds
[2022-02-07T16:53:22.146+0000][103.172s][info ][safepoint     ] Entering safepoint region: Cleanup
[2022-02-07T16:53:22.146+0000][103.172s][info ][safepoint     ] Leaving safepoint region
[2022-02-07T16:53:22.146+0000][103.172s][info ][safepoint     ] Total time for which application threads were stopped: 0.0004442 seconds, Stopping threads took: 0.0000723 seconds
[2022-02-07T16:53:23.146+0000][104.172s][debug][safepoint     ] Safepoint synchronization initiated. (307 threads)
[2022-02-07T16:53:23.146+0000][104.172s][info ][safepoint     ] Application time: 1.0001207 seconds
[2022-02-07T16:53:23.146+0000][104.172s][info ][safepoint     ] Entering safepoint region: Cleanup
[2022-02-07T16:53:23.147+0000][104.173s][info ][safepoint     ] Leaving safepoint region
[2022-02-07T16:53:23.147+0000][104.173s][info ][safepoint     ] Total time for which application threads were stopped: 0.0005227 seconds, Stopping threads took: 0.0000769 seconds
[2022-02-07T16:53:24.147+0000][105.173s][debug][safepoint     ] Safepoint synchronization initiated. (307 threads)
[2022-02-07T16:53:24.147+0000][105.173s][info ][safepoint     ] Application time: 1.0001293 seconds
[2022-02-07T16:53:24.147+0000][105.173s][info ][safepoint     ] Entering safepoint region: Cleanup
[2022-02-07T16:53:24.147+0000][105.173s][info ][safepoint     ] Leaving safepoint region
[2022-02-07T16:53:24.147+0000][105.173s][info ][safepoint     ] Total time for which application threads were stopped: 0.0003252 seconds, Stopping threads took: 0.0000693 seconds
[2022-02-07T16:53:25.147+0000][106.173s][debug][safepoint     ] Safepoint synchronization initiated. (307 threads)
[2022-02-07T16:53:25.147+0000][106.173s][info ][safepoint     ] Application time: 1.0001218 seconds
[2022-02-07T16:53:25.148+0000][106.173s][info ][safepoint     ] Entering safepoint region: Cleanup
[2022-02-07T16:53:25.148+0000][106.174s][info ][safepoint     ] Leaving safepoint region
[2022-02-07T16:53:25.148+0000][106.174s][info ][safepoint     ] Total time for which application threads were stopped: 0.0003318 seconds, Stopping threads took: 0.0000733 seconds
[2022-02-07T16:53:26.148+0000][107.174s][debug][safepoint     ] Safepoint synchronization initiated. (307 threads)
[2022-02-07T16:53:26.148+0000][107.174s][info ][safepoint     ] Application time: 1.0001134 seconds
[2022-02-07T16:53:26.148+0000][107.174s][info ][safepoint     ] Entering safepoint region: Cleanup
[2022-02-07T16:53:26.148+0000][107.174s][info ][safepoint     ] Leaving safepoint region
[2022-02-07T16:53:26.148+0000][107.174s][info ][safepoint     ] Total time for which application threads were stopped: 0.0004382 seconds, Stopping threads took: 0.0000672 seconds
[2022-02-07T16:53:27.148+0000][108.174s][debug][safepoint     ] Safepoint synchronization initiated. (307 threads)
[2022-02-07T16:53:27.149+0000][108.174s][info ][safepoint     ] Application time: 1.0001158 seconds
[2022-02-07T16:53:27.149+0000][108.174s][info ][safepoint     ] Entering safepoint region: Cleanup
[2022-02-07T16:53:27.149+0000][108.175s][info ][safepoint     ] Leaving safepoint region
[2022-02-07T16:53:27.149+0000][108.175s][info ][safepoint     ] Total time for which application threads were stopped: 0.0003046 seconds, Stopping threads took: 0.0000735 seconds
[2022-02-07T16:53:28.149+0000][109.175s][debug][safepoint     ] Safepoint synchronization initiated. (307 threads)
[2022-02-07T16:53:28.149+0000][109.175s][info ][safepoint     ] Application time: 1.0001235 seconds
[2022-02-07T16:53:28.149+0000][109.175s][debug][safepoint     ] ... found polling page return exception at pc = 0x00007f11b4bc161d, stub =0x00007f11ac8beb80
[2022-02-07T16:53:28.149+0000][109.175s][debug][safepoint     ] Waiting for 1 thread(s) to block
[2022-02-07T16:53:28.149+0000][109.175s][info ][safepoint     ] Entering safepoint region: Cleanup
[2022-02-07T16:53:28.149+0000][109.175s][info ][safepoint     ] Leaving safepoint region
[2022-02-07T16:53:28.149+0000][109.175s][info ][safepoint     ] Total time for which application threads were stopped: 0.0004780 seconds, Stopping threads took: 0.0000980 seconds
[2022-02-07T16:53:29.150+0000][110.175s][debug][safepoint     ] Safepoint synchronization initiated. (307 threads)
[2022-02-07T16:53:29.150+0000][110.175s][info ][safepoint     ] Application time: 1.0001226 seconds
[2022-02-07T16:53:29.150+0000][110.176s][debug][safepoint     ] Waiting for 1 thread(s) to block
[2022-02-07T16:53:29.151+0000][110.176s][info ][safepoint     ] Entering safepoint region: Cleanup
[2022-02-07T16:53:29.151+0000][110.177s][info ][safepoint     ] Leaving safepoint region
[2022-02-07T16:53:29.151+0000][110.177s][info ][safepoint     ] Total time for which application threads were stopped: 0.0013531 seconds, Stopping threads took: 0.0010581 seconds
[2022-02-07T16:53:30.151+0000][111.177s][debug][safepoint     ] Safepoint synchronization initiated. (307 threads)
[2022-02-07T16:53:30.151+0000][111.177s][info ][safepoint     ] Application time: 1.0001144 seconds
[2022-02-07T16:53:30.151+0000][111.177s][info ][safepoint     ] Entering safepoint region: Cleanup
[2022-02-07T16:53:30.152+0000][111.177s][info ][safepoint     ] Leaving safepoint region
[2022-02-07T16:53:30.152+0000][111.177s][info ][safepoint     ] Total time for which application threads were stopped: 0.0004815 seconds, Stopping threads took: 0.0000728 seconds
[2022-02-07T16:53:31.152+0000][112.178s][debug][safepoint     ] Safepoint synchronization initiated. (307 threads)
[2022-02-07T16:53:31.152+0000][112.178s][info ][safepoint     ] Application time: 1.0001047 seconds
[2022-02-07T16:53:31.152+0000][112.178s][info ][safepoint     ] Entering safepoint region: Cleanup
[2022-02-07T16:53:31.152+0000][112.178s][info ][safepoint     ] Leaving safepoint region
[2022-02-07T16:53:31.152+0000][112.178s][info ][safepoint     ] Total time for which application threads were stopped: 0.0004529 seconds, Stopping threads took: 0.0000770 seconds
[2022-02-07T16:53:32.152+0000][113.178s][debug][safepoint     ] Safepoint synchronization initiated. (307 threads)
[2022-02-07T16:53:32.152+0000][113.178s][info ][safepoint     ] Application time: 1.0001079 seconds
[2022-02-07T16:53:32.152+0000][113.178s][debug][safepoint     ] ... found polling page return exception at pc = 0x00007f11b4bc161d, stub =0x00007f11ac8beb80
[2022-02-07T16:53:32.152+0000][113.178s][debug][safepoint     ] Waiting for 1 thread(s) to block
[2022-02-07T16:53:32.152+0000][113.178s][info ][safepoint     ] Entering safepoint region: Cleanup
[2022-02-07T16:53:32.153+0000][113.179s][info ][safepoint     ] Leaving safepoint region
[2022-02-07T16:53:32.153+0000][113.179s][info ][safepoint     ] Total time for which application threads were stopped: 0.0004610 seconds, Stopping threads took: 0.0000933 seconds
[2022-02-07T16:53:33.153+0000][114.179s][debug][safepoint     ] Safepoint synchronization initiated. (307 threads)
[2022-02-07T16:53:33.153+0000][114.179s][info ][safepoint     ] Application time: 1.0001320 seconds
[2022-02-07T16:53:33.153+0000][114.179s][info ][safepoint     ] Entering safepoint region: Cleanup
[2022-02-07T16:53:33.153+0000][114.179s][info ][safepoint     ] Leaving safepoint region
[2022-02-07T16:53:33.153+0000][114.179s][info ][safepoint     ] Total time for which application threads were stopped: 0.0003476 seconds, Stopping threads took: 0.0000802 seconds
[2022-02-07T16:53:34.131+0000][115.157s][debug][safepoint     ] Safepoint synchronization initiated. (307 threads)
[2022-02-07T16:53:34.131+0000][115.157s][info ][safepoint     ] Application time: 0.9779175 seconds
[2022-02-07T16:53:34.131+0000][115.157s][debug][safepoint     ] ... found polling page return exception at pc = 0x00007f11b5163e33, stub =0x00007f11ac8beb80
[2022-02-07T16:53:34.131+0000][115.157s][debug][safepoint     ] Waiting for 1 thread(s) to block
[2022-02-07T16:53:34.131+0000][115.157s][info ][safepoint     ] Entering safepoint region: G1CollectForAllocation
[2022-02-07T16:53:34.132+0000][115.158s][info ][gc,start      ] GC(51) Pause Young (Normal) (G1 Evacuation Pause)
[2022-02-07T16:53:34.132+0000][115.158s][info ][gc,task       ] GC(51) Using 4 workers of 4 for evacuation
[2022-02-07T16:53:34.215+0000][115.241s][info ][gc,phases     ] GC(51)   Pre Evacuate Collection Set: 0.0ms
[2022-02-07T16:53:34.227+0000][115.253s][info ][gc,phases     ] GC(51)   Evacuate Collection Set: 71.3ms
[2022-02-07T16:53:34.227+0000][115.253s][info ][gc,phases     ] GC(51)   Post Evacuate Collection Set: 11.7ms
[2022-02-07T16:53:34.227+0000][115.253s][info ][gc,phases     ] GC(51)   Other: 0.3ms
[2022-02-07T16:53:34.227+0000][115.253s][info ][gc,heap       ] GC(51) Eden regions: 214->0(218)
[2022-02-07T16:53:34.227+0000][115.253s][info ][gc,heap       ] GC(51) Survivor regions: 25->16(30)
[2022-02-07T16:53:34.227+0000][115.253s][info ][gc,heap       ] GC(51) Old regions: 120->129
[2022-02-07T16:53:34.227+0000][115.253s][info ][gc,heap       ] GC(51) Humongous regions: 0->0
[2022-02-07T16:53:34.227+0000][115.253s][info ][gc,metaspace  ] GC(51) Metaspace: 160121K->160121K(1202176K)
[2022-02-07T16:53:34.227+0000][115.253s][info ][gc            ] GC(51) Pause Young (Normal) (G1 Evacuation Pause) 357M->143M(430M) 95.042ms
[2022-02-07T16:53:34.227+0000][115.253s][info ][gc,cpu        ] GC(51) User=0.08s Sys=0.00s Real=0.09s
[2022-02-07T16:53:34.227+0000][115.253s][info ][safepoint     ] Leaving safepoint region
[2022-02-07T16:53:34.227+0000][115.253s][info ][safepoint     ] Total time for which application threads were stopped: 0.0959514 seconds, Stopping threads took: 0.0001166 seconds
[2022-02-07T16:53:34.227+0000][115.253s][info ][gc,stringdedup] Concurrent String Deduplication (115.253s)
[2022-02-07T16:53:34.228+0000][115.254s][info ][gc,stringdedup] Concurrent String Deduplication 142.1K->52792.0B(92712.0B) avg 52.9% (115.253s, 115.254s) 1.071ms
[2022-02-07T16:53:35.227+0000][116.253s][debug][safepoint     ] Safepoint synchronization initiated. (307 threads)
[2022-02-07T16:53:35.227+0000][116.253s][info ][safepoint     ] Application time: 1.0001569 seconds
[2022-02-07T16:53:35.227+0000][116.253s][info ][safepoint     ] Entering safepoint region: Cleanup
[2022-02-07T16:53:35.228+0000][116.254s][info ][safepoint     ] Leaving safepoint region
[2022-02-07T16:53:35.228+0000][116.254s][info ][safepoint     ] Total time for which application threads were stopped: 0.0004605 seconds, Stopping threads took: 0.0000730 seconds
[2022-02-07T16:53:36.228+0000][117.254s][debug][safepoint     ] Safepoint synchronization initiated. (307 threads)
[2022-02-07T16:53:36.228+0000][117.254s][info ][safepoint     ] Application time: 1.0001058 seconds
[2022-02-07T16:53:36.228+0000][117.254s][info ][safepoint     ] Entering safepoint region: Cleanup
[2022-02-07T16:53:36.228+0000][117.254s][info ][safepoint     ] Leaving safepoint region
[2022-02-07T16:53:36.228+0000][117.254s][info ][safepoint     ] Total time for which application threads were stopped: 0.0002994 seconds, Stopping threads took: 0.0000706 seconds
[2022-02-07T16:53:37.229+0000][118.255s][debug][safepoint     ] Safepoint synchronization initiated. (307 threads)
[2022-02-07T16:53:37.229+0000][118.255s][info ][safepoint     ] Application time: 1.0006723 seconds
[2022-02-07T16:53:37.229+0000][118.255s][info ][safepoint     ] Entering safepoint region: Cleanup
[2022-02-07T16:53:37.229+0000][118.255s][info ][safepoint     ] Leaving safepoint region
[2022-02-07T16:53:37.229+0000][118.255s][info ][safepoint     ] Total time for which application threads were stopped: 0.0002990 seconds, Stopping threads took: 0.0000720 seconds
[2022-02-07T16:53:38.229+0000][119.255s][debug][safepoint     ] Safepoint synchronization initiated. (307 threads)
[2022-02-07T16:53:38.229+0000][119.255s][info ][safepoint     ] Application time: 1.0001417 seconds
[2022-02-07T16:53:38.229+0000][119.255s][info ][safepoint     ] Entering safepoint region: Cleanup
[2022-02-07T16:53:38.230+0000][119.256s][info ][safepoint     ] Leaving safepoint region
[2022-02-07T16:53:38.230+0000][119.256s][info ][safepoint     ] Total time for which application threads were stopped: 0.0004314 seconds, Stopping threads took: 0.0000731 seconds
[2022-02-07T16:53:39.230+0000][120.256s][debug][safepoint     ] Safepoint synchronization initiated. (307 threads)
[2022-02-07T16:53:39.230+0000][120.256s][info ][safepoint     ] Application time: 1.0001160 seconds
[2022-02-07T16:53:39.230+0000][120.256s][info ][safepoint     ] Entering safepoint region: Cleanup
[2022-02-07T16:53:39.230+0000][120.256s][info ][safepoint     ] Leaving safepoint region
[2022-02-07T16:53:39.230+0000][120.256s][info ][safepoint     ] Total time for which application threads were stopped: 0.0004402 seconds, Stopping threads took: 0.0000797 seconds
[2022-02-07T16:53:40.230+0000][121.256s][debug][safepoint     ] Safepoint synchronization initiated. (307 threads)
[2022-02-07T16:53:40.230+0000][121.256s][info ][safepoint     ] Application time: 1.0001091 seconds
[2022-02-07T16:53:40.231+0000][121.256s][info ][safepoint     ] Entering safepoint region: Cleanup
[2022-02-07T16:53:40.231+0000][121.257s][info ][safepoint     ] Leaving safepoint region
[2022-02-07T16:53:40.231+0000][121.257s][info ][safepoint     ] Total time for which application threads were stopped: 0.0004485 seconds, Stopping threads took: 0.0000696 seconds
[2022-02-07T16:53:41.231+0000][122.257s][debug][safepoint     ] Safepoint synchronization initiated. (307 threads)
[2022-02-07T16:53:41.231+0000][122.257s][info ][safepoint     ] Application time: 1.0001199 seconds
[2022-02-07T16:53:41.231+0000][122.257s][info ][safepoint     ] Entering safepoint region: Cleanup
[2022-02-07T16:53:41.231+0000][122.257s][info ][safepoint     ] Leaving safepoint region
[2022-02-07T16:53:41.231+0000][122.257s][info ][safepoint     ] Total time for which application threads were stopped: 0.0003494 seconds, Stopping threads took: 0.0000725 seconds
[2022-02-07T16:53:42.231+0000][123.257s][debug][safepoint     ] Safepoint synchronization initiated. (307 threads)
[2022-02-07T16:53:42.232+0000][123.257s][info ][safepoint     ] Application time: 1.0001183 seconds
[2022-02-07T16:53:42.232+0000][123.257s][info ][safepoint     ] Entering safepoint region: Cleanup
[2022-02-07T16:53:42.232+0000][123.258s][info ][safepoint     ] Leaving safepoint region
[2022-02-07T16:53:42.232+0000][123.258s][info ][safepoint     ] Total time for which application threads were stopped: 0.0002987 seconds, Stopping threads took: 0.0000732 seconds
[2022-02-07T16:53:43.232+0000][124.258s][debug][safepoint     ] Safepoint synchronization initiated. (307 threads)
[2022-02-07T16:53:43.232+0000][124.258s][info ][safepoint     ] Application time: 1.0001214 seconds
[2022-02-07T16:53:43.232+0000][124.258s][info ][safepoint     ] Entering safepoint region: Cleanup
[2022-02-07T16:53:43.232+0000][124.258s][info ][safepoint     ] Leaving safepoint region
[2022-02-07T16:53:43.232+0000][124.258s][info ][safepoint     ] Total time for which application threads were stopped: 0.0003580 seconds, Stopping threads took: 0.0000979 seconds
[2022-02-07T16:53:44.232+0000][125.258s][debug][safepoint     ] Safepoint synchronization initiated. (307 threads)
[2022-02-07T16:53:44.232+0000][125.258s][info ][safepoint     ] Application time: 1.0001147 seconds
[2022-02-07T16:53:44.232+0000][125.258s][debug][safepoint     ] ... found polling page loop exception at pc = 0x00007f11b5276582, stub =0x00007f11ac8be900
[2022-02-07T16:53:44.233+0000][125.258s][debug][safepoint     ] Waiting for 1 thread(s) to block
[2022-02-07T16:53:44.233+0000][125.258s][info ][safepoint     ] Entering safepoint region: Cleanup
[2022-02-07T16:53:44.233+0000][125.259s][info ][safepoint     ] Leaving safepoint region
[2022-02-07T16:53:44.233+0000][125.259s][info ][safepoint     ] Total time for which application threads were stopped: 0.0003659 seconds, Stopping threads took: 0.0001088 seconds
[2022-02-07T16:53:45.233+0000][126.259s][debug][safepoint     ] Safepoint synchronization initiated. (307 threads)
[2022-02-07T16:53:45.233+0000][126.259s][info ][safepoint     ] Application time: 1.0001227 seconds
[2022-02-07T16:53:45.233+0000][126.259s][info ][safepoint     ] Entering safepoint region: Cleanup
[2022-02-07T16:53:45.233+0000][126.259s][info ][safepoint     ] Leaving safepoint region
[2022-02-07T16:53:45.233+0000][126.259s][info ][safepoint     ] Total time for which application threads were stopped: 0.0003394 seconds, Stopping threads took: 0.0000723 seconds
[2022-02-07T16:53:46.233+0000][127.259s][debug][safepoint     ] Safepoint synchronization initiated. (307 threads)
[2022-02-07T16:53:46.233+0000][127.259s][info ][safepoint     ] Application time: 1.0001549 seconds
[2022-02-07T16:53:46.234+0000][127.259s][info ][safepoint     ] Entering safepoint region: Cleanup
[2022-02-07T16:53:46.234+0000][127.260s][info ][safepoint     ] Leaving safepoint region
[2022-02-07T16:53:46.234+0000][127.260s][info ][safepoint     ] Total time for which application threads were stopped: 0.0003070 seconds, Stopping threads took: 0.0000750 seconds
[2022-02-07T16:53:47.234+0000][128.260s][debug][safepoint     ] Safepoint synchronization initiated. (307 threads)
[2022-02-07T16:53:47.234+0000][128.260s][info ][safepoint     ] Application time: 1.0001353 seconds
[2022-02-07T16:53:47.234+0000][128.260s][info ][safepoint     ] Entering safepoint region: Cleanup
[2022-02-07T16:53:47.234+0000][128.260s][info ][safepoint     ] Leaving safepoint region
[2022-02-07T16:53:47.234+0000][128.260s][info ][safepoint     ] Total time for which application threads were stopped: 0.0002883 seconds, Stopping threads took: 0.0000893 seconds
[2022-02-07T16:53:48.234+0000][129.260s][debug][safepoint     ] Safepoint synchronization initiated. (307 threads)
[2022-02-07T16:53:48.234+0000][129.260s][info ][safepoint     ] Application time: 1.0001586 seconds
[2022-02-07T16:53:48.234+0000][129.260s][info ][safepoint     ] Entering safepoint region: Cleanup
[2022-02-07T16:53:48.235+0000][129.261s][info ][safepoint     ] Leaving safepoint region
[2022-02-07T16:53:48.235+0000][129.261s][info ][safepoint     ] Total time for which application threads were stopped: 0.0002803 seconds, Stopping threads took: 0.0000888 seconds
[2022-02-07T16:53:49.235+0000][130.261s][debug][safepoint     ] Safepoint synchronization initiated. (307 threads)
[2022-02-07T16:53:49.235+0000][130.261s][info ][safepoint     ] Application time: 1.0001151 seconds
[2022-02-07T16:53:49.235+0000][130.261s][info ][safepoint     ] Entering safepoint region: Cleanup
[2022-02-07T16:53:49.235+0000][130.261s][info ][safepoint     ] Leaving safepoint region
[2022-02-07T16:53:49.235+0000][130.261s][info ][safepoint     ] Total time for which application threads were stopped: 0.0004518 seconds, Stopping threads took: 0.0000743 seconds
[2022-02-07T16:53:49.248+0000][130.274s][debug][safepoint     ] Safepoint synchronization initiated. (307 threads)
[2022-02-07T16:53:49.248+0000][130.274s][info ][safepoint     ] Application time: 0.0127429 seconds
[2022-02-07T16:53:49.248+0000][130.274s][info ][safepoint     ] Entering safepoint region: G1CollectForAllocation
[2022-02-07T16:53:49.249+0000][130.274s][info ][gc,start      ] GC(52) Pause Young (Normal) (G1 Evacuation Pause)
[2022-02-07T16:53:49.249+0000][130.274s][info ][gc,task       ] GC(52) Using 4 workers of 4 for evacuation
[2022-02-07T16:53:49.308+0000][130.333s][info ][gc,phases     ] GC(52)   Pre Evacuate Collection Set: 0.0ms
[2022-02-07T16:53:49.308+0000][130.334s][info ][gc,phases     ] GC(52)   Evacuate Collection Set: 42.6ms
[2022-02-07T16:53:49.308+0000][130.334s][info ][gc,phases     ] GC(52)   Post Evacuate Collection Set: 16.3ms
[2022-02-07T16:53:49.308+0000][130.334s][info ][gc,phases     ] GC(52)   Other: 0.2ms
[2022-02-07T16:53:49.308+0000][130.334s][info ][gc,heap       ] GC(52) Eden regions: 218->0(222)
[2022-02-07T16:53:49.308+0000][130.334s][info ][gc,heap       ] GC(52) Survivor regions: 16->16(30)
[2022-02-07T16:53:49.308+0000][130.334s][info ][gc,heap       ] GC(52) Old regions: 129->129
[2022-02-07T16:53:49.308+0000][130.334s][info ][gc,heap       ] GC(52) Humongous regions: 0->0
[2022-02-07T16:53:49.308+0000][130.334s][info ][gc,metaspace  ] GC(52) Metaspace: 160359K->160359K(1202176K)
[2022-02-07T16:53:49.308+0000][130.334s][info ][gc            ] GC(52) Pause Young (Normal) (G1 Evacuation Pause) 361M->143M(430M) 59.241ms
[2022-02-07T16:53:49.308+0000][130.334s][info ][gc,cpu        ] GC(52) User=0.05s Sys=0.01s Real=0.06s
[2022-02-07T16:53:49.308+0000][130.334s][info ][safepoint     ] Leaving safepoint region
[2022-02-07T16:53:49.308+0000][130.334s][info ][safepoint     ] Total time for which application threads were stopped: 0.0597901 seconds, Stopping threads took: 0.0000698 seconds
[2022-02-07T16:53:49.312+0000][130.338s][info ][gc,stringdedup] Concurrent String Deduplication (130.338s)
[2022-02-07T16:53:49.313+0000][130.339s][info ][gc,stringdedup] Concurrent String Deduplication 177.7K->53328.0B(125.6K) avg 53.1% (130.338s, 130.339s) 1.233ms
[2022-02-07T16:53:50.308+0000][131.334s][debug][safepoint     ] Safepoint synchronization initiated. (307 threads)
[2022-02-07T16:53:50.308+0000][131.334s][info ][safepoint     ] Application time: 1.0001196 seconds
[2022-02-07T16:53:50.308+0000][131.334s][info ][safepoint     ] Entering safepoint region: Cleanup
[2022-02-07T16:53:50.308+0000][131.334s][info ][safepoint     ] Leaving safepoint region
[2022-02-07T16:53:50.308+0000][131.334s][info ][safepoint     ] Total time for which application threads were stopped: 0.0004243 seconds, Stopping threads took: 0.0000723 seconds
[2022-02-07T16:53:51.309+0000][132.334s][debug][safepoint     ] Safepoint synchronization initiated. (307 threads)
[2022-02-07T16:53:51.309+0000][132.334s][info ][safepoint     ] Application time: 1.0001475 seconds
[2022-02-07T16:53:51.309+0000][132.335s][info ][safepoint     ] Entering safepoint region: Cleanup
[2022-02-07T16:53:51.309+0000][132.335s][info ][safepoint     ] Leaving safepoint region
[2022-02-07T16:53:51.309+0000][132.335s][info ][safepoint     ] Total time for which application threads were stopped: 0.0004811 seconds, Stopping threads took: 0.0000771 seconds
[2022-02-07T16:53:52.309+0000][133.335s][debug][safepoint     ] Safepoint synchronization initiated. (307 threads)
[2022-02-07T16:53:52.309+0000][133.335s][info ][safepoint     ] Application time: 1.0001157 seconds
[2022-02-07T16:53:52.309+0000][133.335s][info ][safepoint     ] Entering safepoint region: Cleanup
[2022-02-07T16:53:52.310+0000][133.335s][info ][safepoint     ] Leaving safepoint region
[2022-02-07T16:53:52.310+0000][133.335s][info ][safepoint     ] Total time for which application threads were stopped: 0.0004148 seconds, Stopping threads took: 0.0000672 seconds
[2022-02-07T16:53:53.310+0000][134.336s][debug][safepoint     ] Safepoint synchronization initiated. (307 threads)
[2022-02-07T16:53:53.310+0000][134.336s][info ][safepoint     ] Application time: 1.0001344 seconds
[2022-02-07T16:53:53.310+0000][134.336s][info ][safepoint     ] Entering safepoint region: Cleanup
[2022-02-07T16:53:53.310+0000][134.336s][info ][safepoint     ] Leaving safepoint region
[2022-02-07T16:53:53.310+0000][134.336s][info ][safepoint     ] Total time for which application threads were stopped: 0.0004374 seconds, Stopping threads took: 0.0000736 seconds
[2022-02-07T16:53:54.310+0000][135.336s][debug][safepoint     ] Safepoint synchronization initiated. (307 threads)
[2022-02-07T16:53:54.310+0000][135.336s][info ][safepoint     ] Application time: 1.0001220 seconds
[2022-02-07T16:53:54.310+0000][135.336s][info ][safepoint     ] Entering safepoint region: Cleanup
[2022-02-07T16:53:54.311+0000][135.337s][info ][safepoint     ] Leaving safepoint region
[2022-02-07T16:53:54.311+0000][135.337s][info ][safepoint     ] Total time for which application threads were stopped: 0.0004393 seconds, Stopping threads took: 0.0000734 seconds
[2022-02-07T16:53:55.311+0000][136.337s][debug][safepoint     ] Safepoint synchronization initiated. (307 threads)
[2022-02-07T16:53:55.311+0000][136.337s][info ][safepoint     ] Application time: 1.0001202 seconds
[2022-02-07T16:53:55.311+0000][136.337s][info ][safepoint     ] Entering safepoint region: Cleanup
[2022-02-07T16:53:55.311+0000][136.337s][info ][safepoint     ] Leaving safepoint region
[2022-02-07T16:53:55.311+0000][136.337s][info ][safepoint     ] Total time for which application threads were stopped: 0.0002857 seconds, Stopping threads took: 0.0000714 seconds
[2022-02-07T16:53:56.311+0000][137.337s][debug][safepoint     ] Safepoint synchronization initiated. (307 threads)
[2022-02-07T16:53:56.311+0000][137.337s][info ][safepoint     ] Application time: 1.0001129 seconds
[2022-02-07T16:53:56.311+0000][137.337s][info ][safepoint     ] Entering safepoint region: Cleanup
[2022-02-07T16:53:56.312+0000][137.338s][info ][safepoint     ] Leaving safepoint region
[2022-02-07T16:53:56.312+0000][137.338s][info ][safepoint     ] Total time for which application threads were stopped: 0.0002877 seconds, Stopping threads took: 0.0000719 seconds
[2022-02-07T16:53:57.312+0000][138.338s][debug][safepoint     ] Safepoint synchronization initiated. (308 threads)
[2022-02-07T16:53:57.312+0000][138.338s][info ][safepoint     ] Application time: 1.0001174 seconds
[2022-02-07T16:53:57.312+0000][138.338s][info ][safepoint     ] Entering safepoint region: Cleanup
[2022-02-07T16:53:57.312+0000][138.338s][info ][safepoint     ] Leaving safepoint region
[2022-02-07T16:53:57.312+0000][138.338s][info ][safepoint     ] Total time for which application threads were stopped: 0.0003193 seconds, Stopping threads took: 0.0000702 seconds
[2022-02-07T16:53:58.312+0000][139.338s][debug][safepoint     ] Safepoint synchronization initiated. (307 threads)
[2022-02-07T16:53:58.312+0000][139.338s][info ][safepoint     ] Application time: 1.0001147 seconds
[2022-02-07T16:53:58.312+0000][139.338s][info ][safepoint     ] Entering safepoint region: Cleanup
[2022-02-07T16:53:58.313+0000][139.338s][info ][safepoint     ] Leaving safepoint region
[2022-02-07T16:53:58.313+0000][139.338s][info ][safepoint     ] Total time for which application threads were stopped: 0.0003058 seconds, Stopping threads took: 0.0000717 seconds
[2022-02-07T16:53:59.313+0000][140.339s][debug][safepoint     ] Safepoint synchronization initiated. (307 threads)
[2022-02-07T16:53:59.313+0000][140.339s][info ][safepoint     ] Application time: 1.0001541 seconds
[2022-02-07T16:53:59.313+0000][140.339s][info ][safepoint     ] Entering safepoint region: Cleanup
[2022-02-07T16:53:59.313+0000][140.339s][info ][safepoint     ] Leaving safepoint region
[2022-02-07T16:53:59.313+0000][140.339s][info ][safepoint     ] Total time for which application threads were stopped: 0.0003403 seconds, Stopping threads took: 0.0000721 seconds
[2022-02-07T16:54:00.313+0000][141.339s][debug][safepoint     ] Safepoint synchronization initiated. (307 threads)
[2022-02-07T16:54:00.313+0000][141.339s][info ][safepoint     ] Application time: 1.0001242 seconds
[2022-02-07T16:54:00.313+0000][141.339s][info ][safepoint     ] Entering safepoint region: Cleanup
[2022-02-07T16:54:00.314+0000][141.339s][info ][safepoint     ] Leaving safepoint region
[2022-02-07T16:54:00.314+0000][141.339s][info ][safepoint     ] Total time for which application threads were stopped: 0.0003029 seconds, Stopping threads took: 0.0000713 seconds
[2022-02-07T16:54:01.314+0000][142.340s][debug][safepoint     ] Safepoint synchronization initiated. (307 threads)
[2022-02-07T16:54:01.314+0000][142.340s][info ][safepoint     ] Application time: 1.0001507 seconds
[2022-02-07T16:54:01.314+0000][142.340s][info ][safepoint     ] Entering safepoint region: Cleanup
[2022-02-07T16:54:01.314+0000][142.340s][info ][safepoint     ] Leaving safepoint region
[2022-02-07T16:54:01.314+0000][142.340s][info ][safepoint     ] Total time for which application threads were stopped: 0.0003204 seconds, Stopping threads took: 0.0000708 seconds
[2022-02-07T16:54:02.314+0000][143.340s][debug][safepoint     ] Safepoint synchronization initiated. (307 threads)
[2022-02-07T16:54:02.314+0000][143.340s][info ][safepoint     ] Application time: 1.0001181 seconds
[2022-02-07T16:54:02.314+0000][143.340s][info ][safepoint     ] Entering safepoint region: Cleanup
[2022-02-07T16:54:02.314+0000][143.340s][info ][safepoint     ] Leaving safepoint region
[2022-02-07T16:54:02.314+0000][143.340s][info ][safepoint     ] Total time for which application threads were stopped: 0.0002975 seconds, Stopping threads took: 0.0000693 seconds
[2022-02-07T16:54:02.663+0000][143.689s][debug][safepoint     ] Safepoint synchronization initiated. (307 threads)
[2022-02-07T16:54:02.663+0000][143.689s][info ][safepoint     ] Application time: 0.3485717 seconds
[2022-02-07T16:54:02.663+0000][143.689s][info ][safepoint     ] Entering safepoint region: G1CollectForAllocation
[2022-02-07T16:54:02.664+0000][143.689s][info ][gc,start      ] GC(53) Pause Young (Normal) (G1 Evacuation Pause)
[2022-02-07T16:54:02.664+0000][143.689s][info ][gc,task       ] GC(53) Using 4 workers of 4 for evacuation
[2022-02-07T16:54:02.711+0000][143.737s][info ][gc,phases     ] GC(53)   Pre Evacuate Collection Set: 0.0ms
[2022-02-07T16:54:02.711+0000][143.737s][info ][gc,phases     ] GC(53)   Evacuate Collection Set: 37.9ms
[2022-02-07T16:54:02.711+0000][143.737s][info ][gc,phases     ] GC(53)   Post Evacuate Collection Set: 9.6ms
[2022-02-07T16:54:02.711+0000][143.737s][info ][gc,phases     ] GC(53)   Other: 0.3ms
[2022-02-07T16:54:02.711+0000][143.737s][info ][gc,heap       ] GC(53) Eden regions: 222->0(224)
[2022-02-07T16:54:02.711+0000][143.737s][info ][gc,heap       ] GC(53) Survivor regions: 16->16(30)
[2022-02-07T16:54:02.711+0000][143.737s][info ][gc,heap       ] GC(53) Old regions: 129->129
[2022-02-07T16:54:02.711+0000][143.737s][info ][gc,heap       ] GC(53) Humongous regions: 0->0
[2022-02-07T16:54:02.711+0000][143.737s][info ][gc,metaspace  ] GC(53) Metaspace: 160581K->160581K(1202176K)
[2022-02-07T16:54:02.711+0000][143.737s][info ][gc            ] GC(53) Pause Young (Normal) (G1 Evacuation Pause) 365M->143M(430M) 47.891ms
[2022-02-07T16:54:02.711+0000][143.737s][info ][gc,cpu        ] GC(53) User=0.06s Sys=0.00s Real=0.05s
[2022-02-07T16:54:02.711+0000][143.737s][info ][safepoint     ] Leaving safepoint region
[2022-02-07T16:54:02.711+0000][143.737s][info ][safepoint     ] Total time for which application threads were stopped: 0.0484412 seconds, Stopping threads took: 0.0000676 seconds
[2022-02-07T16:54:02.712+0000][143.738s][info ][gc,stringdedup] Concurrent String Deduplication (143.738s)
[2022-02-07T16:54:02.712+0000][143.738s][info ][gc,stringdedup] Concurrent String Deduplication 2080.0B->472.0B(1608.0B) avg 53.1% (143.738s, 143.738s) 0.077ms
[2022-02-07T16:54:03.712+0000][144.737s][debug][safepoint     ] Safepoint synchronization initiated. (307 threads)
[2022-02-07T16:54:03.712+0000][144.737s][info ][safepoint     ] Application time: 1.0001371 seconds
[2022-02-07T16:54:03.712+0000][144.738s][info ][safepoint     ] Entering safepoint region: Cleanup
[2022-02-07T16:54:03.712+0000][144.738s][info ][safepoint     ] Leaving safepoint region
[2022-02-07T16:54:03.712+0000][144.738s][info ][safepoint     ] Total time for which application threads were stopped: 0.0003265 seconds, Stopping threads took: 0.0000904 seconds
[2022-02-07T16:54:04.712+0000][145.738s][debug][safepoint     ] Safepoint synchronization initiated. (307 threads)
[2022-02-07T16:54:04.712+0000][145.738s][info ][safepoint     ] Application time: 1.0001157 seconds
[2022-02-07T16:54:04.712+0000][145.738s][info ][safepoint     ] Entering safepoint region: Cleanup
[2022-02-07T16:54:04.712+0000][145.738s][info ][safepoint     ] Leaving safepoint region
[2022-02-07T16:54:04.712+0000][145.738s][info ][safepoint     ] Total time for which application threads were stopped: 0.0002427 seconds, Stopping threads took: 0.0000645 seconds
[2022-02-07T16:54:05.712+0000][146.738s][debug][safepoint     ] Safepoint synchronization initiated. (307 threads)
[2022-02-07T16:54:05.712+0000][146.738s][info ][safepoint     ] Application time: 1.0001260 seconds
[2022-02-07T16:54:05.713+0000][146.738s][debug][safepoint     ] ... found polling page return exception at pc = 0x00007f11b476701b, stub =0x00007f11ac8beb80
[2022-02-07T16:54:05.713+0000][146.738s][debug][safepoint     ] Waiting for 1 thread(s) to block
[2022-02-07T16:54:05.713+0000][146.738s][info ][safepoint     ] Entering safepoint region: Cleanup
[2022-02-07T16:54:05.713+0000][146.739s][info ][safepoint     ] Leaving safepoint region
[2022-02-07T16:54:05.713+0000][146.739s][info ][safepoint     ] Total time for which application threads were stopped: 0.0003362 seconds, Stopping threads took: 0.0001121 seconds
[2022-02-07T16:54:06.713+0000][147.739s][debug][safepoint     ] Safepoint synchronization initiated. (307 threads)
[2022-02-07T16:54:06.713+0000][147.739s][info ][safepoint     ] Application time: 1.0001201 seconds
[2022-02-07T16:54:06.713+0000][147.739s][info ][safepoint     ] Entering safepoint region: Cleanup
[2022-02-07T16:54:06.713+0000][147.739s][info ][safepoint     ] Leaving safepoint region
[2022-02-07T16:54:06.713+0000][147.739s][info ][safepoint     ] Total time for which application threads were stopped: 0.0003288 seconds, Stopping threads took: 0.0000798 seconds
[2022-02-07T16:54:07.713+0000][148.739s][debug][safepoint     ] Safepoint synchronization initiated. (307 threads)
[2022-02-07T16:54:07.713+0000][148.739s][info ][safepoint     ] Application time: 1.0001457 seconds
[2022-02-07T16:54:07.714+0000][148.739s][info ][safepoint     ] Entering safepoint region: Cleanup
[2022-02-07T16:54:07.714+0000][148.740s][info ][safepoint     ] Leaving safepoint region
[2022-02-07T16:54:07.714+0000][148.740s][info ][safepoint     ] Total time for which application threads were stopped: 0.0003388 seconds, Stopping threads took: 0.0000728 seconds
[2022-02-07T16:54:08.714+0000][149.740s][debug][safepoint     ] Safepoint synchronization initiated. (307 threads)
[2022-02-07T16:54:08.714+0000][149.740s][info ][safepoint     ] Application time: 1.0001085 seconds
[2022-02-07T16:54:08.714+0000][149.740s][info ][safepoint     ] Entering safepoint region: Cleanup
[2022-02-07T16:54:08.714+0000][149.740s][info ][safepoint     ] Leaving safepoint region
[2022-02-07T16:54:08.714+0000][149.740s][info ][safepoint     ] Total time for which application threads were stopped: 0.0003072 seconds, Stopping threads took: 0.0000656 seconds
[2022-02-07T16:54:09.714+0000][150.740s][debug][safepoint     ] Safepoint synchronization initiated. (307 threads)
[2022-02-07T16:54:09.714+0000][150.740s][info ][safepoint     ] Application time: 1.0001072 seconds
[2022-02-07T16:54:09.714+0000][150.740s][info ][safepoint     ] Entering safepoint region: Cleanup
[2022-02-07T16:54:09.715+0000][150.740s][info ][safepoint     ] Leaving safepoint region
[2022-02-07T16:54:09.715+0000][150.740s][info ][safepoint     ] Total time for which application threads were stopped: 0.0002491 seconds, Stopping threads took: 0.0000623 seconds
[2022-02-07T16:54:10.715+0000][151.741s][debug][safepoint     ] Safepoint synchronization initiated. (307 threads)
[2022-02-07T16:54:10.715+0000][151.741s][info ][safepoint     ] Application time: 1.0001378 seconds
[2022-02-07T16:54:10.715+0000][151.741s][info ][safepoint     ] Entering safepoint region: Cleanup
[2022-02-07T16:54:10.715+0000][151.741s][info ][safepoint     ] Leaving safepoint region
[2022-02-07T16:54:10.715+0000][151.741s][info ][safepoint     ] Total time for which application threads were stopped: 0.0002994 seconds, Stopping threads took: 0.0000699 seconds
[2022-02-07T16:54:11.715+0000][152.741s][debug][safepoint     ] Safepoint synchronization initiated. (307 threads)
[2022-02-07T16:54:11.715+0000][152.741s][info ][safepoint     ] Application time: 1.0001157 seconds
[2022-02-07T16:54:11.715+0000][152.741s][info ][safepoint     ] Entering safepoint region: Cleanup
[2022-02-07T16:54:11.716+0000][152.741s][info ][safepoint     ] Leaving safepoint region
[2022-02-07T16:54:11.716+0000][152.741s][info ][safepoint     ] Total time for which application threads were stopped: 0.0003165 seconds, Stopping threads took: 0.0000756 seconds
[2022-02-07T16:54:12.716+0000][153.741s][debug][safepoint     ] Safepoint synchronization initiated. (307 threads)
[2022-02-07T16:54:12.716+0000][153.742s][info ][safepoint     ] Application time: 1.0001214 seconds
[2022-02-07T16:54:12.716+0000][153.742s][info ][safepoint     ] Entering safepoint region: Cleanup
[2022-02-07T16:54:12.716+0000][153.742s][info ][safepoint     ] Leaving safepoint region
[2022-02-07T16:54:12.716+0000][153.742s][info ][safepoint     ] Total time for which application threads were stopped: 0.0004601 seconds, Stopping threads took: 0.0000795 seconds
[2022-02-07T16:54:13.716+0000][154.742s][debug][safepoint     ] Safepoint synchronization initiated. (306 threads)
[2022-02-07T16:54:13.716+0000][154.742s][info ][safepoint     ] Application time: 1.0001331 seconds
[2022-02-07T16:54:13.716+0000][154.742s][info ][safepoint     ] Entering safepoint region: Cleanup
[2022-02-07T16:54:13.717+0000][154.742s][info ][safepoint     ] Leaving safepoint region
[2022-02-07T16:54:13.717+0000][154.742s][info ][safepoint     ] Total time for which application threads were stopped: 0.0002981 seconds, Stopping threads took: 0.0000683 seconds
[2022-02-07T16:54:14.717+0000][155.743s][debug][safepoint     ] Safepoint synchronization initiated. (306 threads)
[2022-02-07T16:54:14.717+0000][155.743s][info ][safepoint     ] Application time: 1.0001200 seconds
[2022-02-07T16:54:14.717+0000][155.743s][info ][safepoint     ] Entering safepoint region: Cleanup
[2022-02-07T16:54:14.717+0000][155.743s][info ][safepoint     ] Leaving safepoint region
[2022-02-07T16:54:14.717+0000][155.743s][info ][safepoint     ] Total time for which application threads were stopped: 0.0002629 seconds, Stopping threads took: 0.0000712 seconds
[2022-02-07T16:54:15.717+0000][156.743s][debug][safepoint     ] Safepoint synchronization initiated. (306 threads)
[2022-02-07T16:54:15.717+0000][156.743s][info ][safepoint     ] Application time: 1.0001183 seconds
[2022-02-07T16:54:15.717+0000][156.743s][info ][safepoint     ] Entering safepoint region: Cleanup
[2022-02-07T16:54:15.717+0000][156.743s][info ][safepoint     ] Leaving safepoint region
[2022-02-07T16:54:15.717+0000][156.743s][info ][safepoint     ] Total time for which application threads were stopped: 0.0002312 seconds, Stopping threads took: 0.0000690 seconds
[2022-02-07T16:54:16.717+0000][157.743s][debug][safepoint     ] Safepoint synchronization initiated. (306 threads)
[2022-02-07T16:54:16.717+0000][157.743s][info ][safepoint     ] Application time: 1.0001110 seconds
[2022-02-07T16:54:16.718+0000][157.743s][info ][safepoint     ] Entering safepoint region: Cleanup
[2022-02-07T16:54:16.718+0000][157.744s][info ][safepoint     ] Leaving safepoint region
[2022-02-07T16:54:16.718+0000][157.744s][info ][safepoint     ] Total time for which application threads were stopped: 0.0004517 seconds, Stopping threads took: 0.0000715 seconds
[2022-02-07T16:54:17.718+0000][158.744s][debug][safepoint     ] Safepoint synchronization initiated. (306 threads)
[2022-02-07T16:54:17.718+0000][158.744s][info ][safepoint     ] Application time: 1.0001544 seconds
[2022-02-07T16:54:17.718+0000][158.744s][info ][safepoint     ] Entering safepoint region: Cleanup
[2022-02-07T16:54:17.718+0000][158.744s][info ][safepoint     ] Leaving safepoint region
[2022-02-07T16:54:17.718+0000][158.744s][info ][safepoint     ] Total time for which application threads were stopped: 0.0002825 seconds, Stopping threads took: 0.0000678 seconds
[2022-02-07T16:54:18.718+0000][159.744s][debug][safepoint     ] Safepoint synchronization initiated. (306 threads)
[2022-02-07T16:54:18.719+0000][159.744s][info ][safepoint     ] Application time: 1.0001331 seconds
[2022-02-07T16:54:18.719+0000][159.744s][debug][safepoint     ] Waiting for 1 thread(s) to block
[2022-02-07T16:54:18.719+0000][159.744s][info ][safepoint     ] Entering safepoint region: Cleanup
[2022-02-07T16:54:18.719+0000][159.745s][info ][safepoint     ] Leaving safepoint region
[2022-02-07T16:54:18.719+0000][159.745s][info ][safepoint     ] Total time for which application threads were stopped: 0.0003201 seconds, Stopping threads took: 0.0000957 seconds
[2022-02-07T16:54:19.273+0000][160.299s][debug][safepoint     ] Safepoint synchronization initiated. (306 threads)
[2022-02-07T16:54:19.273+0000][160.299s][info ][safepoint     ] Application time: 0.5539971 seconds
[2022-02-07T16:54:19.273+0000][160.299s][debug][safepoint     ] ... found polling page return exception at pc = 0x00007f11b4c0b718, stub =0x00007f11ac8beb80
[2022-02-07T16:54:19.273+0000][160.299s][debug][safepoint     ] Waiting for 2 thread(s) to block
[2022-02-07T16:54:19.273+0000][160.299s][info ][safepoint     ] Entering safepoint region: G1CollectForAllocation
[2022-02-07T16:54:19.273+0000][160.299s][info ][gc,start      ] GC(54) Pause Young (Normal) (G1 Evacuation Pause)
[2022-02-07T16:54:19.273+0000][160.299s][info ][gc,task       ] GC(54) Using 4 workers of 4 for evacuation
[2022-02-07T16:54:19.337+0000][160.362s][info ][gc,phases     ] GC(54)   Pre Evacuate Collection Set: 0.0ms
[2022-02-07T16:54:19.337+0000][160.363s][info ][gc,phases     ] GC(54)   Evacuate Collection Set: 54.1ms
[2022-02-07T16:54:19.337+0000][160.363s][info ][gc,phases     ] GC(54)   Post Evacuate Collection Set: 9.0ms
[2022-02-07T16:54:19.337+0000][160.363s][info ][gc,phases     ] GC(54)   Other: 0.3ms
[2022-02-07T16:54:19.337+0000][160.363s][info ][gc,heap       ] GC(54) Eden regions: 224->0(226)
[2022-02-07T16:54:19.337+0000][160.363s][info ][gc,heap       ] GC(54) Survivor regions: 16->16(30)
[2022-02-07T16:54:19.337+0000][160.363s][info ][gc,heap       ] GC(54) Old regions: 129->129
[2022-02-07T16:54:19.337+0000][160.363s][info ][gc,heap       ] GC(54) Humongous regions: 0->0
[2022-02-07T16:54:19.337+0000][160.363s][info ][gc,metaspace  ] GC(54) Metaspace: 160715K->160715K(1202176K)
[2022-02-07T16:54:19.337+0000][160.363s][info ][gc            ] GC(54) Pause Young (Normal) (G1 Evacuation Pause) 367M->143M(430M) 63.552ms
[2022-02-07T16:54:19.337+0000][160.363s][info ][gc,cpu        ] GC(54) User=0.06s Sys=0.00s Real=0.06s
[2022-02-07T16:54:19.337+0000][160.363s][info ][safepoint     ] Leaving safepoint region
[2022-02-07T16:54:19.337+0000][160.363s][info ][safepoint     ] Total time for which application threads were stopped: 0.0640026 seconds, Stopping threads took: 0.0001078 seconds
[2022-02-07T16:54:19.338+0000][160.363s][info ][gc,stringdedup] Concurrent String Deduplication (160.363s)
[2022-02-07T16:54:19.338+0000][160.363s][info ][gc,stringdedup] Concurrent String Deduplication 1984.0B->392.0B(1592.0B) avg 53.1% (160.363s, 160.363s) 0.065ms
[2022-02-07T16:54:20.345+0000][161.371s][debug][safepoint     ] Safepoint synchronization initiated. (306 threads)
[2022-02-07T16:54:20.345+0000][161.371s][info ][safepoint     ] Application time: 1.0079499 seconds
[2022-02-07T16:54:20.345+0000][161.371s][info ][safepoint     ] Entering safepoint region: Cleanup
[2022-02-07T16:54:20.345+0000][161.371s][info ][safepoint     ] Leaving safepoint region
[2022-02-07T16:54:20.345+0000][161.371s][info ][safepoint     ] Total time for which application threads were stopped: 0.0003507 seconds, Stopping threads took: 0.0000792 seconds
[2022-02-07T16:54:21.345+0000][162.371s][debug][safepoint     ] Safepoint synchronization initiated. (306 threads)
[2022-02-07T16:54:21.345+0000][162.371s][info ][safepoint     ] Application time: 1.0001099 seconds
[2022-02-07T16:54:21.345+0000][162.371s][debug][safepoint     ] Waiting for 1 thread(s) to block
[2022-02-07T16:54:21.345+0000][162.371s][info ][safepoint     ] Entering safepoint region: Cleanup
[2022-02-07T16:54:21.346+0000][162.372s][info ][safepoint     ] Leaving safepoint region
[2022-02-07T16:54:21.346+0000][162.372s][info ][safepoint     ] Total time for which application threads were stopped: 0.0003817 seconds, Stopping threads took: 0.0001518 seconds
[2022-02-07T16:54:22.346+0000][163.372s][debug][safepoint     ] Safepoint synchronization initiated. (306 threads)
[2022-02-07T16:54:22.346+0000][163.372s][info ][safepoint     ] Application time: 1.0001218 seconds
[2022-02-07T16:54:22.346+0000][163.372s][info ][safepoint     ] Entering safepoint region: Cleanup
[2022-02-07T16:54:22.346+0000][163.372s][info ][safepoint     ] Leaving safepoint region
[2022-02-07T16:54:22.346+0000][163.372s][info ][safepoint     ] Total time for which application threads were stopped: 0.0002585 seconds, Stopping threads took: 0.0000735 seconds
[2022-02-07T16:54:23.346+0000][164.372s][debug][safepoint     ] Safepoint synchronization initiated. (306 threads)
[2022-02-07T16:54:23.346+0000][164.372s][info ][safepoint     ] Application time: 1.0001274 seconds
[2022-02-07T16:54:23.346+0000][164.372s][info ][safepoint     ] Entering safepoint region: Cleanup
[2022-02-07T16:54:23.346+0000][164.372s][info ][safepoint     ] Leaving safepoint region
[2022-02-07T16:54:23.346+0000][164.372s][info ][safepoint     ] Total time for which application threads were stopped: 0.0002321 seconds, Stopping threads took: 0.0000682 seconds
[2022-02-07T16:54:24.347+0000][165.372s][debug][safepoint     ] Safepoint synchronization initiated. (306 threads)
[2022-02-07T16:54:24.347+0000][165.372s][info ][safepoint     ] Application time: 1.0001206 seconds
[2022-02-07T16:54:24.347+0000][165.373s][info ][safepoint     ] Entering safepoint region: Cleanup
[2022-02-07T16:54:24.347+0000][165.373s][info ][safepoint     ] Leaving safepoint region
[2022-02-07T16:54:24.347+0000][165.373s][info ][safepoint     ] Total time for which application threads were stopped: 0.0002233 seconds, Stopping threads took: 0.0000711 seconds
[2022-02-07T16:54:25.347+0000][166.373s][debug][safepoint     ] Safepoint synchronization initiated. (306 threads)
[2022-02-07T16:54:25.347+0000][166.373s][info ][safepoint     ] Application time: 1.0001116 seconds
[2022-02-07T16:54:25.347+0000][166.373s][info ][safepoint     ] Entering safepoint region: Cleanup
[2022-02-07T16:54:25.347+0000][166.373s][info ][safepoint     ] Leaving safepoint region
[2022-02-07T16:54:25.347+0000][166.373s][info ][safepoint     ] Total time for which application threads were stopped: 0.0002840 seconds, Stopping threads took: 0.0000705 seconds
[2022-02-07T16:54:26.347+0000][167.373s][debug][safepoint     ] Safepoint synchronization initiated. (306 threads)
[2022-02-07T16:54:26.347+0000][167.373s][info ][safepoint     ] Application time: 1.0001268 seconds
[2022-02-07T16:54:26.347+0000][167.373s][info ][safepoint     ] Entering safepoint region: Cleanup
[2022-02-07T16:54:26.348+0000][167.374s][info ][safepoint     ] Leaving safepoint region
[2022-02-07T16:54:26.348+0000][167.374s][info ][safepoint     ] Total time for which application threads were stopped: 0.0003100 seconds, Stopping threads took: 0.0000720 seconds
[2022-02-07T16:54:27.348+0000][168.374s][debug][safepoint     ] Safepoint synchronization initiated. (306 threads)
[2022-02-07T16:54:27.348+0000][168.374s][info ][safepoint     ] Application time: 1.0001361 seconds
[2022-02-07T16:54:27.348+0000][168.374s][info ][safepoint     ] Entering safepoint region: Cleanup
[2022-02-07T16:54:27.348+0000][168.374s][info ][safepoint     ] Leaving safepoint region
[2022-02-07T16:54:27.348+0000][168.374s][info ][safepoint     ] Total time for which application threads were stopped: 0.0003267 seconds, Stopping threads took: 0.0000709 seconds
[2022-02-07T16:54:28.348+0000][169.374s][debug][safepoint     ] Safepoint synchronization initiated. (306 threads)
[2022-02-07T16:54:28.348+0000][169.374s][info ][safepoint     ] Application time: 1.0001050 seconds
[2022-02-07T16:54:28.348+0000][169.374s][debug][safepoint     ] ... found polling page return exception at pc = 0x00007f11b45ef5be, stub =0x00007f11ac8beb80
[2022-02-07T16:54:28.348+0000][169.374s][debug][safepoint     ] Waiting for 1 thread(s) to block
[2022-02-07T16:54:28.348+0000][169.374s][info ][safepoint     ] Entering safepoint region: Cleanup
[2022-02-07T16:54:28.349+0000][169.374s][info ][safepoint     ] Leaving safepoint region
[2022-02-07T16:54:28.349+0000][169.375s][info ][safepoint     ] Total time for which application threads were stopped: 0.0003322 seconds, Stopping threads took: 0.0001122 seconds
[2022-02-07T16:54:29.349+0000][170.375s][debug][safepoint     ] Safepoint synchronization initiated. (306 threads)
[2022-02-07T16:54:29.349+0000][170.375s][info ][safepoint     ] Application time: 1.0001138 seconds
[2022-02-07T16:54:29.349+0000][170.375s][info ][safepoint     ] Entering safepoint region: Cleanup
[2022-02-07T16:54:29.349+0000][170.375s][info ][safepoint     ] Leaving safepoint region
[2022-02-07T16:54:29.349+0000][170.375s][info ][safepoint     ] Total time for which application threads were stopped: 0.0003004 seconds, Stopping threads took: 0.0000712 seconds
[2022-02-07T16:54:30.349+0000][171.375s][debug][safepoint     ] Safepoint synchronization initiated. (306 threads)
[2022-02-07T16:54:30.349+0000][171.375s][info ][safepoint     ] Application time: 1.0001173 seconds
[2022-02-07T16:54:30.349+0000][171.375s][info ][safepoint     ] Entering safepoint region: Cleanup
[2022-02-07T16:54:30.349+0000][171.375s][info ][safepoint     ] Leaving safepoint region
[2022-02-07T16:54:30.350+0000][171.375s][info ][safepoint     ] Total time for which application threads were stopped: 0.0002943 seconds, Stopping threads took: 0.0000733 seconds
[2022-02-07T16:54:31.350+0000][172.375s][debug][safepoint     ] Safepoint synchronization initiated. (306 threads)
[2022-02-07T16:54:31.350+0000][172.375s][info ][safepoint     ] Application time: 1.0001115 seconds
[2022-02-07T16:54:31.350+0000][172.376s][info ][safepoint     ] Entering safepoint region: Cleanup
[2022-02-07T16:54:31.350+0000][172.376s][info ][safepoint     ] Leaving safepoint region
[2022-02-07T16:54:31.350+0000][172.376s][info ][safepoint     ] Total time for which application threads were stopped: 0.0003198 seconds, Stopping threads took: 0.0000722 seconds
[2022-02-07T16:54:32.350+0000][173.376s][debug][safepoint     ] Safepoint synchronization initiated. (306 threads)
[2022-02-07T16:54:32.350+0000][173.376s][info ][safepoint     ] Application time: 1.0001062 seconds
[2022-02-07T16:54:32.350+0000][173.376s][info ][safepoint     ] Entering safepoint region: Cleanup
[2022-02-07T16:54:32.350+0000][173.376s][info ][safepoint     ] Leaving safepoint region
[2022-02-07T16:54:32.350+0000][173.376s][info ][safepoint     ] Total time for which application threads were stopped: 0.0003187 seconds, Stopping threads took: 0.0000762 seconds
[2022-02-07T16:54:33.350+0000][174.376s][debug][safepoint     ] Safepoint synchronization initiated. (306 threads)
[2022-02-07T16:54:33.351+0000][174.376s][info ][safepoint     ] Application time: 1.0001162 seconds
[2022-02-07T16:54:33.351+0000][174.376s][info ][safepoint     ] Entering safepoint region: Cleanup
[2022-02-07T16:54:33.351+0000][174.377s][info ][safepoint     ] Leaving safepoint region
[2022-02-07T16:54:33.351+0000][174.377s][info ][safepoint     ] Total time for which application threads were stopped: 0.0004371 seconds, Stopping threads took: 0.0000758 seconds
[2022-02-07T16:54:34.351+0000][175.377s][debug][safepoint     ] Safepoint synchronization initiated. (306 threads)
[2022-02-07T16:54:34.351+0000][175.377s][info ][safepoint     ] Application time: 1.0001403 seconds
[2022-02-07T16:54:34.351+0000][175.377s][info ][safepoint     ] Entering safepoint region: Cleanup
[2022-02-07T16:54:34.352+0000][175.377s][info ][safepoint     ] Leaving safepoint region
[2022-02-07T16:54:34.352+0000][175.377s][info ][safepoint     ] Total time for which application threads were stopped: 0.0004301 seconds, Stopping threads took: 0.0000765 seconds
[2022-02-07T16:54:34.714+0000][175.740s][debug][safepoint     ] Safepoint synchronization initiated. (306 threads)
[2022-02-07T16:54:34.714+0000][175.740s][info ][safepoint     ] Application time: 0.3625935 seconds
[2022-02-07T16:54:34.714+0000][175.740s][info ][safepoint     ] Entering safepoint region: G1CollectForAllocation
[2022-02-07T16:54:34.715+0000][175.740s][info ][gc,start      ] GC(55) Pause Young (Normal) (G1 Evacuation Pause)
[2022-02-07T16:54:34.715+0000][175.740s][info ][gc,task       ] GC(55) Using 4 workers of 4 for evacuation
[2022-02-07T16:54:34.746+0000][175.772s][info ][gc,phases     ] GC(55)   Pre Evacuate Collection Set: 0.0ms
[2022-02-07T16:54:34.746+0000][175.772s][info ][gc,phases     ] GC(55)   Evacuate Collection Set: 19.7ms
[2022-02-07T16:54:34.746+0000][175.772s][info ][gc,phases     ] GC(55)   Post Evacuate Collection Set: 12.0ms
[2022-02-07T16:54:34.746+0000][175.772s][info ][gc,phases     ] GC(55)   Other: 0.3ms
[2022-02-07T16:54:34.746+0000][175.772s][info ][gc,heap       ] GC(55) Eden regions: 226->0(226)
[2022-02-07T16:54:34.746+0000][175.772s][info ][gc,heap       ] GC(55) Survivor regions: 16->16(31)
[2022-02-07T16:54:34.746+0000][175.772s][info ][gc,heap       ] GC(55) Old regions: 129->129
[2022-02-07T16:54:34.746+0000][175.772s][info ][gc,heap       ] GC(55) Humongous regions: 0->0
[2022-02-07T16:54:34.746+0000][175.772s][info ][gc,metaspace  ] GC(55) Metaspace: 160842K->160842K(1202176K)
[2022-02-07T16:54:34.747+0000][175.772s][info ][gc            ] GC(55) Pause Young (Normal) (G1 Evacuation Pause) 369M->143M(430M) 32.015ms
[2022-02-07T16:54:34.747+0000][175.772s][info ][gc,cpu        ] GC(55) User=0.06s Sys=0.00s Real=0.03s
[2022-02-07T16:54:34.747+0000][175.772s][info ][safepoint     ] Leaving safepoint region
[2022-02-07T16:54:34.747+0000][175.772s][info ][safepoint     ] Total time for which application threads were stopped: 0.0324512 seconds, Stopping threads took: 0.0000801 seconds
[2022-02-07T16:54:34.747+0000][175.773s][info ][gc,stringdedup] Concurrent String Deduplication (175.773s)
[2022-02-07T16:54:34.747+0000][175.773s][info ][gc,stringdedup] Concurrent String Deduplication 6552.0B->2336.0B(4216.0B) avg 53.1% (175.773s, 175.773s) 0.072ms
[2022-02-07T16:54:35.747+0000][176.773s][debug][safepoint     ] Safepoint synchronization initiated. (306 threads)
[2022-02-07T16:54:35.747+0000][176.773s][info ][safepoint     ] Application time: 1.0001249 seconds
[2022-02-07T16:54:35.747+0000][176.773s][info ][safepoint     ] Entering safepoint region: Cleanup
[2022-02-07T16:54:35.747+0000][176.773s][info ][safepoint     ] Leaving safepoint region
[2022-02-07T16:54:35.747+0000][176.773s][info ][safepoint     ] Total time for which application threads were stopped: 0.0002878 seconds, Stopping threads took: 0.0000713 seconds
[2022-02-07T16:54:36.747+0000][177.773s][debug][safepoint     ] Safepoint synchronization initiated. (306 threads)
[2022-02-07T16:54:36.747+0000][177.773s][info ][safepoint     ] Application time: 1.0001214 seconds
[2022-02-07T16:54:36.747+0000][177.773s][info ][safepoint     ] Entering safepoint region: Cleanup
[2022-02-07T16:54:36.748+0000][177.773s][info ][safepoint     ] Leaving safepoint region
[2022-02-07T16:54:36.748+0000][177.773s][info ][safepoint     ] Total time for which application threads were stopped: 0.0004467 seconds, Stopping threads took: 0.0000888 seconds
[2022-02-07T16:54:37.748+0000][178.774s][debug][safepoint     ] Safepoint synchronization initiated. (306 threads)
[2022-02-07T16:54:37.748+0000][178.774s][info ][safepoint     ] Application time: 1.0001191 seconds
[2022-02-07T16:54:37.748+0000][178.774s][info ][safepoint     ] Entering safepoint region: Cleanup
[2022-02-07T16:54:37.748+0000][178.774s][info ][safepoint     ] Leaving safepoint region
[2022-02-07T16:54:37.748+0000][178.774s][info ][safepoint     ] Total time for which application threads were stopped: 0.0003013 seconds, Stopping threads took: 0.0000745 seconds
[2022-02-07T16:54:38.748+0000][179.774s][debug][safepoint     ] Safepoint synchronization initiated. (306 threads)
[2022-02-07T16:54:38.748+0000][179.774s][info ][safepoint     ] Application time: 1.0001148 seconds
[2022-02-07T16:54:38.748+0000][179.774s][info ][safepoint     ] Entering safepoint region: Cleanup
[2022-02-07T16:54:38.749+0000][179.774s][info ][safepoint     ] Leaving safepoint region
[2022-02-07T16:54:38.749+0000][179.774s][info ][safepoint     ] Total time for which application threads were stopped: 0.0003085 seconds, Stopping threads took: 0.0000800 seconds
[2022-02-07T16:54:39.749+0000][180.774s][debug][safepoint     ] Safepoint synchronization initiated. (306 threads)
[2022-02-07T16:54:39.749+0000][180.774s][info ][safepoint     ] Application time: 1.0001035 seconds
[2022-02-07T16:54:39.749+0000][180.775s][debug][safepoint     ] ... found polling page return exception at pc = 0x00007f11b4bb9eb9, stub =0x00007f11ac8beb80
[2022-02-07T16:54:39.749+0000][180.775s][debug][safepoint     ] Waiting for 1 thread(s) to block
[2022-02-07T16:54:39.749+0000][180.775s][info ][safepoint     ] Entering safepoint region: Cleanup
[2022-02-07T16:54:39.749+0000][180.775s][info ][safepoint     ] Leaving safepoint region
[2022-02-07T16:54:39.749+0000][180.775s][info ][safepoint     ] Total time for which application threads were stopped: 0.0003350 seconds, Stopping threads took: 0.0001179 seconds
[2022-02-07T16:54:40.749+0000][181.775s][debug][safepoint     ] Safepoint synchronization initiated. (306 threads)
[2022-02-07T16:54:40.749+0000][181.775s][info ][safepoint     ] Application time: 1.0001408 seconds
[2022-02-07T16:54:40.749+0000][181.775s][info ][safepoint     ] Entering safepoint region: Cleanup
[2022-02-07T16:54:40.749+0000][181.775s][info ][safepoint     ] Leaving safepoint region
[2022-02-07T16:54:40.749+0000][181.775s][info ][safepoint     ] Total time for which application threads were stopped: 0.0003214 seconds, Stopping threads took: 0.0000688 seconds
[2022-02-07T16:54:41.750+0000][182.775s][debug][safepoint     ] Safepoint synchronization initiated. (306 threads)
[2022-02-07T16:54:41.750+0000][182.775s][info ][safepoint     ] Application time: 1.0001148 seconds
[2022-02-07T16:54:41.750+0000][182.776s][info ][safepoint     ] Entering safepoint region: Cleanup
[2022-02-07T16:54:41.750+0000][182.776s][info ][safepoint     ] Leaving safepoint region
[2022-02-07T16:54:41.750+0000][182.776s][info ][safepoint     ] Total time for which application threads were stopped: 0.0003162 seconds, Stopping threads took: 0.0000711 seconds
[2022-02-07T16:54:42.750+0000][183.776s][debug][safepoint     ] Safepoint synchronization initiated. (306 threads)
[2022-02-07T16:54:42.750+0000][183.776s][info ][safepoint     ] Application time: 1.0001615 seconds
[2022-02-07T16:54:42.750+0000][183.776s][info ][safepoint     ] Entering safepoint region: Cleanup
[2022-02-07T16:54:42.750+0000][183.776s][info ][safepoint     ] Leaving safepoint region
[2022-02-07T16:54:42.751+0000][183.776s][info ][safepoint     ] Total time for which application threads were stopped: 0.0004449 seconds, Stopping threads took: 0.0000863 seconds
[2022-02-07T16:54:43.751+0000][184.776s][debug][safepoint     ] Safepoint synchronization initiated. (306 threads)
[2022-02-07T16:54:43.751+0000][184.777s][info ][safepoint     ] Application time: 1.0001176 seconds
[2022-02-07T16:54:43.751+0000][184.777s][info ][safepoint     ] Entering safepoint region: Cleanup
[2022-02-07T16:54:43.751+0000][184.777s][info ][safepoint     ] Leaving safepoint region
[2022-02-07T16:54:43.751+0000][184.777s][info ][safepoint     ] Total time for which application threads were stopped: 0.0002833 seconds, Stopping threads took: 0.0000698 seconds
[2022-02-07T16:54:44.751+0000][185.777s][debug][safepoint     ] Safepoint synchronization initiated. (306 threads)
[2022-02-07T16:54:44.751+0000][185.777s][info ][safepoint     ] Application time: 1.0001134 seconds
[2022-02-07T16:54:44.751+0000][185.777s][debug][safepoint     ] ... found polling page return exception at pc = 0x00007f11b4c764f2, stub =0x00007f11ac8beb80
[2022-02-07T16:54:44.751+0000][185.777s][debug][safepoint     ] Waiting for 1 thread(s) to block
[2022-02-07T16:54:44.751+0000][185.777s][info ][safepoint     ] Entering safepoint region: Cleanup
[2022-02-07T16:54:44.751+0000][185.777s][info ][safepoint     ] Leaving safepoint region
[2022-02-07T16:54:44.751+0000][185.777s][info ][safepoint     ] Total time for which application threads were stopped: 0.0003532 seconds, Stopping threads took: 0.0001188 seconds
[2022-02-07T16:54:44.751+0000][185.777s][debug][safepoint     ] ... found polling page return exception at pc = 0x00007f11b4fbbdfb, stub =0x00007f11ac8beb80
[2022-02-07T16:54:45.752+0000][186.777s][debug][safepoint     ] Safepoint synchronization initiated. (306 threads)
[2022-02-07T16:54:45.752+0000][186.777s][info ][safepoint     ] Application time: 1.0001188 seconds
[2022-02-07T16:54:45.752+0000][186.778s][info ][safepoint     ] Entering safepoint region: Cleanup
[2022-02-07T16:54:45.752+0000][186.778s][info ][safepoint     ] Leaving safepoint region
[2022-02-07T16:54:45.752+0000][186.778s][info ][safepoint     ] Total time for which application threads were stopped: 0.0003110 seconds, Stopping threads took: 0.0000737 seconds
[2022-02-07T16:54:46.752+0000][187.778s][debug][safepoint     ] Safepoint synchronization initiated. (306 threads)
[2022-02-07T16:54:46.752+0000][187.778s][info ][safepoint     ] Application time: 1.0001158 seconds
[2022-02-07T16:54:46.752+0000][187.778s][info ][safepoint     ] Entering safepoint region: Cleanup
[2022-02-07T16:54:46.752+0000][187.778s][info ][safepoint     ] Leaving safepoint region
[2022-02-07T16:54:46.752+0000][187.778s][info ][safepoint     ] Total time for which application threads were stopped: 0.0003023 seconds, Stopping threads took: 0.0000697 seconds
[2022-02-07T16:54:47.752+0000][188.778s][debug][safepoint     ] Safepoint synchronization initiated. (306 threads)
[2022-02-07T16:54:47.752+0000][188.778s][info ][safepoint     ] Application time: 1.0001190 seconds
[2022-02-07T16:54:47.753+0000][188.778s][info ][safepoint     ] Entering safepoint region: Cleanup
[2022-02-07T16:54:47.753+0000][188.779s][info ][safepoint     ] Leaving safepoint region
[2022-02-07T16:54:47.753+0000][188.779s][info ][safepoint     ] Total time for which application threads were stopped: 0.0003066 seconds, Stopping threads took: 0.0000729 seconds
[2022-02-07T16:54:48.753+0000][189.779s][debug][safepoint     ] Safepoint synchronization initiated. (306 threads)
[2022-02-07T16:54:48.753+0000][189.779s][info ][safepoint     ] Application time: 1.0001200 seconds
[2022-02-07T16:54:48.753+0000][189.779s][info ][safepoint     ] Entering safepoint region: Cleanup
[2022-02-07T16:54:48.753+0000][189.779s][info ][safepoint     ] Leaving safepoint region
[2022-02-07T16:54:48.753+0000][189.779s][info ][safepoint     ] Total time for which application threads were stopped: 0.0004274 seconds, Stopping threads took: 0.0000710 seconds
[2022-02-07T16:54:49.723+0000][190.749s][debug][safepoint     ] Safepoint synchronization initiated. (306 threads)
[2022-02-07T16:54:49.723+0000][190.749s][info ][safepoint     ] Application time: 0.9696601 seconds
[2022-02-07T16:54:49.723+0000][190.749s][info ][safepoint     ] Entering safepoint region: G1CollectForAllocation
[2022-02-07T16:54:49.724+0000][190.749s][info ][gc,start      ] GC(56) Pause Young (Normal) (G1 Evacuation Pause)
[2022-02-07T16:54:49.724+0000][190.749s][info ][gc,task       ] GC(56) Using 4 workers of 4 for evacuation
[2022-02-07T16:54:49.772+0000][190.798s][info ][gc,phases     ] GC(56)   Pre Evacuate Collection Set: 0.0ms
[2022-02-07T16:54:49.772+0000][190.798s][info ][gc,phases     ] GC(56)   Evacuate Collection Set: 37.5ms
[2022-02-07T16:54:49.772+0000][190.798s][info ][gc,phases     ] GC(56)   Post Evacuate Collection Set: 11.1ms
[2022-02-07T16:54:49.772+0000][190.798s][info ][gc,phases     ] GC(56)   Other: 0.3ms
[2022-02-07T16:54:49.772+0000][190.798s][info ][gc,heap       ] GC(56) Eden regions: 226->0(226)
[2022-02-07T16:54:49.772+0000][190.798s][info ][gc,heap       ] GC(56) Survivor regions: 16->16(31)
[2022-02-07T16:54:49.772+0000][190.798s][info ][gc,heap       ] GC(56) Old regions: 129->129
[2022-02-07T16:54:49.772+0000][190.798s][info ][gc,heap       ] GC(56) Humongous regions: 0->0
[2022-02-07T16:54:49.773+0000][190.798s][info ][gc,metaspace  ] GC(56) Metaspace: 160942K->160942K(1202176K)
[2022-02-07T16:54:49.773+0000][190.798s][info ][gc            ] GC(56) Pause Young (Normal) (G1 Evacuation Pause) 369M->143M(430M) 49.017ms
[2022-02-07T16:54:49.773+0000][190.798s][info ][gc,cpu        ] GC(56) User=0.05s Sys=0.01s Real=0.05s
[2022-02-07T16:54:49.773+0000][190.798s][info ][safepoint     ] Leaving safepoint region
[2022-02-07T16:54:49.773+0000][190.798s][info ][safepoint     ] Total time for which application threads were stopped: 0.0496095 seconds, Stopping threads took: 0.0000746 seconds
[2022-02-07T16:54:49.773+0000][190.799s][info ][gc,stringdedup] Concurrent String Deduplication (190.799s)
[2022-02-07T16:54:49.773+0000][190.799s][info ][gc,stringdedup] Concurrent String Deduplication 1072.0B->112.0B(960.0B) avg 53.1% (190.799s, 190.799s) 0.042ms
[2022-02-07T16:54:50.773+0000][191.799s][debug][safepoint     ] Safepoint synchronization initiated. (306 threads)
[2022-02-07T16:54:50.773+0000][191.799s][info ][safepoint     ] Application time: 1.0001285 seconds
[2022-02-07T16:54:50.773+0000][191.799s][info ][safepoint     ] Entering safepoint region: Cleanup
[2022-02-07T16:54:50.773+0000][191.799s][info ][safepoint     ] Leaving safepoint region
[2022-02-07T16:54:50.773+0000][191.799s][info ][safepoint     ] Total time for which application threads were stopped: 0.0004259 seconds, Stopping threads took: 0.0000696 seconds
[2022-02-07T16:54:51.773+0000][192.799s][debug][safepoint     ] Safepoint synchronization initiated. (306 threads)
[2022-02-07T16:54:51.773+0000][192.799s][info ][safepoint     ] Application time: 1.0001222 seconds
[2022-02-07T16:54:51.773+0000][192.799s][info ][safepoint     ] Entering safepoint region: Cleanup
[2022-02-07T16:54:51.774+0000][192.800s][info ][safepoint     ] Leaving safepoint region
[2022-02-07T16:54:51.774+0000][192.800s][info ][safepoint     ] Total time for which application threads were stopped: 0.0004239 seconds, Stopping threads took: 0.0000711 seconds
[2022-02-07T16:54:52.774+0000][193.800s][debug][safepoint     ] Safepoint synchronization initiated. (306 threads)
[2022-02-07T16:54:52.774+0000][193.800s][info ][safepoint     ] Application time: 1.0001186 seconds
[2022-02-07T16:54:52.774+0000][193.800s][info ][safepoint     ] Entering safepoint region: Cleanup
[2022-02-07T16:54:52.774+0000][193.800s][info ][safepoint     ] Leaving safepoint region
[2022-02-07T16:54:52.774+0000][193.800s][info ][safepoint     ] Total time for which application threads were stopped: 0.0004235 seconds, Stopping threads took: 0.0000711 seconds
[2022-02-07T16:54:53.774+0000][194.800s][debug][safepoint     ] Safepoint synchronization initiated. (306 threads)
[2022-02-07T16:54:53.774+0000][194.800s][info ][safepoint     ] Application time: 1.0001136 seconds
[2022-02-07T16:54:53.775+0000][194.800s][info ][safepoint     ] Entering safepoint region: Cleanup
[2022-02-07T16:54:53.775+0000][194.801s][info ][safepoint     ] Leaving safepoint region
[2022-02-07T16:54:53.775+0000][194.801s][info ][safepoint     ] Total time for which application threads were stopped: 0.0004286 seconds, Stopping threads took: 0.0000699 seconds
[2022-02-07T16:54:54.775+0000][195.801s][debug][safepoint     ] Safepoint synchronization initiated. (306 threads)
[2022-02-07T16:54:54.775+0000][195.801s][info ][safepoint     ] Application time: 1.0001212 seconds
[2022-02-07T16:54:54.775+0000][195.801s][info ][safepoint     ] Entering safepoint region: Cleanup
[2022-02-07T16:54:54.775+0000][195.801s][info ][safepoint     ] Leaving safepoint region
[2022-02-07T16:54:54.775+0000][195.801s][info ][safepoint     ] Total time for which application threads were stopped: 0.0004487 seconds, Stopping threads took: 0.0000870 seconds
[2022-02-07T16:54:55.776+0000][196.801s][debug][safepoint     ] Safepoint synchronization initiated. (306 threads)
[2022-02-07T16:54:55.776+0000][196.801s][info ][safepoint     ] Application time: 1.0001129 seconds
[2022-02-07T16:54:55.776+0000][196.802s][info ][safepoint     ] Entering safepoint region: Cleanup
[2022-02-07T16:54:55.776+0000][196.802s][info ][safepoint     ] Leaving safepoint region
[2022-02-07T16:54:55.776+0000][196.802s][info ][safepoint     ] Total time for which application threads were stopped: 0.0004212 seconds, Stopping threads took: 0.0000681 seconds
[2022-02-07T16:54:56.776+0000][197.802s][debug][safepoint     ] Safepoint synchronization initiated. (306 threads)
[2022-02-07T16:54:56.776+0000][197.802s][info ][safepoint     ] Application time: 1.0001284 seconds
[2022-02-07T16:54:56.776+0000][197.802s][info ][safepoint     ] Entering safepoint region: Cleanup
[2022-02-07T16:54:56.776+0000][197.802s][info ][safepoint     ] Leaving safepoint region
[2022-02-07T16:54:56.776+0000][197.802s][debug][safepoint     ] ... found polling page return exception at pc = 0x00007f11b4fbbdfb, stub =0x00007f11ac8beb80
[2022-02-07T16:54:56.776+0000][197.802s][info ][safepoint     ] Total time for which application threads were stopped: 0.0003049 seconds, Stopping threads took: 0.0000701 seconds
[2022-02-07T16:54:57.777+0000][198.802s][debug][safepoint     ] Safepoint synchronization initiated. (306 threads)
[2022-02-07T16:54:57.777+0000][198.803s][info ][safepoint     ] Application time: 1.0001229 seconds
[2022-02-07T16:54:57.777+0000][198.803s][info ][safepoint     ] Entering safepoint region: Cleanup
[2022-02-07T16:54:57.777+0000][198.803s][info ][safepoint     ] Leaving safepoint region
[2022-02-07T16:54:57.777+0000][198.803s][info ][safepoint     ] Total time for which application threads were stopped: 0.0002601 seconds, Stopping threads took: 0.0000672 seconds
[2022-02-07T16:54:58.777+0000][199.803s][debug][safepoint     ] Safepoint synchronization initiated. (306 threads)
[2022-02-07T16:54:58.777+0000][199.803s][info ][safepoint     ] Application time: 1.0001139 seconds
[2022-02-07T16:54:58.777+0000][199.803s][info ][safepoint     ] Entering safepoint region: Cleanup
[2022-02-07T16:54:58.777+0000][199.803s][info ][safepoint     ] Leaving safepoint region
[2022-02-07T16:54:58.777+0000][199.803s][info ][safepoint     ] Total time for which application threads were stopped: 0.0002982 seconds, Stopping threads took: 0.0000708 seconds
[2022-02-07T16:54:59.777+0000][200.803s][debug][safepoint     ] Safepoint synchronization initiated. (306 threads)
[2022-02-07T16:54:59.777+0000][200.803s][info ][safepoint     ] Application time: 1.0001313 seconds
[2022-02-07T16:54:59.778+0000][200.803s][info ][safepoint     ] Entering safepoint region: Cleanup
[2022-02-07T16:54:59.778+0000][200.804s][info ][safepoint     ] Leaving safepoint region
[2022-02-07T16:54:59.778+0000][200.804s][info ][safepoint     ] Total time for which application threads were stopped: 0.0003348 seconds, Stopping threads took: 0.0000709 seconds
[2022-02-07T16:55:00.782+0000][201.808s][debug][safepoint     ] Safepoint synchronization initiated. (306 threads)
[2022-02-07T16:55:00.782+0000][201.808s][info ][safepoint     ] Application time: 1.0039651 seconds
[2022-02-07T16:55:00.782+0000][201.808s][info ][safepoint     ] Entering safepoint region: Cleanup
[2022-02-07T16:55:00.782+0000][201.808s][info ][safepoint     ] Leaving safepoint region
[2022-02-07T16:55:00.782+0000][201.808s][info ][safepoint     ] Total time for which application threads were stopped: 0.0003132 seconds, Stopping threads took: 0.0000719 seconds
[2022-02-07T16:55:01.782+0000][202.808s][debug][safepoint     ] Safepoint synchronization initiated. (306 threads)
[2022-02-07T16:55:01.782+0000][202.808s][info ][safepoint     ] Application time: 1.0001447 seconds
[2022-02-07T16:55:01.782+0000][202.808s][info ][safepoint     ] Entering safepoint region: Cleanup
[2022-02-07T16:55:01.783+0000][202.808s][info ][safepoint     ] Leaving safepoint region
[2022-02-07T16:55:01.783+0000][202.809s][info ][safepoint     ] Total time for which application threads were stopped: 0.0003228 seconds, Stopping threads took: 0.0000716 seconds
[2022-02-07T16:55:02.412+0000][203.438s][debug][safepoint     ] Safepoint synchronization initiated. (306 threads)
[2022-02-07T16:55:02.412+0000][203.438s][info ][safepoint     ] Application time: 0.6290974 seconds
[2022-02-07T16:55:02.412+0000][203.438s][debug][safepoint     ] ... found polling page return exception at pc = 0x00007f11b46688bb, stub =0x00007f11ac8beb80
[2022-02-07T16:55:02.412+0000][203.438s][debug][safepoint     ] Waiting for 1 thread(s) to block
[2022-02-07T16:55:02.412+0000][203.438s][info ][safepoint     ] Entering safepoint region: G1CollectForAllocation
[2022-02-07T16:55:02.412+0000][203.438s][info ][gc,start      ] GC(57) Pause Young (Normal) (G1 Evacuation Pause)
[2022-02-07T16:55:02.412+0000][203.438s][info ][gc,task       ] GC(57) Using 4 workers of 4 for evacuation
[2022-02-07T16:55:02.452+0000][203.478s][info ][gc,phases     ] GC(57)   Pre Evacuate Collection Set: 0.0ms
[2022-02-07T16:55:02.452+0000][203.478s][info ][gc,phases     ] GC(57)   Evacuate Collection Set: 31.8ms
[2022-02-07T16:55:02.452+0000][203.478s][info ][gc,phases     ] GC(57)   Post Evacuate Collection Set: 7.4ms
[2022-02-07T16:55:02.452+0000][203.478s][info ][gc,phases     ] GC(57)   Other: 0.3ms
[2022-02-07T16:55:02.452+0000][203.478s][info ][gc,heap       ] GC(57) Eden regions: 226->0(226)
[2022-02-07T16:55:02.452+0000][203.478s][info ][gc,heap       ] GC(57) Survivor regions: 16->16(31)
[2022-02-07T16:55:02.452+0000][203.478s][info ][gc,heap       ] GC(57) Old regions: 129->129
[2022-02-07T16:55:02.452+0000][203.478s][info ][gc,heap       ] GC(57) Humongous regions: 0->0
[2022-02-07T16:55:02.452+0000][203.478s][info ][gc,metaspace  ] GC(57) Metaspace: 161033K->161033K(1202176K)
[2022-02-07T16:55:02.452+0000][203.478s][info ][gc            ] GC(57) Pause Young (Normal) (G1 Evacuation Pause) 369M->143M(430M) 39.623ms
[2022-02-07T16:55:02.452+0000][203.478s][info ][gc,cpu        ] GC(57) User=0.06s Sys=0.00s Real=0.04s
[2022-02-07T16:55:02.452+0000][203.478s][info ][safepoint     ] Leaving safepoint region
[2022-02-07T16:55:02.452+0000][203.478s][info ][safepoint     ] Total time for which application threads were stopped: 0.0403912 seconds, Stopping threads took: 0.0002142 seconds
[2022-02-07T16:55:02.452+0000][203.478s][info ][gc,stringdedup] Concurrent String Deduplication (203.478s)
[2022-02-07T16:55:02.452+0000][203.478s][info ][gc,stringdedup] Concurrent String Deduplication 904.0B->200.0B(704.0B) avg 53.1% (203.478s, 203.478s) 0.031ms
[2022-02-07T16:55:03.452+0000][204.478s][debug][safepoint     ] Safepoint synchronization initiated. (306 threads)
[2022-02-07T16:55:03.452+0000][204.478s][info ][safepoint     ] Application time: 1.0001270 seconds
[2022-02-07T16:55:03.452+0000][204.478s][info ][safepoint     ] Entering safepoint region: Cleanup
[2022-02-07T16:55:03.453+0000][204.478s][info ][safepoint     ] Leaving safepoint region
[2022-02-07T16:55:03.453+0000][204.478s][info ][safepoint     ] Total time for which application threads were stopped: 0.0002559 seconds, Stopping threads took: 0.0000615 seconds
[2022-02-07T16:55:04.453+0000][205.479s][debug][safepoint     ] Safepoint synchronization initiated. (306 threads)
[2022-02-07T16:55:04.453+0000][205.479s][info ][safepoint     ] Application time: 1.0001218 seconds
[2022-02-07T16:55:04.453+0000][205.479s][info ][safepoint     ] Entering safepoint region: Cleanup
[2022-02-07T16:55:04.453+0000][205.479s][info ][safepoint     ] Leaving safepoint region
[2022-02-07T16:55:04.453+0000][205.479s][info ][safepoint     ] Total time for which application threads were stopped: 0.0002692 seconds, Stopping threads took: 0.0000627 seconds
[2022-02-07T16:55:05.453+0000][206.479s][debug][safepoint     ] Safepoint synchronization initiated. (306 threads)
[2022-02-07T16:55:05.453+0000][206.479s][info ][safepoint     ] Application time: 1.0001520 seconds
[2022-02-07T16:55:05.453+0000][206.479s][info ][safepoint     ] Entering safepoint region: Cleanup
[2022-02-07T16:55:05.453+0000][206.479s][info ][safepoint     ] Leaving safepoint region
[2022-02-07T16:55:05.453+0000][206.479s][info ][safepoint     ] Total time for which application threads were stopped: 0.0003271 seconds, Stopping threads took: 0.0000725 seconds
[2022-02-07T16:55:06.454+0000][207.479s][debug][safepoint     ] Safepoint synchronization initiated. (306 threads)
[2022-02-07T16:55:06.454+0000][207.479s][info ][safepoint     ] Application time: 1.0001219 seconds
[2022-02-07T16:55:06.454+0000][207.480s][info ][safepoint     ] Entering safepoint region: Cleanup
[2022-02-07T16:55:06.454+0000][207.480s][info ][safepoint     ] Leaving safepoint region
[2022-02-07T16:55:06.454+0000][207.480s][info ][safepoint     ] Total time for which application threads were stopped: 0.0002926 seconds, Stopping threads took: 0.0000658 seconds
[2022-02-07T16:55:07.454+0000][208.480s][debug][safepoint     ] Safepoint synchronization initiated. (306 threads)
[2022-02-07T16:55:07.454+0000][208.480s][info ][safepoint     ] Application time: 1.0001295 seconds
[2022-02-07T16:55:07.454+0000][208.480s][debug][safepoint     ] ... found polling page return exception at pc = 0x00007f11b4f55643, stub =0x00007f11ac8beb80
[2022-02-07T16:55:07.454+0000][208.480s][debug][safepoint     ] Waiting for 1 thread(s) to block
[2022-02-07T16:55:07.454+0000][208.480s][info ][safepoint     ] Entering safepoint region: Cleanup
[2022-02-07T16:55:07.454+0000][208.480s][info ][safepoint     ] Leaving safepoint region
[2022-02-07T16:55:07.454+0000][208.480s][info ][safepoint     ] Total time for which application threads were stopped: 0.0004163 seconds, Stopping threads took: 0.0002195 seconds
[2022-02-07T16:55:08.455+0000][209.480s][debug][safepoint     ] Safepoint synchronization initiated. (306 threads)
[2022-02-07T16:55:08.455+0000][209.480s][info ][safepoint     ] Application time: 1.0001207 seconds
[2022-02-07T16:55:08.455+0000][209.481s][info ][safepoint     ] Entering safepoint region: Cleanup
[2022-02-07T16:55:08.455+0000][209.481s][info ][safepoint     ] Leaving safepoint region
[2022-02-07T16:55:08.455+0000][209.481s][info ][safepoint     ] Total time for which application threads were stopped: 0.0002984 seconds, Stopping threads took: 0.0000787 seconds
[2022-02-07T16:55:09.455+0000][210.481s][debug][safepoint     ] Safepoint synchronization initiated. (306 threads)
[2022-02-07T16:55:09.455+0000][210.481s][info ][safepoint     ] Application time: 1.0001356 seconds
[2022-02-07T16:55:09.455+0000][210.481s][info ][safepoint     ] Entering safepoint region: Cleanup
[2022-02-07T16:55:09.456+0000][210.481s][info ][safepoint     ] Leaving safepoint region
[2022-02-07T16:55:09.456+0000][210.481s][info ][safepoint     ] Total time for which application threads were stopped: 0.0004821 seconds, Stopping threads took: 0.0000725 seconds
[2022-02-07T16:55:10.456+0000][211.481s][debug][safepoint     ] Safepoint synchronization initiated. (306 threads)
[2022-02-07T16:55:10.456+0000][211.482s][info ][safepoint     ] Application time: 1.0001167 seconds
[2022-02-07T16:55:10.456+0000][211.482s][info ][safepoint     ] Entering safepoint region: Cleanup
[2022-02-07T16:55:10.456+0000][211.482s][info ][safepoint     ] Leaving safepoint region
[2022-02-07T16:55:10.456+0000][211.482s][info ][safepoint     ] Total time for which application threads were stopped: 0.0004346 seconds, Stopping threads took: 0.0000734 seconds
[2022-02-07T16:55:11.456+0000][212.482s][debug][safepoint     ] Safepoint synchronization initiated. (306 threads)
[2022-02-07T16:55:11.456+0000][212.482s][info ][safepoint     ] Application time: 1.0001185 seconds
[2022-02-07T16:55:11.456+0000][212.482s][info ][safepoint     ] Entering safepoint region: Cleanup
[2022-02-07T16:55:11.457+0000][212.482s][info ][safepoint     ] Leaving safepoint region
[2022-02-07T16:55:11.457+0000][212.482s][info ][safepoint     ] Total time for which application threads were stopped: 0.0003302 seconds, Stopping threads took: 0.0000695 seconds
[2022-02-07T16:55:12.457+0000][213.483s][debug][safepoint     ] Safepoint synchronization initiated. (306 threads)
[2022-02-07T16:55:12.457+0000][213.483s][info ][safepoint     ] Application time: 1.0001244 seconds
[2022-02-07T16:55:12.457+0000][213.483s][info ][safepoint     ] Entering safepoint region: Cleanup
[2022-02-07T16:55:12.457+0000][213.483s][info ][safepoint     ] Leaving safepoint region
[2022-02-07T16:55:12.457+0000][213.483s][info ][safepoint     ] Total time for which application threads were stopped: 0.0003115 seconds, Stopping threads took: 0.0000692 seconds
[2022-02-07T16:55:13.457+0000][214.483s][debug][safepoint     ] Safepoint synchronization initiated. (305 threads)
[2022-02-07T16:55:13.457+0000][214.483s][info ][safepoint     ] Application time: 1.0001393 seconds
[2022-02-07T16:55:13.457+0000][214.483s][info ][safepoint     ] Entering safepoint region: Cleanup
[2022-02-07T16:55:13.457+0000][214.483s][info ][safepoint     ] Leaving safepoint region
[2022-02-07T16:55:13.457+0000][214.483s][info ][safepoint     ] Total time for which application threads were stopped: 0.0002771 seconds, Stopping threads took: 0.0000813 seconds
[2022-02-07T16:55:14.458+0000][215.483s][debug][safepoint     ] Safepoint synchronization initiated. (305 threads)
[2022-02-07T16:55:14.458+0000][215.483s][info ][safepoint     ] Application time: 1.0001201 seconds
[2022-02-07T16:55:14.458+0000][215.484s][info ][safepoint     ] Entering safepoint region: Cleanup
[2022-02-07T16:55:14.458+0000][215.484s][info ][safepoint     ] Leaving safepoint region
[2022-02-07T16:55:14.458+0000][215.484s][info ][safepoint     ] Total time for which application threads were stopped: 0.0003277 seconds, Stopping threads took: 0.0000693 seconds
[2022-02-07T16:55:15.458+0000][216.484s][debug][safepoint     ] Safepoint synchronization initiated. (305 threads)
[2022-02-07T16:55:15.458+0000][216.484s][info ][safepoint     ] Application time: 1.0001425 seconds
[2022-02-07T16:55:15.458+0000][216.484s][info ][safepoint     ] Entering safepoint region: Cleanup
[2022-02-07T16:55:15.458+0000][216.484s][info ][safepoint     ] Leaving safepoint region
[2022-02-07T16:55:15.458+0000][216.484s][info ][safepoint     ] Total time for which application threads were stopped: 0.0003076 seconds, Stopping threads took: 0.0000685 seconds
[2022-02-07T16:55:16.458+0000][217.484s][debug][safepoint     ] Safepoint synchronization initiated. (305 threads)
[2022-02-07T16:55:16.459+0000][217.484s][info ][safepoint     ] Application time: 1.0001143 seconds
[2022-02-07T16:55:16.459+0000][217.484s][info ][safepoint     ] Entering safepoint region: Cleanup
[2022-02-07T16:55:16.459+0000][217.485s][info ][safepoint     ] Leaving safepoint region
[2022-02-07T16:55:16.459+0000][217.485s][info ][safepoint     ] Total time for which application threads were stopped: 0.0003184 seconds, Stopping threads took: 0.0000776 seconds
[2022-02-07T16:55:17.459+0000][218.485s][debug][safepoint     ] Safepoint synchronization initiated. (305 threads)
[2022-02-07T16:55:17.459+0000][218.485s][info ][safepoint     ] Application time: 1.0001236 seconds
[2022-02-07T16:55:17.459+0000][218.485s][debug][safepoint     ] ... found polling page return exception at pc = 0x00007f11b515bc7f, stub =0x00007f11ac8beb80
[2022-02-07T16:55:17.459+0000][218.485s][debug][safepoint     ] Waiting for 1 thread(s) to block
[2022-02-07T16:55:17.459+0000][218.485s][info ][safepoint     ] Entering safepoint region: Cleanup
[2022-02-07T16:55:17.459+0000][218.485s][info ][safepoint     ] Leaving safepoint region
[2022-02-07T16:55:17.459+0000][218.485s][info ][safepoint     ] Total time for which application threads were stopped: 0.0004390 seconds, Stopping threads took: 0.0001057 seconds
[2022-02-07T16:55:18.462+0000][219.488s][debug][safepoint     ] Safepoint synchronization initiated. (305 threads)
[2022-02-07T16:55:18.462+0000][219.488s][info ][safepoint     ] Application time: 1.0025308 seconds
[2022-02-07T16:55:18.462+0000][219.488s][debug][safepoint     ] ... found polling page loop exception at pc = 0x00007f11b4803bf5, stub =0x00007f11ac8be900
[2022-02-07T16:55:18.462+0000][219.488s][debug][safepoint     ] Waiting for 1 thread(s) to block
[2022-02-07T16:55:18.462+0000][219.488s][info ][safepoint     ] Entering safepoint region: Cleanup
[2022-02-07T16:55:18.462+0000][219.488s][info ][safepoint     ] Leaving safepoint region
[2022-02-07T16:55:18.462+0000][219.488s][debug][safepoint     ] ... found polling page return exception at pc = 0x00007f11b4fbbdfb, stub =0x00007f11ac8beb80
[2022-02-07T16:55:18.462+0000][219.488s][info ][safepoint     ] Total time for which application threads were stopped: 0.0003919 seconds, Stopping threads took: 0.0001384 seconds
[2022-02-07T16:55:19.463+0000][220.488s][debug][safepoint     ] Safepoint synchronization initiated. (305 threads)
[2022-02-07T16:55:19.463+0000][220.488s][info ][safepoint     ] Application time: 1.0001276 seconds
[2022-02-07T16:55:19.463+0000][220.488s][info ][safepoint     ] Entering safepoint region: Cleanup
[2022-02-07T16:55:19.463+0000][220.489s][info ][safepoint     ] Leaving safepoint region
[2022-02-07T16:55:19.463+0000][220.489s][info ][safepoint     ] Total time for which application threads were stopped: 0.0003428 seconds, Stopping threads took: 0.0000808 seconds
[2022-02-07T16:55:20.463+0000][221.489s][debug][safepoint     ] Safepoint synchronization initiated. (305 threads)
[2022-02-07T16:55:20.463+0000][221.489s][info ][safepoint     ] Application time: 1.0001719 seconds
[2022-02-07T16:55:20.463+0000][221.489s][debug][safepoint     ] ... found polling page loop exception at pc = 0x00007f11b4ccc442, stub =0x00007f11ac8be900
[2022-02-07T16:55:20.463+0000][221.489s][debug][safepoint     ] Waiting for 1 thread(s) to block
[2022-02-07T16:55:20.463+0000][221.489s][info ][safepoint     ] Entering safepoint region: Cleanup
[2022-02-07T16:55:20.463+0000][221.489s][info ][safepoint     ] Leaving safepoint region
[2022-02-07T16:55:20.463+0000][221.489s][info ][safepoint     ] Total time for which application threads were stopped: 0.0003211 seconds, Stopping threads took: 0.0001253 seconds
[2022-02-07T16:55:21.463+0000][222.489s][debug][safepoint     ] Safepoint synchronization initiated. (305 threads)
[2022-02-07T16:55:21.464+0000][222.489s][info ][safepoint     ] Application time: 1.0001159 seconds
[2022-02-07T16:55:21.464+0000][222.489s][info ][safepoint     ] Entering safepoint region: Cleanup
[2022-02-07T16:55:21.464+0000][222.490s][info ][safepoint     ] Leaving safepoint region
[2022-02-07T16:55:21.464+0000][222.490s][info ][safepoint     ] Total time for which application threads were stopped: 0.0002860 seconds, Stopping threads took: 0.0000704 seconds
[2022-02-07T16:55:22.176+0000][223.202s][debug][safepoint     ] Safepoint synchronization initiated. (305 threads)
[2022-02-07T16:55:22.176+0000][223.202s][info ][safepoint     ] Application time: 0.7121226 seconds
[2022-02-07T16:55:22.176+0000][223.202s][info ][safepoint     ] Entering safepoint region: G1CollectForAllocation
[2022-02-07T16:55:22.176+0000][223.202s][info ][gc,start      ] GC(58) Pause Young (Normal) (G1 Evacuation Pause)
[2022-02-07T16:55:22.176+0000][223.202s][info ][gc,task       ] GC(58) Using 4 workers of 4 for evacuation
[2022-02-07T16:55:22.248+0000][223.273s][info ][gc,phases     ] GC(58)   Pre Evacuate Collection Set: 0.0ms
[2022-02-07T16:55:22.248+0000][223.273s][info ][gc,phases     ] GC(58)   Evacuate Collection Set: 57.1ms
[2022-02-07T16:55:22.248+0000][223.274s][info ][gc,phases     ] GC(58)   Post Evacuate Collection Set: 14.0ms
[2022-02-07T16:55:22.248+0000][223.274s][info ][gc,phases     ] GC(58)   Other: 0.3ms
[2022-02-07T16:55:22.248+0000][223.274s][info ][gc,heap       ] GC(58) Eden regions: 226->0(226)
[2022-02-07T16:55:22.248+0000][223.274s][info ][gc,heap       ] GC(58) Survivor regions: 16->16(31)
[2022-02-07T16:55:22.248+0000][223.274s][info ][gc,heap       ] GC(58) Old regions: 129->129
[2022-02-07T16:55:22.248+0000][223.274s][info ][gc,heap       ] GC(58) Humongous regions: 0->0
[2022-02-07T16:55:22.248+0000][223.274s][info ][gc,metaspace  ] GC(58) Metaspace: 161114K->161114K(1202176K)
[2022-02-07T16:55:22.248+0000][223.274s][info ][gc            ] GC(58) Pause Young (Normal) (G1 Evacuation Pause) 369M->143M(430M) 71.451ms
[2022-02-07T16:55:22.248+0000][223.274s][info ][gc,cpu        ] GC(58) User=0.07s Sys=0.00s Real=0.08s
[2022-02-07T16:55:22.248+0000][223.274s][info ][safepoint     ] Leaving safepoint region
[2022-02-07T16:55:22.248+0000][223.274s][info ][safepoint     ] Total time for which application threads were stopped: 0.0718714 seconds, Stopping threads took: 0.0000744 seconds
[2022-02-07T16:55:22.248+0000][223.274s][info ][gc,stringdedup] Concurrent String Deduplication (223.274s)
[2022-02-07T16:55:22.248+0000][223.274s][info ][gc,stringdedup] Concurrent String Deduplication 584.0B->112.0B(472.0B) avg 53.1% (223.274s, 223.274s) 0.030ms
[2022-02-07T16:55:23.248+0000][224.274s][debug][safepoint     ] Safepoint synchronization initiated. (305 threads)
[2022-02-07T16:55:23.248+0000][224.274s][info ][safepoint     ] Application time: 1.0001487 seconds
[2022-02-07T16:55:23.248+0000][224.274s][info ][safepoint     ] Entering safepoint region: Cleanup
[2022-02-07T16:55:23.248+0000][224.274s][info ][safepoint     ] Leaving safepoint region
[2022-02-07T16:55:23.248+0000][224.274s][info ][safepoint     ] Total time for which application threads were stopped: 0.0002933 seconds, Stopping threads took: 0.0000746 seconds
[2022-02-07T16:55:24.248+0000][225.274s][debug][safepoint     ] Safepoint synchronization initiated. (305 threads)
[2022-02-07T16:55:24.248+0000][225.274s][info ][safepoint     ] Application time: 1.0001171 seconds
[2022-02-07T16:55:24.249+0000][225.274s][info ][safepoint     ] Entering safepoint region: Cleanup
[2022-02-07T16:55:24.249+0000][225.275s][info ][safepoint     ] Leaving safepoint region
[2022-02-07T16:55:24.249+0000][225.275s][info ][safepoint     ] Total time for which application threads were stopped: 0.0004393 seconds, Stopping threads took: 0.0000791 seconds
[2022-02-07T16:55:25.249+0000][226.275s][debug][safepoint     ] Safepoint synchronization initiated. (305 threads)
[2022-02-07T16:55:25.249+0000][226.275s][info ][safepoint     ] Application time: 1.0001364 seconds
[2022-02-07T16:55:25.249+0000][226.275s][info ][safepoint     ] Entering safepoint region: Cleanup
[2022-02-07T16:55:25.249+0000][226.275s][info ][safepoint     ] Leaving safepoint region
[2022-02-07T16:55:25.249+0000][226.275s][info ][safepoint     ] Total time for which application threads were stopped: 0.0003101 seconds, Stopping threads took: 0.0000690 seconds
[2022-02-07T16:55:26.249+0000][227.275s][debug][safepoint     ] Safepoint synchronization initiated. (305 threads)
[2022-02-07T16:55:26.249+0000][227.275s][info ][safepoint     ] Application time: 1.0001150 seconds
[2022-02-07T16:55:26.250+0000][227.275s][info ][safepoint     ] Entering safepoint region: Cleanup
[2022-02-07T16:55:26.250+0000][227.276s][info ][safepoint     ] Leaving safepoint region
[2022-02-07T16:55:26.250+0000][227.276s][info ][safepoint     ] Total time for which application threads were stopped: 0.0002425 seconds, Stopping threads took: 0.0000697 seconds
[2022-02-07T16:55:27.250+0000][228.276s][debug][safepoint     ] Safepoint synchronization initiated. (305 threads)
[2022-02-07T16:55:27.250+0000][228.276s][info ][safepoint     ] Application time: 1.0001191 seconds
[2022-02-07T16:55:27.250+0000][228.276s][info ][safepoint     ] Entering safepoint region: Cleanup
[2022-02-07T16:55:27.250+0000][228.276s][info ][safepoint     ] Leaving safepoint region
[2022-02-07T16:55:27.250+0000][228.276s][info ][safepoint     ] Total time for which application threads were stopped: 0.0002470 seconds, Stopping threads took: 0.0000747 seconds
[2022-02-07T16:55:28.250+0000][229.276s][debug][safepoint     ] Safepoint synchronization initiated. (305 threads)
[2022-02-07T16:55:28.250+0000][229.276s][info ][safepoint     ] Application time: 1.0003744 seconds
[2022-02-07T16:55:28.251+0000][229.276s][info ][safepoint     ] Entering safepoint region: Cleanup
[2022-02-07T16:55:28.251+0000][229.277s][info ][safepoint     ] Leaving safepoint region
[2022-02-07T16:55:28.251+0000][229.277s][info ][safepoint     ] Total time for which application threads were stopped: 0.0002926 seconds, Stopping threads took: 0.0000721 seconds
[2022-02-07T16:55:29.251+0000][230.277s][debug][safepoint     ] Safepoint synchronization initiated. (305 threads)
[2022-02-07T16:55:29.251+0000][230.277s][info ][safepoint     ] Application time: 1.0001400 seconds
[2022-02-07T16:55:29.258+0000][230.284s][info ][safepoint     ] Entering safepoint region: Cleanup
[2022-02-07T16:55:29.259+0000][230.285s][info ][safepoint     ] Leaving safepoint region
[2022-02-07T16:55:29.259+0000][230.285s][info ][safepoint     ] Total time for which application threads were stopped: 0.0078983 seconds, Stopping threads took: 0.0074603 seconds
[2022-02-07T16:55:30.259+0000][231.285s][debug][safepoint     ] Safepoint synchronization initiated. (305 threads)
[2022-02-07T16:55:30.259+0000][231.285s][info ][safepoint     ] Application time: 1.0004507 seconds
[2022-02-07T16:55:30.259+0000][231.285s][info ][safepoint     ] Entering safepoint region: Cleanup
[2022-02-07T16:55:30.260+0000][231.286s][info ][safepoint     ] Leaving safepoint region
[2022-02-07T16:55:30.260+0000][231.286s][info ][safepoint     ] Total time for which application threads were stopped: 0.0004435 seconds, Stopping threads took: 0.0000699 seconds
[2022-02-07T16:55:31.260+0000][232.286s][debug][safepoint     ] Safepoint synchronization initiated. (305 threads)
[2022-02-07T16:55:31.260+0000][232.286s][info ][safepoint     ] Application time: 1.0002494 seconds
[2022-02-07T16:55:31.260+0000][232.286s][info ][safepoint     ] Entering safepoint region: Cleanup
[2022-02-07T16:55:31.261+0000][232.287s][info ][safepoint     ] Leaving safepoint region
[2022-02-07T16:55:31.261+0000][232.287s][info ][safepoint     ] Total time for which application threads were stopped: 0.0006264 seconds, Stopping threads took: 0.0000693 seconds
[2022-02-07T16:55:32.261+0000][233.287s][debug][safepoint     ] Safepoint synchronization initiated. (305 threads)
[2022-02-07T16:55:32.261+0000][233.287s][info ][safepoint     ] Application time: 1.0001139 seconds
[2022-02-07T16:55:32.261+0000][233.287s][info ][safepoint     ] Entering safepoint region: Cleanup
[2022-02-07T16:55:32.261+0000][233.287s][info ][safepoint     ] Leaving safepoint region
[2022-02-07T16:55:32.261+0000][233.287s][info ][safepoint     ] Total time for which application threads were stopped: 0.0003084 seconds, Stopping threads took: 0.0000699 seconds
[2022-02-07T16:55:33.261+0000][234.287s][debug][safepoint     ] Safepoint synchronization initiated. (305 threads)
[2022-02-07T16:55:33.261+0000][234.287s][info ][safepoint     ] Application time: 1.0001441 seconds
[2022-02-07T16:55:33.261+0000][234.287s][info ][safepoint     ] Entering safepoint region: Cleanup
[2022-02-07T16:55:33.262+0000][234.287s][info ][safepoint     ] Leaving safepoint region
[2022-02-07T16:55:33.262+0000][234.287s][info ][safepoint     ] Total time for which application threads were stopped: 0.0002918 seconds, Stopping threads took: 0.0000719 seconds
[2022-02-07T16:55:34.262+0000][235.288s][debug][safepoint     ] Safepoint synchronization initiated. (305 threads)
[2022-02-07T16:55:34.262+0000][235.288s][info ][safepoint     ] Application time: 1.0001208 seconds
[2022-02-07T16:55:34.262+0000][235.288s][debug][safepoint     ] ... found polling page return exception at pc = 0x00007f11b4fbbdfb, stub =0x00007f11ac8beb80
[2022-02-07T16:55:34.262+0000][235.288s][debug][safepoint     ] Waiting for 1 thread(s) to block
[2022-02-07T16:55:34.262+0000][235.288s][info ][safepoint     ] Entering safepoint region: Cleanup
[2022-02-07T16:55:34.262+0000][235.288s][info ][safepoint     ] Leaving safepoint region
[2022-02-07T16:55:34.262+0000][235.288s][info ][safepoint     ] Total time for which application threads were stopped: 0.0005691 seconds, Stopping threads took: 0.0002065 seconds
[2022-02-07T16:55:35.265+0000][236.290s][debug][safepoint     ] Safepoint synchronization initiated. (305 threads)
[2022-02-07T16:55:35.265+0000][236.290s][info ][safepoint     ] Application time: 1.0022649 seconds
[2022-02-07T16:55:35.265+0000][236.290s][info ][safepoint     ] Entering safepoint region: Cleanup
[2022-02-07T16:55:35.265+0000][236.291s][info ][safepoint     ] Leaving safepoint region
[2022-02-07T16:55:35.265+0000][236.291s][info ][safepoint     ] Total time for which application threads were stopped: 0.0004754 seconds, Stopping threads took: 0.0000758 seconds
[2022-02-07T16:55:36.265+0000][237.291s][debug][safepoint     ] Safepoint synchronization initiated. (305 threads)
[2022-02-07T16:55:36.265+0000][237.291s][info ][safepoint     ] Application time: 1.0001188 seconds
[2022-02-07T16:55:36.265+0000][237.291s][info ][safepoint     ] Entering safepoint region: Cleanup
[2022-02-07T16:55:36.266+0000][237.291s][info ][safepoint     ] Leaving safepoint region
[2022-02-07T16:55:36.266+0000][237.291s][info ][safepoint     ] Total time for which application threads were stopped: 0.0004454 seconds, Stopping threads took: 0.0000718 seconds
[2022-02-07T16:55:37.267+0000][238.293s][debug][safepoint     ] Safepoint synchronization initiated. (305 threads)
[2022-02-07T16:55:37.267+0000][238.293s][info ][safepoint     ] Application time: 1.0016352 seconds
[2022-02-07T16:55:37.267+0000][238.293s][debug][safepoint     ] ... found polling page return exception at pc = 0x00007f11b4399c76, stub =0x00007f11ac8beb80
[2022-02-07T16:55:37.267+0000][238.293s][debug][safepoint     ] Waiting for 1 thread(s) to block
[2022-02-07T16:55:37.271+0000][238.297s][info ][safepoint     ] Entering safepoint region: Cleanup
[2022-02-07T16:55:37.272+0000][238.297s][info ][safepoint     ] Leaving safepoint region
[2022-02-07T16:55:37.272+0000][238.297s][info ][safepoint     ] Total time for which application threads were stopped: 0.0042523 seconds, Stopping threads took: 0.0039665 seconds
[2022-02-07T16:55:37.323+0000][238.349s][debug][safepoint     ] Safepoint synchronization initiated. (305 threads)
[2022-02-07T16:55:37.323+0000][238.349s][info ][safepoint     ] Application time: 0.0514707 seconds
[2022-02-07T16:55:37.323+0000][238.349s][debug][safepoint     ] Waiting for 1 thread(s) to block
[2022-02-07T16:55:37.323+0000][238.349s][info ][safepoint     ] Entering safepoint region: G1CollectForAllocation
[2022-02-07T16:55:37.324+0000][238.349s][info ][gc,start      ] GC(59) Pause Young (Normal) (G1 Evacuation Pause)
[2022-02-07T16:55:37.324+0000][238.349s][info ][gc,task       ] GC(59) Using 4 workers of 4 for evacuation
[2022-02-07T16:55:37.387+0000][238.413s][info ][gc,phases     ] GC(59)   Pre Evacuate Collection Set: 0.0ms
[2022-02-07T16:55:37.387+0000][238.413s][info ][gc,phases     ] GC(59)   Evacuate Collection Set: 54.2ms
[2022-02-07T16:55:37.387+0000][238.413s][info ][gc,phases     ] GC(59)   Post Evacuate Collection Set: 9.3ms
[2022-02-07T16:55:37.387+0000][238.413s][info ][gc,phases     ] GC(59)   Other: 0.3ms
[2022-02-07T16:55:37.387+0000][238.413s][info ][gc,heap       ] GC(59) Eden regions: 226->0(230)
[2022-02-07T16:55:37.387+0000][238.413s][info ][gc,heap       ] GC(59) Survivor regions: 16->11(31)
[2022-02-07T16:55:37.387+0000][238.413s][info ][gc,heap       ] GC(59) Old regions: 129->135
[2022-02-07T16:55:37.387+0000][238.413s][info ][gc,heap       ] GC(59) Humongous regions: 0->0
[2022-02-07T16:55:37.387+0000][238.413s][info ][gc,metaspace  ] GC(59) Metaspace: 161220K->161220K(1204224K)
[2022-02-07T16:55:37.387+0000][238.413s][info ][gc            ] GC(59) Pause Young (Normal) (G1 Evacuation Pause) 369M->143M(430M) 63.869ms
[2022-02-07T16:55:37.387+0000][238.413s][info ][gc,cpu        ] GC(59) User=0.04s Sys=0.00s Real=0.07s
[2022-02-07T16:55:37.387+0000][238.413s][info ][safepoint     ] Leaving safepoint region
[2022-02-07T16:55:37.387+0000][238.413s][info ][safepoint     ] Total time for which application threads were stopped: 0.0644688 seconds, Stopping threads took: 0.0001078 seconds
[2022-02-07T16:55:37.388+0000][238.413s][info ][gc,stringdedup] Concurrent String Deduplication (238.413s)
[2022-02-07T16:55:37.388+0000][238.413s][info ][gc,stringdedup] Concurrent String Deduplication 608.0B->112.0B(496.0B) avg 53.1% (238.413s, 238.413s) 0.057ms
[2022-02-07T16:55:38.392+0000][239.418s][debug][safepoint     ] Safepoint synchronization initiated. (305 threads)
[2022-02-07T16:55:38.392+0000][239.418s][info ][safepoint     ] Application time: 1.0042121 seconds
[2022-02-07T16:55:38.392+0000][239.418s][info ][safepoint     ] Entering safepoint region: Cleanup
[2022-02-07T16:55:38.392+0000][239.418s][info ][safepoint     ] Leaving safepoint region
[2022-02-07T16:55:38.392+0000][239.418s][info ][safepoint     ] Total time for which application threads were stopped: 0.0004319 seconds, Stopping threads took: 0.0000726 seconds
[2022-02-07T16:55:39.392+0000][240.418s][debug][safepoint     ] Safepoint synchronization initiated. (305 threads)
[2022-02-07T16:55:39.392+0000][240.418s][info ][safepoint     ] Application time: 1.0001276 seconds
[2022-02-07T16:55:39.392+0000][240.418s][info ][safepoint     ] Entering safepoint region: Cleanup
[2022-02-07T16:55:39.393+0000][240.419s][info ][safepoint     ] Leaving safepoint region
[2022-02-07T16:55:39.393+0000][240.419s][info ][safepoint     ] Total time for which application threads were stopped: 0.0004803 seconds, Stopping threads took: 0.0000803 seconds
[2022-02-07T16:55:40.393+0000][241.419s][debug][safepoint     ] Safepoint synchronization initiated. (305 threads)
[2022-02-07T16:55:40.393+0000][241.419s][info ][safepoint     ] Application time: 1.0001264 seconds
[2022-02-07T16:55:40.393+0000][241.419s][info ][safepoint     ] Entering safepoint region: Cleanup
[2022-02-07T16:55:40.393+0000][241.419s][info ][safepoint     ] Leaving safepoint region
[2022-02-07T16:55:40.393+0000][241.419s][info ][safepoint     ] Total time for which application threads were stopped: 0.0004253 seconds, Stopping threads took: 0.0000705 seconds
[2022-02-07T16:55:41.394+0000][242.419s][debug][safepoint     ] Safepoint synchronization initiated. (305 threads)
[2022-02-07T16:55:41.394+0000][242.419s][info ][safepoint     ] Application time: 1.0002869 seconds
[2022-02-07T16:55:41.394+0000][242.420s][info ][safepoint     ] Entering safepoint region: Cleanup
[2022-02-07T16:55:41.394+0000][242.420s][info ][safepoint     ] Leaving safepoint region
[2022-02-07T16:55:41.394+0000][242.420s][info ][safepoint     ] Total time for which application threads were stopped: 0.0005031 seconds, Stopping threads took: 0.0000747 seconds
[2022-02-07T16:55:42.394+0000][243.420s][debug][safepoint     ] Safepoint synchronization initiated. (305 threads)
[2022-02-07T16:55:42.394+0000][243.420s][info ][safepoint     ] Application time: 1.0001269 seconds
[2022-02-07T16:55:42.394+0000][243.420s][info ][safepoint     ] Entering safepoint region: Cleanup
[2022-02-07T16:55:42.395+0000][243.421s][info ][safepoint     ] Leaving safepoint region
[2022-02-07T16:55:42.395+0000][243.421s][info ][safepoint     ] Total time for which application threads were stopped: 0.0004808 seconds, Stopping threads took: 0.0000814 seconds
[2022-02-07T16:55:43.395+0000][244.421s][debug][safepoint     ] Safepoint synchronization initiated. (305 threads)
[2022-02-07T16:55:43.395+0000][244.421s][info ][safepoint     ] Application time: 1.0004906 seconds
[2022-02-07T16:55:43.395+0000][244.421s][info ][safepoint     ] Entering safepoint region: Cleanup
[2022-02-07T16:55:43.396+0000][244.422s][info ][safepoint     ] Leaving safepoint region
[2022-02-07T16:55:43.396+0000][244.422s][info ][safepoint     ] Total time for which application threads were stopped: 0.0004761 seconds, Stopping threads took: 0.0000712 seconds
[2022-02-07T16:55:44.396+0000][245.422s][debug][safepoint     ] Safepoint synchronization initiated. (305 threads)
[2022-02-07T16:55:44.396+0000][245.422s][info ][safepoint     ] Application time: 1.0001415 seconds
[2022-02-07T16:55:44.396+0000][245.422s][info ][safepoint     ] Entering safepoint region: Cleanup
[2022-02-07T16:55:44.396+0000][245.422s][info ][safepoint     ] Leaving safepoint region
[2022-02-07T16:55:44.396+0000][245.422s][info ][safepoint     ] Total time for which application threads were stopped: 0.0003648 seconds, Stopping threads took: 0.0000869 seconds
[2022-02-07T16:55:45.396+0000][246.422s][debug][safepoint     ] Safepoint synchronization initiated. (305 threads)
[2022-02-07T16:55:45.396+0000][246.422s][info ][safepoint     ] Application time: 1.0001163 seconds
[2022-02-07T16:55:45.396+0000][246.422s][info ][safepoint     ] Entering safepoint region: Cleanup
[2022-02-07T16:55:45.397+0000][246.423s][info ][safepoint     ] Leaving safepoint region
[2022-02-07T16:55:45.397+0000][246.423s][info ][safepoint     ] Total time for which application threads were stopped: 0.0003168 seconds, Stopping threads took: 0.0000705 seconds
[2022-02-07T16:55:46.397+0000][247.423s][debug][safepoint     ] Safepoint synchronization initiated. (305 threads)
[2022-02-07T16:55:46.397+0000][247.423s][info ][safepoint     ] Application time: 1.0001132 seconds
[2022-02-07T16:55:46.397+0000][247.423s][info ][safepoint     ] Entering safepoint region: Cleanup
[2022-02-07T16:55:46.397+0000][247.423s][info ][safepoint     ] Leaving safepoint region
[2022-02-07T16:55:46.397+0000][247.423s][info ][safepoint     ] Total time for which application threads were stopped: 0.0002912 seconds, Stopping threads took: 0.0000735 seconds
[2022-02-07T16:55:47.397+0000][248.423s][debug][safepoint     ] Safepoint synchronization initiated. (305 threads)
[2022-02-07T16:55:47.397+0000][248.423s][info ][safepoint     ] Application time: 1.0002260 seconds
[2022-02-07T16:55:47.397+0000][248.423s][info ][safepoint     ] Entering safepoint region: Cleanup
[2022-02-07T16:55:47.398+0000][248.424s][info ][safepoint     ] Leaving safepoint region
[2022-02-07T16:55:47.398+0000][248.424s][info ][safepoint     ] Total time for which application threads were stopped: 0.0004240 seconds, Stopping threads took: 0.0000702 seconds
[2022-02-07T16:55:48.398+0000][249.424s][debug][safepoint     ] Safepoint synchronization initiated. (305 threads)
[2022-02-07T16:55:48.398+0000][249.424s][info ][safepoint     ] Application time: 1.0001136 seconds
[2022-02-07T16:55:48.398+0000][249.424s][debug][safepoint     ] ... found polling page return exception at pc = 0x00007f11b46688bb, stub =0x00007f11ac8beb80
[2022-02-07T16:55:48.398+0000][249.424s][debug][safepoint     ] Waiting for 1 thread(s) to block
[2022-02-07T16:55:48.398+0000][249.424s][info ][safepoint     ] Entering safepoint region: Cleanup
[2022-02-07T16:55:48.398+0000][249.424s][info ][safepoint     ] Leaving safepoint region
[2022-02-07T16:55:48.398+0000][249.424s][info ][safepoint     ] Total time for which application threads were stopped: 0.0004839 seconds, Stopping threads took: 0.0001122 seconds
[2022-02-07T16:55:49.398+0000][250.424s][debug][safepoint     ] Safepoint synchronization initiated. (305 threads)
[2022-02-07T16:55:49.399+0000][250.424s][info ][safepoint     ] Application time: 1.0000999 seconds
[2022-02-07T16:55:49.399+0000][250.424s][info ][safepoint     ] Entering safepoint region: Cleanup
[2022-02-07T16:55:49.399+0000][250.425s][info ][safepoint     ] Leaving safepoint region
[2022-02-07T16:55:49.399+0000][250.425s][info ][safepoint     ] Total time for which application threads were stopped: 0.0004470 seconds, Stopping threads took: 0.0000705 seconds
[2022-02-07T16:55:49.880+0000][250.905s][debug][safepoint     ] Safepoint synchronization initiated. (305 threads)
[2022-02-07T16:55:49.880+0000][250.905s][info ][safepoint     ] Application time: 0.4805789 seconds
[2022-02-07T16:55:49.880+0000][250.906s][info ][safepoint     ] Entering safepoint region: G1CollectForAllocation
[2022-02-07T16:55:49.880+0000][250.906s][info ][gc,start      ] GC(60) Pause Young (Normal) (G1 Evacuation Pause)
[2022-02-07T16:55:49.880+0000][250.906s][info ][gc,task       ] GC(60) Using 4 workers of 4 for evacuation
[2022-02-07T16:55:49.906+0000][250.932s][info ][gc,phases     ] GC(60)   Pre Evacuate Collection Set: 0.0ms
[2022-02-07T16:55:49.906+0000][250.932s][info ][gc,phases     ] GC(60)   Evacuate Collection Set: 21.8ms
[2022-02-07T16:55:49.906+0000][250.932s][info ][gc,phases     ] GC(60)   Post Evacuate Collection Set: 3.7ms
[2022-02-07T16:55:49.906+0000][250.932s][info ][gc,phases     ] GC(60)   Other: 0.3ms
[2022-02-07T16:55:49.906+0000][250.932s][info ][gc,heap       ] GC(60) Eden regions: 230->0(231)
[2022-02-07T16:55:49.906+0000][250.932s][info ][gc,heap       ] GC(60) Survivor regions: 11->2(31)
[2022-02-07T16:55:49.906+0000][250.932s][info ][gc,heap       ] GC(60) Old regions: 135->144
[2022-02-07T16:55:49.906+0000][250.932s][info ][gc,heap       ] GC(60) Humongous regions: 0->0
[2022-02-07T16:55:49.906+0000][250.932s][info ][gc,metaspace  ] GC(60) Metaspace: 161421K->161421K(1204224K)
[2022-02-07T16:55:49.906+0000][250.932s][info ][gc            ] GC(60) Pause Young (Normal) (G1 Evacuation Pause) 373M->144M(430M) 25.914ms
[2022-02-07T16:55:49.906+0000][250.932s][info ][gc,cpu        ] GC(60) User=0.03s Sys=0.00s Real=0.02s
[2022-02-07T16:55:49.906+0000][250.932s][info ][safepoint     ] Leaving safepoint region
[2022-02-07T16:55:49.906+0000][250.932s][info ][safepoint     ] Total time for which application threads were stopped: 0.0263514 seconds, Stopping threads took: 0.0000725 seconds
[2022-02-07T16:55:49.906+0000][250.932s][info ][gc,stringdedup] Concurrent String Deduplication (250.932s)
[2022-02-07T16:55:49.906+0000][250.932s][info ][gc,stringdedup] Concurrent String Deduplication 816.0B->56.0B(760.0B) avg 53.1% (250.932s, 250.932s) 0.046ms
[2022-02-07T16:55:50.906+0000][251.932s][debug][safepoint     ] Safepoint synchronization initiated. (305 threads)
[2022-02-07T16:55:50.906+0000][251.932s][info ][safepoint     ] Application time: 1.0001390 seconds
[2022-02-07T16:55:50.906+0000][251.932s][info ][safepoint     ] Entering safepoint region: Cleanup
[2022-02-07T16:55:50.906+0000][251.932s][info ][safepoint     ] Leaving safepoint region
[2022-02-07T16:55:50.906+0000][251.932s][info ][safepoint     ] Total time for which application threads were stopped: 0.0002929 seconds, Stopping threads took: 0.0000718 seconds
[2022-02-07T16:55:51.906+0000][252.932s][debug][safepoint     ] Safepoint synchronization initiated. (305 threads)
[2022-02-07T16:55:51.907+0000][252.932s][info ][safepoint     ] Application time: 1.0001259 seconds
[2022-02-07T16:55:51.907+0000][252.932s][info ][safepoint     ] Entering safepoint region: Cleanup
[2022-02-07T16:55:51.907+0000][252.933s][info ][safepoint     ] Leaving safepoint region
[2022-02-07T16:55:51.907+0000][252.933s][info ][safepoint     ] Total time for which application threads were stopped: 0.0003041 seconds, Stopping threads took: 0.0000760 seconds
[2022-02-07T16:55:52.907+0000][253.933s][debug][safepoint     ] Safepoint synchronization initiated. (305 threads)
[2022-02-07T16:55:52.907+0000][253.933s][info ][safepoint     ] Application time: 1.0001246 seconds
[2022-02-07T16:55:52.907+0000][253.933s][info ][safepoint     ] Entering safepoint region: Cleanup
[2022-02-07T16:55:52.907+0000][253.933s][info ][safepoint     ] Leaving safepoint region
[2022-02-07T16:55:52.907+0000][253.933s][info ][safepoint     ] Total time for which application threads were stopped: 0.0004312 seconds, Stopping threads took: 0.0000696 seconds
[2022-02-07T16:55:53.907+0000][254.933s][debug][safepoint     ] Safepoint synchronization initiated. (305 threads)
[2022-02-07T16:55:53.908+0000][254.933s][info ][safepoint     ] Application time: 1.0001177 seconds
[2022-02-07T16:55:53.908+0000][254.933s][info ][safepoint     ] Entering safepoint region: Cleanup
[2022-02-07T16:55:53.908+0000][254.934s][info ][safepoint     ] Leaving safepoint region
[2022-02-07T16:55:53.908+0000][254.934s][info ][safepoint     ] Total time for which application threads were stopped: 0.0004441 seconds, Stopping threads took: 0.0000724 seconds
[2022-02-07T16:55:54.908+0000][255.934s][debug][safepoint     ] Safepoint synchronization initiated. (305 threads)
[2022-02-07T16:55:54.908+0000][255.934s][info ][safepoint     ] Application time: 1.0001211 seconds
[2022-02-07T16:55:54.908+0000][255.934s][info ][safepoint     ] Entering safepoint region: Cleanup
[2022-02-07T16:55:54.909+0000][255.934s][info ][safepoint     ] Leaving safepoint region
[2022-02-07T16:55:54.909+0000][255.934s][info ][safepoint     ] Total time for which application threads were stopped: 0.0004562 seconds, Stopping threads took: 0.0000892 seconds
[2022-02-07T16:55:55.909+0000][256.935s][debug][safepoint     ] Safepoint synchronization initiated. (305 threads)
[2022-02-07T16:55:55.909+0000][256.935s][info ][safepoint     ] Application time: 1.0001520 seconds
[2022-02-07T16:55:55.909+0000][256.935s][info ][safepoint     ] Entering safepoint region: Cleanup
[2022-02-07T16:55:55.909+0000][256.935s][info ][safepoint     ] Leaving safepoint region
[2022-02-07T16:55:55.909+0000][256.935s][info ][safepoint     ] Total time for which application threads were stopped: 0.0003158 seconds, Stopping threads took: 0.0000711 seconds
[2022-02-07T16:55:56.909+0000][257.935s][debug][safepoint     ] Safepoint synchronization initiated. (305 threads)
[2022-02-07T16:55:56.909+0000][257.935s][info ][safepoint     ] Application time: 1.0001116 seconds
[2022-02-07T16:55:56.909+0000][257.935s][info ][safepoint     ] Entering safepoint region: Cleanup
[2022-02-07T16:55:56.909+0000][257.935s][info ][safepoint     ] Leaving safepoint region
[2022-02-07T16:55:56.910+0000][257.935s][info ][safepoint     ] Total time for which application threads were stopped: 0.0003088 seconds, Stopping threads took: 0.0000699 seconds
[2022-02-07T16:55:57.910+0000][258.935s][debug][safepoint     ] Safepoint synchronization initiated. (305 threads)
[2022-02-07T16:55:57.910+0000][258.935s][info ][safepoint     ] Application time: 1.0001191 seconds
[2022-02-07T16:55:57.910+0000][258.936s][info ][safepoint     ] Entering safepoint region: Cleanup
[2022-02-07T16:55:57.910+0000][258.936s][info ][safepoint     ] Leaving safepoint region
[2022-02-07T16:55:57.910+0000][258.936s][info ][safepoint     ] Total time for which application threads were stopped: 0.0002866 seconds, Stopping threads took: 0.0000719 seconds
[2022-02-07T16:55:58.910+0000][259.936s][debug][safepoint     ] Safepoint synchronization initiated. (305 threads)
[2022-02-07T16:55:58.910+0000][259.936s][info ][safepoint     ] Application time: 1.0001194 seconds
[2022-02-07T16:55:58.910+0000][259.936s][debug][safepoint     ] ... found polling page return exception at pc = 0x00007f11b4b6d91b, stub =0x00007f11ac8beb80
[2022-02-07T16:55:58.910+0000][259.936s][debug][safepoint     ] Waiting for 1 thread(s) to block
[2022-02-07T16:55:58.910+0000][259.936s][info ][safepoint     ] Entering safepoint region: Cleanup
[2022-02-07T16:55:58.910+0000][259.936s][info ][safepoint     ] Leaving safepoint region
[2022-02-07T16:55:58.910+0000][259.936s][info ][safepoint     ] Total time for which application threads were stopped: 0.0003230 seconds, Stopping threads took: 0.0001079 seconds
[2022-02-07T16:55:59.910+0000][260.936s][debug][safepoint     ] Safepoint synchronization initiated. (305 threads)
[2022-02-07T16:55:59.911+0000][260.936s][info ][safepoint     ] Application time: 1.0001273 seconds
[2022-02-07T16:55:59.911+0000][260.936s][info ][safepoint     ] Entering safepoint region: Cleanup
[2022-02-07T16:55:59.911+0000][260.937s][info ][safepoint     ] Leaving safepoint region
[2022-02-07T16:55:59.911+0000][260.937s][info ][safepoint     ] Total time for which application threads were stopped: 0.0002735 seconds, Stopping threads took: 0.0000697 seconds
[2022-02-07T16:56:00.911+0000][261.937s][debug][safepoint     ] Safepoint synchronization initiated. (305 threads)
[2022-02-07T16:56:00.911+0000][261.937s][info ][safepoint     ] Application time: 1.0001303 seconds
[2022-02-07T16:56:00.911+0000][261.937s][info ][safepoint     ] Entering safepoint region: Cleanup
[2022-02-07T16:56:00.911+0000][261.937s][info ][safepoint     ] Leaving safepoint region
[2022-02-07T16:56:00.911+0000][261.937s][info ][safepoint     ] Total time for which application threads were stopped: 0.0002923 seconds, Stopping threads took: 0.0000655 seconds
[2022-02-07T16:56:01.911+0000][262.937s][debug][safepoint     ] Safepoint synchronization initiated. (305 threads)
[2022-02-07T16:56:01.911+0000][262.937s][info ][safepoint     ] Application time: 1.0001201 seconds
[2022-02-07T16:56:01.911+0000][262.937s][info ][safepoint     ] Entering safepoint region: Cleanup
[2022-02-07T16:56:01.912+0000][262.937s][info ][safepoint     ] Leaving safepoint region
[2022-02-07T16:56:01.912+0000][262.937s][info ][safepoint     ] Total time for which application threads were stopped: 0.0002315 seconds, Stopping threads took: 0.0000618 seconds
[2022-02-07T16:56:02.912+0000][263.938s][debug][safepoint     ] Safepoint synchronization initiated. (305 threads)
[2022-02-07T16:56:02.912+0000][263.938s][info ][safepoint     ] Application time: 1.0001014 seconds
[2022-02-07T16:56:02.912+0000][263.938s][info ][safepoint     ] Entering safepoint region: Cleanup
[2022-02-07T16:56:02.912+0000][263.938s][info ][safepoint     ] Leaving safepoint region
[2022-02-07T16:56:02.912+0000][263.938s][info ][safepoint     ] Total time for which application threads were stopped: 0.0002539 seconds, Stopping threads took: 0.0000695 seconds
[2022-02-07T16:56:03.912+0000][264.938s][debug][safepoint     ] Safepoint synchronization initiated. (305 threads)
[2022-02-07T16:56:03.912+0000][264.938s][info ][safepoint     ] Application time: 1.0001143 seconds
[2022-02-07T16:56:03.912+0000][264.938s][info ][safepoint     ] Entering safepoint region: Cleanup
[2022-02-07T16:56:03.912+0000][264.938s][info ][safepoint     ] Leaving safepoint region
[2022-02-07T16:56:03.912+0000][264.938s][info ][safepoint     ] Total time for which application threads were stopped: 0.0003423 seconds, Stopping threads took: 0.0000638 seconds
[2022-02-07T16:56:04.916+0000][265.942s][debug][safepoint     ] Safepoint synchronization initiated. (305 threads)
[2022-02-07T16:56:04.916+0000][265.942s][info ][safepoint     ] Application time: 1.0035590 seconds
[2022-02-07T16:56:04.916+0000][265.942s][info ][safepoint     ] Entering safepoint region: Cleanup
[2022-02-07T16:56:04.918+0000][265.944s][debug][safepoint     ] ... found polling page return exception at pc = 0x00007f11b4fbbdfb, stub =0x00007f11ac8beb80
[2022-02-07T16:56:04.918+0000][265.944s][debug][safepoint     ] ... found polling page return exception at pc = 0x00007f11b462489f, stub =0x00007f11ac8beb80
[2022-02-07T16:56:04.918+0000][265.944s][debug][safepoint     ] ... found polling page return exception at pc = 0x00007f11b4a82d47, stub =0x00007f11ac8beb80
[2022-02-07T16:56:04.918+0000][265.944s][debug][safepoint     ] ... found polling page return exception at pc = 0x00007f11b439d18c, stub =0x00007f11ac8beb80
[2022-02-07T16:56:04.918+0000][265.944s][debug][safepoint     ] ... found polling page return exception at pc = 0x00007f11b4c764f2, stub =0x00007f11ac8beb80
[2022-02-07T16:56:04.918+0000][265.944s][info ][safepoint     ] Leaving safepoint region
[2022-02-07T16:56:04.918+0000][265.944s][info ][safepoint     ] Total time for which application threads were stopped: 0.0020046 seconds, Stopping threads took: 0.0000749 seconds
[2022-02-07T16:56:05.918+0000][266.944s][debug][safepoint     ] Safepoint synchronization initiated. (305 threads)
[2022-02-07T16:56:05.918+0000][266.944s][info ][safepoint     ] Application time: 1.0001841 seconds
[2022-02-07T16:56:05.918+0000][266.944s][info ][safepoint     ] Entering safepoint region: Cleanup
[2022-02-07T16:56:05.919+0000][266.945s][info ][safepoint     ] Leaving safepoint region
[2022-02-07T16:56:05.919+0000][266.945s][info ][safepoint     ] Total time for which application threads were stopped: 0.0004393 seconds, Stopping threads took: 0.0000718 seconds
[2022-02-07T16:56:06.919+0000][267.945s][debug][safepoint     ] Safepoint synchronization initiated. (305 threads)
[2022-02-07T16:56:06.919+0000][267.945s][info ][safepoint     ] Application time: 1.0001665 seconds
[2022-02-07T16:56:06.919+0000][267.945s][info ][safepoint     ] Entering safepoint region: Cleanup
[2022-02-07T16:56:06.919+0000][267.945s][info ][safepoint     ] Leaving safepoint region
[2022-02-07T16:56:06.919+0000][267.945s][info ][safepoint     ] Total time for which application threads were stopped: 0.0003666 seconds, Stopping threads took: 0.0000681 seconds
[2022-02-07T16:56:07.919+0000][268.945s][debug][safepoint     ] Safepoint synchronization initiated. (305 threads)
[2022-02-07T16:56:07.920+0000][268.945s][info ][safepoint     ] Application time: 1.0001159 seconds
[2022-02-07T16:56:07.920+0000][268.945s][info ][safepoint     ] Entering safepoint region: Cleanup
[2022-02-07T16:56:07.920+0000][268.946s][info ][safepoint     ] Leaving safepoint region
[2022-02-07T16:56:07.920+0000][268.946s][info ][safepoint     ] Total time for which application threads were stopped: 0.0003777 seconds, Stopping threads took: 0.0000732 seconds
[2022-02-07T16:56:08.920+0000][269.946s][debug][safepoint     ] Safepoint synchronization initiated. (305 threads)
[2022-02-07T16:56:08.920+0000][269.946s][info ][safepoint     ] Application time: 1.0001121 seconds
[2022-02-07T16:56:08.920+0000][269.946s][info ][safepoint     ] Entering safepoint region: Cleanup
[2022-02-07T16:56:08.920+0000][269.946s][info ][safepoint     ] Leaving safepoint region
[2022-02-07T16:56:08.920+0000][269.946s][info ][safepoint     ] Total time for which application threads were stopped: 0.0004469 seconds, Stopping threads took: 0.0000753 seconds
[2022-02-07T16:56:09.261+0000][270.287s][debug][safepoint     ] Safepoint synchronization initiated. (305 threads)
[2022-02-07T16:56:09.262+0000][270.287s][info ][safepoint     ] Application time: 0.3410501 seconds
[2022-02-07T16:56:09.262+0000][270.287s][info ][safepoint     ] Entering safepoint region: G1CollectForAllocation
[2022-02-07T16:56:09.262+0000][270.288s][info ][gc,start      ] GC(61) Pause Young (Normal) (G1 Evacuation Pause)
[2022-02-07T16:56:09.262+0000][270.288s][info ][gc,task       ] GC(61) Using 4 workers of 4 for evacuation
[2022-02-07T16:56:09.290+0000][270.316s][info ][gc,phases     ] GC(61)   Pre Evacuate Collection Set: 0.0ms
[2022-02-07T16:56:09.290+0000][270.316s][info ][gc,phases     ] GC(61)   Evacuate Collection Set: 22.7ms
[2022-02-07T16:56:09.290+0000][270.316s][info ][gc,phases     ] GC(61)   Post Evacuate Collection Set: 4.9ms
[2022-02-07T16:56:09.290+0000][270.316s][info ][gc,phases     ] GC(61)   Other: 0.2ms
[2022-02-07T16:56:09.290+0000][270.316s][info ][gc,heap       ] GC(61) Eden regions: 231->0(232)
[2022-02-07T16:56:09.290+0000][270.316s][info ][gc,heap       ] GC(61) Survivor regions: 2->1(30)
[2022-02-07T16:56:09.290+0000][270.316s][info ][gc,heap       ] GC(61) Old regions: 144->145
[2022-02-07T16:56:09.290+0000][270.316s][info ][gc,heap       ] GC(61) Humongous regions: 0->0
[2022-02-07T16:56:09.290+0000][270.316s][info ][gc,metaspace  ] GC(61) Metaspace: 161509K->161509K(1204224K)
[2022-02-07T16:56:09.290+0000][270.316s][info ][gc            ] GC(61) Pause Young (Normal) (G1 Evacuation Pause) 375M->144M(430M) 28.039ms
[2022-02-07T16:56:09.290+0000][270.316s][info ][gc,cpu        ] GC(61) User=0.02s Sys=0.00s Real=0.03s
[2022-02-07T16:56:09.290+0000][270.316s][info ][safepoint     ] Leaving safepoint region
[2022-02-07T16:56:09.290+0000][270.316s][info ][safepoint     ] Total time for which application threads were stopped: 0.0286622 seconds, Stopping threads took: 0.0000753 seconds
[2022-02-07T16:56:09.291+0000][270.317s][info ][gc,stringdedup] Concurrent String Deduplication (270.317s)
[2022-02-07T16:56:09.291+0000][270.317s][info ][gc,stringdedup] Concurrent String Deduplication 1384.0B->512.0B(872.0B) avg 53.1% (270.317s, 270.317s) 0.055ms
[2022-02-07T16:56:10.290+0000][271.316s][debug][safepoint     ] Safepoint synchronization initiated. (305 threads)
[2022-02-07T16:56:10.290+0000][271.316s][info ][safepoint     ] Application time: 1.0001586 seconds
[2022-02-07T16:56:10.290+0000][271.316s][info ][safepoint     ] Entering safepoint region: Cleanup
[2022-02-07T16:56:10.291+0000][271.317s][info ][safepoint     ] Leaving safepoint region
[2022-02-07T16:56:10.291+0000][271.317s][info ][safepoint     ] Total time for which application threads were stopped: 0.0002859 seconds, Stopping threads took: 0.0000704 seconds
[2022-02-07T16:56:11.291+0000][272.317s][debug][safepoint     ] Safepoint synchronization initiated. (305 threads)
[2022-02-07T16:56:11.291+0000][272.317s][info ][safepoint     ] Application time: 1.0001430 seconds
[2022-02-07T16:56:11.291+0000][272.317s][info ][safepoint     ] Entering safepoint region: Cleanup
[2022-02-07T16:56:11.291+0000][272.317s][info ][safepoint     ] Leaving safepoint region
[2022-02-07T16:56:11.291+0000][272.317s][info ][safepoint     ] Total time for which application threads were stopped: 0.0004880 seconds, Stopping threads took: 0.0000718 seconds
[2022-02-07T16:56:12.291+0000][273.317s][debug][safepoint     ] Safepoint synchronization initiated. (305 threads)
[2022-02-07T16:56:12.291+0000][273.317s][info ][safepoint     ] Application time: 1.0001462 seconds
[2022-02-07T16:56:12.292+0000][273.317s][info ][safepoint     ] Entering safepoint region: Cleanup
[2022-02-07T16:56:12.292+0000][273.318s][info ][safepoint     ] Leaving safepoint region
[2022-02-07T16:56:12.292+0000][273.318s][info ][safepoint     ] Total time for which application threads were stopped: 0.0003308 seconds, Stopping threads took: 0.0000772 seconds
[2022-02-07T16:56:13.292+0000][274.318s][debug][safepoint     ] Safepoint synchronization initiated. (305 threads)
[2022-02-07T16:56:13.292+0000][274.318s][info ][safepoint     ] Application time: 1.0001093 seconds
[2022-02-07T16:56:13.292+0000][274.318s][debug][safepoint     ] Waiting for 1 thread(s) to block
[2022-02-07T16:56:13.292+0000][274.318s][info ][safepoint     ] Entering safepoint region: Cleanup
[2022-02-07T16:56:13.292+0000][274.318s][info ][safepoint     ] Leaving safepoint region
[2022-02-07T16:56:13.292+0000][274.318s][info ][safepoint     ] Total time for which application threads were stopped: 0.0003421 seconds, Stopping threads took: 0.0001006 seconds
[2022-02-07T16:56:14.292+0000][275.318s][debug][safepoint     ] Safepoint synchronization initiated. (304 threads)
[2022-02-07T16:56:14.292+0000][275.318s][info ][safepoint     ] Application time: 1.0001229 seconds
[2022-02-07T16:56:14.293+0000][275.318s][info ][safepoint     ] Entering safepoint region: Cleanup
[2022-02-07T16:56:14.293+0000][275.319s][info ][safepoint     ] Leaving safepoint region
[2022-02-07T16:56:14.293+0000][275.319s][info ][safepoint     ] Total time for which application threads were stopped: 0.0003075 seconds, Stopping threads took: 0.0000767 seconds
[2022-02-07T16:56:15.293+0000][276.319s][debug][safepoint     ] Safepoint synchronization initiated. (304 threads)
[2022-02-07T16:56:15.293+0000][276.319s][info ][safepoint     ] Application time: 1.0001096 seconds
[2022-02-07T16:56:15.293+0000][276.319s][info ][safepoint     ] Entering safepoint region: Cleanup
[2022-02-07T16:56:15.293+0000][276.319s][info ][safepoint     ] Leaving safepoint region
[2022-02-07T16:56:15.293+0000][276.319s][info ][safepoint     ] Total time for which application threads were stopped: 0.0003006 seconds, Stopping threads took: 0.0000661 seconds
[2022-02-07T16:56:15.293+0000][276.319s][debug][safepoint     ] ... found polling page return exception at pc = 0x00007f11b4fbbdfb, stub =0x00007f11ac8beb80
[2022-02-07T16:56:16.293+0000][277.319s][debug][safepoint     ] Safepoint synchronization initiated. (304 threads)
[2022-02-07T16:56:16.293+0000][277.319s][info ][safepoint     ] Application time: 1.0001233 seconds
[2022-02-07T16:56:16.293+0000][277.319s][info ][safepoint     ] Entering safepoint region: Cleanup
[2022-02-07T16:56:16.294+0000][277.320s][info ][safepoint     ] Leaving safepoint region
[2022-02-07T16:56:16.294+0000][277.320s][info ][safepoint     ] Total time for which application threads were stopped: 0.0004234 seconds, Stopping threads took: 0.0000704 seconds
[2022-02-07T16:56:17.294+0000][278.320s][debug][safepoint     ] Safepoint synchronization initiated. (304 threads)
[2022-02-07T16:56:17.294+0000][278.320s][info ][safepoint     ] Application time: 1.0001223 seconds
[2022-02-07T16:56:17.294+0000][278.320s][info ][safepoint     ] Entering safepoint region: Cleanup
[2022-02-07T16:56:17.294+0000][278.320s][info ][safepoint     ] Leaving safepoint region
[2022-02-07T16:56:17.294+0000][278.320s][info ][safepoint     ] Total time for which application threads were stopped: 0.0003120 seconds, Stopping threads took: 0.0000925 seconds
[2022-02-07T16:56:18.294+0000][279.320s][debug][safepoint     ] Safepoint synchronization initiated. (304 threads)
[2022-02-07T16:56:18.294+0000][279.320s][info ][safepoint     ] Application time: 1.0000867 seconds
[2022-02-07T16:56:18.294+0000][279.320s][info ][safepoint     ] Entering safepoint region: Cleanup
[2022-02-07T16:56:18.295+0000][279.320s][info ][safepoint     ] Leaving safepoint region
[2022-02-07T16:56:18.295+0000][279.321s][info ][safepoint     ] Total time for which application threads were stopped: 0.0003522 seconds, Stopping threads took: 0.0000767 seconds
[2022-02-07T16:56:19.295+0000][280.321s][debug][safepoint     ] Safepoint synchronization initiated. (304 threads)
[2022-02-07T16:56:19.295+0000][280.321s][info ][safepoint     ] Application time: 1.0000716 seconds
[2022-02-07T16:56:19.295+0000][280.321s][info ][safepoint     ] Entering safepoint region: Cleanup
[2022-02-07T16:56:19.295+0000][280.321s][info ][safepoint     ] Leaving safepoint region
[2022-02-07T16:56:19.295+0000][280.321s][info ][safepoint     ] Total time for which application threads were stopped: 0.0005004 seconds, Stopping threads took: 0.0000690 seconds
[2022-02-07T16:56:20.295+0000][281.321s][debug][safepoint     ] Safepoint synchronization initiated. (304 threads)
[2022-02-07T16:56:20.295+0000][281.321s][info ][safepoint     ] Application time: 1.0001163 seconds
[2022-02-07T16:56:20.295+0000][281.321s][info ][safepoint     ] Entering safepoint region: Cleanup
[2022-02-07T16:56:20.296+0000][281.322s][info ][safepoint     ] Leaving safepoint region
[2022-02-07T16:56:20.296+0000][281.322s][info ][safepoint     ] Total time for which application threads were stopped: 0.0004564 seconds, Stopping threads took: 0.0000722 seconds
[2022-02-07T16:56:21.296+0000][282.322s][debug][safepoint     ] Safepoint synchronization initiated. (304 threads)
[2022-02-07T16:56:21.296+0000][282.322s][info ][safepoint     ] Application time: 1.0001177 seconds
[2022-02-07T16:56:21.296+0000][282.322s][debug][safepoint     ] ... found polling page return exception at pc = 0x00007f11b5255518, stub =0x00007f11ac8beb80
[2022-02-07T16:56:21.296+0000][282.322s][debug][safepoint     ] Waiting for 1 thread(s) to block
[2022-02-07T16:56:21.296+0000][282.322s][info ][safepoint     ] Entering safepoint region: Cleanup
[2022-02-07T16:56:21.296+0000][282.322s][info ][safepoint     ] Leaving safepoint region
[2022-02-07T16:56:21.296+0000][282.322s][info ][safepoint     ] Total time for which application threads were stopped: 0.0004820 seconds, Stopping threads took: 0.0001108 seconds
[2022-02-07T16:56:22.297+0000][283.322s][debug][safepoint     ] Safepoint synchronization initiated. (304 threads)
[2022-02-07T16:56:22.297+0000][283.322s][info ][safepoint     ] Application time: 1.0001152 seconds
[2022-02-07T16:56:22.297+0000][283.323s][info ][safepoint     ] Entering safepoint region: Cleanup
[2022-02-07T16:56:22.297+0000][283.323s][info ][safepoint     ] Leaving safepoint region
[2022-02-07T16:56:22.297+0000][283.323s][info ][safepoint     ] Total time for which application threads were stopped: 0.0003019 seconds, Stopping threads took: 0.0000697 seconds
[2022-02-07T16:56:23.297+0000][284.323s][debug][safepoint     ] Safepoint synchronization initiated. (304 threads)
[2022-02-07T16:56:23.297+0000][284.323s][info ][safepoint     ] Application time: 1.0001137 seconds
[2022-02-07T16:56:23.297+0000][284.323s][info ][safepoint     ] Entering safepoint region: Cleanup
[2022-02-07T16:56:23.297+0000][284.323s][info ][safepoint     ] Leaving safepoint region
[2022-02-07T16:56:23.297+0000][284.323s][info ][safepoint     ] Total time for which application threads were stopped: 0.0002995 seconds, Stopping threads took: 0.0000712 seconds
[2022-02-07T16:56:24.297+0000][285.323s][debug][safepoint     ] Safepoint synchronization initiated. (304 threads)
[2022-02-07T16:56:24.297+0000][285.323s][info ][safepoint     ] Application time: 1.0001621 seconds
[2022-02-07T16:56:24.298+0000][285.323s][debug][safepoint     ] ... found polling page return exception at pc = 0x00007f11b51b1be8, stub =0x00007f11ac8beb80
[2022-02-07T16:56:24.298+0000][285.323s][debug][safepoint     ] Waiting for 1 thread(s) to block
[2022-02-07T16:56:24.298+0000][285.323s][info ][safepoint     ] Entering safepoint region: Cleanup
[2022-02-07T16:56:24.298+0000][285.324s][info ][safepoint     ] Leaving safepoint region
[2022-02-07T16:56:24.298+0000][285.324s][info ][safepoint     ] Total time for which application threads were stopped: 0.0005284 seconds, Stopping threads took: 0.0001188 seconds
[2022-02-07T16:56:25.298+0000][286.324s][debug][safepoint     ] Safepoint synchronization initiated. (304 threads)
[2022-02-07T16:56:25.298+0000][286.324s][info ][safepoint     ] Application time: 1.0001171 seconds
[2022-02-07T16:56:25.298+0000][286.324s][info ][safepoint     ] Entering safepoint region: Cleanup
[2022-02-07T16:56:25.298+0000][286.324s][info ][safepoint     ] Leaving safepoint region
[2022-02-07T16:56:25.298+0000][286.324s][info ][safepoint     ] Total time for which application threads were stopped: 0.0002959 seconds, Stopping threads took: 0.0000707 seconds
[2022-02-07T16:56:25.879+0000][286.905s][debug][safepoint     ] Safepoint synchronization initiated. (304 threads)
[2022-02-07T16:56:25.879+0000][286.905s][info ][safepoint     ] Application time: 0.5809741 seconds
[2022-02-07T16:56:25.880+0000][286.905s][debug][safepoint     ] ... found polling page return exception at pc = 0x00007f11b525c3c4, stub =0x00007f11ac8beb80
[2022-02-07T16:56:25.880+0000][286.905s][debug][safepoint     ] Waiting for 1 thread(s) to block
[2022-02-07T16:56:25.880+0000][286.905s][info ][safepoint     ] Entering safepoint region: G1CollectForAllocation
[2022-02-07T16:56:25.880+0000][286.906s][info ][gc,start      ] GC(62) Pause Young (Normal) (G1 Evacuation Pause)
[2022-02-07T16:56:25.880+0000][286.906s][info ][gc,task       ] GC(62) Using 4 workers of 4 for evacuation
[2022-02-07T16:56:25.891+0000][286.917s][info ][gc,phases     ] GC(62)   Pre Evacuate Collection Set: 0.0ms
[2022-02-07T16:56:25.891+0000][286.917s][info ][gc,phases     ] GC(62)   Evacuate Collection Set: 6.6ms
[2022-02-07T16:56:25.891+0000][286.917s][info ][gc,phases     ] GC(62)   Post Evacuate Collection Set: 4.1ms
[2022-02-07T16:56:25.891+0000][286.917s][info ][gc,phases     ] GC(62)   Other: 0.2ms
[2022-02-07T16:56:25.891+0000][286.917s][info ][gc,heap       ] GC(62) Eden regions: 232->0(232)
[2022-02-07T16:56:25.891+0000][286.917s][info ][gc,heap       ] GC(62) Survivor regions: 1->1(30)
[2022-02-07T16:56:25.891+0000][286.917s][info ][gc,heap       ] GC(62) Old regions: 145->146
[2022-02-07T16:56:25.891+0000][286.917s][info ][gc,heap       ] GC(62) Humongous regions: 0->0
[2022-02-07T16:56:25.891+0000][286.917s][info ][gc,metaspace  ] GC(62) Metaspace: 161533K->161533K(1204224K)
[2022-02-07T16:56:25.891+0000][286.917s][info ][gc            ] GC(62) Pause Young (Normal) (G1 Evacuation Pause) 376M->144M(430M) 11.016ms
[2022-02-07T16:56:25.891+0000][286.917s][info ][gc,cpu        ] GC(62) User=0.02s Sys=0.00s Real=0.01s
[2022-02-07T16:56:25.891+0000][286.917s][info ][safepoint     ] Leaving safepoint region
[2022-02-07T16:56:25.891+0000][286.917s][info ][safepoint     ] Total time for which application threads were stopped: 0.0114994 seconds, Stopping threads took: 0.0001795 seconds
[2022-02-07T16:56:25.891+0000][286.917s][info ][gc,stringdedup] Concurrent String Deduplication (286.917s)
[2022-02-07T16:56:25.891+0000][286.917s][info ][gc,stringdedup] Concurrent String Deduplication 1520.0B->280.0B(1240.0B) avg 53.1% (286.917s, 286.917s) 0.050ms
[2022-02-07T16:56:26.891+0000][287.917s][debug][safepoint     ] Safepoint synchronization initiated. (304 threads)
[2022-02-07T16:56:26.891+0000][287.917s][info ][safepoint     ] Application time: 1.0001247 seconds
[2022-02-07T16:56:26.891+0000][287.917s][info ][safepoint     ] Entering safepoint region: Cleanup
[2022-02-07T16:56:26.891+0000][287.917s][info ][safepoint     ] Leaving safepoint region
[2022-02-07T16:56:26.891+0000][287.917s][info ][safepoint     ] Total time for which application threads were stopped: 0.0003250 seconds, Stopping threads took: 0.0000853 seconds
[2022-02-07T16:56:27.893+0000][288.918s][debug][safepoint     ] Safepoint synchronization initiated. (304 threads)
[2022-02-07T16:56:27.893+0000][288.918s][info ][safepoint     ] Application time: 1.0011963 seconds
[2022-02-07T16:56:27.893+0000][288.919s][info ][safepoint     ] Entering safepoint region: Cleanup
[2022-02-07T16:56:27.893+0000][288.919s][info ][safepoint     ] Leaving safepoint region
[2022-02-07T16:56:27.893+0000][288.919s][info ][safepoint     ] Total time for which application threads were stopped: 0.0005087 seconds, Stopping threads took: 0.0000934 seconds
[2022-02-07T16:56:28.896+0000][289.921s][debug][safepoint     ] Safepoint synchronization initiated. (304 threads)
[2022-02-07T16:56:28.896+0000][289.922s][info ][safepoint     ] Application time: 1.0025274 seconds
[2022-02-07T16:56:28.896+0000][289.922s][debug][safepoint     ] ... found polling page return exception at pc = 0x00007f11b4e262b5, stub =0x00007f11ac8beb80
[2022-02-07T16:56:28.901+0000][289.927s][debug][safepoint     ] ... found polling page return exception at pc = 0x00007f11b4926498, stub =0x00007f11ac8beb80
[2022-02-07T16:56:28.901+0000][289.927s][debug][safepoint     ] Waiting for 2 thread(s) to block
[2022-02-07T16:56:28.901+0000][289.927s][info ][safepoint     ] Entering safepoint region: Cleanup
[2022-02-07T16:56:28.901+0000][289.927s][info ][safepoint     ] Leaving safepoint region
[2022-02-07T16:56:28.901+0000][289.927s][info ][safepoint     ] Total time for which application threads were stopped: 0.0053709 seconds, Stopping threads took: 0.0049840 seconds
[2022-02-07T16:56:29.908+0000][290.934s][debug][safepoint     ] Safepoint synchronization initiated. (304 threads)
[2022-02-07T16:56:29.908+0000][290.934s][info ][safepoint     ] Application time: 1.0062984 seconds
[2022-02-07T16:56:29.908+0000][290.934s][info ][safepoint     ] Entering safepoint region: Cleanup
[2022-02-07T16:56:29.908+0000][290.934s][info ][safepoint     ] Leaving safepoint region
[2022-02-07T16:56:29.908+0000][290.934s][info ][safepoint     ] Total time for which application threads were stopped: 0.0004426 seconds, Stopping threads took: 0.0000714 seconds
[2022-02-07T16:56:30.908+0000][291.934s][debug][safepoint     ] Safepoint synchronization initiated. (304 threads)
[2022-02-07T16:56:30.908+0000][291.934s][info ][safepoint     ] Application time: 1.0001719 seconds
[2022-02-07T16:56:30.908+0000][291.934s][info ][safepoint     ] Entering safepoint region: Cleanup
[2022-02-07T16:56:30.909+0000][291.935s][info ][safepoint     ] Leaving safepoint region
[2022-02-07T16:56:30.909+0000][291.935s][info ][safepoint     ] Total time for which application threads were stopped: 0.0004178 seconds, Stopping threads took: 0.0000684 seconds
[2022-02-07T16:56:31.909+0000][292.935s][debug][safepoint     ] Safepoint synchronization initiated. (304 threads)
[2022-02-07T16:56:31.909+0000][292.935s][info ][safepoint     ] Application time: 1.0001077 seconds
[2022-02-07T16:56:31.909+0000][292.935s][debug][safepoint     ] ... found polling page return exception at pc = 0x00007f11b4575a68, stub =0x00007f11ac8beb80
[2022-02-07T16:56:31.909+0000][292.935s][debug][safepoint     ] ... found polling page return exception at pc = 0x00007f11b46688bb, stub =0x00007f11ac8beb80
[2022-02-07T16:56:31.911+0000][292.937s][debug][safepoint     ] ... found polling page return exception at pc = 0x00007f11b4d593bb, stub =0x00007f11ac8beb80
[2022-02-07T16:56:31.911+0000][292.937s][debug][safepoint     ] Waiting for 4 thread(s) to block
[2022-02-07T16:56:31.912+0000][292.937s][info ][safepoint     ] Entering safepoint region: Cleanup
[2022-02-07T16:56:31.912+0000][292.938s][info ][safepoint     ] Leaving safepoint region
[2022-02-07T16:56:31.912+0000][292.938s][info ][safepoint     ] Total time for which application threads were stopped: 0.0027919 seconds, Stopping threads took: 0.0025599 seconds
[2022-02-07T16:56:32.912+0000][293.938s][debug][safepoint     ] Safepoint synchronization initiated. (304 threads)
[2022-02-07T16:56:32.912+0000][293.938s][info ][safepoint     ] Application time: 1.0001200 seconds
[2022-02-07T16:56:32.912+0000][293.938s][info ][safepoint     ] Entering safepoint region: Cleanup
[2022-02-07T16:56:32.912+0000][293.938s][info ][safepoint     ] Leaving safepoint region
[2022-02-07T16:56:32.912+0000][293.938s][info ][safepoint     ] Total time for which application threads were stopped: 0.0003030 seconds, Stopping threads took: 0.0000754 seconds
[2022-02-07T16:56:33.912+0000][294.938s][debug][safepoint     ] Safepoint synchronization initiated. (304 threads)
[2022-02-07T16:56:33.912+0000][294.938s][info ][safepoint     ] Application time: 1.0001183 seconds
[2022-02-07T16:56:33.912+0000][294.938s][info ][safepoint     ] Entering safepoint region: Cleanup
[2022-02-07T16:56:33.913+0000][294.938s][info ][safepoint     ] Leaving safepoint region
[2022-02-07T16:56:33.913+0000][294.939s][info ][safepoint     ] Total time for which application threads were stopped: 0.0002863 seconds, Stopping threads took: 0.0000705 seconds
[2022-02-07T16:56:34.913+0000][295.939s][debug][safepoint     ] Safepoint synchronization initiated. (304 threads)
[2022-02-07T16:56:34.913+0000][295.939s][info ][safepoint     ] Application time: 1.0001458 seconds
[2022-02-07T16:56:34.913+0000][295.939s][debug][safepoint     ] ... found polling page return exception at pc = 0x00007f11b48843f4, stub =0x00007f11ac8beb80
[2022-02-07T16:56:34.913+0000][295.939s][debug][safepoint     ] Waiting for 1 thread(s) to block
[2022-02-07T16:56:34.913+0000][295.939s][info ][safepoint     ] Entering safepoint region: Cleanup
[2022-02-07T16:56:34.913+0000][295.939s][info ][safepoint     ] Leaving safepoint region
[2022-02-07T16:56:34.913+0000][295.939s][info ][safepoint     ] Total time for which application threads were stopped: 0.0005250 seconds, Stopping threads took: 0.0001831 seconds
[2022-02-07T16:56:35.913+0000][296.939s][debug][safepoint     ] Safepoint synchronization initiated. (304 threads)
[2022-02-07T16:56:35.913+0000][296.939s][info ][safepoint     ] Application time: 1.0001288 seconds
[2022-02-07T16:56:35.914+0000][296.939s][info ][safepoint     ] Entering safepoint region: Cleanup
[2022-02-07T16:56:35.914+0000][296.940s][info ][safepoint     ] Leaving safepoint region
[2022-02-07T16:56:35.914+0000][296.940s][info ][safepoint     ] Total time for which application threads were stopped: 0.0002389 seconds, Stopping threads took: 0.0000717 seconds
[2022-02-07T16:56:36.914+0000][297.940s][debug][safepoint     ] Safepoint synchronization initiated. (304 threads)
[2022-02-07T16:56:36.914+0000][297.940s][info ][safepoint     ] Application time: 1.0001049 seconds
[2022-02-07T16:56:36.914+0000][297.940s][info ][safepoint     ] Entering safepoint region: Cleanup
[2022-02-07T16:56:36.914+0000][297.940s][info ][safepoint     ] Leaving safepoint region
[2022-02-07T16:56:36.914+0000][297.940s][info ][safepoint     ] Total time for which application threads were stopped: 0.0002664 seconds, Stopping threads took: 0.0000777 seconds
[2022-02-07T16:56:37.914+0000][298.940s][debug][safepoint     ] Safepoint synchronization initiated. (304 threads)
[2022-02-07T16:56:37.914+0000][298.940s][info ][safepoint     ] Application time: 1.0001122 seconds
[2022-02-07T16:56:37.914+0000][298.940s][info ][safepoint     ] Entering safepoint region: Cleanup
[2022-02-07T16:56:37.915+0000][298.940s][info ][safepoint     ] Leaving safepoint region
[2022-02-07T16:56:37.915+0000][298.940s][info ][safepoint     ] Total time for which application threads were stopped: 0.0002896 seconds, Stopping threads took: 0.0000919 seconds
[2022-02-07T16:56:38.915+0000][299.940s][debug][safepoint     ] Safepoint synchronization initiated. (304 threads)
[2022-02-07T16:56:38.915+0000][299.941s][info ][safepoint     ] Application time: 1.0001151 seconds
[2022-02-07T16:56:38.915+0000][299.941s][info ][safepoint     ] Entering safepoint region: Cleanup
[2022-02-07T16:56:38.915+0000][299.941s][info ][safepoint     ] Leaving safepoint region
[2022-02-07T16:56:38.915+0000][299.941s][info ][safepoint     ] Total time for which application threads were stopped: 0.0004605 seconds, Stopping threads took: 0.0000868 seconds
[2022-02-07T16:56:39.915+0000][300.941s][debug][safepoint     ] Safepoint synchronization initiated. (304 threads)
[2022-02-07T16:56:39.915+0000][300.941s][info ][safepoint     ] Application time: 1.0001248 seconds
[2022-02-07T16:56:39.915+0000][300.941s][info ][safepoint     ] Entering safepoint region: Cleanup
[2022-02-07T16:56:39.916+0000][300.942s][info ][safepoint     ] Leaving safepoint region
[2022-02-07T16:56:39.916+0000][300.942s][info ][safepoint     ] Total time for which application threads were stopped: 0.0004401 seconds, Stopping threads took: 0.0000753 seconds
[2022-02-07T16:56:40.919+0000][301.945s][debug][safepoint     ] Safepoint synchronization initiated. (304 threads)
[2022-02-07T16:56:40.919+0000][301.945s][info ][safepoint     ] Application time: 1.0035545 seconds
[2022-02-07T16:56:40.919+0000][301.945s][debug][safepoint     ] ... found polling page return exception at pc = 0x00007f11b52400e0, stub =0x00007f11ac8beb80
[2022-02-07T16:56:40.919+0000][301.945s][debug][safepoint     ] Waiting for 1 thread(s) to block
[2022-02-07T16:56:40.919+0000][301.945s][info ][safepoint     ] Entering safepoint region: Cleanup
[2022-02-07T16:56:40.920+0000][301.946s][info ][safepoint     ] Leaving safepoint region
[2022-02-07T16:56:40.920+0000][301.946s][info ][safepoint     ] Total time for which application threads were stopped: 0.0004527 seconds, Stopping threads took: 0.0001038 seconds
[2022-02-07T16:56:41.795+0000][302.821s][debug][safepoint     ] Safepoint synchronization initiated. (304 threads)
[2022-02-07T16:56:41.795+0000][302.821s][info ][safepoint     ] Application time: 0.8754753 seconds
[2022-02-07T16:56:41.795+0000][302.821s][info ][safepoint     ] Entering safepoint region: G1CollectForAllocation
[2022-02-07T16:56:41.796+0000][302.822s][info ][gc,start      ] GC(63) Pause Young (Normal) (G1 Evacuation Pause)
[2022-02-07T16:56:41.796+0000][302.822s][info ][gc,task       ] GC(63) Using 4 workers of 4 for evacuation
[2022-02-07T16:56:41.818+0000][302.844s][info ][gc,phases     ] GC(63)   Pre Evacuate Collection Set: 0.0ms
[2022-02-07T16:56:41.818+0000][302.844s][info ][gc,phases     ] GC(63)   Evacuate Collection Set: 14.2ms
[2022-02-07T16:56:41.818+0000][302.844s][info ][gc,phases     ] GC(63)   Post Evacuate Collection Set: 7.6ms
[2022-02-07T16:56:41.818+0000][302.844s][info ][gc,phases     ] GC(63)   Other: 0.2ms
[2022-02-07T16:56:41.818+0000][302.844s][info ][gc,heap       ] GC(63) Eden regions: 232->0(233)
[2022-02-07T16:56:41.818+0000][302.844s][info ][gc,heap       ] GC(63) Survivor regions: 1->1(30)
[2022-02-07T16:56:41.818+0000][302.844s][info ][gc,heap       ] GC(63) Old regions: 146->146
[2022-02-07T16:56:41.818+0000][302.844s][info ][gc,heap       ] GC(63) Humongous regions: 0->0
[2022-02-07T16:56:41.818+0000][302.844s][info ][gc,metaspace  ] GC(63) Metaspace: 161584K->161584K(1204224K)
[2022-02-07T16:56:41.818+0000][302.844s][info ][gc            ] GC(63) Pause Young (Normal) (G1 Evacuation Pause) 376M->144M(430M) 22.109ms
[2022-02-07T16:56:41.818+0000][302.844s][info ][gc,cpu        ] GC(63) User=0.02s Sys=0.00s Real=0.02s
[2022-02-07T16:56:41.818+0000][302.844s][info ][safepoint     ] Leaving safepoint region
[2022-02-07T16:56:41.818+0000][302.844s][info ][safepoint     ] Total time for which application threads were stopped: 0.0226476 seconds, Stopping threads took: 0.0000681 seconds
[2022-02-07T16:56:41.818+0000][302.844s][info ][gc,stringdedup] Concurrent String Deduplication (302.844s)
[2022-02-07T16:56:41.819+0000][302.844s][info ][gc,stringdedup] Concurrent String Deduplication 1280.0B->176.0B(1104.0B) avg 53.1% (302.844s, 302.844s) 0.047ms
[2022-02-07T16:56:42.818+0000][303.844s][debug][safepoint     ] Safepoint synchronization initiated. (304 threads)
[2022-02-07T16:56:42.818+0000][303.844s][info ][safepoint     ] Application time: 1.0001330 seconds
[2022-02-07T16:56:42.818+0000][303.844s][info ][safepoint     ] Entering safepoint region: Cleanup
[2022-02-07T16:56:42.818+0000][303.844s][info ][safepoint     ] Leaving safepoint region
[2022-02-07T16:56:42.818+0000][303.844s][info ][safepoint     ] Total time for which application threads were stopped: 0.0002836 seconds, Stopping threads took: 0.0000711 seconds
[2022-02-07T16:56:43.818+0000][304.844s][debug][safepoint     ] Safepoint synchronization initiated. (304 threads)
[2022-02-07T16:56:43.818+0000][304.844s][info ][safepoint     ] Application time: 1.0001105 seconds
[2022-02-07T16:56:43.818+0000][304.844s][info ][safepoint     ] Entering safepoint region: Cleanup
[2022-02-07T16:56:43.819+0000][304.845s][info ][safepoint     ] Leaving safepoint region
[2022-02-07T16:56:43.819+0000][304.845s][info ][safepoint     ] Total time for which application threads were stopped: 0.0002830 seconds, Stopping threads took: 0.0000692 seconds
[2022-02-07T16:56:44.819+0000][305.845s][debug][safepoint     ] Safepoint synchronization initiated. (304 threads)
[2022-02-07T16:56:44.819+0000][305.845s][info ][safepoint     ] Application time: 1.0001066 seconds
[2022-02-07T16:56:44.819+0000][305.845s][info ][safepoint     ] Entering safepoint region: Cleanup
[2022-02-07T16:56:44.819+0000][305.845s][info ][safepoint     ] Leaving safepoint region
[2022-02-07T16:56:44.819+0000][305.845s][info ][safepoint     ] Total time for which application threads were stopped: 0.0004585 seconds, Stopping threads took: 0.0000717 seconds
[2022-02-07T16:56:45.819+0000][306.845s][debug][safepoint     ] Safepoint synchronization initiated. (304 threads)
[2022-02-07T16:56:45.819+0000][306.845s][info ][safepoint     ] Application time: 1.0001233 seconds
[2022-02-07T16:56:45.819+0000][306.845s][info ][safepoint     ] Entering safepoint region: Cleanup
[2022-02-07T16:56:45.820+0000][306.846s][info ][safepoint     ] Leaving safepoint region
[2022-02-07T16:56:45.820+0000][306.846s][info ][safepoint     ] Total time for which application threads were stopped: 0.0004229 seconds, Stopping threads took: 0.0000699 seconds
[2022-02-07T16:56:46.820+0000][307.846s][debug][safepoint     ] Safepoint synchronization initiated. (304 threads)
[2022-02-07T16:56:46.820+0000][307.846s][info ][safepoint     ] Application time: 1.0001134 seconds
[2022-02-07T16:56:46.820+0000][307.846s][info ][safepoint     ] Entering safepoint region: Cleanup
[2022-02-07T16:56:46.820+0000][307.846s][info ][safepoint     ] Leaving safepoint region
[2022-02-07T16:56:46.820+0000][307.846s][info ][safepoint     ] Total time for which application threads were stopped: 0.0004216 seconds, Stopping threads took: 0.0000707 seconds
[2022-02-07T16:56:47.820+0000][308.846s][debug][safepoint     ] Safepoint synchronization initiated. (304 threads)
[2022-02-07T16:56:47.821+0000][308.846s][info ][safepoint     ] Application time: 1.0001149 seconds
[2022-02-07T16:56:47.821+0000][308.846s][info ][safepoint     ] Entering safepoint region: Cleanup
[2022-02-07T16:56:47.821+0000][308.847s][info ][safepoint     ] Leaving safepoint region
[2022-02-07T16:56:47.821+0000][308.847s][info ][safepoint     ] Total time for which application threads were stopped: 0.0004363 seconds, Stopping threads took: 0.0000711 seconds
[2022-02-07T16:56:48.821+0000][309.847s][debug][safepoint     ] Safepoint synchronization initiated. (304 threads)
[2022-02-07T16:56:48.821+0000][309.847s][info ][safepoint     ] Application time: 1.0001132 seconds
[2022-02-07T16:56:48.821+0000][309.847s][info ][safepoint     ] Entering safepoint region: Cleanup
[2022-02-07T16:56:48.822+0000][309.847s][info ][safepoint     ] Leaving safepoint region
[2022-02-07T16:56:48.822+0000][309.847s][info ][safepoint     ] Total time for which application threads were stopped: 0.0004205 seconds, Stopping threads took: 0.0000698 seconds
[2022-02-07T16:56:49.822+0000][310.847s][debug][safepoint     ] Safepoint synchronization initiated. (304 threads)
[2022-02-07T16:56:49.822+0000][310.848s][info ][safepoint     ] Application time: 1.0001432 seconds
[2022-02-07T16:56:49.822+0000][310.848s][info ][safepoint     ] Entering safepoint region: Cleanup
[2022-02-07T16:56:49.822+0000][310.848s][info ][safepoint     ] Leaving safepoint region
[2022-02-07T16:56:49.822+0000][310.848s][info ][safepoint     ] Total time for which application threads were stopped: 0.0004443 seconds, Stopping threads took: 0.0000743 seconds
[2022-02-07T16:56:50.822+0000][311.848s][debug][safepoint     ] Safepoint synchronization initiated. (304 threads)
[2022-02-07T16:56:50.822+0000][311.848s][info ][safepoint     ] Application time: 1.0001283 seconds
[2022-02-07T16:56:50.822+0000][311.848s][info ][safepoint     ] Entering safepoint region: Cleanup
[2022-02-07T16:56:50.823+0000][311.849s][info ][safepoint     ] Leaving safepoint region
[2022-02-07T16:56:50.823+0000][311.849s][info ][safepoint     ] Total time for which application threads were stopped: 0.0004240 seconds, Stopping threads took: 0.0000696 seconds
[2022-02-07T16:56:51.823+0000][312.849s][debug][safepoint     ] Safepoint synchronization initiated. (304 threads)
[2022-02-07T16:56:51.823+0000][312.849s][info ][safepoint     ] Application time: 1.0001190 seconds
[2022-02-07T16:56:51.823+0000][312.849s][info ][safepoint     ] Entering safepoint region: Cleanup
[2022-02-07T16:56:51.823+0000][312.849s][info ][safepoint     ] Leaving safepoint region
[2022-02-07T16:56:51.823+0000][312.849s][info ][safepoint     ] Total time for which application threads were stopped: 0.0004979 seconds, Stopping threads took: 0.0000749 seconds
[2022-02-07T16:56:52.823+0000][313.849s][debug][safepoint     ] Safepoint synchronization initiated. (304 threads)
[2022-02-07T16:56:52.823+0000][313.849s][info ][safepoint     ] Application time: 1.0001054 seconds
[2022-02-07T16:56:52.824+0000][313.849s][info ][safepoint     ] Entering safepoint region: Cleanup
[2022-02-07T16:56:52.824+0000][313.850s][info ][safepoint     ] Leaving safepoint region
[2022-02-07T16:56:52.824+0000][313.850s][info ][safepoint     ] Total time for which application threads were stopped: 0.0004190 seconds, Stopping threads took: 0.0000694 seconds
[2022-02-07T16:56:53.824+0000][314.850s][debug][safepoint     ] Safepoint synchronization initiated. (304 threads)
[2022-02-07T16:56:53.824+0000][314.850s][info ][safepoint     ] Application time: 1.0001159 seconds
[2022-02-07T16:56:53.824+0000][314.850s][info ][safepoint     ] Entering safepoint region: Cleanup
[2022-02-07T16:56:53.824+0000][314.850s][info ][safepoint     ] Leaving safepoint region
[2022-02-07T16:56:53.824+0000][314.850s][info ][safepoint     ] Total time for which application threads were stopped: 0.0004188 seconds, Stopping threads took: 0.0000687 seconds
[2022-02-07T16:56:54.825+0000][315.850s][debug][safepoint     ] Safepoint synchronization initiated. (304 threads)
[2022-02-07T16:56:54.825+0000][315.850s][info ][safepoint     ] Application time: 1.0001167 seconds
[2022-02-07T16:56:54.825+0000][315.851s][info ][safepoint     ] Entering safepoint region: Cleanup
[2022-02-07T16:56:54.825+0000][315.851s][info ][safepoint     ] Leaving safepoint region
[2022-02-07T16:56:54.825+0000][315.851s][info ][safepoint     ] Total time for which application threads were stopped: 0.0003104 seconds, Stopping threads took: 0.0000739 seconds
[2022-02-07T16:56:55.825+0000][316.851s][debug][safepoint     ] Safepoint synchronization initiated. (304 threads)
[2022-02-07T16:56:55.825+0000][316.851s][info ][safepoint     ] Application time: 1.0001215 seconds
[2022-02-07T16:56:55.825+0000][316.851s][info ][safepoint     ] Entering safepoint region: Cleanup
[2022-02-07T16:56:55.825+0000][316.851s][info ][safepoint     ] Leaving safepoint region
[2022-02-07T16:56:55.825+0000][316.851s][info ][safepoint     ] Total time for which application threads were stopped: 0.0002989 seconds, Stopping threads took: 0.0000705 seconds
[2022-02-07T16:56:56.825+0000][317.851s][debug][safepoint     ] Safepoint synchronization initiated. (304 threads)
[2022-02-07T16:56:56.825+0000][317.851s][info ][safepoint     ] Application time: 1.0001265 seconds
[2022-02-07T16:56:56.826+0000][317.851s][info ][safepoint     ] Entering safepoint region: Cleanup
[2022-02-07T16:56:56.826+0000][317.852s][info ][safepoint     ] Leaving safepoint region
[2022-02-07T16:56:56.826+0000][317.852s][info ][safepoint     ] Total time for which application threads were stopped: 0.0004457 seconds, Stopping threads took: 0.0000717 seconds
[2022-02-07T16:56:57.826+0000][318.852s][debug][safepoint     ] Safepoint synchronization initiated. (304 threads)
[2022-02-07T16:56:57.826+0000][318.852s][info ][safepoint     ] Application time: 1.0001212 seconds
[2022-02-07T16:56:57.826+0000][318.852s][info ][safepoint     ] Entering safepoint region: Cleanup
[2022-02-07T16:56:57.827+0000][318.852s][info ][safepoint     ] Leaving safepoint region
[2022-02-07T16:56:57.827+0000][318.852s][info ][safepoint     ] Total time for which application threads were stopped: 0.0004695 seconds, Stopping threads took: 0.0000772 seconds
[2022-02-07T16:56:58.265+0000][319.291s][debug][safepoint     ] Safepoint synchronization initiated. (304 threads)
[2022-02-07T16:56:58.265+0000][319.291s][info ][safepoint     ] Application time: 0.4384644 seconds
[2022-02-07T16:56:58.265+0000][319.291s][info ][safepoint     ] Entering safepoint region: G1CollectForAllocation
[2022-02-07T16:56:58.265+0000][319.291s][info ][gc,start      ] GC(64) Pause Young (Normal) (G1 Evacuation Pause)
[2022-02-07T16:56:58.265+0000][319.291s][info ][gc,task       ] GC(64) Using 4 workers of 4 for evacuation
[2022-02-07T16:56:58.273+0000][319.299s][info ][gc,phases     ] GC(64)   Pre Evacuate Collection Set: 0.0ms
[2022-02-07T16:56:58.274+0000][319.299s][info ][gc,phases     ] GC(64)   Evacuate Collection Set: 4.0ms
[2022-02-07T16:56:58.274+0000][319.299s][info ][gc,phases     ] GC(64)   Post Evacuate Collection Set: 3.9ms
[2022-02-07T16:56:58.274+0000][319.299s][info ][gc,phases     ] GC(64)   Other: 0.2ms
[2022-02-07T16:56:58.274+0000][319.299s][info ][gc,heap       ] GC(64) Eden regions: 233->0(234)
[2022-02-07T16:56:58.274+0000][319.299s][info ][gc,heap       ] GC(64) Survivor regions: 1->1(30)
[2022-02-07T16:56:58.274+0000][319.299s][info ][gc,heap       ] GC(64) Old regions: 146->146
[2022-02-07T16:56:58.274+0000][319.299s][info ][gc,heap       ] GC(64) Humongous regions: 0->0
[2022-02-07T16:56:58.274+0000][319.299s][info ][gc,metaspace  ] GC(64) Metaspace: 161586K->161586K(1204224K)
[2022-02-07T16:56:58.274+0000][319.299s][info ][gc            ] GC(64) Pause Young (Normal) (G1 Evacuation Pause) 377M->144M(430M) 8.296ms
[2022-02-07T16:56:58.274+0000][319.300s][info ][gc,cpu        ] GC(64) User=0.01s Sys=0.00s Real=0.01s
[2022-02-07T16:56:58.274+0000][319.300s][info ][safepoint     ] Leaving safepoint region
[2022-02-07T16:56:58.274+0000][319.300s][info ][safepoint     ] Total time for which application threads were stopped: 0.0086849 seconds, Stopping threads took: 0.0000651 seconds
[2022-02-07T16:56:58.274+0000][319.300s][info ][gc,stringdedup] Concurrent String Deduplication (319.300s)
[2022-02-07T16:56:58.274+0000][319.300s][info ][gc,stringdedup] Concurrent String Deduplication 1168.0B->464.0B(704.0B) avg 53.1% (319.300s, 319.300s) 0.038ms
[2022-02-07T16:56:59.274+0000][320.300s][debug][safepoint     ] Safepoint synchronization initiated. (304 threads)
[2022-02-07T16:56:59.274+0000][320.300s][info ][safepoint     ] Application time: 1.0001497 seconds
[2022-02-07T16:56:59.274+0000][320.300s][info ][safepoint     ] Entering safepoint region: Cleanup
[2022-02-07T16:56:59.274+0000][320.300s][info ][safepoint     ] Leaving safepoint region
[2022-02-07T16:56:59.274+0000][320.300s][info ][safepoint     ] Total time for which application threads were stopped: 0.0002537 seconds, Stopping threads took: 0.0000644 seconds
[2022-02-07T16:57:00.274+0000][321.300s][debug][safepoint     ] Safepoint synchronization initiated. (304 threads)
[2022-02-07T16:57:00.274+0000][321.300s][info ][safepoint     ] Application time: 1.0001256 seconds
[2022-02-07T16:57:00.274+0000][321.300s][info ][safepoint     ] Entering safepoint region: Cleanup
[2022-02-07T16:57:00.274+0000][321.300s][info ][safepoint     ] Leaving safepoint region
[2022-02-07T16:57:00.275+0000][321.300s][info ][safepoint     ] Total time for which application threads were stopped: 0.0002292 seconds, Stopping threads took: 0.0000717 seconds
[2022-02-07T16:57:01.275+0000][322.300s][debug][safepoint     ] Safepoint synchronization initiated. (304 threads)
[2022-02-07T16:57:01.275+0000][322.300s][info ][safepoint     ] Application time: 1.0001118 seconds
[2022-02-07T16:57:01.275+0000][322.301s][info ][safepoint     ] Entering safepoint region: Cleanup
[2022-02-07T16:57:01.275+0000][322.301s][info ][safepoint     ] Leaving safepoint region
[2022-02-07T16:57:01.275+0000][322.301s][info ][safepoint     ] Total time for which application threads were stopped: 0.0002290 seconds, Stopping threads took: 0.0000660 seconds
[2022-02-07T16:57:02.275+0000][323.301s][debug][safepoint     ] Safepoint synchronization initiated. (304 threads)
[2022-02-07T16:57:02.275+0000][323.301s][info ][safepoint     ] Application time: 1.0001128 seconds
[2022-02-07T16:57:02.275+0000][323.301s][info ][safepoint     ] Entering safepoint region: Cleanup
[2022-02-07T16:57:02.275+0000][323.301s][info ][safepoint     ] Leaving safepoint region
[2022-02-07T16:57:02.275+0000][323.301s][info ][safepoint     ] Total time for which application threads were stopped: 0.0003146 seconds, Stopping threads took: 0.0000696 seconds
[2022-02-07T16:57:03.275+0000][324.301s][debug][safepoint     ] Safepoint synchronization initiated. (301 threads)
[2022-02-07T16:57:03.275+0000][324.301s][info ][safepoint     ] Application time: 1.0000985 seconds
[2022-02-07T16:57:03.275+0000][324.301s][info ][safepoint     ] Entering safepoint region: Cleanup
[2022-02-07T16:57:03.276+0000][324.302s][info ][safepoint     ] Leaving safepoint region
[2022-02-07T16:57:03.276+0000][324.302s][info ][safepoint     ] Total time for which application threads were stopped: 0.0002962 seconds, Stopping threads took: 0.0000792 seconds
[2022-02-07T16:57:04.276+0000][325.302s][debug][safepoint     ] Safepoint synchronization initiated. (301 threads)
[2022-02-07T16:57:04.276+0000][325.302s][info ][safepoint     ] Application time: 1.0001267 seconds
[2022-02-07T16:57:04.276+0000][325.302s][info ][safepoint     ] Entering safepoint region: Cleanup
[2022-02-07T16:57:04.276+0000][325.302s][info ][safepoint     ] Leaving safepoint region
[2022-02-07T16:57:04.276+0000][325.302s][info ][safepoint     ] Total time for which application threads were stopped: 0.0002346 seconds, Stopping threads took: 0.0000640 seconds
[2022-02-07T16:57:05.276+0000][326.302s][debug][safepoint     ] Safepoint synchronization initiated. (301 threads)
[2022-02-07T16:57:05.276+0000][326.302s][info ][safepoint     ] Application time: 1.0001131 seconds
[2022-02-07T16:57:05.276+0000][326.302s][info ][safepoint     ] Entering safepoint region: Cleanup
[2022-02-07T16:57:05.277+0000][326.302s][info ][safepoint     ] Leaving safepoint region
[2022-02-07T16:57:05.277+0000][326.302s][info ][safepoint     ] Total time for which application threads were stopped: 0.0002856 seconds, Stopping threads took: 0.0000673 seconds
[2022-02-07T16:57:06.277+0000][327.302s][debug][safepoint     ] Safepoint synchronization initiated. (301 threads)
[2022-02-07T16:57:06.277+0000][327.302s][info ][safepoint     ] Application time: 1.0000888 seconds
[2022-02-07T16:57:06.277+0000][327.303s][debug][safepoint     ] ... found polling page return exception at pc = 0x00007f11b52400e0, stub =0x00007f11ac8beb80
[2022-02-07T16:57:06.277+0000][327.303s][debug][safepoint     ] Waiting for 2 thread(s) to block
[2022-02-07T16:57:06.277+0000][327.303s][info ][safepoint     ] Entering safepoint region: Cleanup
[2022-02-07T16:57:06.277+0000][327.303s][info ][safepoint     ] Leaving safepoint region
[2022-02-07T16:57:06.277+0000][327.303s][info ][safepoint     ] Total time for which application threads were stopped: 0.0005487 seconds, Stopping threads took: 0.0001530 seconds
[2022-02-07T16:57:07.277+0000][328.303s][debug][safepoint     ] Safepoint synchronization initiated. (301 threads)
[2022-02-07T16:57:07.277+0000][328.303s][info ][safepoint     ] Application time: 1.0001352 seconds
[2022-02-07T16:57:07.277+0000][328.303s][info ][safepoint     ] Entering safepoint region: Cleanup
[2022-02-07T16:57:07.278+0000][328.304s][info ][safepoint     ] Leaving safepoint region
[2022-02-07T16:57:07.278+0000][328.304s][info ][safepoint     ] Total time for which application threads were stopped: 0.0004403 seconds, Stopping threads took: 0.0000724 seconds
[2022-02-07T16:57:08.278+0000][329.304s][debug][safepoint     ] Safepoint synchronization initiated. (301 threads)
[2022-02-07T16:57:08.278+0000][329.304s][info ][safepoint     ] Application time: 1.0001052 seconds
[2022-02-07T16:57:08.278+0000][329.304s][info ][safepoint     ] Entering safepoint region: Cleanup
[2022-02-07T16:57:08.278+0000][329.304s][info ][safepoint     ] Leaving safepoint region
[2022-02-07T16:57:08.278+0000][329.304s][info ][safepoint     ] Total time for which application threads were stopped: 0.0004489 seconds, Stopping threads took: 0.0000689 seconds
[2022-02-07T16:57:09.278+0000][330.304s][debug][safepoint     ] Safepoint synchronization initiated. (301 threads)
[2022-02-07T16:57:09.278+0000][330.304s][info ][safepoint     ] Application time: 1.0001289 seconds
[2022-02-07T16:57:09.279+0000][330.304s][info ][safepoint     ] Entering safepoint region: Cleanup
[2022-02-07T16:57:09.279+0000][330.305s][info ][safepoint     ] Leaving safepoint region
[2022-02-07T16:57:09.279+0000][330.305s][info ][safepoint     ] Total time for which application threads were stopped: 0.0005048 seconds, Stopping threads took: 0.0000801 seconds
[2022-02-07T16:57:10.279+0000][331.305s][debug][safepoint     ] Safepoint synchronization initiated. (301 threads)
[2022-02-07T16:57:10.279+0000][331.305s][info ][safepoint     ] Application time: 1.0001147 seconds
[2022-02-07T16:57:10.279+0000][331.305s][info ][safepoint     ] Entering safepoint region: Cleanup
[2022-02-07T16:57:10.280+0000][331.305s][info ][safepoint     ] Leaving safepoint region
[2022-02-07T16:57:10.280+0000][331.305s][info ][safepoint     ] Total time for which application threads were stopped: 0.0004449 seconds, Stopping threads took: 0.0000705 seconds
[2022-02-07T16:57:11.280+0000][332.306s][debug][safepoint     ] Safepoint synchronization initiated. (301 threads)
[2022-02-07T16:57:11.280+0000][332.306s][info ][safepoint     ] Application time: 1.0001309 seconds
[2022-02-07T16:57:11.280+0000][332.306s][info ][safepoint     ] Entering safepoint region: Cleanup
[2022-02-07T16:57:11.280+0000][332.306s][info ][safepoint     ] Leaving safepoint region
[2022-02-07T16:57:11.280+0000][332.306s][info ][safepoint     ] Total time for which application threads were stopped: 0.0004757 seconds, Stopping threads took: 0.0000800 seconds
[2022-02-07T16:57:12.280+0000][333.306s][debug][safepoint     ] Safepoint synchronization initiated. (301 threads)
[2022-02-07T16:57:12.280+0000][333.306s][info ][safepoint     ] Application time: 1.0001450 seconds
[2022-02-07T16:57:12.280+0000][333.306s][info ][safepoint     ] Entering safepoint region: Cleanup
[2022-02-07T16:57:12.281+0000][333.306s][info ][safepoint     ] Leaving safepoint region
[2022-02-07T16:57:12.281+0000][333.307s][info ][safepoint     ] Total time for which application threads were stopped: 0.0002938 seconds, Stopping threads took: 0.0000720 seconds
[2022-02-07T16:57:13.281+0000][334.307s][debug][safepoint     ] Safepoint synchronization initiated. (301 threads)
[2022-02-07T16:57:13.281+0000][334.307s][info ][safepoint     ] Application time: 1.0001135 seconds
[2022-02-07T16:57:13.281+0000][334.307s][info ][safepoint     ] Entering safepoint region: Cleanup
[2022-02-07T16:57:13.281+0000][334.307s][info ][safepoint     ] Leaving safepoint region
[2022-02-07T16:57:13.281+0000][334.307s][info ][safepoint     ] Total time for which application threads were stopped: 0.0002956 seconds, Stopping threads took: 0.0000685 seconds
[2022-02-07T16:57:14.281+0000][335.307s][debug][safepoint     ] Safepoint synchronization initiated. (301 threads)
[2022-02-07T16:57:14.281+0000][335.307s][info ][safepoint     ] Application time: 1.0001629 seconds
[2022-02-07T16:57:14.281+0000][335.307s][info ][safepoint     ] Entering safepoint region: Cleanup
[2022-02-07T16:57:14.282+0000][335.308s][info ][safepoint     ] Leaving safepoint region
[2022-02-07T16:57:14.282+0000][335.308s][info ][safepoint     ] Total time for which application threads were stopped: 0.0004435 seconds, Stopping threads took: 0.0000718 seconds
[2022-02-07T16:57:15.282+0000][336.308s][debug][safepoint     ] Safepoint synchronization initiated. (301 threads)
[2022-02-07T16:57:15.282+0000][336.308s][info ][safepoint     ] Application time: 1.0001279 seconds
[2022-02-07T16:57:15.282+0000][336.308s][info ][safepoint     ] Entering safepoint region: Cleanup
[2022-02-07T16:57:15.282+0000][336.308s][info ][safepoint     ] Leaving safepoint region
[2022-02-07T16:57:15.282+0000][336.308s][info ][safepoint     ] Total time for which application threads were stopped: 0.0004255 seconds, Stopping threads took: 0.0000722 seconds
[2022-02-07T16:57:16.282+0000][337.308s][debug][safepoint     ] Safepoint synchronization initiated. (301 threads)
[2022-02-07T16:57:16.282+0000][337.308s][info ][safepoint     ] Application time: 1.0001131 seconds
[2022-02-07T16:57:16.282+0000][337.308s][info ][safepoint     ] Entering safepoint region: Cleanup
[2022-02-07T16:57:16.283+0000][337.309s][info ][safepoint     ] Leaving safepoint region
[2022-02-07T16:57:16.283+0000][337.309s][info ][safepoint     ] Total time for which application threads were stopped: 0.0002906 seconds, Stopping threads took: 0.0000757 seconds
[2022-02-07T16:57:16.330+0000][337.356s][debug][safepoint     ] Safepoint synchronization initiated. (301 threads)
[2022-02-07T16:57:16.331+0000][337.356s][info ][safepoint     ] Application time: 0.0478086 seconds
[2022-02-07T16:57:16.331+0000][337.356s][info ][safepoint     ] Entering safepoint region: G1CollectForAllocation
[2022-02-07T16:57:16.331+0000][337.357s][info ][gc,start      ] GC(65) Pause Young (Normal) (G1 Evacuation Pause)
[2022-02-07T16:57:16.331+0000][337.357s][info ][gc,task       ] GC(65) Using 4 workers of 4 for evacuation
[2022-02-07T16:57:16.345+0000][337.371s][info ][gc,phases     ] GC(65)   Pre Evacuate Collection Set: 0.0ms
[2022-02-07T16:57:16.345+0000][337.371s][info ][gc,phases     ] GC(65)   Evacuate Collection Set: 6.0ms
[2022-02-07T16:57:16.345+0000][337.371s][info ][gc,phases     ] GC(65)   Post Evacuate Collection Set: 8.0ms
[2022-02-07T16:57:16.345+0000][337.371s][info ][gc,phases     ] GC(65)   Other: 0.2ms
[2022-02-07T16:57:16.345+0000][337.371s][info ][gc,heap       ] GC(65) Eden regions: 234->0(234)
[2022-02-07T16:57:16.345+0000][337.371s][info ][gc,heap       ] GC(65) Survivor regions: 1->1(30)
[2022-02-07T16:57:16.345+0000][337.371s][info ][gc,heap       ] GC(65) Old regions: 146->146
[2022-02-07T16:57:16.345+0000][337.371s][info ][gc,heap       ] GC(65) Humongous regions: 0->0
[2022-02-07T16:57:16.345+0000][337.371s][info ][gc,metaspace  ] GC(65) Metaspace: 161634K->161634K(1204224K)
[2022-02-07T16:57:16.345+0000][337.371s][info ][gc            ] GC(65) Pause Young (Normal) (G1 Evacuation Pause) 378M->144M(430M) 14.301ms
[2022-02-07T16:57:16.345+0000][337.371s][info ][gc,cpu        ] GC(65) User=0.02s Sys=0.00s Real=0.01s
[2022-02-07T16:57:16.345+0000][337.371s][info ][safepoint     ] Leaving safepoint region
[2022-02-07T16:57:16.345+0000][337.371s][info ][safepoint     ] Total time for which application threads were stopped: 0.0148617 seconds, Stopping threads took: 0.0000676 seconds
[2022-02-07T16:57:16.345+0000][337.371s][info ][gc,stringdedup] Concurrent String Deduplication (337.371s)
[2022-02-07T16:57:16.345+0000][337.371s][info ][gc,stringdedup] Concurrent String Deduplication 216.0B->0.0B(216.0B) avg 53.1% (337.371s, 337.371s) 0.033ms
[2022-02-07T16:57:17.345+0000][338.371s][debug][safepoint     ] Safepoint synchronization initiated. (301 threads)
[2022-02-07T16:57:17.346+0000][338.371s][info ][safepoint     ] Application time: 1.0001171 seconds
[2022-02-07T16:57:17.346+0000][338.371s][info ][safepoint     ] Entering safepoint region: Cleanup
[2022-02-07T16:57:17.346+0000][338.372s][info ][safepoint     ] Leaving safepoint region
[2022-02-07T16:57:17.346+0000][338.372s][info ][safepoint     ] Total time for which application threads were stopped: 0.0004325 seconds, Stopping threads took: 0.0000705 seconds
[2022-02-07T16:57:17.375+0000][338.401s][debug][safepoint     ] Safepoint synchronization initiated. (301 threads)
[2022-02-07T16:57:17.375+0000][338.401s][info ][safepoint     ] Application time: 0.0291008 seconds
[2022-02-07T16:57:17.375+0000][338.401s][debug][safepoint     ] ... found polling page return exception at pc = 0x00007f11b46688bb, stub =0x00007f11ac8beb80
[2022-02-07T16:57:17.375+0000][338.401s][debug][safepoint     ] Waiting for 1 thread(s) to block
[2022-02-07T16:57:17.375+0000][338.401s][info ][safepoint     ] Entering safepoint region: Deoptimize
[2022-02-07T16:57:17.377+0000][338.403s][info ][safepoint     ] Leaving safepoint region
[2022-02-07T16:57:17.377+0000][338.403s][info ][safepoint     ] Total time for which application threads were stopped: 0.0021776 seconds, Stopping threads took: 0.0000918 seconds
[2022-02-07T16:57:18.377+0000][339.403s][debug][safepoint     ] Safepoint synchronization initiated. (301 threads)
[2022-02-07T16:57:18.377+0000][339.403s][info ][safepoint     ] Application time: 1.0001323 seconds
[2022-02-07T16:57:18.377+0000][339.403s][info ][safepoint     ] Entering safepoint region: Cleanup
[2022-02-07T16:57:18.378+0000][339.404s][info ][safepoint     ] Leaving safepoint region
[2022-02-07T16:57:18.378+0000][339.404s][info ][safepoint     ] Total time for which application threads were stopped: 0.0004446 seconds, Stopping threads took: 0.0000716 seconds
[2022-02-07T16:57:19.378+0000][340.404s][debug][safepoint     ] Safepoint synchronization initiated. (301 threads)
[2022-02-07T16:57:19.378+0000][340.404s][info ][safepoint     ] Application time: 1.0001295 seconds
[2022-02-07T16:57:19.378+0000][340.404s][info ][safepoint     ] Entering safepoint region: Cleanup
[2022-02-07T16:57:19.379+0000][340.404s][info ][safepoint     ] Leaving safepoint region
[2022-02-07T16:57:19.379+0000][340.404s][info ][safepoint     ] Total time for which application threads were stopped: 0.0005292 seconds, Stopping threads took: 0.0000800 seconds
[2022-02-07T16:57:20.379+0000][341.404s][debug][safepoint     ] Safepoint synchronization initiated. (301 threads)
[2022-02-07T16:57:20.379+0000][341.405s][info ][safepoint     ] Application time: 1.0001297 seconds
[2022-02-07T16:57:20.379+0000][341.405s][info ][safepoint     ] Entering safepoint region: Cleanup
[2022-02-07T16:57:20.379+0000][341.405s][info ][safepoint     ] Leaving safepoint region
[2022-02-07T16:57:20.379+0000][341.405s][info ][safepoint     ] Total time for which application threads were stopped: 0.0005074 seconds, Stopping threads took: 0.0000800 seconds
[2022-02-07T16:57:21.379+0000][342.405s][debug][safepoint     ] Safepoint synchronization initiated. (301 threads)
[2022-02-07T16:57:21.379+0000][342.405s][info ][safepoint     ] Application time: 1.0000965 seconds
[2022-02-07T16:57:21.379+0000][342.405s][info ][safepoint     ] Entering safepoint region: Cleanup
[2022-02-07T16:57:21.380+0000][342.406s][info ][safepoint     ] Leaving safepoint region
[2022-02-07T16:57:21.380+0000][342.406s][info ][safepoint     ] Total time for which application threads were stopped: 0.0004850 seconds, Stopping threads took: 0.0000811 seconds
[2022-02-07T16:57:22.380+0000][343.406s][debug][safepoint     ] Safepoint synchronization initiated. (301 threads)
[2022-02-07T16:57:22.380+0000][343.406s][info ][safepoint     ] Application time: 1.0001208 seconds
[2022-02-07T16:57:22.380+0000][343.406s][info ][safepoint     ] Entering safepoint region: Cleanup
[2022-02-07T16:57:22.380+0000][343.406s][info ][safepoint     ] Leaving safepoint region
[2022-02-07T16:57:22.380+0000][343.406s][info ][safepoint     ] Total time for which application threads were stopped: 0.0004437 seconds, Stopping threads took: 0.0000712 seconds
[2022-02-07T16:57:23.380+0000][344.406s][debug][safepoint     ] Safepoint synchronization initiated. (301 threads)
[2022-02-07T16:57:23.380+0000][344.406s][info ][safepoint     ] Application time: 1.0001164 seconds
[2022-02-07T16:57:23.381+0000][344.406s][info ][safepoint     ] Entering safepoint region: Cleanup
[2022-02-07T16:57:23.381+0000][344.407s][info ][safepoint     ] Leaving safepoint region
[2022-02-07T16:57:23.381+0000][344.407s][info ][safepoint     ] Total time for which application threads were stopped: 0.0004341 seconds, Stopping threads took: 0.0000709 seconds
[2022-02-07T16:57:24.381+0000][345.407s][debug][safepoint     ] Safepoint synchronization initiated. (301 threads)
[2022-02-07T16:57:24.381+0000][345.407s][info ][safepoint     ] Application time: 1.0001199 seconds
[2022-02-07T16:57:24.381+0000][345.407s][info ][safepoint     ] Entering safepoint region: Cleanup
[2022-02-07T16:57:24.382+0000][345.407s][info ][safepoint     ] Leaving safepoint region
[2022-02-07T16:57:24.382+0000][345.407s][info ][safepoint     ] Total time for which application threads were stopped: 0.0004364 seconds, Stopping threads took: 0.0000699 seconds
[2022-02-07T16:57:25.382+0000][346.407s][debug][safepoint     ] Safepoint synchronization initiated. (301 threads)
[2022-02-07T16:57:25.382+0000][346.407s][info ][safepoint     ] Application time: 1.0001081 seconds
[2022-02-07T16:57:25.382+0000][346.408s][info ][safepoint     ] Entering safepoint region: Cleanup
[2022-02-07T16:57:25.382+0000][346.408s][info ][safepoint     ] Leaving safepoint region
[2022-02-07T16:57:25.382+0000][346.408s][info ][safepoint     ] Total time for which application threads were stopped: 0.0002949 seconds, Stopping threads took: 0.0000705 seconds
[2022-02-07T16:57:26.382+0000][347.408s][debug][safepoint     ] Safepoint synchronization initiated. (301 threads)
[2022-02-07T16:57:26.382+0000][347.408s][info ][safepoint     ] Application time: 1.0001092 seconds
[2022-02-07T16:57:26.382+0000][347.408s][info ][safepoint     ] Entering safepoint region: Cleanup
[2022-02-07T16:57:26.382+0000][347.408s][info ][safepoint     ] Leaving safepoint region
[2022-02-07T16:57:26.382+0000][347.408s][info ][safepoint     ] Total time for which application threads were stopped: 0.0003055 seconds, Stopping threads took: 0.0000722 seconds
[2022-02-07T16:57:27.382+0000][348.408s][debug][safepoint     ] Safepoint synchronization initiated. (301 threads)
[2022-02-07T16:57:27.382+0000][348.408s][info ][safepoint     ] Application time: 1.0001188 seconds
[2022-02-07T16:57:27.383+0000][348.408s][info ][safepoint     ] Entering safepoint region: Cleanup
[2022-02-07T16:57:27.383+0000][348.409s][info ][safepoint     ] Leaving safepoint region
[2022-02-07T16:57:27.383+0000][348.409s][info ][safepoint     ] Total time for which application threads were stopped: 0.0004347 seconds, Stopping threads took: 0.0000703 seconds
[2022-02-07T16:57:28.383+0000][349.409s][debug][safepoint     ] Safepoint synchronization initiated. (301 threads)
[2022-02-07T16:57:28.383+0000][349.409s][info ][safepoint     ] Application time: 1.0001155 seconds
[2022-02-07T16:57:28.383+0000][349.409s][info ][safepoint     ] Entering safepoint region: Cleanup
[2022-02-07T16:57:28.384+0000][349.409s][info ][safepoint     ] Leaving safepoint region
[2022-02-07T16:57:28.384+0000][349.409s][info ][safepoint     ] Total time for which application threads were stopped: 0.0004648 seconds, Stopping threads took: 0.0000720 seconds
[2022-02-07T16:57:29.384+0000][350.409s][debug][safepoint     ] Safepoint synchronization initiated. (301 threads)
[2022-02-07T16:57:29.384+0000][350.410s][info ][safepoint     ] Application time: 1.0001322 seconds
[2022-02-07T16:57:29.384+0000][350.410s][info ][safepoint     ] Entering safepoint region: Cleanup
[2022-02-07T16:57:29.384+0000][350.410s][info ][safepoint     ] Leaving safepoint region
[2022-02-07T16:57:29.384+0000][350.410s][info ][safepoint     ] Total time for which application threads were stopped: 0.0003193 seconds, Stopping threads took: 0.0000718 seconds
[2022-02-07T16:57:30.384+0000][351.410s][debug][safepoint     ] Safepoint synchronization initiated. (301 threads)
[2022-02-07T16:57:30.384+0000][351.410s][info ][safepoint     ] Application time: 1.0001090 seconds
[2022-02-07T16:57:30.384+0000][351.410s][info ][safepoint     ] Entering safepoint region: Cleanup
[2022-02-07T16:57:30.385+0000][351.410s][info ][safepoint     ] Leaving safepoint region
[2022-02-07T16:57:30.385+0000][351.411s][info ][safepoint     ] Total time for which application threads were stopped: 0.0004999 seconds, Stopping threads took: 0.0000684 seconds
[2022-02-07T16:57:31.385+0000][352.411s][debug][safepoint     ] Safepoint synchronization initiated. (301 threads)
[2022-02-07T16:57:31.385+0000][352.411s][info ][safepoint     ] Application time: 1.0001126 seconds
[2022-02-07T16:57:31.385+0000][352.411s][info ][safepoint     ] Entering safepoint region: Cleanup
[2022-02-07T16:57:31.385+0000][352.411s][info ][safepoint     ] Leaving safepoint region
[2022-02-07T16:57:31.385+0000][352.411s][info ][safepoint     ] Total time for which application threads were stopped: 0.0004385 seconds, Stopping threads took: 0.0000698 seconds
[2022-02-07T16:57:31.547+0000][352.573s][debug][safepoint     ] Safepoint synchronization initiated. (301 threads)
[2022-02-07T16:57:31.547+0000][352.573s][info ][safepoint     ] Application time: 0.1616831 seconds
[2022-02-07T16:57:31.547+0000][352.573s][info ][safepoint     ] Entering safepoint region: G1CollectForAllocation
[2022-02-07T16:57:31.547+0000][352.573s][info ][gc,start      ] GC(66) Pause Young (Normal) (G1 Evacuation Pause)
[2022-02-07T16:57:31.547+0000][352.573s][info ][gc,task       ] GC(66) Using 4 workers of 4 for evacuation
[2022-02-07T16:57:31.574+0000][352.600s][info ][gc,phases     ] GC(66)   Pre Evacuate Collection Set: 0.0ms
[2022-02-07T16:57:31.574+0000][352.600s][info ][gc,phases     ] GC(66)   Evacuate Collection Set: 14.6ms
[2022-02-07T16:57:31.574+0000][352.600s][info ][gc,phases     ] GC(66)   Post Evacuate Collection Set: 11.5ms
[2022-02-07T16:57:31.574+0000][352.600s][info ][gc,phases     ] GC(66)   Other: 0.3ms
[2022-02-07T16:57:31.574+0000][352.600s][info ][gc,heap       ] GC(66) Eden regions: 234->0(235)
[2022-02-07T16:57:31.574+0000][352.600s][info ][gc,heap       ] GC(66) Survivor regions: 1->1(30)
[2022-02-07T16:57:31.574+0000][352.600s][info ][gc,heap       ] GC(66) Old regions: 146->146
[2022-02-07T16:57:31.574+0000][352.600s][info ][gc,heap       ] GC(66) Humongous regions: 0->0
[2022-02-07T16:57:31.574+0000][352.600s][info ][gc,metaspace  ] GC(66) Metaspace: 161711K->161711K(1204224K)
[2022-02-07T16:57:31.574+0000][352.600s][info ][gc            ] GC(66) Pause Young (Normal) (G1 Evacuation Pause) 378M->144M(430M) 26.431ms
[2022-02-07T16:57:31.574+0000][352.600s][info ][gc,cpu        ] GC(66) User=0.02s Sys=0.00s Real=0.02s
[2022-02-07T16:57:31.574+0000][352.600s][info ][safepoint     ] Leaving safepoint region
[2022-02-07T16:57:31.574+0000][352.600s][info ][safepoint     ] Total time for which application threads were stopped: 0.0270014 seconds, Stopping threads took: 0.0000700 seconds
[2022-02-07T16:57:31.574+0000][352.600s][info ][gc,stringdedup] Concurrent String Deduplication (352.600s)
[2022-02-07T16:57:31.574+0000][352.600s][info ][gc,stringdedup] Concurrent String Deduplication 0.0B->0.0B(0.0B) avg 53.1% (352.600s, 352.600s) 0.015ms
[2022-02-07T16:57:32.574+0000][353.600s][debug][safepoint     ] Safepoint synchronization initiated. (301 threads)
[2022-02-07T16:57:32.574+0000][353.600s][info ][safepoint     ] Application time: 1.0001349 seconds
[2022-02-07T16:57:32.574+0000][353.600s][info ][safepoint     ] Entering safepoint region: Cleanup
[2022-02-07T16:57:32.574+0000][353.600s][info ][safepoint     ] Leaving safepoint region
[2022-02-07T16:57:32.574+0000][353.600s][info ][safepoint     ] Total time for which application threads were stopped: 0.0003129 seconds, Stopping threads took: 0.0000778 seconds
[2022-02-07T16:57:33.574+0000][354.600s][debug][safepoint     ] Safepoint synchronization initiated. (301 threads)
[2022-02-07T16:57:33.575+0000][354.600s][info ][safepoint     ] Application time: 1.0001343 seconds
[2022-02-07T16:57:33.575+0000][354.600s][info ][safepoint     ] Entering safepoint region: Cleanup
[2022-02-07T16:57:33.575+0000][354.601s][info ][safepoint     ] Leaving safepoint region
[2022-02-07T16:57:33.575+0000][354.601s][info ][safepoint     ] Total time for which application threads were stopped: 0.0003112 seconds, Stopping threads took: 0.0000740 seconds
[2022-02-07T16:57:34.575+0000][355.601s][debug][safepoint     ] Safepoint synchronization initiated. (301 threads)
[2022-02-07T16:57:34.575+0000][355.601s][info ][safepoint     ] Application time: 1.0001139 seconds
[2022-02-07T16:57:34.575+0000][355.601s][info ][safepoint     ] Entering safepoint region: Cleanup
[2022-02-07T16:57:34.575+0000][355.601s][info ][safepoint     ] Leaving safepoint region
[2022-02-07T16:57:34.575+0000][355.601s][info ][safepoint     ] Total time for which application threads were stopped: 0.0003618 seconds, Stopping threads took: 0.0000671 seconds
[2022-02-07T16:57:35.575+0000][356.601s][debug][safepoint     ] Safepoint synchronization initiated. (301 threads)
[2022-02-07T16:57:35.575+0000][356.601s][info ][safepoint     ] Application time: 1.0001239 seconds
[2022-02-07T16:57:35.576+0000][356.601s][info ][safepoint     ] Entering safepoint region: Cleanup
[2022-02-07T16:57:35.576+0000][356.602s][info ][safepoint     ] Leaving safepoint region
[2022-02-07T16:57:35.576+0000][356.602s][info ][safepoint     ] Total time for which application threads were stopped: 0.0004336 seconds, Stopping threads took: 0.0000685 seconds
[2022-02-07T16:57:36.576+0000][357.602s][debug][safepoint     ] Safepoint synchronization initiated. (301 threads)
[2022-02-07T16:57:36.576+0000][357.602s][info ][safepoint     ] Application time: 1.0001161 seconds
[2022-02-07T16:57:36.576+0000][357.602s][info ][safepoint     ] Entering safepoint region: Cleanup
[2022-02-07T16:57:36.576+0000][357.602s][info ][safepoint     ] Leaving safepoint region
[2022-02-07T16:57:36.576+0000][357.602s][info ][safepoint     ] Total time for which application threads were stopped: 0.0004453 seconds, Stopping threads took: 0.0000708 seconds
[2022-02-07T16:57:37.577+0000][358.602s][debug][safepoint     ] Safepoint synchronization initiated. (301 threads)
[2022-02-07T16:57:37.577+0000][358.602s][info ][safepoint     ] Application time: 1.0001196 seconds
[2022-02-07T16:57:37.577+0000][358.603s][info ][safepoint     ] Entering safepoint region: Cleanup
[2022-02-07T16:57:37.577+0000][358.603s][info ][safepoint     ] Leaving safepoint region
[2022-02-07T16:57:37.577+0000][358.603s][info ][safepoint     ] Total time for which application threads were stopped: 0.0004483 seconds, Stopping threads took: 0.0000675 seconds
[2022-02-07T16:57:38.577+0000][359.603s][debug][safepoint     ] Safepoint synchronization initiated. (301 threads)
[2022-02-07T16:57:38.577+0000][359.603s][info ][safepoint     ] Application time: 1.0001213 seconds
[2022-02-07T16:57:38.577+0000][359.603s][info ][safepoint     ] Entering safepoint region: Cleanup
[2022-02-07T16:57:38.578+0000][359.604s][info ][safepoint     ] Leaving safepoint region
[2022-02-07T16:57:38.578+0000][359.604s][info ][safepoint     ] Total time for which application threads were stopped: 0.0004414 seconds, Stopping threads took: 0.0000704 seconds
[2022-02-07T16:57:39.578+0000][360.604s][debug][safepoint     ] Safepoint synchronization initiated. (301 threads)
[2022-02-07T16:57:39.578+0000][360.604s][info ][safepoint     ] Application time: 1.0001111 seconds
[2022-02-07T16:57:39.578+0000][360.604s][info ][safepoint     ] Entering safepoint region: Cleanup
[2022-02-07T16:57:39.578+0000][360.604s][info ][safepoint     ] Leaving safepoint region
[2022-02-07T16:57:39.578+0000][360.604s][info ][safepoint     ] Total time for which application threads were stopped: 0.0004297 seconds, Stopping threads took: 0.0000713 seconds
[2022-02-07T16:57:40.578+0000][361.604s][debug][safepoint     ] Safepoint synchronization initiated. (301 threads)
[2022-02-07T16:57:40.578+0000][361.604s][info ][safepoint     ] Application time: 1.0001272 seconds
[2022-02-07T16:57:40.578+0000][361.604s][info ][safepoint     ] Entering safepoint region: Cleanup
[2022-02-07T16:57:40.579+0000][361.605s][info ][safepoint     ] Leaving safepoint region
[2022-02-07T16:57:40.579+0000][361.605s][info ][safepoint     ] Total time for which application threads were stopped: 0.0004428 seconds, Stopping threads took: 0.0000754 seconds
[2022-02-07T16:57:41.579+0000][362.605s][debug][safepoint     ] Safepoint synchronization initiated. (301 threads)
[2022-02-07T16:57:41.579+0000][362.605s][info ][safepoint     ] Application time: 1.0001203 seconds
[2022-02-07T16:57:41.579+0000][362.605s][info ][safepoint     ] Entering safepoint region: Cleanup
[2022-02-07T16:57:41.579+0000][362.605s][info ][safepoint     ] Leaving safepoint region
[2022-02-07T16:57:41.579+0000][362.605s][info ][safepoint     ] Total time for which application threads were stopped: 0.0003323 seconds, Stopping threads took: 0.0000699 seconds
[2022-02-07T16:57:42.579+0000][363.605s][debug][safepoint     ] Safepoint synchronization initiated. (301 threads)
[2022-02-07T16:57:42.579+0000][363.605s][info ][safepoint     ] Application time: 1.0001135 seconds
[2022-02-07T16:57:42.579+0000][363.605s][info ][safepoint     ] Entering safepoint region: Cleanup
[2022-02-07T16:57:42.580+0000][363.606s][info ][safepoint     ] Leaving safepoint region
[2022-02-07T16:57:42.580+0000][363.606s][info ][safepoint     ] Total time for which application threads were stopped: 0.0004242 seconds, Stopping threads took: 0.0000679 seconds
[2022-02-07T16:57:43.580+0000][364.606s][debug][safepoint     ] Safepoint synchronization initiated. (301 threads)
[2022-02-07T16:57:43.580+0000][364.606s][info ][safepoint     ] Application time: 1.0001191 seconds
[2022-02-07T16:57:43.580+0000][364.606s][debug][safepoint     ] ... found polling page return exception at pc = 0x00007f11b4392682, stub =0x00007f11ac8beb80
[2022-02-07T16:57:43.580+0000][364.606s][debug][safepoint     ] Waiting for 1 thread(s) to block
[2022-02-07T16:57:43.580+0000][364.606s][info ][safepoint     ] Entering safepoint region: Cleanup
[2022-02-07T16:57:43.580+0000][364.606s][info ][safepoint     ] Leaving safepoint region
[2022-02-07T16:57:43.580+0000][364.606s][info ][safepoint     ] Total time for which application threads were stopped: 0.0005070 seconds, Stopping threads took: 0.0001089 seconds
[2022-02-07T16:57:44.581+0000][365.606s][debug][safepoint     ] Safepoint synchronization initiated. (301 threads)
[2022-02-07T16:57:44.581+0000][365.607s][info ][safepoint     ] Application time: 1.0001525 seconds
[2022-02-07T16:57:44.581+0000][365.607s][info ][safepoint     ] Entering safepoint region: Cleanup
[2022-02-07T16:57:44.581+0000][365.607s][info ][safepoint     ] Leaving safepoint region
[2022-02-07T16:57:44.581+0000][365.607s][info ][safepoint     ] Total time for which application threads were stopped: 0.0003485 seconds, Stopping threads took: 0.0000697 seconds
[2022-02-07T16:57:45.581+0000][366.607s][debug][safepoint     ] Safepoint synchronization initiated. (301 threads)
[2022-02-07T16:57:45.581+0000][366.607s][info ][safepoint     ] Application time: 1.0001137 seconds
[2022-02-07T16:57:45.581+0000][366.607s][info ][safepoint     ] Entering safepoint region: Cleanup
[2022-02-07T16:57:45.581+0000][366.607s][info ][safepoint     ] Leaving safepoint region
[2022-02-07T16:57:45.581+0000][366.607s][info ][safepoint     ] Total time for which application threads were stopped: 0.0002967 seconds, Stopping threads took: 0.0000675 seconds
[2022-02-07T16:57:46.582+0000][367.607s][debug][safepoint     ] Safepoint synchronization initiated. (301 threads)
[2022-02-07T16:57:46.582+0000][367.607s][info ][safepoint     ] Application time: 1.0001423 seconds
[2022-02-07T16:57:46.582+0000][367.608s][info ][safepoint     ] Entering safepoint region: Cleanup
[2022-02-07T16:57:46.582+0000][367.608s][info ][safepoint     ] Leaving safepoint region
[2022-02-07T16:57:46.582+0000][367.608s][info ][safepoint     ] Total time for which application threads were stopped: 0.0003041 seconds, Stopping threads took: 0.0000686 seconds
[2022-02-07T16:57:47.582+0000][368.608s][debug][safepoint     ] Safepoint synchronization initiated. (301 threads)
[2022-02-07T16:57:47.582+0000][368.608s][info ][safepoint     ] Application time: 1.0001189 seconds
[2022-02-07T16:57:47.582+0000][368.608s][info ][safepoint     ] Entering safepoint region: Cleanup
[2022-02-07T16:57:47.582+0000][368.608s][info ][safepoint     ] Leaving safepoint region
[2022-02-07T16:57:47.582+0000][368.608s][info ][safepoint     ] Total time for which application threads were stopped: 0.0002978 seconds, Stopping threads took: 0.0000750 seconds
[2022-02-07T16:57:47.605+0000][368.631s][debug][safepoint     ] Safepoint synchronization initiated. (301 threads)
[2022-02-07T16:57:47.605+0000][368.631s][info ][safepoint     ] Application time: 0.0231033 seconds
[2022-02-07T16:57:47.606+0000][368.631s][info ][safepoint     ] Entering safepoint region: G1CollectForAllocation
[2022-02-07T16:57:47.606+0000][368.632s][info ][gc,start      ] GC(67) Pause Young (Normal) (G1 Evacuation Pause)
[2022-02-07T16:57:47.606+0000][368.632s][info ][gc,task       ] GC(67) Using 4 workers of 4 for evacuation
[2022-02-07T16:57:47.630+0000][368.656s][info ][gc,phases     ] GC(67)   Pre Evacuate Collection Set: 0.0ms
[2022-02-07T16:57:47.630+0000][368.656s][info ][gc,phases     ] GC(67)   Evacuate Collection Set: 18.1ms
[2022-02-07T16:57:47.630+0000][368.656s][info ][gc,phases     ] GC(67)   Post Evacuate Collection Set: 5.5ms
[2022-02-07T16:57:47.630+0000][368.656s][info ][gc,phases     ] GC(67)   Other: 0.2ms
[2022-02-07T16:57:47.630+0000][368.656s][info ][gc,heap       ] GC(67) Eden regions: 235->0(235)
[2022-02-07T16:57:47.630+0000][368.656s][info ][gc,heap       ] GC(67) Survivor regions: 1->1(30)
[2022-02-07T16:57:47.630+0000][368.656s][info ][gc,heap       ] GC(67) Old regions: 146->146
[2022-02-07T16:57:47.630+0000][368.656s][info ][gc,heap       ] GC(67) Humongous regions: 0->0
[2022-02-07T16:57:47.630+0000][368.656s][info ][gc,metaspace  ] GC(67) Metaspace: 161766K->161766K(1204224K)
[2022-02-07T16:57:47.630+0000][368.656s][info ][gc            ] GC(67) Pause Young (Normal) (G1 Evacuation Pause) 379M->144M(430M) 23.978ms
[2022-02-07T16:57:47.630+0000][368.656s][info ][gc,cpu        ] GC(67) User=0.02s Sys=0.00s Real=0.03s
[2022-02-07T16:57:47.630+0000][368.656s][info ][safepoint     ] Leaving safepoint region
[2022-02-07T16:57:47.630+0000][368.656s][info ][safepoint     ] Total time for which application threads were stopped: 0.0245210 seconds, Stopping threads took: 0.0000671 seconds
[2022-02-07T16:57:47.634+0000][368.660s][info ][gc,stringdedup] Concurrent String Deduplication (368.660s)
[2022-02-07T16:57:47.634+0000][368.660s][info ][gc,stringdedup] Concurrent String Deduplication 72.0B->0.0B(72.0B) avg 53.1% (368.660s, 368.660s) 0.067ms
[2022-02-07T16:57:48.630+0000][369.656s][debug][safepoint     ] Safepoint synchronization initiated. (301 threads)
[2022-02-07T16:57:48.630+0000][369.656s][info ][safepoint     ] Application time: 1.0001455 seconds
[2022-02-07T16:57:48.630+0000][369.656s][info ][safepoint     ] Entering safepoint region: Cleanup
[2022-02-07T16:57:48.630+0000][369.656s][info ][safepoint     ] Leaving safepoint region
[2022-02-07T16:57:48.630+0000][369.656s][info ][safepoint     ] Total time for which application threads were stopped: 0.0003384 seconds, Stopping threads took: 0.0000700 seconds
[2022-02-07T16:57:49.631+0000][370.656s][debug][safepoint     ] Safepoint synchronization initiated. (301 threads)
[2022-02-07T16:57:49.631+0000][370.656s][info ][safepoint     ] Application time: 1.0001357 seconds
[2022-02-07T16:57:49.631+0000][370.657s][info ][safepoint     ] Entering safepoint region: Cleanup
[2022-02-07T16:57:49.631+0000][370.657s][info ][safepoint     ] Leaving safepoint region
[2022-02-07T16:57:49.631+0000][370.657s][info ][safepoint     ] Total time for which application threads were stopped: 0.0003136 seconds, Stopping threads took: 0.0000717 seconds
[2022-02-07T16:57:50.631+0000][371.657s][debug][safepoint     ] Safepoint synchronization initiated. (301 threads)
[2022-02-07T16:57:50.631+0000][371.657s][info ][safepoint     ] Application time: 1.0001562 seconds
[2022-02-07T16:57:50.631+0000][371.657s][info ][safepoint     ] Entering safepoint region: Cleanup
[2022-02-07T16:57:50.631+0000][371.657s][info ][safepoint     ] Leaving safepoint region
[2022-02-07T16:57:50.631+0000][371.657s][info ][safepoint     ] Total time for which application threads were stopped: 0.0002532 seconds, Stopping threads took: 0.0000794 seconds
[2022-02-07T16:57:51.631+0000][372.657s][debug][safepoint     ] Safepoint synchronization initiated. (301 threads)
[2022-02-07T16:57:51.632+0000][372.657s][info ][safepoint     ] Application time: 1.0001369 seconds
[2022-02-07T16:57:51.632+0000][372.657s][info ][safepoint     ] Entering safepoint region: Cleanup
[2022-02-07T16:57:51.632+0000][372.658s][info ][safepoint     ] Leaving safepoint region
[2022-02-07T16:57:51.632+0000][372.658s][info ][safepoint     ] Total time for which application threads were stopped: 0.0002724 seconds, Stopping threads took: 0.0000683 seconds
[2022-02-07T16:57:52.632+0000][373.658s][debug][safepoint     ] Safepoint synchronization initiated. (301 threads)
[2022-02-07T16:57:52.632+0000][373.658s][info ][safepoint     ] Application time: 1.0001561 seconds
[2022-02-07T16:57:52.632+0000][373.658s][info ][safepoint     ] Entering safepoint region: Cleanup
[2022-02-07T16:57:52.632+0000][373.658s][info ][safepoint     ] Leaving safepoint region
[2022-02-07T16:57:52.632+0000][373.658s][info ][safepoint     ] Total time for which application threads were stopped: 0.0003641 seconds, Stopping threads took: 0.0001091 seconds
[2022-02-07T16:57:53.632+0000][374.658s][debug][safepoint     ] Safepoint synchronization initiated. (301 threads)
[2022-02-07T16:57:53.633+0000][374.658s][info ][safepoint     ] Application time: 1.0001528 seconds
[2022-02-07T16:57:53.633+0000][374.658s][debug][safepoint     ] Waiting for 1 thread(s) to block
[2022-02-07T16:57:53.633+0000][374.659s][info ][safepoint     ] Entering safepoint region: Cleanup
[2022-02-07T16:57:53.633+0000][374.659s][info ][safepoint     ] Leaving safepoint region
[2022-02-07T16:57:53.633+0000][374.659s][debug][safepoint     ] ... found polling page return exception at pc = 0x00007f11b4fc1a06, stub =0x00007f11ac8beb80
[2022-02-07T16:57:53.633+0000][374.659s][info ][safepoint     ] Total time for which application threads were stopped: 0.0004135 seconds, Stopping threads took: 0.0001754 seconds
[2022-02-07T16:57:54.633+0000][375.659s][debug][safepoint     ] Safepoint synchronization initiated. (301 threads)
[2022-02-07T16:57:54.633+0000][375.659s][info ][safepoint     ] Application time: 1.0001195 seconds
[2022-02-07T16:57:54.633+0000][375.659s][info ][safepoint     ] Entering safepoint region: Cleanup
[2022-02-07T16:57:54.634+0000][375.659s][info ][safepoint     ] Leaving safepoint region
[2022-02-07T16:57:54.634+0000][375.659s][info ][safepoint     ] Total time for which application threads were stopped: 0.0004591 seconds, Stopping threads took: 0.0000711 seconds
[2022-02-07T16:57:55.634+0000][376.660s][debug][safepoint     ] Safepoint synchronization initiated. (301 threads)
[2022-02-07T16:57:55.634+0000][376.660s][info ][safepoint     ] Application time: 1.0001138 seconds
[2022-02-07T16:57:55.634+0000][376.660s][info ][safepoint     ] Entering safepoint region: Cleanup
[2022-02-07T16:57:55.634+0000][376.660s][info ][safepoint     ] Leaving safepoint region
[2022-02-07T16:57:55.634+0000][376.660s][info ][safepoint     ] Total time for which application threads were stopped: 0.0004451 seconds, Stopping threads took: 0.0000708 seconds
[2022-02-07T16:57:56.634+0000][377.660s][debug][safepoint     ] Safepoint synchronization initiated. (301 threads)
[2022-02-07T16:57:56.634+0000][377.660s][info ][safepoint     ] Application time: 1.0001141 seconds
[2022-02-07T16:57:56.634+0000][377.660s][info ][safepoint     ] Entering safepoint region: Cleanup
[2022-02-07T16:57:56.635+0000][377.661s][info ][safepoint     ] Leaving safepoint region
[2022-02-07T16:57:56.635+0000][377.661s][info ][safepoint     ] Total time for which application threads were stopped: 0.0004516 seconds, Stopping threads took: 0.0000709 seconds
[2022-02-07T16:57:57.635+0000][378.661s][debug][safepoint     ] Safepoint synchronization initiated. (301 threads)
[2022-02-07T16:57:57.635+0000][378.661s][info ][safepoint     ] Application time: 1.0001232 seconds
[2022-02-07T16:57:57.635+0000][378.661s][info ][safepoint     ] Entering safepoint region: Cleanup
[2022-02-07T16:57:57.635+0000][378.661s][info ][safepoint     ] Leaving safepoint region
[2022-02-07T16:57:57.635+0000][378.661s][info ][safepoint     ] Total time for which application threads were stopped: 0.0004951 seconds, Stopping threads took: 0.0000789 seconds
[2022-02-07T16:57:58.635+0000][379.661s][debug][safepoint     ] Safepoint synchronization initiated. (301 threads)
[2022-02-07T16:57:58.636+0000][379.661s][info ][safepoint     ] Application time: 1.0001621 seconds
[2022-02-07T16:57:58.636+0000][379.661s][info ][safepoint     ] Entering safepoint region: Cleanup
[2022-02-07T16:57:58.636+0000][379.662s][info ][safepoint     ] Leaving safepoint region
[2022-02-07T16:57:58.636+0000][379.662s][info ][safepoint     ] Total time for which application threads were stopped: 0.0003240 seconds, Stopping threads took: 0.0000754 seconds
[2022-02-07T16:57:59.636+0000][380.662s][debug][safepoint     ] Safepoint synchronization initiated. (301 threads)
[2022-02-07T16:57:59.636+0000][380.662s][info ][safepoint     ] Application time: 1.0001132 seconds
[2022-02-07T16:57:59.636+0000][380.662s][info ][safepoint     ] Entering safepoint region: Cleanup
[2022-02-07T16:57:59.636+0000][380.662s][info ][safepoint     ] Leaving safepoint region
[2022-02-07T16:57:59.636+0000][380.662s][info ][safepoint     ] Total time for which application threads were stopped: 0.0003169 seconds, Stopping threads took: 0.0000703 seconds
[2022-02-07T16:58:00.636+0000][381.662s][debug][safepoint     ] Safepoint synchronization initiated. (301 threads)
[2022-02-07T16:58:00.636+0000][381.662s][info ][safepoint     ] Application time: 1.0001301 seconds
[2022-02-07T16:58:00.637+0000][381.662s][info ][safepoint     ] Entering safepoint region: Cleanup
[2022-02-07T16:58:00.637+0000][381.663s][info ][safepoint     ] Leaving safepoint region
[2022-02-07T16:58:00.637+0000][381.663s][info ][safepoint     ] Total time for which application threads were stopped: 0.0003243 seconds, Stopping threads took: 0.0000686 seconds
[2022-02-07T16:58:01.637+0000][382.663s][debug][safepoint     ] Safepoint synchronization initiated. (301 threads)
[2022-02-07T16:58:01.637+0000][382.663s][info ][safepoint     ] Application time: 1.0001131 seconds
[2022-02-07T16:58:01.637+0000][382.663s][info ][safepoint     ] Entering safepoint region: Cleanup
[2022-02-07T16:58:01.637+0000][382.663s][info ][safepoint     ] Leaving safepoint region
[2022-02-07T16:58:01.637+0000][382.663s][info ][safepoint     ] Total time for which application threads were stopped: 0.0002959 seconds, Stopping threads took: 0.0000689 seconds
[2022-02-07T16:58:02.637+0000][383.663s][debug][safepoint     ] Safepoint synchronization initiated. (301 threads)
[2022-02-07T16:58:02.637+0000][383.663s][info ][safepoint     ] Application time: 1.0001108 seconds
[2022-02-07T16:58:02.637+0000][383.663s][info ][safepoint     ] Entering safepoint region: Cleanup
[2022-02-07T16:58:02.638+0000][383.664s][info ][safepoint     ] Leaving safepoint region
[2022-02-07T16:58:02.638+0000][383.664s][info ][safepoint     ] Total time for which application threads were stopped: 0.0003318 seconds, Stopping threads took: 0.0000848 seconds
[2022-02-07T16:58:03.638+0000][384.664s][debug][safepoint     ] Safepoint synchronization initiated. (301 threads)
[2022-02-07T16:58:03.638+0000][384.664s][info ][safepoint     ] Application time: 1.0001428 seconds
[2022-02-07T16:58:03.638+0000][384.664s][info ][safepoint     ] Entering safepoint region: Cleanup
[2022-02-07T16:58:03.638+0000][384.664s][info ][safepoint     ] Leaving safepoint region
[2022-02-07T16:58:03.638+0000][384.664s][info ][safepoint     ] Total time for which application threads were stopped: 0.0003388 seconds, Stopping threads took: 0.0000697 seconds
[2022-02-07T16:58:04.638+0000][385.664s][debug][safepoint     ] Safepoint synchronization initiated. (301 threads)
[2022-02-07T16:58:04.638+0000][385.664s][info ][safepoint     ] Application time: 1.0001407 seconds
[2022-02-07T16:58:04.638+0000][385.664s][info ][safepoint     ] Entering safepoint region: Cleanup
[2022-02-07T16:58:04.639+0000][385.664s][info ][safepoint     ] Leaving safepoint region
[2022-02-07T16:58:04.639+0000][385.664s][info ][safepoint     ] Total time for which application threads were stopped: 0.0002976 seconds, Stopping threads took: 0.0000688 seconds
[2022-02-07T16:58:05.639+0000][386.665s][debug][safepoint     ] Safepoint synchronization initiated. (301 threads)
[2022-02-07T16:58:05.639+0000][386.665s][info ][safepoint     ] Application time: 1.0000997 seconds
[2022-02-07T16:58:05.639+0000][386.665s][info ][safepoint     ] Entering safepoint region: Cleanup
[2022-02-07T16:58:05.639+0000][386.665s][info ][safepoint     ] Leaving safepoint region
[2022-02-07T16:58:05.639+0000][386.665s][info ][safepoint     ] Total time for which application threads were stopped: 0.0003028 seconds, Stopping threads took: 0.0000812 seconds
[2022-02-07T16:58:06.639+0000][387.665s][debug][safepoint     ] Safepoint synchronization initiated. (301 threads)
[2022-02-07T16:58:06.639+0000][387.665s][info ][safepoint     ] Application time: 1.0001203 seconds
[2022-02-07T16:58:06.639+0000][387.665s][info ][safepoint     ] Entering safepoint region: Cleanup
[2022-02-07T16:58:06.640+0000][387.665s][info ][safepoint     ] Leaving safepoint region
[2022-02-07T16:58:06.640+0000][387.665s][info ][safepoint     ] Total time for which application threads were stopped: 0.0004469 seconds, Stopping threads took: 0.0000783 seconds
[2022-02-07T16:58:07.640+0000][388.666s][debug][safepoint     ] Safepoint synchronization initiated. (301 threads)
[2022-02-07T16:58:07.640+0000][388.666s][info ][safepoint     ] Application time: 1.0001508 seconds
[2022-02-07T16:58:07.640+0000][388.666s][info ][safepoint     ] Entering safepoint region: Cleanup
[2022-02-07T16:58:07.640+0000][388.666s][info ][safepoint     ] Leaving safepoint region
[2022-02-07T16:58:07.640+0000][388.666s][info ][safepoint     ] Total time for which application threads were stopped: 0.0003427 seconds, Stopping threads took: 0.0000742 seconds
[2022-02-07T16:58:07.933+0000][388.959s][debug][safepoint     ] Safepoint synchronization initiated. (301 threads)
[2022-02-07T16:58:07.933+0000][388.959s][info ][safepoint     ] Application time: 0.2930089 seconds
[2022-02-07T16:58:07.933+0000][388.959s][info ][safepoint     ] Entering safepoint region: G1CollectForAllocation
[2022-02-07T16:58:07.934+0000][388.960s][info ][gc,start      ] GC(68) Pause Young (Normal) (G1 Evacuation Pause)
[2022-02-07T16:58:07.934+0000][388.960s][info ][gc,task       ] GC(68) Using 4 workers of 4 for evacuation
[2022-02-07T16:58:07.953+0000][388.979s][info ][gc,phases     ] GC(68)   Pre Evacuate Collection Set: 0.0ms
[2022-02-07T16:58:07.953+0000][388.979s][info ][gc,phases     ] GC(68)   Evacuate Collection Set: 10.8ms
[2022-02-07T16:58:07.953+0000][388.979s][info ][gc,phases     ] GC(68)   Post Evacuate Collection Set: 8.1ms
[2022-02-07T16:58:07.953+0000][388.979s][info ][gc,phases     ] GC(68)   Other: 0.3ms
[2022-02-07T16:58:07.953+0000][388.979s][info ][gc,heap       ] GC(68) Eden regions: 235->0(235)
[2022-02-07T16:58:07.953+0000][388.979s][info ][gc,heap       ] GC(68) Survivor regions: 1->1(30)
[2022-02-07T16:58:07.953+0000][388.979s][info ][gc,heap       ] GC(68) Old regions: 146->146
[2022-02-07T16:58:07.953+0000][388.979s][info ][gc,heap       ] GC(68) Humongous regions: 0->0
[2022-02-07T16:58:07.953+0000][388.979s][info ][gc,metaspace  ] GC(68) Metaspace: 161794K->161794K(1204224K)
[2022-02-07T16:58:07.953+0000][388.979s][info ][gc            ] GC(68) Pause Young (Normal) (G1 Evacuation Pause) 379M->144M(430M) 19.263ms
[2022-02-07T16:58:07.953+0000][388.979s][info ][gc,cpu        ] GC(68) User=0.02s Sys=0.00s Real=0.02s
[2022-02-07T16:58:07.953+0000][388.979s][info ][safepoint     ] Leaving safepoint region
[2022-02-07T16:58:07.953+0000][388.979s][info ][safepoint     ] Total time for which application threads were stopped: 0.0198536 seconds, Stopping threads took: 0.0000723 seconds
[2022-02-07T16:58:07.954+0000][388.979s][info ][gc,stringdedup] Concurrent String Deduplication (388.979s)
[2022-02-07T16:58:07.954+0000][388.979s][info ][gc,stringdedup] Concurrent String Deduplication 7744.0B->1160.0B(6584.0B) avg 53.1% (388.979s, 388.979s) 0.081ms
[2022-02-07T16:58:08.953+0000][389.979s][debug][safepoint     ] Safepoint synchronization initiated. (301 threads)
[2022-02-07T16:58:08.953+0000][389.979s][info ][safepoint     ] Application time: 1.0001254 seconds
[2022-02-07T16:58:08.953+0000][389.979s][info ][safepoint     ] Entering safepoint region: Cleanup
[2022-02-07T16:58:08.954+0000][389.979s][info ][safepoint     ] Leaving safepoint region
[2022-02-07T16:58:08.954+0000][389.979s][info ][safepoint     ] Total time for which application threads were stopped: 0.0004241 seconds, Stopping threads took: 0.0000666 seconds
[2022-02-07T16:58:09.954+0000][390.980s][debug][safepoint     ] Safepoint synchronization initiated. (301 threads)
[2022-02-07T16:58:09.954+0000][390.980s][info ][safepoint     ] Application time: 1.0001126 seconds
[2022-02-07T16:58:09.954+0000][390.980s][debug][safepoint     ] ... found polling page loop exception at pc = 0x00007f11b5204efc, stub =0x00007f11ac8be900
[2022-02-07T16:58:09.954+0000][390.980s][debug][safepoint     ] Waiting for 1 thread(s) to block
[2022-02-07T16:58:09.954+0000][390.980s][info ][safepoint     ] Entering safepoint region: Cleanup
[2022-02-07T16:58:09.954+0000][390.980s][info ][safepoint     ] Leaving safepoint region
[2022-02-07T16:58:09.954+0000][390.980s][info ][safepoint     ] Total time for which application threads were stopped: 0.0003299 seconds, Stopping threads took: 0.0001436 seconds
[2022-02-07T16:58:10.954+0000][391.980s][debug][safepoint     ] Safepoint synchronization initiated. (301 threads)
[2022-02-07T16:58:10.954+0000][391.980s][info ][safepoint     ] Application time: 1.0001152 seconds
[2022-02-07T16:58:10.954+0000][391.980s][info ][safepoint     ] Entering safepoint region: Cleanup
[2022-02-07T16:58:10.955+0000][391.980s][info ][safepoint     ] Leaving safepoint region
[2022-02-07T16:58:10.955+0000][391.980s][info ][safepoint     ] Total time for which application threads were stopped: 0.0004351 seconds, Stopping threads took: 0.0000741 seconds
[2022-02-07T16:58:11.955+0000][392.981s][debug][safepoint     ] Safepoint synchronization initiated. (301 threads)
[2022-02-07T16:58:11.955+0000][392.981s][info ][safepoint     ] Application time: 1.0001123 seconds
[2022-02-07T16:58:11.955+0000][392.981s][info ][safepoint     ] Entering safepoint region: Cleanup
[2022-02-07T16:58:11.955+0000][392.981s][info ][safepoint     ] Leaving safepoint region
[2022-02-07T16:58:11.955+0000][392.981s][info ][safepoint     ] Total time for which application threads were stopped: 0.0004333 seconds, Stopping threads took: 0.0000688 seconds
[2022-02-07T16:58:12.955+0000][393.981s][debug][safepoint     ] Safepoint synchronization initiated. (301 threads)
[2022-02-07T16:58:12.955+0000][393.981s][info ][safepoint     ] Application time: 1.0000859 seconds
[2022-02-07T16:58:12.955+0000][393.981s][info ][safepoint     ] Entering safepoint region: Cleanup
[2022-02-07T16:58:12.956+0000][393.981s][info ][safepoint     ] Leaving safepoint region
[2022-02-07T16:58:12.956+0000][393.982s][info ][safepoint     ] Total time for which application threads were stopped: 0.0003593 seconds, Stopping threads took: 0.0000687 seconds
[2022-02-07T16:58:13.956+0000][394.982s][debug][safepoint     ] Safepoint synchronization initiated. (301 threads)
[2022-02-07T16:58:13.956+0000][394.982s][info ][safepoint     ] Application time: 1.0001092 seconds
[2022-02-07T16:58:13.956+0000][394.982s][info ][safepoint     ] Entering safepoint region: Cleanup
[2022-02-07T16:58:13.956+0000][394.982s][info ][safepoint     ] Leaving safepoint region
[2022-02-07T16:58:13.956+0000][394.982s][info ][safepoint     ] Total time for which application threads were stopped: 0.0004503 seconds, Stopping threads took: 0.0000856 seconds
[2022-02-07T16:58:14.956+0000][395.982s][debug][safepoint     ] Safepoint synchronization initiated. (301 threads)
[2022-02-07T16:58:14.956+0000][395.982s][info ][safepoint     ] Application time: 1.0001134 seconds
[2022-02-07T16:58:14.956+0000][395.982s][info ][safepoint     ] Entering safepoint region: Cleanup
[2022-02-07T16:58:14.957+0000][395.983s][info ][safepoint     ] Leaving safepoint region
[2022-02-07T16:58:14.957+0000][395.983s][info ][safepoint     ] Total time for which application threads were stopped: 0.0004255 seconds, Stopping threads took: 0.0000676 seconds
[2022-02-07T16:58:15.957+0000][396.983s][debug][safepoint     ] Safepoint synchronization initiated. (301 threads)
[2022-02-07T16:58:15.957+0000][396.983s][info ][safepoint     ] Application time: 1.0001380 seconds
[2022-02-07T16:58:15.957+0000][396.983s][info ][safepoint     ] Entering safepoint region: Cleanup
[2022-02-07T16:58:15.957+0000][396.983s][info ][safepoint     ] Leaving safepoint region
[2022-02-07T16:58:15.957+0000][396.983s][info ][safepoint     ] Total time for which application threads were stopped: 0.0004679 seconds, Stopping threads took: 0.0000701 seconds
[2022-02-07T16:58:16.958+0000][397.983s][debug][safepoint     ] Safepoint synchronization initiated. (301 threads)
[2022-02-07T16:58:16.958+0000][397.983s][info ][safepoint     ] Application time: 1.0001481 seconds
[2022-02-07T16:58:16.958+0000][397.983s][info ][safepoint     ] Entering safepoint region: Cleanup
[2022-02-07T16:58:16.958+0000][397.984s][info ][safepoint     ] Leaving safepoint region
[2022-02-07T16:58:16.958+0000][397.984s][info ][safepoint     ] Total time for which application threads were stopped: 0.0003417 seconds, Stopping threads took: 0.0000743 seconds
[2022-02-07T16:58:17.958+0000][398.984s][debug][safepoint     ] Safepoint synchronization initiated. (301 threads)
[2022-02-07T16:58:17.958+0000][398.984s][info ][safepoint     ] Application time: 1.0001232 seconds
[2022-02-07T16:58:17.958+0000][398.984s][info ][safepoint     ] Entering safepoint region: Cleanup
[2022-02-07T16:58:17.958+0000][398.984s][info ][safepoint     ] Leaving safepoint region
[2022-02-07T16:58:17.958+0000][398.984s][info ][safepoint     ] Total time for which application threads were stopped: 0.0002932 seconds, Stopping threads took: 0.0000944 seconds
[2022-02-07T16:58:18.958+0000][399.984s][debug][safepoint     ] Safepoint synchronization initiated. (301 threads)
[2022-02-07T16:58:18.958+0000][399.984s][info ][safepoint     ] Application time: 1.0001109 seconds
[2022-02-07T16:58:18.959+0000][399.984s][info ][safepoint     ] Entering safepoint region: Cleanup
[2022-02-07T16:58:18.959+0000][399.985s][info ][safepoint     ] Leaving safepoint region
[2022-02-07T16:58:18.959+0000][399.985s][info ][safepoint     ] Total time for which application threads were stopped: 0.0003091 seconds, Stopping threads took: 0.0000682 seconds
[2022-02-07T16:58:19.959+0000][400.985s][debug][safepoint     ] Safepoint synchronization initiated. (301 threads)
[2022-02-07T16:58:19.959+0000][400.985s][info ][safepoint     ] Application time: 1.0001125 seconds
[2022-02-07T16:58:19.959+0000][400.985s][info ][safepoint     ] Entering safepoint region: Cleanup
[2022-02-07T16:58:19.959+0000][400.985s][info ][safepoint     ] Leaving safepoint region
[2022-02-07T16:58:19.959+0000][400.985s][info ][safepoint     ] Total time for which application threads were stopped: 0.0003246 seconds, Stopping threads took: 0.0000698 seconds
[2022-02-07T16:58:20.959+0000][401.985s][debug][safepoint     ] Safepoint synchronization initiated. (301 threads)
[2022-02-07T16:58:20.959+0000][401.985s][info ][safepoint     ] Application time: 1.0001422 seconds
[2022-02-07T16:58:20.959+0000][401.985s][info ][safepoint     ] Entering safepoint region: Cleanup
[2022-02-07T16:58:20.960+0000][401.986s][info ][safepoint     ] Leaving safepoint region
[2022-02-07T16:58:20.960+0000][401.986s][info ][safepoint     ] Total time for which application threads were stopped: 0.0003583 seconds, Stopping threads took: 0.0000841 seconds
[2022-02-07T16:58:21.960+0000][402.986s][debug][safepoint     ] Safepoint synchronization initiated. (301 threads)
[2022-02-07T16:58:21.960+0000][402.986s][info ][safepoint     ] Application time: 1.0001196 seconds
[2022-02-07T16:58:21.960+0000][402.986s][info ][safepoint     ] Entering safepoint region: Cleanup
[2022-02-07T16:58:21.960+0000][402.986s][info ][safepoint     ] Leaving safepoint region
[2022-02-07T16:58:21.960+0000][402.986s][info ][safepoint     ] Total time for which application threads were stopped: 0.0003212 seconds, Stopping threads took: 0.0000730 seconds
[2022-02-07T16:58:22.960+0000][403.986s][debug][safepoint     ] Safepoint synchronization initiated. (301 threads)
[2022-02-07T16:58:22.960+0000][403.986s][info ][safepoint     ] Application time: 1.0001214 seconds
[2022-02-07T16:58:22.960+0000][403.986s][info ][safepoint     ] Entering safepoint region: Cleanup
[2022-02-07T16:58:22.961+0000][403.987s][info ][safepoint     ] Leaving safepoint region
[2022-02-07T16:58:22.961+0000][403.987s][info ][safepoint     ] Total time for which application threads were stopped: 0.0002962 seconds, Stopping threads took: 0.0000694 seconds
[2022-02-07T16:58:22.985+0000][404.010s][debug][safepoint     ] Safepoint synchronization initiated. (301 threads)
[2022-02-07T16:58:22.985+0000][404.010s][info ][safepoint     ] Application time: 0.0239236 seconds
[2022-02-07T16:58:22.985+0000][404.011s][info ][safepoint     ] Entering safepoint region: G1CollectForAllocation
[2022-02-07T16:58:22.985+0000][404.011s][info ][gc,start      ] GC(69) Pause Young (Normal) (G1 Evacuation Pause)
[2022-02-07T16:58:22.985+0000][404.011s][info ][gc,task       ] GC(69) Using 4 workers of 4 for evacuation
[2022-02-07T16:58:23.012+0000][404.037s][info ][gc,phases     ] GC(69)   Pre Evacuate Collection Set: 0.0ms
[2022-02-07T16:58:23.012+0000][404.038s][info ][gc,phases     ] GC(69)   Evacuate Collection Set: 12.9ms
[2022-02-07T16:58:23.012+0000][404.038s][info ][gc,phases     ] GC(69)   Post Evacuate Collection Set: 13.4ms
[2022-02-07T16:58:23.012+0000][404.038s][info ][gc,phases     ] GC(69)   Other: 0.3ms
[2022-02-07T16:58:23.012+0000][404.038s][info ][gc,heap       ] GC(69) Eden regions: 235->0(236)
[2022-02-07T16:58:23.012+0000][404.038s][info ][gc,heap       ] GC(69) Survivor regions: 1->1(30)
[2022-02-07T16:58:23.012+0000][404.038s][info ][gc,heap       ] GC(69) Old regions: 146->146
[2022-02-07T16:58:23.012+0000][404.038s][info ][gc,heap       ] GC(69) Humongous regions: 0->0
[2022-02-07T16:58:23.012+0000][404.038s][info ][gc,metaspace  ] GC(69) Metaspace: 161841K->161841K(1204224K)
[2022-02-07T16:58:23.012+0000][404.038s][info ][gc            ] GC(69) Pause Young (Normal) (G1 Evacuation Pause) 379M->144M(430M) 26.759ms
[2022-02-07T16:58:23.012+0000][404.038s][info ][gc,cpu        ] GC(69) User=0.03s Sys=0.00s Real=0.03s
[2022-02-07T16:58:23.012+0000][404.038s][info ][safepoint     ] Leaving safepoint region
[2022-02-07T16:58:23.012+0000][404.038s][info ][safepoint     ] Total time for which application threads were stopped: 0.0272345 seconds, Stopping threads took: 0.0000845 seconds
[2022-02-07T16:58:23.012+0000][404.038s][info ][gc,stringdedup] Concurrent String Deduplication (404.038s)
[2022-02-07T16:58:23.012+0000][404.038s][info ][gc,stringdedup] Concurrent String Deduplication 2144.0B->344.0B(1800.0B) avg 53.1% (404.038s, 404.038s) 0.088ms
[2022-02-07T16:58:24.012+0000][405.038s][debug][safepoint     ] Safepoint synchronization initiated. (301 threads)
[2022-02-07T16:58:24.012+0000][405.038s][info ][safepoint     ] Application time: 1.0001236 seconds
[2022-02-07T16:58:24.012+0000][405.038s][info ][safepoint     ] Entering safepoint region: Cleanup
[2022-02-07T16:58:24.012+0000][405.038s][info ][safepoint     ] Leaving safepoint region
[2022-02-07T16:58:24.012+0000][405.038s][info ][safepoint     ] Total time for which application threads were stopped: 0.0004457 seconds, Stopping threads took: 0.0000759 seconds
[2022-02-07T16:58:25.013+0000][406.038s][debug][safepoint     ] Safepoint synchronization initiated. (301 threads)
[2022-02-07T16:58:25.013+0000][406.038s][info ][safepoint     ] Application time: 1.0001174 seconds
[2022-02-07T16:58:25.013+0000][406.038s][info ][safepoint     ] Entering safepoint region: Cleanup
[2022-02-07T16:58:25.013+0000][406.039s][info ][safepoint     ] Leaving safepoint region
[2022-02-07T16:58:25.013+0000][406.039s][info ][safepoint     ] Total time for which application threads were stopped: 0.0004345 seconds, Stopping threads took: 0.0000699 seconds
[2022-02-07T16:58:26.013+0000][407.039s][debug][safepoint     ] Safepoint synchronization initiated. (301 threads)
[2022-02-07T16:58:26.013+0000][407.039s][info ][safepoint     ] Application time: 1.0001085 seconds
[2022-02-07T16:58:26.013+0000][407.039s][info ][safepoint     ] Entering safepoint region: Cleanup
[2022-02-07T16:58:26.014+0000][407.039s][info ][safepoint     ] Leaving safepoint region
[2022-02-07T16:58:26.014+0000][407.039s][info ][safepoint     ] Total time for which application threads were stopped: 0.0004316 seconds, Stopping threads took: 0.0000670 seconds
[2022-02-07T16:58:27.014+0000][408.040s][debug][safepoint     ] Safepoint synchronization initiated. (301 threads)
[2022-02-07T16:58:27.014+0000][408.040s][info ][safepoint     ] Application time: 1.0001238 seconds
[2022-02-07T16:58:27.014+0000][408.040s][info ][safepoint     ] Entering safepoint region: Cleanup
[2022-02-07T16:58:27.014+0000][408.040s][info ][safepoint     ] Leaving safepoint region
[2022-02-07T16:58:27.014+0000][408.040s][info ][safepoint     ] Total time for which application threads were stopped: 0.0004350 seconds, Stopping threads took: 0.0000692 seconds
[2022-02-07T16:58:28.014+0000][409.040s][debug][safepoint     ] Safepoint synchronization initiated. (301 threads)
[2022-02-07T16:58:28.014+0000][409.040s][info ][safepoint     ] Application time: 1.0001179 seconds
[2022-02-07T16:58:28.014+0000][409.040s][info ][safepoint     ] Entering safepoint region: Cleanup
[2022-02-07T16:58:28.015+0000][409.041s][info ][safepoint     ] Leaving safepoint region
[2022-02-07T16:58:28.015+0000][409.041s][info ][safepoint     ] Total time for which application threads were stopped: 0.0004349 seconds, Stopping threads took: 0.0000712 seconds
[2022-02-07T16:58:29.015+0000][410.041s][debug][safepoint     ] Safepoint synchronization initiated. (301 threads)
[2022-02-07T16:58:29.015+0000][410.041s][info ][safepoint     ] Application time: 1.0004993 seconds
[2022-02-07T16:58:29.019+0000][410.045s][debug][safepoint     ] ... found polling page return exception at pc = 0x00007f11b462489f, stub =0x00007f11ac8beb80
[2022-02-07T16:58:29.020+0000][410.045s][debug][safepoint     ] Waiting for 1 thread(s) to block
[2022-02-07T16:58:29.020+0000][410.046s][info ][safepoint     ] Entering safepoint region: Cleanup
[2022-02-07T16:58:29.023+0000][410.049s][info ][safepoint     ] Leaving safepoint region
[2022-02-07T16:58:29.023+0000][410.049s][info ][safepoint     ] Total time for which application threads were stopped: 0.0074821 seconds, Stopping threads took: 0.0045258 seconds
[2022-02-07T16:58:30.023+0000][411.049s][debug][safepoint     ] Safepoint synchronization initiated. (301 threads)
[2022-02-07T16:58:30.023+0000][411.049s][info ][safepoint     ] Application time: 1.0001172 seconds
[2022-02-07T16:58:30.023+0000][411.049s][info ][safepoint     ] Entering safepoint region: Cleanup
[2022-02-07T16:58:30.023+0000][411.049s][info ][safepoint     ] Leaving safepoint region
[2022-02-07T16:58:30.023+0000][411.049s][info ][safepoint     ] Total time for which application threads were stopped: 0.0004473 seconds, Stopping threads took: 0.0000688 seconds
[2022-02-07T16:58:31.024+0000][412.049s][debug][safepoint     ] Safepoint synchronization initiated. (301 threads)
[2022-02-07T16:58:31.024+0000][412.049s][info ][safepoint     ] Application time: 1.0001112 seconds
[2022-02-07T16:58:31.024+0000][412.049s][info ][safepoint     ] Entering safepoint region: Cleanup
[2022-02-07T16:58:31.024+0000][412.050s][info ][safepoint     ] Leaving safepoint region
[2022-02-07T16:58:31.024+0000][412.050s][info ][safepoint     ] Total time for which application threads were stopped: 0.0002924 seconds, Stopping threads took: 0.0000706 seconds
[2022-02-07T16:58:32.024+0000][413.050s][debug][safepoint     ] Safepoint synchronization initiated. (301 threads)
[2022-02-07T16:58:32.024+0000][413.050s][info ][safepoint     ] Application time: 1.0001069 seconds
[2022-02-07T16:58:32.024+0000][413.050s][info ][safepoint     ] Entering safepoint region: Cleanup
[2022-02-07T16:58:32.024+0000][413.050s][info ][safepoint     ] Leaving safepoint region
[2022-02-07T16:58:32.024+0000][413.050s][info ][safepoint     ] Total time for which application threads were stopped: 0.0003031 seconds, Stopping threads took: 0.0000681 seconds
[2022-02-07T16:58:33.024+0000][414.050s][debug][safepoint     ] Safepoint synchronization initiated. (301 threads)
[2022-02-07T16:58:33.024+0000][414.050s][info ][safepoint     ] Application time: 1.0001057 seconds
[2022-02-07T16:58:33.024+0000][414.050s][info ][safepoint     ] Entering safepoint region: Cleanup
[2022-02-07T16:58:33.025+0000][414.051s][info ][safepoint     ] Leaving safepoint region
[2022-02-07T16:58:33.025+0000][414.051s][info ][safepoint     ] Total time for which application threads were stopped: 0.0004579 seconds, Stopping threads took: 0.0000704 seconds
[2022-02-07T16:58:34.025+0000][415.051s][debug][safepoint     ] Safepoint synchronization initiated. (301 threads)
[2022-02-07T16:58:34.025+0000][415.051s][info ][safepoint     ] Application time: 1.0001323 seconds
[2022-02-07T16:58:34.025+0000][415.051s][info ][safepoint     ] Entering safepoint region: Cleanup
[2022-02-07T16:58:34.025+0000][415.051s][info ][safepoint     ] Leaving safepoint region
[2022-02-07T16:58:34.025+0000][415.051s][info ][safepoint     ] Total time for which application threads were stopped: 0.0004491 seconds, Stopping threads took: 0.0000675 seconds
[2022-02-07T16:58:35.026+0000][416.051s][debug][safepoint     ] Safepoint synchronization initiated. (301 threads)
[2022-02-07T16:58:35.026+0000][416.051s][info ][safepoint     ] Application time: 1.0001159 seconds
[2022-02-07T16:58:35.026+0000][416.052s][info ][safepoint     ] Entering safepoint region: Cleanup
[2022-02-07T16:58:35.026+0000][416.052s][info ][safepoint     ] Leaving safepoint region
[2022-02-07T16:58:35.026+0000][416.052s][info ][safepoint     ] Total time for which application threads were stopped: 0.0004698 seconds, Stopping threads took: 0.0000727 seconds
[2022-02-07T16:58:36.026+0000][417.052s][debug][safepoint     ] Safepoint synchronization initiated. (301 threads)
[2022-02-07T16:58:36.026+0000][417.052s][info ][safepoint     ] Application time: 1.0001420 seconds
[2022-02-07T16:58:36.026+0000][417.052s][info ][safepoint     ] Entering safepoint region: Cleanup
[2022-02-07T16:58:36.027+0000][417.053s][info ][safepoint     ] Leaving safepoint region
[2022-02-07T16:58:36.027+0000][417.053s][info ][safepoint     ] Total time for which application threads were stopped: 0.0004960 seconds, Stopping threads took: 0.0000777 seconds
[2022-02-07T16:58:37.027+0000][418.053s][debug][safepoint     ] Safepoint synchronization initiated. (301 threads)
[2022-02-07T16:58:37.027+0000][418.053s][info ][safepoint     ] Application time: 1.0001086 seconds
[2022-02-07T16:58:37.031+0000][418.057s][debug][safepoint     ] ... found polling page return exception at pc = 0x00007f11b462489f, stub =0x00007f11ac8beb80
[2022-02-07T16:58:37.031+0000][418.057s][debug][safepoint     ] Waiting for 1 thread(s) to block
[2022-02-07T16:58:37.033+0000][418.059s][info ][safepoint     ] Entering safepoint region: Cleanup
[2022-02-07T16:58:37.033+0000][418.059s][info ][safepoint     ] Leaving safepoint region
[2022-02-07T16:58:37.033+0000][418.059s][info ][safepoint     ] Total time for which application threads were stopped: 0.0062604 seconds, Stopping threads took: 0.0058617 seconds
[2022-02-07T16:58:37.409+0000][418.435s][debug][safepoint     ] Safepoint synchronization initiated. (301 threads)
[2022-02-07T16:58:37.409+0000][418.435s][info ][safepoint     ] Application time: 0.3755313 seconds
[2022-02-07T16:58:37.409+0000][418.435s][info ][safepoint     ] Entering safepoint region: G1CollectForAllocation
[2022-02-07T16:58:37.409+0000][418.435s][info ][gc,start      ] GC(70) Pause Young (Normal) (G1 Evacuation Pause)
[2022-02-07T16:58:37.409+0000][418.435s][info ][gc,task       ] GC(70) Using 4 workers of 4 for evacuation
[2022-02-07T16:58:37.425+0000][418.451s][info ][gc,phases     ] GC(70)   Pre Evacuate Collection Set: 0.0ms
[2022-02-07T16:58:37.425+0000][418.451s][info ][gc,phases     ] GC(70)   Evacuate Collection Set: 11.4ms
[2022-02-07T16:58:37.425+0000][418.451s][info ][gc,phases     ] GC(70)   Post Evacuate Collection Set: 4.3ms
[2022-02-07T16:58:37.425+0000][418.451s][info ][gc,phases     ] GC(70)   Other: 0.2ms
[2022-02-07T16:58:37.425+0000][418.451s][info ][gc,heap       ] GC(70) Eden regions: 236->0(236)
[2022-02-07T16:58:37.425+0000][418.451s][info ][gc,heap       ] GC(70) Survivor regions: 1->1(30)
[2022-02-07T16:58:37.425+0000][418.451s][info ][gc,heap       ] GC(70) Old regions: 146->146
[2022-02-07T16:58:37.425+0000][418.451s][info ][gc,heap       ] GC(70) Humongous regions: 0->0
[2022-02-07T16:58:37.425+0000][418.451s][info ][gc,metaspace  ] GC(70) Metaspace: 161900K->161900K(1204224K)
[2022-02-07T16:58:37.425+0000][418.451s][info ][gc            ] GC(70) Pause Young (Normal) (G1 Evacuation Pause) 380M->144M(430M) 16.088ms
[2022-02-07T16:58:37.425+0000][418.451s][info ][gc,cpu        ] GC(70) User=0.02s Sys=0.00s Real=0.01s
[2022-02-07T16:58:37.425+0000][418.451s][info ][safepoint     ] Leaving safepoint region
[2022-02-07T16:58:37.425+0000][418.451s][info ][safepoint     ] Total time for which application threads were stopped: 0.0166638 seconds, Stopping threads took: 0.0000713 seconds
[2022-02-07T16:58:37.425+0000][418.451s][info ][gc,stringdedup] Concurrent String Deduplication (418.451s)
[2022-02-07T16:58:37.425+0000][418.451s][info ][gc,stringdedup] Concurrent String Deduplication 6288.0B->0.0B(6288.0B) avg 53.1% (418.451s, 418.451s) 0.048ms
[2022-02-07T16:58:38.426+0000][419.451s][debug][safepoint     ] Safepoint synchronization initiated. (301 threads)
[2022-02-07T16:58:38.426+0000][419.451s][info ][safepoint     ] Application time: 1.0002049 seconds
[2022-02-07T16:58:38.426+0000][419.452s][info ][safepoint     ] Entering safepoint region: Cleanup
[2022-02-07T16:58:38.426+0000][419.452s][info ][safepoint     ] Leaving safepoint region
[2022-02-07T16:58:38.426+0000][419.452s][info ][safepoint     ] Total time for which application threads were stopped: 0.0003260 seconds, Stopping threads took: 0.0000724 seconds
[2022-02-07T16:58:39.426+0000][420.452s][debug][safepoint     ] Safepoint synchronization initiated. (301 threads)
[2022-02-07T16:58:39.426+0000][420.452s][info ][safepoint     ] Application time: 1.0001179 seconds
[2022-02-07T16:58:39.426+0000][420.452s][info ][safepoint     ] Entering safepoint region: Cleanup
[2022-02-07T16:58:39.426+0000][420.452s][info ][safepoint     ] Leaving safepoint region
[2022-02-07T16:58:39.426+0000][420.452s][info ][safepoint     ] Total time for which application threads were stopped: 0.0003050 seconds, Stopping threads took: 0.0000689 seconds
[2022-02-07T16:58:40.426+0000][421.452s][debug][safepoint     ] Safepoint synchronization initiated. (301 threads)
[2022-02-07T16:58:40.426+0000][421.452s][info ][safepoint     ] Application time: 1.0001144 seconds
[2022-02-07T16:58:40.427+0000][421.452s][info ][safepoint     ] Entering safepoint region: Cleanup
[2022-02-07T16:58:40.427+0000][421.453s][info ][safepoint     ] Leaving safepoint region
[2022-02-07T16:58:40.427+0000][421.453s][info ][safepoint     ] Total time for which application threads were stopped: 0.0003103 seconds, Stopping threads took: 0.0000683 seconds
[2022-02-07T16:58:41.427+0000][422.453s][debug][safepoint     ] Safepoint synchronization initiated. (301 threads)
[2022-02-07T16:58:41.427+0000][422.453s][info ][safepoint     ] Application time: 1.0001388 seconds
[2022-02-07T16:58:41.427+0000][422.453s][info ][safepoint     ] Entering safepoint region: Cleanup
[2022-02-07T16:58:41.427+0000][422.453s][info ][safepoint     ] Leaving safepoint region
[2022-02-07T16:58:41.427+0000][422.453s][info ][safepoint     ] Total time for which application threads were stopped: 0.0003060 seconds, Stopping threads took: 0.0000701 seconds
[2022-02-07T16:58:42.427+0000][423.453s][debug][safepoint     ] Safepoint synchronization initiated. (301 threads)
[2022-02-07T16:58:42.427+0000][423.453s][info ][safepoint     ] Application time: 1.0001053 seconds
[2022-02-07T16:58:42.427+0000][423.453s][info ][safepoint     ] Entering safepoint region: Cleanup
[2022-02-07T16:58:42.428+0000][423.454s][info ][safepoint     ] Leaving safepoint region
[2022-02-07T16:58:42.428+0000][423.454s][info ][safepoint     ] Total time for which application threads were stopped: 0.0002982 seconds, Stopping threads took: 0.0000712 seconds
[2022-02-07T16:58:43.428+0000][424.454s][debug][safepoint     ] Safepoint synchronization initiated. (301 threads)
[2022-02-07T16:58:43.428+0000][424.454s][info ][safepoint     ] Application time: 1.0001169 seconds
[2022-02-07T16:58:43.428+0000][424.454s][info ][safepoint     ] Entering safepoint region: Cleanup
[2022-02-07T16:58:43.428+0000][424.454s][info ][safepoint     ] Leaving safepoint region
[2022-02-07T16:58:43.428+0000][424.454s][info ][safepoint     ] Total time for which application threads were stopped: 0.0004576 seconds, Stopping threads took: 0.0000688 seconds
[2022-02-07T16:58:44.428+0000][425.454s][debug][safepoint     ] Safepoint synchronization initiated. (301 threads)
[2022-02-07T16:58:44.428+0000][425.454s][info ][safepoint     ] Application time: 1.0001178 seconds
[2022-02-07T16:58:44.428+0000][425.454s][info ][safepoint     ] Entering safepoint region: Cleanup
[2022-02-07T16:58:44.429+0000][425.455s][info ][safepoint     ] Leaving safepoint region
[2022-02-07T16:58:44.429+0000][425.455s][info ][safepoint     ] Total time for which application threads were stopped: 0.0002938 seconds, Stopping threads took: 0.0000687 seconds
[2022-02-07T16:58:45.429+0000][426.455s][debug][safepoint     ] Safepoint synchronization initiated. (301 threads)
[2022-02-07T16:58:45.429+0000][426.455s][info ][safepoint     ] Application time: 1.0001080 seconds
[2022-02-07T16:58:45.429+0000][426.455s][info ][safepoint     ] Entering safepoint region: Cleanup
[2022-02-07T16:58:45.429+0000][426.455s][info ][safepoint     ] Leaving safepoint region
[2022-02-07T16:58:45.429+0000][426.455s][info ][safepoint     ] Total time for which application threads were stopped: 0.0002938 seconds, Stopping threads took: 0.0000695 seconds
[2022-02-07T16:58:46.429+0000][427.455s][debug][safepoint     ] Safepoint synchronization initiated. (301 threads)
[2022-02-07T16:58:46.429+0000][427.455s][info ][safepoint     ] Application time: 1.0001109 seconds
[2022-02-07T16:58:46.429+0000][427.455s][info ][safepoint     ] Entering safepoint region: Cleanup
[2022-02-07T16:58:46.430+0000][427.455s][info ][safepoint     ] Leaving safepoint region
[2022-02-07T16:58:46.430+0000][427.455s][info ][safepoint     ] Total time for which application threads were stopped: 0.0002902 seconds, Stopping threads took: 0.0000696 seconds
[2022-02-07T16:58:47.430+0000][428.456s][debug][safepoint     ] Safepoint synchronization initiated. (301 threads)
[2022-02-07T16:58:47.430+0000][428.456s][info ][safepoint     ] Application time: 1.0001565 seconds
[2022-02-07T16:58:47.430+0000][428.456s][info ][safepoint     ] Entering safepoint region: Cleanup
[2022-02-07T16:58:47.430+0000][428.456s][info ][safepoint     ] Leaving safepoint region
[2022-02-07T16:58:47.430+0000][428.456s][info ][safepoint     ] Total time for which application threads were stopped: 0.0003164 seconds, Stopping threads took: 0.0000747 seconds
[2022-02-07T16:58:48.430+0000][429.456s][debug][safepoint     ] Safepoint synchronization initiated. (301 threads)
[2022-02-07T16:58:48.430+0000][429.456s][info ][safepoint     ] Application time: 1.0001330 seconds
[2022-02-07T16:58:48.430+0000][429.456s][info ][safepoint     ] Entering safepoint region: Cleanup
[2022-02-07T16:58:48.430+0000][429.456s][info ][safepoint     ] Leaving safepoint region
[2022-02-07T16:58:48.430+0000][429.456s][info ][safepoint     ] Total time for which application threads were stopped: 0.0002915 seconds, Stopping threads took: 0.0000667 seconds
[2022-02-07T16:58:49.431+0000][430.456s][debug][safepoint     ] Safepoint synchronization initiated. (301 threads)
[2022-02-07T16:58:49.431+0000][430.456s][info ][safepoint     ] Application time: 1.0001140 seconds
[2022-02-07T16:58:49.431+0000][430.457s][debug][safepoint     ] Waiting for 1 thread(s) to block
[2022-02-07T16:58:49.431+0000][430.457s][info ][safepoint     ] Entering safepoint region: Cleanup
[2022-02-07T16:58:49.431+0000][430.457s][info ][safepoint     ] Leaving safepoint region
[2022-02-07T16:58:49.431+0000][430.457s][info ][safepoint     ] Total time for which application threads were stopped: 0.0003448 seconds, Stopping threads took: 0.0001025 seconds
[2022-02-07T16:58:50.431+0000][431.457s][debug][safepoint     ] Safepoint synchronization initiated. (301 threads)
[2022-02-07T16:58:50.431+0000][431.457s][info ][safepoint     ] Application time: 1.0001484 seconds
[2022-02-07T16:58:50.431+0000][431.457s][info ][safepoint     ] Entering safepoint region: Cleanup
[2022-02-07T16:58:50.431+0000][431.457s][info ][safepoint     ] Leaving safepoint region
[2022-02-07T16:58:50.431+0000][431.457s][info ][safepoint     ] Total time for which application threads were stopped: 0.0003285 seconds, Stopping threads took: 0.0000764 seconds
[2022-02-07T16:58:51.432+0000][432.457s][debug][safepoint     ] Safepoint synchronization initiated. (301 threads)
[2022-02-07T16:58:51.432+0000][432.457s][info ][safepoint     ] Application time: 1.0001126 seconds
[2022-02-07T16:58:51.432+0000][432.457s][info ][safepoint     ] Entering safepoint region: Cleanup
[2022-02-07T16:58:51.432+0000][432.458s][info ][safepoint     ] Leaving safepoint region
[2022-02-07T16:58:51.432+0000][432.458s][info ][safepoint     ] Total time for which application threads were stopped: 0.0002880 seconds, Stopping threads took: 0.0000686 seconds
[2022-02-07T16:58:52.432+0000][433.458s][debug][safepoint     ] Safepoint synchronization initiated. (301 threads)
[2022-02-07T16:58:52.432+0000][433.458s][info ][safepoint     ] Application time: 1.0001146 seconds
[2022-02-07T16:58:52.432+0000][433.458s][info ][safepoint     ] Entering safepoint region: Cleanup
[2022-02-07T16:58:52.432+0000][433.458s][info ][safepoint     ] Leaving safepoint region
[2022-02-07T16:58:52.432+0000][433.458s][info ][safepoint     ] Total time for which application threads were stopped: 0.0003295 seconds, Stopping threads took: 0.0000779 seconds
[2022-02-07T16:58:53.432+0000][434.458s][debug][safepoint     ] Safepoint synchronization initiated. (301 threads)
[2022-02-07T16:58:53.432+0000][434.458s][info ][safepoint     ] Application time: 1.0000745 seconds
[2022-02-07T16:58:53.432+0000][434.458s][info ][safepoint     ] Entering safepoint region: Cleanup
[2022-02-07T16:58:53.433+0000][434.459s][info ][safepoint     ] Leaving safepoint region
[2022-02-07T16:58:53.433+0000][434.459s][info ][safepoint     ] Total time for which application threads were stopped: 0.0002960 seconds, Stopping threads took: 0.0000680 seconds
[2022-02-07T16:58:54.182+0000][435.208s][debug][safepoint     ] Safepoint synchronization initiated. (301 threads)
[2022-02-07T16:58:54.182+0000][435.208s][info ][safepoint     ] Application time: 0.7491643 seconds
[2022-02-07T16:58:54.182+0000][435.208s][info ][safepoint     ] Entering safepoint region: G1CollectForAllocation
[2022-02-07T16:58:54.182+0000][435.208s][info ][gc,start      ] GC(71) Pause Young (Normal) (G1 Evacuation Pause)
[2022-02-07T16:58:54.182+0000][435.208s][info ][gc,task       ] GC(71) Using 4 workers of 4 for evacuation
[2022-02-07T16:58:54.212+0000][435.238s][info ][gc,phases     ] GC(71)   Pre Evacuate Collection Set: 0.0ms
[2022-02-07T16:58:54.213+0000][435.238s][info ][gc,phases     ] GC(71)   Evacuate Collection Set: 16.4ms
[2022-02-07T16:58:54.213+0000][435.238s][info ][gc,phases     ] GC(71)   Post Evacuate Collection Set: 13.5ms
[2022-02-07T16:58:54.213+0000][435.238s][info ][gc,phases     ] GC(71)   Other: 0.2ms
[2022-02-07T16:58:54.213+0000][435.238s][info ][gc,heap       ] GC(71) Eden regions: 236->0(236)
[2022-02-07T16:58:54.213+0000][435.238s][info ][gc,heap       ] GC(71) Survivor regions: 1->1(30)
[2022-02-07T16:58:54.213+0000][435.238s][info ][gc,heap       ] GC(71) Old regions: 146->146
[2022-02-07T16:58:54.213+0000][435.238s][info ][gc,heap       ] GC(71) Humongous regions: 0->0
[2022-02-07T16:58:54.213+0000][435.238s][info ][gc,metaspace  ] GC(71) Metaspace: 161955K->161955K(1204224K)
[2022-02-07T16:58:54.213+0000][435.238s][info ][gc            ] GC(71) Pause Young (Normal) (G1 Evacuation Pause) 380M->144M(430M) 30.277ms
[2022-02-07T16:58:54.213+0000][435.239s][info ][gc,cpu        ] GC(71) User=0.02s Sys=0.00s Real=0.03s
[2022-02-07T16:58:54.213+0000][435.239s][info ][safepoint     ] Leaving safepoint region
[2022-02-07T16:58:54.213+0000][435.239s][info ][safepoint     ] Total time for which application threads were stopped: 0.0308323 seconds, Stopping threads took: 0.0000676 seconds
[2022-02-07T16:58:54.213+0000][435.239s][info ][gc,stringdedup] Concurrent String Deduplication (435.239s)
[2022-02-07T16:58:54.214+0000][435.239s][info ][gc,stringdedup] Concurrent String Deduplication 760.0B->0.0B(760.0B) avg 53.1% (435.239s, 435.239s) 0.039ms
[2022-02-07T16:58:55.213+0000][436.239s][debug][safepoint     ] Safepoint synchronization initiated. (301 threads)
[2022-02-07T16:58:55.213+0000][436.239s][info ][safepoint     ] Application time: 1.0001579 seconds
[2022-02-07T16:58:55.213+0000][436.239s][info ][safepoint     ] Entering safepoint region: Cleanup
[2022-02-07T16:58:55.213+0000][436.239s][info ][safepoint     ] Leaving safepoint region
[2022-02-07T16:58:55.213+0000][436.239s][info ][safepoint     ] Total time for which application threads were stopped: 0.0003139 seconds, Stopping threads took: 0.0000716 seconds
[2022-02-07T16:58:56.213+0000][437.239s][debug][safepoint     ] Safepoint synchronization initiated. (301 threads)
[2022-02-07T16:58:56.213+0000][437.239s][info ][safepoint     ] Application time: 1.0001210 seconds
[2022-02-07T16:58:56.213+0000][437.239s][info ][safepoint     ] Entering safepoint region: Cleanup
[2022-02-07T16:58:56.214+0000][437.239s][info ][safepoint     ] Leaving safepoint region
[2022-02-07T16:58:56.214+0000][437.239s][info ][safepoint     ] Total time for which application threads were stopped: 0.0002684 seconds, Stopping threads took: 0.0000626 seconds
[2022-02-07T16:58:57.214+0000][438.240s][debug][safepoint     ] Safepoint synchronization initiated. (301 threads)
[2022-02-07T16:58:57.214+0000][438.240s][info ][safepoint     ] Application time: 1.0001112 seconds
[2022-02-07T16:58:57.214+0000][438.240s][info ][safepoint     ] Entering safepoint region: Cleanup
[2022-02-07T16:58:57.214+0000][438.240s][info ][safepoint     ] Leaving safepoint region
[2022-02-07T16:58:57.214+0000][438.240s][info ][safepoint     ] Total time for which application threads were stopped: 0.0002584 seconds, Stopping threads took: 0.0000608 seconds
[2022-02-07T16:58:58.214+0000][439.240s][debug][safepoint     ] Safepoint synchronization initiated. (301 threads)
[2022-02-07T16:58:58.214+0000][439.240s][info ][safepoint     ] Application time: 1.0001107 seconds
[2022-02-07T16:58:58.214+0000][439.240s][info ][safepoint     ] Entering safepoint region: Cleanup
[2022-02-07T16:58:58.214+0000][439.240s][info ][safepoint     ] Leaving safepoint region
[2022-02-07T16:58:58.214+0000][439.240s][info ][safepoint     ] Total time for which application threads were stopped: 0.0002398 seconds, Stopping threads took: 0.0000620 seconds
[2022-02-07T16:58:59.214+0000][440.240s][debug][safepoint     ] Safepoint synchronization initiated. (301 threads)
[2022-02-07T16:58:59.215+0000][440.240s][info ][safepoint     ] Application time: 1.0001298 seconds
[2022-02-07T16:58:59.215+0000][440.240s][info ][safepoint     ] Entering safepoint region: Cleanup
[2022-02-07T16:58:59.215+0000][440.241s][info ][safepoint     ] Leaving safepoint region
[2022-02-07T16:58:59.215+0000][440.241s][info ][safepoint     ] Total time for which application threads were stopped: 0.0003152 seconds, Stopping threads took: 0.0000693 seconds
[2022-02-07T16:59:00.215+0000][441.241s][debug][safepoint     ] Safepoint synchronization initiated. (301 threads)
[2022-02-07T16:59:00.215+0000][441.241s][info ][safepoint     ] Application time: 1.0001353 seconds
[2022-02-07T16:59:00.215+0000][441.241s][info ][safepoint     ] Entering safepoint region: Cleanup
[2022-02-07T16:59:00.215+0000][441.241s][info ][safepoint     ] Leaving safepoint region
[2022-02-07T16:59:00.215+0000][441.241s][info ][safepoint     ] Total time for which application threads were stopped: 0.0003273 seconds, Stopping threads took: 0.0000754 seconds
[2022-02-07T16:59:01.215+0000][442.241s][debug][safepoint     ] Safepoint synchronization initiated. (301 threads)
[2022-02-07T16:59:01.215+0000][442.241s][info ][safepoint     ] Application time: 1.0001102 seconds
[2022-02-07T16:59:01.216+0000][442.241s][info ][safepoint     ] Entering safepoint region: Cleanup
[2022-02-07T16:59:01.216+0000][442.242s][info ][safepoint     ] Leaving safepoint region
[2022-02-07T16:59:01.216+0000][442.242s][info ][safepoint     ] Total time for which application threads were stopped: 0.0002501 seconds, Stopping threads took: 0.0000614 seconds
[2022-02-07T16:59:02.216+0000][443.242s][debug][safepoint     ] Safepoint synchronization initiated. (301 threads)
[2022-02-07T16:59:02.216+0000][443.242s][info ][safepoint     ] Application time: 1.0001308 seconds
[2022-02-07T16:59:02.216+0000][443.242s][info ][safepoint     ] Entering safepoint region: Cleanup
[2022-02-07T16:59:02.216+0000][443.242s][info ][safepoint     ] Leaving safepoint region
[2022-02-07T16:59:02.216+0000][443.242s][info ][safepoint     ] Total time for which application threads were stopped: 0.0004442 seconds, Stopping threads took: 0.0000685 seconds
[2022-02-07T16:59:03.216+0000][444.242s][debug][safepoint     ] Safepoint synchronization initiated. (301 threads)
[2022-02-07T16:59:03.216+0000][444.242s][info ][safepoint     ] Application time: 1.0000951 seconds
[2022-02-07T16:59:03.216+0000][444.242s][info ][safepoint     ] Entering safepoint region: Cleanup
[2022-02-07T16:59:03.217+0000][444.243s][info ][safepoint     ] Leaving safepoint region
[2022-02-07T16:59:03.217+0000][444.243s][info ][safepoint     ] Total time for which application threads were stopped: 0.0003053 seconds, Stopping threads took: 0.0000667 seconds
[2022-02-07T16:59:04.217+0000][445.243s][debug][safepoint     ] Safepoint synchronization initiated. (301 threads)
[2022-02-07T16:59:04.217+0000][445.243s][info ][safepoint     ] Application time: 1.0001173 seconds
[2022-02-07T16:59:04.217+0000][445.243s][info ][safepoint     ] Entering safepoint region: Cleanup
[2022-02-07T16:59:04.217+0000][445.243s][info ][safepoint     ] Leaving safepoint region
[2022-02-07T16:59:04.217+0000][445.243s][info ][safepoint     ] Total time for which application threads were stopped: 0.0003049 seconds, Stopping threads took: 0.0000704 seconds
[2022-02-07T16:59:05.217+0000][446.243s][debug][safepoint     ] Safepoint synchronization initiated. (301 threads)
[2022-02-07T16:59:05.217+0000][446.243s][info ][safepoint     ] Application time: 1.0001356 seconds
[2022-02-07T16:59:05.217+0000][446.243s][info ][safepoint     ] Entering safepoint region: Cleanup
[2022-02-07T16:59:05.218+0000][446.244s][info ][safepoint     ] Leaving safepoint region
[2022-02-07T16:59:05.218+0000][446.244s][info ][safepoint     ] Total time for which application threads were stopped: 0.0003383 seconds, Stopping threads took: 0.0000798 seconds
[2022-02-07T16:59:06.218+0000][447.244s][debug][safepoint     ] Safepoint synchronization initiated. (301 threads)
[2022-02-07T16:59:06.218+0000][447.244s][info ][safepoint     ] Application time: 1.0001476 seconds
[2022-02-07T16:59:06.218+0000][447.244s][info ][safepoint     ] Entering safepoint region: Cleanup
[2022-02-07T16:59:06.218+0000][447.244s][info ][safepoint     ] Leaving safepoint region
[2022-02-07T16:59:06.218+0000][447.244s][info ][safepoint     ] Total time for which application threads were stopped: 0.0005292 seconds, Stopping threads took: 0.0000804 seconds
[2022-02-07T16:59:07.218+0000][448.244s][debug][safepoint     ] Safepoint synchronization initiated. (301 threads)
[2022-02-07T16:59:07.218+0000][448.244s][info ][safepoint     ] Application time: 1.0001182 seconds
[2022-02-07T16:59:07.219+0000][448.244s][info ][safepoint     ] Entering safepoint region: Cleanup
[2022-02-07T16:59:07.219+0000][448.245s][info ][safepoint     ] Leaving safepoint region
[2022-02-07T16:59:07.219+0000][448.245s][info ][safepoint     ] Total time for which application threads were stopped: 0.0004564 seconds, Stopping threads took: 0.0000758 seconds
[2022-02-07T16:59:08.219+0000][449.245s][debug][safepoint     ] Safepoint synchronization initiated. (301 threads)
[2022-02-07T16:59:08.219+0000][449.245s][info ][safepoint     ] Application time: 1.0001143 seconds
[2022-02-07T16:59:08.219+0000][449.245s][info ][safepoint     ] Entering safepoint region: Cleanup
[2022-02-07T16:59:08.220+0000][449.245s][info ][safepoint     ] Leaving safepoint region
[2022-02-07T16:59:08.220+0000][449.245s][info ][safepoint     ] Total time for which application threads were stopped: 0.0004704 seconds, Stopping threads took: 0.0000738 seconds
[2022-02-07T16:59:09.220+0000][450.246s][debug][safepoint     ] Safepoint synchronization initiated. (301 threads)
[2022-02-07T16:59:09.220+0000][450.246s][info ][safepoint     ] Application time: 1.0001242 seconds
[2022-02-07T16:59:09.220+0000][450.246s][info ][safepoint     ] Entering safepoint region: Cleanup
[2022-02-07T16:59:09.220+0000][450.246s][info ][safepoint     ] Leaving safepoint region
[2022-02-07T16:59:09.220+0000][450.246s][info ][safepoint     ] Total time for which application threads were stopped: 0.0004002 seconds, Stopping threads took: 0.0000834 seconds
[2022-02-07T16:59:10.220+0000][451.246s][debug][safepoint     ] Safepoint synchronization initiated. (301 threads)
[2022-02-07T16:59:10.220+0000][451.246s][info ][safepoint     ] Application time: 1.0001053 seconds
[2022-02-07T16:59:10.220+0000][451.246s][info ][safepoint     ] Entering safepoint region: Cleanup
[2022-02-07T16:59:10.221+0000][451.246s][info ][safepoint     ] Leaving safepoint region
[2022-02-07T16:59:10.221+0000][451.246s][info ][safepoint     ] Total time for which application threads were stopped: 0.0003929 seconds, Stopping threads took: 0.0000748 seconds
[2022-02-07T16:59:11.221+0000][452.247s][debug][safepoint     ] Safepoint synchronization initiated. (301 threads)
[2022-02-07T16:59:11.221+0000][452.247s][info ][safepoint     ] Application time: 1.0001369 seconds
[2022-02-07T16:59:11.221+0000][452.247s][info ][safepoint     ] Entering safepoint region: Cleanup
[2022-02-07T16:59:11.221+0000][452.247s][info ][safepoint     ] Leaving safepoint region
[2022-02-07T16:59:11.221+0000][452.247s][info ][safepoint     ] Total time for which application threads were stopped: 0.0005336 seconds, Stopping threads took: 0.0000770 seconds
[2022-02-07T16:59:12.221+0000][453.247s][debug][safepoint     ] Safepoint synchronization initiated. (301 threads)
[2022-02-07T16:59:12.221+0000][453.247s][info ][safepoint     ] Application time: 1.0001264 seconds
[2022-02-07T16:59:12.222+0000][453.247s][info ][safepoint     ] Entering safepoint region: Cleanup
[2022-02-07T16:59:12.222+0000][453.248s][info ][safepoint     ] Leaving safepoint region
[2022-02-07T16:59:12.222+0000][453.248s][info ][safepoint     ] Total time for which application threads were stopped: 0.0003099 seconds, Stopping threads took: 0.0000696 seconds
[2022-02-07T16:59:13.222+0000][454.248s][debug][safepoint     ] Safepoint synchronization initiated. (301 threads)
[2022-02-07T16:59:13.222+0000][454.248s][info ][safepoint     ] Application time: 1.0001409 seconds
[2022-02-07T16:59:13.222+0000][454.248s][debug][safepoint     ] ... found polling page return exception at pc = 0x00007f11b525e121, stub =0x00007f11ac8beb80
[2022-02-07T16:59:13.222+0000][454.248s][debug][safepoint     ] Waiting for 1 thread(s) to block
[2022-02-07T16:59:13.222+0000][454.248s][info ][safepoint     ] Entering safepoint region: Cleanup
[2022-02-07T16:59:13.222+0000][454.248s][info ][safepoint     ] Leaving safepoint region
[2022-02-07T16:59:13.222+0000][454.248s][info ][safepoint     ] Total time for which application threads were stopped: 0.0004326 seconds, Stopping threads took: 0.0002083 seconds
[2022-02-07T16:59:14.222+0000][455.248s][debug][safepoint     ] Safepoint synchronization initiated. (301 threads)
[2022-02-07T16:59:14.223+0000][455.248s][info ][safepoint     ] Application time: 1.0001418 seconds
[2022-02-07T16:59:14.223+0000][455.248s][info ][safepoint     ] Entering safepoint region: Cleanup
[2022-02-07T16:59:14.223+0000][455.249s][info ][safepoint     ] Leaving safepoint region
[2022-02-07T16:59:14.223+0000][455.249s][info ][safepoint     ] Total time for which application threads were stopped: 0.0004384 seconds, Stopping threads took: 0.0000691 seconds
[2022-02-07T16:59:15.223+0000][456.249s][debug][safepoint     ] Safepoint synchronization initiated. (301 threads)
[2022-02-07T16:59:15.223+0000][456.249s][info ][safepoint     ] Application time: 1.0001051 seconds
[2022-02-07T16:59:15.223+0000][456.249s][info ][safepoint     ] Entering safepoint region: Cleanup
[2022-02-07T16:59:15.224+0000][456.249s][info ][safepoint     ] Leaving safepoint region
[2022-02-07T16:59:15.224+0000][456.249s][info ][safepoint     ] Total time for which application threads were stopped: 0.0005020 seconds, Stopping threads took: 0.0000694 seconds
[2022-02-07T16:59:16.224+0000][457.250s][debug][safepoint     ] Safepoint synchronization initiated. (301 threads)
[2022-02-07T16:59:16.224+0000][457.250s][info ][safepoint     ] Application time: 1.0001450 seconds
[2022-02-07T16:59:16.224+0000][457.250s][info ][safepoint     ] Entering safepoint region: Cleanup
[2022-02-07T16:59:16.224+0000][457.250s][info ][safepoint     ] Leaving safepoint region
[2022-02-07T16:59:16.224+0000][457.250s][info ][safepoint     ] Total time for which application threads were stopped: 0.0004815 seconds, Stopping threads took: 0.0000716 seconds
[2022-02-07T16:59:16.299+0000][457.325s][debug][safepoint     ] Safepoint synchronization initiated. (301 threads)
[2022-02-07T16:59:16.299+0000][457.325s][info ][safepoint     ] Application time: 0.0744617 seconds
[2022-02-07T16:59:16.299+0000][457.325s][info ][safepoint     ] Entering safepoint region: G1CollectForAllocation
[2022-02-07T16:59:16.299+0000][457.325s][info ][gc,start      ] GC(72) Pause Young (Normal) (G1 Evacuation Pause)
[2022-02-07T16:59:16.299+0000][457.325s][info ][gc,task       ] GC(72) Using 4 workers of 4 for evacuation
[2022-02-07T16:59:16.329+0000][457.355s][info ][gc,phases     ] GC(72)   Pre Evacuate Collection Set: 0.0ms
[2022-02-07T16:59:16.329+0000][457.355s][info ][gc,phases     ] GC(72)   Evacuate Collection Set: 22.6ms
[2022-02-07T16:59:16.329+0000][457.355s][info ][gc,phases     ] GC(72)   Post Evacuate Collection Set: 6.5ms
[2022-02-07T16:59:16.329+0000][457.355s][info ][gc,phases     ] GC(72)   Other: 0.4ms
[2022-02-07T16:59:16.329+0000][457.355s][info ][gc,heap       ] GC(72) Eden regions: 236->0(236)
[2022-02-07T16:59:16.329+0000][457.355s][info ][gc,heap       ] GC(72) Survivor regions: 1->1(30)
[2022-02-07T16:59:16.329+0000][457.355s][info ][gc,heap       ] GC(72) Old regions: 146->146
[2022-02-07T16:59:16.329+0000][457.355s][info ][gc,heap       ] GC(72) Humongous regions: 0->0
[2022-02-07T16:59:16.329+0000][457.355s][info ][gc,metaspace  ] GC(72) Metaspace: 162009K->162009K(1204224K)
[2022-02-07T16:59:16.329+0000][457.355s][info ][gc            ] GC(72) Pause Young (Normal) (G1 Evacuation Pause) 380M->144M(430M) 29.739ms
[2022-02-07T16:59:16.329+0000][457.355s][info ][gc,cpu        ] GC(72) User=0.03s Sys=0.00s Real=0.03s
[2022-02-07T16:59:16.329+0000][457.355s][debug][safepoint     ] ... found polling page return exception at pc = 0x00007f11af35f43c, stub =0x00007f11ac8beb80
[2022-02-07T16:59:16.329+0000][457.355s][debug][safepoint     ] ... found polling page return exception at pc = 0x00007f11af35f43c, stub =0x00007f11ac8beb80
[2022-02-07T16:59:16.329+0000][457.355s][debug][safepoint     ] ... found polling page return exception at pc = 0x00007f11af35f43c, stub =0x00007f11ac8beb80
[2022-02-07T16:59:16.329+0000][457.355s][debug][safepoint     ] ... found polling page return exception at pc = 0x00007f11af35f43c, stub =0x00007f11ac8beb80
[2022-02-07T16:59:16.329+0000][457.355s][debug][safepoint     ] ... found polling page return exception at pc = 0x00007f11af35f43c, stub =0x00007f11ac8beb80
[2022-02-07T16:59:16.329+0000][457.355s][debug][safepoint     ] ... found polling page return exception at pc = 0x00007f11af35f43c, stub =0x00007f11ac8beb80
[2022-02-07T16:59:16.329+0000][457.355s][debug][safepoint     ] ... found polling page return exception at pc = 0x00007f11af35f43c, stub =0x00007f11ac8beb80
[2022-02-07T16:59:16.329+0000][457.355s][debug][safepoint     ] ... found polling page return exception at pc = 0x00007f11af35f43c, stub =0x00007f11ac8beb80
[2022-02-07T16:59:16.329+0000][457.355s][debug][safepoint     ] ... found polling page return exception at pc = 0x00007f11af35f43c, stub =0x00007f11ac8beb80
[2022-02-07T16:59:16.329+0000][457.355s][debug][safepoint     ] ... found polling page return exception at pc = 0x00007f11af35f43c, stub =0x00007f11ac8beb80
[2022-02-07T16:59:16.329+0000][457.355s][debug][safepoint     ] ... found polling page return exception at pc = 0x00007f11af35f43c, stub =0x00007f11ac8beb80
[2022-02-07T16:59:16.329+0000][457.355s][debug][safepoint     ] ... found polling page return exception at pc = 0x00007f11af35f43c, stub =0x00007f11ac8beb80
[2022-02-07T16:59:16.329+0000][457.355s][debug][safepoint     ] ... found polling page return exception at pc = 0x00007f11af35f43c, stub =0x00007f11ac8beb80
[2022-02-07T16:59:16.329+0000][457.355s][debug][safepoint     ] ... found polling page return exception at pc = 0x00007f11af35f43c, stub =0x00007f11ac8beb80
[2022-02-07T16:59:16.329+0000][457.355s][debug][safepoint     ] ... found polling page return exception at pc = 0x00007f11af35f43c, stub =0x00007f11ac8beb80
[2022-02-07T16:59:16.329+0000][457.355s][debug][safepoint     ] ... found polling page return exception at pc = 0x00007f11af35f43c, stub =0x00007f11ac8beb80
[2022-02-07T16:59:16.329+0000][457.355s][debug][safepoint     ] ... found polling page return exception at pc = 0x00007f11b47542eb, stub =0x00007f11ac8beb80
[2022-02-07T16:59:16.330+0000][457.355s][debug][safepoint     ] ... found polling page return exception at pc = 0x00007f11b4369e94, stub =0x00007f11ac8beb80
[2022-02-07T16:59:16.330+0000][457.355s][debug][safepoint     ] ... found polling page return exception at pc = 0x00007f11b4a3ba20, stub =0x00007f11ac8beb80
[2022-02-07T16:59:16.330+0000][457.356s][debug][safepoint     ] ... found polling page return exception at pc = 0x00007f11b4a3ba20, stub =0x00007f11ac8beb80
[2022-02-07T16:59:16.330+0000][457.356s][debug][safepoint     ] ... found polling page return exception at pc = 0x00007f11b45aa6f4, stub =0x00007f11ac8beb80
[2022-02-07T16:59:16.330+0000][457.356s][debug][safepoint     ] ... found polling page return exception at pc = 0x00007f11b48bddb2, stub =0x00007f11ac8beb80
[2022-02-07T16:59:16.330+0000][457.356s][info ][safepoint     ] Leaving safepoint region
[2022-02-07T16:59:16.330+0000][457.356s][info ][safepoint     ] Total time for which application threads were stopped: 0.0311241 seconds, Stopping threads took: 0.0000732 seconds
[2022-02-07T16:59:16.330+0000][457.356s][info ][gc,stringdedup] Concurrent String Deduplication (457.356s)
[2022-02-07T16:59:16.330+0000][457.356s][info ][gc,stringdedup] Concurrent String Deduplication 584.0B->0.0B(584.0B) avg 53.1% (457.356s, 457.356s) 0.034ms
[2022-02-07T16:59:17.331+0000][458.356s][debug][safepoint     ] Safepoint synchronization initiated. (301 threads)
[2022-02-07T16:59:17.331+0000][458.356s][info ][safepoint     ] Application time: 1.0007504 seconds
[2022-02-07T16:59:17.331+0000][458.357s][info ][safepoint     ] Entering safepoint region: Cleanup
[2022-02-07T16:59:17.331+0000][458.357s][info ][safepoint     ] Leaving safepoint region
[2022-02-07T16:59:17.331+0000][458.357s][info ][safepoint     ] Total time for which application threads were stopped: 0.0003132 seconds, Stopping threads took: 0.0000721 seconds
[2022-02-07T16:59:18.331+0000][459.357s][debug][safepoint     ] Safepoint synchronization initiated. (301 threads)
[2022-02-07T16:59:18.331+0000][459.357s][info ][safepoint     ] Application time: 1.0001130 seconds
[2022-02-07T16:59:18.331+0000][459.357s][info ][safepoint     ] Entering safepoint region: Cleanup
[2022-02-07T16:59:18.331+0000][459.357s][info ][safepoint     ] Leaving safepoint region
[2022-02-07T16:59:18.331+0000][459.357s][info ][safepoint     ] Total time for which application threads were stopped: 0.0003096 seconds, Stopping threads took: 0.0000703 seconds
[2022-02-07T16:59:19.331+0000][460.357s][debug][safepoint     ] Safepoint synchronization initiated. (301 threads)
[2022-02-07T16:59:19.332+0000][460.357s][info ][safepoint     ] Application time: 1.0001191 seconds
[2022-02-07T16:59:19.332+0000][460.357s][info ][safepoint     ] Entering safepoint region: Cleanup
[2022-02-07T16:59:19.332+0000][460.358s][info ][safepoint     ] Leaving safepoint region
[2022-02-07T16:59:19.332+0000][460.358s][info ][safepoint     ] Total time for which application threads were stopped: 0.0003471 seconds, Stopping threads took: 0.0000799 seconds
[2022-02-07T16:59:20.332+0000][461.358s][debug][safepoint     ] Safepoint synchronization initiated. (301 threads)
[2022-02-07T16:59:20.332+0000][461.358s][info ][safepoint     ] Application time: 1.0001349 seconds
[2022-02-07T16:59:20.332+0000][461.358s][info ][safepoint     ] Entering safepoint region: Cleanup
[2022-02-07T16:59:20.332+0000][461.358s][info ][safepoint     ] Leaving safepoint region
[2022-02-07T16:59:20.332+0000][461.358s][info ][safepoint     ] Total time for which application threads were stopped: 0.0003076 seconds, Stopping threads took: 0.0000668 seconds
[2022-02-07T16:59:21.332+0000][462.358s][debug][safepoint     ] Safepoint synchronization initiated. (301 threads)
[2022-02-07T16:59:21.332+0000][462.358s][info ][safepoint     ] Application time: 1.0001273 seconds
[2022-02-07T16:59:21.333+0000][462.358s][info ][safepoint     ] Entering safepoint region: Cleanup
[2022-02-07T16:59:21.333+0000][462.359s][info ][safepoint     ] Leaving safepoint region
[2022-02-07T16:59:21.333+0000][462.359s][info ][safepoint     ] Total time for which application threads were stopped: 0.0003439 seconds, Stopping threads took: 0.0000916 seconds
[2022-02-07T16:59:22.333+0000][463.359s][debug][safepoint     ] Safepoint synchronization initiated. (301 threads)
[2022-02-07T16:59:22.333+0000][463.359s][info ][safepoint     ] Application time: 1.0001329 seconds
[2022-02-07T16:59:22.333+0000][463.359s][info ][safepoint     ] Entering safepoint region: Cleanup
[2022-02-07T16:59:22.333+0000][463.359s][info ][safepoint     ] Leaving safepoint region
[2022-02-07T16:59:22.333+0000][463.359s][info ][safepoint     ] Total time for which application threads were stopped: 0.0005050 seconds, Stopping threads took: 0.0000759 seconds
[2022-02-07T16:59:23.334+0000][464.359s][debug][safepoint     ] Safepoint synchronization initiated. (301 threads)
[2022-02-07T16:59:23.334+0000][464.359s][info ][safepoint     ] Application time: 1.0001283 seconds
[2022-02-07T16:59:23.334+0000][464.360s][info ][safepoint     ] Entering safepoint region: Cleanup
[2022-02-07T16:59:23.334+0000][464.360s][info ][safepoint     ] Leaving safepoint region
[2022-02-07T16:59:23.334+0000][464.360s][info ][safepoint     ] Total time for which application threads were stopped: 0.0005223 seconds, Stopping threads took: 0.0000895 seconds
[2022-02-07T16:59:24.334+0000][465.360s][debug][safepoint     ] Safepoint synchronization initiated. (301 threads)
[2022-02-07T16:59:24.334+0000][465.360s][info ][safepoint     ] Application time: 1.0001128 seconds
[2022-02-07T16:59:24.334+0000][465.360s][info ][safepoint     ] Entering safepoint region: Cleanup
[2022-02-07T16:59:24.335+0000][465.360s][info ][safepoint     ] Leaving safepoint region
[2022-02-07T16:59:24.335+0000][465.360s][info ][safepoint     ] Total time for which application threads were stopped: 0.0003220 seconds, Stopping threads took: 0.0000732 seconds
[2022-02-07T16:59:25.335+0000][466.361s][debug][safepoint     ] Safepoint synchronization initiated. (301 threads)
[2022-02-07T16:59:25.335+0000][466.361s][info ][safepoint     ] Application time: 1.0001083 seconds
[2022-02-07T16:59:25.335+0000][466.361s][info ][safepoint     ] Entering safepoint region: Cleanup
[2022-02-07T16:59:25.335+0000][466.361s][info ][safepoint     ] Leaving safepoint region
[2022-02-07T16:59:25.335+0000][466.361s][info ][safepoint     ] Total time for which application threads were stopped: 0.0003128 seconds, Stopping threads took: 0.0000667 seconds
[2022-02-07T16:59:26.335+0000][467.361s][debug][safepoint     ] Safepoint synchronization initiated. (301 threads)
[2022-02-07T16:59:26.335+0000][467.361s][info ][safepoint     ] Application time: 1.0001158 seconds
[2022-02-07T16:59:26.335+0000][467.361s][info ][safepoint     ] Entering safepoint region: Cleanup
[2022-02-07T16:59:26.336+0000][467.361s][info ][safepoint     ] Leaving safepoint region
[2022-02-07T16:59:26.336+0000][467.362s][info ][safepoint     ] Total time for which application threads were stopped: 0.0004700 seconds, Stopping threads took: 0.0000802 seconds
[2022-02-07T16:59:27.336+0000][468.362s][debug][safepoint     ] Safepoint synchronization initiated. (301 threads)
[2022-02-07T16:59:27.336+0000][468.362s][info ][safepoint     ] Application time: 1.0001242 seconds
[2022-02-07T16:59:27.336+0000][468.362s][info ][safepoint     ] Entering safepoint region: Cleanup
[2022-02-07T16:59:27.336+0000][468.362s][info ][safepoint     ] Leaving safepoint region
[2022-02-07T16:59:27.336+0000][468.362s][info ][safepoint     ] Total time for which application threads were stopped: 0.0003259 seconds, Stopping threads took: 0.0000786 seconds
[2022-02-07T16:59:28.336+0000][469.362s][debug][safepoint     ] Safepoint synchronization initiated. (301 threads)
[2022-02-07T16:59:28.336+0000][469.362s][info ][safepoint     ] Application time: 1.0001377 seconds
[2022-02-07T16:59:28.336+0000][469.362s][info ][safepoint     ] Entering safepoint region: Cleanup
[2022-02-07T16:59:28.337+0000][469.363s][info ][safepoint     ] Leaving safepoint region
[2022-02-07T16:59:28.337+0000][469.363s][info ][safepoint     ] Total time for which application threads were stopped: 0.0004464 seconds, Stopping threads took: 0.0000695 seconds
[2022-02-07T16:59:29.337+0000][470.363s][debug][safepoint     ] Safepoint synchronization initiated. (301 threads)
[2022-02-07T16:59:29.337+0000][470.363s][info ][safepoint     ] Application time: 1.0001241 seconds
[2022-02-07T16:59:29.337+0000][470.363s][info ][safepoint     ] Entering safepoint region: Cleanup
[2022-02-07T16:59:29.337+0000][470.363s][info ][safepoint     ] Leaving safepoint region
[2022-02-07T16:59:29.337+0000][470.363s][info ][safepoint     ] Total time for which application threads were stopped: 0.0003318 seconds, Stopping threads took: 0.0000665 seconds
[2022-02-07T16:59:30.337+0000][471.363s][debug][safepoint     ] Safepoint synchronization initiated. (301 threads)
[2022-02-07T16:59:30.337+0000][471.363s][info ][safepoint     ] Application time: 1.0001054 seconds
[2022-02-07T16:59:30.337+0000][471.363s][info ][safepoint     ] Entering safepoint region: Cleanup
[2022-02-07T16:59:30.338+0000][471.363s][info ][safepoint     ] Leaving safepoint region
[2022-02-07T16:59:30.338+0000][471.363s][info ][safepoint     ] Total time for which application threads were stopped: 0.0003195 seconds, Stopping threads took: 0.0000665 seconds
[2022-02-07T16:59:31.338+0000][472.364s][debug][safepoint     ] Safepoint synchronization initiated. (301 threads)
[2022-02-07T16:59:31.338+0000][472.364s][info ][safepoint     ] Application time: 1.0001135 seconds
[2022-02-07T16:59:31.338+0000][472.364s][debug][safepoint     ] ... found polling page return exception at pc = 0x00007f11b48a7419, stub =0x00007f11ac8beb80
[2022-02-07T16:59:31.338+0000][472.364s][debug][safepoint     ] Waiting for 1 thread(s) to block
[2022-02-07T16:59:31.338+0000][472.364s][info ][safepoint     ] Entering safepoint region: Cleanup
[2022-02-07T16:59:31.338+0000][472.364s][info ][safepoint     ] Leaving safepoint region
[2022-02-07T16:59:31.338+0000][472.364s][info ][safepoint     ] Total time for which application threads were stopped: 0.0003225 seconds, Stopping threads took: 0.0000981 seconds
[2022-02-07T16:59:31.974+0000][473.000s][debug][safepoint     ] Safepoint synchronization initiated. (301 threads)
[2022-02-07T16:59:31.974+0000][473.000s][info ][safepoint     ] Application time: 0.6360727 seconds
[2022-02-07T16:59:31.974+0000][473.000s][debug][safepoint     ] Waiting for 1 thread(s) to block
[2022-02-07T16:59:31.974+0000][473.000s][info ][safepoint     ] Entering safepoint region: G1CollectForAllocation
[2022-02-07T16:59:31.975+0000][473.000s][info ][gc,start      ] GC(73) Pause Young (Normal) (G1 Evacuation Pause)
[2022-02-07T16:59:31.975+0000][473.000s][info ][gc,task       ] GC(73) Using 4 workers of 4 for evacuation
[2022-02-07T16:59:31.992+0000][473.018s][info ][gc,phases     ] GC(73)   Pre Evacuate Collection Set: 0.0ms
[2022-02-07T16:59:31.992+0000][473.018s][info ][gc,phases     ] GC(73)   Evacuate Collection Set: 13.2ms
[2022-02-07T16:59:31.992+0000][473.018s][info ][gc,phases     ] GC(73)   Post Evacuate Collection Set: 4.2ms
[2022-02-07T16:59:31.992+0000][473.018s][info ][gc,phases     ] GC(73)   Other: 0.3ms
[2022-02-07T16:59:31.992+0000][473.018s][info ][gc,heap       ] GC(73) Eden regions: 236->0(236)
[2022-02-07T16:59:31.992+0000][473.018s][info ][gc,heap       ] GC(73) Survivor regions: 1->1(30)
[2022-02-07T16:59:31.992+0000][473.018s][info ][gc,heap       ] GC(73) Old regions: 146->146
[2022-02-07T16:59:31.992+0000][473.018s][info ][gc,heap       ] GC(73) Humongous regions: 0->0
[2022-02-07T16:59:31.992+0000][473.018s][info ][gc,metaspace  ] GC(73) Metaspace: 162062K->162062K(1204224K)
[2022-02-07T16:59:31.992+0000][473.018s][info ][gc            ] GC(73) Pause Young (Normal) (G1 Evacuation Pause) 380M->144M(430M) 17.819ms
[2022-02-07T16:59:31.992+0000][473.018s][info ][gc,cpu        ] GC(73) User=0.02s Sys=0.00s Real=0.02s
[2022-02-07T16:59:31.992+0000][473.018s][info ][safepoint     ] Leaving safepoint region
[2022-02-07T16:59:31.992+0000][473.018s][info ][safepoint     ] Total time for which application threads were stopped: 0.0182592 seconds, Stopping threads took: 0.0000951 seconds
[2022-02-07T16:59:31.995+0000][473.021s][info ][gc,stringdedup] Concurrent String Deduplication (473.021s)
[2022-02-07T16:59:31.995+0000][473.021s][info ][gc,stringdedup] Concurrent String Deduplication 1032.0B->120.0B(912.0B) avg 53.1% (473.021s, 473.021s) 0.052ms
[2022-02-07T16:59:33.000+0000][474.025s][debug][safepoint     ] Safepoint synchronization initiated. (301 threads)
[2022-02-07T16:59:33.000+0000][474.025s][info ][safepoint     ] Application time: 1.0071348 seconds
[2022-02-07T16:59:33.000+0000][474.026s][info ][safepoint     ] Entering safepoint region: Cleanup
[2022-02-07T16:59:33.000+0000][474.026s][info ][safepoint     ] Leaving safepoint region
[2022-02-07T16:59:33.000+0000][474.026s][info ][safepoint     ] Total time for which application threads were stopped: 0.0003510 seconds, Stopping threads took: 0.0000817 seconds
[2022-02-07T16:59:34.000+0000][475.026s][debug][safepoint     ] Safepoint synchronization initiated. (301 threads)
[2022-02-07T16:59:34.000+0000][475.026s][info ][safepoint     ] Application time: 1.0002386 seconds
[2022-02-07T16:59:34.000+0000][475.026s][info ][safepoint     ] Entering safepoint region: Cleanup
[2022-02-07T16:59:34.001+0000][475.026s][info ][safepoint     ] Leaving safepoint region
[2022-02-07T16:59:34.001+0000][475.026s][info ][safepoint     ] Total time for which application threads were stopped: 0.0003098 seconds, Stopping threads took: 0.0000743 seconds
[2022-02-07T16:59:35.001+0000][476.026s][debug][safepoint     ] Safepoint synchronization initiated. (301 threads)
[2022-02-07T16:59:35.001+0000][476.027s][info ][safepoint     ] Application time: 1.0001234 seconds
[2022-02-07T16:59:35.001+0000][476.027s][info ][safepoint     ] Entering safepoint region: Cleanup
[2022-02-07T16:59:35.001+0000][476.027s][info ][safepoint     ] Leaving safepoint region
[2022-02-07T16:59:35.001+0000][476.027s][info ][safepoint     ] Total time for which application threads were stopped: 0.0004510 seconds, Stopping threads took: 0.0000708 seconds
[2022-02-07T16:59:36.001+0000][477.027s][debug][safepoint     ] Safepoint synchronization initiated. (301 threads)
[2022-02-07T16:59:36.001+0000][477.027s][info ][safepoint     ] Application time: 1.0001114 seconds
[2022-02-07T16:59:36.001+0000][477.027s][info ][safepoint     ] Entering safepoint region: Cleanup
[2022-02-07T16:59:36.002+0000][477.028s][info ][safepoint     ] Leaving safepoint region
[2022-02-07T16:59:36.002+0000][477.028s][info ][safepoint     ] Total time for which application threads were stopped: 0.0004437 seconds, Stopping threads took: 0.0000705 seconds
[2022-02-07T16:59:37.002+0000][478.028s][debug][safepoint     ] Safepoint synchronization initiated. (301 threads)
[2022-02-07T16:59:37.002+0000][478.028s][info ][safepoint     ] Application time: 1.0007948 seconds
[2022-02-07T16:59:37.007+0000][478.033s][debug][safepoint     ] ... found polling page return exception at pc = 0x00007f11b46688bb, stub =0x00007f11ac8beb80
[2022-02-07T16:59:37.007+0000][478.033s][debug][safepoint     ] Waiting for 1 thread(s) to block
[2022-02-07T16:59:37.007+0000][478.033s][info ][safepoint     ] Entering safepoint region: Cleanup
[2022-02-07T16:59:37.008+0000][478.033s][info ][safepoint     ] Leaving safepoint region
[2022-02-07T16:59:37.008+0000][478.033s][info ][safepoint     ] Total time for which application threads were stopped: 0.0050914 seconds, Stopping threads took: 0.0047147 seconds
[2022-02-07T16:59:38.008+0000][479.034s][debug][safepoint     ] Safepoint synchronization initiated. (301 threads)
[2022-02-07T16:59:38.008+0000][479.034s][info ][safepoint     ] Application time: 1.0005102 seconds
[2022-02-07T16:59:38.011+0000][479.036s][debug][safepoint     ] ... found polling page return exception at pc = 0x00007f11b505dc8c, stub =0x00007f11ac8beb80
[2022-02-07T16:59:38.012+0000][479.038s][debug][safepoint     ] Waiting for 1 thread(s) to block
[2022-02-07T16:59:38.012+0000][479.038s][info ][safepoint     ] Entering safepoint region: Cleanup
[2022-02-07T16:59:38.014+0000][479.040s][info ][safepoint     ] Leaving safepoint region
[2022-02-07T16:59:38.014+0000][479.040s][info ][safepoint     ] Total time for which application threads were stopped: 0.0061928 seconds, Stopping threads took: 0.0040814 seconds
[2022-02-07T16:59:39.016+0000][480.042s][debug][safepoint     ] Safepoint synchronization initiated. (301 threads)
[2022-02-07T16:59:39.016+0000][480.042s][info ][safepoint     ] Application time: 1.0013022 seconds
[2022-02-07T16:59:39.016+0000][480.042s][info ][safepoint     ] Entering safepoint region: Cleanup
[2022-02-07T16:59:39.018+0000][480.044s][info ][safepoint     ] Leaving safepoint region
[2022-02-07T16:59:39.018+0000][480.044s][info ][safepoint     ] Total time for which application threads were stopped: 0.0021818 seconds, Stopping threads took: 0.0000687 seconds
[2022-02-07T16:59:40.018+0000][481.044s][debug][safepoint     ] Safepoint synchronization initiated. (301 threads)
[2022-02-07T16:59:40.018+0000][481.044s][info ][safepoint     ] Application time: 1.0001266 seconds
[2022-02-07T16:59:40.018+0000][481.044s][debug][safepoint     ] ... found polling page return exception at pc = 0x00007f11b4d593bb, stub =0x00007f11ac8beb80
[2022-02-07T16:59:40.018+0000][481.044s][debug][safepoint     ] Waiting for 1 thread(s) to block
[2022-02-07T16:59:40.018+0000][481.044s][info ][safepoint     ] Entering safepoint region: Cleanup
[2022-02-07T16:59:40.019+0000][481.045s][info ][safepoint     ] Leaving safepoint region
[2022-02-07T16:59:40.019+0000][481.045s][info ][safepoint     ] Total time for which application threads were stopped: 0.0010146 seconds, Stopping threads took: 0.0002160 seconds
[2022-02-07T16:59:41.019+0000][482.045s][debug][safepoint     ] Safepoint synchronization initiated. (301 threads)
[2022-02-07T16:59:41.019+0000][482.045s][info ][safepoint     ] Application time: 1.0001576 seconds
[2022-02-07T16:59:41.020+0000][482.045s][info ][safepoint     ] Entering safepoint region: Cleanup
[2022-02-07T16:59:41.020+0000][482.046s][info ][safepoint     ] Leaving safepoint region
[2022-02-07T16:59:41.020+0000][482.046s][info ][safepoint     ] Total time for which application threads were stopped: 0.0002918 seconds, Stopping threads took: 0.0000694 seconds
[2022-02-07T16:59:42.020+0000][483.046s][debug][safepoint     ] Safepoint synchronization initiated. (301 threads)
[2022-02-07T16:59:42.020+0000][483.046s][info ][safepoint     ] Application time: 1.0001211 seconds
[2022-02-07T16:59:42.020+0000][483.046s][info ][safepoint     ] Entering safepoint region: Cleanup
[2022-02-07T16:59:42.020+0000][483.046s][info ][safepoint     ] Leaving safepoint region
[2022-02-07T16:59:42.020+0000][483.046s][info ][safepoint     ] Total time for which application threads were stopped: 0.0003066 seconds, Stopping threads took: 0.0000725 seconds
[2022-02-07T16:59:43.020+0000][484.046s][debug][safepoint     ] Safepoint synchronization initiated. (301 threads)
[2022-02-07T16:59:43.020+0000][484.046s][info ][safepoint     ] Application time: 1.0001126 seconds
[2022-02-07T16:59:43.020+0000][484.046s][info ][safepoint     ] Entering safepoint region: Cleanup
[2022-02-07T16:59:43.021+0000][484.046s][info ][safepoint     ] Leaving safepoint region
[2022-02-07T16:59:43.021+0000][484.046s][info ][safepoint     ] Total time for which application threads were stopped: 0.0002987 seconds, Stopping threads took: 0.0000713 seconds
[2022-02-07T16:59:44.021+0000][485.047s][debug][safepoint     ] Safepoint synchronization initiated. (301 threads)
[2022-02-07T16:59:44.021+0000][485.047s][info ][safepoint     ] Application time: 1.0001011 seconds
[2022-02-07T16:59:44.021+0000][485.047s][info ][safepoint     ] Entering safepoint region: Cleanup
[2022-02-07T16:59:44.021+0000][485.047s][info ][safepoint     ] Leaving safepoint region
[2022-02-07T16:59:44.021+0000][485.047s][info ][safepoint     ] Total time for which application threads were stopped: 0.0003027 seconds, Stopping threads took: 0.0000677 seconds
[2022-02-07T16:59:45.021+0000][486.047s][debug][safepoint     ] Safepoint synchronization initiated. (301 threads)
[2022-02-07T16:59:45.021+0000][486.047s][info ][safepoint     ] Application time: 1.0001038 seconds
[2022-02-07T16:59:45.021+0000][486.047s][info ][safepoint     ] Entering safepoint region: Cleanup
[2022-02-07T16:59:45.021+0000][486.047s][info ][safepoint     ] Leaving safepoint region
[2022-02-07T16:59:45.021+0000][486.047s][info ][safepoint     ] Total time for which application threads were stopped: 0.0002807 seconds, Stopping threads took: 0.0000666 seconds
[2022-02-07T16:59:46.022+0000][487.047s][debug][safepoint     ] Safepoint synchronization initiated. (301 threads)
[2022-02-07T16:59:46.022+0000][487.047s][info ][safepoint     ] Application time: 1.0001117 seconds
[2022-02-07T16:59:46.022+0000][487.048s][info ][safepoint     ] Entering safepoint region: Cleanup
[2022-02-07T16:59:46.022+0000][487.048s][info ][safepoint     ] Leaving safepoint region
[2022-02-07T16:59:46.022+0000][487.048s][info ][safepoint     ] Total time for which application threads were stopped: 0.0003088 seconds, Stopping threads took: 0.0000695 seconds
[2022-02-07T16:59:46.571+0000][487.597s][debug][safepoint     ] Safepoint synchronization initiated. (301 threads)
[2022-02-07T16:59:46.571+0000][487.597s][info ][safepoint     ] Application time: 0.5495246 seconds
[2022-02-07T16:59:46.571+0000][487.597s][info ][safepoint     ] Entering safepoint region: G1CollectForAllocation
[2022-02-07T16:59:46.572+0000][487.598s][info ][gc,start      ] GC(74) Pause Young (Normal) (G1 Evacuation Pause)
[2022-02-07T16:59:46.572+0000][487.598s][info ][gc,task       ] GC(74) Using 4 workers of 4 for evacuation
[2022-02-07T16:59:46.591+0000][487.617s][info ][gc,phases     ] GC(74)   Pre Evacuate Collection Set: 0.0ms
[2022-02-07T16:59:46.591+0000][487.617s][info ][gc,phases     ] GC(74)   Evacuate Collection Set: 14.7ms
[2022-02-07T16:59:46.591+0000][487.617s][info ][gc,phases     ] GC(74)   Post Evacuate Collection Set: 4.5ms
[2022-02-07T16:59:46.591+0000][487.617s][info ][gc,phases     ] GC(74)   Other: 0.3ms
[2022-02-07T16:59:46.591+0000][487.617s][info ][gc,heap       ] GC(74) Eden regions: 236->0(237)
[2022-02-07T16:59:46.591+0000][487.617s][info ][gc,heap       ] GC(74) Survivor regions: 1->1(30)
[2022-02-07T16:59:46.591+0000][487.617s][info ][gc,heap       ] GC(74) Old regions: 146->146
[2022-02-07T16:59:46.591+0000][487.617s][info ][gc,heap       ] GC(74) Humongous regions: 0->0
[2022-02-07T16:59:46.591+0000][487.617s][info ][gc,metaspace  ] GC(74) Metaspace: 162066K->162066K(1204224K)
[2022-02-07T16:59:46.591+0000][487.617s][info ][gc            ] GC(74) Pause Young (Normal) (G1 Evacuation Pause) 380M->144M(430M) 19.542ms
[2022-02-07T16:59:46.591+0000][487.617s][info ][gc,cpu        ] GC(74) User=0.02s Sys=0.00s Real=0.02s
[2022-02-07T16:59:46.591+0000][487.617s][info ][safepoint     ] Leaving safepoint region
[2022-02-07T16:59:46.591+0000][487.617s][info ][safepoint     ] Total time for which application threads were stopped: 0.0199598 seconds, Stopping threads took: 0.0000661 seconds
[2022-02-07T16:59:46.592+0000][487.618s][info ][gc,stringdedup] Concurrent String Deduplication (487.618s)
[2022-02-07T16:59:46.592+0000][487.618s][info ][gc,stringdedup] Concurrent String Deduplication 328.0B->0.0B(328.0B) avg 53.1% (487.618s, 487.618s) 0.034ms
[2022-02-07T16:59:47.591+0000][488.617s][debug][safepoint     ] Safepoint synchronization initiated. (301 threads)
[2022-02-07T16:59:47.592+0000][488.617s][info ][safepoint     ] Application time: 1.0001303 seconds
[2022-02-07T16:59:47.592+0000][488.617s][info ][safepoint     ] Entering safepoint region: Cleanup
[2022-02-07T16:59:47.592+0000][488.618s][info ][safepoint     ] Leaving safepoint region
[2022-02-07T16:59:47.592+0000][488.618s][info ][safepoint     ] Total time for which application threads were stopped: 0.0003189 seconds, Stopping threads took: 0.0000711 seconds
[2022-02-07T16:59:48.592+0000][489.618s][debug][safepoint     ] Safepoint synchronization initiated. (301 threads)
[2022-02-07T16:59:48.592+0000][489.618s][info ][safepoint     ] Application time: 1.0000910 seconds
[2022-02-07T16:59:48.592+0000][489.618s][info ][safepoint     ] Entering safepoint region: Cleanup
[2022-02-07T16:59:48.592+0000][489.618s][info ][safepoint     ] Leaving safepoint region
[2022-02-07T16:59:48.592+0000][489.618s][info ][safepoint     ] Total time for which application threads were stopped: 0.0003276 seconds, Stopping threads took: 0.0000747 seconds
[2022-02-07T16:59:49.592+0000][490.618s][debug][safepoint     ] Safepoint synchronization initiated. (301 threads)
[2022-02-07T16:59:49.592+0000][490.618s][info ][safepoint     ] Application time: 1.0001218 seconds
[2022-02-07T16:59:49.593+0000][490.618s][info ][safepoint     ] Entering safepoint region: Cleanup
[2022-02-07T16:59:49.593+0000][490.619s][info ][safepoint     ] Leaving safepoint region
[2022-02-07T16:59:49.593+0000][490.619s][info ][safepoint     ] Total time for which application threads were stopped: 0.0003103 seconds, Stopping threads took: 0.0000712 seconds
[2022-02-07T16:59:50.593+0000][491.619s][debug][safepoint     ] Safepoint synchronization initiated. (301 threads)
[2022-02-07T16:59:50.593+0000][491.619s][info ][safepoint     ] Application time: 1.0000522 seconds
[2022-02-07T16:59:50.593+0000][491.619s][info ][safepoint     ] Entering safepoint region: Cleanup
[2022-02-07T16:59:50.593+0000][491.619s][info ][safepoint     ] Leaving safepoint region
[2022-02-07T16:59:50.593+0000][491.619s][info ][safepoint     ] Total time for which application threads were stopped: 0.0002655 seconds, Stopping threads took: 0.0000681 seconds
[2022-02-07T16:59:51.593+0000][492.619s][debug][safepoint     ] Safepoint synchronization initiated. (301 threads)
[2022-02-07T16:59:51.593+0000][492.619s][info ][safepoint     ] Application time: 1.0000780 seconds
[2022-02-07T16:59:51.593+0000][492.619s][info ][safepoint     ] Entering safepoint region: Cleanup
[2022-02-07T16:59:51.593+0000][492.619s][info ][safepoint     ] Leaving safepoint region
[2022-02-07T16:59:51.593+0000][492.619s][info ][safepoint     ] Total time for which application threads were stopped: 0.0002604 seconds, Stopping threads took: 0.0000600 seconds
[2022-02-07T16:59:52.594+0000][493.619s][debug][safepoint     ] Safepoint synchronization initiated. (301 threads)
[2022-02-07T16:59:52.594+0000][493.619s][info ][safepoint     ] Application time: 1.0001367 seconds
[2022-02-07T16:59:52.594+0000][493.620s][info ][safepoint     ] Entering safepoint region: Cleanup
[2022-02-07T16:59:52.594+0000][493.620s][info ][safepoint     ] Leaving safepoint region
[2022-02-07T16:59:52.594+0000][493.620s][debug][safepoint     ] ... found polling page return exception at pc = 0x00007f11b4c34808, stub =0x00007f11ac8beb80
[2022-02-07T16:59:52.594+0000][493.620s][info ][safepoint     ] Total time for which application threads were stopped: 0.0003629 seconds, Stopping threads took: 0.0000743 seconds
[2022-02-07T16:59:53.594+0000][494.620s][debug][safepoint     ] Safepoint synchronization initiated. (301 threads)
[2022-02-07T16:59:53.594+0000][494.620s][info ][safepoint     ] Application time: 1.0001118 seconds
[2022-02-07T16:59:53.594+0000][494.620s][info ][safepoint     ] Entering safepoint region: Cleanup
[2022-02-07T16:59:53.594+0000][494.620s][info ][safepoint     ] Leaving safepoint region
[2022-02-07T16:59:53.594+0000][494.620s][info ][safepoint     ] Total time for which application threads were stopped: 0.0002836 seconds, Stopping threads took: 0.0000767 seconds
[2022-02-07T16:59:54.595+0000][495.620s][debug][safepoint     ] Safepoint synchronization initiated. (301 threads)
[2022-02-07T16:59:54.595+0000][495.620s][info ][safepoint     ] Application time: 1.0001440 seconds
[2022-02-07T16:59:54.595+0000][495.621s][info ][safepoint     ] Entering safepoint region: Cleanup
[2022-02-07T16:59:54.595+0000][495.621s][info ][safepoint     ] Leaving safepoint region
[2022-02-07T16:59:54.595+0000][495.621s][info ][safepoint     ] Total time for which application threads were stopped: 0.0003264 seconds, Stopping threads took: 0.0000671 seconds
[2022-02-07T16:59:55.595+0000][496.621s][debug][safepoint     ] Safepoint synchronization initiated. (301 threads)
[2022-02-07T16:59:55.595+0000][496.621s][info ][safepoint     ] Application time: 1.0000824 seconds
[2022-02-07T16:59:55.595+0000][496.621s][info ][safepoint     ] Entering safepoint region: Cleanup
[2022-02-07T16:59:55.595+0000][496.621s][info ][safepoint     ] Leaving safepoint region
[2022-02-07T16:59:55.595+0000][496.621s][info ][safepoint     ] Total time for which application threads were stopped: 0.0002661 seconds, Stopping threads took: 0.0000618 seconds
[2022-02-07T16:59:56.595+0000][497.621s][debug][safepoint     ] Safepoint synchronization initiated. (301 threads)
[2022-02-07T16:59:56.595+0000][497.621s][info ][safepoint     ] Application time: 1.0001275 seconds
[2022-02-07T16:59:56.595+0000][497.621s][info ][safepoint     ] Entering safepoint region: Cleanup
[2022-02-07T16:59:56.596+0000][497.622s][info ][safepoint     ] Leaving safepoint region
[2022-02-07T16:59:56.596+0000][497.622s][info ][safepoint     ] Total time for which application threads were stopped: 0.0002608 seconds, Stopping threads took: 0.0000730 seconds
[2022-02-07T16:59:57.596+0000][498.622s][debug][safepoint     ] Safepoint synchronization initiated. (301 threads)
[2022-02-07T16:59:57.596+0000][498.622s][info ][safepoint     ] Application time: 1.0001221 seconds
[2022-02-07T16:59:57.596+0000][498.622s][debug][safepoint     ] ... found polling page return exception at pc = 0x00007f11b4c764f2, stub =0x00007f11ac8beb80
[2022-02-07T16:59:57.596+0000][498.622s][debug][safepoint     ] ... found polling page return exception at pc = 0x00007f11b5303395, stub =0x00007f11ac8beb80
[2022-02-07T16:59:57.596+0000][498.622s][debug][safepoint     ] Waiting for 2 thread(s) to block
[2022-02-07T16:59:57.596+0000][498.622s][info ][safepoint     ] Entering safepoint region: Cleanup
[2022-02-07T16:59:57.596+0000][498.622s][info ][safepoint     ] Leaving safepoint region
[2022-02-07T16:59:57.596+0000][498.622s][info ][safepoint     ] Total time for which application threads were stopped: 0.0003722 seconds, Stopping threads took: 0.0001276 seconds
[2022-02-07T16:59:58.597+0000][499.622s][debug][safepoint     ] Safepoint synchronization initiated. (301 threads)
[2022-02-07T16:59:58.597+0000][499.623s][info ][safepoint     ] Application time: 1.0004385 seconds
[2022-02-07T16:59:58.597+0000][499.623s][info ][safepoint     ] Entering safepoint region: Cleanup
[2022-02-07T16:59:58.597+0000][499.623s][info ][safepoint     ] Leaving safepoint region
[2022-02-07T16:59:58.597+0000][499.623s][info ][safepoint     ] Total time for which application threads were stopped: 0.0004916 seconds, Stopping threads took: 0.0000874 seconds
[2022-02-07T16:59:59.597+0000][500.623s][debug][safepoint     ] Safepoint synchronization initiated. (301 threads)
[2022-02-07T16:59:59.597+0000][500.623s][info ][safepoint     ] Application time: 1.0001270 seconds
[2022-02-07T16:59:59.597+0000][500.623s][info ][safepoint     ] Entering safepoint region: Cleanup
[2022-02-07T16:59:59.598+0000][500.624s][info ][safepoint     ] Leaving safepoint region
[2022-02-07T16:59:59.598+0000][500.624s][info ][safepoint     ] Total time for which application threads were stopped: 0.0004521 seconds, Stopping threads took: 0.0000738 seconds
[2022-02-07T17:00:00.598+0000][501.624s][debug][safepoint     ] Safepoint synchronization initiated. (301 threads)
[2022-02-07T17:00:00.598+0000][501.624s][info ][safepoint     ] Application time: 1.0001438 seconds
[2022-02-07T17:00:00.598+0000][501.624s][info ][safepoint     ] Entering safepoint region: Cleanup
[2022-02-07T17:00:00.598+0000][501.624s][info ][safepoint     ] Leaving safepoint region
[2022-02-07T17:00:00.598+0000][501.624s][info ][safepoint     ] Total time for which application threads were stopped: 0.0003381 seconds, Stopping threads took: 0.0000683 seconds
[2022-02-07T17:00:01.598+0000][502.624s][debug][safepoint     ] Safepoint synchronization initiated. (301 threads)
[2022-02-07T17:00:01.598+0000][502.624s][info ][safepoint     ] Application time: 1.0001186 seconds
[2022-02-07T17:00:01.598+0000][502.624s][info ][safepoint     ] Entering safepoint region: Cleanup
[2022-02-07T17:00:01.599+0000][502.625s][info ][safepoint     ] Leaving safepoint region
[2022-02-07T17:00:01.599+0000][502.625s][info ][safepoint     ] Total time for which application threads were stopped: 0.0004384 seconds, Stopping threads took: 0.0000703 seconds
[2022-02-07T17:00:02.599+0000][503.625s][debug][safepoint     ] Safepoint synchronization initiated. (301 threads)
[2022-02-07T17:00:02.599+0000][503.625s][info ][safepoint     ] Application time: 1.0001376 seconds
[2022-02-07T17:00:02.599+0000][503.625s][info ][safepoint     ] Entering safepoint region: Cleanup
[2022-02-07T17:00:02.599+0000][503.625s][info ][safepoint     ] Leaving safepoint region
[2022-02-07T17:00:02.599+0000][503.625s][info ][safepoint     ] Total time for which application threads were stopped: 0.0003273 seconds, Stopping threads took: 0.0000699 seconds
[2022-02-07T17:00:03.599+0000][504.625s][debug][safepoint     ] Safepoint synchronization initiated. (301 threads)
[2022-02-07T17:00:03.599+0000][504.625s][info ][safepoint     ] Application time: 1.0000843 seconds
[2022-02-07T17:00:03.599+0000][504.625s][info ][safepoint     ] Entering safepoint region: Cleanup
[2022-02-07T17:00:03.600+0000][504.626s][info ][safepoint     ] Leaving safepoint region
[2022-02-07T17:00:03.600+0000][504.626s][info ][safepoint     ] Total time for which application threads were stopped: 0.0003305 seconds, Stopping threads took: 0.0000784 seconds
[2022-02-07T17:00:04.600+0000][505.626s][debug][safepoint     ] Safepoint synchronization initiated. (301 threads)
[2022-02-07T17:00:04.600+0000][505.626s][info ][safepoint     ] Application time: 1.0001456 seconds
[2022-02-07T17:00:04.600+0000][505.626s][info ][safepoint     ] Entering safepoint region: Cleanup
[2022-02-07T17:00:04.600+0000][505.626s][info ][safepoint     ] Leaving safepoint region
[2022-02-07T17:00:04.600+0000][505.626s][info ][safepoint     ] Total time for which application threads were stopped: 0.0003161 seconds, Stopping threads took: 0.0000687 seconds
[2022-02-07T17:00:05.600+0000][506.626s][debug][safepoint     ] Safepoint synchronization initiated. (301 threads)
[2022-02-07T17:00:05.600+0000][506.626s][info ][safepoint     ] Application time: 1.0001042 seconds
[2022-02-07T17:00:05.600+0000][506.626s][info ][safepoint     ] Entering safepoint region: Cleanup
[2022-02-07T17:00:05.601+0000][506.627s][info ][safepoint     ] Leaving safepoint region
[2022-02-07T17:00:05.601+0000][506.627s][info ][safepoint     ] Total time for which application threads were stopped: 0.0003365 seconds, Stopping threads took: 0.0000658 seconds
[2022-02-07T17:00:05.893+0000][506.919s][debug][safepoint     ] Safepoint synchronization initiated. (301 threads)
[2022-02-07T17:00:05.893+0000][506.919s][info ][safepoint     ] Application time: 0.2924170 seconds
[2022-02-07T17:00:05.893+0000][506.919s][info ][safepoint     ] Entering safepoint region: G1CollectForAllocation
[2022-02-07T17:00:05.893+0000][506.919s][info ][gc,start      ] GC(75) Pause Young (Normal) (G1 Evacuation Pause)
[2022-02-07T17:00:05.893+0000][506.919s][info ][gc,task       ] GC(75) Using 4 workers of 4 for evacuation
[2022-02-07T17:00:05.902+0000][506.928s][info ][gc,phases     ] GC(75)   Pre Evacuate Collection Set: 0.0ms
[2022-02-07T17:00:05.902+0000][506.928s][info ][gc,phases     ] GC(75)   Evacuate Collection Set: 3.8ms
[2022-02-07T17:00:05.902+0000][506.928s][info ][gc,phases     ] GC(75)   Post Evacuate Collection Set: 4.1ms
[2022-02-07T17:00:05.902+0000][506.928s][info ][gc,phases     ] GC(75)   Other: 0.2ms
[2022-02-07T17:00:05.902+0000][506.928s][info ][gc,heap       ] GC(75) Eden regions: 237->0(237)
[2022-02-07T17:00:05.902+0000][506.928s][info ][gc,heap       ] GC(75) Survivor regions: 1->1(30)
[2022-02-07T17:00:05.902+0000][506.928s][info ][gc,heap       ] GC(75) Old regions: 146->146
[2022-02-07T17:00:05.902+0000][506.928s][info ][gc,heap       ] GC(75) Humongous regions: 0->0
[2022-02-07T17:00:05.902+0000][506.928s][info ][gc,metaspace  ] GC(75) Metaspace: 162080K->162080K(1204224K)
[2022-02-07T17:00:05.902+0000][506.928s][info ][gc            ] GC(75) Pause Young (Normal) (G1 Evacuation Pause) 381M->144M(430M) 8.322ms
[2022-02-07T17:00:05.902+0000][506.928s][info ][gc,cpu        ] GC(75) User=0.02s Sys=0.00s Real=0.01s
[2022-02-07T17:00:05.902+0000][506.928s][info ][safepoint     ] Leaving safepoint region
[2022-02-07T17:00:05.902+0000][506.928s][info ][safepoint     ] Total time for which application threads were stopped: 0.0087487 seconds, Stopping threads took: 0.0000696 seconds
[2022-02-07T17:00:05.903+0000][506.929s][info ][gc,stringdedup] Concurrent String Deduplication (506.929s)
[2022-02-07T17:00:05.903+0000][506.929s][info ][gc,stringdedup] Concurrent String Deduplication 944.0B->0.0B(944.0B) avg 53.1% (506.929s, 506.929s) 0.036ms
[2022-02-07T17:00:06.902+0000][507.928s][debug][safepoint     ] Safepoint synchronization initiated. (301 threads)
[2022-02-07T17:00:06.902+0000][507.928s][info ][safepoint     ] Application time: 1.0001367 seconds
[2022-02-07T17:00:06.902+0000][507.928s][info ][safepoint     ] Entering safepoint region: Cleanup
[2022-02-07T17:00:06.902+0000][507.928s][info ][safepoint     ] Leaving safepoint region
[2022-02-07T17:00:06.902+0000][507.928s][info ][safepoint     ] Total time for which application threads were stopped: 0.0003589 seconds, Stopping threads took: 0.0000718 seconds
[2022-02-07T17:00:07.902+0000][508.928s][debug][safepoint     ] Safepoint synchronization initiated. (301 threads)
[2022-02-07T17:00:07.903+0000][508.928s][info ][safepoint     ] Application time: 1.0001403 seconds
[2022-02-07T17:00:07.903+0000][508.928s][info ][safepoint     ] Entering safepoint region: Cleanup
[2022-02-07T17:00:07.903+0000][508.929s][info ][safepoint     ] Leaving safepoint region
[2022-02-07T17:00:07.903+0000][508.929s][info ][safepoint     ] Total time for which application threads were stopped: 0.0003102 seconds, Stopping threads took: 0.0000759 seconds
[2022-02-07T17:00:08.903+0000][509.929s][debug][safepoint     ] Safepoint synchronization initiated. (301 threads)
[2022-02-07T17:00:08.903+0000][509.929s][info ][safepoint     ] Application time: 1.0001429 seconds
[2022-02-07T17:00:08.903+0000][509.929s][info ][safepoint     ] Entering safepoint region: Cleanup
[2022-02-07T17:00:08.903+0000][509.929s][info ][safepoint     ] Leaving safepoint region
[2022-02-07T17:00:08.903+0000][509.929s][info ][safepoint     ] Total time for which application threads were stopped: 0.0003896 seconds, Stopping threads took: 0.0000675 seconds
[2022-02-07T17:00:09.904+0000][510.929s][debug][safepoint     ] Safepoint synchronization initiated. (301 threads)
[2022-02-07T17:00:09.904+0000][510.929s][info ][safepoint     ] Application time: 1.0001436 seconds
[2022-02-07T17:00:09.904+0000][510.930s][info ][safepoint     ] Entering safepoint region: Cleanup
[2022-02-07T17:00:09.904+0000][510.930s][info ][safepoint     ] Leaving safepoint region
[2022-02-07T17:00:09.904+0000][510.930s][info ][safepoint     ] Total time for which application threads were stopped: 0.0003095 seconds, Stopping threads took: 0.0000669 seconds
[2022-02-07T17:00:10.904+0000][511.930s][debug][safepoint     ] Safepoint synchronization initiated. (301 threads)
[2022-02-07T17:00:10.904+0000][511.930s][info ][safepoint     ] Application time: 1.0000825 seconds
[2022-02-07T17:00:10.904+0000][511.930s][info ][safepoint     ] Entering safepoint region: Cleanup
[2022-02-07T17:00:10.904+0000][511.930s][info ][safepoint     ] Leaving safepoint region
[2022-02-07T17:00:10.904+0000][511.930s][info ][safepoint     ] Total time for which application threads were stopped: 0.0004649 seconds, Stopping threads took: 0.0000761 seconds
[2022-02-07T17:00:11.905+0000][512.930s][debug][safepoint     ] Safepoint synchronization initiated. (301 threads)
[2022-02-07T17:00:11.905+0000][512.930s][info ][safepoint     ] Application time: 1.0001275 seconds
[2022-02-07T17:00:11.905+0000][512.931s][info ][safepoint     ] Entering safepoint region: Cleanup
[2022-02-07T17:00:11.905+0000][512.931s][info ][safepoint     ] Leaving safepoint region
[2022-02-07T17:00:11.905+0000][512.931s][info ][safepoint     ] Total time for which application threads were stopped: 0.0003150 seconds, Stopping threads took: 0.0000679 seconds
[2022-02-07T17:00:12.905+0000][513.931s][debug][safepoint     ] Safepoint synchronization initiated. (301 threads)
[2022-02-07T17:00:12.905+0000][513.931s][info ][safepoint     ] Application time: 1.0001112 seconds
[2022-02-07T17:00:12.905+0000][513.931s][info ][safepoint     ] Entering safepoint region: Cleanup
[2022-02-07T17:00:12.905+0000][513.931s][info ][safepoint     ] Leaving safepoint region
[2022-02-07T17:00:12.905+0000][513.931s][info ][safepoint     ] Total time for which application threads were stopped: 0.0002972 seconds, Stopping threads took: 0.0000671 seconds
[2022-02-07T17:00:13.907+0000][514.933s][debug][safepoint     ] Safepoint synchronization initiated. (301 threads)
[2022-02-07T17:00:13.907+0000][514.933s][info ][safepoint     ] Application time: 1.0014918 seconds
[2022-02-07T17:00:13.907+0000][514.933s][info ][safepoint     ] Entering safepoint region: Cleanup
[2022-02-07T17:00:13.907+0000][514.933s][info ][safepoint     ] Leaving safepoint region
[2022-02-07T17:00:13.907+0000][514.933s][info ][safepoint     ] Total time for which application threads were stopped: 0.0003149 seconds, Stopping threads took: 0.0000708 seconds
[2022-02-07T17:00:14.907+0000][515.933s][debug][safepoint     ] Safepoint synchronization initiated. (301 threads)
[2022-02-07T17:00:14.907+0000][515.933s][info ][safepoint     ] Application time: 1.0000715 seconds
[2022-02-07T17:00:14.907+0000][515.933s][info ][safepoint     ] Entering safepoint region: Cleanup
[2022-02-07T17:00:14.908+0000][515.933s][info ][safepoint     ] Leaving safepoint region
[2022-02-07T17:00:14.908+0000][515.933s][info ][safepoint     ] Total time for which application threads were stopped: 0.0003049 seconds, Stopping threads took: 0.0000735 seconds
[2022-02-07T17:00:15.908+0000][516.934s][debug][safepoint     ] Safepoint synchronization initiated. (301 threads)
[2022-02-07T17:00:15.908+0000][516.934s][info ][safepoint     ] Application time: 1.0001149 seconds
[2022-02-07T17:00:15.908+0000][516.934s][info ][safepoint     ] Entering safepoint region: Cleanup
[2022-02-07T17:00:15.908+0000][516.934s][info ][safepoint     ] Leaving safepoint region
[2022-02-07T17:00:15.908+0000][516.934s][info ][safepoint     ] Total time for which application threads were stopped: 0.0004643 seconds, Stopping threads took: 0.0000698 seconds
[2022-02-07T17:00:16.908+0000][517.934s][debug][safepoint     ] Safepoint synchronization initiated. (301 threads)
[2022-02-07T17:00:16.908+0000][517.934s][info ][safepoint     ] Application time: 1.0001208 seconds
[2022-02-07T17:00:16.908+0000][517.934s][info ][safepoint     ] Entering safepoint region: Cleanup
[2022-02-07T17:00:16.909+0000][517.935s][info ][safepoint     ] Leaving safepoint region
[2022-02-07T17:00:16.909+0000][517.935s][info ][safepoint     ] Total time for which application threads were stopped: 0.0004556 seconds, Stopping threads took: 0.0000738 seconds
[2022-02-07T17:00:17.909+0000][518.935s][debug][safepoint     ] Safepoint synchronization initiated. (301 threads)
[2022-02-07T17:00:17.909+0000][518.935s][info ][safepoint     ] Application time: 1.0001165 seconds
[2022-02-07T17:00:17.909+0000][518.935s][info ][safepoint     ] Entering safepoint region: Cleanup
[2022-02-07T17:00:17.909+0000][518.935s][info ][safepoint     ] Leaving safepoint region
[2022-02-07T17:00:17.909+0000][518.935s][info ][safepoint     ] Total time for which application threads were stopped: 0.0004494 seconds, Stopping threads took: 0.0000688 seconds
[2022-02-07T17:00:18.909+0000][519.935s][debug][safepoint     ] Safepoint synchronization initiated. (301 threads)
[2022-02-07T17:00:18.909+0000][519.935s][info ][safepoint     ] Application time: 1.0001196 seconds
[2022-02-07T17:00:18.910+0000][519.935s][debug][safepoint     ] ... found polling page return exception at pc = 0x00007f11b5312f62, stub =0x00007f11ac8beb80
[2022-02-07T17:00:18.910+0000][519.935s][debug][safepoint     ] Waiting for 1 thread(s) to block
[2022-02-07T17:00:18.910+0000][519.935s][info ][safepoint     ] Entering safepoint region: Cleanup
[2022-02-07T17:00:18.910+0000][519.936s][info ][safepoint     ] Leaving safepoint region
[2022-02-07T17:00:18.910+0000][519.936s][info ][safepoint     ] Total time for which application threads were stopped: 0.0003777 seconds, Stopping threads took: 0.0001229 seconds
[2022-02-07T17:00:19.879+0000][520.904s][debug][safepoint     ] Safepoint synchronization initiated. (301 threads)
[2022-02-07T17:00:19.879+0000][520.904s][info ][safepoint     ] Application time: 0.9687131 seconds
[2022-02-07T17:00:19.879+0000][520.905s][info ][safepoint     ] Entering safepoint region: G1CollectForAllocation
[2022-02-07T17:00:19.879+0000][520.905s][info ][gc,start      ] GC(76) Pause Young (Normal) (G1 Evacuation Pause)
[2022-02-07T17:00:19.879+0000][520.905s][info ][gc,task       ] GC(76) Using 4 workers of 4 for evacuation
[2022-02-07T17:00:19.888+0000][520.914s][info ][gc,phases     ] GC(76)   Pre Evacuate Collection Set: 0.0ms
[2022-02-07T17:00:19.888+0000][520.914s][info ][gc,phases     ] GC(76)   Evacuate Collection Set: 3.9ms
[2022-02-07T17:00:19.888+0000][520.914s][info ][gc,phases     ] GC(76)   Post Evacuate Collection Set: 4.7ms
[2022-02-07T17:00:19.888+0000][520.914s][info ][gc,phases     ] GC(76)   Other: 0.3ms
[2022-02-07T17:00:19.888+0000][520.914s][info ][gc,heap       ] GC(76) Eden regions: 237->0(237)
[2022-02-07T17:00:19.888+0000][520.914s][info ][gc,heap       ] GC(76) Survivor regions: 1->1(30)
[2022-02-07T17:00:19.888+0000][520.914s][info ][gc,heap       ] GC(76) Old regions: 146->146
[2022-02-07T17:00:19.888+0000][520.914s][info ][gc,heap       ] GC(76) Humongous regions: 0->0
[2022-02-07T17:00:19.888+0000][520.914s][info ][gc,metaspace  ] GC(76) Metaspace: 162114K->162114K(1204224K)
[2022-02-07T17:00:19.888+0000][520.914s][info ][gc            ] GC(76) Pause Young (Normal) (G1 Evacuation Pause) 381M->144M(430M) 8.940ms
[2022-02-07T17:00:19.888+0000][520.914s][info ][gc,cpu        ] GC(76) User=0.02s Sys=0.00s Real=0.01s
[2022-02-07T17:00:19.888+0000][520.914s][info ][safepoint     ] Leaving safepoint region
[2022-02-07T17:00:19.888+0000][520.914s][info ][safepoint     ] Total time for which application threads were stopped: 0.0097712 seconds, Stopping threads took: 0.0003201 seconds
[2022-02-07T17:00:19.889+0000][520.915s][info ][gc,stringdedup] Concurrent String Deduplication (520.915s)
[2022-02-07T17:00:19.889+0000][520.915s][info ][gc,stringdedup] Concurrent String Deduplication 384.0B->0.0B(384.0B) avg 53.1% (520.915s, 520.915s) 0.028ms
[2022-02-07T17:00:20.888+0000][521.914s][debug][safepoint     ] Safepoint synchronization initiated. (301 threads)
[2022-02-07T17:00:20.889+0000][521.914s][info ][safepoint     ] Application time: 1.0001252 seconds
[2022-02-07T17:00:20.889+0000][521.914s][info ][safepoint     ] Entering safepoint region: Cleanup
[2022-02-07T17:00:20.889+0000][521.915s][info ][safepoint     ] Leaving safepoint region
[2022-02-07T17:00:20.889+0000][521.915s][info ][safepoint     ] Total time for which application threads were stopped: 0.0002479 seconds, Stopping threads took: 0.0000679 seconds
[2022-02-07T17:00:21.889+0000][522.915s][debug][safepoint     ] Safepoint synchronization initiated. (301 threads)
[2022-02-07T17:00:21.889+0000][522.915s][info ][safepoint     ] Application time: 1.0001258 seconds
[2022-02-07T17:00:21.889+0000][522.915s][debug][safepoint     ] ... found polling page return exception at pc = 0x00007f11b4fc1a06, stub =0x00007f11ac8beb80
[2022-02-07T17:00:21.889+0000][522.915s][debug][safepoint     ] Waiting for 1 thread(s) to block
[2022-02-07T17:00:21.889+0000][522.915s][info ][safepoint     ] Entering safepoint region: Cleanup
[2022-02-07T17:00:21.889+0000][522.915s][info ][safepoint     ] Leaving safepoint region
[2022-02-07T17:00:21.889+0000][522.915s][info ][safepoint     ] Total time for which application threads were stopped: 0.0002922 seconds, Stopping threads took: 0.0001083 seconds
[2022-02-07T17:00:22.889+0000][523.915s][debug][safepoint     ] Safepoint synchronization initiated. (301 threads)
[2022-02-07T17:00:22.889+0000][523.915s][info ][safepoint     ] Application time: 1.0001282 seconds
[2022-02-07T17:00:22.889+0000][523.915s][info ][safepoint     ] Entering safepoint region: Cleanup
[2022-02-07T17:00:22.890+0000][523.915s][info ][safepoint     ] Leaving safepoint region
[2022-02-07T17:00:22.890+0000][523.916s][info ][safepoint     ] Total time for which application threads were stopped: 0.0003023 seconds, Stopping threads took: 0.0000723 seconds
[2022-02-07T17:00:23.890+0000][524.916s][debug][safepoint     ] Safepoint synchronization initiated. (301 threads)
[2022-02-07T17:00:23.890+0000][524.916s][info ][safepoint     ] Application time: 1.0001123 seconds
[2022-02-07T17:00:23.890+0000][524.916s][info ][safepoint     ] Entering safepoint region: Cleanup
[2022-02-07T17:00:23.890+0000][524.916s][info ][safepoint     ] Leaving safepoint region
[2022-02-07T17:00:23.890+0000][524.916s][info ][safepoint     ] Total time for which application threads were stopped: 0.0002957 seconds, Stopping threads took: 0.0000659 seconds
[2022-02-07T17:00:24.890+0000][525.916s][debug][safepoint     ] Safepoint synchronization initiated. (301 threads)
[2022-02-07T17:00:24.890+0000][525.916s][info ][safepoint     ] Application time: 1.0001173 seconds
[2022-02-07T17:00:24.890+0000][525.916s][debug][safepoint     ] ... found polling page return exception at pc = 0x00007f11b48a6a9e, stub =0x00007f11ac8beb80
[2022-02-07T17:00:24.890+0000][525.916s][debug][safepoint     ] Waiting for 1 thread(s) to block
[2022-02-07T17:00:24.890+0000][525.916s][info ][safepoint     ] Entering safepoint region: Cleanup
[2022-02-07T17:00:24.891+0000][525.916s][info ][safepoint     ] Leaving safepoint region
[2022-02-07T17:00:24.891+0000][525.916s][info ][safepoint     ] Total time for which application threads were stopped: 0.0003441 seconds, Stopping threads took: 0.0001163 seconds
[2022-02-07T17:00:25.891+0000][526.917s][debug][safepoint     ] Safepoint synchronization initiated. (301 threads)
[2022-02-07T17:00:25.891+0000][526.917s][info ][safepoint     ] Application time: 1.0001157 seconds
[2022-02-07T17:00:25.891+0000][526.917s][info ][safepoint     ] Entering safepoint region: Cleanup
[2022-02-07T17:00:25.891+0000][526.917s][info ][safepoint     ] Leaving safepoint region
[2022-02-07T17:00:25.891+0000][526.917s][info ][safepoint     ] Total time for which application threads were stopped: 0.0002935 seconds, Stopping threads took: 0.0000714 seconds
[2022-02-07T17:00:26.891+0000][527.917s][debug][safepoint     ] Safepoint synchronization initiated. (301 threads)
[2022-02-07T17:00:26.891+0000][527.917s][info ][safepoint     ] Application time: 1.0001478 seconds
[2022-02-07T17:00:26.891+0000][527.917s][info ][safepoint     ] Entering safepoint region: Cleanup
[2022-02-07T17:00:26.891+0000][527.917s][info ][safepoint     ] Leaving safepoint region
[2022-02-07T17:00:26.892+0000][527.917s][info ][safepoint     ] Total time for which application threads were stopped: 0.0003652 seconds, Stopping threads took: 0.0000979 seconds
[2022-02-07T17:00:27.892+0000][528.917s][debug][safepoint     ] Safepoint synchronization initiated. (301 threads)
[2022-02-07T17:00:27.892+0000][528.917s][info ][safepoint     ] Application time: 1.0001145 seconds
[2022-02-07T17:00:27.892+0000][528.918s][info ][safepoint     ] Entering safepoint region: Cleanup
[2022-02-07T17:00:27.892+0000][528.918s][info ][safepoint     ] Leaving safepoint region
[2022-02-07T17:00:27.892+0000][528.918s][info ][safepoint     ] Total time for which application threads were stopped: 0.0003006 seconds, Stopping threads took: 0.0000711 seconds
[2022-02-07T17:00:28.892+0000][529.918s][debug][safepoint     ] Safepoint synchronization initiated. (301 threads)
[2022-02-07T17:00:28.892+0000][529.918s][info ][safepoint     ] Application time: 1.0001170 seconds
[2022-02-07T17:00:28.892+0000][529.918s][info ][safepoint     ] Entering safepoint region: Cleanup
[2022-02-07T17:00:28.892+0000][529.918s][info ][safepoint     ] Leaving safepoint region
[2022-02-07T17:00:28.892+0000][529.918s][info ][safepoint     ] Total time for which application threads were stopped: 0.0002919 seconds, Stopping threads took: 0.0000682 seconds
[2022-02-07T17:00:29.892+0000][530.918s][debug][safepoint     ] Safepoint synchronization initiated. (301 threads)
[2022-02-07T17:00:29.892+0000][530.918s][info ][safepoint     ] Application time: 1.0001163 seconds
[2022-02-07T17:00:29.893+0000][530.918s][info ][safepoint     ] Entering safepoint region: Cleanup
[2022-02-07T17:00:29.893+0000][530.919s][info ][safepoint     ] Leaving safepoint region
[2022-02-07T17:00:29.893+0000][530.919s][info ][safepoint     ] Total time for which application threads were stopped: 0.0002958 seconds, Stopping threads took: 0.0000681 seconds
[2022-02-07T17:00:30.893+0000][531.919s][debug][safepoint     ] Safepoint synchronization initiated. (301 threads)
[2022-02-07T17:00:30.893+0000][531.919s][info ][safepoint     ] Application time: 1.0001254 seconds
[2022-02-07T17:00:30.893+0000][531.919s][debug][safepoint     ] ... found polling page return exception at pc = 0x00007f11b4c764f2, stub =0x00007f11ac8beb80
[2022-02-07T17:00:30.893+0000][531.919s][debug][safepoint     ] Waiting for 1 thread(s) to block
[2022-02-07T17:00:30.893+0000][531.919s][info ][safepoint     ] Entering safepoint region: Cleanup
[2022-02-07T17:00:30.893+0000][531.919s][info ][safepoint     ] Leaving safepoint region
[2022-02-07T17:00:30.893+0000][531.919s][info ][safepoint     ] Total time for which application threads were stopped: 0.0003355 seconds, Stopping threads took: 0.0001099 seconds
[2022-02-07T17:00:31.893+0000][532.919s][debug][safepoint     ] Safepoint synchronization initiated. (301 threads)
[2022-02-07T17:00:31.893+0000][532.919s][info ][safepoint     ] Application time: 1.0001413 seconds
[2022-02-07T17:00:31.894+0000][532.919s][info ][safepoint     ] Entering safepoint region: Cleanup
[2022-02-07T17:00:31.894+0000][532.920s][info ][safepoint     ] Leaving safepoint region
[2022-02-07T17:00:31.894+0000][532.920s][info ][safepoint     ] Total time for which application threads were stopped: 0.0003052 seconds, Stopping threads took: 0.0000742 seconds
[2022-02-07T17:00:32.894+0000][533.920s][debug][safepoint     ] Safepoint synchronization initiated. (301 threads)
[2022-02-07T17:00:32.894+0000][533.920s][info ][safepoint     ] Application time: 1.0001144 seconds
[2022-02-07T17:00:32.894+0000][533.920s][info ][safepoint     ] Entering safepoint region: Cleanup
[2022-02-07T17:00:32.894+0000][533.920s][info ][safepoint     ] Leaving safepoint region
[2022-02-07T17:00:32.894+0000][533.920s][info ][safepoint     ] Total time for which application threads were stopped: 0.0003259 seconds, Stopping threads took: 0.0000708 seconds
[2022-02-07T17:00:33.894+0000][534.920s][debug][safepoint     ] Safepoint synchronization initiated. (301 threads)
[2022-02-07T17:00:33.894+0000][534.920s][info ][safepoint     ] Application time: 1.0001394 seconds
[2022-02-07T17:00:33.894+0000][534.920s][info ][safepoint     ] Entering safepoint region: Cleanup
[2022-02-07T17:00:33.895+0000][534.921s][info ][safepoint     ] Leaving safepoint region
[2022-02-07T17:00:33.895+0000][534.921s][info ][safepoint     ] Total time for which application threads were stopped: 0.0004595 seconds, Stopping threads took: 0.0000731 seconds
[2022-02-07T17:00:34.895+0000][535.921s][debug][safepoint     ] Safepoint synchronization initiated. (301 threads)
[2022-02-07T17:00:34.895+0000][535.921s][info ][safepoint     ] Application time: 1.0001185 seconds
[2022-02-07T17:00:34.895+0000][535.921s][info ][safepoint     ] Entering safepoint region: Cleanup
[2022-02-07T17:00:34.895+0000][535.921s][info ][safepoint     ] Leaving safepoint region
[2022-02-07T17:00:34.895+0000][535.921s][info ][safepoint     ] Total time for which application threads were stopped: 0.0004548 seconds, Stopping threads took: 0.0000684 seconds
[2022-02-07T17:00:35.045+0000][536.071s][debug][safepoint     ] Safepoint synchronization initiated. (301 threads)
[2022-02-07T17:00:35.045+0000][536.071s][info ][safepoint     ] Application time: 0.1497220 seconds
[2022-02-07T17:00:35.045+0000][536.071s][info ][safepoint     ] Entering safepoint region: G1CollectForAllocation
[2022-02-07T17:00:35.046+0000][536.071s][info ][gc,start      ] GC(77) Pause Young (Normal) (G1 Evacuation Pause)
[2022-02-07T17:00:35.046+0000][536.071s][info ][gc,task       ] GC(77) Using 4 workers of 4 for evacuation
[2022-02-07T17:00:35.061+0000][536.086s][info ][gc,phases     ] GC(77)   Pre Evacuate Collection Set: 0.0ms
[2022-02-07T17:00:35.061+0000][536.086s][info ][gc,phases     ] GC(77)   Evacuate Collection Set: 10.7ms
[2022-02-07T17:00:35.061+0000][536.086s][info ][gc,phases     ] GC(77)   Post Evacuate Collection Set: 4.0ms
[2022-02-07T17:00:35.061+0000][536.086s][info ][gc,phases     ] GC(77)   Other: 0.2ms
[2022-02-07T17:00:35.061+0000][536.086s][info ][gc,heap       ] GC(77) Eden regions: 237->0(237)
[2022-02-07T17:00:35.061+0000][536.086s][info ][gc,heap       ] GC(77) Survivor regions: 1->1(30)
[2022-02-07T17:00:35.061+0000][536.086s][info ][gc,heap       ] GC(77) Old regions: 146->146
[2022-02-07T17:00:35.061+0000][536.086s][info ][gc,heap       ] GC(77) Humongous regions: 0->0
[2022-02-07T17:00:35.061+0000][536.086s][info ][gc,metaspace  ] GC(77) Metaspace: 162121K->162121K(1204224K)
[2022-02-07T17:00:35.061+0000][536.087s][info ][gc            ] GC(77) Pause Young (Normal) (G1 Evacuation Pause) 381M->144M(430M) 15.051ms
[2022-02-07T17:00:35.061+0000][536.087s][info ][gc,cpu        ] GC(77) User=0.02s Sys=0.00s Real=0.02s
[2022-02-07T17:00:35.061+0000][536.087s][info ][safepoint     ] Leaving safepoint region
[2022-02-07T17:00:35.061+0000][536.087s][info ][safepoint     ] Total time for which application threads were stopped: 0.0156212 seconds, Stopping threads took: 0.0000682 seconds
[2022-02-07T17:00:35.061+0000][536.087s][info ][gc,stringdedup] Concurrent String Deduplication (536.087s)
[2022-02-07T17:00:35.061+0000][536.087s][info ][gc,stringdedup] Concurrent String Deduplication 696.0B->0.0B(696.0B) avg 53.1% (536.087s, 536.087s) 0.027ms
[2022-02-07T17:00:36.061+0000][537.087s][debug][safepoint     ] Safepoint synchronization initiated. (301 threads)
[2022-02-07T17:00:36.061+0000][537.087s][info ][safepoint     ] Application time: 1.0001302 seconds
[2022-02-07T17:00:36.061+0000][537.087s][info ][safepoint     ] Entering safepoint region: Cleanup
[2022-02-07T17:00:36.061+0000][537.087s][info ][safepoint     ] Leaving safepoint region
[2022-02-07T17:00:36.061+0000][537.087s][info ][safepoint     ] Total time for which application threads were stopped: 0.0003049 seconds, Stopping threads took: 0.0000713 seconds
[2022-02-07T17:00:37.061+0000][538.087s][debug][safepoint     ] Safepoint synchronization initiated. (301 threads)
[2022-02-07T17:00:37.061+0000][538.087s][info ][safepoint     ] Application time: 1.0001193 seconds
[2022-02-07T17:00:37.061+0000][538.087s][info ][safepoint     ] Entering safepoint region: Cleanup
[2022-02-07T17:00:37.062+0000][538.088s][info ][safepoint     ] Leaving safepoint region
[2022-02-07T17:00:37.062+0000][538.088s][info ][safepoint     ] Total time for which application threads were stopped: 0.0003054 seconds, Stopping threads took: 0.0000710 seconds
[2022-02-07T17:00:38.062+0000][539.088s][debug][safepoint     ] Safepoint synchronization initiated. (301 threads)
[2022-02-07T17:00:38.062+0000][539.088s][info ][safepoint     ] Application time: 1.0001276 seconds
[2022-02-07T17:00:38.062+0000][539.088s][info ][safepoint     ] Entering safepoint region: Cleanup
[2022-02-07T17:00:38.062+0000][539.088s][info ][safepoint     ] Leaving safepoint region
[2022-02-07T17:00:38.062+0000][539.088s][info ][safepoint     ] Total time for which application threads were stopped: 0.0002934 seconds, Stopping threads took: 0.0000696 seconds
[2022-02-07T17:00:39.062+0000][540.088s][debug][safepoint     ] Safepoint synchronization initiated. (301 threads)
[2022-02-07T17:00:39.062+0000][540.088s][info ][safepoint     ] Application time: 1.0001447 seconds
[2022-02-07T17:00:39.062+0000][540.088s][info ][safepoint     ] Entering safepoint region: Cleanup
[2022-02-07T17:00:39.063+0000][540.088s][info ][safepoint     ] Leaving safepoint region
[2022-02-07T17:00:39.063+0000][540.088s][info ][safepoint     ] Total time for which application threads were stopped: 0.0003054 seconds, Stopping threads took: 0.0000680 seconds
[2022-02-07T17:00:40.063+0000][541.089s][debug][safepoint     ] Safepoint synchronization initiated. (301 threads)
[2022-02-07T17:00:40.063+0000][541.089s][info ][safepoint     ] Application time: 1.0001139 seconds
[2022-02-07T17:00:40.063+0000][541.089s][info ][safepoint     ] Entering safepoint region: Cleanup
[2022-02-07T17:00:40.063+0000][541.089s][info ][safepoint     ] Leaving safepoint region
[2022-02-07T17:00:40.063+0000][541.089s][info ][safepoint     ] Total time for which application threads were stopped: 0.0003131 seconds, Stopping threads took: 0.0000686 seconds
[2022-02-07T17:00:41.063+0000][542.089s][debug][safepoint     ] Safepoint synchronization initiated. (301 threads)
[2022-02-07T17:00:41.063+0000][542.089s][info ][safepoint     ] Application time: 1.0001156 seconds
[2022-02-07T17:00:41.063+0000][542.089s][info ][safepoint     ] Entering safepoint region: Cleanup
[2022-02-07T17:00:41.063+0000][542.089s][info ][safepoint     ] Leaving safepoint region
[2022-02-07T17:00:41.063+0000][542.089s][info ][safepoint     ] Total time for which application threads were stopped: 0.0002966 seconds, Stopping threads took: 0.0000768 seconds
[2022-02-07T17:00:42.064+0000][543.089s][debug][safepoint     ] Safepoint synchronization initiated. (301 threads)
[2022-02-07T17:00:42.064+0000][543.089s][info ][safepoint     ] Application time: 1.0001369 seconds
[2022-02-07T17:00:42.064+0000][543.090s][info ][safepoint     ] Entering safepoint region: Cleanup
[2022-02-07T17:00:42.064+0000][543.090s][info ][safepoint     ] Leaving safepoint region
[2022-02-07T17:00:42.064+0000][543.090s][info ][safepoint     ] Total time for which application threads were stopped: 0.0003451 seconds, Stopping threads took: 0.0000707 seconds
[2022-02-07T17:00:43.064+0000][544.090s][debug][safepoint     ] Safepoint synchronization initiated. (301 threads)
[2022-02-07T17:00:43.064+0000][544.090s][info ][safepoint     ] Application time: 1.0001195 seconds
[2022-02-07T17:00:43.064+0000][544.090s][info ][safepoint     ] Entering safepoint region: Cleanup
[2022-02-07T17:00:43.065+0000][544.090s][info ][safepoint     ] Leaving safepoint region
[2022-02-07T17:00:43.065+0000][544.090s][info ][safepoint     ] Total time for which application threads were stopped: 0.0004438 seconds, Stopping threads took: 0.0000712 seconds
[2022-02-07T17:00:44.065+0000][545.090s][debug][safepoint     ] Safepoint synchronization initiated. (301 threads)
[2022-02-07T17:00:44.065+0000][545.091s][info ][safepoint     ] Application time: 1.0001227 seconds
[2022-02-07T17:00:44.065+0000][545.091s][info ][safepoint     ] Entering safepoint region: Cleanup
[2022-02-07T17:00:44.065+0000][545.091s][info ][safepoint     ] Leaving safepoint region
[2022-02-07T17:00:44.065+0000][545.091s][info ][safepoint     ] Total time for which application threads were stopped: 0.0003252 seconds, Stopping threads took: 0.0000724 seconds
[2022-02-07T17:00:45.065+0000][546.091s][debug][safepoint     ] Safepoint synchronization initiated. (301 threads)
[2022-02-07T17:00:45.065+0000][546.091s][info ][safepoint     ] Application time: 1.0001098 seconds
[2022-02-07T17:00:45.065+0000][546.091s][info ][safepoint     ] Entering safepoint region: Cleanup
[2022-02-07T17:00:45.065+0000][546.091s][info ][safepoint     ] Leaving safepoint region
[2022-02-07T17:00:45.065+0000][546.091s][info ][safepoint     ] Total time for which application threads were stopped: 0.0002570 seconds, Stopping threads took: 0.0000620 seconds
[2022-02-07T17:00:46.065+0000][547.091s][debug][safepoint     ] Safepoint synchronization initiated. (301 threads)
[2022-02-07T17:00:46.066+0000][547.091s][info ][safepoint     ] Application time: 1.0001148 seconds
[2022-02-07T17:00:46.066+0000][547.091s][info ][safepoint     ] Entering safepoint region: Cleanup
[2022-02-07T17:00:46.066+0000][547.092s][info ][safepoint     ] Leaving safepoint region
[2022-02-07T17:00:46.066+0000][547.092s][info ][safepoint     ] Total time for which application threads were stopped: 0.0003152 seconds, Stopping threads took: 0.0000721 seconds
[2022-02-07T17:00:47.066+0000][548.092s][debug][safepoint     ] Safepoint synchronization initiated. (301 threads)
[2022-02-07T17:00:47.066+0000][548.092s][info ][safepoint     ] Application time: 1.0001302 seconds
[2022-02-07T17:00:47.066+0000][548.092s][info ][safepoint     ] Entering safepoint region: Cleanup
[2022-02-07T17:00:47.066+0000][548.092s][info ][safepoint     ] Leaving safepoint region
[2022-02-07T17:00:47.066+0000][548.092s][info ][safepoint     ] Total time for which application threads were stopped: 0.0002491 seconds, Stopping threads took: 0.0000623 seconds
[2022-02-07T17:00:48.066+0000][549.092s][debug][safepoint     ] Safepoint synchronization initiated. (301 threads)
[2022-02-07T17:00:48.066+0000][549.092s][info ][safepoint     ] Application time: 1.0001287 seconds
[2022-02-07T17:00:48.066+0000][549.092s][info ][safepoint     ] Entering safepoint region: Cleanup
[2022-02-07T17:00:48.067+0000][549.092s][info ][safepoint     ] Leaving safepoint region
[2022-02-07T17:00:48.067+0000][549.092s][info ][safepoint     ] Total time for which application threads were stopped: 0.0002564 seconds, Stopping threads took: 0.0000699 seconds
[2022-02-07T17:00:49.067+0000][550.093s][debug][safepoint     ] Safepoint synchronization initiated. (301 threads)
[2022-02-07T17:00:49.067+0000][550.093s][info ][safepoint     ] Application time: 1.0001285 seconds
[2022-02-07T17:00:49.067+0000][550.093s][info ][safepoint     ] Entering safepoint region: Cleanup
[2022-02-07T17:00:49.067+0000][550.093s][info ][safepoint     ] Leaving safepoint region
[2022-02-07T17:00:49.067+0000][550.093s][info ][safepoint     ] Total time for which application threads were stopped: 0.0003994 seconds, Stopping threads took: 0.0000685 seconds
[2022-02-07T17:00:50.067+0000][551.093s][debug][safepoint     ] Safepoint synchronization initiated. (301 threads)
[2022-02-07T17:00:50.067+0000][551.093s][info ][safepoint     ] Application time: 1.0000980 seconds
[2022-02-07T17:00:50.067+0000][551.093s][info ][safepoint     ] Entering safepoint region: Cleanup
[2022-02-07T17:00:50.068+0000][551.093s][info ][safepoint     ] Leaving safepoint region
[2022-02-07T17:00:50.068+0000][551.093s][info ][safepoint     ] Total time for which application threads were stopped: 0.0003188 seconds, Stopping threads took: 0.0000767 seconds
[2022-02-07T17:00:51.068+0000][552.094s][debug][safepoint     ] Safepoint synchronization initiated. (301 threads)
[2022-02-07T17:00:51.068+0000][552.094s][info ][safepoint     ] Application time: 1.0001655 seconds
[2022-02-07T17:00:51.068+0000][552.094s][info ][safepoint     ] Entering safepoint region: Cleanup
[2022-02-07T17:00:51.068+0000][552.094s][info ][safepoint     ] Leaving safepoint region
[2022-02-07T17:00:51.068+0000][552.094s][info ][safepoint     ] Total time for which application threads were stopped: 0.0003440 seconds, Stopping threads took: 0.0000844 seconds
[2022-02-07T17:00:52.068+0000][553.094s][debug][safepoint     ] Safepoint synchronization initiated. (301 threads)
[2022-02-07T17:00:52.068+0000][553.094s][info ][safepoint     ] Application time: 1.0001279 seconds
[2022-02-07T17:00:52.068+0000][553.094s][info ][safepoint     ] Entering safepoint region: Cleanup
[2022-02-07T17:00:52.069+0000][553.095s][info ][safepoint     ] Leaving safepoint region
[2022-02-07T17:00:52.069+0000][553.095s][info ][safepoint     ] Total time for which application threads were stopped: 0.0005236 seconds, Stopping threads took: 0.0000831 seconds
[2022-02-07T17:00:52.635+0000][553.661s][debug][safepoint     ] Safepoint synchronization initiated. (301 threads)
[2022-02-07T17:00:52.635+0000][553.661s][info ][safepoint     ] Application time: 0.5666485 seconds
[2022-02-07T17:00:52.642+0000][553.668s][debug][safepoint     ] ... found polling page return exception at pc = 0x00007f11b5312f62, stub =0x00007f11ac8beb80
[2022-02-07T17:00:52.642+0000][553.668s][debug][safepoint     ] Waiting for 1 thread(s) to block
[2022-02-07T17:00:52.643+0000][553.668s][info ][safepoint     ] Entering safepoint region: G1CollectForAllocation
[2022-02-07T17:00:52.643+0000][553.669s][info ][gc,start      ] GC(78) Pause Young (Normal) (G1 Evacuation Pause)
[2022-02-07T17:00:52.643+0000][553.669s][info ][gc,task       ] GC(78) Using 4 workers of 4 for evacuation
[2022-02-07T17:00:52.665+0000][553.691s][info ][gc,phases     ] GC(78)   Pre Evacuate Collection Set: 0.0ms
[2022-02-07T17:00:52.665+0000][553.691s][info ][gc,phases     ] GC(78)   Evacuate Collection Set: 15.5ms
[2022-02-07T17:00:52.665+0000][553.691s][info ][gc,phases     ] GC(78)   Post Evacuate Collection Set: 5.9ms
[2022-02-07T17:00:52.665+0000][553.691s][info ][gc,phases     ] GC(78)   Other: 0.3ms
[2022-02-07T17:00:52.665+0000][553.691s][info ][gc,heap       ] GC(78) Eden regions: 237->0(237)
[2022-02-07T17:00:52.665+0000][553.691s][info ][gc,heap       ] GC(78) Survivor regions: 1->1(30)
[2022-02-07T17:00:52.665+0000][553.691s][info ][gc,heap       ] GC(78) Old regions: 146->146
[2022-02-07T17:00:52.665+0000][553.691s][info ][gc,heap       ] GC(78) Humongous regions: 0->0
[2022-02-07T17:00:52.665+0000][553.691s][info ][gc,metaspace  ] GC(78) Metaspace: 162136K->162136K(1204224K)
[2022-02-07T17:00:52.665+0000][553.691s][info ][gc            ] GC(78) Pause Young (Normal) (G1 Evacuation Pause) 381M->144M(430M) 21.711ms
[2022-02-07T17:00:52.665+0000][553.691s][info ][gc,cpu        ] GC(78) User=0.02s Sys=0.00s Real=0.02s
[2022-02-07T17:00:52.665+0000][553.691s][info ][safepoint     ] Leaving safepoint region
[2022-02-07T17:00:52.665+0000][553.691s][info ][safepoint     ] Total time for which application threads were stopped: 0.0296830 seconds, Stopping threads took: 0.0070233 seconds
[2022-02-07T17:00:52.665+0000][553.691s][info ][gc,stringdedup] Concurrent String Deduplication (553.691s)
[2022-02-07T17:00:52.665+0000][553.691s][info ][gc,stringdedup] Concurrent String Deduplication 1152.0B->80.0B(1072.0B) avg 53.1% (553.691s, 553.691s) 0.032ms
[2022-02-07T17:00:53.666+0000][554.692s][debug][safepoint     ] Safepoint synchronization initiated. (301 threads)
[2022-02-07T17:00:53.666+0000][554.692s][info ][safepoint     ] Application time: 1.0011185 seconds
[2022-02-07T17:00:53.666+0000][554.692s][info ][safepoint     ] Entering safepoint region: Cleanup
[2022-02-07T17:00:53.667+0000][554.693s][info ][safepoint     ] Leaving safepoint region
[2022-02-07T17:00:53.667+0000][554.693s][info ][safepoint     ] Total time for which application threads were stopped: 0.0004782 seconds, Stopping threads took: 0.0000755 seconds
[2022-02-07T17:00:54.667+0000][555.693s][debug][safepoint     ] Safepoint synchronization initiated. (301 threads)
[2022-02-07T17:00:54.667+0000][555.693s][info ][safepoint     ] Application time: 1.0001468 seconds
[2022-02-07T17:00:54.667+0000][555.693s][info ][safepoint     ] Entering safepoint region: Cleanup
[2022-02-07T17:00:54.667+0000][555.693s][info ][safepoint     ] Leaving safepoint region
[2022-02-07T17:00:54.667+0000][555.693s][info ][safepoint     ] Total time for which application threads were stopped: 0.0004589 seconds, Stopping threads took: 0.0000743 seconds
[2022-02-07T17:00:55.667+0000][556.693s][debug][safepoint     ] Safepoint synchronization initiated. (301 threads)
[2022-02-07T17:00:55.668+0000][556.693s][info ][safepoint     ] Application time: 1.0001129 seconds
[2022-02-07T17:00:55.668+0000][556.693s][info ][safepoint     ] Entering safepoint region: Cleanup
[2022-02-07T17:00:55.668+0000][556.694s][info ][safepoint     ] Leaving safepoint region
[2022-02-07T17:00:55.668+0000][556.694s][info ][safepoint     ] Total time for which application threads were stopped: 0.0002816 seconds, Stopping threads took: 0.0000802 seconds
[2022-02-07T17:00:56.668+0000][557.694s][debug][safepoint     ] Safepoint synchronization initiated. (301 threads)
[2022-02-07T17:00:56.668+0000][557.694s][info ][safepoint     ] Application time: 1.0001119 seconds
[2022-02-07T17:00:56.668+0000][557.694s][info ][safepoint     ] Entering safepoint region: Cleanup
[2022-02-07T17:00:56.668+0000][557.694s][info ][safepoint     ] Leaving safepoint region
[2022-02-07T17:00:56.668+0000][557.694s][info ][safepoint     ] Total time for which application threads were stopped: 0.0002561 seconds, Stopping threads took: 0.0000687 seconds
[2022-02-07T17:00:57.668+0000][558.694s][debug][safepoint     ] Safepoint synchronization initiated. (301 threads)
[2022-02-07T17:00:57.668+0000][558.694s][info ][safepoint     ] Application time: 1.0001168 seconds
[2022-02-07T17:00:57.668+0000][558.694s][info ][safepoint     ] Entering safepoint region: Cleanup
[2022-02-07T17:00:57.669+0000][558.694s][info ][safepoint     ] Leaving safepoint region
[2022-02-07T17:00:57.669+0000][558.694s][info ][safepoint     ] Total time for which application threads were stopped: 0.0002645 seconds, Stopping threads took: 0.0000801 seconds
[2022-02-07T17:00:58.669+0000][559.695s][debug][safepoint     ] Safepoint synchronization initiated. (301 threads)
[2022-02-07T17:00:58.669+0000][559.695s][info ][safepoint     ] Application time: 1.0001223 seconds
[2022-02-07T17:00:58.669+0000][559.695s][info ][safepoint     ] Entering safepoint region: Cleanup
[2022-02-07T17:00:58.669+0000][559.695s][info ][safepoint     ] Leaving safepoint region
[2022-02-07T17:00:58.669+0000][559.695s][info ][safepoint     ] Total time for which application threads were stopped: 0.0003227 seconds, Stopping threads took: 0.0000736 seconds
[2022-02-07T17:00:59.669+0000][560.695s][debug][safepoint     ] Safepoint synchronization initiated. (301 threads)
[2022-02-07T17:00:59.669+0000][560.695s][info ][safepoint     ] Application time: 1.0001124 seconds
[2022-02-07T17:00:59.669+0000][560.695s][info ][safepoint     ] Entering safepoint region: Cleanup
[2022-02-07T17:00:59.670+0000][560.696s][info ][safepoint     ] Leaving safepoint region
[2022-02-07T17:00:59.670+0000][560.696s][info ][safepoint     ] Total time for which application threads were stopped: 0.0004560 seconds, Stopping threads took: 0.0000670 seconds
[2022-02-07T17:01:00.670+0000][561.696s][debug][safepoint     ] Safepoint synchronization initiated. (301 threads)
[2022-02-07T17:01:00.670+0000][561.696s][info ][safepoint     ] Application time: 1.0001472 seconds
[2022-02-07T17:01:00.670+0000][561.696s][info ][safepoint     ] Entering safepoint region: Cleanup
[2022-02-07T17:01:00.670+0000][561.696s][info ][safepoint     ] Leaving safepoint region
[2022-02-07T17:01:00.670+0000][561.696s][info ][safepoint     ] Total time for which application threads were stopped: 0.0003010 seconds, Stopping threads took: 0.0000669 seconds
[2022-02-07T17:01:01.670+0000][562.696s][debug][safepoint     ] Safepoint synchronization initiated. (301 threads)
[2022-02-07T17:01:01.670+0000][562.696s][info ][safepoint     ] Application time: 1.0000783 seconds
[2022-02-07T17:01:01.670+0000][562.696s][info ][safepoint     ] Entering safepoint region: Cleanup
[2022-02-07T17:01:01.671+0000][562.696s][info ][safepoint     ] Leaving safepoint region
[2022-02-07T17:01:01.671+0000][562.696s][info ][safepoint     ] Total time for which application threads were stopped: 0.0003221 seconds, Stopping threads took: 0.0000678 seconds
[2022-02-07T17:01:02.671+0000][563.697s][debug][safepoint     ] Safepoint synchronization initiated. (301 threads)
[2022-02-07T17:01:02.671+0000][563.697s][info ][safepoint     ] Application time: 1.0001419 seconds
[2022-02-07T17:01:02.671+0000][563.697s][info ][safepoint     ] Entering safepoint region: Cleanup
[2022-02-07T17:01:02.671+0000][563.697s][info ][safepoint     ] Leaving safepoint region
[2022-02-07T17:01:02.671+0000][563.697s][info ][safepoint     ] Total time for which application threads were stopped: 0.0004554 seconds, Stopping threads took: 0.0000705 seconds
[2022-02-07T17:01:03.671+0000][564.697s][debug][safepoint     ] Safepoint synchronization initiated. (301 threads)
[2022-02-07T17:01:03.671+0000][564.697s][info ][safepoint     ] Application time: 1.0000962 seconds
[2022-02-07T17:01:03.671+0000][564.697s][info ][safepoint     ] Entering safepoint region: Cleanup
[2022-02-07T17:01:03.672+0000][564.697s][info ][safepoint     ] Leaving safepoint region
[2022-02-07T17:01:03.672+0000][564.698s][info ][safepoint     ] Total time for which application threads were stopped: 0.0003767 seconds, Stopping threads took: 0.0000692 seconds
[2022-02-07T17:01:04.672+0000][565.698s][debug][safepoint     ] Safepoint synchronization initiated. (301 threads)
[2022-02-07T17:01:04.672+0000][565.698s][info ][safepoint     ] Application time: 1.0001233 seconds
[2022-02-07T17:01:04.672+0000][565.698s][info ][safepoint     ] Entering safepoint region: Cleanup
[2022-02-07T17:01:04.672+0000][565.698s][info ][safepoint     ] Leaving safepoint region
[2022-02-07T17:01:04.672+0000][565.698s][info ][safepoint     ] Total time for which application threads were stopped: 0.0002496 seconds, Stopping threads took: 0.0000708 seconds
[2022-02-07T17:01:05.672+0000][566.698s][debug][safepoint     ] Safepoint synchronization initiated. (301 threads)
[2022-02-07T17:01:05.672+0000][566.698s][info ][safepoint     ] Application time: 1.0001149 seconds
[2022-02-07T17:01:05.672+0000][566.698s][info ][safepoint     ] Entering safepoint region: Cleanup
[2022-02-07T17:01:05.672+0000][566.698s][info ][safepoint     ] Leaving safepoint region
[2022-02-07T17:01:05.672+0000][566.698s][info ][safepoint     ] Total time for which application threads were stopped: 0.0002567 seconds, Stopping threads took: 0.0000696 seconds
[2022-02-07T17:01:06.673+0000][567.698s][debug][safepoint     ] Safepoint synchronization initiated. (301 threads)
[2022-02-07T17:01:06.673+0000][567.698s][info ][safepoint     ] Application time: 1.0001207 seconds
[2022-02-07T17:01:06.673+0000][567.699s][info ][safepoint     ] Entering safepoint region: Cleanup
[2022-02-07T17:01:06.673+0000][567.699s][info ][safepoint     ] Leaving safepoint region
[2022-02-07T17:01:06.673+0000][567.699s][info ][safepoint     ] Total time for which application threads were stopped: 0.0003079 seconds, Stopping threads took: 0.0000751 seconds
[2022-02-07T17:01:07.673+0000][568.699s][debug][safepoint     ] Safepoint synchronization initiated. (301 threads)
[2022-02-07T17:01:07.673+0000][568.699s][info ][safepoint     ] Application time: 1.0001489 seconds
[2022-02-07T17:01:07.673+0000][568.699s][info ][safepoint     ] Entering safepoint region: Cleanup
[2022-02-07T17:01:07.673+0000][568.699s][info ][safepoint     ] Leaving safepoint region
[2022-02-07T17:01:07.673+0000][568.699s][info ][safepoint     ] Total time for which application threads were stopped: 0.0003422 seconds, Stopping threads took: 0.0000729 seconds
[2022-02-07T17:01:08.366+0000][569.391s][debug][safepoint     ] Safepoint synchronization initiated. (301 threads)
[2022-02-07T17:01:08.366+0000][569.391s][info ][safepoint     ] Application time: 0.6921469 seconds
[2022-02-07T17:01:08.366+0000][569.392s][info ][safepoint     ] Entering safepoint region: G1CollectForAllocation
[2022-02-07T17:01:08.366+0000][569.392s][info ][gc,start      ] GC(79) Pause Young (Normal) (G1 Evacuation Pause)
[2022-02-07T17:01:08.366+0000][569.392s][info ][gc,task       ] GC(79) Using 4 workers of 4 for evacuation
[2022-02-07T17:01:08.380+0000][569.406s][info ][gc,phases     ] GC(79)   Pre Evacuate Collection Set: 0.0ms
[2022-02-07T17:01:08.380+0000][569.406s][info ][gc,phases     ] GC(79)   Evacuate Collection Set: 9.3ms
[2022-02-07T17:01:08.380+0000][569.406s][info ][gc,phases     ] GC(79)   Post Evacuate Collection Set: 4.1ms
[2022-02-07T17:01:08.380+0000][569.406s][info ][gc,phases     ] GC(79)   Other: 0.3ms
[2022-02-07T17:01:08.380+0000][569.406s][info ][gc,heap       ] GC(79) Eden regions: 237->0(237)
[2022-02-07T17:01:08.380+0000][569.406s][info ][gc,heap       ] GC(79) Survivor regions: 1->1(30)
[2022-02-07T17:01:08.380+0000][569.406s][info ][gc,heap       ] GC(79) Old regions: 146->146
[2022-02-07T17:01:08.380+0000][569.406s][info ][gc,heap       ] GC(79) Humongous regions: 0->0
[2022-02-07T17:01:08.380+0000][569.406s][info ][gc,metaspace  ] GC(79) Metaspace: 162147K->162147K(1204224K)
[2022-02-07T17:01:08.380+0000][569.406s][info ][gc            ] GC(79) Pause Young (Normal) (G1 Evacuation Pause) 381M->144M(430M) 13.849ms
[2022-02-07T17:01:08.380+0000][569.406s][info ][gc,cpu        ] GC(79) User=0.02s Sys=0.00s Real=0.02s
[2022-02-07T17:01:08.380+0000][569.406s][info ][safepoint     ] Leaving safepoint region
[2022-02-07T17:01:08.380+0000][569.406s][info ][safepoint     ] Total time for which application threads were stopped: 0.0143102 seconds, Stopping threads took: 0.0000820 seconds
[2022-02-07T17:01:08.380+0000][569.406s][info ][gc,stringdedup] Concurrent String Deduplication (569.406s)
[2022-02-07T17:01:08.380+0000][569.406s][info ][gc,stringdedup] Concurrent String Deduplication 528.0B->0.0B(528.0B) avg 53.1% (569.406s, 569.406s) 0.035ms
[2022-02-07T17:01:09.380+0000][570.406s][debug][safepoint     ] Safepoint synchronization initiated. (301 threads)
[2022-02-07T17:01:09.380+0000][570.406s][info ][safepoint     ] Application time: 1.0001399 seconds
[2022-02-07T17:01:09.380+0000][570.406s][info ][safepoint     ] Entering safepoint region: Cleanup
[2022-02-07T17:01:09.380+0000][570.406s][info ][safepoint     ] Leaving safepoint region
[2022-02-07T17:01:09.380+0000][570.406s][info ][safepoint     ] Total time for which application threads were stopped: 0.0002958 seconds, Stopping threads took: 0.0000731 seconds
[2022-02-07T17:01:10.380+0000][571.406s][debug][safepoint     ] Safepoint synchronization initiated. (301 threads)
[2022-02-07T17:01:10.380+0000][571.406s][info ][safepoint     ] Application time: 1.0001369 seconds
[2022-02-07T17:01:10.381+0000][571.406s][debug][safepoint     ] ... found polling page return exception at pc = 0x00007f11b533f8a8, stub =0x00007f11ac8beb80
[2022-02-07T17:01:10.381+0000][571.406s][debug][safepoint     ] Waiting for 1 thread(s) to block
[2022-02-07T17:01:10.381+0000][571.406s][info ][safepoint     ] Entering safepoint region: Cleanup
[2022-02-07T17:01:10.381+0000][571.407s][info ][safepoint     ] Leaving safepoint region
[2022-02-07T17:01:10.381+0000][571.407s][info ][safepoint     ] Total time for which application threads were stopped: 0.0003050 seconds, Stopping threads took: 0.0001286 seconds
[2022-02-07T17:01:11.381+0000][572.407s][debug][safepoint     ] Safepoint synchronization initiated. (301 threads)
[2022-02-07T17:01:11.381+0000][572.407s][info ][safepoint     ] Application time: 1.0001266 seconds
[2022-02-07T17:01:11.381+0000][572.407s][info ][safepoint     ] Entering safepoint region: Cleanup
[2022-02-07T17:01:11.381+0000][572.407s][info ][safepoint     ] Leaving safepoint region
[2022-02-07T17:01:11.381+0000][572.407s][info ][safepoint     ] Total time for which application threads were stopped: 0.0002496 seconds, Stopping threads took: 0.0000700 seconds
[2022-02-07T17:01:12.381+0000][573.407s][debug][safepoint     ] Safepoint synchronization initiated. (301 threads)
[2022-02-07T17:01:12.381+0000][573.407s][info ][safepoint     ] Application time: 1.0001159 seconds
[2022-02-07T17:01:12.381+0000][573.407s][info ][safepoint     ] Entering safepoint region: Cleanup
[2022-02-07T17:01:12.382+0000][573.407s][info ][safepoint     ] Leaving safepoint region
[2022-02-07T17:01:12.382+0000][573.407s][debug][safepoint     ] ... found polling page loop exception at pc = 0x00007f11b5315f8f, stub =0x00007f11ac8be900
[2022-02-07T17:01:12.382+0000][573.407s][info ][safepoint     ] Total time for which application threads were stopped: 0.0003059 seconds, Stopping threads took: 0.0000727 seconds
[2022-02-07T17:01:13.382+0000][574.408s][debug][safepoint     ] Safepoint synchronization initiated. (301 threads)
[2022-02-07T17:01:13.382+0000][574.408s][info ][safepoint     ] Application time: 1.0001149 seconds
[2022-02-07T17:01:13.382+0000][574.408s][info ][safepoint     ] Entering safepoint region: Cleanup
[2022-02-07T17:01:13.382+0000][574.408s][info ][safepoint     ] Leaving safepoint region
[2022-02-07T17:01:13.382+0000][574.408s][info ][safepoint     ] Total time for which application threads were stopped: 0.0003169 seconds, Stopping threads took: 0.0000727 seconds
[2022-02-07T17:01:14.382+0000][575.408s][debug][safepoint     ] Safepoint synchronization initiated. (301 threads)
[2022-02-07T17:01:14.382+0000][575.408s][info ][safepoint     ] Application time: 1.0001219 seconds
[2022-02-07T17:01:14.382+0000][575.408s][info ][safepoint     ] Entering safepoint region: Cleanup
[2022-02-07T17:01:14.383+0000][575.408s][info ][safepoint     ] Leaving safepoint region
[2022-02-07T17:01:14.383+0000][575.408s][info ][safepoint     ] Total time for which application threads were stopped: 0.0003150 seconds, Stopping threads took: 0.0000781 seconds
[2022-02-07T17:01:15.383+0000][576.409s][debug][safepoint     ] Safepoint synchronization initiated. (301 threads)
[2022-02-07T17:01:15.383+0000][576.409s][info ][safepoint     ] Application time: 1.0001116 seconds
[2022-02-07T17:01:15.383+0000][576.409s][info ][safepoint     ] Entering safepoint region: Cleanup
[2022-02-07T17:01:15.383+0000][576.409s][info ][safepoint     ] Leaving safepoint region
[2022-02-07T17:01:15.383+0000][576.409s][info ][safepoint     ] Total time for which application threads were stopped: 0.0004487 seconds, Stopping threads took: 0.0000705 seconds
[2022-02-07T17:01:16.383+0000][577.409s][debug][safepoint     ] Safepoint synchronization initiated. (301 threads)
[2022-02-07T17:01:16.383+0000][577.409s][info ][safepoint     ] Application time: 1.0001211 seconds
[2022-02-07T17:01:16.383+0000][577.409s][info ][safepoint     ] Entering safepoint region: Cleanup
[2022-02-07T17:01:16.384+0000][577.410s][info ][safepoint     ] Leaving safepoint region
[2022-02-07T17:01:16.384+0000][577.410s][info ][safepoint     ] Total time for which application threads were stopped: 0.0004773 seconds, Stopping threads took: 0.0000908 seconds
[2022-02-07T17:01:17.384+0000][578.410s][debug][safepoint     ] Safepoint synchronization initiated. (301 threads)
[2022-02-07T17:01:17.384+0000][578.410s][info ][safepoint     ] Application time: 1.0001101 seconds
[2022-02-07T17:01:17.384+0000][578.410s][info ][safepoint     ] Entering safepoint region: Cleanup
[2022-02-07T17:01:17.388+0000][578.413s][info ][safepoint     ] Leaving safepoint region
[2022-02-07T17:01:17.388+0000][578.413s][info ][safepoint     ] Total time for which application threads were stopped: 0.0037612 seconds, Stopping threads took: 0.0000699 seconds
[2022-02-07T17:01:18.388+0000][579.414s][debug][safepoint     ] Safepoint synchronization initiated. (301 threads)
[2022-02-07T17:01:18.388+0000][579.414s][info ][safepoint     ] Application time: 1.0001151 seconds
[2022-02-07T17:01:18.388+0000][579.414s][info ][safepoint     ] Entering safepoint region: Cleanup
[2022-02-07T17:01:18.388+0000][579.414s][info ][safepoint     ] Leaving safepoint region
[2022-02-07T17:01:18.388+0000][579.414s][debug][safepoint     ] ... found polling page return exception at pc = 0x00007f11b4fc1a06, stub =0x00007f11ac8beb80
[2022-02-07T17:01:18.388+0000][579.414s][info ][safepoint     ] Total time for which application threads were stopped: 0.0004490 seconds, Stopping threads took: 0.0000684 seconds
[2022-02-07T17:01:19.388+0000][580.414s][debug][safepoint     ] Safepoint synchronization initiated. (301 threads)
[2022-02-07T17:01:19.388+0000][580.414s][info ][safepoint     ] Application time: 1.0001101 seconds
[2022-02-07T17:01:19.388+0000][580.414s][debug][safepoint     ] Waiting for 1 thread(s) to block
[2022-02-07T17:01:19.388+0000][580.414s][info ][safepoint     ] Entering safepoint region: Cleanup
[2022-02-07T17:01:19.389+0000][580.415s][info ][safepoint     ] Leaving safepoint region
[2022-02-07T17:01:19.389+0000][580.415s][info ][safepoint     ] Total time for which application threads were stopped: 0.0005115 seconds, Stopping threads took: 0.0001002 seconds
[2022-02-07T17:01:20.389+0000][581.415s][debug][safepoint     ] Safepoint synchronization initiated. (301 threads)
[2022-02-07T17:01:20.389+0000][581.415s][info ][safepoint     ] Application time: 1.0001273 seconds
[2022-02-07T17:01:20.389+0000][581.415s][info ][safepoint     ] Entering safepoint region: Cleanup
[2022-02-07T17:01:20.389+0000][581.415s][info ][safepoint     ] Leaving safepoint region
[2022-02-07T17:01:20.389+0000][581.415s][info ][safepoint     ] Total time for which application threads were stopped: 0.0004613 seconds, Stopping threads took: 0.0000755 seconds
[2022-02-07T17:01:21.390+0000][582.415s][debug][safepoint     ] Safepoint synchronization initiated. (301 threads)
[2022-02-07T17:01:21.390+0000][582.416s][info ][safepoint     ] Application time: 1.0001492 seconds
[2022-02-07T17:01:21.390+0000][582.416s][info ][safepoint     ] Entering safepoint region: Cleanup
[2022-02-07T17:01:21.390+0000][582.416s][info ][safepoint     ] Leaving safepoint region
[2022-02-07T17:01:21.390+0000][582.416s][info ][safepoint     ] Total time for which application threads were stopped: 0.0003887 seconds, Stopping threads took: 0.0000863 seconds
[2022-02-07T17:01:22.390+0000][583.416s][debug][safepoint     ] Safepoint synchronization initiated. (301 threads)
[2022-02-07T17:01:22.390+0000][583.416s][info ][safepoint     ] Application time: 1.0001177 seconds
[2022-02-07T17:01:22.390+0000][583.416s][debug][safepoint     ] ... found polling page return exception at pc = 0x00007f11b5312f62, stub =0x00007f11ac8beb80
[2022-02-07T17:01:22.390+0000][583.416s][debug][safepoint     ] ... found polling page return exception at pc = 0x00007f11b462489f, stub =0x00007f11ac8beb80
[2022-02-07T17:01:22.390+0000][583.416s][debug][safepoint     ] Waiting for 2 thread(s) to block
[2022-02-07T17:01:22.390+0000][583.416s][info ][safepoint     ] Entering safepoint region: Cleanup
[2022-02-07T17:01:22.391+0000][583.416s][info ][safepoint     ] Leaving safepoint region
[2022-02-07T17:01:22.391+0000][583.416s][info ][safepoint     ] Total time for which application threads were stopped: 0.0003962 seconds, Stopping threads took: 0.0001651 seconds
[2022-02-07T17:01:22.890+0000][583.916s][debug][safepoint     ] Safepoint synchronization initiated. (301 threads)
[2022-02-07T17:01:22.890+0000][583.916s][info ][safepoint     ] Application time: 0.4997938 seconds
[2022-02-07T17:01:22.890+0000][583.916s][debug][safepoint     ] Waiting for 1 thread(s) to block
[2022-02-07T17:01:22.890+0000][583.916s][info ][safepoint     ] Entering safepoint region: G1CollectForAllocation
[2022-02-07T17:01:22.891+0000][583.917s][info ][gc,start      ] GC(80) Pause Young (Normal) (G1 Evacuation Pause)
[2022-02-07T17:01:22.891+0000][583.917s][info ][gc,task       ] GC(80) Using 4 workers of 4 for evacuation
[2022-02-07T17:01:22.906+0000][583.931s][info ][gc,phases     ] GC(80)   Pre Evacuate Collection Set: 0.0ms
[2022-02-07T17:01:22.906+0000][583.931s][info ][gc,phases     ] GC(80)   Evacuate Collection Set: 9.5ms
[2022-02-07T17:01:22.906+0000][583.931s][info ][gc,phases     ] GC(80)   Post Evacuate Collection Set: 5.0ms
[2022-02-07T17:01:22.906+0000][583.931s][info ][gc,phases     ] GC(80)   Other: 0.3ms
[2022-02-07T17:01:22.906+0000][583.931s][info ][gc,heap       ] GC(80) Eden regions: 237->0(238)
[2022-02-07T17:01:22.906+0000][583.931s][info ][gc,heap       ] GC(80) Survivor regions: 1->1(30)
[2022-02-07T17:01:22.906+0000][583.931s][info ][gc,heap       ] GC(80) Old regions: 146->146
[2022-02-07T17:01:22.906+0000][583.931s][info ][gc,heap       ] GC(80) Humongous regions: 0->0
[2022-02-07T17:01:22.906+0000][583.931s][info ][gc,metaspace  ] GC(80) Metaspace: 162205K->162205K(1204224K)
[2022-02-07T17:01:22.906+0000][583.932s][info ][gc            ] GC(80) Pause Young (Normal) (G1 Evacuation Pause) 381M->144M(430M) 14.918ms
[2022-02-07T17:01:22.906+0000][583.932s][info ][gc,cpu        ] GC(80) User=0.02s Sys=0.00s Real=0.01s
[2022-02-07T17:01:22.906+0000][583.932s][info ][safepoint     ] Leaving safepoint region
[2022-02-07T17:01:22.906+0000][583.932s][info ][safepoint     ] Total time for which application threads were stopped: 0.0153700 seconds, Stopping threads took: 0.0000973 seconds
[2022-02-07T17:01:22.906+0000][583.932s][info ][gc,stringdedup] Concurrent String Deduplication (583.932s)
[2022-02-07T17:01:22.906+0000][583.932s][info ][gc,stringdedup] Concurrent String Deduplication 296.0B->0.0B(296.0B) avg 53.1% (583.932s, 583.932s) 0.025ms
[2022-02-07T17:01:23.906+0000][584.932s][debug][safepoint     ] Safepoint synchronization initiated. (301 threads)
[2022-02-07T17:01:23.906+0000][584.932s][info ][safepoint     ] Application time: 1.0006876 seconds
[2022-02-07T17:01:23.907+0000][584.932s][info ][safepoint     ] Entering safepoint region: Cleanup
[2022-02-07T17:01:23.907+0000][584.933s][info ][safepoint     ] Leaving safepoint region
[2022-02-07T17:01:23.907+0000][584.933s][info ][safepoint     ] Total time for which application threads were stopped: 0.0003060 seconds, Stopping threads took: 0.0000739 seconds
[2022-02-07T17:01:24.907+0000][585.933s][debug][safepoint     ] Safepoint synchronization initiated. (301 threads)
[2022-02-07T17:01:24.907+0000][585.933s][info ][safepoint     ] Application time: 1.0001172 seconds
[2022-02-07T17:01:24.907+0000][585.933s][info ][safepoint     ] Entering safepoint region: Cleanup
[2022-02-07T17:01:24.907+0000][585.933s][info ][safepoint     ] Leaving safepoint region
[2022-02-07T17:01:24.907+0000][585.933s][info ][safepoint     ] Total time for which application threads were stopped: 0.0003057 seconds, Stopping threads took: 0.0000693 seconds
[2022-02-07T17:01:25.907+0000][586.933s][debug][safepoint     ] Safepoint synchronization initiated. (301 threads)
[2022-02-07T17:01:25.907+0000][586.933s][info ][safepoint     ] Application time: 1.0001091 seconds
[2022-02-07T17:01:25.907+0000][586.933s][info ][safepoint     ] Entering safepoint region: Cleanup
[2022-02-07T17:01:25.908+0000][586.933s][info ][safepoint     ] Leaving safepoint region
[2022-02-07T17:01:25.908+0000][586.934s][info ][safepoint     ] Total time for which application threads were stopped: 0.0003137 seconds, Stopping threads took: 0.0000882 seconds
[2022-02-07T17:01:26.908+0000][587.934s][debug][safepoint     ] Safepoint synchronization initiated. (301 threads)
[2022-02-07T17:01:26.908+0000][587.934s][info ][safepoint     ] Application time: 1.0001301 seconds
[2022-02-07T17:01:26.908+0000][587.934s][info ][safepoint     ] Entering safepoint region: Cleanup
[2022-02-07T17:01:26.908+0000][587.934s][info ][safepoint     ] Leaving safepoint region
[2022-02-07T17:01:26.908+0000][587.934s][info ][safepoint     ] Total time for which application threads were stopped: 0.0002969 seconds, Stopping threads took: 0.0000705 seconds
[2022-02-07T17:01:27.908+0000][588.934s][debug][safepoint     ] Safepoint synchronization initiated. (301 threads)
[2022-02-07T17:01:27.908+0000][588.934s][info ][safepoint     ] Application time: 1.0001170 seconds
[2022-02-07T17:01:27.908+0000][588.934s][info ][safepoint     ] Entering safepoint region: Cleanup
[2022-02-07T17:01:27.909+0000][588.934s][info ][safepoint     ] Leaving safepoint region
[2022-02-07T17:01:27.909+0000][588.934s][info ][safepoint     ] Total time for which application threads were stopped: 0.0003146 seconds, Stopping threads took: 0.0000731 seconds
[2022-02-07T17:01:28.909+0000][589.934s][debug][safepoint     ] Safepoint synchronization initiated. (301 threads)
[2022-02-07T17:01:28.909+0000][589.935s][info ][safepoint     ] Application time: 1.0001123 seconds
[2022-02-07T17:01:28.909+0000][589.935s][info ][safepoint     ] Entering safepoint region: Cleanup
[2022-02-07T17:01:28.909+0000][589.935s][info ][safepoint     ] Leaving safepoint region
[2022-02-07T17:01:28.909+0000][589.935s][info ][safepoint     ] Total time for which application threads were stopped: 0.0004371 seconds, Stopping threads took: 0.0000691 seconds
[2022-02-07T17:01:29.909+0000][590.935s][debug][safepoint     ] Safepoint synchronization initiated. (301 threads)
[2022-02-07T17:01:29.909+0000][590.935s][info ][safepoint     ] Application time: 1.0001143 seconds
[2022-02-07T17:01:29.909+0000][590.935s][debug][safepoint     ] Waiting for 1 thread(s) to block
[2022-02-07T17:01:29.909+0000][590.935s][info ][safepoint     ] Entering safepoint region: Cleanup
[2022-02-07T17:01:29.910+0000][590.936s][info ][safepoint     ] Leaving safepoint region
[2022-02-07T17:01:29.910+0000][590.936s][info ][safepoint     ] Total time for which application threads were stopped: 0.0004531 seconds, Stopping threads took: 0.0000931 seconds
[2022-02-07T17:01:30.911+0000][591.937s][debug][safepoint     ] Safepoint synchronization initiated. (301 threads)
[2022-02-07T17:01:30.911+0000][591.937s][info ][safepoint     ] Application time: 1.0015788 seconds
[2022-02-07T17:01:30.911+0000][591.937s][info ][safepoint     ] Entering safepoint region: Cleanup
[2022-02-07T17:01:30.912+0000][591.938s][info ][safepoint     ] Leaving safepoint region
[2022-02-07T17:01:30.912+0000][591.938s][info ][safepoint     ] Total time for which application threads were stopped: 0.0005399 seconds, Stopping threads took: 0.0000749 seconds
[2022-02-07T17:01:31.912+0000][592.938s][debug][safepoint     ] Safepoint synchronization initiated. (301 threads)
[2022-02-07T17:01:31.912+0000][592.938s][info ][safepoint     ] Application time: 1.0001165 seconds
[2022-02-07T17:01:31.912+0000][592.938s][info ][safepoint     ] Entering safepoint region: Cleanup
[2022-02-07T17:01:31.912+0000][592.938s][info ][safepoint     ] Leaving safepoint region
[2022-02-07T17:01:31.912+0000][592.938s][info ][safepoint     ] Total time for which application threads were stopped: 0.0004367 seconds, Stopping threads took: 0.0000694 seconds
[2022-02-07T17:01:32.912+0000][593.938s][debug][safepoint     ] Safepoint synchronization initiated. (301 threads)
[2022-02-07T17:01:32.913+0000][593.938s][info ][safepoint     ] Application time: 1.0001142 seconds
[2022-02-07T17:01:32.913+0000][593.938s][info ][safepoint     ] Entering safepoint region: Cleanup
[2022-02-07T17:01:32.913+0000][593.939s][info ][safepoint     ] Leaving safepoint region
[2022-02-07T17:01:32.913+0000][593.939s][info ][safepoint     ] Total time for which application threads were stopped: 0.0004312 seconds, Stopping threads took: 0.0000691 seconds
[2022-02-07T17:01:33.913+0000][594.939s][debug][safepoint     ] Safepoint synchronization initiated. (301 threads)
[2022-02-07T17:01:33.913+0000][594.939s][info ][safepoint     ] Application time: 1.0001182 seconds
[2022-02-07T17:01:33.913+0000][594.939s][info ][safepoint     ] Entering safepoint region: Cleanup
[2022-02-07T17:01:33.914+0000][594.939s][info ][safepoint     ] Leaving safepoint region
[2022-02-07T17:01:33.914+0000][594.939s][info ][safepoint     ] Total time for which application threads were stopped: 0.0004438 seconds, Stopping threads took: 0.0000710 seconds
[2022-02-07T17:01:34.914+0000][595.940s][debug][safepoint     ] Safepoint synchronization initiated. (301 threads)
[2022-02-07T17:01:34.914+0000][595.940s][info ][safepoint     ] Application time: 1.0001152 seconds
[2022-02-07T17:01:34.919+0000][595.945s][debug][safepoint     ] ... found polling page return exception at pc = 0x00007f11b5242e5d, stub =0x00007f11ac8beb80
[2022-02-07T17:01:34.919+0000][595.945s][debug][safepoint     ] Waiting for 1 thread(s) to block
[2022-02-07T17:01:34.919+0000][595.945s][info ][safepoint     ] Entering safepoint region: Cleanup
[2022-02-07T17:01:34.919+0000][595.945s][debug][safepoint     ] ... found polling page return exception at pc = 0x00007f11b4fc1a06, stub =0x00007f11ac8beb80
[2022-02-07T17:01:34.919+0000][595.945s][info ][safepoint     ] Leaving safepoint region
[2022-02-07T17:01:34.919+0000][595.945s][info ][safepoint     ] Total time for which application threads were stopped: 0.0055844 seconds, Stopping threads took: 0.0051744 seconds
[2022-02-07T17:01:35.919+0000][596.945s][debug][safepoint     ] Safepoint synchronization initiated. (301 threads)
[2022-02-07T17:01:35.919+0000][596.945s][info ][safepoint     ] Application time: 1.0001395 seconds
[2022-02-07T17:01:35.920+0000][596.945s][info ][safepoint     ] Entering safepoint region: Cleanup
[2022-02-07T17:01:35.920+0000][596.946s][info ][safepoint     ] Leaving safepoint region
[2022-02-07T17:01:35.920+0000][596.946s][info ][safepoint     ] Total time for which application threads were stopped: 0.0003593 seconds, Stopping threads took: 0.0000850 seconds
[2022-02-07T17:01:36.176+0000][597.202s][debug][safepoint     ] Safepoint synchronization initiated. (301 threads)
[2022-02-07T17:01:36.176+0000][597.202s][info ][safepoint     ] Application time: 0.2563121 seconds
[2022-02-07T17:01:36.176+0000][597.202s][info ][safepoint     ] Entering safepoint region: G1CollectForAllocation
[2022-02-07T17:01:36.176+0000][597.202s][info ][gc,start      ] GC(81) Pause Young (Normal) (G1 Evacuation Pause)
[2022-02-07T17:01:36.176+0000][597.202s][info ][gc,task       ] GC(81) Using 4 workers of 4 for evacuation
[2022-02-07T17:01:36.185+0000][597.211s][info ][gc,phases     ] GC(81)   Pre Evacuate Collection Set: 0.0ms
[2022-02-07T17:01:36.185+0000][597.211s][info ][gc,phases     ] GC(81)   Evacuate Collection Set: 3.9ms
[2022-02-07T17:01:36.185+0000][597.211s][info ][gc,phases     ] GC(81)   Post Evacuate Collection Set: 4.2ms
[2022-02-07T17:01:36.185+0000][597.211s][info ][gc,phases     ] GC(81)   Other: 0.3ms
[2022-02-07T17:01:36.185+0000][597.211s][info ][gc,heap       ] GC(81) Eden regions: 238->0(237)
[2022-02-07T17:01:36.185+0000][597.211s][info ][gc,heap       ] GC(81) Survivor regions: 1->1(30)
[2022-02-07T17:01:36.185+0000][597.211s][info ][gc,heap       ] GC(81) Old regions: 146->147
[2022-02-07T17:01:36.185+0000][597.211s][info ][gc,heap       ] GC(81) Humongous regions: 0->0
[2022-02-07T17:01:36.185+0000][597.211s][info ][gc,metaspace  ] GC(81) Metaspace: 162205K->162205K(1204224K)
[2022-02-07T17:01:36.185+0000][597.211s][info ][gc            ] GC(81) Pause Young (Normal) (G1 Evacuation Pause) 382M->144M(430M) 8.446ms
[2022-02-07T17:01:36.185+0000][597.211s][info ][gc,cpu        ] GC(81) User=0.01s Sys=0.00s Real=0.01s
[2022-02-07T17:01:36.185+0000][597.211s][info ][safepoint     ] Leaving safepoint region
[2022-02-07T17:01:36.185+0000][597.211s][info ][safepoint     ] Total time for which application threads were stopped: 0.0089043 seconds, Stopping threads took: 0.0000698 seconds
[2022-02-07T17:01:36.185+0000][597.211s][info ][gc,stringdedup] Concurrent String Deduplication (597.211s)
[2022-02-07T17:01:36.185+0000][597.211s][info ][gc,stringdedup] Concurrent String Deduplication 400.0B->0.0B(400.0B) avg 53.1% (597.211s, 597.211s) 0.020ms
[2022-02-07T17:01:37.185+0000][598.211s][debug][safepoint     ] Safepoint synchronization initiated. (301 threads)
[2022-02-07T17:01:37.185+0000][598.211s][info ][safepoint     ] Application time: 1.0003811 seconds
[2022-02-07T17:01:37.185+0000][598.211s][info ][safepoint     ] Entering safepoint region: Cleanup
[2022-02-07T17:01:37.186+0000][598.212s][info ][safepoint     ] Leaving safepoint region
[2022-02-07T17:01:37.186+0000][598.212s][info ][safepoint     ] Total time for which application threads were stopped: 0.0002998 seconds, Stopping threads took: 0.0000615 seconds
[2022-02-07T17:01:38.186+0000][599.212s][debug][safepoint     ] Safepoint synchronization initiated. (301 threads)
[2022-02-07T17:01:38.186+0000][599.212s][info ][safepoint     ] Application time: 1.0001297 seconds
[2022-02-07T17:01:38.186+0000][599.212s][info ][safepoint     ] Entering safepoint region: Cleanup
[2022-02-07T17:01:38.186+0000][599.212s][info ][safepoint     ] Leaving safepoint region
[2022-02-07T17:01:38.186+0000][599.212s][info ][safepoint     ] Total time for which application threads were stopped: 0.0002542 seconds, Stopping threads took: 0.0000689 seconds
[2022-02-07T17:01:39.186+0000][600.212s][debug][safepoint     ] Safepoint synchronization initiated. (301 threads)
[2022-02-07T17:01:39.186+0000][600.212s][info ][safepoint     ] Application time: 1.0001153 seconds
[2022-02-07T17:01:39.186+0000][600.212s][debug][safepoint     ] ... found polling page return exception at pc = 0x00007f11b48a6a9e, stub =0x00007f11ac8beb80
[2022-02-07T17:01:39.186+0000][600.212s][debug][safepoint     ] Waiting for 1 thread(s) to block
[2022-02-07T17:01:39.186+0000][600.212s][info ][safepoint     ] Entering safepoint region: Cleanup
[2022-02-07T17:01:39.187+0000][600.213s][info ][safepoint     ] Leaving safepoint region
[2022-02-07T17:01:39.187+0000][600.213s][info ][safepoint     ] Total time for which application threads were stopped: 0.0004663 seconds, Stopping threads took: 0.0001107 seconds
[2022-02-07T17:01:40.187+0000][601.213s][debug][safepoint     ] Safepoint synchronization initiated. (301 threads)
[2022-02-07T17:01:40.187+0000][601.213s][info ][safepoint     ] Application time: 1.0001188 seconds
[2022-02-07T17:01:40.187+0000][601.213s][info ][safepoint     ] Entering safepoint region: Cleanup
[2022-02-07T17:01:40.187+0000][601.213s][info ][safepoint     ] Leaving safepoint region
[2022-02-07T17:01:40.187+0000][601.213s][info ][safepoint     ] Total time for which application threads were stopped: 0.0003329 seconds, Stopping threads took: 0.0000760 seconds
[2022-02-07T17:01:41.187+0000][602.213s][debug][safepoint     ] Safepoint synchronization initiated. (301 threads)
[2022-02-07T17:01:41.187+0000][602.213s][info ][safepoint     ] Application time: 1.0001167 seconds
[2022-02-07T17:01:41.187+0000][602.213s][info ][safepoint     ] Entering safepoint region: Cleanup
[2022-02-07T17:01:41.188+0000][602.214s][info ][safepoint     ] Leaving safepoint region
[2022-02-07T17:01:41.188+0000][602.214s][info ][safepoint     ] Total time for which application threads were stopped: 0.0002942 seconds, Stopping threads took: 0.0000696 seconds
[2022-02-07T17:01:42.188+0000][603.214s][debug][safepoint     ] Safepoint synchronization initiated. (301 threads)
[2022-02-07T17:01:42.188+0000][603.214s][info ][safepoint     ] Application time: 1.0001110 seconds
[2022-02-07T17:01:42.188+0000][603.214s][info ][safepoint     ] Entering safepoint region: Cleanup
[2022-02-07T17:01:42.188+0000][603.214s][info ][safepoint     ] Leaving safepoint region
[2022-02-07T17:01:42.188+0000][603.214s][info ][safepoint     ] Total time for which application threads were stopped: 0.0002882 seconds, Stopping threads took: 0.0000785 seconds
[2022-02-07T17:01:43.188+0000][604.214s][debug][safepoint     ] Safepoint synchronization initiated. (301 threads)
[2022-02-07T17:01:43.188+0000][604.214s][info ][safepoint     ] Application time: 1.0001115 seconds
[2022-02-07T17:01:43.188+0000][604.214s][info ][safepoint     ] Entering safepoint region: Cleanup
[2022-02-07T17:01:43.189+0000][604.215s][info ][safepoint     ] Leaving safepoint region
[2022-02-07T17:01:43.189+0000][604.215s][info ][safepoint     ] Total time for which application threads were stopped: 0.0004522 seconds, Stopping threads took: 0.0000721 seconds
[2022-02-07T17:01:44.189+0000][605.215s][debug][safepoint     ] Safepoint synchronization initiated. (301 threads)
[2022-02-07T17:01:44.189+0000][605.215s][info ][safepoint     ] Application time: 1.0001118 seconds
[2022-02-07T17:01:44.189+0000][605.215s][info ][safepoint     ] Entering safepoint region: Cleanup
[2022-02-07T17:01:44.189+0000][605.215s][info ][safepoint     ] Leaving safepoint region
[2022-02-07T17:01:44.189+0000][605.215s][info ][safepoint     ] Total time for which application threads were stopped: 0.0003121 seconds, Stopping threads took: 0.0000698 seconds
[2022-02-07T17:01:45.189+0000][606.215s][debug][safepoint     ] Safepoint synchronization initiated. (301 threads)
[2022-02-07T17:01:45.189+0000][606.215s][info ][safepoint     ] Application time: 1.0001029 seconds
[2022-02-07T17:01:45.189+0000][606.215s][info ][safepoint     ] Entering safepoint region: Cleanup
[2022-02-07T17:01:45.190+0000][606.215s][info ][safepoint     ] Leaving safepoint region
[2022-02-07T17:01:45.190+0000][606.215s][info ][safepoint     ] Total time for which application threads were stopped: 0.0002966 seconds, Stopping threads took: 0.0000744 seconds
[2022-02-07T17:01:46.190+0000][607.215s][debug][safepoint     ] Safepoint synchronization initiated. (301 threads)
[2022-02-07T17:01:46.190+0000][607.216s][info ][safepoint     ] Application time: 1.0001425 seconds
[2022-02-07T17:01:46.190+0000][607.216s][info ][safepoint     ] Entering safepoint region: Cleanup
[2022-02-07T17:01:46.190+0000][607.216s][info ][safepoint     ] Leaving safepoint region
[2022-02-07T17:01:46.190+0000][607.216s][info ][safepoint     ] Total time for which application threads were stopped: 0.0002750 seconds, Stopping threads took: 0.0000696 seconds
[2022-02-07T17:01:47.190+0000][608.216s][debug][safepoint     ] Safepoint synchronization initiated. (301 threads)
[2022-02-07T17:01:47.190+0000][608.216s][info ][safepoint     ] Application time: 1.0001221 seconds
[2022-02-07T17:01:47.190+0000][608.216s][info ][safepoint     ] Entering safepoint region: Cleanup
[2022-02-07T17:01:47.191+0000][608.216s][info ][safepoint     ] Leaving safepoint region
[2022-02-07T17:01:47.191+0000][608.216s][info ][safepoint     ] Total time for which application threads were stopped: 0.0004819 seconds, Stopping threads took: 0.0000817 seconds
[2022-02-07T17:01:48.191+0000][609.217s][debug][safepoint     ] Safepoint synchronization initiated. (301 threads)
[2022-02-07T17:01:48.191+0000][609.217s][info ][safepoint     ] Application time: 1.0001176 seconds
[2022-02-07T17:01:48.191+0000][609.217s][info ][safepoint     ] Entering safepoint region: Cleanup
[2022-02-07T17:01:48.191+0000][609.217s][debug][safepoint     ] ... found polling page return exception at pc = 0x00007f11b4fc1a06, stub =0x00007f11ac8beb80
[2022-02-07T17:01:48.191+0000][609.217s][info ][safepoint     ] Leaving safepoint region
[2022-02-07T17:01:48.191+0000][609.217s][info ][safepoint     ] Total time for which application threads were stopped: 0.0003313 seconds, Stopping threads took: 0.0000711 seconds
[2022-02-07T17:01:49.191+0000][610.217s][debug][safepoint     ] Safepoint synchronization initiated. (301 threads)
[2022-02-07T17:01:49.191+0000][610.217s][info ][safepoint     ] Application time: 1.0001485 seconds
[2022-02-07T17:01:49.191+0000][610.217s][info ][safepoint     ] Entering safepoint region: Cleanup
[2022-02-07T17:01:49.192+0000][610.218s][info ][safepoint     ] Leaving safepoint region
[2022-02-07T17:01:49.192+0000][610.218s][info ][safepoint     ] Total time for which application threads were stopped: 0.0004813 seconds, Stopping threads took: 0.0000818 seconds
[2022-02-07T17:01:50.192+0000][611.218s][debug][safepoint     ] Safepoint synchronization initiated. (301 threads)
[2022-02-07T17:01:50.192+0000][611.218s][info ][safepoint     ] Application time: 1.0001036 seconds
[2022-02-07T17:01:50.192+0000][611.218s][info ][safepoint     ] Entering safepoint region: Cleanup
[2022-02-07T17:01:50.192+0000][611.218s][info ][safepoint     ] Leaving safepoint region
[2022-02-07T17:01:50.192+0000][611.218s][info ][safepoint     ] Total time for which application threads were stopped: 0.0004411 seconds, Stopping threads took: 0.0000816 seconds
[2022-02-07T17:01:51.192+0000][612.218s][debug][safepoint     ] Safepoint synchronization initiated. (301 threads)
[2022-02-07T17:01:51.192+0000][612.218s][info ][safepoint     ] Application time: 1.0001058 seconds
[2022-02-07T17:01:51.192+0000][612.218s][info ][safepoint     ] Entering safepoint region: Cleanup
[2022-02-07T17:01:51.193+0000][612.219s][info ][safepoint     ] Leaving safepoint region
[2022-02-07T17:01:51.193+0000][612.219s][info ][safepoint     ] Total time for which application threads were stopped: 0.0004435 seconds, Stopping threads took: 0.0000702 seconds
[2022-02-07T17:01:52.193+0000][613.219s][debug][safepoint     ] Safepoint synchronization initiated. (301 threads)
[2022-02-07T17:01:52.193+0000][613.219s][info ][safepoint     ] Application time: 1.0001159 seconds
[2022-02-07T17:01:52.193+0000][613.219s][info ][safepoint     ] Entering safepoint region: Cleanup
[2022-02-07T17:01:52.193+0000][613.219s][info ][safepoint     ] Leaving safepoint region
[2022-02-07T17:01:52.193+0000][613.219s][info ][safepoint     ] Total time for which application threads were stopped: 0.0004414 seconds, Stopping threads took: 0.0000765 seconds
[2022-02-07T17:01:53.193+0000][614.219s][debug][safepoint     ] Safepoint synchronization initiated. (301 threads)
[2022-02-07T17:01:53.194+0000][614.219s][info ][safepoint     ] Application time: 1.0001277 seconds
[2022-02-07T17:01:53.194+0000][614.219s][info ][safepoint     ] Entering safepoint region: Cleanup
[2022-02-07T17:01:53.194+0000][614.220s][info ][safepoint     ] Leaving safepoint region
[2022-02-07T17:01:53.194+0000][614.220s][info ][safepoint     ] Total time for which application threads were stopped: 0.0005104 seconds, Stopping threads took: 0.0000723 seconds
[2022-02-07T17:01:54.194+0000][615.220s][debug][safepoint     ] Safepoint synchronization initiated. (301 threads)
[2022-02-07T17:01:54.194+0000][615.220s][info ][safepoint     ] Application time: 1.0001212 seconds
[2022-02-07T17:01:54.194+0000][615.220s][info ][safepoint     ] Entering safepoint region: Cleanup
[2022-02-07T17:01:54.195+0000][615.221s][info ][safepoint     ] Leaving safepoint region
[2022-02-07T17:01:54.195+0000][615.221s][info ][safepoint     ] Total time for which application threads were stopped: 0.0004791 seconds, Stopping threads took: 0.0000742 seconds
[2022-02-07T17:01:55.070+0000][616.096s][debug][safepoint     ] Safepoint synchronization initiated. (301 threads)
[2022-02-07T17:01:55.070+0000][616.096s][info ][safepoint     ] Application time: 0.8757910 seconds
[2022-02-07T17:01:55.071+0000][616.096s][info ][safepoint     ] Entering safepoint region: G1CollectForAllocation
[2022-02-07T17:01:55.071+0000][616.097s][info ][gc,start      ] GC(82) Pause Young (Normal) (G1 Evacuation Pause)
[2022-02-07T17:01:55.071+0000][616.097s][info ][gc,task       ] GC(82) Using 4 workers of 4 for evacuation
[2022-02-07T17:01:55.106+0000][616.132s][info ][gc,phases     ] GC(82)   Pre Evacuate Collection Set: 0.0ms
[2022-02-07T17:01:55.106+0000][616.132s][info ][gc,phases     ] GC(82)   Evacuate Collection Set: 21.1ms
[2022-02-07T17:01:55.106+0000][616.132s][info ][gc,phases     ] GC(82)   Post Evacuate Collection Set: 14.1ms
[2022-02-07T17:01:55.106+0000][616.132s][info ][gc,phases     ] GC(82)   Other: 0.3ms
[2022-02-07T17:01:55.106+0000][616.132s][info ][gc,heap       ] GC(82) Eden regions: 237->0(237)
[2022-02-07T17:01:55.106+0000][616.132s][info ][gc,heap       ] GC(82) Survivor regions: 1->1(30)
[2022-02-07T17:01:55.106+0000][616.132s][info ][gc,heap       ] GC(82) Old regions: 147->147
[2022-02-07T17:01:55.106+0000][616.132s][info ][gc,heap       ] GC(82) Humongous regions: 0->0
[2022-02-07T17:01:55.106+0000][616.132s][info ][gc,metaspace  ] GC(82) Metaspace: 162226K->162226K(1204224K)
[2022-02-07T17:01:55.107+0000][616.132s][info ][gc            ] GC(82) Pause Young (Normal) (G1 Evacuation Pause) 381M->144M(430M) 35.579ms
[2022-02-07T17:01:55.107+0000][616.132s][info ][gc,cpu        ] GC(82) User=0.02s Sys=0.00s Real=0.03s
[2022-02-07T17:01:55.107+0000][616.132s][info ][safepoint     ] Leaving safepoint region
[2022-02-07T17:01:55.107+0000][616.132s][info ][safepoint     ] Total time for which application threads were stopped: 0.0361264 seconds, Stopping threads took: 0.0000688 seconds
[2022-02-07T17:01:55.107+0000][616.133s][info ][gc,stringdedup] Concurrent String Deduplication (616.133s)
[2022-02-07T17:01:55.107+0000][616.133s][info ][gc,stringdedup] Concurrent String Deduplication 3048.0B->184.0B(2864.0B) avg 53.1% (616.133s, 616.133s) 0.052ms
[2022-02-07T17:01:56.107+0000][617.133s][debug][safepoint     ] Safepoint synchronization initiated. (301 threads)
[2022-02-07T17:01:56.107+0000][617.133s][info ][safepoint     ] Application time: 1.0001289 seconds
[2022-02-07T17:01:56.107+0000][617.133s][info ][safepoint     ] Entering safepoint region: Cleanup
[2022-02-07T17:01:56.107+0000][617.133s][info ][safepoint     ] Leaving safepoint region
[2022-02-07T17:01:56.107+0000][617.133s][info ][safepoint     ] Total time for which application threads were stopped: 0.0004253 seconds, Stopping threads took: 0.0000696 seconds
[2022-02-07T17:01:57.107+0000][618.133s][debug][safepoint     ] Safepoint synchronization initiated. (301 threads)
[2022-02-07T17:01:57.107+0000][618.133s][info ][safepoint     ] Application time: 1.0000799 seconds
[2022-02-07T17:01:57.107+0000][618.133s][info ][safepoint     ] Entering safepoint region: Cleanup
[2022-02-07T17:01:57.108+0000][618.133s][info ][safepoint     ] Leaving safepoint region
[2022-02-07T17:01:57.108+0000][618.133s][info ][safepoint     ] Total time for which application threads were stopped: 0.0003118 seconds, Stopping threads took: 0.0000737 seconds
[2022-02-07T17:01:58.108+0000][619.134s][debug][safepoint     ] Safepoint synchronization initiated. (301 threads)
[2022-02-07T17:01:58.108+0000][619.134s][info ][safepoint     ] Application time: 1.0000781 seconds
[2022-02-07T17:01:58.108+0000][619.134s][info ][safepoint     ] Entering safepoint region: Cleanup
[2022-02-07T17:01:58.108+0000][619.134s][info ][safepoint     ] Leaving safepoint region
[2022-02-07T17:01:58.108+0000][619.134s][info ][safepoint     ] Total time for which application threads were stopped: 0.0003058 seconds, Stopping threads took: 0.0000758 seconds
[2022-02-07T17:01:59.108+0000][620.134s][debug][safepoint     ] Safepoint synchronization initiated. (301 threads)
[2022-02-07T17:01:59.108+0000][620.134s][info ][safepoint     ] Application time: 1.0001236 seconds
[2022-02-07T17:01:59.108+0000][620.134s][info ][safepoint     ] Entering safepoint region: Cleanup
[2022-02-07T17:01:59.109+0000][620.134s][info ][safepoint     ] Leaving safepoint region
[2022-02-07T17:01:59.109+0000][620.134s][info ][safepoint     ] Total time for which application threads were stopped: 0.0004812 seconds, Stopping threads took: 0.0000711 seconds
[2022-02-07T17:02:00.109+0000][621.135s][debug][safepoint     ] Safepoint synchronization initiated. (301 threads)
[2022-02-07T17:02:00.109+0000][621.135s][info ][safepoint     ] Application time: 1.0001105 seconds
[2022-02-07T17:02:00.109+0000][621.135s][info ][safepoint     ] Entering safepoint region: Cleanup
[2022-02-07T17:02:00.109+0000][621.135s][info ][safepoint     ] Leaving safepoint region
[2022-02-07T17:02:00.109+0000][621.135s][debug][safepoint     ] ... found polling page return exception at pc = 0x00007f11b4fc1a06, stub =0x00007f11ac8beb80
[2022-02-07T17:02:00.109+0000][621.135s][info ][safepoint     ] Total time for which application threads were stopped: 0.0004860 seconds, Stopping threads took: 0.0000841 seconds
[2022-02-07T17:02:01.109+0000][622.135s][debug][safepoint     ] Safepoint synchronization initiated. (301 threads)
[2022-02-07T17:02:01.109+0000][622.135s][info ][safepoint     ] Application time: 1.0001398 seconds
[2022-02-07T17:02:01.109+0000][622.135s][info ][safepoint     ] Entering safepoint region: Cleanup
[2022-02-07T17:02:01.110+0000][622.136s][info ][safepoint     ] Leaving safepoint region
[2022-02-07T17:02:01.110+0000][622.136s][info ][safepoint     ] Total time for which application threads were stopped: 0.0003038 seconds, Stopping threads took: 0.0000753 seconds
[2022-02-07T17:02:02.110+0000][623.136s][debug][safepoint     ] Safepoint synchronization initiated. (301 threads)
[2022-02-07T17:02:02.110+0000][623.136s][info ][safepoint     ] Application time: 1.0001204 seconds
[2022-02-07T17:02:02.110+0000][623.136s][info ][safepoint     ] Entering safepoint region: Cleanup
[2022-02-07T17:02:02.110+0000][623.136s][info ][safepoint     ] Leaving safepoint region
[2022-02-07T17:02:02.110+0000][623.136s][info ][safepoint     ] Total time for which application threads were stopped: 0.0002998 seconds, Stopping threads took: 0.0000707 seconds
[2022-02-07T17:02:03.110+0000][624.136s][debug][safepoint     ] Safepoint synchronization initiated. (301 threads)
[2022-02-07T17:02:03.110+0000][624.136s][info ][safepoint     ] Application time: 1.0001404 seconds
[2022-02-07T17:02:03.110+0000][624.136s][info ][safepoint     ] Entering safepoint region: Cleanup
[2022-02-07T17:02:03.111+0000][624.136s][info ][safepoint     ] Leaving safepoint region
[2022-02-07T17:02:03.111+0000][624.136s][info ][safepoint     ] Total time for which application threads were stopped: 0.0003194 seconds, Stopping threads took: 0.0000753 seconds
[2022-02-07T17:02:04.111+0000][625.137s][debug][safepoint     ] Safepoint synchronization initiated. (301 threads)
[2022-02-07T17:02:04.111+0000][625.137s][info ][safepoint     ] Application time: 1.0001077 seconds
[2022-02-07T17:02:04.111+0000][625.137s][info ][safepoint     ] Entering safepoint region: Cleanup
[2022-02-07T17:02:04.111+0000][625.137s][info ][safepoint     ] Leaving safepoint region
[2022-02-07T17:02:04.111+0000][625.137s][info ][safepoint     ] Total time for which application threads were stopped: 0.0002957 seconds, Stopping threads took: 0.0000711 seconds
[2022-02-07T17:02:05.111+0000][626.137s][debug][safepoint     ] Safepoint synchronization initiated. (301 threads)
[2022-02-07T17:02:05.111+0000][626.137s][info ][safepoint     ] Application time: 1.0001361 seconds
[2022-02-07T17:02:05.111+0000][626.137s][info ][safepoint     ] Entering safepoint region: Cleanup
[2022-02-07T17:02:05.112+0000][626.137s][info ][safepoint     ] Leaving safepoint region
[2022-02-07T17:02:05.112+0000][626.137s][info ][safepoint     ] Total time for which application threads were stopped: 0.0003134 seconds, Stopping threads took: 0.0000729 seconds
[2022-02-07T17:02:06.112+0000][627.137s][debug][safepoint     ] Safepoint synchronization initiated. (301 threads)
[2022-02-07T17:02:06.112+0000][627.138s][info ][safepoint     ] Application time: 1.0001166 seconds
[2022-02-07T17:02:06.112+0000][627.138s][info ][safepoint     ] Entering safepoint region: Cleanup
[2022-02-07T17:02:06.112+0000][627.138s][info ][safepoint     ] Leaving safepoint region
[2022-02-07T17:02:06.112+0000][627.138s][info ][safepoint     ] Total time for which application threads were stopped: 0.0003384 seconds, Stopping threads took: 0.0000755 seconds
[2022-02-07T17:02:07.112+0000][628.138s][debug][safepoint     ] Safepoint synchronization initiated. (301 threads)
[2022-02-07T17:02:07.112+0000][628.138s][info ][safepoint     ] Application time: 1.0001385 seconds
[2022-02-07T17:02:07.112+0000][628.138s][info ][safepoint     ] Entering safepoint region: Cleanup
[2022-02-07T17:02:07.113+0000][628.138s][info ][safepoint     ] Leaving safepoint region
[2022-02-07T17:02:07.113+0000][628.138s][info ][safepoint     ] Total time for which application threads were stopped: 0.0004426 seconds, Stopping threads took: 0.0000715 seconds
[2022-02-07T17:02:08.113+0000][629.139s][debug][safepoint     ] Safepoint synchronization initiated. (301 threads)
[2022-02-07T17:02:08.113+0000][629.139s][info ][safepoint     ] Application time: 1.0001183 seconds
[2022-02-07T17:02:08.113+0000][629.139s][info ][safepoint     ] Entering safepoint region: Cleanup
[2022-02-07T17:02:08.113+0000][629.139s][info ][safepoint     ] Leaving safepoint region
[2022-02-07T17:02:08.113+0000][629.139s][info ][safepoint     ] Total time for which application threads were stopped: 0.0004402 seconds, Stopping threads took: 0.0000724 seconds
[2022-02-07T17:02:08.217+0000][629.243s][debug][safepoint     ] Safepoint synchronization initiated. (301 threads)
[2022-02-07T17:02:08.217+0000][629.243s][info ][safepoint     ] Application time: 0.1038351 seconds
[2022-02-07T17:02:08.219+0000][629.244s][debug][safepoint     ] ... found polling page return exception at pc = 0x00007f11b4fa9ec3, stub =0x00007f11ac8beb80
[2022-02-07T17:02:08.219+0000][629.244s][debug][safepoint     ] ... found polling page return exception at pc = 0x00007f11b5242e5d, stub =0x00007f11ac8beb80
[2022-02-07T17:02:08.219+0000][629.244s][debug][safepoint     ] Waiting for 2 thread(s) to block
[2022-02-07T17:02:08.219+0000][629.244s][info ][safepoint     ] Entering safepoint region: G1CollectForAllocation
[2022-02-07T17:02:08.219+0000][629.245s][info ][gc,start      ] GC(83) Pause Young (Normal) (G1 Evacuation Pause)
[2022-02-07T17:02:08.219+0000][629.245s][info ][gc,task       ] GC(83) Using 4 workers of 4 for evacuation
[2022-02-07T17:02:08.234+0000][629.259s][info ][gc,phases     ] GC(83)   Pre Evacuate Collection Set: 0.0ms
[2022-02-07T17:02:08.234+0000][629.259s][info ][gc,phases     ] GC(83)   Evacuate Collection Set: 10.8ms
[2022-02-07T17:02:08.234+0000][629.259s][info ][gc,phases     ] GC(83)   Post Evacuate Collection Set: 3.6ms
[2022-02-07T17:02:08.234+0000][629.259s][info ][gc,phases     ] GC(83)   Other: 0.3ms
[2022-02-07T17:02:08.234+0000][629.259s][info ][gc,heap       ] GC(83) Eden regions: 237->0(237)
[2022-02-07T17:02:08.234+0000][629.259s][info ][gc,heap       ] GC(83) Survivor regions: 1->1(30)
[2022-02-07T17:02:08.234+0000][629.259s][info ][gc,heap       ] GC(83) Old regions: 147->147
[2022-02-07T17:02:08.234+0000][629.259s][info ][gc,heap       ] GC(83) Humongous regions: 0->0
[2022-02-07T17:02:08.234+0000][629.259s][info ][gc,metaspace  ] GC(83) Metaspace: 162249K->162249K(1204224K)
[2022-02-07T17:02:08.234+0000][629.260s][info ][gc            ] GC(83) Pause Young (Normal) (G1 Evacuation Pause) 381M->145M(430M) 14.762ms
[2022-02-07T17:02:08.234+0000][629.260s][info ][gc,cpu        ] GC(83) User=0.02s Sys=0.00s Real=0.02s
[2022-02-07T17:02:08.234+0000][629.260s][info ][safepoint     ] Leaving safepoint region
[2022-02-07T17:02:08.234+0000][629.260s][info ][safepoint     ] Total time for which application threads were stopped: 0.0167270 seconds, Stopping threads took: 0.0016064 seconds
[2022-02-07T17:02:08.234+0000][629.260s][info ][gc,stringdedup] Concurrent String Deduplication (629.260s)
[2022-02-07T17:02:08.234+0000][629.260s][info ][gc,stringdedup] Concurrent String Deduplication 144.0B->0.0B(144.0B) avg 53.1% (629.260s, 629.260s) 0.021ms
[2022-02-07T17:02:09.234+0000][630.260s][debug][safepoint     ] Safepoint synchronization initiated. (301 threads)
[2022-02-07T17:02:09.234+0000][630.260s][info ][safepoint     ] Application time: 1.0001530 seconds
[2022-02-07T17:02:09.234+0000][630.260s][info ][safepoint     ] Entering safepoint region: Cleanup
[2022-02-07T17:02:09.234+0000][630.260s][info ][safepoint     ] Leaving safepoint region
[2022-02-07T17:02:09.234+0000][630.260s][info ][safepoint     ] Total time for which application threads were stopped: 0.0004488 seconds, Stopping threads took: 0.0000765 seconds
[2022-02-07T17:02:10.234+0000][631.260s][debug][safepoint     ] Safepoint synchronization initiated. (301 threads)
[2022-02-07T17:02:10.235+0000][631.260s][info ][safepoint     ] Application time: 1.0001066 seconds
[2022-02-07T17:02:10.235+0000][631.260s][info ][safepoint     ] Entering safepoint region: Cleanup
[2022-02-07T17:02:10.235+0000][631.261s][info ][safepoint     ] Leaving safepoint region
[2022-02-07T17:02:10.235+0000][631.261s][info ][safepoint     ] Total time for which application threads were stopped: 0.0004299 seconds, Stopping threads took: 0.0000762 seconds
[2022-02-07T17:02:11.235+0000][632.261s][debug][safepoint     ] Safepoint synchronization initiated. (301 threads)
[2022-02-07T17:02:11.235+0000][632.261s][info ][safepoint     ] Application time: 1.0001072 seconds
[2022-02-07T17:02:11.235+0000][632.261s][info ][safepoint     ] Entering safepoint region: Cleanup
[2022-02-07T17:02:11.235+0000][632.261s][info ][safepoint     ] Leaving safepoint region
[2022-02-07T17:02:11.236+0000][632.261s][info ][safepoint     ] Total time for which application threads were stopped: 0.0004356 seconds, Stopping threads took: 0.0000686 seconds
[2022-02-07T17:02:12.236+0000][633.261s][debug][safepoint     ] Safepoint synchronization initiated. (301 threads)
[2022-02-07T17:02:12.236+0000][633.261s][info ][safepoint     ] Application time: 1.0001135 seconds
[2022-02-07T17:02:12.236+0000][633.262s][info ][safepoint     ] Entering safepoint region: Cleanup
[2022-02-07T17:02:12.236+0000][633.262s][info ][safepoint     ] Leaving safepoint region
[2022-02-07T17:02:12.236+0000][633.262s][info ][safepoint     ] Total time for which application threads were stopped: 0.0004474 seconds, Stopping threads took: 0.0000722 seconds
[2022-02-07T17:02:13.236+0000][634.262s][debug][safepoint     ] Safepoint synchronization initiated. (301 threads)
[2022-02-07T17:02:13.236+0000][634.262s][info ][safepoint     ] Application time: 1.0001434 seconds
[2022-02-07T17:02:13.236+0000][634.262s][info ][safepoint     ] Entering safepoint region: Cleanup
[2022-02-07T17:02:13.237+0000][634.263s][info ][safepoint     ] Leaving safepoint region
[2022-02-07T17:02:13.237+0000][634.263s][info ][safepoint     ] Total time for which application threads were stopped: 0.0004484 seconds, Stopping threads took: 0.0000726 seconds
[2022-02-07T17:02:14.237+0000][635.263s][debug][safepoint     ] Safepoint synchronization initiated. (301 threads)
[2022-02-07T17:02:14.237+0000][635.263s][info ][safepoint     ] Application time: 1.0001132 seconds
[2022-02-07T17:02:14.237+0000][635.263s][info ][safepoint     ] Entering safepoint region: Cleanup
[2022-02-07T17:02:14.237+0000][635.263s][info ][safepoint     ] Leaving safepoint region
[2022-02-07T17:02:14.237+0000][635.263s][info ][safepoint     ] Total time for which application threads were stopped: 0.0004249 seconds, Stopping threads took: 0.0000680 seconds
[2022-02-07T17:02:15.237+0000][636.263s][debug][safepoint     ] Safepoint synchronization initiated. (301 threads)
[2022-02-07T17:02:15.237+0000][636.263s][info ][safepoint     ] Application time: 1.0001210 seconds
[2022-02-07T17:02:15.237+0000][636.263s][info ][safepoint     ] Entering safepoint region: Cleanup
[2022-02-07T17:02:15.238+0000][636.264s][info ][safepoint     ] Leaving safepoint region
[2022-02-07T17:02:15.238+0000][636.264s][info ][safepoint     ] Total time for which application threads were stopped: 0.0004506 seconds, Stopping threads took: 0.0000731 seconds
[2022-02-07T17:02:16.238+0000][637.264s][debug][safepoint     ] Safepoint synchronization initiated. (301 threads)
[2022-02-07T17:02:16.238+0000][637.264s][info ][safepoint     ] Application time: 1.0001178 seconds
[2022-02-07T17:02:16.238+0000][637.264s][info ][safepoint     ] Entering safepoint region: Cleanup
[2022-02-07T17:02:16.238+0000][637.264s][info ][safepoint     ] Leaving safepoint region
[2022-02-07T17:02:16.238+0000][637.264s][info ][safepoint     ] Total time for which application threads were stopped: 0.0004340 seconds, Stopping threads took: 0.0000706 seconds
[2022-02-07T17:02:17.239+0000][638.264s][debug][safepoint     ] Safepoint synchronization initiated. (301 threads)
[2022-02-07T17:02:17.239+0000][638.264s][info ][safepoint     ] Application time: 1.0001394 seconds
[2022-02-07T17:02:17.239+0000][638.265s][debug][safepoint     ] ... found polling page return exception at pc = 0x00007f11b4941d02, stub =0x00007f11ac8beb80
[2022-02-07T17:02:17.239+0000][638.265s][debug][safepoint     ] Waiting for 1 thread(s) to block
[2022-02-07T17:02:17.239+0000][638.265s][info ][safepoint     ] Entering safepoint region: Cleanup
[2022-02-07T17:02:17.240+0000][638.266s][info ][safepoint     ] Leaving safepoint region
[2022-02-07T17:02:17.240+0000][638.266s][info ][safepoint     ] Total time for which application threads were stopped: 0.0011155 seconds, Stopping threads took: 0.0007315 seconds
[2022-02-07T17:02:18.240+0000][639.266s][debug][safepoint     ] Safepoint synchronization initiated. (301 threads)
[2022-02-07T17:02:18.240+0000][639.266s][info ][safepoint     ] Application time: 1.0001129 seconds
[2022-02-07T17:02:18.240+0000][639.266s][info ][safepoint     ] Entering safepoint region: Cleanup
[2022-02-07T17:02:18.240+0000][639.266s][info ][safepoint     ] Leaving safepoint region
[2022-02-07T17:02:18.240+0000][639.266s][info ][safepoint     ] Total time for which application threads were stopped: 0.0004524 seconds, Stopping threads took: 0.0000698 seconds
[2022-02-07T17:02:19.240+0000][640.266s][debug][safepoint     ] Safepoint synchronization initiated. (301 threads)
[2022-02-07T17:02:19.240+0000][640.266s][info ][safepoint     ] Application time: 1.0001160 seconds
[2022-02-07T17:02:19.240+0000][640.266s][debug][safepoint     ] Waiting for 1 thread(s) to block
[2022-02-07T17:02:19.240+0000][640.266s][info ][safepoint     ] Entering safepoint region: Cleanup
[2022-02-07T17:02:19.241+0000][640.267s][info ][safepoint     ] Leaving safepoint region
[2022-02-07T17:02:19.241+0000][640.267s][info ][safepoint     ] Total time for which application threads were stopped: 0.0004660 seconds, Stopping threads took: 0.0001000 seconds
[2022-02-07T17:02:20.241+0000][641.267s][debug][safepoint     ] Safepoint synchronization initiated. (301 threads)
[2022-02-07T17:02:20.241+0000][641.267s][info ][safepoint     ] Application time: 1.0001173 seconds
[2022-02-07T17:02:20.241+0000][641.267s][info ][safepoint     ] Entering safepoint region: Cleanup
[2022-02-07T17:02:20.241+0000][641.267s][info ][safepoint     ] Leaving safepoint region
[2022-02-07T17:02:20.241+0000][641.267s][info ][safepoint     ] Total time for which application threads were stopped: 0.0004560 seconds, Stopping threads took: 0.0000698 seconds
[2022-02-07T17:02:21.242+0000][642.267s][debug][safepoint     ] Safepoint synchronization initiated. (301 threads)
[2022-02-07T17:02:21.242+0000][642.267s][info ][safepoint     ] Application time: 1.0001134 seconds
[2022-02-07T17:02:21.242+0000][642.268s][info ][safepoint     ] Entering safepoint region: Cleanup
[2022-02-07T17:02:21.242+0000][642.268s][info ][safepoint     ] Leaving safepoint region
[2022-02-07T17:02:21.242+0000][642.268s][info ][safepoint     ] Total time for which application threads were stopped: 0.0004294 seconds, Stopping threads took: 0.0000687 seconds
[2022-02-07T17:02:22.242+0000][643.268s][debug][safepoint     ] Safepoint synchronization initiated. (301 threads)
[2022-02-07T17:02:22.242+0000][643.268s][info ][safepoint     ] Application time: 1.0001209 seconds
[2022-02-07T17:02:22.242+0000][643.268s][info ][safepoint     ] Entering safepoint region: Cleanup
[2022-02-07T17:02:22.243+0000][643.268s][info ][safepoint     ] Leaving safepoint region
[2022-02-07T17:02:22.243+0000][643.268s][info ][safepoint     ] Total time for which application threads were stopped: 0.0004342 seconds, Stopping threads took: 0.0000709 seconds
[2022-02-07T17:02:23.243+0000][644.269s][debug][safepoint     ] Safepoint synchronization initiated. (301 threads)
[2022-02-07T17:02:23.243+0000][644.269s][info ][safepoint     ] Application time: 1.0001121 seconds
[2022-02-07T17:02:23.243+0000][644.269s][debug][safepoint     ] ... found polling page return exception at pc = 0x00007f11b4bc161d, stub =0x00007f11ac8beb80
[2022-02-07T17:02:23.243+0000][644.269s][debug][safepoint     ] Waiting for 1 thread(s) to block
[2022-02-07T17:02:23.243+0000][644.269s][info ][safepoint     ] Entering safepoint region: Cleanup
[2022-02-07T17:02:23.243+0000][644.269s][info ][safepoint     ] Leaving safepoint region
[2022-02-07T17:02:23.243+0000][644.269s][info ][safepoint     ] Total time for which application threads were stopped: 0.0004908 seconds, Stopping threads took: 0.0001081 seconds
[2022-02-07T17:02:24.243+0000][645.269s][debug][safepoint     ] Safepoint synchronization initiated. (301 threads)
[2022-02-07T17:02:24.243+0000][645.269s][info ][safepoint     ] Application time: 1.0001419 seconds
[2022-02-07T17:02:24.243+0000][645.269s][info ][safepoint     ] Entering safepoint region: Cleanup
[2022-02-07T17:02:24.244+0000][645.270s][info ][safepoint     ] Leaving safepoint region
[2022-02-07T17:02:24.244+0000][645.270s][info ][safepoint     ] Total time for which application threads were stopped: 0.0004489 seconds, Stopping threads took: 0.0000717 seconds
[2022-02-07T17:02:25.131+0000][646.157s][debug][safepoint     ] Safepoint synchronization initiated. (301 threads)
[2022-02-07T17:02:25.131+0000][646.157s][info ][safepoint     ] Application time: 0.8872442 seconds
[2022-02-07T17:02:25.131+0000][646.157s][debug][safepoint     ] ... found polling page return exception at pc = 0x00007f11b515bc7f, stub =0x00007f11ac8beb80
[2022-02-07T17:02:25.131+0000][646.157s][debug][safepoint     ] Waiting for 1 thread(s) to block
[2022-02-07T17:02:25.131+0000][646.157s][info ][safepoint     ] Entering safepoint region: G1CollectForAllocation
[2022-02-07T17:02:25.131+0000][646.157s][info ][gc,start      ] GC(84) Pause Young (Normal) (G1 Evacuation Pause)
[2022-02-07T17:02:25.131+0000][646.157s][info ][gc,task       ] GC(84) Using 4 workers of 4 for evacuation
[2022-02-07T17:02:25.141+0000][646.167s][info ][gc,phases     ] GC(84)   Pre Evacuate Collection Set: 0.0ms
[2022-02-07T17:02:25.141+0000][646.167s][info ][gc,phases     ] GC(84)   Evacuate Collection Set: 3.7ms
[2022-02-07T17:02:25.141+0000][646.167s][info ][gc,phases     ] GC(84)   Post Evacuate Collection Set: 5.5ms
[2022-02-07T17:02:25.141+0000][646.167s][info ][gc,phases     ] GC(84)   Other: 0.3ms
[2022-02-07T17:02:25.141+0000][646.167s][info ][gc,heap       ] GC(84) Eden regions: 237->0(237)
[2022-02-07T17:02:25.141+0000][646.167s][info ][gc,heap       ] GC(84) Survivor regions: 1->1(30)
[2022-02-07T17:02:25.141+0000][646.167s][info ][gc,heap       ] GC(84) Old regions: 147->147
[2022-02-07T17:02:25.141+0000][646.167s][info ][gc,heap       ] GC(84) Humongous regions: 0->0
[2022-02-07T17:02:25.141+0000][646.167s][info ][gc,metaspace  ] GC(84) Metaspace: 162422K->162422K(1204224K)
[2022-02-07T17:02:25.141+0000][646.167s][info ][gc            ] GC(84) Pause Young (Normal) (G1 Evacuation Pause) 382M->145M(430M) 9.543ms
[2022-02-07T17:02:25.141+0000][646.167s][info ][gc,cpu        ] GC(84) User=0.01s Sys=0.00s Real=0.01s
[2022-02-07T17:02:25.141+0000][646.167s][info ][safepoint     ] Leaving safepoint region
[2022-02-07T17:02:25.141+0000][646.167s][info ][safepoint     ] Total time for which application threads were stopped: 0.0099427 seconds, Stopping threads took: 0.0001119 seconds
[2022-02-07T17:02:25.142+0000][646.167s][info ][gc,stringdedup] Concurrent String Deduplication (646.167s)
[2022-02-07T17:02:25.142+0000][646.167s][info ][gc,stringdedup] Concurrent String Deduplication 632.0B->0.0B(632.0B) avg 53.1% (646.167s, 646.167s) 0.033ms
[2022-02-07T17:02:26.141+0000][647.167s][debug][safepoint     ] Safepoint synchronization initiated. (301 threads)
[2022-02-07T17:02:26.141+0000][647.167s][info ][safepoint     ] Application time: 1.0001208 seconds
[2022-02-07T17:02:26.141+0000][647.167s][info ][safepoint     ] Entering safepoint region: Cleanup
[2022-02-07T17:02:26.141+0000][647.167s][info ][safepoint     ] Leaving safepoint region
[2022-02-07T17:02:26.141+0000][647.167s][info ][safepoint     ] Total time for which application threads were stopped: 0.0002571 seconds, Stopping threads took: 0.0000699 seconds
[2022-02-07T17:02:27.142+0000][648.167s][debug][safepoint     ] Safepoint synchronization initiated. (301 threads)
[2022-02-07T17:02:27.142+0000][648.167s][info ][safepoint     ] Application time: 1.0001242 seconds
[2022-02-07T17:02:27.142+0000][648.168s][info ][safepoint     ] Entering safepoint region: Cleanup
[2022-02-07T17:02:27.142+0000][648.168s][info ][safepoint     ] Leaving safepoint region
[2022-02-07T17:02:27.142+0000][648.168s][info ][safepoint     ] Total time for which application threads were stopped: 0.0002434 seconds, Stopping threads took: 0.0000721 seconds
[2022-02-07T17:02:28.142+0000][649.168s][debug][safepoint     ] Safepoint synchronization initiated. (301 threads)
[2022-02-07T17:02:28.142+0000][649.168s][info ][safepoint     ] Application time: 1.0001265 seconds
[2022-02-07T17:02:28.142+0000][649.168s][info ][safepoint     ] Entering safepoint region: Cleanup
[2022-02-07T17:02:28.142+0000][649.168s][info ][safepoint     ] Leaving safepoint region
[2022-02-07T17:02:28.142+0000][649.168s][info ][safepoint     ] Total time for which application threads were stopped: 0.0002562 seconds, Stopping threads took: 0.0000716 seconds
[2022-02-07T17:02:29.142+0000][650.168s][debug][safepoint     ] Safepoint synchronization initiated. (301 threads)
[2022-02-07T17:02:29.142+0000][650.168s][info ][safepoint     ] Application time: 1.0001381 seconds
[2022-02-07T17:02:29.142+0000][650.168s][info ][safepoint     ] Entering safepoint region: Cleanup
[2022-02-07T17:02:29.143+0000][650.169s][info ][safepoint     ] Leaving safepoint region
[2022-02-07T17:02:29.143+0000][650.169s][info ][safepoint     ] Total time for which application threads were stopped: 0.0003214 seconds, Stopping threads took: 0.0000719 seconds
[2022-02-07T17:02:30.143+0000][651.169s][debug][safepoint     ] Safepoint synchronization initiated. (301 threads)
[2022-02-07T17:02:30.143+0000][651.169s][info ][safepoint     ] Application time: 1.0000941 seconds
[2022-02-07T17:02:30.143+0000][651.169s][info ][safepoint     ] Entering safepoint region: Cleanup
[2022-02-07T17:02:30.143+0000][651.169s][info ][safepoint     ] Leaving safepoint region
[2022-02-07T17:02:30.143+0000][651.169s][info ][safepoint     ] Total time for which application threads were stopped: 0.0002942 seconds, Stopping threads took: 0.0000734 seconds
[2022-02-07T17:02:31.143+0000][652.169s][debug][safepoint     ] Safepoint synchronization initiated. (301 threads)
[2022-02-07T17:02:31.143+0000][652.169s][info ][safepoint     ] Application time: 1.0001251 seconds
[2022-02-07T17:02:31.143+0000][652.169s][info ][safepoint     ] Entering safepoint region: Cleanup
[2022-02-07T17:02:31.144+0000][652.169s][info ][safepoint     ] Leaving safepoint region
[2022-02-07T17:02:31.144+0000][652.169s][info ][safepoint     ] Total time for which application threads were stopped: 0.0003297 seconds, Stopping threads took: 0.0000778 seconds
[2022-02-07T17:02:32.144+0000][653.170s][debug][safepoint     ] Safepoint synchronization initiated. (301 threads)
[2022-02-07T17:02:32.144+0000][653.170s][info ][safepoint     ] Application time: 1.0001186 seconds
[2022-02-07T17:02:32.144+0000][653.170s][info ][safepoint     ] Entering safepoint region: Cleanup
[2022-02-07T17:02:32.144+0000][653.170s][info ][safepoint     ] Leaving safepoint region
[2022-02-07T17:02:32.144+0000][653.170s][info ][safepoint     ] Total time for which application threads were stopped: 0.0003003 seconds, Stopping threads took: 0.0000697 seconds
[2022-02-07T17:02:33.144+0000][654.170s][debug][safepoint     ] Safepoint synchronization initiated. (301 threads)
[2022-02-07T17:02:33.144+0000][654.170s][info ][safepoint     ] Application time: 1.0001360 seconds
[2022-02-07T17:02:33.144+0000][654.170s][info ][safepoint     ] Entering safepoint region: Cleanup
[2022-02-07T17:02:33.144+0000][654.170s][info ][safepoint     ] Leaving safepoint region
[2022-02-07T17:02:33.145+0000][654.170s][info ][safepoint     ] Total time for which application threads were stopped: 0.0003349 seconds, Stopping threads took: 0.0000859 seconds
[2022-02-07T17:02:34.145+0000][655.170s][debug][safepoint     ] Safepoint synchronization initiated. (301 threads)
[2022-02-07T17:02:34.145+0000][655.171s][info ][safepoint     ] Application time: 1.0001326 seconds
[2022-02-07T17:02:34.145+0000][655.171s][info ][safepoint     ] Entering safepoint region: Cleanup
[2022-02-07T17:02:34.145+0000][655.171s][info ][safepoint     ] Leaving safepoint region
[2022-02-07T17:02:34.145+0000][655.171s][info ][safepoint     ] Total time for which application threads were stopped: 0.0003094 seconds, Stopping threads took: 0.0000724 seconds
[2022-02-07T17:02:35.145+0000][656.171s][debug][safepoint     ] Safepoint synchronization initiated. (301 threads)
[2022-02-07T17:02:35.145+0000][656.171s][info ][safepoint     ] Application time: 1.0001062 seconds
[2022-02-07T17:02:35.145+0000][656.171s][info ][safepoint     ] Entering safepoint region: Cleanup
[2022-02-07T17:02:35.145+0000][656.171s][info ][safepoint     ] Leaving safepoint region
[2022-02-07T17:02:35.145+0000][656.171s][info ][safepoint     ] Total time for which application threads were stopped: 0.0002822 seconds, Stopping threads took: 0.0000817 seconds
[2022-02-07T17:02:36.145+0000][657.171s][debug][safepoint     ] Safepoint synchronization initiated. (301 threads)
[2022-02-07T17:02:36.145+0000][657.171s][info ][safepoint     ] Application time: 1.0001086 seconds
[2022-02-07T17:02:36.146+0000][657.171s][info ][safepoint     ] Entering safepoint region: Cleanup
[2022-02-07T17:02:36.146+0000][657.172s][info ][safepoint     ] Leaving safepoint region
[2022-02-07T17:02:36.146+0000][657.172s][info ][safepoint     ] Total time for which application threads were stopped: 0.0003098 seconds, Stopping threads took: 0.0000613 seconds
[2022-02-07T17:02:37.146+0000][658.172s][debug][safepoint     ] Safepoint synchronization initiated. (301 threads)
[2022-02-07T17:02:37.146+0000][658.172s][info ][safepoint     ] Application time: 1.0001238 seconds
[2022-02-07T17:02:37.146+0000][658.172s][info ][safepoint     ] Entering safepoint region: Cleanup
[2022-02-07T17:02:37.146+0000][658.172s][info ][safepoint     ] Leaving safepoint region
[2022-02-07T17:02:37.146+0000][658.172s][info ][safepoint     ] Total time for which application threads were stopped: 0.0002714 seconds, Stopping threads took: 0.0000661 seconds
[2022-02-07T17:02:38.146+0000][659.172s][debug][safepoint     ] Safepoint synchronization initiated. (301 threads)
[2022-02-07T17:02:38.146+0000][659.172s][info ][safepoint     ] Application time: 1.0001174 seconds
[2022-02-07T17:02:38.146+0000][659.172s][info ][safepoint     ] Entering safepoint region: Cleanup
[2022-02-07T17:02:38.147+0000][659.173s][info ][safepoint     ] Leaving safepoint region
[2022-02-07T17:02:38.147+0000][659.173s][info ][safepoint     ] Total time for which application threads were stopped: 0.0003267 seconds, Stopping threads took: 0.0000768 seconds
[2022-02-07T17:02:39.147+0000][660.173s][debug][safepoint     ] Safepoint synchronization initiated. (301 threads)
[2022-02-07T17:02:39.147+0000][660.173s][info ][safepoint     ] Application time: 1.0001196 seconds
[2022-02-07T17:02:39.147+0000][660.173s][info ][safepoint     ] Entering safepoint region: Cleanup
[2022-02-07T17:02:39.147+0000][660.173s][info ][safepoint     ] Leaving safepoint region
[2022-02-07T17:02:39.147+0000][660.173s][info ][safepoint     ] Total time for which application threads were stopped: 0.0003041 seconds, Stopping threads took: 0.0000717 seconds
[2022-02-07T17:02:40.147+0000][661.173s][debug][safepoint     ] Safepoint synchronization initiated. (301 threads)
[2022-02-07T17:02:40.147+0000][661.173s][info ][safepoint     ] Application time: 1.0002065 seconds
[2022-02-07T17:02:40.147+0000][661.173s][info ][safepoint     ] Entering safepoint region: Cleanup
[2022-02-07T17:02:40.148+0000][661.174s][info ][safepoint     ] Leaving safepoint region
[2022-02-07T17:02:40.148+0000][661.174s][info ][safepoint     ] Total time for which application threads were stopped: 0.0007718 seconds, Stopping threads took: 0.0000742 seconds
[2022-02-07T17:02:41.148+0000][662.174s][debug][safepoint     ] Safepoint synchronization initiated. (301 threads)
[2022-02-07T17:02:41.148+0000][662.174s][info ][safepoint     ] Application time: 1.0000675 seconds
[2022-02-07T17:02:41.148+0000][662.174s][info ][safepoint     ] Entering safepoint region: Cleanup
[2022-02-07T17:02:41.149+0000][662.174s][info ][safepoint     ] Leaving safepoint region
[2022-02-07T17:02:41.149+0000][662.175s][info ][safepoint     ] Total time for which application threads were stopped: 0.0004344 seconds, Stopping threads took: 0.0000660 seconds
[2022-02-07T17:02:41.255+0000][662.280s][debug][safepoint     ] Safepoint synchronization initiated. (301 threads)
[2022-02-07T17:02:41.255+0000][662.280s][info ][safepoint     ] Application time: 0.1059265 seconds
[2022-02-07T17:02:41.255+0000][662.281s][debug][safepoint     ] Waiting for 1 thread(s) to block
[2022-02-07T17:02:41.255+0000][662.281s][info ][safepoint     ] Entering safepoint region: G1CollectForAllocation
[2022-02-07T17:02:41.255+0000][662.281s][info ][gc,start      ] GC(85) Pause Young (Normal) (G1 Evacuation Pause)
[2022-02-07T17:02:41.255+0000][662.281s][info ][gc,task       ] GC(85) Using 4 workers of 4 for evacuation
[2022-02-07T17:02:41.282+0000][662.308s][info ][gc,phases     ] GC(85)   Pre Evacuate Collection Set: 0.0ms
[2022-02-07T17:02:41.282+0000][662.308s][info ][gc,phases     ] GC(85)   Evacuate Collection Set: 16.8ms
[2022-02-07T17:02:41.282+0000][662.308s][info ][gc,phases     ] GC(85)   Post Evacuate Collection Set: 10.3ms
[2022-02-07T17:02:41.282+0000][662.308s][info ][gc,phases     ] GC(85)   Other: 0.3ms
[2022-02-07T17:02:41.283+0000][662.308s][info ][gc,heap       ] GC(85) Eden regions: 237->0(237)
[2022-02-07T17:02:41.283+0000][662.308s][info ][gc,heap       ] GC(85) Survivor regions: 1->1(30)
[2022-02-07T17:02:41.283+0000][662.308s][info ][gc,heap       ] GC(85) Old regions: 147->147
[2022-02-07T17:02:41.283+0000][662.308s][info ][gc,heap       ] GC(85) Humongous regions: 0->0
[2022-02-07T17:02:41.283+0000][662.308s][info ][gc,metaspace  ] GC(85) Metaspace: 162496K->162496K(1204224K)
[2022-02-07T17:02:41.283+0000][662.308s][info ][gc            ] GC(85) Pause Young (Normal) (G1 Evacuation Pause) 382M->145M(430M) 27.456ms
[2022-02-07T17:02:41.283+0000][662.308s][info ][gc,cpu        ] GC(85) User=0.03s Sys=0.00s Real=0.03s
[2022-02-07T17:02:41.283+0000][662.309s][info ][safepoint     ] Leaving safepoint region
[2022-02-07T17:02:41.283+0000][662.309s][info ][safepoint     ] Total time for which application threads were stopped: 0.0280664 seconds, Stopping threads took: 0.0001126 seconds
[2022-02-07T17:02:41.283+0000][662.309s][info ][gc,stringdedup] Concurrent String Deduplication (662.309s)
[2022-02-07T17:02:41.283+0000][662.309s][info ][gc,stringdedup] Concurrent String Deduplication 7288.0B->56.0B(7232.0B) avg 53.2% (662.309s, 662.309s) 0.063ms
[2022-02-07T17:02:42.283+0000][663.309s][debug][safepoint     ] Safepoint synchronization initiated. (301 threads)
[2022-02-07T17:02:42.283+0000][663.309s][info ][safepoint     ] Application time: 1.0001287 seconds
[2022-02-07T17:02:42.283+0000][663.309s][info ][safepoint     ] Entering safepoint region: Cleanup
[2022-02-07T17:02:42.283+0000][663.309s][info ][safepoint     ] Leaving safepoint region
[2022-02-07T17:02:42.283+0000][663.309s][info ][safepoint     ] Total time for which application threads were stopped: 0.0004346 seconds, Stopping threads took: 0.0000697 seconds
[2022-02-07T17:02:43.283+0000][664.309s][debug][safepoint     ] Safepoint synchronization initiated. (301 threads)
[2022-02-07T17:02:43.283+0000][664.309s][info ][safepoint     ] Application time: 1.0001158 seconds
[2022-02-07T17:02:43.283+0000][664.309s][info ][safepoint     ] Entering safepoint region: Cleanup
[2022-02-07T17:02:43.284+0000][664.310s][info ][safepoint     ] Leaving safepoint region
[2022-02-07T17:02:43.284+0000][664.310s][info ][safepoint     ] Total time for which application threads were stopped: 0.0004995 seconds, Stopping threads took: 0.0000719 seconds
[2022-02-07T17:02:44.284+0000][665.310s][debug][safepoint     ] Safepoint synchronization initiated. (301 threads)
[2022-02-07T17:02:44.284+0000][665.310s][info ][safepoint     ] Application time: 1.0001218 seconds
[2022-02-07T17:02:44.284+0000][665.310s][info ][safepoint     ] Entering safepoint region: Cleanup
[2022-02-07T17:02:44.284+0000][665.310s][info ][safepoint     ] Leaving safepoint region
[2022-02-07T17:02:44.284+0000][665.310s][info ][safepoint     ] Total time for which application threads were stopped: 0.0003244 seconds, Stopping threads took: 0.0000796 seconds
[2022-02-07T17:02:45.284+0000][666.310s][debug][safepoint     ] Safepoint synchronization initiated. (301 threads)
[2022-02-07T17:02:45.285+0000][666.310s][info ][safepoint     ] Application time: 1.0001627 seconds
[2022-02-07T17:02:45.285+0000][666.310s][info ][safepoint     ] Entering safepoint region: Cleanup
[2022-02-07T17:02:45.285+0000][666.311s][info ][safepoint     ] Leaving safepoint region
[2022-02-07T17:02:45.285+0000][666.311s][info ][safepoint     ] Total time for which application threads were stopped: 0.0004632 seconds, Stopping threads took: 0.0000814 seconds
[2022-02-07T17:02:46.285+0000][667.311s][debug][safepoint     ] Safepoint synchronization initiated. (301 threads)
[2022-02-07T17:02:46.285+0000][667.311s][info ][safepoint     ] Application time: 1.0001158 seconds
[2022-02-07T17:02:46.285+0000][667.311s][info ][safepoint     ] Entering safepoint region: Cleanup
[2022-02-07T17:02:46.286+0000][667.311s][info ][safepoint     ] Leaving safepoint region
[2022-02-07T17:02:46.286+0000][667.311s][info ][safepoint     ] Total time for which application threads were stopped: 0.0004373 seconds, Stopping threads took: 0.0000714 seconds
[2022-02-07T17:02:47.286+0000][668.312s][debug][safepoint     ] Safepoint synchronization initiated. (301 threads)
[2022-02-07T17:02:47.286+0000][668.312s][info ][safepoint     ] Application time: 1.0001225 seconds
[2022-02-07T17:02:47.286+0000][668.312s][info ][safepoint     ] Entering safepoint region: Cleanup
[2022-02-07T17:02:47.286+0000][668.312s][info ][safepoint     ] Leaving safepoint region
[2022-02-07T17:02:47.286+0000][668.312s][info ][safepoint     ] Total time for which application threads were stopped: 0.0003041 seconds, Stopping threads took: 0.0000676 seconds
[2022-02-07T17:02:48.286+0000][669.312s][debug][safepoint     ] Safepoint synchronization initiated. (301 threads)
[2022-02-07T17:02:48.286+0000][669.312s][info ][safepoint     ] Application time: 1.0001168 seconds
[2022-02-07T17:02:48.286+0000][669.312s][info ][safepoint     ] Entering safepoint region: Cleanup
[2022-02-07T17:02:48.287+0000][669.312s][info ][safepoint     ] Leaving safepoint region
[2022-02-07T17:02:48.287+0000][669.312s][info ][safepoint     ] Total time for which application threads were stopped: 0.0004909 seconds, Stopping threads took: 0.0000807 seconds
[2022-02-07T17:02:49.287+0000][670.313s][debug][safepoint     ] Safepoint synchronization initiated. (301 threads)
[2022-02-07T17:02:49.287+0000][670.313s][info ][safepoint     ] Application time: 1.0001214 seconds
[2022-02-07T17:02:49.287+0000][670.313s][debug][safepoint     ] ... found polling page return exception at pc = 0x00007f11b46688bb, stub =0x00007f11ac8beb80
[2022-02-07T17:02:49.287+0000][670.313s][debug][safepoint     ] ... found polling page return exception at pc = 0x00007f11b52fe536, stub =0x00007f11ac8beb80
[2022-02-07T17:02:49.287+0000][670.313s][debug][safepoint     ] Waiting for 2 thread(s) to block
[2022-02-07T17:02:49.287+0000][670.313s][info ][safepoint     ] Entering safepoint region: Cleanup
[2022-02-07T17:02:49.287+0000][670.313s][info ][safepoint     ] Leaving safepoint region
[2022-02-07T17:02:49.287+0000][670.313s][info ][safepoint     ] Total time for which application threads were stopped: 0.0007293 seconds, Stopping threads took: 0.0004928 seconds
[2022-02-07T17:02:50.288+0000][671.313s][debug][safepoint     ] Safepoint synchronization initiated. (301 threads)
[2022-02-07T17:02:50.288+0000][671.313s][info ][safepoint     ] Application time: 1.0001219 seconds
[2022-02-07T17:02:50.288+0000][671.314s][info ][safepoint     ] Entering safepoint region: Cleanup
[2022-02-07T17:02:50.288+0000][671.314s][info ][safepoint     ] Leaving safepoint region
[2022-02-07T17:02:50.288+0000][671.314s][info ][safepoint     ] Total time for which application threads were stopped: 0.0003228 seconds, Stopping threads took: 0.0000700 seconds
[2022-02-07T17:02:51.288+0000][672.314s][debug][safepoint     ] Safepoint synchronization initiated. (301 threads)
[2022-02-07T17:02:51.288+0000][672.314s][info ][safepoint     ] Application time: 1.0001722 seconds
[2022-02-07T17:02:51.288+0000][672.314s][info ][safepoint     ] Entering safepoint region: Cleanup
[2022-02-07T17:02:51.288+0000][672.314s][info ][safepoint     ] Leaving safepoint region
[2022-02-07T17:02:51.288+0000][672.314s][info ][safepoint     ] Total time for which application threads were stopped: 0.0002992 seconds, Stopping threads took: 0.0000678 seconds
[2022-02-07T17:02:52.289+0000][673.314s][debug][safepoint     ] Safepoint synchronization initiated. (301 threads)
[2022-02-07T17:02:52.289+0000][673.314s][info ][safepoint     ] Application time: 1.0001176 seconds
[2022-02-07T17:02:52.289+0000][673.315s][info ][safepoint     ] Entering safepoint region: Cleanup
[2022-02-07T17:02:52.289+0000][673.315s][info ][safepoint     ] Leaving safepoint region
[2022-02-07T17:02:52.289+0000][673.315s][info ][safepoint     ] Total time for which application threads were stopped: 0.0004350 seconds, Stopping threads took: 0.0000681 seconds
[2022-02-07T17:02:53.289+0000][674.315s][debug][safepoint     ] Safepoint synchronization initiated. (301 threads)
[2022-02-07T17:02:53.289+0000][674.315s][info ][safepoint     ] Application time: 1.0001252 seconds
[2022-02-07T17:02:53.289+0000][674.315s][debug][safepoint     ] Waiting for 1 thread(s) to block
[2022-02-07T17:02:53.289+0000][674.315s][info ][safepoint     ] Entering safepoint region: Cleanup
[2022-02-07T17:02:53.290+0000][674.315s][info ][safepoint     ] Leaving safepoint region
[2022-02-07T17:02:53.290+0000][674.315s][info ][safepoint     ] Total time for which application threads were stopped: 0.0004617 seconds, Stopping threads took: 0.0001003 seconds
[2022-02-07T17:02:54.290+0000][675.316s][debug][safepoint     ] Safepoint synchronization initiated. (301 threads)
[2022-02-07T17:02:54.290+0000][675.316s][info ][safepoint     ] Application time: 1.0001196 seconds
[2022-02-07T17:02:54.290+0000][675.316s][info ][safepoint     ] Entering safepoint region: Cleanup
[2022-02-07T17:02:54.290+0000][675.316s][info ][safepoint     ] Leaving safepoint region
[2022-02-07T17:02:54.290+0000][675.316s][info ][safepoint     ] Total time for which application threads were stopped: 0.0003053 seconds, Stopping threads took: 0.0000717 seconds
[2022-02-07T17:02:55.294+0000][676.320s][debug][safepoint     ] Safepoint synchronization initiated. (301 threads)
[2022-02-07T17:02:55.294+0000][676.320s][info ][safepoint     ] Application time: 1.0038232 seconds
[2022-02-07T17:02:55.294+0000][676.320s][info ][safepoint     ] Entering safepoint region: Cleanup
[2022-02-07T17:02:55.294+0000][676.320s][info ][safepoint     ] Leaving safepoint region
[2022-02-07T17:02:55.294+0000][676.320s][info ][safepoint     ] Total time for which application threads were stopped: 0.0005177 seconds, Stopping threads took: 0.0000961 seconds
[2022-02-07T17:02:56.201+0000][677.227s][debug][safepoint     ] Safepoint synchronization initiated. (301 threads)
[2022-02-07T17:02:56.201+0000][677.227s][info ][safepoint     ] Application time: 0.9066061 seconds
[2022-02-07T17:02:56.201+0000][677.227s][info ][safepoint     ] Entering safepoint region: G1CollectForAllocation
[2022-02-07T17:02:56.201+0000][677.227s][info ][gc,start      ] GC(86) Pause Young (Normal) (G1 Evacuation Pause)
[2022-02-07T17:02:56.201+0000][677.227s][info ][gc,task       ] GC(86) Using 4 workers of 4 for evacuation
[2022-02-07T17:02:56.214+0000][677.240s][info ][gc,phases     ] GC(86)   Pre Evacuate Collection Set: 0.0ms
[2022-02-07T17:02:56.214+0000][677.240s][info ][gc,phases     ] GC(86)   Evacuate Collection Set: 5.9ms
[2022-02-07T17:02:56.214+0000][677.240s][info ][gc,phases     ] GC(86)   Post Evacuate Collection Set: 6.7ms
[2022-02-07T17:02:56.214+0000][677.240s][info ][gc,phases     ] GC(86)   Other: 0.3ms
[2022-02-07T17:02:56.214+0000][677.240s][info ][gc,heap       ] GC(86) Eden regions: 237->0(237)
[2022-02-07T17:02:56.214+0000][677.240s][info ][gc,heap       ] GC(86) Survivor regions: 1->1(30)
[2022-02-07T17:02:56.214+0000][677.240s][info ][gc,heap       ] GC(86) Old regions: 147->147
[2022-02-07T17:02:56.214+0000][677.240s][info ][gc,heap       ] GC(86) Humongous regions: 0->0
[2022-02-07T17:02:56.214+0000][677.240s][info ][gc,metaspace  ] GC(86) Metaspace: 162501K->162501K(1204224K)
[2022-02-07T17:02:56.214+0000][677.240s][info ][gc            ] GC(86) Pause Young (Normal) (G1 Evacuation Pause) 382M->145M(430M) 12.980ms
[2022-02-07T17:02:56.214+0000][677.240s][info ][gc,cpu        ] GC(86) User=0.02s Sys=0.00s Real=0.01s
[2022-02-07T17:02:56.214+0000][677.240s][info ][safepoint     ] Leaving safepoint region
[2022-02-07T17:02:56.214+0000][677.240s][info ][safepoint     ] Total time for which application threads were stopped: 0.0134419 seconds, Stopping threads took: 0.0000790 seconds
[2022-02-07T17:02:56.215+0000][677.241s][info ][gc,stringdedup] Concurrent String Deduplication (677.241s)
[2022-02-07T17:02:56.215+0000][677.241s][info ][gc,stringdedup] Concurrent String Deduplication 4128.0B->1408.0B(2720.0B) avg 53.2% (677.241s, 677.241s) 0.059ms
[2022-02-07T17:02:57.215+0000][678.240s][debug][safepoint     ] Safepoint synchronization initiated. (301 threads)
[2022-02-07T17:02:57.215+0000][678.240s][info ][safepoint     ] Application time: 1.0001265 seconds
[2022-02-07T17:02:57.215+0000][678.241s][info ][safepoint     ] Entering safepoint region: Cleanup
[2022-02-07T17:02:57.215+0000][678.241s][info ][safepoint     ] Leaving safepoint region
[2022-02-07T17:02:57.215+0000][678.241s][info ][safepoint     ] Total time for which application threads were stopped: 0.0003152 seconds, Stopping threads took: 0.0000700 seconds
[2022-02-07T17:02:58.215+0000][679.241s][debug][safepoint     ] Safepoint synchronization initiated. (301 threads)
[2022-02-07T17:02:58.215+0000][679.241s][info ][safepoint     ] Application time: 1.0001108 seconds
[2022-02-07T17:02:58.215+0000][679.241s][info ][safepoint     ] Entering safepoint region: Cleanup
[2022-02-07T17:02:58.215+0000][679.241s][info ][safepoint     ] Leaving safepoint region
[2022-02-07T17:02:58.215+0000][679.241s][info ][safepoint     ] Total time for which application threads were stopped: 0.0003012 seconds, Stopping threads took: 0.0000701 seconds
[2022-02-07T17:02:59.215+0000][680.241s][debug][safepoint     ] Safepoint synchronization initiated. (301 threads)
[2022-02-07T17:02:59.215+0000][680.241s][info ][safepoint     ] Application time: 1.0001100 seconds
[2022-02-07T17:02:59.216+0000][680.241s][info ][safepoint     ] Entering safepoint region: Cleanup
[2022-02-07T17:02:59.216+0000][680.242s][info ][safepoint     ] Leaving safepoint region
[2022-02-07T17:02:59.216+0000][680.242s][info ][safepoint     ] Total time for which application threads were stopped: 0.0004326 seconds, Stopping threads took: 0.0000702 seconds
[2022-02-07T17:03:00.216+0000][681.242s][debug][safepoint     ] Safepoint synchronization initiated. (301 threads)
[2022-02-07T17:03:00.216+0000][681.242s][info ][safepoint     ] Application time: 1.0001218 seconds
[2022-02-07T17:03:00.216+0000][681.242s][info ][safepoint     ] Entering safepoint region: Cleanup
[2022-02-07T17:03:00.217+0000][681.242s][info ][safepoint     ] Leaving safepoint region
[2022-02-07T17:03:00.217+0000][681.242s][info ][safepoint     ] Total time for which application threads were stopped: 0.0004443 seconds, Stopping threads took: 0.0000720 seconds
[2022-02-07T17:03:01.217+0000][682.242s][debug][safepoint     ] Safepoint synchronization initiated. (301 threads)
[2022-02-07T17:03:01.217+0000][682.243s][info ][safepoint     ] Application time: 1.0001512 seconds
[2022-02-07T17:03:01.217+0000][682.243s][info ][safepoint     ] Entering safepoint region: Cleanup
[2022-02-07T17:03:01.217+0000][682.243s][info ][safepoint     ] Leaving safepoint region
[2022-02-07T17:03:01.217+0000][682.243s][info ][safepoint     ] Total time for which application threads were stopped: 0.0004672 seconds, Stopping threads took: 0.0000762 seconds
[2022-02-07T17:03:02.217+0000][683.243s][debug][safepoint     ] Safepoint synchronization initiated. (301 threads)
[2022-02-07T17:03:02.217+0000][683.243s][info ][safepoint     ] Application time: 1.0001090 seconds
[2022-02-07T17:03:02.217+0000][683.243s][info ][safepoint     ] Entering safepoint region: Cleanup
[2022-02-07T17:03:02.224+0000][683.250s][info ][safepoint     ] Leaving safepoint region
[2022-02-07T17:03:02.224+0000][683.250s][info ][safepoint     ] Total time for which application threads were stopped: 0.0063990 seconds, Stopping threads took: 0.0000700 seconds
[2022-02-07T17:03:03.224+0000][684.250s][debug][safepoint     ] Safepoint synchronization initiated. (301 threads)
[2022-02-07T17:03:03.224+0000][684.250s][info ][safepoint     ] Application time: 1.0001197 seconds
[2022-02-07T17:03:03.224+0000][684.250s][info ][safepoint     ] Entering safepoint region: Cleanup
[2022-02-07T17:03:03.224+0000][684.250s][info ][safepoint     ] Leaving safepoint region
[2022-02-07T17:03:03.224+0000][684.250s][info ][safepoint     ] Total time for which application threads were stopped: 0.0004395 seconds, Stopping threads took: 0.0000723 seconds
[2022-02-07T17:03:04.224+0000][685.250s][debug][safepoint     ] Safepoint synchronization initiated. (301 threads)
[2022-02-07T17:03:04.224+0000][685.250s][info ][safepoint     ] Application time: 1.0001180 seconds
[2022-02-07T17:03:04.224+0000][685.250s][info ][safepoint     ] Entering safepoint region: Cleanup
[2022-02-07T17:03:04.225+0000][685.251s][info ][safepoint     ] Leaving safepoint region
[2022-02-07T17:03:04.225+0000][685.251s][info ][safepoint     ] Total time for which application threads were stopped: 0.0004327 seconds, Stopping threads took: 0.0000701 seconds
[2022-02-07T17:03:05.225+0000][686.251s][debug][safepoint     ] Safepoint synchronization initiated. (301 threads)
[2022-02-07T17:03:05.225+0000][686.251s][info ][safepoint     ] Application time: 1.0001180 seconds
[2022-02-07T17:03:05.225+0000][686.251s][debug][safepoint     ] ... found polling page return exception at pc = 0x00007f11b489c486, stub =0x00007f11ac8beb80
[2022-02-07T17:03:05.225+0000][686.251s][debug][safepoint     ] Waiting for 1 thread(s) to block
[2022-02-07T17:03:05.225+0000][686.251s][info ][safepoint     ] Entering safepoint region: Cleanup
[2022-02-07T17:03:05.225+0000][686.251s][info ][safepoint     ] Leaving safepoint region
[2022-02-07T17:03:05.225+0000][686.251s][info ][safepoint     ] Total time for which application threads were stopped: 0.0004813 seconds, Stopping threads took: 0.0001037 seconds
[2022-02-07T17:03:06.226+0000][687.251s][debug][safepoint     ] Safepoint synchronization initiated. (301 threads)
[2022-02-07T17:03:06.226+0000][687.251s][info ][safepoint     ] Application time: 1.0001215 seconds
[2022-02-07T17:03:06.226+0000][687.251s][info ][safepoint     ] Entering safepoint region: Cleanup
[2022-02-07T17:03:06.226+0000][687.252s][info ][safepoint     ] Leaving safepoint region
[2022-02-07T17:03:06.226+0000][687.252s][info ][safepoint     ] Total time for which application threads were stopped: 0.0003266 seconds, Stopping threads took: 0.0000711 seconds
[2022-02-07T17:03:07.226+0000][688.252s][debug][safepoint     ] Safepoint synchronization initiated. (301 threads)
[2022-02-07T17:03:07.226+0000][688.252s][info ][safepoint     ] Application time: 1.0001384 seconds
[2022-02-07T17:03:07.226+0000][688.252s][info ][safepoint     ] Entering safepoint region: Cleanup
[2022-02-07T17:03:07.226+0000][688.252s][info ][safepoint     ] Leaving safepoint region
[2022-02-07T17:03:07.226+0000][688.252s][info ][safepoint     ] Total time for which application threads were stopped: 0.0003786 seconds, Stopping threads took: 0.0000919 seconds
[2022-02-07T17:03:08.227+0000][689.252s][debug][safepoint     ] Safepoint synchronization initiated. (301 threads)
[2022-02-07T17:03:08.227+0000][689.252s][info ][safepoint     ] Application time: 1.0001226 seconds
[2022-02-07T17:03:08.227+0000][689.253s][info ][safepoint     ] Entering safepoint region: Cleanup
[2022-02-07T17:03:08.227+0000][689.253s][info ][safepoint     ] Leaving safepoint region
[2022-02-07T17:03:08.227+0000][689.253s][info ][safepoint     ] Total time for which application threads were stopped: 0.0003121 seconds, Stopping threads took: 0.0000736 seconds
[2022-02-07T17:03:09.227+0000][690.253s][debug][safepoint     ] Safepoint synchronization initiated. (301 threads)
[2022-02-07T17:03:09.227+0000][690.253s][info ][safepoint     ] Application time: 1.0001200 seconds
[2022-02-07T17:03:09.227+0000][690.253s][info ][safepoint     ] Entering safepoint region: Cleanup
[2022-02-07T17:03:09.227+0000][690.253s][info ][safepoint     ] Leaving safepoint region
[2022-02-07T17:03:09.227+0000][690.253s][info ][safepoint     ] Total time for which application threads were stopped: 0.0003063 seconds, Stopping threads took: 0.0000714 seconds
[2022-02-07T17:03:10.227+0000][691.253s][debug][safepoint     ] Safepoint synchronization initiated. (301 threads)
[2022-02-07T17:03:10.227+0000][691.253s][info ][safepoint     ] Application time: 1.0001299 seconds
[2022-02-07T17:03:10.228+0000][691.253s][info ][safepoint     ] Entering safepoint region: Cleanup
[2022-02-07T17:03:10.228+0000][691.254s][info ][safepoint     ] Leaving safepoint region
[2022-02-07T17:03:10.228+0000][691.254s][info ][safepoint     ] Total time for which application threads were stopped: 0.0003590 seconds, Stopping threads took: 0.0000739 seconds
[2022-02-07T17:03:11.198+0000][692.224s][debug][safepoint     ] Safepoint synchronization initiated. (301 threads)
[2022-02-07T17:03:11.198+0000][692.224s][info ][safepoint     ] Application time: 0.9706276 seconds
[2022-02-07T17:03:11.199+0000][692.224s][info ][safepoint     ] Entering safepoint region: G1CollectForAllocation
[2022-02-07T17:03:11.199+0000][692.225s][info ][gc,start      ] GC(87) Pause Young (Normal) (G1 Evacuation Pause)
[2022-02-07T17:03:11.199+0000][692.225s][info ][gc,task       ] GC(87) Using 4 workers of 4 for evacuation
[2022-02-07T17:03:11.208+0000][692.234s][info ][gc,phases     ] GC(87)   Pre Evacuate Collection Set: 0.0ms
[2022-02-07T17:03:11.208+0000][692.234s][info ][gc,phases     ] GC(87)   Evacuate Collection Set: 4.3ms
[2022-02-07T17:03:11.208+0000][692.234s][info ][gc,phases     ] GC(87)   Post Evacuate Collection Set: 4.3ms
[2022-02-07T17:03:11.208+0000][692.234s][info ][gc,phases     ] GC(87)   Other: 0.3ms
[2022-02-07T17:03:11.208+0000][692.234s][info ][gc,heap       ] GC(87) Eden regions: 237->0(237)
[2022-02-07T17:03:11.208+0000][692.234s][info ][gc,heap       ] GC(87) Survivor regions: 1->1(30)
[2022-02-07T17:03:11.208+0000][692.234s][info ][gc,heap       ] GC(87) Old regions: 147->147
[2022-02-07T17:03:11.208+0000][692.234s][info ][gc,heap       ] GC(87) Humongous regions: 0->0
[2022-02-07T17:03:11.208+0000][692.234s][info ][gc,metaspace  ] GC(87) Metaspace: 162514K->162514K(1204224K)
[2022-02-07T17:03:11.208+0000][692.234s][info ][gc            ] GC(87) Pause Young (Normal) (G1 Evacuation Pause) 382M->145M(430M) 8.980ms
[2022-02-07T17:03:11.208+0000][692.234s][info ][gc,cpu        ] GC(87) User=0.01s Sys=0.00s Real=0.02s
[2022-02-07T17:03:11.208+0000][692.234s][info ][safepoint     ] Leaving safepoint region
[2022-02-07T17:03:11.208+0000][692.234s][info ][safepoint     ] Total time for which application threads were stopped: 0.0094381 seconds, Stopping threads took: 0.0000882 seconds
[2022-02-07T17:03:11.208+0000][692.234s][info ][gc,stringdedup] Concurrent String Deduplication (692.234s)
[2022-02-07T17:03:11.208+0000][692.234s][info ][gc,stringdedup] Concurrent String Deduplication 1008.0B->0.0B(1008.0B) avg 53.2% (692.234s, 692.234s) 0.039ms
[2022-02-07T17:03:12.208+0000][693.234s][debug][safepoint     ] Safepoint synchronization initiated. (301 threads)
[2022-02-07T17:03:12.208+0000][693.234s][info ][safepoint     ] Application time: 1.0001317 seconds
[2022-02-07T17:03:12.208+0000][693.234s][info ][safepoint     ] Entering safepoint region: Cleanup
[2022-02-07T17:03:12.208+0000][693.234s][info ][safepoint     ] Leaving safepoint region
[2022-02-07T17:03:12.209+0000][693.234s][info ][safepoint     ] Total time for which application threads were stopped: 0.0004329 seconds, Stopping threads took: 0.0000709 seconds
[2022-02-07T17:03:13.209+0000][694.234s][debug][safepoint     ] Safepoint synchronization initiated. (301 threads)
[2022-02-07T17:03:13.209+0000][694.235s][info ][safepoint     ] Application time: 1.0001307 seconds
[2022-02-07T17:03:13.209+0000][694.235s][info ][safepoint     ] Entering safepoint region: Cleanup
[2022-02-07T17:03:13.209+0000][694.235s][info ][safepoint     ] Leaving safepoint region
[2022-02-07T17:03:13.209+0000][694.235s][info ][safepoint     ] Total time for which application threads were stopped: 0.0004467 seconds, Stopping threads took: 0.0000741 seconds
[2022-02-07T17:03:14.209+0000][695.235s][debug][safepoint     ] Safepoint synchronization initiated. (301 threads)
[2022-02-07T17:03:14.209+0000][695.235s][info ][safepoint     ] Application time: 1.0001449 seconds
[2022-02-07T17:03:14.209+0000][695.235s][info ][safepoint     ] Entering safepoint region: Cleanup
[2022-02-07T17:03:14.210+0000][695.236s][info ][safepoint     ] Leaving safepoint region
[2022-02-07T17:03:14.210+0000][695.236s][info ][safepoint     ] Total time for which application threads were stopped: 0.0004743 seconds, Stopping threads took: 0.0000755 seconds
[2022-02-07T17:03:15.210+0000][696.236s][debug][safepoint     ] Safepoint synchronization initiated. (301 threads)
[2022-02-07T17:03:15.210+0000][696.236s][info ][safepoint     ] Application time: 1.0001233 seconds
[2022-02-07T17:03:15.210+0000][696.236s][info ][safepoint     ] Entering safepoint region: Cleanup
[2022-02-07T17:03:15.210+0000][696.236s][info ][safepoint     ] Leaving safepoint region
[2022-02-07T17:03:15.210+0000][696.236s][info ][safepoint     ] Total time for which application threads were stopped: 0.0004721 seconds, Stopping threads took: 0.0000770 seconds
[2022-02-07T17:03:16.210+0000][697.236s][debug][safepoint     ] Safepoint synchronization initiated. (301 threads)
[2022-02-07T17:03:16.210+0000][697.236s][info ][safepoint     ] Application time: 1.0001138 seconds
[2022-02-07T17:03:16.211+0000][697.236s][debug][safepoint     ] Waiting for 1 thread(s) to block
[2022-02-07T17:03:16.211+0000][697.236s][info ][safepoint     ] Entering safepoint region: Cleanup
[2022-02-07T17:03:16.211+0000][697.237s][info ][safepoint     ] Leaving safepoint region
[2022-02-07T17:03:16.211+0000][697.237s][info ][safepoint     ] Total time for which application threads were stopped: 0.0003402 seconds, Stopping threads took: 0.0001131 seconds
[2022-02-07T17:03:17.211+0000][698.237s][debug][safepoint     ] Safepoint synchronization initiated. (301 threads)
[2022-02-07T17:03:17.211+0000][698.237s][info ][safepoint     ] Application time: 1.0001245 seconds
[2022-02-07T17:03:17.211+0000][698.237s][info ][safepoint     ] Entering safepoint region: Cleanup
[2022-02-07T17:03:17.211+0000][698.237s][info ][safepoint     ] Leaving safepoint region
[2022-02-07T17:03:17.211+0000][698.237s][info ][safepoint     ] Total time for which application threads were stopped: 0.0004563 seconds, Stopping threads took: 0.0000718 seconds
[2022-02-07T17:03:18.211+0000][699.237s][debug][safepoint     ] Safepoint synchronization initiated. (301 threads)
[2022-02-07T17:03:18.212+0000][699.237s][info ][safepoint     ] Application time: 1.0001155 seconds
[2022-02-07T17:03:18.212+0000][699.237s][info ][safepoint     ] Entering safepoint region: Cleanup
[2022-02-07T17:03:18.212+0000][699.238s][info ][safepoint     ] Leaving safepoint region
[2022-02-07T17:03:18.212+0000][699.238s][info ][safepoint     ] Total time for which application threads were stopped: 0.0004353 seconds, Stopping threads took: 0.0000705 seconds
[2022-02-07T17:03:19.212+0000][700.238s][debug][safepoint     ] Safepoint synchronization initiated. (301 threads)
[2022-02-07T17:03:19.212+0000][700.238s][info ][safepoint     ] Application time: 1.0001222 seconds
[2022-02-07T17:03:19.212+0000][700.238s][info ][safepoint     ] Entering safepoint region: Cleanup
[2022-02-07T17:03:19.213+0000][700.238s][info ][safepoint     ] Leaving safepoint region
[2022-02-07T17:03:19.213+0000][700.238s][info ][safepoint     ] Total time for which application threads were stopped: 0.0004409 seconds, Stopping threads took: 0.0000713 seconds
[2022-02-07T17:03:20.213+0000][701.239s][debug][safepoint     ] Safepoint synchronization initiated. (301 threads)
[2022-02-07T17:03:20.213+0000][701.239s][info ][safepoint     ] Application time: 1.0001160 seconds
[2022-02-07T17:03:20.213+0000][701.239s][info ][safepoint     ] Entering safepoint region: Cleanup
[2022-02-07T17:03:20.213+0000][701.239s][info ][safepoint     ] Leaving safepoint region
[2022-02-07T17:03:20.213+0000][701.239s][info ][safepoint     ] Total time for which application threads were stopped: 0.0004337 seconds, Stopping threads took: 0.0000724 seconds
[2022-02-07T17:03:21.213+0000][702.239s][debug][safepoint     ] Safepoint synchronization initiated. (301 threads)
[2022-02-07T17:03:21.213+0000][702.239s][info ][safepoint     ] Application time: 1.0001143 seconds
[2022-02-07T17:03:21.213+0000][702.239s][info ][safepoint     ] Entering safepoint region: Cleanup
[2022-02-07T17:03:21.214+0000][702.240s][info ][safepoint     ] Leaving safepoint region
[2022-02-07T17:03:21.214+0000][702.240s][info ][safepoint     ] Total time for which application threads were stopped: 0.0004443 seconds, Stopping threads took: 0.0000701 seconds
[2022-02-07T17:03:22.214+0000][703.240s][debug][safepoint     ] Safepoint synchronization initiated. (301 threads)
[2022-02-07T17:03:22.214+0000][703.240s][info ][safepoint     ] Application time: 1.0001578 seconds
[2022-02-07T17:03:22.214+0000][703.240s][info ][safepoint     ] Entering safepoint region: Cleanup
[2022-02-07T17:03:22.214+0000][703.240s][info ][safepoint     ] Leaving safepoint region
[2022-02-07T17:03:22.214+0000][703.240s][info ][safepoint     ] Total time for which application threads were stopped: 0.0003054 seconds, Stopping threads took: 0.0000682 seconds
[2022-02-07T17:03:23.217+0000][704.243s][debug][safepoint     ] Safepoint synchronization initiated. (301 threads)
[2022-02-07T17:03:23.217+0000][704.243s][info ][safepoint     ] Application time: 1.0025204 seconds
[2022-02-07T17:03:23.219+0000][704.245s][debug][safepoint     ] ... found polling page return exception at pc = 0x00007f11b4399c76, stub =0x00007f11ac8beb80
[2022-02-07T17:03:23.219+0000][704.245s][debug][safepoint     ] Waiting for 1 thread(s) to block
[2022-02-07T17:03:23.219+0000][704.245s][info ][safepoint     ] Entering safepoint region: Cleanup
[2022-02-07T17:03:23.220+0000][704.246s][info ][safepoint     ] Leaving safepoint region
[2022-02-07T17:03:23.220+0000][704.246s][info ][safepoint     ] Total time for which application threads were stopped: 0.0030471 seconds, Stopping threads took: 0.0026764 seconds
[2022-02-07T17:03:24.220+0000][705.246s][debug][safepoint     ] Safepoint synchronization initiated. (301 threads)
[2022-02-07T17:03:24.220+0000][705.246s][info ][safepoint     ] Application time: 1.0001216 seconds
[2022-02-07T17:03:24.220+0000][705.246s][info ][safepoint     ] Entering safepoint region: Cleanup
[2022-02-07T17:03:24.220+0000][705.246s][info ][safepoint     ] Leaving safepoint region
[2022-02-07T17:03:24.220+0000][705.246s][info ][safepoint     ] Total time for which application threads were stopped: 0.0004264 seconds, Stopping threads took: 0.0000674 seconds
[2022-02-07T17:03:25.220+0000][706.246s][debug][safepoint     ] Safepoint synchronization initiated. (301 threads)
[2022-02-07T17:03:25.220+0000][706.246s][info ][safepoint     ] Application time: 1.0001158 seconds
[2022-02-07T17:03:25.221+0000][706.246s][info ][safepoint     ] Entering safepoint region: Cleanup
[2022-02-07T17:03:25.221+0000][706.247s][info ][safepoint     ] Leaving safepoint region
[2022-02-07T17:03:25.221+0000][706.247s][info ][safepoint     ] Total time for which application threads were stopped: 0.0004768 seconds, Stopping threads took: 0.0001067 seconds
[2022-02-07T17:03:26.017+0000][707.043s][debug][safepoint     ] Safepoint synchronization initiated. (301 threads)
[2022-02-07T17:03:26.017+0000][707.043s][info ][safepoint     ] Application time: 0.7963179 seconds
[2022-02-07T17:03:26.017+0000][707.043s][info ][safepoint     ] Entering safepoint region: G1CollectForAllocation
[2022-02-07T17:03:26.018+0000][707.044s][info ][gc,start      ] GC(88) Pause Young (Normal) (G1 Evacuation Pause)
[2022-02-07T17:03:26.018+0000][707.044s][info ][gc,task       ] GC(88) Using 4 workers of 4 for evacuation
[2022-02-07T17:03:26.025+0000][707.051s][info ][gc,phases     ] GC(88)   Pre Evacuate Collection Set: 0.0ms
[2022-02-07T17:03:26.025+0000][707.051s][info ][gc,phases     ] GC(88)   Evacuate Collection Set: 2.5ms
[2022-02-07T17:03:26.025+0000][707.051s][info ][gc,phases     ] GC(88)   Post Evacuate Collection Set: 4.9ms
[2022-02-07T17:03:26.025+0000][707.051s][info ][gc,phases     ] GC(88)   Other: 0.2ms
[2022-02-07T17:03:26.025+0000][707.051s][info ][gc,heap       ] GC(88) Eden regions: 237->0(237)
[2022-02-07T17:03:26.025+0000][707.051s][info ][gc,heap       ] GC(88) Survivor regions: 1->1(30)
[2022-02-07T17:03:26.025+0000][707.051s][info ][gc,heap       ] GC(88) Old regions: 147->147
[2022-02-07T17:03:26.025+0000][707.051s][info ][gc,heap       ] GC(88) Humongous regions: 0->0
[2022-02-07T17:03:26.025+0000][707.051s][info ][gc,metaspace  ] GC(88) Metaspace: 162525K->162525K(1204224K)
[2022-02-07T17:03:26.025+0000][707.051s][info ][gc            ] GC(88) Pause Young (Normal) (G1 Evacuation Pause) 382M->145M(430M) 7.830ms
[2022-02-07T17:03:26.026+0000][707.051s][info ][gc,cpu        ] GC(88) User=0.01s Sys=0.00s Real=0.01s
[2022-02-07T17:03:26.026+0000][707.051s][info ][safepoint     ] Leaving safepoint region
[2022-02-07T17:03:26.026+0000][707.051s][info ][safepoint     ] Total time for which application threads were stopped: 0.0082424 seconds, Stopping threads took: 0.0000674 seconds
[2022-02-07T17:03:26.026+0000][707.052s][info ][gc,stringdedup] Concurrent String Deduplication (707.052s)
[2022-02-07T17:03:26.026+0000][707.052s][info ][gc,stringdedup] Concurrent String Deduplication 200.0B->0.0B(200.0B) avg 53.2% (707.052s, 707.052s) 0.024ms
[2022-02-07T17:03:27.026+0000][708.052s][debug][safepoint     ] Safepoint synchronization initiated. (301 threads)
[2022-02-07T17:03:27.026+0000][708.052s][info ][safepoint     ] Application time: 1.0001170 seconds
[2022-02-07T17:03:27.026+0000][708.052s][info ][safepoint     ] Entering safepoint region: Cleanup
[2022-02-07T17:03:27.026+0000][708.052s][info ][safepoint     ] Leaving safepoint region
[2022-02-07T17:03:27.026+0000][708.052s][info ][safepoint     ] Total time for which application threads were stopped: 0.0002556 seconds, Stopping threads took: 0.0000692 seconds
[2022-02-07T17:03:28.026+0000][709.052s][debug][safepoint     ] Safepoint synchronization initiated. (301 threads)
[2022-02-07T17:03:28.026+0000][709.052s][info ][safepoint     ] Application time: 1.0001105 seconds
[2022-02-07T17:03:28.026+0000][709.052s][info ][safepoint     ] Entering safepoint region: Cleanup
[2022-02-07T17:03:28.026+0000][709.052s][info ][safepoint     ] Leaving safepoint region
[2022-02-07T17:03:28.026+0000][709.052s][info ][safepoint     ] Total time for which application threads were stopped: 0.0002376 seconds, Stopping threads took: 0.0000705 seconds
[2022-02-07T17:03:29.026+0000][710.052s][debug][safepoint     ] Safepoint synchronization initiated. (301 threads)
[2022-02-07T17:03:29.026+0000][710.052s][info ][safepoint     ] Application time: 1.0001144 seconds
[2022-02-07T17:03:29.027+0000][710.052s][info ][safepoint     ] Entering safepoint region: Cleanup
[2022-02-07T17:03:29.027+0000][710.053s][info ][safepoint     ] Leaving safepoint region
[2022-02-07T17:03:29.027+0000][710.053s][info ][safepoint     ] Total time for which application threads were stopped: 0.0003136 seconds, Stopping threads took: 0.0000683 seconds
[2022-02-07T17:03:30.027+0000][711.053s][debug][safepoint     ] Safepoint synchronization initiated. (301 threads)
[2022-02-07T17:03:30.027+0000][711.053s][info ][safepoint     ] Application time: 1.0001123 seconds
[2022-02-07T17:03:30.027+0000][711.053s][info ][safepoint     ] Entering safepoint region: Cleanup
[2022-02-07T17:03:30.027+0000][711.053s][info ][safepoint     ] Leaving safepoint region
[2022-02-07T17:03:30.027+0000][711.053s][info ][safepoint     ] Total time for which application threads were stopped: 0.0002845 seconds, Stopping threads took: 0.0000672 seconds
[2022-02-07T17:03:31.027+0000][712.053s][debug][safepoint     ] Safepoint synchronization initiated. (301 threads)
[2022-02-07T17:03:31.027+0000][712.053s][info ][safepoint     ] Application time: 1.0000845 seconds
[2022-02-07T17:03:31.027+0000][712.053s][info ][safepoint     ] Entering safepoint region: Cleanup
[2022-02-07T17:03:31.028+0000][712.053s][info ][safepoint     ] Leaving safepoint region
[2022-02-07T17:03:31.028+0000][712.053s][info ][safepoint     ] Total time for which application threads were stopped: 0.0002962 seconds, Stopping threads took: 0.0000709 seconds
[2022-02-07T17:03:32.028+0000][713.054s][debug][safepoint     ] Safepoint synchronization initiated. (301 threads)
[2022-02-07T17:03:32.028+0000][713.054s][info ][safepoint     ] Application time: 1.0001194 seconds
[2022-02-07T17:03:32.028+0000][713.054s][info ][safepoint     ] Entering safepoint region: Cleanup
[2022-02-07T17:03:32.028+0000][713.054s][info ][safepoint     ] Leaving safepoint region
[2022-02-07T17:03:32.028+0000][713.054s][info ][safepoint     ] Total time for which application threads were stopped: 0.0002941 seconds, Stopping threads took: 0.0000708 seconds
[2022-02-07T17:03:33.028+0000][714.054s][debug][safepoint     ] Safepoint synchronization initiated. (301 threads)
[2022-02-07T17:03:33.028+0000][714.054s][info ][safepoint     ] Application time: 1.0001192 seconds
[2022-02-07T17:03:33.028+0000][714.054s][info ][safepoint     ] Entering safepoint region: Cleanup
[2022-02-07T17:03:33.028+0000][714.054s][info ][safepoint     ] Leaving safepoint region
[2022-02-07T17:03:33.028+0000][714.054s][info ][safepoint     ] Total time for which application threads were stopped: 0.0003123 seconds, Stopping threads took: 0.0000726 seconds
[2022-02-07T17:03:34.029+0000][715.054s][debug][safepoint     ] Safepoint synchronization initiated. (301 threads)
[2022-02-07T17:03:34.029+0000][715.054s][info ][safepoint     ] Application time: 1.0001119 seconds
[2022-02-07T17:03:34.029+0000][715.054s][info ][safepoint     ] Entering safepoint region: Cleanup
[2022-02-07T17:03:34.029+0000][715.055s][info ][safepoint     ] Leaving safepoint region
[2022-02-07T17:03:34.029+0000][715.055s][info ][safepoint     ] Total time for which application threads were stopped: 0.0002889 seconds, Stopping threads took: 0.0000682 seconds
[2022-02-07T17:03:35.029+0000][716.055s][debug][safepoint     ] Safepoint synchronization initiated. (301 threads)
[2022-02-07T17:03:35.029+0000][716.055s][info ][safepoint     ] Application time: 1.0001204 seconds
[2022-02-07T17:03:35.029+0000][716.055s][info ][safepoint     ] Entering safepoint region: Cleanup
[2022-02-07T17:03:35.029+0000][716.055s][info ][safepoint     ] Leaving safepoint region
[2022-02-07T17:03:35.029+0000][716.055s][info ][safepoint     ] Total time for which application threads were stopped: 0.0002880 seconds, Stopping threads took: 0.0000678 seconds
[2022-02-07T17:03:36.029+0000][717.055s][debug][safepoint     ] Safepoint synchronization initiated. (301 threads)
[2022-02-07T17:03:36.029+0000][717.055s][info ][safepoint     ] Application time: 1.0001038 seconds
[2022-02-07T17:03:36.029+0000][717.055s][info ][safepoint     ] Entering safepoint region: Cleanup
[2022-02-07T17:03:36.030+0000][717.056s][info ][safepoint     ] Leaving safepoint region
[2022-02-07T17:03:36.030+0000][717.056s][info ][safepoint     ] Total time for which application threads were stopped: 0.0003172 seconds, Stopping threads took: 0.0000674 seconds
[2022-02-07T17:03:37.030+0000][718.056s][debug][safepoint     ] Safepoint synchronization initiated. (301 threads)
[2022-02-07T17:03:37.030+0000][718.056s][info ][safepoint     ] Application time: 1.0001216 seconds
[2022-02-07T17:03:37.030+0000][718.056s][info ][safepoint     ] Entering safepoint region: Cleanup
[2022-02-07T17:03:37.030+0000][718.056s][info ][safepoint     ] Leaving safepoint region
[2022-02-07T17:03:37.030+0000][718.056s][info ][safepoint     ] Total time for which application threads were stopped: 0.0003174 seconds, Stopping threads took: 0.0000694 seconds
[2022-02-07T17:03:38.030+0000][719.056s][debug][safepoint     ] Safepoint synchronization initiated. (301 threads)
[2022-02-07T17:03:38.030+0000][719.056s][info ][safepoint     ] Application time: 1.0001111 seconds
[2022-02-07T17:03:38.030+0000][719.056s][info ][safepoint     ] Entering safepoint region: Cleanup
[2022-02-07T17:03:38.031+0000][719.056s][info ][safepoint     ] Leaving safepoint region
[2022-02-07T17:03:38.031+0000][719.056s][info ][safepoint     ] Total time for which application threads were stopped: 0.0002451 seconds, Stopping threads took: 0.0000632 seconds
[2022-02-07T17:03:39.031+0000][720.057s][debug][safepoint     ] Safepoint synchronization initiated. (301 threads)
[2022-02-07T17:03:39.031+0000][720.057s][info ][safepoint     ] Application time: 1.0001047 seconds
[2022-02-07T17:03:39.031+0000][720.057s][info ][safepoint     ] Entering safepoint region: Cleanup
[2022-02-07T17:03:39.031+0000][720.057s][info ][safepoint     ] Leaving safepoint region
[2022-02-07T17:03:39.031+0000][720.057s][info ][safepoint     ] Total time for which application threads were stopped: 0.0002677 seconds, Stopping threads took: 0.0000645 seconds
[2022-02-07T17:03:40.031+0000][721.057s][debug][safepoint     ] Safepoint synchronization initiated. (301 threads)
[2022-02-07T17:03:40.031+0000][721.057s][info ][safepoint     ] Application time: 1.0001317 seconds
[2022-02-07T17:03:40.031+0000][721.057s][info ][safepoint     ] Entering safepoint region: Cleanup
[2022-02-07T17:03:40.031+0000][721.057s][info ][safepoint     ] Leaving safepoint region
[2022-02-07T17:03:40.031+0000][721.057s][info ][safepoint     ] Total time for which application threads were stopped: 0.0002736 seconds, Stopping threads took: 0.0000677 seconds
[2022-02-07T17:03:41.031+0000][722.057s][debug][safepoint     ] Safepoint synchronization initiated. (301 threads)
[2022-02-07T17:03:41.032+0000][722.057s][info ][safepoint     ] Application time: 1.0001437 seconds
[2022-02-07T17:03:41.032+0000][722.057s][info ][safepoint     ] Entering safepoint region: Cleanup
[2022-02-07T17:03:41.032+0000][722.058s][info ][safepoint     ] Leaving safepoint region
[2022-02-07T17:03:41.032+0000][722.058s][info ][safepoint     ] Total time for which application threads were stopped: 0.0002973 seconds, Stopping threads took: 0.0000687 seconds
[2022-02-07T17:03:42.003+0000][723.028s][debug][safepoint     ] Safepoint synchronization initiated. (301 threads)
[2022-02-07T17:03:42.003+0000][723.028s][info ][safepoint     ] Application time: 0.9707546 seconds
[2022-02-07T17:03:42.003+0000][723.029s][info ][safepoint     ] Entering safepoint region: G1CollectForAllocation
[2022-02-07T17:03:42.003+0000][723.029s][info ][gc,start      ] GC(89) Pause Young (Normal) (G1 Evacuation Pause)
[2022-02-07T17:03:42.003+0000][723.029s][info ][gc,task       ] GC(89) Using 4 workers of 4 for evacuation
[2022-02-07T17:03:42.027+0000][723.052s][info ][gc,phases     ] GC(89)   Pre Evacuate Collection Set: 0.0ms
[2022-02-07T17:03:42.027+0000][723.052s][info ][gc,phases     ] GC(89)   Evacuate Collection Set: 15.4ms
[2022-02-07T17:03:42.027+0000][723.052s][info ][gc,phases     ] GC(89)   Post Evacuate Collection Set: 7.9ms
[2022-02-07T17:03:42.027+0000][723.052s][info ][gc,phases     ] GC(89)   Other: 0.2ms
[2022-02-07T17:03:42.027+0000][723.052s][info ][gc,heap       ] GC(89) Eden regions: 237->0(237)
[2022-02-07T17:03:42.027+0000][723.052s][info ][gc,heap       ] GC(89) Survivor regions: 1->1(30)
[2022-02-07T17:03:42.027+0000][723.052s][info ][gc,heap       ] GC(89) Old regions: 147->147
[2022-02-07T17:03:42.027+0000][723.052s][info ][gc,heap       ] GC(89) Humongous regions: 0->0
[2022-02-07T17:03:42.027+0000][723.052s][info ][gc,metaspace  ] GC(89) Metaspace: 162527K->162527K(1204224K)
[2022-02-07T17:03:42.027+0000][723.053s][info ][gc            ] GC(89) Pause Young (Normal) (G1 Evacuation Pause) 382M->145M(430M) 23.734ms
[2022-02-07T17:03:42.027+0000][723.053s][info ][gc,cpu        ] GC(89) User=0.02s Sys=0.00s Real=0.02s
[2022-02-07T17:03:42.027+0000][723.053s][info ][safepoint     ] Leaving safepoint region
[2022-02-07T17:03:42.027+0000][723.053s][info ][safepoint     ] Total time for which application threads were stopped: 0.0241483 seconds, Stopping threads took: 0.0000741 seconds
[2022-02-07T17:03:42.027+0000][723.053s][info ][gc,stringdedup] Concurrent String Deduplication (723.053s)
[2022-02-07T17:03:42.027+0000][723.053s][info ][gc,stringdedup] Concurrent String Deduplication 528.0B->0.0B(528.0B) avg 53.2% (723.053s, 723.053s) 0.022ms
[2022-02-07T17:03:43.027+0000][724.053s][debug][safepoint     ] Safepoint synchronization initiated. (301 threads)
[2022-02-07T17:03:43.027+0000][724.053s][info ][safepoint     ] Application time: 1.0001476 seconds
[2022-02-07T17:03:43.027+0000][724.053s][info ][safepoint     ] Entering safepoint region: Cleanup
[2022-02-07T17:03:43.027+0000][724.053s][info ][safepoint     ] Leaving safepoint region
[2022-02-07T17:03:43.027+0000][724.053s][info ][safepoint     ] Total time for which application threads were stopped: 0.0002862 seconds, Stopping threads took: 0.0000700 seconds
[2022-02-07T17:03:44.027+0000][725.053s][debug][safepoint     ] Safepoint synchronization initiated. (301 threads)
[2022-02-07T17:03:44.027+0000][725.053s][info ][safepoint     ] Application time: 1.0001265 seconds
[2022-02-07T17:03:44.027+0000][725.053s][info ][safepoint     ] Entering safepoint region: Cleanup
[2022-02-07T17:03:44.028+0000][725.053s][info ][safepoint     ] Leaving safepoint region
[2022-02-07T17:03:44.028+0000][725.053s][info ][safepoint     ] Total time for which application threads were stopped: 0.0002639 seconds, Stopping threads took: 0.0000814 seconds
[2022-02-07T17:03:45.028+0000][726.054s][debug][safepoint     ] Safepoint synchronization initiated. (301 threads)
[2022-02-07T17:03:45.028+0000][726.054s][info ][safepoint     ] Application time: 1.0001488 seconds
[2022-02-07T17:03:45.028+0000][726.054s][info ][safepoint     ] Entering safepoint region: Cleanup
[2022-02-07T17:03:45.028+0000][726.054s][info ][safepoint     ] Leaving safepoint region
[2022-02-07T17:03:45.028+0000][726.054s][info ][safepoint     ] Total time for which application threads were stopped: 0.0003555 seconds, Stopping threads took: 0.0000747 seconds
[2022-02-07T17:03:46.028+0000][727.054s][debug][safepoint     ] Safepoint synchronization initiated. (301 threads)
[2022-02-07T17:03:46.028+0000][727.054s][info ][safepoint     ] Application time: 1.0001179 seconds
[2022-02-07T17:03:46.028+0000][727.054s][info ][safepoint     ] Entering safepoint region: Cleanup
[2022-02-07T17:03:46.029+0000][727.055s][info ][safepoint     ] Leaving safepoint region
[2022-02-07T17:03:46.029+0000][727.055s][info ][safepoint     ] Total time for which application threads were stopped: 0.0005033 seconds, Stopping threads took: 0.0000701 seconds
[2022-02-07T17:03:47.029+0000][728.055s][debug][safepoint     ] Safepoint synchronization initiated. (301 threads)
[2022-02-07T17:03:47.029+0000][728.055s][info ][safepoint     ] Application time: 1.0001391 seconds
[2022-02-07T17:03:47.029+0000][728.055s][info ][safepoint     ] Entering safepoint region: Cleanup
[2022-02-07T17:03:47.029+0000][728.055s][info ][safepoint     ] Leaving safepoint region
[2022-02-07T17:03:47.029+0000][728.055s][info ][safepoint     ] Total time for which application threads were stopped: 0.0002894 seconds, Stopping threads took: 0.0000680 seconds
[2022-02-07T17:03:48.029+0000][729.055s][debug][safepoint     ] Safepoint synchronization initiated. (301 threads)
[2022-02-07T17:03:48.029+0000][729.055s][info ][safepoint     ] Application time: 1.0001106 seconds
[2022-02-07T17:03:48.029+0000][729.055s][debug][safepoint     ] ... found polling page return exception at pc = 0x00007f11b4fc1a06, stub =0x00007f11ac8beb80
[2022-02-07T17:03:48.029+0000][729.055s][debug][safepoint     ] Waiting for 1 thread(s) to block
[2022-02-07T17:03:48.029+0000][729.055s][info ][safepoint     ] Entering safepoint region: Cleanup
[2022-02-07T17:03:48.030+0000][729.056s][info ][safepoint     ] Leaving safepoint region
[2022-02-07T17:03:48.030+0000][729.056s][info ][safepoint     ] Total time for which application threads were stopped: 0.0003484 seconds, Stopping threads took: 0.0001090 seconds
[2022-02-07T17:03:49.030+0000][730.056s][debug][safepoint     ] Safepoint synchronization initiated. (301 threads)
[2022-02-07T17:03:49.030+0000][730.056s][info ][safepoint     ] Application time: 1.0001645 seconds
[2022-02-07T17:03:49.030+0000][730.056s][info ][safepoint     ] Entering safepoint region: Cleanup
[2022-02-07T17:03:49.030+0000][730.056s][info ][safepoint     ] Leaving safepoint region
[2022-02-07T17:03:49.030+0000][730.056s][info ][safepoint     ] Total time for which application threads were stopped: 0.0002733 seconds, Stopping threads took: 0.0000734 seconds
[2022-02-07T17:03:50.030+0000][731.056s][debug][safepoint     ] Safepoint synchronization initiated. (301 threads)
[2022-02-07T17:03:50.030+0000][731.056s][info ][safepoint     ] Application time: 1.0001176 seconds
[2022-02-07T17:03:50.030+0000][731.056s][info ][safepoint     ] Entering safepoint region: Cleanup
[2022-02-07T17:03:50.031+0000][731.056s][info ][safepoint     ] Leaving safepoint region
[2022-02-07T17:03:50.031+0000][731.056s][info ][safepoint     ] Total time for which application threads were stopped: 0.0003087 seconds, Stopping threads took: 0.0000674 seconds
[2022-02-07T17:03:51.031+0000][732.057s][debug][safepoint     ] Safepoint synchronization initiated. (301 threads)
[2022-02-07T17:03:51.031+0000][732.057s][info ][safepoint     ] Application time: 1.0001161 seconds
[2022-02-07T17:03:51.031+0000][732.057s][info ][safepoint     ] Entering safepoint region: Cleanup
[2022-02-07T17:03:51.031+0000][732.057s][info ][safepoint     ] Leaving safepoint region
[2022-02-07T17:03:51.031+0000][732.057s][info ][safepoint     ] Total time for which application threads were stopped: 0.0002979 seconds, Stopping threads took: 0.0000704 seconds
[2022-02-07T17:03:52.032+0000][733.058s][debug][safepoint     ] Safepoint synchronization initiated. (301 threads)
[2022-02-07T17:03:52.032+0000][733.058s][info ][safepoint     ] Application time: 1.0009146 seconds
[2022-02-07T17:03:52.032+0000][733.058s][info ][safepoint     ] Entering safepoint region: Cleanup
[2022-02-07T17:03:52.032+0000][733.058s][info ][safepoint     ] Leaving safepoint region
[2022-02-07T17:03:52.032+0000][733.058s][info ][safepoint     ] Total time for which application threads were stopped: 0.0003239 seconds, Stopping threads took: 0.0000730 seconds
[2022-02-07T17:03:53.032+0000][734.058s][debug][safepoint     ] Safepoint synchronization initiated. (301 threads)
[2022-02-07T17:03:53.032+0000][734.058s][info ][safepoint     ] Application time: 1.0001135 seconds
[2022-02-07T17:03:53.032+0000][734.058s][info ][safepoint     ] Entering safepoint region: Cleanup
[2022-02-07T17:03:53.033+0000][734.059s][info ][safepoint     ] Leaving safepoint region
[2022-02-07T17:03:53.033+0000][734.059s][info ][safepoint     ] Total time for which application threads were stopped: 0.0003142 seconds, Stopping threads took: 0.0000719 seconds
[2022-02-07T17:03:54.033+0000][735.059s][debug][safepoint     ] Safepoint synchronization initiated. (301 threads)
[2022-02-07T17:03:54.033+0000][735.059s][info ][safepoint     ] Application time: 1.0001201 seconds
[2022-02-07T17:03:54.033+0000][735.059s][info ][safepoint     ] Entering safepoint region: Cleanup
[2022-02-07T17:03:54.033+0000][735.059s][info ][safepoint     ] Leaving safepoint region
[2022-02-07T17:03:54.033+0000][735.059s][info ][safepoint     ] Total time for which application threads were stopped: 0.0003200 seconds, Stopping threads took: 0.0000895 seconds
[2022-02-07T17:03:55.033+0000][736.059s][debug][safepoint     ] Safepoint synchronization initiated. (301 threads)
[2022-02-07T17:03:55.033+0000][736.059s][info ][safepoint     ] Application time: 1.0001157 seconds
[2022-02-07T17:03:55.033+0000][736.059s][info ][safepoint     ] Entering safepoint region: Cleanup
[2022-02-07T17:03:55.034+0000][736.059s][info ][safepoint     ] Leaving safepoint region
[2022-02-07T17:03:55.034+0000][736.059s][info ][safepoint     ] Total time for which application threads were stopped: 0.0003003 seconds, Stopping threads took: 0.0000696 seconds
[2022-02-07T17:03:56.034+0000][737.060s][debug][safepoint     ] Safepoint synchronization initiated. (301 threads)
[2022-02-07T17:03:56.034+0000][737.060s][info ][safepoint     ] Application time: 1.0001087 seconds
[2022-02-07T17:03:56.034+0000][737.060s][info ][safepoint     ] Entering safepoint region: Cleanup
[2022-02-07T17:03:56.034+0000][737.060s][info ][safepoint     ] Leaving safepoint region
[2022-02-07T17:03:56.034+0000][737.060s][info ][safepoint     ] Total time for which application threads were stopped: 0.0003170 seconds, Stopping threads took: 0.0000676 seconds
[2022-02-07T17:03:57.034+0000][738.060s][debug][safepoint     ] Safepoint synchronization initiated. (301 threads)
[2022-02-07T17:03:57.034+0000][738.060s][info ][safepoint     ] Application time: 1.0001287 seconds
[2022-02-07T17:03:57.034+0000][738.060s][debug][safepoint     ] ... found polling page return exception at pc = 0x00007f11b462489f, stub =0x00007f11ac8beb80
[2022-02-07T17:03:57.034+0000][738.060s][debug][safepoint     ] Waiting for 1 thread(s) to block
[2022-02-07T17:03:57.034+0000][738.060s][info ][safepoint     ] Entering safepoint region: Cleanup
[2022-02-07T17:03:57.035+0000][738.060s][info ][safepoint     ] Leaving safepoint region
[2022-02-07T17:03:57.035+0000][738.060s][info ][safepoint     ] Total time for which application threads were stopped: 0.0003537 seconds, Stopping threads took: 0.0001105 seconds
[2022-02-07T17:03:58.035+0000][739.061s][debug][safepoint     ] Safepoint synchronization initiated. (301 threads)
[2022-02-07T17:03:58.035+0000][739.061s][info ][safepoint     ] Application time: 1.0001333 seconds
[2022-02-07T17:03:58.035+0000][739.061s][info ][safepoint     ] Entering safepoint region: Cleanup
[2022-02-07T17:03:58.035+0000][739.061s][info ][safepoint     ] Leaving safepoint region
[2022-02-07T17:03:58.035+0000][739.061s][info ][safepoint     ] Total time for which application threads were stopped: 0.0003040 seconds, Stopping threads took: 0.0000724 seconds
[2022-02-07T17:03:58.728+0000][739.754s][debug][safepoint     ] Safepoint synchronization initiated. (301 threads)
[2022-02-07T17:03:58.728+0000][739.754s][info ][safepoint     ] Application time: 0.6928774 seconds
[2022-02-07T17:03:58.728+0000][739.754s][debug][safepoint     ] Waiting for 1 thread(s) to block
[2022-02-07T17:03:58.728+0000][739.754s][info ][safepoint     ] Entering safepoint region: G1CollectForAllocation
[2022-02-07T17:03:58.729+0000][739.754s][info ][gc,start      ] GC(90) Pause Young (Normal) (G1 Evacuation Pause)
[2022-02-07T17:03:58.729+0000][739.754s][info ][gc,task       ] GC(90) Using 4 workers of 4 for evacuation
[2022-02-07T17:03:58.751+0000][739.777s][info ][gc,phases     ] GC(90)   Pre Evacuate Collection Set: 0.0ms
[2022-02-07T17:03:58.751+0000][739.777s][info ][gc,phases     ] GC(90)   Evacuate Collection Set: 14.7ms
[2022-02-07T17:03:58.751+0000][739.777s][info ][gc,phases     ] GC(90)   Post Evacuate Collection Set: 7.9ms
[2022-02-07T17:03:58.751+0000][739.777s][info ][gc,phases     ] GC(90)   Other: 0.3ms
[2022-02-07T17:03:58.751+0000][739.777s][info ][gc,heap       ] GC(90) Eden regions: 237->0(237)
[2022-02-07T17:03:58.751+0000][739.777s][info ][gc,heap       ] GC(90) Survivor regions: 1->1(30)
[2022-02-07T17:03:58.751+0000][739.777s][info ][gc,heap       ] GC(90) Old regions: 147->147
[2022-02-07T17:03:58.751+0000][739.777s][info ][gc,heap       ] GC(90) Humongous regions: 0->0
[2022-02-07T17:03:58.751+0000][739.777s][info ][gc,metaspace  ] GC(90) Metaspace: 162531K->162531K(1204224K)
[2022-02-07T17:03:58.751+0000][739.777s][info ][gc            ] GC(90) Pause Young (Normal) (G1 Evacuation Pause) 382M->145M(430M) 22.974ms
[2022-02-07T17:03:58.752+0000][739.777s][info ][gc,cpu        ] GC(90) User=0.01s Sys=0.00s Real=0.02s
[2022-02-07T17:03:58.752+0000][739.777s][info ][safepoint     ] Leaving safepoint region
[2022-02-07T17:03:58.752+0000][739.777s][info ][safepoint     ] Total time for which application threads were stopped: 0.0236564 seconds, Stopping threads took: 0.0001127 seconds
[2022-02-07T17:03:58.752+0000][739.778s][info ][gc,stringdedup] Concurrent String Deduplication (739.778s)
[2022-02-07T17:03:58.752+0000][739.778s][info ][gc,stringdedup] Concurrent String Deduplication 816.0B->0.0B(816.0B) avg 53.2% (739.778s, 739.778s) 0.028ms
[2022-02-07T17:03:59.761+0000][740.787s][debug][safepoint     ] Safepoint synchronization initiated. (301 threads)
[2022-02-07T17:03:59.761+0000][740.787s][info ][safepoint     ] Application time: 1.0097797 seconds
[2022-02-07T17:03:59.761+0000][740.787s][info ][safepoint     ] Entering safepoint region: Cleanup
[2022-02-07T17:03:59.762+0000][740.788s][info ][safepoint     ] Leaving safepoint region
[2022-02-07T17:03:59.762+0000][740.788s][info ][safepoint     ] Total time for which application threads were stopped: 0.0004469 seconds, Stopping threads took: 0.0000755 seconds
[2022-02-07T17:04:00.762+0000][741.788s][debug][safepoint     ] Safepoint synchronization initiated. (301 threads)
[2022-02-07T17:04:00.762+0000][741.788s][info ][safepoint     ] Application time: 1.0001195 seconds
[2022-02-07T17:04:00.762+0000][741.788s][info ][safepoint     ] Entering safepoint region: Cleanup
[2022-02-07T17:04:00.762+0000][741.788s][info ][safepoint     ] Leaving safepoint region
[2022-02-07T17:04:00.762+0000][741.788s][info ][safepoint     ] Total time for which application threads were stopped: 0.0004630 seconds, Stopping threads took: 0.0000736 seconds
[2022-02-07T17:04:01.763+0000][742.788s][debug][safepoint     ] Safepoint synchronization initiated. (301 threads)
[2022-02-07T17:04:01.763+0000][742.788s][info ][safepoint     ] Application time: 1.0001196 seconds
[2022-02-07T17:04:01.763+0000][742.788s][debug][safepoint     ] ... found polling page return exception at pc = 0x00007f11b523e430, stub =0x00007f11ac8beb80
[2022-02-07T17:04:01.763+0000][742.788s][debug][safepoint     ] Waiting for 1 thread(s) to block
[2022-02-07T17:04:01.763+0000][742.789s][info ][safepoint     ] Entering safepoint region: Cleanup
[2022-02-07T17:04:01.763+0000][742.789s][info ][safepoint     ] Leaving safepoint region
[2022-02-07T17:04:01.763+0000][742.789s][info ][safepoint     ] Total time for which application threads were stopped: 0.0004878 seconds, Stopping threads took: 0.0001031 seconds
[2022-02-07T17:04:02.763+0000][743.789s][debug][safepoint     ] Safepoint synchronization initiated. (301 threads)
[2022-02-07T17:04:02.763+0000][743.789s][info ][safepoint     ] Application time: 1.0001205 seconds
[2022-02-07T17:04:02.763+0000][743.789s][info ][safepoint     ] Entering safepoint region: Cleanup
[2022-02-07T17:04:02.764+0000][743.789s][debug][safepoint     ] ... found polling page return exception at pc = 0x00007f11b4fc1a06, stub =0x00007f11ac8beb80
[2022-02-07T17:04:02.764+0000][743.789s][info ][safepoint     ] Leaving safepoint region
[2022-02-07T17:04:02.764+0000][743.789s][info ][safepoint     ] Total time for which application threads were stopped: 0.0003348 seconds, Stopping threads took: 0.0000713 seconds
[2022-02-07T17:04:03.764+0000][744.790s][debug][safepoint     ] Safepoint synchronization initiated. (301 threads)
[2022-02-07T17:04:03.764+0000][744.790s][info ][safepoint     ] Application time: 1.0001278 seconds
[2022-02-07T17:04:03.764+0000][744.790s][info ][safepoint     ] Entering safepoint region: Cleanup
[2022-02-07T17:04:03.764+0000][744.790s][info ][safepoint     ] Leaving safepoint region
[2022-02-07T17:04:03.764+0000][744.790s][info ][safepoint     ] Total time for which application threads were stopped: 0.0003259 seconds, Stopping threads took: 0.0000893 seconds
[2022-02-07T17:04:04.764+0000][745.790s][debug][safepoint     ] Safepoint synchronization initiated. (301 threads)
[2022-02-07T17:04:04.764+0000][745.790s][info ][safepoint     ] Application time: 1.0001220 seconds
[2022-02-07T17:04:04.764+0000][745.790s][info ][safepoint     ] Entering safepoint region: Cleanup
[2022-02-07T17:04:04.765+0000][745.790s][info ][safepoint     ] Leaving safepoint region
[2022-02-07T17:04:04.765+0000][745.790s][info ][safepoint     ] Total time for which application threads were stopped: 0.0004653 seconds, Stopping threads took: 0.0000904 seconds
[2022-02-07T17:04:05.765+0000][746.791s][debug][safepoint     ] Safepoint synchronization initiated. (301 threads)
[2022-02-07T17:04:05.765+0000][746.791s][info ][safepoint     ] Application time: 1.0001421 seconds
[2022-02-07T17:04:05.765+0000][746.791s][info ][safepoint     ] Entering safepoint region: Cleanup
[2022-02-07T17:04:05.765+0000][746.791s][info ][safepoint     ] Leaving safepoint region
[2022-02-07T17:04:05.765+0000][746.791s][info ][safepoint     ] Total time for which application threads were stopped: 0.0003278 seconds, Stopping threads took: 0.0000713 seconds
[2022-02-07T17:04:06.765+0000][747.791s][debug][safepoint     ] Safepoint synchronization initiated. (301 threads)
[2022-02-07T17:04:06.765+0000][747.791s][info ][safepoint     ] Application time: 1.0001460 seconds
[2022-02-07T17:04:06.765+0000][747.791s][info ][safepoint     ] Entering safepoint region: Cleanup
[2022-02-07T17:04:06.766+0000][747.791s][info ][safepoint     ] Leaving safepoint region
[2022-02-07T17:04:06.766+0000][747.791s][info ][safepoint     ] Total time for which application threads were stopped: 0.0002528 seconds, Stopping threads took: 0.0000705 seconds
[2022-02-07T17:04:07.766+0000][748.791s][debug][safepoint     ] Safepoint synchronization initiated. (301 threads)
[2022-02-07T17:04:07.766+0000][748.792s][info ][safepoint     ] Application time: 1.0001129 seconds
[2022-02-07T17:04:07.766+0000][748.792s][info ][safepoint     ] Entering safepoint region: Cleanup
[2022-02-07T17:04:07.766+0000][748.792s][info ][safepoint     ] Leaving safepoint region
[2022-02-07T17:04:07.766+0000][748.792s][info ][safepoint     ] Total time for which application threads were stopped: 0.0002388 seconds, Stopping threads took: 0.0000703 seconds
[2022-02-07T17:04:08.766+0000][749.792s][debug][safepoint     ] Safepoint synchronization initiated. (301 threads)
[2022-02-07T17:04:08.766+0000][749.792s][info ][safepoint     ] Application time: 1.0001135 seconds
[2022-02-07T17:04:08.766+0000][749.792s][info ][safepoint     ] Entering safepoint region: Cleanup
[2022-02-07T17:04:08.766+0000][749.792s][info ][safepoint     ] Leaving safepoint region
[2022-02-07T17:04:08.766+0000][749.792s][info ][safepoint     ] Total time for which application threads were stopped: 0.0003021 seconds, Stopping threads took: 0.0000717 seconds
[2022-02-07T17:04:09.766+0000][750.792s][debug][safepoint     ] Safepoint synchronization initiated. (301 threads)
[2022-02-07T17:04:09.766+0000][750.792s][info ][safepoint     ] Application time: 1.0001246 seconds
[2022-02-07T17:04:09.767+0000][750.792s][info ][safepoint     ] Entering safepoint region: Cleanup
[2022-02-07T17:04:09.767+0000][750.793s][info ][safepoint     ] Leaving safepoint region
[2022-02-07T17:04:09.767+0000][750.793s][info ][safepoint     ] Total time for which application threads were stopped: 0.0003074 seconds, Stopping threads took: 0.0000719 seconds
[2022-02-07T17:04:10.767+0000][751.793s][debug][safepoint     ] Safepoint synchronization initiated. (301 threads)
[2022-02-07T17:04:10.767+0000][751.793s][info ][safepoint     ] Application time: 1.0001160 seconds
[2022-02-07T17:04:10.767+0000][751.793s][info ][safepoint     ] Entering safepoint region: Cleanup
[2022-02-07T17:04:10.767+0000][751.793s][info ][safepoint     ] Leaving safepoint region
[2022-02-07T17:04:10.767+0000][751.793s][info ][safepoint     ] Total time for which application threads were stopped: 0.0003744 seconds, Stopping threads took: 0.0000843 seconds
[2022-02-07T17:04:11.767+0000][752.793s][debug][safepoint     ] Safepoint synchronization initiated. (301 threads)
[2022-02-07T17:04:11.767+0000][752.793s][info ][safepoint     ] Application time: 1.0001123 seconds
[2022-02-07T17:04:11.767+0000][752.793s][info ][safepoint     ] Entering safepoint region: Cleanup
[2022-02-07T17:04:11.768+0000][752.794s][info ][safepoint     ] Leaving safepoint region
[2022-02-07T17:04:11.768+0000][752.794s][info ][safepoint     ] Total time for which application threads were stopped: 0.0003012 seconds, Stopping threads took: 0.0000711 seconds
[2022-02-07T17:04:12.768+0000][753.794s][debug][safepoint     ] Safepoint synchronization initiated. (301 threads)
[2022-02-07T17:04:12.768+0000][753.794s][info ][safepoint     ] Application time: 1.0001076 seconds
[2022-02-07T17:04:12.768+0000][753.794s][debug][safepoint     ] ... found polling page return exception at pc = 0x00007f11b4c764f2, stub =0x00007f11ac8beb80
[2022-02-07T17:04:12.768+0000][753.794s][debug][safepoint     ] Waiting for 1 thread(s) to block
[2022-02-07T17:04:12.768+0000][753.794s][info ][safepoint     ] Entering safepoint region: Cleanup
[2022-02-07T17:04:12.768+0000][753.794s][info ][safepoint     ] Leaving safepoint region
[2022-02-07T17:04:12.768+0000][753.794s][info ][safepoint     ] Total time for which application threads were stopped: 0.0005280 seconds, Stopping threads took: 0.0001156 seconds
[2022-02-07T17:04:13.768+0000][754.794s][debug][safepoint     ] Safepoint synchronization initiated. (301 threads)
[2022-02-07T17:04:13.769+0000][754.794s][info ][safepoint     ] Application time: 1.0001348 seconds
[2022-02-07T17:04:13.769+0000][754.794s][info ][safepoint     ] Entering safepoint region: Cleanup
[2022-02-07T17:04:13.769+0000][754.795s][info ][safepoint     ] Leaving safepoint region
[2022-02-07T17:04:13.769+0000][754.795s][info ][safepoint     ] Total time for which application threads were stopped: 0.0004839 seconds, Stopping threads took: 0.0000775 seconds
[2022-02-07T17:04:13.797+0000][754.823s][debug][safepoint     ] Safepoint synchronization initiated. (301 threads)
[2022-02-07T17:04:13.797+0000][754.823s][info ][safepoint     ] Application time: 0.0280846 seconds
[2022-02-07T17:04:13.797+0000][754.823s][info ][safepoint     ] Entering safepoint region: G1CollectForAllocation
[2022-02-07T17:04:13.798+0000][754.823s][info ][gc,start      ] GC(91) Pause Young (Normal) (G1 Evacuation Pause)
[2022-02-07T17:04:13.798+0000][754.823s][info ][gc,task       ] GC(91) Using 4 workers of 4 for evacuation
[2022-02-07T17:04:13.831+0000][754.857s][info ][gc,phases     ] GC(91)   Pre Evacuate Collection Set: 0.0ms
[2022-02-07T17:04:13.831+0000][754.857s][info ][gc,phases     ] GC(91)   Evacuate Collection Set: 26.1ms
[2022-02-07T17:04:13.831+0000][754.857s][info ][gc,phases     ] GC(91)   Post Evacuate Collection Set: 7.5ms
[2022-02-07T17:04:13.831+0000][754.857s][info ][gc,phases     ] GC(91)   Other: 0.2ms
[2022-02-07T17:04:13.831+0000][754.857s][info ][gc,heap       ] GC(91) Eden regions: 237->0(237)
[2022-02-07T17:04:13.831+0000][754.857s][info ][gc,heap       ] GC(91) Survivor regions: 1->1(30)
[2022-02-07T17:04:13.831+0000][754.857s][info ][gc,heap       ] GC(91) Old regions: 147->147
[2022-02-07T17:04:13.832+0000][754.857s][info ][gc,heap       ] GC(91) Humongous regions: 0->0
[2022-02-07T17:04:13.832+0000][754.857s][info ][gc,metaspace  ] GC(91) Metaspace: 162532K->162532K(1204224K)
[2022-02-07T17:04:13.832+0000][754.857s][info ][gc            ] GC(91) Pause Young (Normal) (G1 Evacuation Pause) 382M->145M(430M) 33.958ms
[2022-02-07T17:04:13.832+0000][754.857s][info ][gc,cpu        ] GC(91) User=0.03s Sys=0.00s Real=0.04s
[2022-02-07T17:04:13.832+0000][754.857s][info ][safepoint     ] Leaving safepoint region
[2022-02-07T17:04:13.832+0000][754.857s][info ][safepoint     ] Total time for which application threads were stopped: 0.0345241 seconds, Stopping threads took: 0.0000699 seconds
[2022-02-07T17:04:13.832+0000][754.858s][info ][gc,stringdedup] Concurrent String Deduplication (754.858s)
[2022-02-07T17:04:13.832+0000][754.858s][info ][gc,stringdedup] Concurrent String Deduplication 384.0B->0.0B(384.0B) avg 53.2% (754.858s, 754.858s) 0.031ms
[2022-02-07T17:04:14.832+0000][755.858s][debug][safepoint     ] Safepoint synchronization initiated. (301 threads)
[2022-02-07T17:04:14.832+0000][755.858s][info ][safepoint     ] Application time: 1.0001249 seconds
[2022-02-07T17:04:14.832+0000][755.858s][info ][safepoint     ] Entering safepoint region: Cleanup
[2022-02-07T17:04:14.832+0000][755.858s][info ][safepoint     ] Leaving safepoint region
[2022-02-07T17:04:14.832+0000][755.858s][info ][safepoint     ] Total time for which application threads were stopped: 0.0004496 seconds, Stopping threads took: 0.0000773 seconds
[2022-02-07T17:04:15.832+0000][756.858s][debug][safepoint     ] Safepoint synchronization initiated. (301 threads)
[2022-02-07T17:04:15.832+0000][756.858s][info ][safepoint     ] Application time: 1.0001152 seconds
[2022-02-07T17:04:15.832+0000][756.858s][info ][safepoint     ] Entering safepoint region: Cleanup
[2022-02-07T17:04:15.833+0000][756.859s][info ][safepoint     ] Leaving safepoint region
[2022-02-07T17:04:15.833+0000][756.859s][info ][safepoint     ] Total time for which application threads were stopped: 0.0003213 seconds, Stopping threads took: 0.0000710 seconds
[2022-02-07T17:04:16.833+0000][757.859s][debug][safepoint     ] Safepoint synchronization initiated. (301 threads)
[2022-02-07T17:04:16.833+0000][757.859s][info ][safepoint     ] Application time: 1.0001040 seconds
[2022-02-07T17:04:16.833+0000][757.859s][info ][safepoint     ] Entering safepoint region: Cleanup
[2022-02-07T17:04:16.833+0000][757.859s][info ][safepoint     ] Leaving safepoint region
[2022-02-07T17:04:16.833+0000][757.859s][info ][safepoint     ] Total time for which application threads were stopped: 0.0003148 seconds, Stopping threads took: 0.0000687 seconds
[2022-02-07T17:04:17.833+0000][758.859s][debug][safepoint     ] Safepoint synchronization initiated. (301 threads)
[2022-02-07T17:04:17.833+0000][758.859s][info ][safepoint     ] Application time: 1.0001107 seconds
[2022-02-07T17:04:17.833+0000][758.859s][info ][safepoint     ] Entering safepoint region: Cleanup
[2022-02-07T17:04:17.834+0000][758.859s][info ][safepoint     ] Leaving safepoint region
[2022-02-07T17:04:17.834+0000][758.859s][debug][safepoint     ] ... found polling page return exception at pc = 0x00007f11b4fc1a06, stub =0x00007f11ac8beb80
[2022-02-07T17:04:17.834+0000][758.859s][info ][safepoint     ] Total time for which application threads were stopped: 0.0002927 seconds, Stopping threads took: 0.0000732 seconds
[2022-02-07T17:04:18.834+0000][759.860s][debug][safepoint     ] Safepoint synchronization initiated. (301 threads)
[2022-02-07T17:04:18.834+0000][759.860s][info ][safepoint     ] Application time: 1.0001304 seconds
[2022-02-07T17:04:18.834+0000][759.860s][info ][safepoint     ] Entering safepoint region: Cleanup
[2022-02-07T17:04:18.834+0000][759.860s][info ][safepoint     ] Leaving safepoint region
[2022-02-07T17:04:18.834+0000][759.860s][info ][safepoint     ] Total time for which application threads were stopped: 0.0003315 seconds, Stopping threads took: 0.0000757 seconds
[2022-02-07T17:04:19.834+0000][760.860s][debug][safepoint     ] Safepoint synchronization initiated. (301 threads)
[2022-02-07T17:04:19.834+0000][760.860s][info ][safepoint     ] Application time: 1.0001208 seconds
[2022-02-07T17:04:19.834+0000][760.860s][info ][safepoint     ] Entering safepoint region: Cleanup
[2022-02-07T17:04:19.835+0000][760.861s][info ][safepoint     ] Leaving safepoint region
[2022-02-07T17:04:19.835+0000][760.861s][info ][safepoint     ] Total time for which application threads were stopped: 0.0004295 seconds, Stopping threads took: 0.0000700 seconds
[2022-02-07T17:04:20.835+0000][761.861s][debug][safepoint     ] Safepoint synchronization initiated. (301 threads)
[2022-02-07T17:04:20.835+0000][761.861s][info ][safepoint     ] Application time: 1.0001446 seconds
[2022-02-07T17:04:20.835+0000][761.861s][info ][safepoint     ] Entering safepoint region: Cleanup
[2022-02-07T17:04:20.835+0000][761.861s][info ][safepoint     ] Leaving safepoint region
[2022-02-07T17:04:20.835+0000][761.861s][info ][safepoint     ] Total time for which application threads were stopped: 0.0004838 seconds, Stopping threads took: 0.0000733 seconds
[2022-02-07T17:04:21.835+0000][762.861s][debug][safepoint     ] Safepoint synchronization initiated. (301 threads)
[2022-02-07T17:04:21.835+0000][762.861s][info ][safepoint     ] Application time: 1.0001076 seconds
[2022-02-07T17:04:21.835+0000][762.861s][info ][safepoint     ] Entering safepoint region: Cleanup
[2022-02-07T17:04:21.836+0000][762.862s][info ][safepoint     ] Leaving safepoint region
[2022-02-07T17:04:21.836+0000][762.862s][info ][safepoint     ] Total time for which application threads were stopped: 0.0004387 seconds, Stopping threads took: 0.0000748 seconds
[2022-02-07T17:04:22.836+0000][763.862s][debug][safepoint     ] Safepoint synchronization initiated. (301 threads)
[2022-02-07T17:04:22.836+0000][763.862s][info ][safepoint     ] Application time: 1.0001134 seconds
[2022-02-07T17:04:22.836+0000][763.862s][info ][safepoint     ] Entering safepoint region: Cleanup
[2022-02-07T17:04:22.836+0000][763.862s][info ][safepoint     ] Leaving safepoint region
[2022-02-07T17:04:22.836+0000][763.862s][info ][safepoint     ] Total time for which application threads were stopped: 0.0004291 seconds, Stopping threads took: 0.0000682 seconds
[2022-02-07T17:04:23.837+0000][764.862s][debug][safepoint     ] Safepoint synchronization initiated. (301 threads)
[2022-02-07T17:04:23.837+0000][764.862s][info ][safepoint     ] Application time: 1.0001173 seconds
[2022-02-07T17:04:23.837+0000][764.862s][info ][safepoint     ] Entering safepoint region: Cleanup
[2022-02-07T17:04:23.837+0000][764.863s][info ][safepoint     ] Leaving safepoint region
[2022-02-07T17:04:23.837+0000][764.863s][info ][safepoint     ] Total time for which application threads were stopped: 0.0004286 seconds, Stopping threads took: 0.0000692 seconds
[2022-02-07T17:04:24.837+0000][765.863s][debug][safepoint     ] Safepoint synchronization initiated. (301 threads)
[2022-02-07T17:04:24.837+0000][765.863s][info ][safepoint     ] Application time: 1.0001238 seconds
[2022-02-07T17:04:24.837+0000][765.863s][info ][safepoint     ] Entering safepoint region: Cleanup
[2022-02-07T17:04:24.837+0000][765.863s][info ][safepoint     ] Leaving safepoint region
[2022-02-07T17:04:24.837+0000][765.863s][info ][safepoint     ] Total time for which application threads were stopped: 0.0003234 seconds, Stopping threads took: 0.0000781 seconds
[2022-02-07T17:04:25.838+0000][766.863s][debug][safepoint     ] Safepoint synchronization initiated. (301 threads)
[2022-02-07T17:04:25.838+0000][766.863s][info ][safepoint     ] Application time: 1.0001196 seconds
[2022-02-07T17:04:25.838+0000][766.864s][info ][safepoint     ] Entering safepoint region: Cleanup
[2022-02-07T17:04:25.838+0000][766.864s][info ][safepoint     ] Leaving safepoint region
[2022-02-07T17:04:25.838+0000][766.864s][info ][safepoint     ] Total time for which application threads were stopped: 0.0003136 seconds, Stopping threads took: 0.0000710 seconds
[2022-02-07T17:04:26.328+0000][767.354s][debug][safepoint     ] Safepoint synchronization initiated. (301 threads)
[2022-02-07T17:04:26.328+0000][767.354s][info ][safepoint     ] Application time: 0.4900013 seconds
[2022-02-07T17:04:26.328+0000][767.354s][info ][safepoint     ] Entering safepoint region: G1CollectForAllocation
[2022-02-07T17:04:26.328+0000][767.354s][info ][gc,start      ] GC(92) Pause Young (Normal) (G1 Evacuation Pause)
[2022-02-07T17:04:26.328+0000][767.354s][info ][gc,task       ] GC(92) Using 4 workers of 4 for evacuation
[2022-02-07T17:04:26.339+0000][767.365s][info ][gc,phases     ] GC(92)   Pre Evacuate Collection Set: 0.0ms
[2022-02-07T17:04:26.339+0000][767.365s][info ][gc,phases     ] GC(92)   Evacuate Collection Set: 6.9ms
[2022-02-07T17:04:26.340+0000][767.365s][info ][gc,phases     ] GC(92)   Post Evacuate Collection Set: 4.1ms
[2022-02-07T17:04:26.340+0000][767.365s][info ][gc,phases     ] GC(92)   Other: 0.2ms
[2022-02-07T17:04:26.340+0000][767.365s][info ][gc,heap       ] GC(92) Eden regions: 237->0(237)
[2022-02-07T17:04:26.340+0000][767.365s][info ][gc,heap       ] GC(92) Survivor regions: 1->1(30)
[2022-02-07T17:04:26.340+0000][767.365s][info ][gc,heap       ] GC(92) Old regions: 147->147
[2022-02-07T17:04:26.340+0000][767.365s][info ][gc,heap       ] GC(92) Humongous regions: 0->0
[2022-02-07T17:04:26.340+0000][767.365s][info ][gc,metaspace  ] GC(92) Metaspace: 162550K->162550K(1204224K)
[2022-02-07T17:04:26.340+0000][767.365s][info ][gc            ] GC(92) Pause Young (Normal) (G1 Evacuation Pause) 382M->145M(430M) 11.348ms
[2022-02-07T17:04:26.340+0000][767.365s][info ][gc,cpu        ] GC(92) User=0.01s Sys=0.01s Real=0.01s
[2022-02-07T17:04:26.340+0000][767.366s][info ][safepoint     ] Leaving safepoint region
[2022-02-07T17:04:26.340+0000][767.366s][info ][safepoint     ] Total time for which application threads were stopped: 0.0117534 seconds, Stopping threads took: 0.0000687 seconds
[2022-02-07T17:04:26.340+0000][767.366s][info ][gc,stringdedup] Concurrent String Deduplication (767.366s)
[2022-02-07T17:04:26.340+0000][767.366s][info ][gc,stringdedup] Concurrent String Deduplication 584.0B->0.0B(584.0B) avg 53.2% (767.366s, 767.366s) 0.021ms
[2022-02-07T17:04:27.340+0000][768.366s][debug][safepoint     ] Safepoint synchronization initiated. (301 threads)
[2022-02-07T17:04:27.340+0000][768.366s][info ][safepoint     ] Application time: 1.0001303 seconds
[2022-02-07T17:04:27.340+0000][768.366s][info ][safepoint     ] Entering safepoint region: Cleanup
[2022-02-07T17:04:27.340+0000][768.366s][info ][safepoint     ] Leaving safepoint region
[2022-02-07T17:04:27.340+0000][768.366s][info ][safepoint     ] Total time for which application threads were stopped: 0.0002918 seconds, Stopping threads took: 0.0000710 seconds
[2022-02-07T17:04:28.340+0000][769.366s][debug][safepoint     ] Safepoint synchronization initiated. (301 threads)
[2022-02-07T17:04:28.340+0000][769.366s][info ][safepoint     ] Application time: 1.0001159 seconds
[2022-02-07T17:04:28.340+0000][769.366s][info ][safepoint     ] Entering safepoint region: Cleanup
[2022-02-07T17:04:28.341+0000][769.366s][info ][safepoint     ] Leaving safepoint region
[2022-02-07T17:04:28.341+0000][769.366s][info ][safepoint     ] Total time for which application threads were stopped: 0.0002960 seconds, Stopping threads took: 0.0000702 seconds
[2022-02-07T17:04:29.341+0000][770.366s][debug][safepoint     ] Safepoint synchronization initiated. (301 threads)
[2022-02-07T17:04:29.341+0000][770.367s][info ][safepoint     ] Application time: 1.0001169 seconds
[2022-02-07T17:04:29.341+0000][770.367s][info ][safepoint     ] Entering safepoint region: Cleanup
[2022-02-07T17:04:29.341+0000][770.367s][info ][safepoint     ] Leaving safepoint region
[2022-02-07T17:04:29.341+0000][770.367s][info ][safepoint     ] Total time for which application threads were stopped: 0.0003102 seconds, Stopping threads took: 0.0000699 seconds
[2022-02-07T17:04:30.341+0000][771.367s][debug][safepoint     ] Safepoint synchronization initiated. (301 threads)
[2022-02-07T17:04:30.341+0000][771.367s][info ][safepoint     ] Application time: 1.0001150 seconds
[2022-02-07T17:04:30.341+0000][771.367s][info ][safepoint     ] Entering safepoint region: Cleanup
[2022-02-07T17:04:30.341+0000][771.367s][info ][safepoint     ] Leaving safepoint region
[2022-02-07T17:04:30.341+0000][771.367s][info ][safepoint     ] Total time for which application threads were stopped: 0.0002954 seconds, Stopping threads took: 0.0000678 seconds
[2022-02-07T17:04:31.342+0000][772.367s][debug][safepoint     ] Safepoint synchronization initiated. (301 threads)
[2022-02-07T17:04:31.342+0000][772.367s][info ][safepoint     ] Application time: 1.0001430 seconds
[2022-02-07T17:04:31.342+0000][772.368s][info ][safepoint     ] Entering safepoint region: Cleanup
[2022-02-07T17:04:31.342+0000][772.368s][info ][safepoint     ] Leaving safepoint region
[2022-02-07T17:04:31.342+0000][772.368s][info ][safepoint     ] Total time for which application threads were stopped: 0.0003198 seconds, Stopping threads took: 0.0000713 seconds
[2022-02-07T17:04:32.342+0000][773.368s][debug][safepoint     ] Safepoint synchronization initiated. (301 threads)
[2022-02-07T17:04:32.342+0000][773.368s][info ][safepoint     ] Application time: 1.0001332 seconds
[2022-02-07T17:04:32.342+0000][773.368s][info ][safepoint     ] Entering safepoint region: Cleanup
[2022-02-07T17:04:32.342+0000][773.368s][info ][safepoint     ] Leaving safepoint region
[2022-02-07T17:04:32.343+0000][773.368s][info ][safepoint     ] Total time for which application threads were stopped: 0.0004423 seconds, Stopping threads took: 0.0000714 seconds
[2022-02-07T17:04:33.343+0000][774.368s][debug][safepoint     ] Safepoint synchronization initiated. (301 threads)
[2022-02-07T17:04:33.343+0000][774.368s][info ][safepoint     ] Application time: 1.0001173 seconds
[2022-02-07T17:04:33.343+0000][774.369s][info ][safepoint     ] Entering safepoint region: Cleanup
[2022-02-07T17:04:33.343+0000][774.369s][info ][safepoint     ] Leaving safepoint region
[2022-02-07T17:04:33.343+0000][774.369s][info ][safepoint     ] Total time for which application threads were stopped: 0.0004361 seconds, Stopping threads took: 0.0000707 seconds
[2022-02-07T17:04:34.343+0000][775.369s][debug][safepoint     ] Safepoint synchronization initiated. (301 threads)
[2022-02-07T17:04:34.343+0000][775.369s][info ][safepoint     ] Application time: 1.0001577 seconds
[2022-02-07T17:04:34.343+0000][775.369s][info ][safepoint     ] Entering safepoint region: Cleanup
[2022-02-07T17:04:34.344+0000][775.369s][info ][safepoint     ] Leaving safepoint region
[2022-02-07T17:04:34.344+0000][775.369s][info ][safepoint     ] Total time for which application threads were stopped: 0.0003148 seconds, Stopping threads took: 0.0000718 seconds
[2022-02-07T17:04:35.344+0000][776.370s][debug][safepoint     ] Safepoint synchronization initiated. (301 threads)
[2022-02-07T17:04:35.344+0000][776.370s][info ][safepoint     ] Application time: 1.0001020 seconds
[2022-02-07T17:04:35.344+0000][776.370s][info ][safepoint     ] Entering safepoint region: Cleanup
[2022-02-07T17:04:35.344+0000][776.370s][info ][safepoint     ] Leaving safepoint region
[2022-02-07T17:04:35.344+0000][776.370s][info ][safepoint     ] Total time for which application threads were stopped: 0.0002519 seconds, Stopping threads took: 0.0000612 seconds
[2022-02-07T17:04:36.344+0000][777.370s][debug][safepoint     ] Safepoint synchronization initiated. (301 threads)
[2022-02-07T17:04:36.344+0000][777.370s][info ][safepoint     ] Application time: 1.0001331 seconds
[2022-02-07T17:04:36.344+0000][777.370s][info ][safepoint     ] Entering safepoint region: Cleanup
[2022-02-07T17:04:36.344+0000][777.370s][info ][safepoint     ] Leaving safepoint region
[2022-02-07T17:04:36.344+0000][777.370s][info ][safepoint     ] Total time for which application threads were stopped: 0.0002489 seconds, Stopping threads took: 0.0000610 seconds
[2022-02-07T17:04:37.344+0000][778.370s][debug][safepoint     ] Safepoint synchronization initiated. (301 threads)
[2022-02-07T17:04:37.344+0000][778.370s][info ][safepoint     ] Application time: 1.0001226 seconds
[2022-02-07T17:04:37.345+0000][778.370s][info ][safepoint     ] Entering safepoint region: Cleanup
[2022-02-07T17:04:37.345+0000][778.371s][info ][safepoint     ] Leaving safepoint region
[2022-02-07T17:04:37.345+0000][778.371s][info ][safepoint     ] Total time for which application threads were stopped: 0.0004332 seconds, Stopping threads took: 0.0000708 seconds
[2022-02-07T17:04:38.345+0000][779.371s][debug][safepoint     ] Safepoint synchronization initiated. (301 threads)
[2022-02-07T17:04:38.345+0000][779.371s][info ][safepoint     ] Application time: 1.0001358 seconds
[2022-02-07T17:04:38.345+0000][779.371s][info ][safepoint     ] Entering safepoint region: Cleanup
[2022-02-07T17:04:38.345+0000][779.371s][info ][safepoint     ] Leaving safepoint region
[2022-02-07T17:04:38.345+0000][779.371s][info ][safepoint     ] Total time for which application threads were stopped: 0.0003110 seconds, Stopping threads took: 0.0000719 seconds
[2022-02-07T17:04:39.345+0000][780.371s][debug][safepoint     ] Safepoint synchronization initiated. (301 threads)
[2022-02-07T17:04:39.346+0000][780.371s][info ][safepoint     ] Application time: 1.0001353 seconds
[2022-02-07T17:04:39.346+0000][780.371s][info ][safepoint     ] Entering safepoint region: Cleanup
[2022-02-07T17:04:39.346+0000][780.372s][info ][safepoint     ] Leaving safepoint region
[2022-02-07T17:04:39.346+0000][780.372s][info ][safepoint     ] Total time for which application threads were stopped: 0.0002472 seconds, Stopping threads took: 0.0000611 seconds
[2022-02-07T17:04:40.346+0000][781.372s][debug][safepoint     ] Safepoint synchronization initiated. (301 threads)
[2022-02-07T17:04:40.346+0000][781.372s][info ][safepoint     ] Application time: 1.0001213 seconds
[2022-02-07T17:04:40.346+0000][781.372s][info ][safepoint     ] Entering safepoint region: Cleanup
[2022-02-07T17:04:40.346+0000][781.372s][info ][safepoint     ] Leaving safepoint region
[2022-02-07T17:04:40.346+0000][781.372s][info ][safepoint     ] Total time for which application threads were stopped: 0.0003150 seconds, Stopping threads took: 0.0000748 seconds
[2022-02-07T17:04:41.346+0000][782.372s][debug][safepoint     ] Safepoint synchronization initiated. (301 threads)
[2022-02-07T17:04:41.346+0000][782.372s][info ][safepoint     ] Application time: 1.0001222 seconds
[2022-02-07T17:04:41.346+0000][782.372s][info ][safepoint     ] Entering safepoint region: Cleanup
[2022-02-07T17:04:41.347+0000][782.373s][info ][safepoint     ] Leaving safepoint region
[2022-02-07T17:04:41.347+0000][782.373s][info ][safepoint     ] Total time for which application threads were stopped: 0.0003001 seconds, Stopping threads took: 0.0000737 seconds
[2022-02-07T17:04:42.347+0000][783.373s][debug][safepoint     ] Safepoint synchronization initiated. (301 threads)
[2022-02-07T17:04:42.347+0000][783.373s][info ][safepoint     ] Application time: 1.0001361 seconds
[2022-02-07T17:04:42.347+0000][783.373s][info ][safepoint     ] Entering safepoint region: Cleanup
[2022-02-07T17:04:42.347+0000][783.373s][info ][safepoint     ] Leaving safepoint region
[2022-02-07T17:04:42.347+0000][783.373s][info ][safepoint     ] Total time for which application threads were stopped: 0.0004541 seconds, Stopping threads took: 0.0000697 seconds
[2022-02-07T17:04:43.347+0000][784.373s][debug][safepoint     ] Safepoint synchronization initiated. (301 threads)
[2022-02-07T17:04:43.347+0000][784.373s][info ][safepoint     ] Application time: 1.0001155 seconds
[2022-02-07T17:04:43.348+0000][784.373s][info ][safepoint     ] Entering safepoint region: Cleanup
[2022-02-07T17:04:43.348+0000][784.374s][info ][safepoint     ] Leaving safepoint region
[2022-02-07T17:04:43.348+0000][784.374s][info ][safepoint     ] Total time for which application threads were stopped: 0.0003064 seconds, Stopping threads took: 0.0000712 seconds
[2022-02-07T17:04:44.348+0000][785.374s][debug][safepoint     ] Safepoint synchronization initiated. (301 threads)
[2022-02-07T17:04:44.348+0000][785.374s][info ][safepoint     ] Application time: 1.0001355 seconds
[2022-02-07T17:04:44.348+0000][785.374s][info ][safepoint     ] Entering safepoint region: Cleanup
[2022-02-07T17:04:44.348+0000][785.374s][info ][safepoint     ] Leaving safepoint region
[2022-02-07T17:04:44.348+0000][785.374s][info ][safepoint     ] Total time for which application threads were stopped: 0.0003219 seconds, Stopping threads took: 0.0000792 seconds
[2022-02-07T17:04:44.410+0000][785.436s][debug][safepoint     ] Safepoint synchronization initiated. (301 threads)
[2022-02-07T17:04:44.410+0000][785.436s][info ][safepoint     ] Application time: 0.0622465 seconds
[2022-02-07T17:04:44.411+0000][785.436s][info ][safepoint     ] Entering safepoint region: G1CollectForAllocation
[2022-02-07T17:04:44.411+0000][785.437s][info ][gc,start      ] GC(93) Pause Young (Normal) (G1 Evacuation Pause)
[2022-02-07T17:04:44.411+0000][785.437s][info ][gc,task       ] GC(93) Using 4 workers of 4 for evacuation
[2022-02-07T17:04:44.434+0000][785.459s][info ][gc,phases     ] GC(93)   Pre Evacuate Collection Set: 0.0ms
[2022-02-07T17:04:44.434+0000][785.459s][info ][gc,phases     ] GC(93)   Evacuate Collection Set: 14.4ms
[2022-02-07T17:04:44.434+0000][785.459s][info ][gc,phases     ] GC(93)   Post Evacuate Collection Set: 7.9ms
[2022-02-07T17:04:44.434+0000][785.459s][info ][gc,phases     ] GC(93)   Other: 0.2ms
[2022-02-07T17:04:44.434+0000][785.459s][info ][gc,heap       ] GC(93) Eden regions: 237->0(237)
[2022-02-07T17:04:44.434+0000][785.459s][info ][gc,heap       ] GC(93) Survivor regions: 1->1(30)
[2022-02-07T17:04:44.434+0000][785.459s][info ][gc,heap       ] GC(93) Old regions: 147->147
[2022-02-07T17:04:44.434+0000][785.459s][info ][gc,heap       ] GC(93) Humongous regions: 0->0
[2022-02-07T17:04:44.434+0000][785.459s][info ][gc,metaspace  ] GC(93) Metaspace: 162558K->162558K(1204224K)
[2022-02-07T17:04:44.434+0000][785.460s][info ][gc            ] GC(93) Pause Young (Normal) (G1 Evacuation Pause) 382M->145M(430M) 22.701ms
[2022-02-07T17:04:44.434+0000][785.460s][info ][gc,cpu        ] GC(93) User=0.03s Sys=0.00s Real=0.02s
[2022-02-07T17:04:44.434+0000][785.460s][info ][safepoint     ] Leaving safepoint region
[2022-02-07T17:04:44.434+0000][785.460s][info ][safepoint     ] Total time for which application threads were stopped: 0.0232553 seconds, Stopping threads took: 0.0000722 seconds
[2022-02-07T17:04:44.435+0000][785.460s][info ][gc,stringdedup] Concurrent String Deduplication (785.460s)
[2022-02-07T17:04:44.435+0000][785.460s][info ][gc,stringdedup] Concurrent String Deduplication 568.0B->0.0B(568.0B) avg 53.2% (785.460s, 785.460s) 0.030ms
[2022-02-07T17:04:45.434+0000][786.460s][debug][safepoint     ] Safepoint synchronization initiated. (301 threads)
[2022-02-07T17:04:45.434+0000][786.460s][info ][safepoint     ] Application time: 1.0001327 seconds
[2022-02-07T17:04:45.434+0000][786.460s][info ][safepoint     ] Entering safepoint region: Cleanup
[2022-02-07T17:04:45.434+0000][786.460s][info ][safepoint     ] Leaving safepoint region
[2022-02-07T17:04:45.434+0000][786.460s][info ][safepoint     ] Total time for which application threads were stopped: 0.0004442 seconds, Stopping threads took: 0.0000774 seconds
[2022-02-07T17:04:46.434+0000][787.460s][debug][safepoint     ] Safepoint synchronization initiated. (301 threads)
[2022-02-07T17:04:46.434+0000][787.460s][info ][safepoint     ] Application time: 1.0001209 seconds
[2022-02-07T17:04:46.435+0000][787.460s][info ][safepoint     ] Entering safepoint region: Cleanup
[2022-02-07T17:04:46.435+0000][787.461s][info ][safepoint     ] Leaving safepoint region
[2022-02-07T17:04:46.435+0000][787.461s][info ][safepoint     ] Total time for which application threads were stopped: 0.0003216 seconds, Stopping threads took: 0.0000710 seconds
[2022-02-07T17:04:47.435+0000][788.461s][debug][safepoint     ] Safepoint synchronization initiated. (301 threads)
[2022-02-07T17:04:47.435+0000][788.461s][info ][safepoint     ] Application time: 1.0001184 seconds
[2022-02-07T17:04:47.435+0000][788.461s][info ][safepoint     ] Entering safepoint region: Cleanup
[2022-02-07T17:04:47.435+0000][788.461s][info ][safepoint     ] Leaving safepoint region
[2022-02-07T17:04:47.435+0000][788.461s][info ][safepoint     ] Total time for which application threads were stopped: 0.0004732 seconds, Stopping threads took: 0.0000697 seconds
[2022-02-07T17:04:48.436+0000][789.461s][debug][safepoint     ] Safepoint synchronization initiated. (301 threads)
[2022-02-07T17:04:48.436+0000][789.461s][info ][safepoint     ] Application time: 1.0001157 seconds
[2022-02-07T17:04:48.436+0000][789.461s][info ][safepoint     ] Entering safepoint region: Cleanup
[2022-02-07T17:04:48.436+0000][789.462s][info ][safepoint     ] Leaving safepoint region
[2022-02-07T17:04:48.436+0000][789.462s][info ][safepoint     ] Total time for which application threads were stopped: 0.0003549 seconds, Stopping threads took: 0.0000763 seconds
[2022-02-07T17:04:49.436+0000][790.462s][debug][safepoint     ] Safepoint synchronization initiated. (301 threads)
[2022-02-07T17:04:49.436+0000][790.462s][info ][safepoint     ] Application time: 1.0001400 seconds
[2022-02-07T17:04:49.436+0000][790.462s][info ][safepoint     ] Entering safepoint region: Cleanup
[2022-02-07T17:04:49.437+0000][790.462s][info ][safepoint     ] Leaving safepoint region
[2022-02-07T17:04:49.437+0000][790.462s][info ][safepoint     ] Total time for which application threads were stopped: 0.0005165 seconds, Stopping threads took: 0.0000779 seconds
[2022-02-07T17:04:50.437+0000][791.463s][debug][safepoint     ] Safepoint synchronization initiated. (301 threads)
[2022-02-07T17:04:50.437+0000][791.463s][info ][safepoint     ] Application time: 1.0001503 seconds
[2022-02-07T17:04:50.437+0000][791.463s][info ][safepoint     ] Entering safepoint region: Cleanup
[2022-02-07T17:04:50.437+0000][791.463s][info ][safepoint     ] Leaving safepoint region
[2022-02-07T17:04:50.437+0000][791.463s][info ][safepoint     ] Total time for which application threads were stopped: 0.0004342 seconds, Stopping threads took: 0.0000688 seconds
[2022-02-07T17:04:51.437+0000][792.463s][debug][safepoint     ] Safepoint synchronization initiated. (301 threads)
[2022-02-07T17:04:51.437+0000][792.463s][info ][safepoint     ] Application time: 1.0001375 seconds
[2022-02-07T17:04:51.437+0000][792.463s][debug][safepoint     ] ... found polling page return exception at pc = 0x00007f11b447f51b, stub =0x00007f11ac8beb80
[2022-02-07T17:04:51.437+0000][792.463s][debug][safepoint     ] Waiting for 1 thread(s) to block
[2022-02-07T17:04:51.437+0000][792.463s][info ][safepoint     ] Entering safepoint region: Cleanup
[2022-02-07T17:04:51.438+0000][792.464s][info ][safepoint     ] Leaving safepoint region
[2022-02-07T17:04:51.438+0000][792.464s][info ][safepoint     ] Total time for which application threads were stopped: 0.0003141 seconds, Stopping threads took: 0.0001204 seconds
[2022-02-07T17:04:52.438+0000][793.464s][debug][safepoint     ] Safepoint synchronization initiated. (301 threads)
[2022-02-07T17:04:52.438+0000][793.464s][info ][safepoint     ] Application time: 1.0001121 seconds
[2022-02-07T17:04:52.438+0000][793.464s][info ][safepoint     ] Entering safepoint region: Cleanup
[2022-02-07T17:04:52.438+0000][793.464s][info ][safepoint     ] Leaving safepoint region
[2022-02-07T17:04:52.438+0000][793.464s][info ][safepoint     ] Total time for which application threads were stopped: 0.0003351 seconds, Stopping threads took: 0.0000923 seconds
[2022-02-07T17:04:53.438+0000][794.464s][debug][safepoint     ] Safepoint synchronization initiated. (301 threads)
[2022-02-07T17:04:53.438+0000][794.464s][info ][safepoint     ] Application time: 1.0001284 seconds
[2022-02-07T17:04:53.438+0000][794.464s][info ][safepoint     ] Entering safepoint region: Cleanup
[2022-02-07T17:04:53.439+0000][794.464s][info ][safepoint     ] Leaving safepoint region
[2022-02-07T17:04:53.439+0000][794.464s][info ][safepoint     ] Total time for which application threads were stopped: 0.0002949 seconds, Stopping threads took: 0.0000701 seconds
[2022-02-07T17:04:54.439+0000][795.465s][debug][safepoint     ] Safepoint synchronization initiated. (301 threads)
[2022-02-07T17:04:54.439+0000][795.465s][info ][safepoint     ] Application time: 1.0001402 seconds
[2022-02-07T17:04:54.439+0000][795.465s][info ][safepoint     ] Entering safepoint region: Cleanup
[2022-02-07T17:04:54.439+0000][795.465s][info ][safepoint     ] Leaving safepoint region
[2022-02-07T17:04:54.439+0000][795.465s][info ][safepoint     ] Total time for which application threads were stopped: 0.0004504 seconds, Stopping threads took: 0.0000693 seconds
[2022-02-07T17:04:55.439+0000][796.465s][debug][safepoint     ] Safepoint synchronization initiated. (301 threads)
[2022-02-07T17:04:55.439+0000][796.465s][info ][safepoint     ] Application time: 1.0000942 seconds
[2022-02-07T17:04:55.445+0000][796.471s][debug][safepoint     ] ... found polling page return exception at pc = 0x00007f11b5158f1b, stub =0x00007f11ac8beb80
[2022-02-07T17:04:55.445+0000][796.471s][debug][safepoint     ] Waiting for 1 thread(s) to block
[2022-02-07T17:04:55.445+0000][796.471s][info ][safepoint     ] Entering safepoint region: Cleanup
[2022-02-07T17:04:55.446+0000][796.472s][info ][safepoint     ] Leaving safepoint region
[2022-02-07T17:04:55.446+0000][796.472s][info ][safepoint     ] Total time for which application threads were stopped: 0.0063969 seconds, Stopping threads took: 0.0060763 seconds
[2022-02-07T17:04:56.446+0000][797.472s][debug][safepoint     ] Safepoint synchronization initiated. (301 threads)
[2022-02-07T17:04:56.446+0000][797.472s][info ][safepoint     ] Application time: 1.0001608 seconds
[2022-02-07T17:04:56.446+0000][797.472s][debug][safepoint     ] ... found polling page return exception at pc = 0x00007f11b4d593bb, stub =0x00007f11ac8beb80
[2022-02-07T17:04:56.446+0000][797.472s][debug][safepoint     ] Waiting for 1 thread(s) to block
[2022-02-07T17:04:56.446+0000][797.472s][info ][safepoint     ] Entering safepoint region: Cleanup
[2022-02-07T17:04:56.446+0000][797.472s][info ][safepoint     ] Leaving safepoint region
[2022-02-07T17:04:56.446+0000][797.472s][info ][safepoint     ] Total time for which application threads were stopped: 0.0004342 seconds, Stopping threads took: 0.0001802 seconds
[2022-02-07T17:04:57.446+0000][798.472s][debug][safepoint     ] Safepoint synchronization initiated. (301 threads)
[2022-02-07T17:04:57.446+0000][798.472s][info ][safepoint     ] Application time: 1.0001347 seconds
[2022-02-07T17:04:57.447+0000][798.472s][info ][safepoint     ] Entering safepoint region: Cleanup
[2022-02-07T17:04:57.447+0000][798.473s][info ][safepoint     ] Leaving safepoint region
[2022-02-07T17:04:57.447+0000][798.473s][info ][safepoint     ] Total time for which application threads were stopped: 0.0004647 seconds, Stopping threads took: 0.0000849 seconds
[2022-02-07T17:04:58.447+0000][799.473s][debug][safepoint     ] Safepoint synchronization initiated. (301 threads)
[2022-02-07T17:04:58.447+0000][799.473s][info ][safepoint     ] Application time: 1.0001975 seconds
[2022-02-07T17:04:58.447+0000][799.473s][info ][safepoint     ] Entering safepoint region: Cleanup
[2022-02-07T17:04:58.447+0000][799.473s][info ][safepoint     ] Leaving safepoint region
[2022-02-07T17:04:58.447+0000][799.473s][info ][safepoint     ] Total time for which application threads were stopped: 0.0003541 seconds, Stopping threads took: 0.0000911 seconds
[2022-02-07T17:04:59.448+0000][800.473s][debug][safepoint     ] Safepoint synchronization initiated. (301 threads)
[2022-02-07T17:04:59.448+0000][800.473s][info ][safepoint     ] Application time: 1.0001195 seconds
[2022-02-07T17:04:59.448+0000][800.474s][info ][safepoint     ] Entering safepoint region: Cleanup
[2022-02-07T17:04:59.448+0000][800.474s][info ][safepoint     ] Leaving safepoint region
[2022-02-07T17:04:59.448+0000][800.474s][info ][safepoint     ] Total time for which application threads were stopped: 0.0004393 seconds, Stopping threads took: 0.0000705 seconds
[2022-02-07T17:05:00.448+0000][801.474s][debug][safepoint     ] Safepoint synchronization initiated. (301 threads)
[2022-02-07T17:05:00.448+0000][801.474s][info ][safepoint     ] Application time: 1.0001120 seconds
[2022-02-07T17:05:00.448+0000][801.474s][info ][safepoint     ] Entering safepoint region: Cleanup
[2022-02-07T17:05:00.449+0000][801.474s][info ][safepoint     ] Leaving safepoint region
[2022-02-07T17:05:00.449+0000][801.474s][debug][safepoint     ] ... found polling page return exception at pc = 0x00007f11b4fc1a06, stub =0x00007f11ac8beb80
[2022-02-07T17:05:00.449+0000][801.474s][info ][safepoint     ] Total time for which application threads were stopped: 0.0003277 seconds, Stopping threads took: 0.0000767 seconds
[2022-02-07T17:05:01.449+0000][802.475s][debug][safepoint     ] Safepoint synchronization initiated. (301 threads)
[2022-02-07T17:05:01.449+0000][802.475s][info ][safepoint     ] Application time: 1.0001594 seconds
[2022-02-07T17:05:01.449+0000][802.475s][info ][safepoint     ] Entering safepoint region: Cleanup
[2022-02-07T17:05:01.449+0000][802.475s][info ][safepoint     ] Leaving safepoint region
[2022-02-07T17:05:01.449+0000][802.475s][info ][safepoint     ] Total time for which application threads were stopped: 0.0005181 seconds, Stopping threads took: 0.0000762 seconds
[2022-02-07T17:05:01.579+0000][802.604s][debug][safepoint     ] Safepoint synchronization initiated. (301 threads)
[2022-02-07T17:05:01.579+0000][802.604s][info ][safepoint     ] Application time: 0.1293534 seconds
[2022-02-07T17:05:01.579+0000][802.605s][info ][safepoint     ] Entering safepoint region: G1CollectForAllocation
[2022-02-07T17:05:01.579+0000][802.605s][info ][gc,start      ] GC(94) Pause Young (Normal) (G1 Evacuation Pause)
[2022-02-07T17:05:01.579+0000][802.605s][info ][gc,task       ] GC(94) Using 4 workers of 4 for evacuation
[2022-02-07T17:05:01.603+0000][802.629s][info ][gc,phases     ] GC(94)   Pre Evacuate Collection Set: 0.0ms
[2022-02-07T17:05:01.603+0000][802.629s][info ][gc,phases     ] GC(94)   Evacuate Collection Set: 16.0ms
[2022-02-07T17:05:01.603+0000][802.629s][info ][gc,phases     ] GC(94)   Post Evacuate Collection Set: 7.6ms
[2022-02-07T17:05:01.603+0000][802.629s][info ][gc,phases     ] GC(94)   Other: 0.3ms
[2022-02-07T17:05:01.603+0000][802.629s][info ][gc,heap       ] GC(94) Eden regions: 237->0(237)
[2022-02-07T17:05:01.603+0000][802.629s][info ][gc,heap       ] GC(94) Survivor regions: 1->1(30)
[2022-02-07T17:05:01.603+0000][802.629s][info ][gc,heap       ] GC(94) Old regions: 147->147
[2022-02-07T17:05:01.603+0000][802.629s][info ][gc,heap       ] GC(94) Humongous regions: 0->0
[2022-02-07T17:05:01.603+0000][802.629s][info ][gc,metaspace  ] GC(94) Metaspace: 162563K->162563K(1204224K)
[2022-02-07T17:05:01.603+0000][802.629s][info ][gc            ] GC(94) Pause Young (Normal) (G1 Evacuation Pause) 382M->145M(430M) 23.980ms
[2022-02-07T17:05:01.603+0000][802.629s][info ][gc,cpu        ] GC(94) User=0.02s Sys=0.00s Real=0.03s
[2022-02-07T17:05:01.603+0000][802.629s][info ][safepoint     ] Leaving safepoint region
[2022-02-07T17:05:01.603+0000][802.629s][info ][safepoint     ] Total time for which application threads were stopped: 0.0245989 seconds, Stopping threads took: 0.0000728 seconds
[2022-02-07T17:05:01.604+0000][802.630s][info ][gc,stringdedup] Concurrent String Deduplication (802.630s)
[2022-02-07T17:05:01.604+0000][802.630s][info ][gc,stringdedup] Concurrent String Deduplication 744.0B->0.0B(744.0B) avg 53.2% (802.630s, 802.630s) 0.027ms
[2022-02-07T17:05:02.603+0000][803.629s][debug][safepoint     ] Safepoint synchronization initiated. (301 threads)
[2022-02-07T17:05:02.603+0000][803.629s][info ][safepoint     ] Application time: 1.0001225 seconds
[2022-02-07T17:05:02.603+0000][803.629s][info ][safepoint     ] Entering safepoint region: Cleanup
[2022-02-07T17:05:02.604+0000][803.630s][info ][safepoint     ] Leaving safepoint region
[2022-02-07T17:05:02.604+0000][803.630s][info ][safepoint     ] Total time for which application threads were stopped: 0.0004715 seconds, Stopping threads took: 0.0000757 seconds
[2022-02-07T17:05:03.604+0000][804.630s][debug][safepoint     ] Safepoint synchronization initiated. (301 threads)
[2022-02-07T17:05:03.604+0000][804.630s][info ][safepoint     ] Application time: 1.0001189 seconds
[2022-02-07T17:05:03.604+0000][804.630s][info ][safepoint     ] Entering safepoint region: Cleanup
[2022-02-07T17:05:03.604+0000][804.630s][info ][safepoint     ] Leaving safepoint region
[2022-02-07T17:05:03.604+0000][804.630s][info ][safepoint     ] Total time for which application threads were stopped: 0.0004431 seconds, Stopping threads took: 0.0000697 seconds
[2022-02-07T17:05:04.604+0000][805.630s][debug][safepoint     ] Safepoint synchronization initiated. (301 threads)
[2022-02-07T17:05:04.605+0000][805.630s][info ][safepoint     ] Application time: 1.0001168 seconds
[2022-02-07T17:05:04.605+0000][805.630s][info ][safepoint     ] Entering safepoint region: Cleanup
[2022-02-07T17:05:04.605+0000][805.631s][info ][safepoint     ] Leaving safepoint region
[2022-02-07T17:05:04.605+0000][805.631s][info ][safepoint     ] Total time for which application threads were stopped: 0.0004822 seconds, Stopping threads took: 0.0000687 seconds
[2022-02-07T17:05:04.605+0000][805.637s][debug][safepoint     ] ... found polling page return exception at pc = 0x00007f11b4fc1a06, stub =0x00007f11ac8beb80
[2022-02-07T17:05:05.605+0000][806.631s][debug][safepoint     ] Safepoint synchronization initiated. (301 threads)
[2022-02-07T17:05:05.605+0000][806.631s][info ][safepoint     ] Application time: 1.0001146 seconds
[2022-02-07T17:05:05.605+0000][806.631s][info ][safepoint     ] Entering safepoint region: Cleanup
[2022-02-07T17:05:05.605+0000][806.631s][info ][safepoint     ] Leaving safepoint region
[2022-02-07T17:05:05.605+0000][806.631s][info ][safepoint     ] Total time for which application threads were stopped: 0.0003113 seconds, Stopping threads took: 0.0000694 seconds
[2022-02-07T17:05:06.606+0000][807.631s][debug][safepoint     ] Safepoint synchronization initiated. (301 threads)
[2022-02-07T17:05:06.606+0000][807.631s][info ][safepoint     ] Application time: 1.0001332 seconds
[2022-02-07T17:05:06.606+0000][807.632s][info ][safepoint     ] Entering safepoint region: Cleanup
[2022-02-07T17:05:06.606+0000][807.632s][info ][safepoint     ] Leaving safepoint region
[2022-02-07T17:05:06.606+0000][807.632s][info ][safepoint     ] Total time for which application threads were stopped: 0.0004718 seconds, Stopping threads took: 0.0000752 seconds
[2022-02-07T17:05:07.606+0000][808.632s][debug][safepoint     ] Safepoint synchronization initiated. (301 threads)
[2022-02-07T17:05:07.606+0000][808.632s][info ][safepoint     ] Application time: 1.0001199 seconds
[2022-02-07T17:05:07.606+0000][808.632s][info ][safepoint     ] Entering safepoint region: Cleanup
[2022-02-07T17:05:07.607+0000][808.632s][info ][safepoint     ] Leaving safepoint region
[2022-02-07T17:05:07.607+0000][808.632s][info ][safepoint     ] Total time for which application threads were stopped: 0.0003052 seconds, Stopping threads took: 0.0000691 seconds
[2022-02-07T17:05:08.607+0000][809.632s][debug][safepoint     ] Safepoint synchronization initiated. (301 threads)
[2022-02-07T17:05:08.607+0000][809.633s][info ][safepoint     ] Application time: 1.0001166 seconds
[2022-02-07T17:05:08.607+0000][809.633s][info ][safepoint     ] Entering safepoint region: Cleanup
[2022-02-07T17:05:08.607+0000][809.633s][info ][safepoint     ] Leaving safepoint region
[2022-02-07T17:05:08.607+0000][809.633s][info ][safepoint     ] Total time for which application threads were stopped: 0.0004451 seconds, Stopping threads took: 0.0000691 seconds
[2022-02-07T17:05:09.607+0000][810.633s][debug][safepoint     ] Safepoint synchronization initiated. (301 threads)
[2022-02-07T17:05:09.608+0000][810.633s][info ][safepoint     ] Application time: 1.0003933 seconds
[2022-02-07T17:05:09.608+0000][810.633s][debug][safepoint     ] ... found polling page return exception at pc = 0x00007f11b5242e5d, stub =0x00007f11ac8beb80
[2022-02-07T17:05:09.608+0000][810.633s][debug][safepoint     ] Waiting for 1 thread(s) to block
[2022-02-07T17:05:09.608+0000][810.633s][info ][safepoint     ] Entering safepoint region: Cleanup
[2022-02-07T17:05:09.608+0000][810.634s][info ][safepoint     ] Leaving safepoint region
[2022-02-07T17:05:09.608+0000][810.634s][info ][safepoint     ] Total time for which application threads were stopped: 0.0004616 seconds, Stopping threads took: 0.0001051 seconds
[2022-02-07T17:05:10.608+0000][811.634s][debug][safepoint     ] Safepoint synchronization initiated. (301 threads)
[2022-02-07T17:05:10.608+0000][811.634s][info ][safepoint     ] Application time: 1.0001217 seconds
[2022-02-07T17:05:10.608+0000][811.634s][info ][safepoint     ] Entering safepoint region: Cleanup
[2022-02-07T17:05:10.609+0000][811.634s][info ][safepoint     ] Leaving safepoint region
[2022-02-07T17:05:10.609+0000][811.634s][info ][safepoint     ] Total time for which application threads were stopped: 0.0004620 seconds, Stopping threads took: 0.0000714 seconds
[2022-02-07T17:05:11.609+0000][812.635s][debug][safepoint     ] Safepoint synchronization initiated. (301 threads)
[2022-02-07T17:05:11.609+0000][812.635s][info ][safepoint     ] Application time: 1.0001162 seconds
[2022-02-07T17:05:11.609+0000][812.635s][info ][safepoint     ] Entering safepoint region: Cleanup
[2022-02-07T17:05:11.609+0000][812.635s][info ][safepoint     ] Leaving safepoint region
[2022-02-07T17:05:11.609+0000][812.635s][info ][safepoint     ] Total time for which application threads were stopped: 0.0004314 seconds, Stopping threads took: 0.0000695 seconds
[2022-02-07T17:05:12.609+0000][813.635s][debug][safepoint     ] Safepoint synchronization initiated. (301 threads)
[2022-02-07T17:05:12.609+0000][813.635s][info ][safepoint     ] Application time: 1.0001009 seconds
[2022-02-07T17:05:12.609+0000][813.635s][info ][safepoint     ] Entering safepoint region: Cleanup
[2022-02-07T17:05:12.610+0000][813.636s][info ][safepoint     ] Leaving safepoint region
[2022-02-07T17:05:12.610+0000][813.636s][info ][safepoint     ] Total time for which application threads were stopped: 0.0004360 seconds, Stopping threads took: 0.0000703 seconds
[2022-02-07T17:05:13.610+0000][814.636s][debug][safepoint     ] Safepoint synchronization initiated. (301 threads)
[2022-02-07T17:05:13.610+0000][814.636s][info ][safepoint     ] Application time: 1.0001304 seconds
[2022-02-07T17:05:13.610+0000][814.636s][info ][safepoint     ] Entering safepoint region: Cleanup
[2022-02-07T17:05:13.610+0000][814.636s][info ][safepoint     ] Leaving safepoint region
[2022-02-07T17:05:13.610+0000][814.636s][info ][safepoint     ] Total time for which application threads were stopped: 0.0004396 seconds, Stopping threads took: 0.0000714 seconds
[2022-02-07T17:05:14.610+0000][815.636s][debug][safepoint     ] Safepoint synchronization initiated. (301 threads)
[2022-02-07T17:05:14.610+0000][815.636s][info ][safepoint     ] Application time: 1.0001170 seconds
[2022-02-07T17:05:14.610+0000][815.636s][info ][safepoint     ] Entering safepoint region: Cleanup
[2022-02-07T17:05:14.611+0000][815.637s][info ][safepoint     ] Leaving safepoint region
[2022-02-07T17:05:14.611+0000][815.637s][info ][safepoint     ] Total time for which application threads were stopped: 0.0004348 seconds, Stopping threads took: 0.0000697 seconds
[2022-02-07T17:05:15.611+0000][816.637s][debug][safepoint     ] Safepoint synchronization initiated. (301 threads)
[2022-02-07T17:05:15.611+0000][816.637s][info ][safepoint     ] Application time: 1.0001129 seconds
[2022-02-07T17:05:15.611+0000][816.637s][info ][safepoint     ] Entering safepoint region: Cleanup
[2022-02-07T17:05:15.611+0000][816.637s][info ][safepoint     ] Leaving safepoint region
[2022-02-07T17:05:15.611+0000][816.637s][info ][safepoint     ] Total time for which application threads were stopped: 0.0004654 seconds, Stopping threads took: 0.0000728 seconds
[2022-02-07T17:05:16.214+0000][817.240s][debug][safepoint     ] Safepoint synchronization initiated. (301 threads)
[2022-02-07T17:05:16.214+0000][817.240s][info ][safepoint     ] Application time: 0.6029350 seconds
[2022-02-07T17:05:16.214+0000][817.240s][info ][safepoint     ] Entering safepoint region: G1CollectForAllocation
[2022-02-07T17:05:16.215+0000][817.241s][info ][gc,start      ] GC(95) Pause Young (Normal) (G1 Evacuation Pause)
[2022-02-07T17:05:16.215+0000][817.241s][info ][gc,task       ] GC(95) Using 4 workers of 4 for evacuation
[2022-02-07T17:05:16.231+0000][817.256s][info ][gc,phases     ] GC(95)   Pre Evacuate Collection Set: 0.0ms
[2022-02-07T17:05:16.231+0000][817.256s][info ][gc,phases     ] GC(95)   Evacuate Collection Set: 9.7ms
[2022-02-07T17:05:16.231+0000][817.256s][info ][gc,phases     ] GC(95)   Post Evacuate Collection Set: 5.9ms
[2022-02-07T17:05:16.231+0000][817.257s][info ][gc,phases     ] GC(95)   Other: 0.3ms
[2022-02-07T17:05:16.231+0000][817.257s][info ][gc,heap       ] GC(95) Eden regions: 237->0(237)
[2022-02-07T17:05:16.231+0000][817.257s][info ][gc,heap       ] GC(95) Survivor regions: 1->1(30)
[2022-02-07T17:05:16.231+0000][817.257s][info ][gc,heap       ] GC(95) Old regions: 147->147
[2022-02-07T17:05:16.231+0000][817.257s][info ][gc,heap       ] GC(95) Humongous regions: 0->0
[2022-02-07T17:05:16.231+0000][817.257s][info ][gc,metaspace  ] GC(95) Metaspace: 162577K->162577K(1204224K)
[2022-02-07T17:05:16.231+0000][817.257s][info ][gc            ] GC(95) Pause Young (Normal) (G1 Evacuation Pause) 382M->145M(430M) 16.060ms
[2022-02-07T17:05:16.231+0000][817.257s][info ][gc,cpu        ] GC(95) User=0.02s Sys=0.00s Real=0.02s
[2022-02-07T17:05:16.231+0000][817.257s][info ][safepoint     ] Leaving safepoint region
[2022-02-07T17:05:16.231+0000][817.257s][info ][safepoint     ] Total time for which application threads were stopped: 0.0164883 seconds, Stopping threads took: 0.0000716 seconds
[2022-02-07T17:05:16.231+0000][817.257s][info ][gc,stringdedup] Concurrent String Deduplication (817.257s)
[2022-02-07T17:05:16.231+0000][817.257s][info ][gc,stringdedup] Concurrent String Deduplication 640.0B->0.0B(640.0B) avg 53.2% (817.257s, 817.257s) 0.024ms
[2022-02-07T17:05:17.231+0000][818.257s][debug][safepoint     ] Safepoint synchronization initiated. (301 threads)
[2022-02-07T17:05:17.231+0000][818.257s][info ][safepoint     ] Application time: 1.0001285 seconds
[2022-02-07T17:05:17.231+0000][818.257s][info ][safepoint     ] Entering safepoint region: Cleanup
[2022-02-07T17:05:17.232+0000][818.257s][info ][safepoint     ] Leaving safepoint region
[2022-02-07T17:05:17.232+0000][818.257s][info ][safepoint     ] Total time for which application threads were stopped: 0.0004777 seconds, Stopping threads took: 0.0000710 seconds
[2022-02-07T17:05:18.235+0000][819.260s][debug][safepoint     ] Safepoint synchronization initiated. (301 threads)
[2022-02-07T17:05:18.235+0000][819.260s][info ][safepoint     ] Application time: 1.0030840 seconds
[2022-02-07T17:05:18.235+0000][819.261s][info ][safepoint     ] Entering safepoint region: Cleanup
[2022-02-07T17:05:18.235+0000][819.261s][info ][safepoint     ] Leaving safepoint region
[2022-02-07T17:05:18.235+0000][819.261s][info ][safepoint     ] Total time for which application threads were stopped: 0.0002876 seconds, Stopping threads took: 0.0000677 seconds
[2022-02-07T17:05:19.235+0000][820.261s][debug][safepoint     ] Safepoint synchronization initiated. (301 threads)
[2022-02-07T17:05:19.235+0000][820.261s][info ][safepoint     ] Application time: 1.0001143 seconds
[2022-02-07T17:05:19.235+0000][820.261s][info ][safepoint     ] Entering safepoint region: Cleanup
[2022-02-07T17:05:19.235+0000][820.261s][info ][safepoint     ] Leaving safepoint region
[2022-02-07T17:05:19.235+0000][820.261s][info ][safepoint     ] Total time for which application threads were stopped: 0.0003285 seconds, Stopping threads took: 0.0000711 seconds
[2022-02-07T17:05:20.235+0000][821.261s][debug][safepoint     ] Safepoint synchronization initiated. (301 threads)
[2022-02-07T17:05:20.235+0000][821.261s][info ][safepoint     ] Application time: 1.0001164 seconds
[2022-02-07T17:05:20.236+0000][821.261s][info ][safepoint     ] Entering safepoint region: Cleanup
[2022-02-07T17:05:20.236+0000][821.262s][info ][safepoint     ] Leaving safepoint region
[2022-02-07T17:05:20.236+0000][821.262s][info ][safepoint     ] Total time for which application threads were stopped: 0.0002916 seconds, Stopping threads took: 0.0000723 seconds
[2022-02-07T17:05:21.236+0000][822.262s][debug][safepoint     ] Safepoint synchronization initiated. (301 threads)
[2022-02-07T17:05:21.236+0000][822.262s][info ][safepoint     ] Application time: 1.0001148 seconds
[2022-02-07T17:05:21.236+0000][822.262s][info ][safepoint     ] Entering safepoint region: Cleanup
[2022-02-07T17:05:21.236+0000][822.262s][info ][safepoint     ] Leaving safepoint region
[2022-02-07T17:05:21.236+0000][822.262s][info ][safepoint     ] Total time for which application threads were stopped: 0.0002960 seconds, Stopping threads took: 0.0000673 seconds
[2022-02-07T17:05:22.236+0000][823.262s][debug][safepoint     ] Safepoint synchronization initiated. (301 threads)
[2022-02-07T17:05:22.236+0000][823.262s][info ][safepoint     ] Application time: 1.0001154 seconds
[2022-02-07T17:05:22.236+0000][823.262s][debug][safepoint     ] ... found polling page return exception at pc = 0x00007f11b46688bb, stub =0x00007f11ac8beb80
[2022-02-07T17:05:22.236+0000][823.262s][debug][safepoint     ] Waiting for 1 thread(s) to block
[2022-02-07T17:05:22.236+0000][823.262s][info ][safepoint     ] Entering safepoint region: Cleanup
[2022-02-07T17:05:22.237+0000][823.263s][info ][safepoint     ] Leaving safepoint region
[2022-02-07T17:05:22.237+0000][823.263s][debug][safepoint     ] ... found polling page loop exception at pc = 0x00007f11b5315f8f, stub =0x00007f11ac8be900
[2022-02-07T17:05:22.237+0000][823.263s][info ][safepoint     ] Total time for which application threads were stopped: 0.0003200 seconds, Stopping threads took: 0.0000977 seconds
[2022-02-07T17:05:23.237+0000][824.263s][debug][safepoint     ] Safepoint synchronization initiated. (301 threads)
[2022-02-07T17:05:23.237+0000][824.263s][info ][safepoint     ] Application time: 1.0001004 seconds
[2022-02-07T17:05:23.237+0000][824.263s][info ][safepoint     ] Entering safepoint region: Cleanup
[2022-02-07T17:05:23.237+0000][824.263s][info ][safepoint     ] Leaving safepoint region
[2022-02-07T17:05:23.237+0000][824.263s][info ][safepoint     ] Total time for which application threads were stopped: 0.0003025 seconds, Stopping threads took: 0.0000672 seconds
[2022-02-07T17:05:24.237+0000][825.263s][debug][safepoint     ] Safepoint synchronization initiated. (301 threads)
[2022-02-07T17:05:24.237+0000][825.263s][info ][safepoint     ] Application time: 1.0001193 seconds
[2022-02-07T17:05:24.237+0000][825.263s][info ][safepoint     ] Entering safepoint region: Cleanup
[2022-02-07T17:05:24.238+0000][825.263s][info ][safepoint     ] Leaving safepoint region
[2022-02-07T17:05:24.238+0000][825.263s][info ][safepoint     ] Total time for which application threads were stopped: 0.0003083 seconds, Stopping threads took: 0.0000737 seconds
[2022-02-07T17:05:25.238+0000][826.264s][debug][safepoint     ] Safepoint synchronization initiated. (301 threads)
[2022-02-07T17:05:25.238+0000][826.264s][info ][safepoint     ] Application time: 1.0001105 seconds
[2022-02-07T17:05:25.238+0000][826.264s][debug][safepoint     ] ... found polling page return exception at pc = 0x00007f11b46688bb, stub =0x00007f11ac8beb80
[2022-02-07T17:05:25.238+0000][826.264s][debug][safepoint     ] ... found polling page loop exception at pc = 0x00007f11b4a1faa7, stub =0x00007f11ac8be900
[2022-02-07T17:05:25.241+0000][826.267s][debug][safepoint     ] ... found polling page return exception at pc = 0x00007f11b45ef5be, stub =0x00007f11ac8beb80
[2022-02-07T17:05:25.242+0000][826.267s][debug][safepoint     ] Waiting for 3 thread(s) to block
[2022-02-07T17:05:25.242+0000][826.267s][info ][safepoint     ] Entering safepoint region: Cleanup
[2022-02-07T17:05:25.242+0000][826.268s][info ][safepoint     ] Leaving safepoint region
[2022-02-07T17:05:25.242+0000][826.268s][info ][safepoint     ] Total time for which application threads were stopped: 0.0042607 seconds, Stopping threads took: 0.0038910 seconds
[2022-02-07T17:05:26.242+0000][827.268s][debug][safepoint     ] Safepoint synchronization initiated. (301 threads)
[2022-02-07T17:05:26.242+0000][827.268s][info ][safepoint     ] Application time: 1.0001195 seconds
[2022-02-07T17:05:26.242+0000][827.268s][info ][safepoint     ] Entering safepoint region: Cleanup
[2022-02-07T17:05:26.243+0000][827.268s][info ][safepoint     ] Leaving safepoint region
[2022-02-07T17:05:26.243+0000][827.268s][info ][safepoint     ] Total time for which application threads were stopped: 0.0004303 seconds, Stopping threads took: 0.0000697 seconds
[2022-02-07T17:05:27.243+0000][828.268s][debug][safepoint     ] Safepoint synchronization initiated. (301 threads)
[2022-02-07T17:05:27.243+0000][828.269s][info ][safepoint     ] Application time: 1.0001184 seconds
[2022-02-07T17:05:27.243+0000][828.269s][info ][safepoint     ] Entering safepoint region: Cleanup
[2022-02-07T17:05:27.243+0000][828.269s][info ][safepoint     ] Leaving safepoint region
[2022-02-07T17:05:27.243+0000][828.269s][info ][safepoint     ] Total time for which application threads were stopped: 0.0004476 seconds, Stopping threads took: 0.0000725 seconds
[2022-02-07T17:05:28.243+0000][829.269s][debug][safepoint     ] Safepoint synchronization initiated. (301 threads)
[2022-02-07T17:05:28.243+0000][829.269s][info ][safepoint     ] Application time: 1.0001238 seconds
[2022-02-07T17:05:28.243+0000][829.269s][info ][safepoint     ] Entering safepoint region: Cleanup
[2022-02-07T17:05:28.244+0000][829.270s][info ][safepoint     ] Leaving safepoint region
[2022-02-07T17:05:28.244+0000][829.270s][info ][safepoint     ] Total time for which application threads were stopped: 0.0004458 seconds, Stopping threads took: 0.0000693 seconds
[2022-02-07T17:05:29.244+0000][830.270s][debug][safepoint     ] Safepoint synchronization initiated. (301 threads)
[2022-02-07T17:05:29.244+0000][830.270s][info ][safepoint     ] Application time: 1.0001200 seconds
[2022-02-07T17:05:29.244+0000][830.270s][info ][safepoint     ] Entering safepoint region: Cleanup
[2022-02-07T17:05:29.244+0000][830.270s][info ][safepoint     ] Leaving safepoint region
[2022-02-07T17:05:29.244+0000][830.270s][info ][safepoint     ] Total time for which application threads were stopped: 0.0004363 seconds, Stopping threads took: 0.0000708 seconds
[2022-02-07T17:05:29.486+0000][830.512s][debug][safepoint     ] Safepoint synchronization initiated. (301 threads)
[2022-02-07T17:05:29.486+0000][830.512s][info ][safepoint     ] Application time: 0.2414125 seconds
[2022-02-07T17:05:29.486+0000][830.512s][debug][safepoint     ] Waiting for 1 thread(s) to block
[2022-02-07T17:05:29.486+0000][830.512s][info ][safepoint     ] Entering safepoint region: G1CollectForAllocation
[2022-02-07T17:05:29.486+0000][830.512s][info ][gc,start      ] GC(96) Pause Young (Normal) (G1 Evacuation Pause)
[2022-02-07T17:05:29.486+0000][830.512s][info ][gc,task       ] GC(96) Using 4 workers of 4 for evacuation
[2022-02-07T17:05:29.523+0000][830.549s][info ][gc,phases     ] GC(96)   Pre Evacuate Collection Set: 0.0ms
[2022-02-07T17:05:29.523+0000][830.549s][info ][gc,phases     ] GC(96)   Evacuate Collection Set: 29.4ms
[2022-02-07T17:05:29.523+0000][830.549s][info ][gc,phases     ] GC(96)   Post Evacuate Collection Set: 7.5ms
[2022-02-07T17:05:29.523+0000][830.549s][info ][gc,phases     ] GC(96)   Other: 0.2ms
[2022-02-07T17:05:29.523+0000][830.549s][info ][gc,heap       ] GC(96) Eden regions: 237->0(237)
[2022-02-07T17:05:29.523+0000][830.549s][info ][gc,heap       ] GC(96) Survivor regions: 1->1(30)
[2022-02-07T17:05:29.523+0000][830.549s][info ][gc,heap       ] GC(96) Old regions: 147->147
[2022-02-07T17:05:29.523+0000][830.549s][info ][gc,heap       ] GC(96) Humongous regions: 0->0
[2022-02-07T17:05:29.523+0000][830.549s][info ][gc,metaspace  ] GC(96) Metaspace: 162601K->162601K(1204224K)
[2022-02-07T17:05:29.523+0000][830.549s][info ][gc            ] GC(96) Pause Young (Normal) (G1 Evacuation Pause) 382M->145M(430M) 37.221ms
[2022-02-07T17:05:29.523+0000][830.549s][info ][gc,cpu        ] GC(96) User=0.03s Sys=0.00s Real=0.04s
[2022-02-07T17:05:29.523+0000][830.549s][info ][safepoint     ] Leaving safepoint region
[2022-02-07T17:05:29.524+0000][830.549s][info ][safepoint     ] Total time for which application threads were stopped: 0.0377930 seconds, Stopping threads took: 0.0000847 seconds
[2022-02-07T17:05:29.524+0000][830.550s][info ][gc,stringdedup] Concurrent String Deduplication (830.550s)
[2022-02-07T17:05:29.524+0000][830.550s][info ][gc,stringdedup] Concurrent String Deduplication 696.0B->0.0B(696.0B) avg 53.2% (830.550s, 830.550s) 0.033ms
[2022-02-07T17:05:30.524+0000][831.549s][debug][safepoint     ] Safepoint synchronization initiated. (301 threads)
[2022-02-07T17:05:30.524+0000][831.549s][info ][safepoint     ] Application time: 1.0001191 seconds
[2022-02-07T17:05:30.524+0000][831.550s][info ][safepoint     ] Entering safepoint region: Cleanup
[2022-02-07T17:05:30.524+0000][831.550s][info ][safepoint     ] Leaving safepoint region
[2022-02-07T17:05:30.524+0000][831.550s][info ][safepoint     ] Total time for which application threads were stopped: 0.0004238 seconds, Stopping threads took: 0.0000701 seconds
[2022-02-07T17:05:31.524+0000][832.550s][debug][safepoint     ] Safepoint synchronization initiated. (301 threads)
[2022-02-07T17:05:31.524+0000][832.550s][info ][safepoint     ] Application time: 1.0001145 seconds
[2022-02-07T17:05:31.524+0000][832.550s][debug][safepoint     ] ... found polling page loop exception at pc = 0x00007f11b4504dfa, stub =0x00007f11ac8be900
[2022-02-07T17:05:31.524+0000][832.550s][debug][safepoint     ] Waiting for 2 thread(s) to block
[2022-02-07T17:05:31.524+0000][832.550s][info ][safepoint     ] Entering safepoint region: Cleanup
[2022-02-07T17:05:31.525+0000][832.550s][info ][safepoint     ] Leaving safepoint region
[2022-02-07T17:05:31.525+0000][832.550s][info ][safepoint     ] Total time for which application threads were stopped: 0.0003238 seconds, Stopping threads took: 0.0001027 seconds
[2022-02-07T17:05:32.525+0000][833.550s][debug][safepoint     ] Safepoint synchronization initiated. (301 threads)
[2022-02-07T17:05:32.525+0000][833.551s][info ][safepoint     ] Application time: 1.0001184 seconds
[2022-02-07T17:05:32.525+0000][833.551s][info ][safepoint     ] Entering safepoint region: Cleanup
[2022-02-07T17:05:32.525+0000][833.551s][info ][safepoint     ] Leaving safepoint region
[2022-02-07T17:05:32.525+0000][833.551s][info ][safepoint     ] Total time for which application threads were stopped: 0.0002937 seconds, Stopping threads took: 0.0000699 seconds
[2022-02-07T17:05:33.525+0000][834.551s][debug][safepoint     ] Safepoint synchronization initiated. (301 threads)
[2022-02-07T17:05:33.525+0000][834.551s][info ][safepoint     ] Application time: 1.0001540 seconds
[2022-02-07T17:05:33.525+0000][834.551s][info ][safepoint     ] Entering safepoint region: Cleanup
[2022-02-07T17:05:33.525+0000][834.551s][info ][safepoint     ] Leaving safepoint region
[2022-02-07T17:05:33.525+0000][834.551s][info ][safepoint     ] Total time for which application threads were stopped: 0.0002560 seconds, Stopping threads took: 0.0000702 seconds
[2022-02-07T17:05:34.526+0000][835.551s][debug][safepoint     ] Safepoint synchronization initiated. (301 threads)
[2022-02-07T17:05:34.526+0000][835.551s][info ][safepoint     ] Application time: 1.0001346 seconds
[2022-02-07T17:05:34.526+0000][835.551s][info ][safepoint     ] Entering safepoint region: Cleanup
[2022-02-07T17:05:34.526+0000][835.552s][info ][safepoint     ] Leaving safepoint region
[2022-02-07T17:05:34.526+0000][835.552s][info ][safepoint     ] Total time for which application threads were stopped: 0.0004800 seconds, Stopping threads took: 0.0000686 seconds
[2022-02-07T17:05:35.526+0000][836.552s][debug][safepoint     ] Safepoint synchronization initiated. (301 threads)
[2022-02-07T17:05:35.526+0000][836.552s][info ][safepoint     ] Application time: 1.0001052 seconds
[2022-02-07T17:05:35.526+0000][836.552s][info ][safepoint     ] Entering safepoint region: Cleanup
[2022-02-07T17:05:35.526+0000][836.552s][info ][safepoint     ] Leaving safepoint region
[2022-02-07T17:05:35.526+0000][836.552s][info ][safepoint     ] Total time for which application threads were stopped: 0.0002268 seconds, Stopping threads took: 0.0000618 seconds
[2022-02-07T17:05:36.526+0000][837.552s][debug][safepoint     ] Safepoint synchronization initiated. (301 threads)
[2022-02-07T17:05:36.527+0000][837.552s][info ][safepoint     ] Application time: 1.0001135 seconds
[2022-02-07T17:05:36.527+0000][837.552s][info ][safepoint     ] Entering safepoint region: Cleanup
[2022-02-07T17:05:36.527+0000][837.553s][info ][safepoint     ] Leaving safepoint region
[2022-02-07T17:05:36.527+0000][837.553s][info ][safepoint     ] Total time for which application threads were stopped: 0.0003235 seconds, Stopping threads took: 0.0000783 seconds
[2022-02-07T17:05:37.527+0000][838.553s][debug][safepoint     ] Safepoint synchronization initiated. (301 threads)
[2022-02-07T17:05:37.527+0000][838.553s][info ][safepoint     ] Application time: 1.0001289 seconds
[2022-02-07T17:05:37.527+0000][838.553s][info ][safepoint     ] Entering safepoint region: Cleanup
[2022-02-07T17:05:37.527+0000][838.553s][info ][safepoint     ] Leaving safepoint region
[2022-02-07T17:05:37.527+0000][838.553s][info ][safepoint     ] Total time for which application threads were stopped: 0.0003420 seconds, Stopping threads took: 0.0000724 seconds
[2022-02-07T17:05:38.527+0000][839.553s][debug][safepoint     ] Safepoint synchronization initiated. (301 threads)
[2022-02-07T17:05:38.527+0000][839.553s][info ][safepoint     ] Application time: 1.0001203 seconds
[2022-02-07T17:05:38.528+0000][839.553s][info ][safepoint     ] Entering safepoint region: Cleanup
[2022-02-07T17:05:38.528+0000][839.554s][info ][safepoint     ] Leaving safepoint region
[2022-02-07T17:05:38.528+0000][839.554s][debug][safepoint     ] ... found polling page return exception at pc = 0x00007f11b4fc1a06, stub =0x00007f11ac8beb80
[2022-02-07T17:05:38.528+0000][839.554s][info ][safepoint     ] Total time for which application threads were stopped: 0.0002694 seconds, Stopping threads took: 0.0000824 seconds
[2022-02-07T17:05:39.528+0000][840.554s][debug][safepoint     ] Safepoint synchronization initiated. (301 threads)
[2022-02-07T17:05:39.528+0000][840.554s][info ][safepoint     ] Application time: 1.0001200 seconds
[2022-02-07T17:05:39.528+0000][840.554s][info ][safepoint     ] Entering safepoint region: Cleanup
[2022-02-07T17:05:39.528+0000][840.554s][info ][safepoint     ] Leaving safepoint region
[2022-02-07T17:05:39.528+0000][840.554s][info ][safepoint     ] Total time for which application threads were stopped: 0.0002946 seconds, Stopping threads took: 0.0000690 seconds
[2022-02-07T17:05:40.528+0000][841.554s][debug][safepoint     ] Safepoint synchronization initiated. (301 threads)
[2022-02-07T17:05:40.528+0000][841.554s][info ][safepoint     ] Application time: 1.0001149 seconds
[2022-02-07T17:05:40.528+0000][841.554s][info ][safepoint     ] Entering safepoint region: Cleanup
[2022-02-07T17:05:40.529+0000][841.554s][info ][safepoint     ] Leaving safepoint region
[2022-02-07T17:05:40.529+0000][841.555s][info ][safepoint     ] Total time for which application threads were stopped: 0.0002942 seconds, Stopping threads took: 0.0000699 seconds
[2022-02-07T17:05:41.529+0000][842.555s][debug][safepoint     ] Safepoint synchronization initiated. (301 threads)
[2022-02-07T17:05:41.529+0000][842.555s][info ][safepoint     ] Application time: 1.0001261 seconds
[2022-02-07T17:05:41.529+0000][842.555s][debug][safepoint     ] Waiting for 1 thread(s) to block
[2022-02-07T17:05:41.529+0000][842.555s][info ][safepoint     ] Entering safepoint region: Cleanup
[2022-02-07T17:05:41.529+0000][842.555s][info ][safepoint     ] Leaving safepoint region
[2022-02-07T17:05:41.529+0000][842.555s][info ][safepoint     ] Total time for which application threads were stopped: 0.0003291 seconds, Stopping threads took: 0.0001010 seconds
[2022-02-07T17:05:42.529+0000][843.555s][debug][safepoint     ] Safepoint synchronization initiated. (301 threads)
[2022-02-07T17:05:42.529+0000][843.555s][info ][safepoint     ] Application time: 1.0001336 seconds
[2022-02-07T17:05:42.529+0000][843.555s][info ][safepoint     ] Entering safepoint region: Cleanup
[2022-02-07T17:05:42.530+0000][843.556s][info ][safepoint     ] Leaving safepoint region
[2022-02-07T17:05:42.530+0000][843.556s][info ][safepoint     ] Total time for which application threads were stopped: 0.0004427 seconds, Stopping threads took: 0.0000719 seconds
[2022-02-07T17:05:43.530+0000][844.556s][debug][safepoint     ] Safepoint synchronization initiated. (301 threads)
[2022-02-07T17:05:43.530+0000][844.556s][info ][safepoint     ] Application time: 1.0001028 seconds
[2022-02-07T17:05:43.530+0000][844.556s][info ][safepoint     ] Entering safepoint region: Cleanup
[2022-02-07T17:05:43.530+0000][844.556s][info ][safepoint     ] Leaving safepoint region
[2022-02-07T17:05:43.530+0000][844.556s][info ][safepoint     ] Total time for which application threads were stopped: 0.0003266 seconds, Stopping threads took: 0.0000886 seconds
[2022-02-07T17:05:44.530+0000][845.556s][debug][safepoint     ] Safepoint synchronization initiated. (301 threads)
[2022-02-07T17:05:44.530+0000][845.556s][info ][safepoint     ] Application time: 1.0001421 seconds
[2022-02-07T17:05:44.530+0000][845.556s][info ][safepoint     ] Entering safepoint region: Cleanup
[2022-02-07T17:05:44.531+0000][845.556s][info ][safepoint     ] Leaving safepoint region
[2022-02-07T17:05:44.531+0000][845.556s][info ][safepoint     ] Total time for which application threads were stopped: 0.0002998 seconds, Stopping threads took: 0.0000710 seconds
[2022-02-07T17:05:45.531+0000][846.557s][debug][safepoint     ] Safepoint synchronization initiated. (301 threads)
[2022-02-07T17:05:45.531+0000][846.557s][info ][safepoint     ] Application time: 1.0001410 seconds
[2022-02-07T17:05:45.531+0000][846.557s][info ][safepoint     ] Entering safepoint region: Cleanup
[2022-02-07T17:05:45.531+0000][846.557s][info ][safepoint     ] Leaving safepoint region
[2022-02-07T17:05:45.531+0000][846.557s][info ][safepoint     ] Total time for which application threads were stopped: 0.0003247 seconds, Stopping threads took: 0.0000693 seconds
[2022-02-07T17:05:46.531+0000][847.557s][debug][safepoint     ] Safepoint synchronization initiated. (301 threads)
[2022-02-07T17:05:46.531+0000][847.557s][info ][safepoint     ] Application time: 1.0001361 seconds
[2022-02-07T17:05:46.531+0000][847.557s][info ][safepoint     ] Entering safepoint region: Cleanup
[2022-02-07T17:05:46.532+0000][847.558s][info ][safepoint     ] Leaving safepoint region
[2022-02-07T17:05:46.532+0000][847.558s][info ][safepoint     ] Total time for which application threads were stopped: 0.0004421 seconds, Stopping threads took: 0.0000725 seconds
[2022-02-07T17:05:47.532+0000][848.558s][debug][safepoint     ] Safepoint synchronization initiated. (301 threads)
[2022-02-07T17:05:47.532+0000][848.558s][info ][safepoint     ] Application time: 1.0001368 seconds
[2022-02-07T17:05:47.532+0000][848.558s][info ][safepoint     ] Entering safepoint region: Cleanup
[2022-02-07T17:05:47.532+0000][848.558s][info ][safepoint     ] Leaving safepoint region
[2022-02-07T17:05:47.532+0000][848.558s][info ][safepoint     ] Total time for which application threads were stopped: 0.0003070 seconds, Stopping threads took: 0.0000887 seconds
[2022-02-07T17:05:48.532+0000][849.558s][debug][safepoint     ] Safepoint synchronization initiated. (301 threads)
[2022-02-07T17:05:48.532+0000][849.558s][info ][safepoint     ] Application time: 1.0001183 seconds
[2022-02-07T17:05:48.532+0000][849.558s][info ][safepoint     ] Entering safepoint region: Cleanup
[2022-02-07T17:05:48.533+0000][849.558s][info ][safepoint     ] Leaving safepoint region
[2022-02-07T17:05:48.533+0000][849.558s][info ][safepoint     ] Total time for which application threads were stopped: 0.0002483 seconds, Stopping threads took: 0.0000725 seconds
[2022-02-07T17:05:49.533+0000][850.558s][debug][safepoint     ] Safepoint synchronization initiated. (301 threads)
[2022-02-07T17:05:49.533+0000][850.559s][info ][safepoint     ] Application time: 1.0001091 seconds
[2022-02-07T17:05:49.533+0000][850.559s][info ][safepoint     ] Entering safepoint region: Cleanup
[2022-02-07T17:05:49.533+0000][850.559s][info ][safepoint     ] Leaving safepoint region
[2022-02-07T17:05:49.533+0000][850.559s][info ][safepoint     ] Total time for which application threads were stopped: 0.0002543 seconds, Stopping threads took: 0.0000683 seconds
[2022-02-07T17:05:49.667+0000][850.693s][debug][safepoint     ] Safepoint synchronization initiated. (301 threads)
[2022-02-07T17:05:49.667+0000][850.693s][info ][safepoint     ] Application time: 0.1343070 seconds
[2022-02-07T17:05:49.667+0000][850.693s][info ][safepoint     ] Entering safepoint region: G1CollectForAllocation
[2022-02-07T17:05:49.668+0000][850.693s][info ][gc,start      ] GC(97) Pause Young (Normal) (G1 Evacuation Pause)
[2022-02-07T17:05:49.668+0000][850.693s][info ][gc,task       ] GC(97) Using 4 workers of 4 for evacuation
[2022-02-07T17:05:49.687+0000][850.713s][info ][gc,phases     ] GC(97)   Pre Evacuate Collection Set: 0.0ms
[2022-02-07T17:05:49.688+0000][850.713s][info ][gc,phases     ] GC(97)   Evacuate Collection Set: 14.9ms
[2022-02-07T17:05:49.688+0000][850.713s][info ][gc,phases     ] GC(97)   Post Evacuate Collection Set: 4.7ms
[2022-02-07T17:05:49.688+0000][850.713s][info ][gc,phases     ] GC(97)   Other: 0.3ms
[2022-02-07T17:05:49.688+0000][850.713s][info ][gc,heap       ] GC(97) Eden regions: 237->0(237)
[2022-02-07T17:05:49.688+0000][850.713s][info ][gc,heap       ] GC(97) Survivor regions: 1->1(30)
[2022-02-07T17:05:49.688+0000][850.713s][info ][gc,heap       ] GC(97) Old regions: 147->147
[2022-02-07T17:05:49.688+0000][850.713s][info ][gc,heap       ] GC(97) Humongous regions: 0->0
[2022-02-07T17:05:49.688+0000][850.713s][info ][gc,metaspace  ] GC(97) Metaspace: 162605K->162605K(1204224K)
[2022-02-07T17:05:49.688+0000][850.713s][info ][gc            ] GC(97) Pause Young (Normal) (G1 Evacuation Pause) 382M->145M(430M) 20.026ms
[2022-02-07T17:05:49.688+0000][850.714s][info ][gc,cpu        ] GC(97) User=0.02s Sys=0.00s Real=0.02s
[2022-02-07T17:05:49.688+0000][850.714s][info ][safepoint     ] Leaving safepoint region
[2022-02-07T17:05:49.688+0000][850.714s][info ][safepoint     ] Total time for which application threads were stopped: 0.0204391 seconds, Stopping threads took: 0.0000977 seconds
[2022-02-07T17:05:49.688+0000][850.714s][info ][gc,stringdedup] Concurrent String Deduplication (850.714s)
[2022-02-07T17:05:49.688+0000][850.714s][info ][gc,stringdedup] Concurrent String Deduplication 360.0B->0.0B(360.0B) avg 53.2% (850.714s, 850.714s) 0.018ms
[2022-02-07T17:05:50.688+0000][851.714s][debug][safepoint     ] Safepoint synchronization initiated. (301 threads)
[2022-02-07T17:05:50.688+0000][851.714s][info ][safepoint     ] Application time: 1.0001336 seconds
[2022-02-07T17:05:50.688+0000][851.714s][info ][safepoint     ] Entering safepoint region: Cleanup
[2022-02-07T17:05:50.688+0000][851.714s][info ][safepoint     ] Leaving safepoint region
[2022-02-07T17:05:50.688+0000][851.714s][info ][safepoint     ] Total time for which application threads were stopped: 0.0003431 seconds, Stopping threads took: 0.0000825 seconds
[2022-02-07T17:05:51.688+0000][852.714s][debug][safepoint     ] Safepoint synchronization initiated. (301 threads)
[2022-02-07T17:05:51.688+0000][852.714s][info ][safepoint     ] Application time: 1.0001136 seconds
[2022-02-07T17:05:51.688+0000][852.714s][info ][safepoint     ] Entering safepoint region: Cleanup
[2022-02-07T17:05:51.689+0000][852.714s][info ][safepoint     ] Leaving safepoint region
[2022-02-07T17:05:51.689+0000][852.715s][info ][safepoint     ] Total time for which application threads were stopped: 0.0003193 seconds, Stopping threads took: 0.0000718 seconds
[2022-02-07T17:05:52.689+0000][853.715s][debug][safepoint     ] Safepoint synchronization initiated. (301 threads)
[2022-02-07T17:05:52.689+0000][853.715s][info ][safepoint     ] Application time: 1.0001831 seconds
[2022-02-07T17:05:52.689+0000][853.715s][info ][safepoint     ] Entering safepoint region: Cleanup
[2022-02-07T17:05:52.689+0000][853.715s][info ][safepoint     ] Leaving safepoint region
[2022-02-07T17:05:52.689+0000][853.715s][info ][safepoint     ] Total time for which application threads were stopped: 0.0003084 seconds, Stopping threads took: 0.0000776 seconds
[2022-02-07T17:05:53.689+0000][854.715s][debug][safepoint     ] Safepoint synchronization initiated. (301 threads)
[2022-02-07T17:05:53.689+0000][854.715s][info ][safepoint     ] Application time: 1.0001079 seconds
[2022-02-07T17:05:53.689+0000][854.715s][info ][safepoint     ] Entering safepoint region: Cleanup
[2022-02-07T17:05:53.690+0000][854.716s][info ][safepoint     ] Leaving safepoint region
[2022-02-07T17:05:53.690+0000][854.716s][info ][safepoint     ] Total time for which application threads were stopped: 0.0004395 seconds, Stopping threads took: 0.0000713 seconds
[2022-02-07T17:05:54.690+0000][855.716s][debug][safepoint     ] Safepoint synchronization initiated. (301 threads)
[2022-02-07T17:05:54.690+0000][855.716s][info ][safepoint     ] Application time: 1.0001158 seconds
[2022-02-07T17:05:54.690+0000][855.716s][info ][safepoint     ] Entering safepoint region: Cleanup
[2022-02-07T17:05:54.690+0000][855.716s][info ][safepoint     ] Leaving safepoint region
[2022-02-07T17:05:54.690+0000][855.716s][info ][safepoint     ] Total time for which application threads were stopped: 0.0004498 seconds, Stopping threads took: 0.0000729 seconds
[2022-02-07T17:05:55.690+0000][856.716s][debug][safepoint     ] Safepoint synchronization initiated. (301 threads)
[2022-02-07T17:05:55.690+0000][856.716s][info ][safepoint     ] Application time: 1.0001115 seconds
[2022-02-07T17:05:55.691+0000][856.716s][debug][safepoint     ] ... found polling page return exception at pc = 0x00007f11b447f51b, stub =0x00007f11ac8beb80
[2022-02-07T17:05:55.691+0000][856.716s][debug][safepoint     ] Waiting for 1 thread(s) to block
[2022-02-07T17:05:55.691+0000][856.716s][info ][safepoint     ] Entering safepoint region: Cleanup
[2022-02-07T17:05:55.691+0000][856.717s][info ][safepoint     ] Leaving safepoint region
[2022-02-07T17:05:55.691+0000][856.717s][info ][safepoint     ] Total time for which application threads were stopped: 0.0004344 seconds, Stopping threads took: 0.0002008 seconds
[2022-02-07T17:05:56.691+0000][857.717s][debug][safepoint     ] Safepoint synchronization initiated. (301 threads)
[2022-02-07T17:05:56.691+0000][857.717s][info ][safepoint     ] Application time: 1.0001420 seconds
[2022-02-07T17:05:56.691+0000][857.717s][info ][safepoint     ] Entering safepoint region: Cleanup
[2022-02-07T17:05:56.691+0000][857.717s][info ][safepoint     ] Leaving safepoint region
[2022-02-07T17:05:56.691+0000][857.717s][info ][safepoint     ] Total time for which application threads were stopped: 0.0004598 seconds, Stopping threads took: 0.0000674 seconds
[2022-02-07T17:05:57.692+0000][858.717s][debug][safepoint     ] Safepoint synchronization initiated. (301 threads)
[2022-02-07T17:05:57.692+0000][858.717s][info ][safepoint     ] Application time: 1.0001297 seconds
[2022-02-07T17:05:57.692+0000][858.718s][info ][safepoint     ] Entering safepoint region: Cleanup
[2022-02-07T17:05:57.692+0000][858.718s][info ][safepoint     ] Leaving safepoint region
[2022-02-07T17:05:57.692+0000][858.718s][info ][safepoint     ] Total time for which application threads were stopped: 0.0003383 seconds, Stopping threads took: 0.0000800 seconds
[2022-02-07T17:05:58.695+0000][859.721s][debug][safepoint     ] Safepoint synchronization initiated. (301 threads)
[2022-02-07T17:05:58.695+0000][859.721s][info ][safepoint     ] Application time: 1.0029801 seconds
[2022-02-07T17:05:58.699+0000][859.725s][debug][safepoint     ] ... found polling page loop exception at pc = 0x00007f11b5309114, stub =0x00007f11ac8be900
[2022-02-07T17:05:58.699+0000][859.725s][debug][safepoint     ] Waiting for 1 thread(s) to block
[2022-02-07T17:05:58.699+0000][859.725s][info ][safepoint     ] Entering safepoint region: Cleanup
[2022-02-07T17:05:58.699+0000][859.725s][info ][safepoint     ] Leaving safepoint region
[2022-02-07T17:05:58.699+0000][859.725s][info ][safepoint     ] Total time for which application threads were stopped: 0.0044260 seconds, Stopping threads took: 0.0040021 seconds
[2022-02-07T17:05:59.700+0000][860.725s][debug][safepoint     ] Safepoint synchronization initiated. (301 threads)
[2022-02-07T17:05:59.700+0000][860.725s][info ][safepoint     ] Application time: 1.0002219 seconds
[2022-02-07T17:05:59.700+0000][860.726s][info ][safepoint     ] Entering safepoint region: Cleanup
[2022-02-07T17:05:59.700+0000][860.726s][info ][safepoint     ] Leaving safepoint region
[2022-02-07T17:05:59.700+0000][860.726s][info ][safepoint     ] Total time for which application threads were stopped: 0.0005005 seconds, Stopping threads took: 0.0000746 seconds
[2022-02-07T17:06:00.700+0000][861.726s][debug][safepoint     ] Safepoint synchronization initiated. (301 threads)
[2022-02-07T17:06:00.700+0000][861.726s][info ][safepoint     ] Application time: 1.0001306 seconds
[2022-02-07T17:06:00.700+0000][861.726s][info ][safepoint     ] Entering safepoint region: Cleanup
[2022-02-07T17:06:00.701+0000][861.727s][info ][safepoint     ] Leaving safepoint region
[2022-02-07T17:06:00.701+0000][861.727s][info ][safepoint     ] Total time for which application threads were stopped: 0.0004345 seconds, Stopping threads took: 0.0000674 seconds
[2022-02-07T17:06:01.701+0000][862.727s][debug][safepoint     ] Safepoint synchronization initiated. (301 threads)
[2022-02-07T17:06:01.701+0000][862.727s][info ][safepoint     ] Application time: 1.0001102 seconds
[2022-02-07T17:06:01.701+0000][862.727s][debug][safepoint     ] ... found polling page return exception at pc = 0x00007f11b505dc8c, stub =0x00007f11ac8beb80
[2022-02-07T17:06:01.701+0000][862.727s][debug][safepoint     ] Waiting for 1 thread(s) to block
[2022-02-07T17:06:01.701+0000][862.727s][info ][safepoint     ] Entering safepoint region: Cleanup
[2022-02-07T17:06:01.701+0000][862.727s][info ][safepoint     ] Leaving safepoint region
[2022-02-07T17:06:01.701+0000][862.727s][info ][safepoint     ] Total time for which application threads were stopped: 0.0005682 seconds, Stopping threads took: 0.0001130 seconds
[2022-02-07T17:06:02.702+0000][863.727s][debug][safepoint     ] Safepoint synchronization initiated. (301 threads)
[2022-02-07T17:06:02.702+0000][863.727s][info ][safepoint     ] Application time: 1.0001332 seconds
[2022-02-07T17:06:02.702+0000][863.728s][info ][safepoint     ] Entering safepoint region: Cleanup
[2022-02-07T17:06:02.702+0000][863.728s][info ][safepoint     ] Leaving safepoint region
[2022-02-07T17:06:02.702+0000][863.728s][info ][safepoint     ] Total time for which application threads were stopped: 0.0003071 seconds, Stopping threads took: 0.0000706 seconds
[2022-02-07T17:06:03.702+0000][864.728s][debug][safepoint     ] Safepoint synchronization initiated. (301 threads)
[2022-02-07T17:06:03.702+0000][864.728s][info ][safepoint     ] Application time: 1.0001410 seconds
[2022-02-07T17:06:03.702+0000][864.728s][info ][safepoint     ] Entering safepoint region: Cleanup
[2022-02-07T17:06:03.703+0000][864.728s][info ][safepoint     ] Leaving safepoint region
[2022-02-07T17:06:03.703+0000][864.728s][info ][safepoint     ] Total time for which application threads were stopped: 0.0005029 seconds, Stopping threads took: 0.0000816 seconds
[2022-02-07T17:06:04.703+0000][865.729s][debug][safepoint     ] Safepoint synchronization initiated. (301 threads)
[2022-02-07T17:06:04.703+0000][865.729s][info ][safepoint     ] Application time: 1.0001294 seconds
[2022-02-07T17:06:04.703+0000][865.729s][info ][safepoint     ] Entering safepoint region: Cleanup
[2022-02-07T17:06:04.703+0000][865.729s][info ][safepoint     ] Leaving safepoint region
[2022-02-07T17:06:04.703+0000][865.729s][info ][safepoint     ] Total time for which application threads were stopped: 0.0004874 seconds, Stopping threads took: 0.0000777 seconds
[2022-02-07T17:06:04.777+0000][865.802s][debug][safepoint     ] Safepoint synchronization initiated. (301 threads)
[2022-02-07T17:06:04.777+0000][865.802s][info ][safepoint     ] Application time: 0.0734246 seconds
[2022-02-07T17:06:04.777+0000][865.803s][debug][safepoint     ] ... found polling page return exception at pc = 0x00007f11b539816f, stub =0x00007f11ac8beb80
[2022-02-07T17:06:04.777+0000][865.803s][debug][safepoint     ] Waiting for 1 thread(s) to block
[2022-02-07T17:06:04.777+0000][865.803s][info ][safepoint     ] Entering safepoint region: G1CollectForAllocation
[2022-02-07T17:06:04.777+0000][865.803s][info ][gc,start      ] GC(98) Pause Young (Normal) (G1 Evacuation Pause)
[2022-02-07T17:06:04.777+0000][865.803s][info ][gc,task       ] GC(98) Using 4 workers of 4 for evacuation
[2022-02-07T17:06:04.821+0000][865.846s][info ][gc,phases     ] GC(98)   Pre Evacuate Collection Set: 0.0ms
[2022-02-07T17:06:04.821+0000][865.846s][info ][gc,phases     ] GC(98)   Evacuate Collection Set: 37.4ms
[2022-02-07T17:06:04.821+0000][865.846s][info ][gc,phases     ] GC(98)   Post Evacuate Collection Set: 6.0ms
[2022-02-07T17:06:04.821+0000][865.847s][info ][gc,phases     ] GC(98)   Other: 0.2ms
[2022-02-07T17:06:04.821+0000][865.847s][info ][gc,heap       ] GC(98) Eden regions: 237->0(237)
[2022-02-07T17:06:04.821+0000][865.847s][info ][gc,heap       ] GC(98) Survivor regions: 1->1(30)
[2022-02-07T17:06:04.821+0000][865.847s][info ][gc,heap       ] GC(98) Old regions: 147->147
[2022-02-07T17:06:04.821+0000][865.847s][info ][gc,heap       ] GC(98) Humongous regions: 0->0
[2022-02-07T17:06:04.821+0000][865.847s][info ][gc,metaspace  ] GC(98) Metaspace: 162612K->162612K(1204224K)
[2022-02-07T17:06:04.821+0000][865.847s][info ][gc            ] GC(98) Pause Young (Normal) (G1 Evacuation Pause) 382M->145M(430M) 43.709ms
[2022-02-07T17:06:04.821+0000][865.847s][info ][gc,cpu        ] GC(98) User=0.02s Sys=0.00s Real=0.05s
[2022-02-07T17:06:04.821+0000][865.847s][info ][safepoint     ] Leaving safepoint region
[2022-02-07T17:06:04.821+0000][865.847s][info ][safepoint     ] Total time for which application threads were stopped: 0.0441692 seconds, Stopping threads took: 0.0001116 seconds
[2022-02-07T17:06:04.821+0000][865.847s][info ][gc,stringdedup] Concurrent String Deduplication (865.847s)
[2022-02-07T17:06:04.821+0000][865.847s][info ][gc,stringdedup] Concurrent String Deduplication 944.0B->0.0B(944.0B) avg 53.2% (865.847s, 865.847s) 0.028ms
[2022-02-07T17:06:05.821+0000][866.847s][debug][safepoint     ] Safepoint synchronization initiated. (301 threads)
[2022-02-07T17:06:05.821+0000][866.847s][info ][safepoint     ] Application time: 1.0001298 seconds
[2022-02-07T17:06:05.821+0000][866.847s][info ][safepoint     ] Entering safepoint region: Cleanup
[2022-02-07T17:06:05.821+0000][866.847s][info ][safepoint     ] Leaving safepoint region
[2022-02-07T17:06:05.821+0000][866.847s][info ][safepoint     ] Total time for which application threads were stopped: 0.0002920 seconds, Stopping threads took: 0.0000703 seconds
[2022-02-07T17:06:06.821+0000][867.847s][debug][safepoint     ] Safepoint synchronization initiated. (301 threads)
[2022-02-07T17:06:06.821+0000][867.847s][info ][safepoint     ] Application time: 1.0001332 seconds
[2022-02-07T17:06:06.821+0000][867.847s][info ][safepoint     ] Entering safepoint region: Cleanup
[2022-02-07T17:06:06.822+0000][867.848s][info ][safepoint     ] Leaving safepoint region
[2022-02-07T17:06:06.822+0000][867.848s][info ][safepoint     ] Total time for which application threads were stopped: 0.0005713 seconds, Stopping threads took: 0.0000849 seconds
[2022-02-07T17:06:07.822+0000][868.848s][debug][safepoint     ] Safepoint synchronization initiated. (301 threads)
[2022-02-07T17:06:07.822+0000][868.848s][info ][safepoint     ] Application time: 1.0001461 seconds
[2022-02-07T17:06:07.822+0000][868.848s][info ][safepoint     ] Entering safepoint region: Cleanup
[2022-02-07T17:06:07.822+0000][868.848s][info ][safepoint     ] Leaving safepoint region
[2022-02-07T17:06:07.822+0000][868.848s][info ][safepoint     ] Total time for which application threads were stopped: 0.0002454 seconds, Stopping threads took: 0.0000698 seconds
[2022-02-07T17:06:08.822+0000][869.848s][debug][safepoint     ] Safepoint synchronization initiated. (301 threads)
[2022-02-07T17:06:08.823+0000][869.848s][info ][safepoint     ] Application time: 1.0001152 seconds
[2022-02-07T17:06:08.823+0000][869.848s][info ][safepoint     ] Entering safepoint region: Cleanup
[2022-02-07T17:06:08.823+0000][869.849s][info ][safepoint     ] Leaving safepoint region
[2022-02-07T17:06:08.823+0000][869.849s][info ][safepoint     ] Total time for which application threads were stopped: 0.0002393 seconds, Stopping threads took: 0.0000691 seconds
[2022-02-07T17:06:09.823+0000][870.849s][debug][safepoint     ] Safepoint synchronization initiated. (301 threads)
[2022-02-07T17:06:09.823+0000][870.849s][info ][safepoint     ] Application time: 1.0001471 seconds
[2022-02-07T17:06:09.823+0000][870.849s][info ][safepoint     ] Entering safepoint region: Cleanup
[2022-02-07T17:06:09.823+0000][870.849s][info ][safepoint     ] Leaving safepoint region
[2022-02-07T17:06:09.823+0000][870.849s][info ][safepoint     ] Total time for which application threads were stopped: 0.0003211 seconds, Stopping threads took: 0.0000728 seconds
[2022-02-07T17:06:10.823+0000][871.849s][debug][safepoint     ] Safepoint synchronization initiated. (301 threads)
[2022-02-07T17:06:10.823+0000][871.849s][info ][safepoint     ] Application time: 1.0001069 seconds
[2022-02-07T17:06:10.823+0000][871.849s][info ][safepoint     ] Entering safepoint region: Cleanup
[2022-02-07T17:06:10.824+0000][871.849s][info ][safepoint     ] Leaving safepoint region
[2022-02-07T17:06:10.824+0000][871.849s][info ][safepoint     ] Total time for which application threads were stopped: 0.0002500 seconds, Stopping threads took: 0.0000716 seconds
[2022-02-07T17:06:11.824+0000][872.850s][debug][safepoint     ] Safepoint synchronization initiated. (301 threads)
[2022-02-07T17:06:11.824+0000][872.850s][info ][safepoint     ] Application time: 1.0001167 seconds
[2022-02-07T17:06:11.824+0000][872.850s][info ][safepoint     ] Entering safepoint region: Cleanup
[2022-02-07T17:06:11.824+0000][872.850s][info ][safepoint     ] Leaving safepoint region
[2022-02-07T17:06:11.824+0000][872.850s][info ][safepoint     ] Total time for which application threads were stopped: 0.0002465 seconds, Stopping threads took: 0.0000724 seconds
[2022-02-07T17:06:12.824+0000][873.850s][debug][safepoint     ] Safepoint synchronization initiated. (301 threads)
[2022-02-07T17:06:12.824+0000][873.850s][info ][safepoint     ] Application time: 1.0001167 seconds
[2022-02-07T17:06:12.824+0000][873.850s][info ][safepoint     ] Entering safepoint region: Cleanup
[2022-02-07T17:06:12.824+0000][873.850s][info ][safepoint     ] Leaving safepoint region
[2022-02-07T17:06:12.824+0000][873.850s][info ][safepoint     ] Total time for which application threads were stopped: 0.0003034 seconds, Stopping threads took: 0.0000718 seconds
[2022-02-07T17:06:13.825+0000][874.850s][debug][safepoint     ] Safepoint synchronization initiated. (301 threads)
[2022-02-07T17:06:13.825+0000][874.850s][info ][safepoint     ] Application time: 1.0001270 seconds
[2022-02-07T17:06:13.825+0000][874.851s][info ][safepoint     ] Entering safepoint region: Cleanup
[2022-02-07T17:06:13.825+0000][874.851s][info ][safepoint     ] Leaving safepoint region
[2022-02-07T17:06:13.825+0000][874.851s][info ][safepoint     ] Total time for which application threads were stopped: 0.0004536 seconds, Stopping threads took: 0.0000725 seconds
[2022-02-07T17:06:14.825+0000][875.851s][debug][safepoint     ] Safepoint synchronization initiated. (301 threads)
[2022-02-07T17:06:14.825+0000][875.851s][info ][safepoint     ] Application time: 1.0001229 seconds
[2022-02-07T17:06:14.825+0000][875.851s][info ][safepoint     ] Entering safepoint region: Cleanup
[2022-02-07T17:06:14.826+0000][875.851s][info ][safepoint     ] Leaving safepoint region
[2022-02-07T17:06:14.826+0000][875.852s][info ][safepoint     ] Total time for which application threads were stopped: 0.0004629 seconds, Stopping threads took: 0.0000728 seconds
[2022-02-07T17:06:15.826+0000][876.852s][debug][safepoint     ] Safepoint synchronization initiated. (301 threads)
[2022-02-07T17:06:15.826+0000][876.852s][info ][safepoint     ] Application time: 1.0001218 seconds
[2022-02-07T17:06:15.826+0000][876.852s][info ][safepoint     ] Entering safepoint region: Cleanup
[2022-02-07T17:06:15.826+0000][876.852s][info ][safepoint     ] Leaving safepoint region
[2022-02-07T17:06:15.826+0000][876.852s][info ][safepoint     ] Total time for which application threads were stopped: 0.0004416 seconds, Stopping threads took: 0.0000699 seconds
[2022-02-07T17:06:16.826+0000][877.852s][debug][safepoint     ] Safepoint synchronization initiated. (301 threads)
[2022-02-07T17:06:16.826+0000][877.852s][info ][safepoint     ] Application time: 1.0001230 seconds
[2022-02-07T17:06:16.826+0000][877.852s][info ][safepoint     ] Entering safepoint region: Cleanup
[2022-02-07T17:06:16.827+0000][877.853s][info ][safepoint     ] Leaving safepoint region
[2022-02-07T17:06:16.827+0000][877.853s][info ][safepoint     ] Total time for which application threads were stopped: 0.0004515 seconds, Stopping threads took: 0.0000738 seconds
[2022-02-07T17:06:17.827+0000][878.853s][debug][safepoint     ] Safepoint synchronization initiated. (301 threads)
[2022-02-07T17:06:17.827+0000][878.853s][info ][safepoint     ] Application time: 1.0001100 seconds
[2022-02-07T17:06:17.827+0000][878.853s][info ][safepoint     ] Entering safepoint region: Cleanup
[2022-02-07T17:06:17.827+0000][878.853s][info ][safepoint     ] Leaving safepoint region
[2022-02-07T17:06:17.827+0000][878.853s][info ][safepoint     ] Total time for which application threads were stopped: 0.0004702 seconds, Stopping threads took: 0.0000716 seconds
[2022-02-07T17:06:18.828+0000][879.853s][debug][safepoint     ] Safepoint synchronization initiated. (301 threads)
[2022-02-07T17:06:18.828+0000][879.853s][info ][safepoint     ] Application time: 1.0001176 seconds
[2022-02-07T17:06:18.828+0000][879.853s][info ][safepoint     ] Entering safepoint region: Cleanup
[2022-02-07T17:06:18.828+0000][879.854s][info ][safepoint     ] Leaving safepoint region
[2022-02-07T17:06:18.828+0000][879.854s][info ][safepoint     ] Total time for which application threads were stopped: 0.0004573 seconds, Stopping threads took: 0.0000727 seconds
[2022-02-07T17:06:19.828+0000][880.854s][debug][safepoint     ] Safepoint synchronization initiated. (301 threads)
[2022-02-07T17:06:19.828+0000][880.854s][info ][safepoint     ] Application time: 1.0001037 seconds
[2022-02-07T17:06:19.828+0000][880.854s][info ][safepoint     ] Entering safepoint region: Cleanup
[2022-02-07T17:06:19.829+0000][880.854s][info ][safepoint     ] Leaving safepoint region
[2022-02-07T17:06:19.829+0000][880.854s][info ][safepoint     ] Total time for which application threads were stopped: 0.0004330 seconds, Stopping threads took: 0.0000711 seconds
[2022-02-07T17:06:19.863+0000][880.889s][debug][safepoint     ] Safepoint synchronization initiated. (301 threads)
[2022-02-07T17:06:19.863+0000][880.889s][info ][safepoint     ] Application time: 0.0345954 seconds
[2022-02-07T17:06:19.863+0000][880.889s][debug][safepoint     ] Waiting for 1 thread(s) to block
[2022-02-07T17:06:19.863+0000][880.889s][info ][safepoint     ] Entering safepoint region: G1CollectForAllocation
[2022-02-07T17:06:19.864+0000][880.890s][info ][gc,start      ] GC(99) Pause Young (Normal) (G1 Evacuation Pause)
[2022-02-07T17:06:19.864+0000][880.890s][info ][gc,task       ] GC(99) Using 4 workers of 4 for evacuation
[2022-02-07T17:06:19.895+0000][880.921s][info ][gc,phases     ] GC(99)   Pre Evacuate Collection Set: 0.0ms
[2022-02-07T17:06:19.895+0000][880.921s][info ][gc,phases     ] GC(99)   Evacuate Collection Set: 21.6ms
[2022-02-07T17:06:19.895+0000][880.921s][info ][gc,phases     ] GC(99)   Post Evacuate Collection Set: 9.3ms
[2022-02-07T17:06:19.895+0000][880.921s][info ][gc,phases     ] GC(99)   Other: 0.2ms
[2022-02-07T17:06:19.895+0000][880.921s][info ][gc,heap       ] GC(99) Eden regions: 237->0(237)
[2022-02-07T17:06:19.895+0000][880.921s][info ][gc,heap       ] GC(99) Survivor regions: 1->1(30)
[2022-02-07T17:06:19.895+0000][880.921s][info ][gc,heap       ] GC(99) Old regions: 147->147
[2022-02-07T17:06:19.895+0000][880.921s][info ][gc,heap       ] GC(99) Humongous regions: 0->0
[2022-02-07T17:06:19.895+0000][880.921s][info ][gc,metaspace  ] GC(99) Metaspace: 162625K->162625K(1204224K)
[2022-02-07T17:06:19.895+0000][880.921s][info ][gc            ] GC(99) Pause Young (Normal) (G1 Evacuation Pause) 382M->145M(430M) 31.194ms
[2022-02-07T17:06:19.895+0000][880.921s][info ][gc,cpu        ] GC(99) User=0.02s Sys=0.00s Real=0.03s
[2022-02-07T17:06:19.895+0000][880.921s][info ][safepoint     ] Leaving safepoint region
[2022-02-07T17:06:19.895+0000][880.921s][info ][safepoint     ] Total time for which application threads were stopped: 0.0317893 seconds, Stopping threads took: 0.0001083 seconds
[2022-02-07T17:06:19.895+0000][880.921s][info ][gc,stringdedup] Concurrent String Deduplication (880.921s)
[2022-02-07T17:06:19.896+0000][880.921s][info ][gc,stringdedup] Concurrent String Deduplication 200.0B->0.0B(200.0B) avg 53.2% (880.921s, 880.921s) 0.024ms
[2022-02-07T17:06:20.896+0000][881.922s][debug][safepoint     ] Safepoint synchronization initiated. (301 threads)
[2022-02-07T17:06:20.896+0000][881.922s][info ][safepoint     ] Application time: 1.0006994 seconds
[2022-02-07T17:06:20.896+0000][881.922s][info ][safepoint     ] Entering safepoint region: Cleanup
[2022-02-07T17:06:20.896+0000][881.922s][info ][safepoint     ] Leaving safepoint region
[2022-02-07T17:06:20.896+0000][881.922s][info ][safepoint     ] Total time for which application threads were stopped: 0.0004388 seconds, Stopping threads took: 0.0000725 seconds
[2022-02-07T17:06:21.896+0000][882.922s][debug][safepoint     ] Safepoint synchronization initiated. (301 threads)
[2022-02-07T17:06:21.896+0000][882.922s][info ][safepoint     ] Application time: 1.0001163 seconds
[2022-02-07T17:06:21.896+0000][882.922s][info ][safepoint     ] Entering safepoint region: Cleanup
[2022-02-07T17:06:21.897+0000][882.923s][info ][safepoint     ] Leaving safepoint region
[2022-02-07T17:06:21.897+0000][882.923s][info ][safepoint     ] Total time for which application threads were stopped: 0.0004360 seconds, Stopping threads took: 0.0000715 seconds
[2022-02-07T17:06:22.897+0000][883.923s][debug][safepoint     ] Safepoint synchronization initiated. (301 threads)
[2022-02-07T17:06:22.897+0000][883.923s][info ][safepoint     ] Application time: 1.0001133 seconds
[2022-02-07T17:06:22.897+0000][883.923s][info ][safepoint     ] Entering safepoint region: Cleanup
[2022-02-07T17:06:22.897+0000][883.923s][info ][safepoint     ] Leaving safepoint region
[2022-02-07T17:06:22.897+0000][883.923s][info ][safepoint     ] Total time for which application threads were stopped: 0.0004264 seconds, Stopping threads took: 0.0000690 seconds
[2022-02-07T17:06:23.897+0000][884.923s][debug][safepoint     ] Safepoint synchronization initiated. (301 threads)
[2022-02-07T17:06:23.897+0000][884.923s][info ][safepoint     ] Application time: 1.0001156 seconds
[2022-02-07T17:06:23.897+0000][884.923s][info ][safepoint     ] Entering safepoint region: Cleanup
[2022-02-07T17:06:23.898+0000][884.924s][info ][safepoint     ] Leaving safepoint region
[2022-02-07T17:06:23.898+0000][884.924s][info ][safepoint     ] Total time for which application threads were stopped: 0.0004452 seconds, Stopping threads took: 0.0000690 seconds
[2022-02-07T17:06:24.898+0000][885.924s][debug][safepoint     ] Safepoint synchronization initiated. (301 threads)
[2022-02-07T17:06:24.898+0000][885.924s][info ][safepoint     ] Application time: 1.0001212 seconds
[2022-02-07T17:06:24.898+0000][885.924s][info ][safepoint     ] Entering safepoint region: Cleanup
[2022-02-07T17:06:24.898+0000][885.924s][info ][safepoint     ] Leaving safepoint region
[2022-02-07T17:06:24.898+0000][885.924s][info ][safepoint     ] Total time for which application threads were stopped: 0.0004276 seconds, Stopping threads took: 0.0000688 seconds
[2022-02-07T17:06:25.898+0000][886.924s][debug][safepoint     ] Safepoint synchronization initiated. (301 threads)
[2022-02-07T17:06:25.899+0000][886.924s][info ][safepoint     ] Application time: 1.0001160 seconds
[2022-02-07T17:06:25.899+0000][886.924s][info ][safepoint     ] Entering safepoint region: Cleanup
[2022-02-07T17:06:25.899+0000][886.925s][info ][safepoint     ] Leaving safepoint region
[2022-02-07T17:06:25.899+0000][886.925s][info ][safepoint     ] Total time for which application threads were stopped: 0.0004636 seconds, Stopping threads took: 0.0000731 seconds
[2022-02-07T17:06:26.899+0000][887.925s][debug][safepoint     ] Safepoint synchronization initiated. (301 threads)
[2022-02-07T17:06:26.899+0000][887.925s][info ][safepoint     ] Application time: 1.0001211 seconds
[2022-02-07T17:06:26.899+0000][887.925s][info ][safepoint     ] Entering safepoint region: Cleanup
[2022-02-07T17:06:26.900+0000][887.925s][info ][safepoint     ] Leaving safepoint region
[2022-02-07T17:06:26.900+0000][887.925s][info ][safepoint     ] Total time for which application threads were stopped: 0.0004623 seconds, Stopping threads took: 0.0000969 seconds
[2022-02-07T17:06:27.900+0000][888.926s][debug][safepoint     ] Safepoint synchronization initiated. (301 threads)
[2022-02-07T17:06:27.900+0000][888.926s][info ][safepoint     ] Application time: 1.0001258 seconds
[2022-02-07T17:06:27.900+0000][888.926s][info ][safepoint     ] Entering safepoint region: Cleanup
[2022-02-07T17:06:27.900+0000][888.926s][info ][safepoint     ] Leaving safepoint region
[2022-02-07T17:06:27.900+0000][888.926s][info ][safepoint     ] Total time for which application threads were stopped: 0.0003326 seconds, Stopping threads took: 0.0000700 seconds
[2022-02-07T17:06:28.900+0000][889.926s][debug][safepoint     ] Safepoint synchronization initiated. (301 threads)
[2022-02-07T17:06:28.900+0000][889.926s][info ][safepoint     ] Application time: 1.0001132 seconds
[2022-02-07T17:06:28.900+0000][889.926s][info ][safepoint     ] Entering safepoint region: Cleanup
[2022-02-07T17:06:28.901+0000][889.926s][info ][safepoint     ] Leaving safepoint region
[2022-02-07T17:06:28.901+0000][889.926s][info ][safepoint     ] Total time for which application threads were stopped: 0.0002934 seconds, Stopping threads took: 0.0000715 seconds
[2022-02-07T17:06:29.901+0000][890.926s][debug][safepoint     ] Safepoint synchronization initiated. (301 threads)
[2022-02-07T17:06:29.901+0000][890.926s][info ][safepoint     ] Application time: 1.0001118 seconds
[2022-02-07T17:06:29.901+0000][890.927s][info ][safepoint     ] Entering safepoint region: Cleanup
[2022-02-07T17:06:29.901+0000][890.927s][info ][safepoint     ] Leaving safepoint region
[2022-02-07T17:06:29.901+0000][890.927s][info ][safepoint     ] Total time for which application threads were stopped: 0.0003193 seconds, Stopping threads took: 0.0000679 seconds
[2022-02-07T17:06:30.901+0000][891.927s][debug][safepoint     ] Safepoint synchronization initiated. (301 threads)
[2022-02-07T17:06:30.901+0000][891.927s][info ][safepoint     ] Application time: 1.0001471 seconds
[2022-02-07T17:06:30.901+0000][891.927s][debug][safepoint     ] ... found polling page return exception at pc = 0x00007f11b447f51b, stub =0x00007f11ac8beb80
[2022-02-07T17:06:30.901+0000][891.927s][debug][safepoint     ] Waiting for 1 thread(s) to block
[2022-02-07T17:06:30.901+0000][891.927s][info ][safepoint     ] Entering safepoint region: Cleanup
[2022-02-07T17:06:30.901+0000][891.927s][info ][safepoint     ] Leaving safepoint region
[2022-02-07T17:06:30.901+0000][891.927s][info ][safepoint     ] Total time for which application threads were stopped: 0.0003549 seconds, Stopping threads took: 0.0001100 seconds
[2022-02-07T17:06:31.902+0000][892.927s][debug][safepoint     ] Safepoint synchronization initiated. (301 threads)
[2022-02-07T17:06:31.902+0000][892.927s][info ][safepoint     ] Application time: 1.0001146 seconds
[2022-02-07T17:06:31.902+0000][892.928s][info ][safepoint     ] Entering safepoint region: Cleanup
[2022-02-07T17:06:31.902+0000][892.928s][info ][safepoint     ] Leaving safepoint region
[2022-02-07T17:06:31.902+0000][892.928s][info ][safepoint     ] Total time for which application threads were stopped: 0.0002573 seconds, Stopping threads took: 0.0000618 seconds
[2022-02-07T17:06:32.902+0000][893.928s][debug][safepoint     ] Safepoint synchronization initiated. (301 threads)
[2022-02-07T17:06:32.902+0000][893.928s][info ][safepoint     ] Application time: 1.0001131 seconds
[2022-02-07T17:06:32.902+0000][893.928s][info ][safepoint     ] Entering safepoint region: Cleanup
[2022-02-07T17:06:32.902+0000][893.928s][info ][safepoint     ] Leaving safepoint region
[2022-02-07T17:06:32.902+0000][893.928s][info ][safepoint     ] Total time for which application threads were stopped: 0.0004169 seconds, Stopping threads took: 0.0000666 seconds
[2022-02-07T17:06:33.902+0000][894.928s][debug][safepoint     ] Safepoint synchronization initiated. (301 threads)
[2022-02-07T17:06:33.903+0000][894.928s][info ][safepoint     ] Application time: 1.0001183 seconds
[2022-02-07T17:06:33.903+0000][894.928s][info ][safepoint     ] Entering safepoint region: Cleanup
[2022-02-07T17:06:33.903+0000][894.929s][info ][safepoint     ] Leaving safepoint region
[2022-02-07T17:06:33.903+0000][894.929s][info ][safepoint     ] Total time for which application threads were stopped: 0.0003298 seconds, Stopping threads took: 0.0000691 seconds
[2022-02-07T17:06:34.903+0000][895.929s][debug][safepoint     ] Safepoint synchronization initiated. (301 threads)
[2022-02-07T17:06:34.903+0000][895.929s][info ][safepoint     ] Application time: 1.0001421 seconds
[2022-02-07T17:06:34.903+0000][895.929s][info ][safepoint     ] Entering safepoint region: Cleanup
[2022-02-07T17:06:34.903+0000][895.929s][info ][safepoint     ] Leaving safepoint region
[2022-02-07T17:06:34.903+0000][895.929s][debug][safepoint     ] ... found polling page return exception at pc = 0x00007f11b4fc1a06, stub =0x00007f11ac8beb80
[2022-02-07T17:06:34.903+0000][895.929s][info ][safepoint     ] Total time for which application threads were stopped: 0.0003126 seconds, Stopping threads took: 0.0000786 seconds
[2022-02-07T17:06:35.903+0000][896.929s][debug][safepoint     ] Safepoint synchronization initiated. (301 threads)
[2022-02-07T17:06:35.904+0000][896.929s][info ][safepoint     ] Application time: 1.0001090 seconds
[2022-02-07T17:06:35.904+0000][896.929s][info ][safepoint     ] Entering safepoint region: Cleanup
[2022-02-07T17:06:35.904+0000][896.930s][info ][safepoint     ] Leaving safepoint region
[2022-02-07T17:06:35.904+0000][896.930s][info ][safepoint     ] Total time for which application threads were stopped: 0.0002691 seconds, Stopping threads took: 0.0000640 seconds
[2022-02-07T17:06:36.904+0000][897.930s][debug][safepoint     ] Safepoint synchronization initiated. (301 threads)
[2022-02-07T17:06:36.904+0000][897.930s][info ][safepoint     ] Application time: 1.0001221 seconds
[2022-02-07T17:06:36.904+0000][897.930s][info ][safepoint     ] Entering safepoint region: Cleanup
[2022-02-07T17:06:36.904+0000][897.930s][info ][safepoint     ] Leaving safepoint region
[2022-02-07T17:06:36.904+0000][897.930s][info ][safepoint     ] Total time for which application threads were stopped: 0.0002482 seconds, Stopping threads took: 0.0000713 seconds
[2022-02-07T17:06:37.634+0000][898.660s][debug][safepoint     ] Safepoint synchronization initiated. (301 threads)
[2022-02-07T17:06:37.634+0000][898.660s][info ][safepoint     ] Application time: 0.7297448 seconds
[2022-02-07T17:06:37.634+0000][898.660s][info ][safepoint     ] Entering safepoint region: G1CollectForAllocation
[2022-02-07T17:06:37.634+0000][898.660s][info ][gc,start      ] GC(100) Pause Young (Normal) (G1 Evacuation Pause)
[2022-02-07T17:06:37.634+0000][898.660s][info ][gc,task       ] GC(100) Using 4 workers of 4 for evacuation
[2022-02-07T17:06:37.642+0000][898.668s][info ][gc,phases     ] GC(100)   Pre Evacuate Collection Set: 0.0ms
[2022-02-07T17:06:37.642+0000][898.668s][info ][gc,phases     ] GC(100)   Evacuate Collection Set: 3.4ms
[2022-02-07T17:06:37.642+0000][898.668s][info ][gc,phases     ] GC(100)   Post Evacuate Collection Set: 4.3ms
[2022-02-07T17:06:37.642+0000][898.668s][info ][gc,phases     ] GC(100)   Other: 0.3ms
[2022-02-07T17:06:37.642+0000][898.668s][info ][gc,heap       ] GC(100) Eden regions: 237->0(237)
[2022-02-07T17:06:37.642+0000][898.668s][info ][gc,heap       ] GC(100) Survivor regions: 1->1(30)
[2022-02-07T17:06:37.642+0000][898.668s][info ][gc,heap       ] GC(100) Old regions: 147->147
[2022-02-07T17:06:37.642+0000][898.668s][info ][gc,heap       ] GC(100) Humongous regions: 0->0
[2022-02-07T17:06:37.642+0000][898.668s][info ][gc,metaspace  ] GC(100) Metaspace: 162633K->162633K(1204224K)
[2022-02-07T17:06:37.642+0000][898.668s][info ][gc            ] GC(100) Pause Young (Normal) (G1 Evacuation Pause) 382M->145M(430M) 8.061ms
[2022-02-07T17:06:37.642+0000][898.668s][info ][gc,cpu        ] GC(100) User=0.02s Sys=0.00s Real=0.01s
[2022-02-07T17:06:37.642+0000][898.668s][info ][safepoint     ] Leaving safepoint region
[2022-02-07T17:06:37.642+0000][898.668s][info ][safepoint     ] Total time for which application threads were stopped: 0.0085028 seconds, Stopping threads took: 0.0000681 seconds
[2022-02-07T17:06:37.642+0000][898.668s][info ][gc,stringdedup] Concurrent String Deduplication (898.668s)
[2022-02-07T17:06:37.643+0000][898.668s][info ][gc,stringdedup] Concurrent String Deduplication 464.0B->0.0B(464.0B) avg 53.2% (898.668s, 898.668s) 0.024ms
[2022-02-07T17:06:38.643+0000][899.668s][debug][safepoint     ] Safepoint synchronization initiated. (301 threads)
[2022-02-07T17:06:38.643+0000][899.668s][info ][safepoint     ] Application time: 1.0001236 seconds
[2022-02-07T17:06:38.643+0000][899.669s][info ][safepoint     ] Entering safepoint region: Cleanup
[2022-02-07T17:06:38.643+0000][899.669s][info ][safepoint     ] Leaving safepoint region
[2022-02-07T17:06:38.643+0000][899.669s][info ][safepoint     ] Total time for which application threads were stopped: 0.0003021 seconds, Stopping threads took: 0.0000726 seconds
[2022-02-07T17:06:39.643+0000][900.669s][debug][safepoint     ] Safepoint synchronization initiated. (301 threads)
[2022-02-07T17:06:39.643+0000][900.669s][info ][safepoint     ] Application time: 1.0001113 seconds
[2022-02-07T17:06:39.643+0000][900.669s][info ][safepoint     ] Entering safepoint region: Cleanup
[2022-02-07T17:06:39.643+0000][900.669s][info ][safepoint     ] Leaving safepoint region
[2022-02-07T17:06:39.643+0000][900.669s][info ][safepoint     ] Total time for which application threads were stopped: 0.0003728 seconds, Stopping threads took: 0.0000724 seconds
[2022-02-07T17:06:40.643+0000][901.669s][debug][safepoint     ] Safepoint synchronization initiated. (301 threads)
[2022-02-07T17:06:40.644+0000][901.669s][info ][safepoint     ] Application time: 1.0001385 seconds
[2022-02-07T17:06:40.644+0000][901.669s][info ][safepoint     ] Entering safepoint region: Cleanup
[2022-02-07T17:06:40.644+0000][901.670s][info ][safepoint     ] Leaving safepoint region
[2022-02-07T17:06:40.644+0000][901.670s][info ][safepoint     ] Total time for which application threads were stopped: 0.0003418 seconds, Stopping threads took: 0.0000707 seconds
[2022-02-07T17:06:41.644+0000][902.670s][debug][safepoint     ] Safepoint synchronization initiated. (301 threads)
[2022-02-07T17:06:41.644+0000][902.670s][info ][safepoint     ] Application time: 1.0001357 seconds
[2022-02-07T17:06:41.644+0000][902.670s][info ][safepoint     ] Entering safepoint region: Cleanup
[2022-02-07T17:06:41.644+0000][902.670s][info ][safepoint     ] Leaving safepoint region
[2022-02-07T17:06:41.645+0000][902.670s][info ][safepoint     ] Total time for which application threads were stopped: 0.0004498 seconds, Stopping threads took: 0.0000687 seconds
[2022-02-07T17:06:42.645+0000][903.670s][debug][safepoint     ] Safepoint synchronization initiated. (301 threads)
[2022-02-07T17:06:42.645+0000][903.671s][info ][safepoint     ] Application time: 1.0001304 seconds
[2022-02-07T17:06:42.645+0000][903.671s][info ][safepoint     ] Entering safepoint region: Cleanup
[2022-02-07T17:06:42.645+0000][903.671s][info ][safepoint     ] Leaving safepoint region
[2022-02-07T17:06:42.645+0000][903.671s][info ][safepoint     ] Total time for which application threads were stopped: 0.0004551 seconds, Stopping threads took: 0.0000723 seconds
[2022-02-07T17:06:43.645+0000][904.671s][debug][safepoint     ] Safepoint synchronization initiated. (301 threads)
[2022-02-07T17:06:43.645+0000][904.671s][info ][safepoint     ] Application time: 1.0001173 seconds
[2022-02-07T17:06:43.645+0000][904.671s][info ][safepoint     ] Entering safepoint region: Cleanup
[2022-02-07T17:06:43.646+0000][904.672s][info ][safepoint     ] Leaving safepoint region
[2022-02-07T17:06:43.646+0000][904.672s][info ][safepoint     ] Total time for which application threads were stopped: 0.0004398 seconds, Stopping threads took: 0.0000702 seconds
[2022-02-07T17:06:44.646+0000][905.672s][debug][safepoint     ] Safepoint synchronization initiated. (301 threads)
[2022-02-07T17:06:44.646+0000][905.672s][info ][safepoint     ] Application time: 1.0001380 seconds
[2022-02-07T17:06:44.646+0000][905.672s][info ][safepoint     ] Entering safepoint region: Cleanup
[2022-02-07T17:06:44.646+0000][905.672s][info ][safepoint     ] Leaving safepoint region
[2022-02-07T17:06:44.646+0000][905.672s][info ][safepoint     ] Total time for which application threads were stopped: 0.0003233 seconds, Stopping threads took: 0.0000672 seconds
[2022-02-07T17:06:45.646+0000][906.672s][debug][safepoint     ] Safepoint synchronization initiated. (301 threads)
[2022-02-07T17:06:45.646+0000][906.672s][info ][safepoint     ] Application time: 1.0000822 seconds
[2022-02-07T17:06:45.646+0000][906.672s][info ][safepoint     ] Entering safepoint region: Cleanup
[2022-02-07T17:06:45.647+0000][906.673s][info ][safepoint     ] Leaving safepoint region
[2022-02-07T17:06:45.647+0000][906.673s][info ][safepoint     ] Total time for which application threads were stopped: 0.0005087 seconds, Stopping threads took: 0.0000893 seconds
[2022-02-07T17:06:46.647+0000][907.673s][debug][safepoint     ] Safepoint synchronization initiated. (301 threads)
[2022-02-07T17:06:46.647+0000][907.673s][info ][safepoint     ] Application time: 1.0001279 seconds
[2022-02-07T17:06:46.647+0000][907.673s][info ][safepoint     ] Entering safepoint region: Cleanup
[2022-02-07T17:06:46.647+0000][907.673s][info ][safepoint     ] Leaving safepoint region
[2022-02-07T17:06:46.647+0000][907.673s][info ][safepoint     ] Total time for which application threads were stopped: 0.0004842 seconds, Stopping threads took: 0.0000715 seconds
[2022-02-07T17:06:47.647+0000][908.673s][debug][safepoint     ] Safepoint synchronization initiated. (301 threads)
[2022-02-07T17:06:47.648+0000][908.673s][info ][safepoint     ] Application time: 1.0001144 seconds
[2022-02-07T17:06:47.648+0000][908.673s][info ][safepoint     ] Entering safepoint region: Cleanup
[2022-02-07T17:06:47.648+0000][908.674s][info ][safepoint     ] Leaving safepoint region
[2022-02-07T17:06:47.648+0000][908.674s][info ][safepoint     ] Total time for which application threads were stopped: 0.0003018 seconds, Stopping threads took: 0.0000681 seconds
[2022-02-07T17:06:48.648+0000][909.674s][debug][safepoint     ] Safepoint synchronization initiated. (301 threads)
[2022-02-07T17:06:48.648+0000][909.674s][info ][safepoint     ] Application time: 1.0001749 seconds
[2022-02-07T17:06:48.648+0000][909.674s][debug][safepoint     ] ... found polling page return exception at pc = 0x00007f11b462489f, stub =0x00007f11ac8beb80
[2022-02-07T17:06:48.648+0000][909.674s][debug][safepoint     ] Waiting for 1 thread(s) to block
[2022-02-07T17:06:48.648+0000][909.674s][info ][safepoint     ] Entering safepoint region: Cleanup
[2022-02-07T17:06:48.649+0000][909.674s][info ][safepoint     ] Leaving safepoint region
[2022-02-07T17:06:48.649+0000][909.674s][info ][safepoint     ] Total time for which application threads were stopped: 0.0004848 seconds, Stopping threads took: 0.0000977 seconds
[2022-02-07T17:06:49.649+0000][910.674s][debug][safepoint     ] Safepoint synchronization initiated. (301 threads)
[2022-02-07T17:06:49.649+0000][910.675s][info ][safepoint     ] Application time: 1.0001113 seconds
[2022-02-07T17:06:49.649+0000][910.675s][debug][safepoint     ] ... found polling page return exception at pc = 0x00007f11b505dc8c, stub =0x00007f11ac8beb80
[2022-02-07T17:06:49.649+0000][910.675s][debug][safepoint     ] Waiting for 1 thread(s) to block
[2022-02-07T17:06:49.649+0000][910.675s][info ][safepoint     ] Entering safepoint region: Cleanup
[2022-02-07T17:06:49.649+0000][910.675s][info ][safepoint     ] Leaving safepoint region
[2022-02-07T17:06:49.649+0000][910.675s][info ][safepoint     ] Total time for which application threads were stopped: 0.0002816 seconds, Stopping threads took: 0.0000954 seconds
[2022-02-07T17:06:50.649+0000][911.675s][debug][safepoint     ] Safepoint synchronization initiated. (301 threads)
[2022-02-07T17:06:50.649+0000][911.675s][info ][safepoint     ] Application time: 1.0001281 seconds
[2022-02-07T17:06:50.649+0000][911.675s][info ][safepoint     ] Entering safepoint region: Cleanup
[2022-02-07T17:06:50.649+0000][911.675s][info ][safepoint     ] Leaving safepoint region
[2022-02-07T17:06:50.649+0000][911.675s][info ][safepoint     ] Total time for which application threads were stopped: 0.0002566 seconds, Stopping threads took: 0.0000720 seconds
[2022-02-07T17:06:51.649+0000][912.675s][debug][safepoint     ] Safepoint synchronization initiated. (301 threads)
[2022-02-07T17:06:51.649+0000][912.675s][info ][safepoint     ] Application time: 1.0001179 seconds
[2022-02-07T17:06:51.650+0000][912.675s][info ][safepoint     ] Entering safepoint region: Cleanup
[2022-02-07T17:06:51.650+0000][912.676s][info ][safepoint     ] Leaving safepoint region
[2022-02-07T17:06:51.650+0000][912.676s][info ][safepoint     ] Total time for which application threads were stopped: 0.0003082 seconds, Stopping threads took: 0.0000701 seconds
[2022-02-07T17:06:52.650+0000][913.676s][debug][safepoint     ] Safepoint synchronization initiated. (301 threads)
[2022-02-07T17:06:52.650+0000][913.676s][info ][safepoint     ] Application time: 1.0001182 seconds
[2022-02-07T17:06:52.650+0000][913.676s][debug][safepoint     ] ... found polling page return exception at pc = 0x00007f11b4fe5b12, stub =0x00007f11ac8beb80
[2022-02-07T17:06:52.650+0000][913.676s][debug][safepoint     ] Waiting for 1 thread(s) to block
[2022-02-07T17:06:52.650+0000][913.676s][info ][safepoint     ] Entering safepoint region: Cleanup
[2022-02-07T17:06:52.650+0000][913.676s][info ][safepoint     ] Leaving safepoint region
[2022-02-07T17:06:52.650+0000][913.676s][info ][safepoint     ] Total time for which application threads were stopped: 0.0003643 seconds, Stopping threads took: 0.0001130 seconds
[2022-02-07T17:06:52.849+0000][913.875s][debug][safepoint     ] Safepoint synchronization initiated. (301 threads)
[2022-02-07T17:06:52.849+0000][913.875s][info ][safepoint     ] Application time: 0.1991550 seconds
[2022-02-07T17:06:52.850+0000][913.875s][info ][safepoint     ] Entering safepoint region: G1CollectForAllocation
[2022-02-07T17:06:52.850+0000][913.876s][info ][gc,start      ] GC(101) Pause Young (Normal) (G1 Evacuation Pause)
[2022-02-07T17:06:52.850+0000][913.876s][info ][gc,task       ] GC(101) Using 4 workers of 4 for evacuation
[2022-02-07T17:06:52.861+0000][913.887s][info ][gc,phases     ] GC(101)   Pre Evacuate Collection Set: 0.0ms
[2022-02-07T17:06:52.861+0000][913.887s][info ][gc,phases     ] GC(101)   Evacuate Collection Set: 5.0ms
[2022-02-07T17:06:52.861+0000][913.887s][info ][gc,phases     ] GC(101)   Post Evacuate Collection Set: 6.3ms
[2022-02-07T17:06:52.861+0000][913.887s][info ][gc,phases     ] GC(101)   Other: 0.2ms
[2022-02-07T17:06:52.861+0000][913.887s][info ][gc,heap       ] GC(101) Eden regions: 237->0(238)
[2022-02-07T17:06:52.861+0000][913.887s][info ][gc,heap       ] GC(101) Survivor regions: 1->1(30)
[2022-02-07T17:06:52.861+0000][913.887s][info ][gc,heap       ] GC(101) Old regions: 147->147
[2022-02-07T17:06:52.861+0000][913.887s][info ][gc,heap       ] GC(101) Humongous regions: 0->0
[2022-02-07T17:06:52.861+0000][913.887s][info ][gc,metaspace  ] GC(101) Metaspace: 162663K->162663K(1204224K)
[2022-02-07T17:06:52.861+0000][913.887s][info ][gc            ] GC(101) Pause Young (Normal) (G1 Evacuation Pause) 382M->145M(430M) 11.617ms
[2022-02-07T17:06:52.861+0000][913.887s][info ][gc,cpu        ] GC(101) User=0.02s Sys=0.00s Real=0.01s
[2022-02-07T17:06:52.861+0000][913.887s][info ][safepoint     ] Leaving safepoint region
[2022-02-07T17:06:52.862+0000][913.887s][info ][safepoint     ] Total time for which application threads were stopped: 0.0120453 seconds, Stopping threads took: 0.0000776 seconds
[2022-02-07T17:06:52.862+0000][913.888s][info ][gc,stringdedup] Concurrent String Deduplication (913.888s)
[2022-02-07T17:06:52.862+0000][913.888s][info ][gc,stringdedup] Concurrent String Deduplication 1592.0B->0.0B(1592.0B) avg 53.2% (913.888s, 913.888s) 0.054ms
[2022-02-07T17:06:53.862+0000][914.887s][debug][safepoint     ] Safepoint synchronization initiated. (301 threads)
[2022-02-07T17:06:53.862+0000][914.887s][info ][safepoint     ] Application time: 1.0001176 seconds
[2022-02-07T17:06:53.862+0000][914.888s][info ][safepoint     ] Entering safepoint region: Cleanup
[2022-02-07T17:06:53.862+0000][914.888s][info ][safepoint     ] Leaving safepoint region
[2022-02-07T17:06:53.862+0000][914.888s][info ][safepoint     ] Total time for which application threads were stopped: 0.0003088 seconds, Stopping threads took: 0.0000739 seconds
[2022-02-07T17:06:54.862+0000][915.888s][debug][safepoint     ] Safepoint synchronization initiated. (301 threads)
[2022-02-07T17:06:54.862+0000][915.888s][info ][safepoint     ] Application time: 1.0001343 seconds
[2022-02-07T17:06:54.862+0000][915.888s][info ][safepoint     ] Entering safepoint region: Cleanup
[2022-02-07T17:06:54.862+0000][915.888s][info ][safepoint     ] Leaving safepoint region
[2022-02-07T17:06:54.862+0000][915.888s][info ][safepoint     ] Total time for which application threads were stopped: 0.0003384 seconds, Stopping threads took: 0.0000764 seconds
[2022-02-07T17:06:55.863+0000][916.888s][debug][safepoint     ] Safepoint synchronization initiated. (301 threads)
[2022-02-07T17:06:55.863+0000][916.888s][info ][safepoint     ] Application time: 1.0001192 seconds
[2022-02-07T17:06:55.863+0000][916.889s][info ][safepoint     ] Entering safepoint region: Cleanup
[2022-02-07T17:06:55.863+0000][916.889s][info ][safepoint     ] Leaving safepoint region
[2022-02-07T17:06:55.863+0000][916.889s][info ][safepoint     ] Total time for which application threads were stopped: 0.0002995 seconds, Stopping threads took: 0.0000720 seconds
[2022-02-07T17:06:56.863+0000][917.889s][debug][safepoint     ] Safepoint synchronization initiated. (301 threads)
[2022-02-07T17:06:56.863+0000][917.889s][info ][safepoint     ] Application time: 1.0001149 seconds
[2022-02-07T17:06:56.863+0000][917.889s][info ][safepoint     ] Entering safepoint region: Cleanup
[2022-02-07T17:06:56.863+0000][917.889s][info ][safepoint     ] Leaving safepoint region
[2022-02-07T17:06:56.863+0000][917.889s][info ][safepoint     ] Total time for which application threads were stopped: 0.0003221 seconds, Stopping threads took: 0.0000741 seconds
[2022-02-07T17:06:57.863+0000][918.889s][debug][safepoint     ] Safepoint synchronization initiated. (301 threads)
[2022-02-07T17:06:57.863+0000][918.889s][info ][safepoint     ] Application time: 1.0001085 seconds
[2022-02-07T17:06:57.864+0000][918.889s][info ][safepoint     ] Entering safepoint region: Cleanup
[2022-02-07T17:06:57.864+0000][918.890s][info ][safepoint     ] Leaving safepoint region
[2022-02-07T17:06:57.864+0000][918.890s][info ][safepoint     ] Total time for which application threads were stopped: 0.0004456 seconds, Stopping threads took: 0.0000734 seconds
[2022-02-07T17:06:58.864+0000][919.890s][debug][safepoint     ] Safepoint synchronization initiated. (301 threads)
[2022-02-07T17:06:58.864+0000][919.890s][info ][safepoint     ] Application time: 1.0001229 seconds
[2022-02-07T17:06:58.864+0000][919.890s][info ][safepoint     ] Entering safepoint region: Cleanup
[2022-02-07T17:06:58.864+0000][919.890s][info ][safepoint     ] Leaving safepoint region
[2022-02-07T17:06:58.864+0000][919.890s][info ][safepoint     ] Total time for which application threads were stopped: 0.0003143 seconds, Stopping threads took: 0.0000701 seconds
[2022-02-07T17:06:58.864+0000][919.890s][debug][safepoint     ] ... found polling page return exception at pc = 0x00007f11b4fc1a06, stub =0x00007f11ac8beb80
[2022-02-07T17:06:58.864+0000][919.890s][debug][safepoint     ] ... found polling page return exception at pc = 0x00007f11b4fc1a06, stub =0x00007f11ac8beb80
[2022-02-07T17:06:59.864+0000][920.890s][debug][safepoint     ] Safepoint synchronization initiated. (301 threads)
[2022-02-07T17:06:59.864+0000][920.890s][info ][safepoint     ] Application time: 1.0001244 seconds
[2022-02-07T17:06:59.865+0000][920.890s][info ][safepoint     ] Entering safepoint region: Cleanup
[2022-02-07T17:06:59.865+0000][920.891s][info ][safepoint     ] Leaving safepoint region
[2022-02-07T17:06:59.865+0000][920.891s][info ][safepoint     ] Total time for which application threads were stopped: 0.0004650 seconds, Stopping threads took: 0.0000909 seconds
[2022-02-07T17:07:00.865+0000][921.891s][debug][safepoint     ] Safepoint synchronization initiated. (301 threads)
[2022-02-07T17:07:00.865+0000][921.891s][info ][safepoint     ] Application time: 1.0000867 seconds
[2022-02-07T17:07:00.865+0000][921.891s][info ][safepoint     ] Entering safepoint region: Cleanup
[2022-02-07T17:07:00.865+0000][921.891s][info ][safepoint     ] Leaving safepoint region
[2022-02-07T17:07:00.866+0000][921.891s][info ][safepoint     ] Total time for which application threads were stopped: 0.0004338 seconds, Stopping threads took: 0.0000700 seconds
[2022-02-07T17:07:01.866+0000][922.891s][debug][safepoint     ] Safepoint synchronization initiated. (301 threads)
[2022-02-07T17:07:01.866+0000][922.891s][info ][safepoint     ] Application time: 1.0001084 seconds
[2022-02-07T17:07:01.866+0000][922.892s][info ][safepoint     ] Entering safepoint region: Cleanup
[2022-02-07T17:07:01.866+0000][922.892s][info ][safepoint     ] Leaving safepoint region
[2022-02-07T17:07:01.866+0000][922.892s][info ][safepoint     ] Total time for which application threads were stopped: 0.0004442 seconds, Stopping threads took: 0.0000727 seconds
[2022-02-07T17:07:02.866+0000][923.892s][debug][safepoint     ] Safepoint synchronization initiated. (301 threads)
[2022-02-07T17:07:02.866+0000][923.892s][info ][safepoint     ] Application time: 1.0001231 seconds
[2022-02-07T17:07:02.866+0000][923.892s][info ][safepoint     ] Entering safepoint region: Cleanup
[2022-02-07T17:07:02.867+0000][923.893s][info ][safepoint     ] Leaving safepoint region
[2022-02-07T17:07:02.867+0000][923.893s][info ][safepoint     ] Total time for which application threads were stopped: 0.0004490 seconds, Stopping threads took: 0.0000726 seconds
[2022-02-07T17:07:03.867+0000][924.893s][debug][safepoint     ] Safepoint synchronization initiated. (301 threads)
[2022-02-07T17:07:03.867+0000][924.893s][info ][safepoint     ] Application time: 1.0001230 seconds
[2022-02-07T17:07:03.867+0000][924.893s][info ][safepoint     ] Entering safepoint region: Cleanup
[2022-02-07T17:07:03.867+0000][924.893s][info ][safepoint     ] Leaving safepoint region
[2022-02-07T17:07:03.867+0000][924.893s][info ][safepoint     ] Total time for which application threads were stopped: 0.0005663 seconds, Stopping threads took: 0.0000802 seconds
[2022-02-07T17:07:04.867+0000][925.893s][debug][safepoint     ] Safepoint synchronization initiated. (301 threads)
[2022-02-07T17:07:04.867+0000][925.893s][info ][safepoint     ] Application time: 1.0001191 seconds
[2022-02-07T17:07:04.868+0000][925.893s][info ][safepoint     ] Entering safepoint region: Cleanup
[2022-02-07T17:07:04.868+0000][925.894s][info ][safepoint     ] Leaving safepoint region
[2022-02-07T17:07:04.868+0000][925.894s][info ][safepoint     ] Total time for which application threads were stopped: 0.0004389 seconds, Stopping threads took: 0.0000712 seconds
[2022-02-07T17:07:05.868+0000][926.894s][debug][safepoint     ] Safepoint synchronization initiated. (301 threads)
[2022-02-07T17:07:05.868+0000][926.894s][info ][safepoint     ] Application time: 1.0001105 seconds
[2022-02-07T17:07:05.868+0000][926.894s][info ][safepoint     ] Entering safepoint region: Cleanup
[2022-02-07T17:07:05.868+0000][926.894s][info ][safepoint     ] Leaving safepoint region
[2022-02-07T17:07:05.869+0000][926.894s][info ][safepoint     ] Total time for which application threads were stopped: 0.0004361 seconds, Stopping threads took: 0.0000694 seconds
[2022-02-07T17:07:06.871+0000][927.897s][debug][safepoint     ] Safepoint synchronization initiated. (301 threads)
[2022-02-07T17:07:06.871+0000][927.897s][info ][safepoint     ] Application time: 1.0027385 seconds
[2022-02-07T17:07:06.871+0000][927.897s][info ][safepoint     ] Entering safepoint region: Cleanup
[2022-02-07T17:07:06.872+0000][927.898s][info ][safepoint     ] Leaving safepoint region
[2022-02-07T17:07:06.872+0000][927.898s][info ][safepoint     ] Total time for which application threads were stopped: 0.0004649 seconds, Stopping threads took: 0.0000854 seconds
[2022-02-07T17:07:07.670+0000][928.696s][debug][safepoint     ] Safepoint synchronization initiated. (301 threads)
[2022-02-07T17:07:07.670+0000][928.696s][info ][safepoint     ] Application time: 0.7981293 seconds
[2022-02-07T17:07:07.670+0000][928.696s][info ][safepoint     ] Entering safepoint region: G1CollectForAllocation
[2022-02-07T17:07:07.670+0000][928.696s][info ][gc,start      ] GC(102) Pause Young (Normal) (G1 Evacuation Pause)
[2022-02-07T17:07:07.670+0000][928.696s][info ][gc,task       ] GC(102) Using 4 workers of 4 for evacuation
[2022-02-07T17:07:07.693+0000][928.719s][info ][gc,phases     ] GC(102)   Pre Evacuate Collection Set: 0.0ms
[2022-02-07T17:07:07.693+0000][928.719s][info ][gc,phases     ] GC(102)   Evacuate Collection Set: 14.9ms
[2022-02-07T17:07:07.693+0000][928.719s][info ][gc,phases     ] GC(102)   Post Evacuate Collection Set: 7.7ms
[2022-02-07T17:07:07.693+0000][928.719s][info ][gc,phases     ] GC(102)   Other: 0.2ms
[2022-02-07T17:07:07.693+0000][928.719s][info ][gc,heap       ] GC(102) Eden regions: 238->0(237)
[2022-02-07T17:07:07.693+0000][928.719s][info ][gc,heap       ] GC(102) Survivor regions: 1->1(30)
[2022-02-07T17:07:07.693+0000][928.719s][info ][gc,heap       ] GC(102) Old regions: 147->147
[2022-02-07T17:07:07.693+0000][928.719s][info ][gc,heap       ] GC(102) Humongous regions: 0->0
[2022-02-07T17:07:07.693+0000][928.719s][info ][gc,metaspace  ] GC(102) Metaspace: 162671K->162671K(1204224K)
[2022-02-07T17:07:07.693+0000][928.719s][info ][gc            ] GC(102) Pause Young (Normal) (G1 Evacuation Pause) 383M->145M(430M) 22.955ms
[2022-02-07T17:07:07.693+0000][928.719s][info ][gc,cpu        ] GC(102) User=0.01s Sys=0.00s Real=0.02s
[2022-02-07T17:07:07.693+0000][928.719s][info ][safepoint     ] Leaving safepoint region
[2022-02-07T17:07:07.693+0000][928.719s][info ][safepoint     ] Total time for which application threads were stopped: 0.0235133 seconds, Stopping threads took: 0.0000685 seconds
[2022-02-07T17:07:07.694+0000][928.720s][info ][gc,stringdedup] Concurrent String Deduplication (928.720s)
[2022-02-07T17:07:07.694+0000][928.720s][info ][gc,stringdedup] Concurrent String Deduplication 1792.0B->72.0B(1720.0B) avg 53.2% (928.720s, 928.720s) 0.039ms
[2022-02-07T17:07:08.693+0000][929.719s][debug][safepoint     ] Safepoint synchronization initiated. (301 threads)
[2022-02-07T17:07:08.694+0000][929.719s][info ][safepoint     ] Application time: 1.0001354 seconds
[2022-02-07T17:07:08.694+0000][929.719s][info ][safepoint     ] Entering safepoint region: Cleanup
[2022-02-07T17:07:08.694+0000][929.720s][info ][safepoint     ] Leaving safepoint region
[2022-02-07T17:07:08.694+0000][929.720s][info ][safepoint     ] Total time for which application threads were stopped: 0.0002596 seconds, Stopping threads took: 0.0000730 seconds
[2022-02-07T17:07:09.694+0000][930.720s][debug][safepoint     ] Safepoint synchronization initiated. (301 threads)
[2022-02-07T17:07:09.694+0000][930.720s][info ][safepoint     ] Application time: 1.0001186 seconds
[2022-02-07T17:07:09.694+0000][930.720s][info ][safepoint     ] Entering safepoint region: Cleanup
[2022-02-07T17:07:09.694+0000][930.720s][info ][safepoint     ] Leaving safepoint region
[2022-02-07T17:07:09.694+0000][930.720s][info ][safepoint     ] Total time for which application threads were stopped: 0.0002561 seconds, Stopping threads took: 0.0000716 seconds
[2022-02-07T17:07:10.694+0000][931.720s][debug][safepoint     ] Safepoint synchronization initiated. (301 threads)
[2022-02-07T17:07:10.694+0000][931.720s][info ][safepoint     ] Application time: 1.0001146 seconds
[2022-02-07T17:07:10.694+0000][931.720s][info ][safepoint     ] Entering safepoint region: Cleanup
[2022-02-07T17:07:10.695+0000][931.720s][info ][safepoint     ] Leaving safepoint region
[2022-02-07T17:07:10.695+0000][931.720s][info ][safepoint     ] Total time for which application threads were stopped: 0.0002858 seconds, Stopping threads took: 0.0000704 seconds
[2022-02-07T17:07:11.695+0000][932.721s][debug][safepoint     ] Safepoint synchronization initiated. (301 threads)
[2022-02-07T17:07:11.695+0000][932.721s][info ][safepoint     ] Application time: 1.0001403 seconds
[2022-02-07T17:07:11.695+0000][932.721s][info ][safepoint     ] Entering safepoint region: Cleanup
[2022-02-07T17:07:11.695+0000][932.721s][info ][safepoint     ] Leaving safepoint region
[2022-02-07T17:07:11.695+0000][932.721s][info ][safepoint     ] Total time for which application threads were stopped: 0.0002973 seconds, Stopping threads took: 0.0000713 seconds
[2022-02-07T17:07:12.695+0000][933.721s][debug][safepoint     ] Safepoint synchronization initiated. (301 threads)
[2022-02-07T17:07:12.695+0000][933.721s][info ][safepoint     ] Application time: 1.0001435 seconds
[2022-02-07T17:07:12.695+0000][933.721s][info ][safepoint     ] Entering safepoint region: Cleanup
[2022-02-07T17:07:12.696+0000][933.721s][info ][safepoint     ] Leaving safepoint region
[2022-02-07T17:07:12.696+0000][933.721s][info ][safepoint     ] Total time for which application threads were stopped: 0.0003035 seconds, Stopping threads took: 0.0000679 seconds
[2022-02-07T17:07:13.696+0000][934.721s][debug][safepoint     ] Safepoint synchronization initiated. (301 threads)
[2022-02-07T17:07:13.696+0000][934.722s][info ][safepoint     ] Application time: 1.0001147 seconds
[2022-02-07T17:07:13.696+0000][934.722s][info ][safepoint     ] Entering safepoint region: Cleanup
[2022-02-07T17:07:13.696+0000][934.722s][info ][safepoint     ] Leaving safepoint region
[2022-02-07T17:07:13.696+0000][934.722s][info ][safepoint     ] Total time for which application threads were stopped: 0.0003026 seconds, Stopping threads took: 0.0000690 seconds
[2022-02-07T17:07:14.696+0000][935.722s][debug][safepoint     ] Safepoint synchronization initiated. (301 threads)
[2022-02-07T17:07:14.696+0000][935.722s][info ][safepoint     ] Application time: 1.0001204 seconds
[2022-02-07T17:07:14.696+0000][935.722s][info ][safepoint     ] Entering safepoint region: Cleanup
[2022-02-07T17:07:14.696+0000][935.722s][info ][safepoint     ] Leaving safepoint region
[2022-02-07T17:07:14.696+0000][935.722s][info ][safepoint     ] Total time for which application threads were stopped: 0.0002926 seconds, Stopping threads took: 0.0000690 seconds
[2022-02-07T17:07:15.697+0000][936.722s][debug][safepoint     ] Safepoint synchronization initiated. (301 threads)
[2022-02-07T17:07:15.697+0000][936.722s][info ][safepoint     ] Application time: 1.0001430 seconds
[2022-02-07T17:07:15.697+0000][936.722s][info ][safepoint     ] Entering safepoint region: Cleanup
[2022-02-07T17:07:15.697+0000][936.723s][info ][safepoint     ] Leaving safepoint region
[2022-02-07T17:07:15.697+0000][936.723s][info ][safepoint     ] Total time for which application threads were stopped: 0.0003233 seconds, Stopping threads took: 0.0000730 seconds
[2022-02-07T17:07:16.697+0000][937.723s][debug][safepoint     ] Safepoint synchronization initiated. (301 threads)
[2022-02-07T17:07:16.697+0000][937.723s][info ][safepoint     ] Application time: 1.0001178 seconds
[2022-02-07T17:07:16.697+0000][937.723s][info ][safepoint     ] Entering safepoint region: Cleanup
[2022-02-07T17:07:16.697+0000][937.723s][info ][safepoint     ] Leaving safepoint region
[2022-02-07T17:07:16.697+0000][937.723s][info ][safepoint     ] Total time for which application threads were stopped: 0.0002963 seconds, Stopping threads took: 0.0000703 seconds
[2022-02-07T17:07:17.697+0000][938.723s][debug][safepoint     ] Safepoint synchronization initiated. (301 threads)
[2022-02-07T17:07:17.697+0000][938.723s][info ][safepoint     ] Application time: 1.0001388 seconds
[2022-02-07T17:07:17.698+0000][938.723s][info ][safepoint     ] Entering safepoint region: Cleanup
[2022-02-07T17:07:17.698+0000][938.724s][info ][safepoint     ] Leaving safepoint region
[2022-02-07T17:07:17.698+0000][938.724s][info ][safepoint     ] Total time for which application threads were stopped: 0.0003100 seconds, Stopping threads took: 0.0000902 seconds
[2022-02-07T17:07:18.698+0000][939.724s][debug][safepoint     ] Safepoint synchronization initiated. (301 threads)
[2022-02-07T17:07:18.698+0000][939.724s][info ][safepoint     ] Application time: 1.0001183 seconds
[2022-02-07T17:07:18.698+0000][939.724s][info ][safepoint     ] Entering safepoint region: Cleanup
[2022-02-07T17:07:18.698+0000][939.724s][info ][safepoint     ] Leaving safepoint region
[2022-02-07T17:07:18.698+0000][939.724s][info ][safepoint     ] Total time for which application threads were stopped: 0.0002497 seconds, Stopping threads took: 0.0000686 seconds
[2022-02-07T17:07:18.698+0000][939.724s][debug][safepoint     ] ... found polling page loop exception at pc = 0x00007f11affed9e6, stub =0x00007f11ac8be900
[2022-02-07T17:07:19.698+0000][940.724s][debug][safepoint     ] Safepoint synchronization initiated. (301 threads)
[2022-02-07T17:07:19.698+0000][940.724s][info ][safepoint     ] Application time: 1.0001216 seconds
[2022-02-07T17:07:19.698+0000][940.724s][info ][safepoint     ] Entering safepoint region: Cleanup
[2022-02-07T17:07:19.699+0000][940.724s][info ][safepoint     ] Leaving safepoint region
[2022-02-07T17:07:19.699+0000][940.724s][info ][safepoint     ] Total time for which application threads were stopped: 0.0003228 seconds, Stopping threads took: 0.0000725 seconds
[2022-02-07T17:07:20.699+0000][941.725s][debug][safepoint     ] Safepoint synchronization initiated. (301 threads)
[2022-02-07T17:07:20.699+0000][941.725s][info ][safepoint     ] Application time: 1.0001180 seconds
[2022-02-07T17:07:20.699+0000][941.725s][info ][safepoint     ] Entering safepoint region: Cleanup
[2022-02-07T17:07:20.699+0000][941.725s][info ][safepoint     ] Leaving safepoint region
[2022-02-07T17:07:20.699+0000][941.725s][info ][safepoint     ] Total time for which application threads were stopped: 0.0003185 seconds, Stopping threads took: 0.0000722 seconds
[2022-02-07T17:07:21.699+0000][942.725s][debug][safepoint     ] Safepoint synchronization initiated. (301 threads)
[2022-02-07T17:07:21.699+0000][942.725s][info ][safepoint     ] Application time: 1.0001279 seconds
[2022-02-07T17:07:21.699+0000][942.725s][info ][safepoint     ] Entering safepoint region: Cleanup
[2022-02-07T17:07:21.699+0000][942.725s][info ][safepoint     ] Leaving safepoint region
[2022-02-07T17:07:21.699+0000][942.725s][info ][safepoint     ] Total time for which application threads were stopped: 0.0002458 seconds, Stopping threads took: 0.0000709 seconds
[2022-02-07T17:07:22.700+0000][943.725s][debug][safepoint     ] Safepoint synchronization initiated. (301 threads)
[2022-02-07T17:07:22.700+0000][943.725s][info ][safepoint     ] Application time: 1.0001442 seconds
[2022-02-07T17:07:22.700+0000][943.726s][info ][safepoint     ] Entering safepoint region: Cleanup
[2022-02-07T17:07:22.700+0000][943.726s][info ][safepoint     ] Leaving safepoint region
[2022-02-07T17:07:22.700+0000][943.726s][info ][safepoint     ] Total time for which application threads were stopped: 0.0003286 seconds, Stopping threads took: 0.0000692 seconds
[2022-02-07T17:07:23.700+0000][944.726s][debug][safepoint     ] Safepoint synchronization initiated. (301 threads)
[2022-02-07T17:07:23.700+0000][944.726s][info ][safepoint     ] Application time: 1.0001096 seconds
[2022-02-07T17:07:23.700+0000][944.726s][info ][safepoint     ] Entering safepoint region: Cleanup
[2022-02-07T17:07:23.700+0000][944.726s][info ][safepoint     ] Leaving safepoint region
[2022-02-07T17:07:23.700+0000][944.726s][info ][safepoint     ] Total time for which application threads were stopped: 0.0002960 seconds, Stopping threads took: 0.0000655 seconds
[2022-02-07T17:07:24.238+0000][945.264s][debug][safepoint     ] Safepoint synchronization initiated. (301 threads)
[2022-02-07T17:07:24.238+0000][945.264s][info ][safepoint     ] Application time: 0.5380465 seconds
[2022-02-07T17:07:24.239+0000][945.264s][info ][safepoint     ] Entering safepoint region: G1CollectForAllocation
[2022-02-07T17:07:24.239+0000][945.265s][info ][gc,start      ] GC(103) Pause Young (Normal) (G1 Evacuation Pause)
[2022-02-07T17:07:24.239+0000][945.265s][info ][gc,task       ] GC(103) Using 4 workers of 4 for evacuation
[2022-02-07T17:07:24.246+0000][945.272s][info ][gc,phases     ] GC(103)   Pre Evacuate Collection Set: 0.0ms
[2022-02-07T17:07:24.246+0000][945.272s][info ][gc,phases     ] GC(103)   Evacuate Collection Set: 3.6ms
[2022-02-07T17:07:24.246+0000][945.272s][info ][gc,phases     ] GC(103)   Post Evacuate Collection Set: 3.1ms
[2022-02-07T17:07:24.246+0000][945.272s][info ][gc,phases     ] GC(103)   Other: 0.3ms
[2022-02-07T17:07:24.246+0000][945.272s][info ][gc,heap       ] GC(103) Eden regions: 237->0(237)
[2022-02-07T17:07:24.246+0000][945.272s][info ][gc,heap       ] GC(103) Survivor regions: 1->1(30)
[2022-02-07T17:07:24.246+0000][945.272s][info ][gc,heap       ] GC(103) Old regions: 147->147
[2022-02-07T17:07:24.246+0000][945.272s][info ][gc,heap       ] GC(103) Humongous regions: 0->0
[2022-02-07T17:07:24.246+0000][945.272s][info ][gc,metaspace  ] GC(103) Metaspace: 162694K->162694K(1204224K)
[2022-02-07T17:07:24.246+0000][945.272s][info ][gc            ] GC(103) Pause Young (Normal) (G1 Evacuation Pause) 382M->145M(430M) 7.054ms
[2022-02-07T17:07:24.246+0000][945.272s][info ][gc,cpu        ] GC(103) User=0.01s Sys=0.00s Real=0.01s
[2022-02-07T17:07:24.246+0000][945.272s][info ][safepoint     ] Leaving safepoint region
[2022-02-07T17:07:24.246+0000][945.272s][info ][safepoint     ] Total time for which application threads were stopped: 0.0075127 seconds, Stopping threads took: 0.0000759 seconds
[2022-02-07T17:07:24.246+0000][945.272s][info ][gc,stringdedup] Concurrent String Deduplication (945.272s)
[2022-02-07T17:07:24.246+0000][945.272s][info ][gc,stringdedup] Concurrent String Deduplication 784.0B->0.0B(784.0B) avg 53.2% (945.272s, 945.272s) 0.020ms
[2022-02-07T17:07:25.246+0000][946.272s][debug][safepoint     ] Safepoint synchronization initiated. (301 threads)
[2022-02-07T17:07:25.246+0000][946.272s][info ][safepoint     ] Application time: 1.0001396 seconds
[2022-02-07T17:07:25.246+0000][946.272s][info ][safepoint     ] Entering safepoint region: Cleanup
[2022-02-07T17:07:25.246+0000][946.272s][info ][safepoint     ] Leaving safepoint region
[2022-02-07T17:07:25.246+0000][946.272s][info ][safepoint     ] Total time for which application threads were stopped: 0.0002640 seconds, Stopping threads took: 0.0000633 seconds
[2022-02-07T17:07:26.246+0000][947.272s][debug][safepoint     ] Safepoint synchronization initiated. (301 threads)
[2022-02-07T17:07:26.247+0000][947.272s][info ][safepoint     ] Application time: 1.0001090 seconds
[2022-02-07T17:07:26.247+0000][947.272s][info ][safepoint     ] Entering safepoint region: Cleanup
[2022-02-07T17:07:26.247+0000][947.273s][info ][safepoint     ] Leaving safepoint region
[2022-02-07T17:07:26.247+0000][947.273s][info ][safepoint     ] Total time for which application threads were stopped: 0.0003274 seconds, Stopping threads took: 0.0000683 seconds
[2022-02-07T17:07:27.247+0000][948.273s][debug][safepoint     ] Safepoint synchronization initiated. (301 threads)
[2022-02-07T17:07:27.247+0000][948.273s][info ][safepoint     ] Application time: 1.0001242 seconds
[2022-02-07T17:07:27.247+0000][948.273s][info ][safepoint     ] Entering safepoint region: Cleanup
[2022-02-07T17:07:27.247+0000][948.273s][info ][safepoint     ] Leaving safepoint region
[2022-02-07T17:07:27.247+0000][948.273s][info ][safepoint     ] Total time for which application threads were stopped: 0.0002806 seconds, Stopping threads took: 0.0000692 seconds
[2022-02-07T17:07:28.247+0000][949.273s][debug][safepoint     ] Safepoint synchronization initiated. (301 threads)
[2022-02-07T17:07:28.247+0000][949.273s][info ][safepoint     ] Application time: 1.0001024 seconds
[2022-02-07T17:07:28.247+0000][949.273s][info ][safepoint     ] Entering safepoint region: Cleanup
[2022-02-07T17:07:28.248+0000][949.273s][info ][safepoint     ] Leaving safepoint region
[2022-02-07T17:07:28.248+0000][949.274s][info ][safepoint     ] Total time for which application threads were stopped: 0.0002570 seconds, Stopping threads took: 0.0000630 seconds
[2022-02-07T17:07:29.248+0000][950.274s][debug][safepoint     ] Safepoint synchronization initiated. (301 threads)
[2022-02-07T17:07:29.248+0000][950.274s][info ][safepoint     ] Application time: 1.0001127 seconds
[2022-02-07T17:07:29.248+0000][950.274s][info ][safepoint     ] Entering safepoint region: Cleanup
[2022-02-07T17:07:29.248+0000][950.274s][info ][safepoint     ] Leaving safepoint region
[2022-02-07T17:07:29.248+0000][950.274s][info ][safepoint     ] Total time for which application threads were stopped: 0.0003062 seconds, Stopping threads took: 0.0000687 seconds
[2022-02-07T17:07:30.248+0000][951.274s][debug][safepoint     ] Safepoint synchronization initiated. (301 threads)
[2022-02-07T17:07:30.248+0000][951.274s][info ][safepoint     ] Application time: 1.0001096 seconds
[2022-02-07T17:07:30.248+0000][951.274s][info ][safepoint     ] Entering safepoint region: Cleanup
[2022-02-07T17:07:30.249+0000][951.274s][info ][safepoint     ] Leaving safepoint region
[2022-02-07T17:07:30.249+0000][951.274s][info ][safepoint     ] Total time for which application threads were stopped: 0.0003120 seconds, Stopping threads took: 0.0000669 seconds
[2022-02-07T17:07:31.249+0000][952.274s][debug][safepoint     ] Safepoint synchronization initiated. (301 threads)
[2022-02-07T17:07:31.249+0000][952.275s][info ][safepoint     ] Application time: 1.0001212 seconds
[2022-02-07T17:07:31.249+0000][952.275s][info ][safepoint     ] Entering safepoint region: Cleanup
[2022-02-07T17:07:31.249+0000][952.275s][info ][safepoint     ] Leaving safepoint region
[2022-02-07T17:07:31.249+0000][952.275s][info ][safepoint     ] Total time for which application threads were stopped: 0.0003097 seconds, Stopping threads took: 0.0000683 seconds
[2022-02-07T17:07:32.249+0000][953.275s][debug][safepoint     ] Safepoint synchronization initiated. (301 threads)
[2022-02-07T17:07:32.249+0000][953.275s][info ][safepoint     ] Application time: 1.0001144 seconds
[2022-02-07T17:07:32.249+0000][953.275s][info ][safepoint     ] Entering safepoint region: Cleanup
[2022-02-07T17:07:32.249+0000][953.275s][info ][safepoint     ] Leaving safepoint region
[2022-02-07T17:07:32.249+0000][953.275s][info ][safepoint     ] Total time for which application threads were stopped: 0.0003186 seconds, Stopping threads took: 0.0000691 seconds
[2022-02-07T17:07:33.250+0000][954.275s][debug][safepoint     ] Safepoint synchronization initiated. (301 threads)
[2022-02-07T17:07:33.250+0000][954.275s][info ][safepoint     ] Application time: 1.0001222 seconds
[2022-02-07T17:07:33.250+0000][954.275s][info ][safepoint     ] Entering safepoint region: Cleanup
[2022-02-07T17:07:33.250+0000][954.276s][info ][safepoint     ] Leaving safepoint region
[2022-02-07T17:07:33.250+0000][954.276s][info ][safepoint     ] Total time for which application threads were stopped: 0.0003258 seconds, Stopping threads took: 0.0000748 seconds
[2022-02-07T17:07:34.250+0000][955.276s][debug][safepoint     ] Safepoint synchronization initiated. (301 threads)
[2022-02-07T17:07:34.250+0000][955.276s][info ][safepoint     ] Application time: 1.0001165 seconds
[2022-02-07T17:07:34.250+0000][955.276s][info ][safepoint     ] Entering safepoint region: Cleanup
[2022-02-07T17:07:34.250+0000][955.276s][info ][safepoint     ] Leaving safepoint region
[2022-02-07T17:07:34.250+0000][955.276s][info ][safepoint     ] Total time for which application threads were stopped: 0.0002876 seconds, Stopping threads took: 0.0000708 seconds
[2022-02-07T17:07:35.250+0000][956.276s][debug][safepoint     ] Safepoint synchronization initiated. (301 threads)
[2022-02-07T17:07:35.250+0000][956.276s][info ][safepoint     ] Application time: 1.0001086 seconds
[2022-02-07T17:07:35.251+0000][956.276s][info ][safepoint     ] Entering safepoint region: Cleanup
[2022-02-07T17:07:35.251+0000][956.277s][info ][safepoint     ] Leaving safepoint region
[2022-02-07T17:07:35.251+0000][956.277s][info ][safepoint     ] Total time for which application threads were stopped: 0.0004603 seconds, Stopping threads took: 0.0000749 seconds
[2022-02-07T17:07:36.251+0000][957.277s][debug][safepoint     ] Safepoint synchronization initiated. (301 threads)
[2022-02-07T17:07:36.251+0000][957.277s][info ][safepoint     ] Application time: 1.0001405 seconds
[2022-02-07T17:07:36.251+0000][957.277s][info ][safepoint     ] Entering safepoint region: Cleanup
[2022-02-07T17:07:36.251+0000][957.277s][info ][safepoint     ] Leaving safepoint region
[2022-02-07T17:07:36.251+0000][957.277s][info ][safepoint     ] Total time for which application threads were stopped: 0.0003412 seconds, Stopping threads took: 0.0000683 seconds
[2022-02-07T17:07:37.252+0000][958.277s][debug][safepoint     ] Safepoint synchronization initiated. (301 threads)
[2022-02-07T17:07:37.252+0000][958.277s][info ][safepoint     ] Application time: 1.0001372 seconds
[2022-02-07T17:07:37.252+0000][958.277s][info ][safepoint     ] Entering safepoint region: Cleanup
[2022-02-07T17:07:37.252+0000][958.278s][info ][safepoint     ] Leaving safepoint region
[2022-02-07T17:07:37.252+0000][958.278s][info ][safepoint     ] Total time for which application threads were stopped: 0.0003069 seconds, Stopping threads took: 0.0000700 seconds
[2022-02-07T17:07:38.252+0000][959.278s][debug][safepoint     ] Safepoint synchronization initiated. (301 threads)
[2022-02-07T17:07:38.252+0000][959.278s][info ][safepoint     ] Application time: 1.0001314 seconds
[2022-02-07T17:07:38.252+0000][959.278s][info ][safepoint     ] Entering safepoint region: Cleanup
[2022-02-07T17:07:38.252+0000][959.278s][info ][safepoint     ] Leaving safepoint region
[2022-02-07T17:07:38.252+0000][959.278s][info ][safepoint     ] Total time for which application threads were stopped: 0.0003062 seconds, Stopping threads took: 0.0000702 seconds
[2022-02-07T17:07:39.252+0000][960.278s][debug][safepoint     ] Safepoint synchronization initiated. (301 threads)
[2022-02-07T17:07:39.252+0000][960.278s][info ][safepoint     ] Application time: 1.0001216 seconds
[2022-02-07T17:07:39.253+0000][960.278s][info ][safepoint     ] Entering safepoint region: Cleanup
[2022-02-07T17:07:39.253+0000][960.279s][info ][safepoint     ] Leaving safepoint region
[2022-02-07T17:07:39.253+0000][960.279s][info ][safepoint     ] Total time for which application threads were stopped: 0.0003286 seconds, Stopping threads took: 0.0000717 seconds
[2022-02-07T17:07:40.253+0000][961.279s][debug][safepoint     ] Safepoint synchronization initiated. (301 threads)
[2022-02-07T17:07:40.253+0000][961.279s][info ][safepoint     ] Application time: 1.0001338 seconds
[2022-02-07T17:07:40.253+0000][961.279s][info ][safepoint     ] Entering safepoint region: Cleanup
[2022-02-07T17:07:40.253+0000][961.279s][info ][safepoint     ] Leaving safepoint region
[2022-02-07T17:07:40.253+0000][961.279s][info ][safepoint     ] Total time for which application threads were stopped: 0.0003005 seconds, Stopping threads took: 0.0000701 seconds
[2022-02-07T17:07:41.253+0000][962.279s][debug][safepoint     ] Safepoint synchronization initiated. (301 threads)
[2022-02-07T17:07:41.253+0000][962.279s][info ][safepoint     ] Application time: 1.0000820 seconds
[2022-02-07T17:07:41.253+0000][962.279s][debug][safepoint     ] ... found polling page return exception at pc = 0x00007f11b48843f4, stub =0x00007f11ac8beb80
[2022-02-07T17:07:41.253+0000][962.279s][debug][safepoint     ] Waiting for 1 thread(s) to block
[2022-02-07T17:07:41.253+0000][962.279s][info ][safepoint     ] Entering safepoint region: Cleanup
[2022-02-07T17:07:41.254+0000][962.280s][info ][safepoint     ] Leaving safepoint region
[2022-02-07T17:07:41.254+0000][962.280s][info ][safepoint     ] Total time for which application threads were stopped: 0.0004955 seconds, Stopping threads took: 0.0001015 seconds
[2022-02-07T17:07:42.255+0000][963.281s][debug][safepoint     ] Safepoint synchronization initiated. (301 threads)
[2022-02-07T17:07:42.255+0000][963.281s][info ][safepoint     ] Application time: 1.0011980 seconds
[2022-02-07T17:07:42.255+0000][963.281s][info ][safepoint     ] Entering safepoint region: Cleanup
[2022-02-07T17:07:42.256+0000][963.281s][info ][safepoint     ] Leaving safepoint region
[2022-02-07T17:07:42.256+0000][963.281s][info ][safepoint     ] Total time for which application threads were stopped: 0.0004552 seconds, Stopping threads took: 0.0000717 seconds
[2022-02-07T17:07:43.256+0000][964.281s][debug][safepoint     ] Safepoint synchronization initiated. (301 threads)
[2022-02-07T17:07:43.256+0000][964.282s][info ][safepoint     ] Application time: 1.0001204 seconds
[2022-02-07T17:07:43.256+0000][964.282s][info ][safepoint     ] Entering safepoint region: Cleanup
[2022-02-07T17:07:43.256+0000][964.282s][info ][safepoint     ] Leaving safepoint region
[2022-02-07T17:07:43.256+0000][964.282s][info ][safepoint     ] Total time for which application threads were stopped: 0.0004554 seconds, Stopping threads took: 0.0000725 seconds
[2022-02-07T17:07:43.632+0000][964.657s][debug][safepoint     ] Safepoint synchronization initiated. (301 threads)
[2022-02-07T17:07:43.632+0000][964.657s][info ][safepoint     ] Application time: 0.3754795 seconds
[2022-02-07T17:07:43.632+0000][964.658s][info ][safepoint     ] Entering safepoint region: G1CollectForAllocation
[2022-02-07T17:07:43.632+0000][964.658s][info ][gc,start      ] GC(104) Pause Young (Normal) (G1 Evacuation Pause)
[2022-02-07T17:07:43.632+0000][964.658s][info ][gc,task       ] GC(104) Using 4 workers of 4 for evacuation
[2022-02-07T17:07:43.642+0000][964.667s][info ][gc,phases     ] GC(104)   Pre Evacuate Collection Set: 0.0ms
[2022-02-07T17:07:43.642+0000][964.668s][info ][gc,phases     ] GC(104)   Evacuate Collection Set: 5.2ms
[2022-02-07T17:07:43.642+0000][964.668s][info ][gc,phases     ] GC(104)   Post Evacuate Collection Set: 4.1ms
[2022-02-07T17:07:43.642+0000][964.668s][info ][gc,phases     ] GC(104)   Other: 0.2ms
[2022-02-07T17:07:43.642+0000][964.668s][info ][gc,heap       ] GC(104) Eden regions: 237->0(237)
[2022-02-07T17:07:43.642+0000][964.668s][info ][gc,heap       ] GC(104) Survivor regions: 1->1(30)
[2022-02-07T17:07:43.642+0000][964.668s][info ][gc,heap       ] GC(104) Old regions: 147->147
[2022-02-07T17:07:43.642+0000][964.668s][info ][gc,heap       ] GC(104) Humongous regions: 0->0
[2022-02-07T17:07:43.642+0000][964.668s][info ][gc,metaspace  ] GC(104) Metaspace: 162696K->162696K(1204224K)
[2022-02-07T17:07:43.642+0000][964.668s][info ][gc            ] GC(104) Pause Young (Normal) (G1 Evacuation Pause) 382M->145M(430M) 9.667ms
[2022-02-07T17:07:43.642+0000][964.668s][info ][gc,cpu        ] GC(104) User=0.02s Sys=0.00s Real=0.01s
[2022-02-07T17:07:43.642+0000][964.668s][info ][safepoint     ] Leaving safepoint region
[2022-02-07T17:07:43.642+0000][964.668s][info ][safepoint     ] Total time for which application threads were stopped: 0.0102279 seconds, Stopping threads took: 0.0000717 seconds
[2022-02-07T17:07:43.642+0000][964.668s][info ][gc,stringdedup] Concurrent String Deduplication (964.668s)
[2022-02-07T17:07:43.642+0000][964.668s][info ][gc,stringdedup] Concurrent String Deduplication 6672.0B->0.0B(6672.0B) avg 53.2% (964.668s, 964.668s) 0.051ms
[2022-02-07T17:07:44.642+0000][965.668s][debug][safepoint     ] Safepoint synchronization initiated. (301 threads)
[2022-02-07T17:07:44.642+0000][965.668s][info ][safepoint     ] Application time: 1.0001390 seconds
[2022-02-07T17:07:44.642+0000][965.668s][info ][safepoint     ] Entering safepoint region: Cleanup
[2022-02-07T17:07:44.642+0000][965.668s][info ][safepoint     ] Leaving safepoint region
[2022-02-07T17:07:44.642+0000][965.668s][info ][safepoint     ] Total time for which application threads were stopped: 0.0002682 seconds, Stopping threads took: 0.0000728 seconds
[2022-02-07T17:07:45.642+0000][966.668s][debug][safepoint     ] Safepoint synchronization initiated. (301 threads)
[2022-02-07T17:07:45.642+0000][966.668s][info ][safepoint     ] Application time: 1.0001428 seconds
[2022-02-07T17:07:45.642+0000][966.668s][info ][safepoint     ] Entering safepoint region: Cleanup
[2022-02-07T17:07:45.643+0000][966.669s][info ][safepoint     ] Leaving safepoint region
[2022-02-07T17:07:45.643+0000][966.669s][info ][safepoint     ] Total time for which application threads were stopped: 0.0003421 seconds, Stopping threads took: 0.0000851 seconds
[2022-02-07T17:07:46.643+0000][967.669s][debug][safepoint     ] Safepoint synchronization initiated. (301 threads)
[2022-02-07T17:07:46.643+0000][967.669s][info ][safepoint     ] Application time: 1.0001415 seconds
[2022-02-07T17:07:46.643+0000][967.669s][info ][safepoint     ] Entering safepoint region: Cleanup
[2022-02-07T17:07:46.643+0000][967.669s][info ][safepoint     ] Leaving safepoint region
[2022-02-07T17:07:46.643+0000][967.669s][info ][safepoint     ] Total time for which application threads were stopped: 0.0003697 seconds, Stopping threads took: 0.0000802 seconds
[2022-02-07T17:07:47.643+0000][968.669s][debug][safepoint     ] Safepoint synchronization initiated. (301 threads)
[2022-02-07T17:07:47.643+0000][968.669s][info ][safepoint     ] Application time: 1.0001347 seconds
[2022-02-07T17:07:47.644+0000][968.669s][info ][safepoint     ] Entering safepoint region: Cleanup
[2022-02-07T17:07:47.644+0000][968.670s][info ][safepoint     ] Leaving safepoint region
[2022-02-07T17:07:47.644+0000][968.670s][info ][safepoint     ] Total time for which application threads were stopped: 0.0003172 seconds, Stopping threads took: 0.0000836 seconds
[2022-02-07T17:07:48.644+0000][969.670s][debug][safepoint     ] Safepoint synchronization initiated. (301 threads)
[2022-02-07T17:07:48.644+0000][969.670s][info ][safepoint     ] Application time: 1.0001151 seconds
[2022-02-07T17:07:48.644+0000][969.670s][info ][safepoint     ] Entering safepoint region: Cleanup
[2022-02-07T17:07:48.644+0000][969.670s][info ][safepoint     ] Leaving safepoint region
[2022-02-07T17:07:48.644+0000][969.670s][info ][safepoint     ] Total time for which application threads were stopped: 0.0002977 seconds, Stopping threads took: 0.0000701 seconds
[2022-02-07T17:07:49.645+0000][970.671s][debug][safepoint     ] Safepoint synchronization initiated. (301 threads)
[2022-02-07T17:07:49.645+0000][970.671s][info ][safepoint     ] Application time: 1.0004738 seconds
[2022-02-07T17:07:49.645+0000][970.671s][info ][safepoint     ] Entering safepoint region: Cleanup
[2022-02-07T17:07:49.645+0000][970.671s][info ][safepoint     ] Leaving safepoint region
[2022-02-07T17:07:49.645+0000][970.671s][info ][safepoint     ] Total time for which application threads were stopped: 0.0002570 seconds, Stopping threads took: 0.0000703 seconds
[2022-02-07T17:07:50.645+0000][971.671s][debug][safepoint     ] Safepoint synchronization initiated. (301 threads)
[2022-02-07T17:07:50.645+0000][971.671s][info ][safepoint     ] Application time: 1.0001139 seconds
[2022-02-07T17:07:50.645+0000][971.671s][info ][safepoint     ] Entering safepoint region: Cleanup
[2022-02-07T17:07:50.646+0000][971.671s][info ][safepoint     ] Leaving safepoint region
[2022-02-07T17:07:50.646+0000][971.671s][info ][safepoint     ] Total time for which application threads were stopped: 0.0005260 seconds, Stopping threads took: 0.0000901 seconds
[2022-02-07T17:07:51.646+0000][972.672s][debug][safepoint     ] Safepoint synchronization initiated. (301 threads)
[2022-02-07T17:07:51.646+0000][972.672s][info ][safepoint     ] Application time: 1.0001310 seconds
[2022-02-07T17:07:51.646+0000][972.672s][info ][safepoint     ] Entering safepoint region: Cleanup
[2022-02-07T17:07:51.646+0000][972.672s][info ][safepoint     ] Leaving safepoint region
[2022-02-07T17:07:51.646+0000][972.672s][info ][safepoint     ] Total time for which application threads were stopped: 0.0004604 seconds, Stopping threads took: 0.0000738 seconds
[2022-02-07T17:07:52.647+0000][973.673s][debug][safepoint     ] Safepoint synchronization initiated. (301 threads)
[2022-02-07T17:07:52.647+0000][973.673s][info ][safepoint     ] Application time: 1.0010801 seconds
[2022-02-07T17:07:52.647+0000][973.673s][info ][safepoint     ] Entering safepoint region: Cleanup
[2022-02-07T17:07:52.648+0000][973.674s][info ][safepoint     ] Leaving safepoint region
[2022-02-07T17:07:52.648+0000][973.674s][info ][safepoint     ] Total time for which application threads were stopped: 0.0004622 seconds, Stopping threads took: 0.0000904 seconds
[2022-02-07T17:07:53.648+0000][974.674s][debug][safepoint     ] Safepoint synchronization initiated. (301 threads)
[2022-02-07T17:07:53.648+0000][974.674s][info ][safepoint     ] Application time: 1.0001202 seconds
[2022-02-07T17:07:53.648+0000][974.674s][debug][safepoint     ] Waiting for 1 thread(s) to block
[2022-02-07T17:07:53.648+0000][974.674s][info ][safepoint     ] Entering safepoint region: Cleanup
[2022-02-07T17:07:53.648+0000][974.674s][info ][safepoint     ] Leaving safepoint region
[2022-02-07T17:07:53.648+0000][974.674s][info ][safepoint     ] Total time for which application threads were stopped: 0.0004881 seconds, Stopping threads took: 0.0001106 seconds
[2022-02-07T17:07:54.648+0000][975.674s][debug][safepoint     ] Safepoint synchronization initiated. (301 threads)
[2022-02-07T17:07:54.649+0000][975.674s][info ][safepoint     ] Application time: 1.0001207 seconds
[2022-02-07T17:07:54.649+0000][975.674s][info ][safepoint     ] Entering safepoint region: Cleanup
[2022-02-07T17:07:54.649+0000][975.675s][info ][safepoint     ] Leaving safepoint region
[2022-02-07T17:07:54.649+0000][975.675s][info ][safepoint     ] Total time for which application threads were stopped: 0.0004361 seconds, Stopping threads took: 0.0000754 seconds
[2022-02-07T17:07:55.649+0000][976.675s][debug][safepoint     ] Safepoint synchronization initiated. (301 threads)
[2022-02-07T17:07:55.649+0000][976.675s][info ][safepoint     ] Application time: 1.0001144 seconds
[2022-02-07T17:07:55.649+0000][976.675s][debug][safepoint     ] ... found polling page return exception at pc = 0x00007f11b48843f4, stub =0x00007f11ac8beb80
[2022-02-07T17:07:55.649+0000][976.675s][debug][safepoint     ] Waiting for 1 thread(s) to block
[2022-02-07T17:07:55.649+0000][976.675s][info ][safepoint     ] Entering safepoint region: Cleanup
[2022-02-07T17:07:55.650+0000][976.675s][info ][safepoint     ] Leaving safepoint region
[2022-02-07T17:07:55.650+0000][976.675s][info ][safepoint     ] Total time for which application threads were stopped: 0.0005255 seconds, Stopping threads took: 0.0001454 seconds
[2022-02-07T17:07:56.650+0000][977.676s][debug][safepoint     ] Safepoint synchronization initiated. (301 threads)
[2022-02-07T17:07:56.650+0000][977.676s][info ][safepoint     ] Application time: 1.0001410 seconds
[2022-02-07T17:07:56.650+0000][977.676s][info ][safepoint     ] Entering safepoint region: Cleanup
[2022-02-07T17:07:56.650+0000][977.676s][info ][safepoint     ] Leaving safepoint region
[2022-02-07T17:07:56.650+0000][977.676s][info ][safepoint     ] Total time for which application threads were stopped: 0.0006024 seconds, Stopping threads took: 0.0000902 seconds
[2022-02-07T17:07:57.218+0000][978.244s][debug][safepoint     ] Safepoint synchronization initiated. (301 threads)
[2022-02-07T17:07:57.218+0000][978.244s][info ][safepoint     ] Application time: 0.5677437 seconds
[2022-02-07T17:07:57.218+0000][978.244s][info ][safepoint     ] Entering safepoint region: G1CollectForAllocation
[2022-02-07T17:07:57.219+0000][978.244s][info ][gc,start      ] GC(105) Pause Young (Normal) (G1 Evacuation Pause)
[2022-02-07T17:07:57.219+0000][978.244s][info ][gc,task       ] GC(105) Using 4 workers of 4 for evacuation
[2022-02-07T17:07:57.234+0000][978.260s][info ][gc,phases     ] GC(105)   Pre Evacuate Collection Set: 0.0ms
[2022-02-07T17:07:57.234+0000][978.260s][info ][gc,phases     ] GC(105)   Evacuate Collection Set: 11.3ms
[2022-02-07T17:07:57.234+0000][978.260s][info ][gc,phases     ] GC(105)   Post Evacuate Collection Set: 4.2ms
[2022-02-07T17:07:57.234+0000][978.260s][info ][gc,phases     ] GC(105)   Other: 0.2ms
[2022-02-07T17:07:57.234+0000][978.260s][info ][gc,heap       ] GC(105) Eden regions: 237->0(237)
[2022-02-07T17:07:57.234+0000][978.260s][info ][gc,heap       ] GC(105) Survivor regions: 1->1(30)
[2022-02-07T17:07:57.234+0000][978.260s][info ][gc,heap       ] GC(105) Old regions: 147->147
[2022-02-07T17:07:57.234+0000][978.260s][info ][gc,heap       ] GC(105) Humongous regions: 0->0
[2022-02-07T17:07:57.234+0000][978.260s][info ][gc,metaspace  ] GC(105) Metaspace: 162708K->162708K(1204224K)
[2022-02-07T17:07:57.234+0000][978.260s][info ][gc            ] GC(105) Pause Young (Normal) (G1 Evacuation Pause) 382M->145M(430M) 15.863ms
[2022-02-07T17:07:57.235+0000][978.260s][info ][gc,cpu        ] GC(105) User=0.02s Sys=0.00s Real=0.02s
[2022-02-07T17:07:57.235+0000][978.260s][info ][safepoint     ] Leaving safepoint region
[2022-02-07T17:07:57.235+0000][978.260s][info ][safepoint     ] Total time for which application threads were stopped: 0.0164250 seconds, Stopping threads took: 0.0000721 seconds
[2022-02-07T17:07:57.235+0000][978.260s][info ][gc,stringdedup] Concurrent String Deduplication (978.260s)
[2022-02-07T17:07:57.235+0000][978.261s][info ][gc,stringdedup] Concurrent String Deduplication 1840.0B->0.0B(1840.0B) avg 53.2% (978.260s, 978.260s) 0.042ms
[2022-02-07T17:07:58.235+0000][979.261s][debug][safepoint     ] Safepoint synchronization initiated. (301 threads)
[2022-02-07T17:07:58.235+0000][979.261s][info ][safepoint     ] Application time: 1.0001513 seconds
[2022-02-07T17:07:58.235+0000][979.261s][info ][safepoint     ] Entering safepoint region: Cleanup
[2022-02-07T17:07:58.235+0000][979.261s][info ][safepoint     ] Leaving safepoint region
[2022-02-07T17:07:58.235+0000][979.261s][info ][safepoint     ] Total time for which application threads were stopped: 0.0003131 seconds, Stopping threads took: 0.0000741 seconds
[2022-02-07T17:07:59.235+0000][980.261s][debug][safepoint     ] Safepoint synchronization initiated. (301 threads)
[2022-02-07T17:07:59.235+0000][980.261s][info ][safepoint     ] Application time: 1.0001131 seconds
[2022-02-07T17:07:59.235+0000][980.261s][info ][safepoint     ] Entering safepoint region: Cleanup
[2022-02-07T17:07:59.236+0000][980.261s][info ][safepoint     ] Leaving safepoint region
[2022-02-07T17:07:59.236+0000][980.262s][info ][safepoint     ] Total time for which application threads were stopped: 0.0004619 seconds, Stopping threads took: 0.0000808 seconds
[2022-02-07T17:08:00.236+0000][981.262s][debug][safepoint     ] Safepoint synchronization initiated. (301 threads)
[2022-02-07T17:08:00.236+0000][981.262s][info ][safepoint     ] Application time: 1.0001131 seconds
[2022-02-07T17:08:00.236+0000][981.262s][info ][safepoint     ] Entering safepoint region: Cleanup
[2022-02-07T17:08:00.236+0000][981.262s][info ][safepoint     ] Leaving safepoint region
[2022-02-07T17:08:00.236+0000][981.262s][info ][safepoint     ] Total time for which application threads were stopped: 0.0004439 seconds, Stopping threads took: 0.0000691 seconds
[2022-02-07T17:08:01.236+0000][982.262s][debug][safepoint     ] Safepoint synchronization initiated. (301 threads)
[2022-02-07T17:08:01.236+0000][982.262s][info ][safepoint     ] Application time: 1.0001319 seconds
[2022-02-07T17:08:01.236+0000][982.262s][info ][safepoint     ] Entering safepoint region: Cleanup
[2022-02-07T17:08:01.237+0000][982.262s][info ][safepoint     ] Leaving safepoint region
[2022-02-07T17:08:01.237+0000][982.263s][info ][safepoint     ] Total time for which application threads were stopped: 0.0002895 seconds, Stopping threads took: 0.0001040 seconds
[2022-02-07T17:08:02.237+0000][983.263s][debug][safepoint     ] Safepoint synchronization initiated. (301 threads)
[2022-02-07T17:08:02.237+0000][983.263s][info ][safepoint     ] Application time: 1.0001345 seconds
[2022-02-07T17:08:02.237+0000][983.263s][info ][safepoint     ] Entering safepoint region: Cleanup
[2022-02-07T17:08:02.237+0000][983.263s][info ][safepoint     ] Leaving safepoint region
[2022-02-07T17:08:02.237+0000][983.263s][info ][safepoint     ] Total time for which application threads were stopped: 0.0002496 seconds, Stopping threads took: 0.0000703 seconds
[2022-02-07T17:08:03.237+0000][984.263s][debug][safepoint     ] Safepoint synchronization initiated. (301 threads)
[2022-02-07T17:08:03.237+0000][984.263s][info ][safepoint     ] Application time: 1.0001298 seconds
[2022-02-07T17:08:03.237+0000][984.263s][info ][safepoint     ] Entering safepoint region: Cleanup
[2022-02-07T17:08:03.237+0000][984.263s][info ][safepoint     ] Leaving safepoint region
[2022-02-07T17:08:03.237+0000][984.263s][info ][safepoint     ] Total time for which application threads were stopped: 0.0002874 seconds, Stopping threads took: 0.0000669 seconds
[2022-02-07T17:08:04.238+0000][985.263s][debug][safepoint     ] Safepoint synchronization initiated. (301 threads)
[2022-02-07T17:08:04.238+0000][985.263s][info ][safepoint     ] Application time: 1.0001199 seconds
[2022-02-07T17:08:04.238+0000][985.264s][info ][safepoint     ] Entering safepoint region: Cleanup
[2022-02-07T17:08:04.238+0000][985.264s][info ][safepoint     ] Leaving safepoint region
[2022-02-07T17:08:04.238+0000][985.264s][info ][safepoint     ] Total time for which application threads were stopped: 0.0003115 seconds, Stopping threads took: 0.0000725 seconds
[2022-02-07T17:08:05.238+0000][986.264s][debug][safepoint     ] Safepoint synchronization initiated. (301 threads)
[2022-02-07T17:08:05.238+0000][986.264s][info ][safepoint     ] Application time: 1.0001278 seconds
[2022-02-07T17:08:05.238+0000][986.264s][info ][safepoint     ] Entering safepoint region: Cleanup
[2022-02-07T17:08:05.239+0000][986.264s][info ][safepoint     ] Leaving safepoint region
[2022-02-07T17:08:05.239+0000][986.264s][info ][safepoint     ] Total time for which application threads were stopped: 0.0004429 seconds, Stopping threads took: 0.0000709 seconds
[2022-02-07T17:08:06.239+0000][987.264s][debug][safepoint     ] Safepoint synchronization initiated. (301 threads)
[2022-02-07T17:08:06.239+0000][987.265s][info ][safepoint     ] Application time: 1.0001198 seconds
[2022-02-07T17:08:06.239+0000][987.265s][info ][safepoint     ] Entering safepoint region: Cleanup
[2022-02-07T17:08:06.239+0000][987.265s][info ][safepoint     ] Leaving safepoint region
[2022-02-07T17:08:06.239+0000][987.265s][info ][safepoint     ] Total time for which application threads were stopped: 0.0004685 seconds, Stopping threads took: 0.0000778 seconds
[2022-02-07T17:08:07.239+0000][988.265s][debug][safepoint     ] Safepoint synchronization initiated. (301 threads)
[2022-02-07T17:08:07.239+0000][988.265s][info ][safepoint     ] Application time: 1.0001116 seconds
[2022-02-07T17:08:07.239+0000][988.265s][info ][safepoint     ] Entering safepoint region: Cleanup
[2022-02-07T17:08:07.240+0000][988.266s][info ][safepoint     ] Leaving safepoint region
[2022-02-07T17:08:07.240+0000][988.266s][info ][safepoint     ] Total time for which application threads were stopped: 0.0004417 seconds, Stopping threads took: 0.0000713 seconds
[2022-02-07T17:08:08.240+0000][989.266s][debug][safepoint     ] Safepoint synchronization initiated. (301 threads)
[2022-02-07T17:08:08.240+0000][989.266s][info ][safepoint     ] Application time: 1.0001155 seconds
[2022-02-07T17:08:08.240+0000][989.266s][info ][safepoint     ] Entering safepoint region: Cleanup
[2022-02-07T17:08:08.240+0000][989.266s][info ][safepoint     ] Leaving safepoint region
[2022-02-07T17:08:08.240+0000][989.266s][info ][safepoint     ] Total time for which application threads were stopped: 0.0004612 seconds, Stopping threads took: 0.0000774 seconds
[2022-02-07T17:08:09.240+0000][990.266s][debug][safepoint     ] Safepoint synchronization initiated. (301 threads)
[2022-02-07T17:08:09.240+0000][990.266s][info ][safepoint     ] Application time: 1.0001199 seconds
[2022-02-07T17:08:09.240+0000][990.266s][info ][safepoint     ] Entering safepoint region: Cleanup
[2022-02-07T17:08:09.241+0000][990.267s][info ][safepoint     ] Leaving safepoint region
[2022-02-07T17:08:09.241+0000][990.267s][info ][safepoint     ] Total time for which application threads were stopped: 0.0004269 seconds, Stopping threads took: 0.0000683 seconds
[2022-02-07T17:08:10.241+0000][991.267s][debug][safepoint     ] Safepoint synchronization initiated. (301 threads)
[2022-02-07T17:08:10.241+0000][991.267s][info ][safepoint     ] Application time: 1.0001487 seconds
[2022-02-07T17:08:10.241+0000][991.267s][info ][safepoint     ] Entering safepoint region: Cleanup
[2022-02-07T17:08:10.241+0000][991.267s][info ][safepoint     ] Leaving safepoint region
[2022-02-07T17:08:10.241+0000][991.267s][info ][safepoint     ] Total time for which application threads were stopped: 0.0004675 seconds, Stopping threads took: 0.0000722 seconds
[2022-02-07T17:08:11.242+0000][992.267s][debug][safepoint     ] Safepoint synchronization initiated. (301 threads)
[2022-02-07T17:08:11.242+0000][992.267s][info ][safepoint     ] Application time: 1.0001284 seconds
[2022-02-07T17:08:11.242+0000][992.268s][info ][safepoint     ] Entering safepoint region: Cleanup
[2022-02-07T17:08:11.242+0000][992.268s][info ][safepoint     ] Leaving safepoint region
[2022-02-07T17:08:11.242+0000][992.268s][info ][safepoint     ] Total time for which application threads were stopped: 0.0004519 seconds, Stopping threads took: 0.0000719 seconds
[2022-02-07T17:08:12.242+0000][993.268s][debug][safepoint     ] Safepoint synchronization initiated. (301 threads)
[2022-02-07T17:08:12.242+0000][993.268s][info ][safepoint     ] Application time: 1.0001187 seconds
[2022-02-07T17:08:12.242+0000][993.268s][info ][safepoint     ] Entering safepoint region: Cleanup
[2022-02-07T17:08:12.243+0000][993.269s][info ][safepoint     ] Leaving safepoint region
[2022-02-07T17:08:12.243+0000][993.269s][info ][safepoint     ] Total time for which application threads were stopped: 0.0004351 seconds, Stopping threads took: 0.0000694 seconds
[2022-02-07T17:08:13.243+0000][994.269s][debug][safepoint     ] Safepoint synchronization initiated. (301 threads)
[2022-02-07T17:08:13.243+0000][994.269s][info ][safepoint     ] Application time: 1.0001186 seconds
[2022-02-07T17:08:13.243+0000][994.269s][info ][safepoint     ] Entering safepoint region: Cleanup
[2022-02-07T17:08:13.243+0000][994.269s][info ][safepoint     ] Leaving safepoint region
[2022-02-07T17:08:13.243+0000][994.269s][info ][safepoint     ] Total time for which application threads were stopped: 0.0004481 seconds, Stopping threads took: 0.0000688 seconds
[2022-02-07T17:08:13.318+0000][994.344s][debug][safepoint     ] Safepoint synchronization initiated. (301 threads)
[2022-02-07T17:08:13.318+0000][994.344s][info ][safepoint     ] Application time: 0.0744620 seconds
[2022-02-07T17:08:13.318+0000][994.344s][debug][safepoint     ] Waiting for 1 thread(s) to block
[2022-02-07T17:08:13.318+0000][994.344s][info ][safepoint     ] Entering safepoint region: G1CollectForAllocation
[2022-02-07T17:08:13.318+0000][994.344s][info ][gc,start      ] GC(106) Pause Young (Normal) (G1 Evacuation Pause)
[2022-02-07T17:08:13.318+0000][994.344s][info ][gc,task       ] GC(106) Using 4 workers of 4 for evacuation
[2022-02-07T17:08:13.337+0000][994.363s][info ][gc,phases     ] GC(106)   Pre Evacuate Collection Set: 0.0ms
[2022-02-07T17:08:13.337+0000][994.363s][info ][gc,phases     ] GC(106)   Evacuate Collection Set: 12.5ms
[2022-02-07T17:08:13.337+0000][994.363s][info ][gc,phases     ] GC(106)   Post Evacuate Collection Set: 6.1ms
[2022-02-07T17:08:13.337+0000][994.363s][info ][gc,phases     ] GC(106)   Other: 0.2ms
[2022-02-07T17:08:13.337+0000][994.363s][info ][gc,heap       ] GC(106) Eden regions: 237->0(237)
[2022-02-07T17:08:13.337+0000][994.363s][info ][gc,heap       ] GC(106) Survivor regions: 1->1(30)
[2022-02-07T17:08:13.337+0000][994.363s][info ][gc,heap       ] GC(106) Old regions: 147->147
[2022-02-07T17:08:13.337+0000][994.363s][info ][gc,heap       ] GC(106) Humongous regions: 0->0
[2022-02-07T17:08:13.337+0000][994.363s][info ][gc,metaspace  ] GC(106) Metaspace: 162709K->162709K(1204224K)
[2022-02-07T17:08:13.337+0000][994.363s][info ][gc            ] GC(106) Pause Young (Normal) (G1 Evacuation Pause) 382M->145M(430M) 18.957ms
[2022-02-07T17:08:13.337+0000][994.363s][info ][gc,cpu        ] GC(106) User=0.02s Sys=0.00s Real=0.02s
[2022-02-07T17:08:13.337+0000][994.363s][info ][safepoint     ] Leaving safepoint region
[2022-02-07T17:08:13.337+0000][994.363s][info ][safepoint     ] Total time for which application threads were stopped: 0.0195621 seconds, Stopping threads took: 0.0001095 seconds
[2022-02-07T17:08:13.337+0000][994.363s][info ][gc,stringdedup] Concurrent String Deduplication (994.363s)
[2022-02-07T17:08:13.337+0000][994.363s][info ][gc,stringdedup] Concurrent String Deduplication 784.0B->0.0B(784.0B) avg 53.2% (994.363s, 994.363s) 0.021ms
[2022-02-07T17:08:14.337+0000][995.363s][debug][safepoint     ] Safepoint synchronization initiated. (301 threads)
[2022-02-07T17:08:14.338+0000][995.363s][info ][safepoint     ] Application time: 1.0002127 seconds
[2022-02-07T17:08:14.338+0000][995.363s][info ][safepoint     ] Entering safepoint region: Cleanup
[2022-02-07T17:08:14.338+0000][995.364s][info ][safepoint     ] Leaving safepoint region
[2022-02-07T17:08:14.338+0000][995.364s][info ][safepoint     ] Total time for which application threads were stopped: 0.0003103 seconds, Stopping threads took: 0.0000740 seconds
[2022-02-07T17:08:15.338+0000][996.364s][debug][safepoint     ] Safepoint synchronization initiated. (301 threads)
[2022-02-07T17:08:15.338+0000][996.364s][info ][safepoint     ] Application time: 1.0001165 seconds
[2022-02-07T17:08:15.338+0000][996.364s][info ][safepoint     ] Entering safepoint region: Cleanup
[2022-02-07T17:08:15.338+0000][996.364s][info ][safepoint     ] Leaving safepoint region
[2022-02-07T17:08:15.338+0000][996.364s][info ][safepoint     ] Total time for which application threads were stopped: 0.0003118 seconds, Stopping threads took: 0.0000706 seconds
[2022-02-07T17:08:16.338+0000][997.364s][debug][safepoint     ] Safepoint synchronization initiated. (301 threads)
[2022-02-07T17:08:16.338+0000][997.364s][info ][safepoint     ] Application time: 1.0001184 seconds
[2022-02-07T17:08:16.338+0000][997.364s][info ][safepoint     ] Entering safepoint region: Cleanup
[2022-02-07T17:08:16.339+0000][997.365s][info ][safepoint     ] Leaving safepoint region
[2022-02-07T17:08:16.339+0000][997.365s][info ][safepoint     ] Total time for which application threads were stopped: 0.0003009 seconds, Stopping threads took: 0.0000721 seconds
[2022-02-07T17:08:17.339+0000][998.365s][debug][safepoint     ] Safepoint synchronization initiated. (301 threads)
[2022-02-07T17:08:17.339+0000][998.365s][info ][safepoint     ] Application time: 1.0001147 seconds
[2022-02-07T17:08:17.339+0000][998.365s][info ][safepoint     ] Entering safepoint region: Cleanup
[2022-02-07T17:08:17.339+0000][998.365s][info ][safepoint     ] Leaving safepoint region
[2022-02-07T17:08:17.339+0000][998.365s][info ][safepoint     ] Total time for which application threads were stopped: 0.0002871 seconds, Stopping threads took: 0.0000660 seconds
[2022-02-07T17:08:18.339+0000][999.365s][debug][safepoint     ] Safepoint synchronization initiated. (301 threads)
[2022-02-07T17:08:18.339+0000][999.365s][info ][safepoint     ] Application time: 1.0001304 seconds
[2022-02-07T17:08:18.339+0000][999.365s][info ][safepoint     ] Entering safepoint region: Cleanup
[2022-02-07T17:08:18.340+0000][999.365s][info ][safepoint     ] Leaving safepoint region
[2022-02-07T17:08:18.340+0000][999.365s][info ][safepoint     ] Total time for which application threads were stopped: 0.0003163 seconds, Stopping threads took: 0.0000692 seconds
[2022-02-07T17:08:19.340+0000][1000.366s][debug][safepoint     ] Safepoint synchronization initiated. (301 threads)
[2022-02-07T17:08:19.340+0000][1000.366s][info ][safepoint     ] Application time: 1.0001291 seconds
[2022-02-07T17:08:19.340+0000][1000.366s][info ][safepoint     ] Entering safepoint region: Cleanup
[2022-02-07T17:08:19.340+0000][1000.366s][info ][safepoint     ] Leaving safepoint region
[2022-02-07T17:08:19.340+0000][1000.366s][info ][safepoint     ] Total time for which application threads were stopped: 0.0002591 seconds, Stopping threads took: 0.0000654 seconds
[2022-02-07T17:08:20.340+0000][1001.366s][debug][safepoint     ] Safepoint synchronization initiated. (301 threads)
[2022-02-07T17:08:20.340+0000][1001.366s][info ][safepoint     ] Application time: 1.0001054 seconds
[2022-02-07T17:08:20.340+0000][1001.366s][info ][safepoint     ] Entering safepoint region: Cleanup
[2022-02-07T17:08:20.340+0000][1001.366s][info ][safepoint     ] Leaving safepoint region
[2022-02-07T17:08:20.340+0000][1001.366s][info ][safepoint     ] Total time for which application threads were stopped: 0.0002737 seconds, Stopping threads took: 0.0000629 seconds
[2022-02-07T17:08:21.340+0000][1002.366s][debug][safepoint     ] Safepoint synchronization initiated. (301 threads)
[2022-02-07T17:08:21.341+0000][1002.366s][info ][safepoint     ] Application time: 1.0001046 seconds
[2022-02-07T17:08:21.341+0000][1002.366s][info ][safepoint     ] Entering safepoint region: Cleanup
[2022-02-07T17:08:21.341+0000][1002.367s][info ][safepoint     ] Leaving safepoint region
[2022-02-07T17:08:21.341+0000][1002.367s][info ][safepoint     ] Total time for which application threads were stopped: 0.0002453 seconds, Stopping threads took: 0.0000625 seconds
[2022-02-07T17:08:22.341+0000][1003.367s][debug][safepoint     ] Safepoint synchronization initiated. (301 threads)
[2022-02-07T17:08:22.341+0000][1003.367s][info ][safepoint     ] Application time: 1.0001132 seconds
[2022-02-07T17:08:22.341+0000][1003.367s][info ][safepoint     ] Entering safepoint region: Cleanup
[2022-02-07T17:08:22.341+0000][1003.367s][info ][safepoint     ] Leaving safepoint region
[2022-02-07T17:08:22.341+0000][1003.367s][info ][safepoint     ] Total time for which application threads were stopped: 0.0002589 seconds, Stopping threads took: 0.0000745 seconds
[2022-02-07T17:08:23.341+0000][1004.367s][debug][safepoint     ] Safepoint synchronization initiated. (301 threads)
[2022-02-07T17:08:23.341+0000][1004.367s][info ][safepoint     ] Application time: 1.0001342 seconds
[2022-02-07T17:08:23.341+0000][1004.367s][info ][safepoint     ] Entering safepoint region: Cleanup
[2022-02-07T17:08:23.342+0000][1004.367s][info ][safepoint     ] Leaving safepoint region
[2022-02-07T17:08:23.342+0000][1004.368s][info ][safepoint     ] Total time for which application threads were stopped: 0.0003092 seconds, Stopping threads took: 0.0000667 seconds
[2022-02-07T17:08:24.342+0000][1005.368s][debug][safepoint     ] Safepoint synchronization initiated. (301 threads)
[2022-02-07T17:08:24.342+0000][1005.368s][info ][safepoint     ] Application time: 1.0001301 seconds
[2022-02-07T17:08:24.342+0000][1005.368s][debug][safepoint     ] ... found polling page loop exception at pc = 0x00007f11b5309114, stub =0x00007f11ac8be900
[2022-02-07T17:08:24.342+0000][1005.368s][debug][safepoint     ] Waiting for 1 thread(s) to block
[2022-02-07T17:08:24.342+0000][1005.368s][info ][safepoint     ] Entering safepoint region: Cleanup
[2022-02-07T17:08:24.342+0000][1005.368s][info ][safepoint     ] Leaving safepoint region
[2022-02-07T17:08:24.342+0000][1005.368s][info ][safepoint     ] Total time for which application threads were stopped: 0.0003482 seconds, Stopping threads took: 0.0001308 seconds
[2022-02-07T17:08:25.342+0000][1006.368s][debug][safepoint     ] Safepoint synchronization initiated. (301 threads)
[2022-02-07T17:08:25.342+0000][1006.368s][info ][safepoint     ] Application time: 1.0001061 seconds
[2022-02-07T17:08:25.342+0000][1006.368s][info ][safepoint     ] Entering safepoint region: Cleanup
[2022-02-07T17:08:25.343+0000][1006.368s][info ][safepoint     ] Leaving safepoint region
[2022-02-07T17:08:25.343+0000][1006.368s][info ][safepoint     ] Total time for which application threads were stopped: 0.0002957 seconds, Stopping threads took: 0.0000698 seconds
[2022-02-07T17:08:26.343+0000][1007.369s][debug][safepoint     ] Safepoint synchronization initiated. (301 threads)
[2022-02-07T17:08:26.343+0000][1007.369s][info ][safepoint     ] Application time: 1.0001159 seconds
[2022-02-07T17:08:26.343+0000][1007.369s][debug][safepoint     ] ... found polling page return exception at pc = 0x00007f11b48a7419, stub =0x00007f11ac8beb80
[2022-02-07T17:08:26.343+0000][1007.369s][debug][safepoint     ] Waiting for 1 thread(s) to block
[2022-02-07T17:08:26.343+0000][1007.369s][info ][safepoint     ] Entering safepoint region: Cleanup
[2022-02-07T17:08:26.343+0000][1007.369s][info ][safepoint     ] Leaving safepoint region
[2022-02-07T17:08:26.343+0000][1007.369s][info ][safepoint     ] Total time for which application threads were stopped: 0.0003766 seconds, Stopping threads took: 0.0001274 seconds
[2022-02-07T17:08:27.343+0000][1008.369s][debug][safepoint     ] Safepoint synchronization initiated. (301 threads)
[2022-02-07T17:08:27.343+0000][1008.369s][info ][safepoint     ] Application time: 1.0001194 seconds
[2022-02-07T17:08:27.343+0000][1008.369s][info ][safepoint     ] Entering safepoint region: Cleanup
[2022-02-07T17:08:27.344+0000][1008.370s][info ][safepoint     ] Leaving safepoint region
[2022-02-07T17:08:27.344+0000][1008.370s][info ][safepoint     ] Total time for which application threads were stopped: 0.0004490 seconds, Stopping threads took: 0.0000725 seconds
[2022-02-07T17:08:28.344+0000][1009.370s][debug][safepoint     ] Safepoint synchronization initiated. (301 threads)
[2022-02-07T17:08:28.344+0000][1009.370s][info ][safepoint     ] Application time: 1.0001402 seconds
[2022-02-07T17:08:28.344+0000][1009.370s][info ][safepoint     ] Entering safepoint region: Cleanup
[2022-02-07T17:08:28.344+0000][1009.370s][info ][safepoint     ] Leaving safepoint region
[2022-02-07T17:08:28.344+0000][1009.370s][info ][safepoint     ] Total time for which application threads were stopped: 0.0003162 seconds, Stopping threads took: 0.0000680 seconds
[2022-02-07T17:08:29.344+0000][1010.370s][debug][safepoint     ] Safepoint synchronization initiated. (301 threads)
[2022-02-07T17:08:29.344+0000][1010.370s][info ][safepoint     ] Application time: 1.0001186 seconds
[2022-02-07T17:08:29.344+0000][1010.370s][info ][safepoint     ] Entering safepoint region: Cleanup
[2022-02-07T17:08:29.345+0000][1010.370s][info ][safepoint     ] Leaving safepoint region
[2022-02-07T17:08:29.345+0000][1010.370s][info ][safepoint     ] Total time for which application threads were stopped: 0.0003017 seconds, Stopping threads took: 0.0000718 seconds
[2022-02-07T17:08:29.811+0000][1010.837s][debug][safepoint     ] Safepoint synchronization initiated. (301 threads)
[2022-02-07T17:08:29.811+0000][1010.837s][info ][safepoint     ] Application time: 0.4665451 seconds
[2022-02-07T17:08:29.811+0000][1010.837s][debug][safepoint     ] ... found polling page return exception at pc = 0x00007f11b462489f, stub =0x00007f11ac8beb80
[2022-02-07T17:08:29.811+0000][1010.837s][debug][safepoint     ] Waiting for 2 thread(s) to block
[2022-02-07T17:08:29.811+0000][1010.837s][info ][safepoint     ] Entering safepoint region: G1CollectForAllocation
[2022-02-07T17:08:29.812+0000][1010.838s][info ][gc,start      ] GC(107) Pause Young (Normal) (G1 Evacuation Pause)
[2022-02-07T17:08:29.812+0000][1010.838s][info ][gc,task       ] GC(107) Using 4 workers of 4 for evacuation
[2022-02-07T17:08:29.835+0000][1010.861s][info ][gc,phases     ] GC(107)   Pre Evacuate Collection Set: 0.0ms
[2022-02-07T17:08:29.835+0000][1010.861s][info ][gc,phases     ] GC(107)   Evacuate Collection Set: 14.8ms
[2022-02-07T17:08:29.835+0000][1010.861s][info ][gc,phases     ] GC(107)   Post Evacuate Collection Set: 8.0ms
[2022-02-07T17:08:29.835+0000][1010.861s][info ][gc,phases     ] GC(107)   Other: 0.2ms
[2022-02-07T17:08:29.835+0000][1010.861s][info ][gc,heap       ] GC(107) Eden regions: 237->0(237)
[2022-02-07T17:08:29.835+0000][1010.861s][info ][gc,heap       ] GC(107) Survivor regions: 1->1(30)
[2022-02-07T17:08:29.835+0000][1010.861s][info ][gc,heap       ] GC(107) Old regions: 147->147
[2022-02-07T17:08:29.835+0000][1010.861s][info ][gc,heap       ] GC(107) Humongous regions: 0->0
[2022-02-07T17:08:29.835+0000][1010.861s][info ][gc,metaspace  ] GC(107) Metaspace: 162713K->162713K(1204224K)
[2022-02-07T17:08:29.835+0000][1010.861s][info ][gc            ] GC(107) Pause Young (Normal) (G1 Evacuation Pause) 382M->145M(430M) 23.136ms
[2022-02-07T17:08:29.835+0000][1010.861s][info ][gc,cpu        ] GC(107) User=0.03s Sys=0.00s Real=0.02s
[2022-02-07T17:08:29.835+0000][1010.861s][info ][safepoint     ] Leaving safepoint region
[2022-02-07T17:08:29.835+0000][1010.861s][info ][safepoint     ] Total time for which application threads were stopped: 0.0238044 seconds, Stopping threads took: 0.0001621 seconds
[2022-02-07T17:08:29.835+0000][1010.861s][info ][gc,stringdedup] Concurrent String Deduplication (1010.861s)
[2022-02-07T17:08:29.836+0000][1010.862s][info ][gc,stringdedup] Concurrent String Deduplication 416.0B->216.0B(200.0B) avg 53.2% (1010.861s, 1010.862s) 0.450ms
[2022-02-07T17:08:30.837+0000][1011.862s][debug][safepoint     ] Safepoint synchronization initiated. (301 threads)
[2022-02-07T17:08:30.837+0000][1011.863s][info ][safepoint     ] Application time: 1.0017040 seconds
[2022-02-07T17:08:30.837+0000][1011.863s][info ][safepoint     ] Entering safepoint region: Cleanup
[2022-02-07T17:08:30.837+0000][1011.863s][info ][safepoint     ] Leaving safepoint region
[2022-02-07T17:08:30.837+0000][1011.863s][info ][safepoint     ] Total time for which application threads were stopped: 0.0003045 seconds, Stopping threads took: 0.0000740 seconds
[2022-02-07T17:08:31.837+0000][1012.863s][debug][safepoint     ] Safepoint synchronization initiated. (301 threads)
[2022-02-07T17:08:31.837+0000][1012.863s][info ][safepoint     ] Application time: 1.0001141 seconds
[2022-02-07T17:08:31.837+0000][1012.863s][info ][safepoint     ] Entering safepoint region: Cleanup
[2022-02-07T17:08:31.837+0000][1012.863s][info ][safepoint     ] Leaving safepoint region
[2022-02-07T17:08:31.837+0000][1012.863s][info ][safepoint     ] Total time for which application threads were stopped: 0.0003089 seconds, Stopping threads took: 0.0000686 seconds
[2022-02-07T17:08:32.838+0000][1013.863s][debug][safepoint     ] Safepoint synchronization initiated. (301 threads)
[2022-02-07T17:08:32.838+0000][1013.863s][info ][safepoint     ] Application time: 1.0001331 seconds
[2022-02-07T17:08:32.838+0000][1013.863s][info ][safepoint     ] Entering safepoint region: Cleanup
[2022-02-07T17:08:32.838+0000][1013.864s][info ][safepoint     ] Leaving safepoint region
[2022-02-07T17:08:32.838+0000][1013.864s][info ][safepoint     ] Total time for which application threads were stopped: 0.0004495 seconds, Stopping threads took: 0.0000730 seconds
[2022-02-07T17:08:33.838+0000][1014.864s][debug][safepoint     ] Safepoint synchronization initiated. (301 threads)
[2022-02-07T17:08:33.838+0000][1014.864s][info ][safepoint     ] Application time: 1.0001080 seconds
[2022-02-07T17:08:33.838+0000][1014.864s][info ][safepoint     ] Entering safepoint region: Cleanup
[2022-02-07T17:08:33.838+0000][1014.864s][info ][safepoint     ] Leaving safepoint region
[2022-02-07T17:08:33.838+0000][1014.864s][info ][safepoint     ] Total time for which application threads were stopped: 0.0003072 seconds, Stopping threads took: 0.0000673 seconds
[2022-02-07T17:08:34.839+0000][1015.864s][debug][safepoint     ] Safepoint synchronization initiated. (301 threads)
[2022-02-07T17:08:34.839+0000][1015.864s][info ][safepoint     ] Application time: 1.0001426 seconds
[2022-02-07T17:08:34.839+0000][1015.865s][info ][safepoint     ] Entering safepoint region: Cleanup
[2022-02-07T17:08:34.839+0000][1015.865s][info ][safepoint     ] Leaving safepoint region
[2022-02-07T17:08:34.839+0000][1015.865s][info ][safepoint     ] Total time for which application threads were stopped: 0.0003191 seconds, Stopping threads took: 0.0000710 seconds
[2022-02-07T17:08:35.839+0000][1016.865s][debug][safepoint     ] Safepoint synchronization initiated. (301 threads)
[2022-02-07T17:08:35.839+0000][1016.865s][info ][safepoint     ] Application time: 1.0001405 seconds
[2022-02-07T17:08:35.839+0000][1016.865s][info ][safepoint     ] Entering safepoint region: Cleanup
[2022-02-07T17:08:35.839+0000][1016.865s][info ][safepoint     ] Leaving safepoint region
[2022-02-07T17:08:35.839+0000][1016.865s][info ][safepoint     ] Total time for which application threads were stopped: 0.0003648 seconds, Stopping threads took: 0.0000876 seconds
[2022-02-07T17:08:36.840+0000][1017.865s][debug][safepoint     ] Safepoint synchronization initiated. (301 threads)
[2022-02-07T17:08:36.840+0000][1017.865s][info ][safepoint     ] Application time: 1.0000814 seconds
[2022-02-07T17:08:36.840+0000][1017.865s][info ][safepoint     ] Entering safepoint region: Cleanup
[2022-02-07T17:08:36.840+0000][1017.866s][info ][safepoint     ] Leaving safepoint region
[2022-02-07T17:08:36.840+0000][1017.866s][info ][safepoint     ] Total time for which application threads were stopped: 0.0004561 seconds, Stopping threads took: 0.0000760 seconds
[2022-02-07T17:08:37.840+0000][1018.866s][debug][safepoint     ] Safepoint synchronization initiated. (301 threads)
[2022-02-07T17:08:37.840+0000][1018.866s][info ][safepoint     ] Application time: 1.0001120 seconds
[2022-02-07T17:08:37.840+0000][1018.866s][info ][safepoint     ] Entering safepoint region: Cleanup
[2022-02-07T17:08:37.840+0000][1018.866s][info ][safepoint     ] Leaving safepoint region
[2022-02-07T17:08:37.841+0000][1018.866s][info ][safepoint     ] Total time for which application threads were stopped: 0.0003578 seconds, Stopping threads took: 0.0000694 seconds
[2022-02-07T17:08:38.841+0000][1019.866s][debug][safepoint     ] Safepoint synchronization initiated. (301 threads)
[2022-02-07T17:08:38.841+0000][1019.866s][info ][safepoint     ] Application time: 1.0001173 seconds
[2022-02-07T17:08:38.841+0000][1019.867s][info ][safepoint     ] Entering safepoint region: Cleanup
[2022-02-07T17:08:38.841+0000][1019.867s][info ][safepoint     ] Leaving safepoint region
[2022-02-07T17:08:38.841+0000][1019.867s][info ][safepoint     ] Total time for which application threads were stopped: 0.0002687 seconds, Stopping threads took: 0.0000702 seconds
[2022-02-07T17:08:39.841+0000][1020.867s][debug][safepoint     ] Safepoint synchronization initiated. (301 threads)
[2022-02-07T17:08:39.841+0000][1020.867s][info ][safepoint     ] Application time: 1.0001059 seconds
[2022-02-07T17:08:39.841+0000][1020.867s][debug][safepoint     ] ... found polling page loop exception at pc = 0x00007f11b4803bf5, stub =0x00007f11ac8be900
[2022-02-07T17:08:39.841+0000][1020.867s][debug][safepoint     ] Waiting for 1 thread(s) to block
[2022-02-07T17:08:39.841+0000][1020.867s][info ][safepoint     ] Entering safepoint region: Cleanup
[2022-02-07T17:08:39.841+0000][1020.867s][info ][safepoint     ] Leaving safepoint region
[2022-02-07T17:08:39.841+0000][1020.867s][info ][safepoint     ] Total time for which application threads were stopped: 0.0003466 seconds, Stopping threads took: 0.0001016 seconds
[2022-02-07T17:08:40.841+0000][1021.867s][debug][safepoint     ] Safepoint synchronization initiated. (301 threads)
[2022-02-07T17:08:40.842+0000][1021.867s][info ][safepoint     ] Application time: 1.0001309 seconds
[2022-02-07T17:08:40.842+0000][1021.867s][info ][safepoint     ] Entering safepoint region: Cleanup
[2022-02-07T17:08:40.842+0000][1021.868s][info ][safepoint     ] Leaving safepoint region
[2022-02-07T17:08:40.842+0000][1021.868s][info ][safepoint     ] Total time for which application threads were stopped: 0.0003236 seconds, Stopping threads took: 0.0000685 seconds
[2022-02-07T17:08:41.842+0000][1022.868s][debug][safepoint     ] Safepoint synchronization initiated. (301 threads)
[2022-02-07T17:08:41.842+0000][1022.868s][info ][safepoint     ] Application time: 1.0001091 seconds
[2022-02-07T17:08:41.842+0000][1022.868s][info ][safepoint     ] Entering safepoint region: Cleanup
[2022-02-07T17:08:41.842+0000][1022.868s][info ][safepoint     ] Leaving safepoint region
[2022-02-07T17:08:41.842+0000][1022.868s][info ][safepoint     ] Total time for which application threads were stopped: 0.0003169 seconds, Stopping threads took: 0.0000706 seconds
[2022-02-07T17:08:42.842+0000][1023.868s][debug][safepoint     ] Safepoint synchronization initiated. (301 threads)
[2022-02-07T17:08:42.842+0000][1023.868s][info ][safepoint     ] Application time: 1.0001414 seconds
[2022-02-07T17:08:42.843+0000][1023.868s][info ][safepoint     ] Entering safepoint region: Cleanup
[2022-02-07T17:08:42.843+0000][1023.869s][info ][safepoint     ] Leaving safepoint region
[2022-02-07T17:08:42.843+0000][1023.869s][info ][safepoint     ] Total time for which application threads were stopped: 0.0003037 seconds, Stopping threads took: 0.0000944 seconds
[2022-02-07T17:08:43.843+0000][1024.869s][debug][safepoint     ] Safepoint synchronization initiated. (301 threads)
[2022-02-07T17:08:43.843+0000][1024.869s][info ][safepoint     ] Application time: 1.0001274 seconds
[2022-02-07T17:08:43.843+0000][1024.869s][debug][safepoint     ] ... found polling page return exception at pc = 0x00007f11b45aa6f4, stub =0x00007f11ac8beb80
[2022-02-07T17:08:43.843+0000][1024.869s][debug][safepoint     ] Waiting for 1 thread(s) to block
[2022-02-07T17:08:43.843+0000][1024.869s][info ][safepoint     ] Entering safepoint region: Cleanup
[2022-02-07T17:08:43.843+0000][1024.869s][info ][safepoint     ] Leaving safepoint region
[2022-02-07T17:08:43.843+0000][1024.869s][info ][safepoint     ] Total time for which application threads were stopped: 0.0004121 seconds, Stopping threads took: 0.0001205 seconds
[2022-02-07T17:08:44.843+0000][1025.869s][debug][safepoint     ] Safepoint synchronization initiated. (301 threads)
[2022-02-07T17:08:44.843+0000][1025.869s][info ][safepoint     ] Application time: 1.0001133 seconds
[2022-02-07T17:08:44.844+0000][1025.869s][info ][safepoint     ] Entering safepoint region: Cleanup
[2022-02-07T17:08:44.844+0000][1025.870s][info ][safepoint     ] Leaving safepoint region
[2022-02-07T17:08:44.844+0000][1025.870s][info ][safepoint     ] Total time for which application threads were stopped: 0.0003098 seconds, Stopping threads took: 0.0000699 seconds
[2022-02-07T17:08:45.844+0000][1026.870s][debug][safepoint     ] Safepoint synchronization initiated. (301 threads)
[2022-02-07T17:08:45.844+0000][1026.870s][info ][safepoint     ] Application time: 1.0001327 seconds
[2022-02-07T17:08:45.844+0000][1026.870s][info ][safepoint     ] Entering safepoint region: Cleanup
[2022-02-07T17:08:45.844+0000][1026.870s][info ][safepoint     ] Leaving safepoint region
[2022-02-07T17:08:45.844+0000][1026.870s][info ][safepoint     ] Total time for which application threads were stopped: 0.0003016 seconds, Stopping threads took: 0.0000726 seconds
[2022-02-07T17:08:46.844+0000][1027.870s][debug][safepoint     ] Safepoint synchronization initiated. (301 threads)
[2022-02-07T17:08:46.844+0000][1027.870s][info ][safepoint     ] Application time: 1.0001058 seconds
[2022-02-07T17:08:46.844+0000][1027.870s][info ][safepoint     ] Entering safepoint region: Cleanup
[2022-02-07T17:08:46.845+0000][1027.870s][info ][safepoint     ] Leaving safepoint region
[2022-02-07T17:08:46.845+0000][1027.870s][info ][safepoint     ] Total time for which application threads were stopped: 0.0002585 seconds, Stopping threads took: 0.0000719 seconds
[2022-02-07T17:08:47.364+0000][1028.390s][debug][safepoint     ] Safepoint synchronization initiated. (301 threads)
[2022-02-07T17:08:47.364+0000][1028.390s][info ][safepoint     ] Application time: 0.5195404 seconds
[2022-02-07T17:08:47.364+0000][1028.390s][info ][safepoint     ] Entering safepoint region: G1CollectForAllocation
[2022-02-07T17:08:47.364+0000][1028.390s][info ][gc,start      ] GC(108) Pause Young (Normal) (G1 Evacuation Pause)
[2022-02-07T17:08:47.365+0000][1028.390s][info ][gc,task       ] GC(108) Using 4 workers of 4 for evacuation
[2022-02-07T17:08:47.376+0000][1028.402s][info ][gc,phases     ] GC(108)   Pre Evacuate Collection Set: 0.0ms
[2022-02-07T17:08:47.376+0000][1028.402s][info ][gc,phases     ] GC(108)   Evacuate Collection Set: 8.3ms
[2022-02-07T17:08:47.376+0000][1028.402s][info ][gc,phases     ] GC(108)   Post Evacuate Collection Set: 3.1ms
[2022-02-07T17:08:47.376+0000][1028.402s][info ][gc,phases     ] GC(108)   Other: 0.3ms
[2022-02-07T17:08:47.376+0000][1028.402s][info ][gc,heap       ] GC(108) Eden regions: 237->0(237)
[2022-02-07T17:08:47.376+0000][1028.402s][info ][gc,heap       ] GC(108) Survivor regions: 1->1(30)
[2022-02-07T17:08:47.376+0000][1028.402s][info ][gc,heap       ] GC(108) Old regions: 147->147
[2022-02-07T17:08:47.376+0000][1028.402s][info ][gc,heap       ] GC(108) Humongous regions: 0->0
[2022-02-07T17:08:47.376+0000][1028.402s][info ][gc,metaspace  ] GC(108) Metaspace: 162713K->162713K(1204224K)
[2022-02-07T17:08:47.376+0000][1028.402s][info ][gc            ] GC(108) Pause Young (Normal) (G1 Evacuation Pause) 382M->145M(430M) 11.827ms
[2022-02-07T17:08:47.376+0000][1028.402s][info ][gc,cpu        ] GC(108) User=0.02s Sys=0.01s Real=0.01s
[2022-02-07T17:08:47.376+0000][1028.402s][debug][safepoint     ] ... found polling page return exception at pc = 0x00007f11af35f43c, stub =0x00007f11ac8beb80
[2022-02-07T17:08:47.376+0000][1028.402s][debug][safepoint     ] ... found polling page return exception at pc = 0x00007f11af35f43c, stub =0x00007f11ac8beb80
[2022-02-07T17:08:47.376+0000][1028.403s][debug][safepoint     ] ... found polling page return exception at pc = 0x00007f11af35f43c, stub =0x00007f11ac8beb80
[2022-02-07T17:08:47.377+0000][1028.403s][debug][safepoint     ] ... found polling page return exception at pc = 0x00007f11af35f43c, stub =0x00007f11ac8beb80
[2022-02-07T17:08:47.377+0000][1028.403s][debug][safepoint     ] ... found polling page return exception at pc = 0x00007f11af35f43c, stub =0x00007f11ac8beb80
[2022-02-07T17:08:47.377+0000][1028.403s][debug][safepoint     ] ... found polling page return exception at pc = 0x00007f11af35f43c, stub =0x00007f11ac8beb80
[2022-02-07T17:08:47.377+0000][1028.403s][debug][safepoint     ] ... found polling page return exception at pc = 0x00007f11af35f43c, stub =0x00007f11ac8beb80
[2022-02-07T17:08:47.377+0000][1028.403s][debug][safepoint     ] ... found polling page return exception at pc = 0x00007f11af35f43c, stub =0x00007f11ac8beb80
[2022-02-07T17:08:47.377+0000][1028.403s][debug][safepoint     ] ... found polling page return exception at pc = 0x00007f11af35f43c, stub =0x00007f11ac8beb80
[2022-02-07T17:08:47.377+0000][1028.403s][debug][safepoint     ] ... found polling page return exception at pc = 0x00007f11af35f43c, stub =0x00007f11ac8beb80
[2022-02-07T17:08:47.377+0000][1028.403s][debug][safepoint     ] ... found polling page return exception at pc = 0x00007f11b4fc1a06, stub =0x00007f11ac8beb80
[2022-02-07T17:08:47.377+0000][1028.403s][debug][safepoint     ] ... found polling page return exception at pc = 0x00007f11b530bf1c, stub =0x00007f11ac8beb80
[2022-02-07T17:08:47.377+0000][1028.403s][info ][safepoint     ] Leaving safepoint region
[2022-02-07T17:08:47.377+0000][1028.403s][info ][safepoint     ] Total time for which application threads were stopped: 0.0127054 seconds, Stopping threads took: 0.0000760 seconds
[2022-02-07T17:08:47.377+0000][1028.403s][debug][safepoint     ] ... found polling page return exception at pc = 0x00007f11af35f43c, stub =0x00007f11ac8beb80
[2022-02-07T17:08:47.378+0000][1028.404s][info ][gc,stringdedup] Concurrent String Deduplication (1028.404s)
[2022-02-07T17:08:47.378+0000][1028.404s][info ][gc,stringdedup] Concurrent String Deduplication 328.0B->0.0B(328.0B) avg 53.2% (1028.404s, 1028.404s) 0.047ms
[2022-02-07T17:08:48.377+0000][1029.403s][debug][safepoint     ] Safepoint synchronization initiated. (301 threads)
[2022-02-07T17:08:48.377+0000][1029.403s][info ][safepoint     ] Application time: 1.0001543 seconds
[2022-02-07T17:08:48.377+0000][1029.403s][info ][safepoint     ] Entering safepoint region: Cleanup
[2022-02-07T17:08:48.377+0000][1029.403s][info ][safepoint     ] Leaving safepoint region
[2022-02-07T17:08:48.377+0000][1029.403s][info ][safepoint     ] Total time for which application threads were stopped: 0.0003139 seconds, Stopping threads took: 0.0000675 seconds
[2022-02-07T17:08:49.377+0000][1030.403s][debug][safepoint     ] Safepoint synchronization initiated. (301 threads)
[2022-02-07T17:08:49.377+0000][1030.403s][info ][safepoint     ] Application time: 1.0001139 seconds
[2022-02-07T17:08:49.378+0000][1030.403s][info ][safepoint     ] Entering safepoint region: Cleanup
[2022-02-07T17:08:49.378+0000][1030.404s][info ][safepoint     ] Leaving safepoint region
[2022-02-07T17:08:49.378+0000][1030.404s][info ][safepoint     ] Total time for which application threads were stopped: 0.0003100 seconds, Stopping threads took: 0.0000744 seconds
[2022-02-07T17:08:50.378+0000][1031.404s][debug][safepoint     ] Safepoint synchronization initiated. (301 threads)
[2022-02-07T17:08:50.378+0000][1031.404s][info ][safepoint     ] Application time: 1.0001068 seconds
[2022-02-07T17:08:50.378+0000][1031.404s][info ][safepoint     ] Entering safepoint region: Cleanup
[2022-02-07T17:08:50.378+0000][1031.404s][info ][safepoint     ] Leaving safepoint region
[2022-02-07T17:08:50.378+0000][1031.404s][info ][safepoint     ] Total time for which application threads were stopped: 0.0004517 seconds, Stopping threads took: 0.0000696 seconds
[2022-02-07T17:08:51.378+0000][1032.404s][debug][safepoint     ] Safepoint synchronization initiated. (301 threads)
[2022-02-07T17:08:51.379+0000][1032.404s][info ][safepoint     ] Application time: 1.0001271 seconds
[2022-02-07T17:08:51.379+0000][1032.404s][info ][safepoint     ] Entering safepoint region: Cleanup
[2022-02-07T17:08:51.379+0000][1032.405s][info ][safepoint     ] Leaving safepoint region
[2022-02-07T17:08:51.379+0000][1032.405s][info ][safepoint     ] Total time for which application threads were stopped: 0.0002681 seconds, Stopping threads took: 0.0000724 seconds
[2022-02-07T17:08:52.379+0000][1033.405s][debug][safepoint     ] Safepoint synchronization initiated. (301 threads)
[2022-02-07T17:08:52.379+0000][1033.405s][info ][safepoint     ] Application time: 1.0001434 seconds
[2022-02-07T17:08:52.379+0000][1033.405s][info ][safepoint     ] Entering safepoint region: Cleanup
[2022-02-07T17:08:52.379+0000][1033.405s][info ][safepoint     ] Leaving safepoint region
[2022-02-07T17:08:52.379+0000][1033.405s][info ][safepoint     ] Total time for which application threads were stopped: 0.0003450 seconds, Stopping threads took: 0.0000711 seconds
[2022-02-07T17:08:53.379+0000][1034.405s][debug][safepoint     ] Safepoint synchronization initiated. (301 threads)
[2022-02-07T17:08:53.379+0000][1034.405s][info ][safepoint     ] Application time: 1.0001434 seconds
[2022-02-07T17:08:53.380+0000][1034.405s][info ][safepoint     ] Entering safepoint region: Cleanup
[2022-02-07T17:08:53.380+0000][1034.406s][info ][safepoint     ] Leaving safepoint region
[2022-02-07T17:08:53.380+0000][1034.406s][info ][safepoint     ] Total time for which application threads were stopped: 0.0003246 seconds, Stopping threads took: 0.0000675 seconds
[2022-02-07T17:08:54.380+0000][1035.406s][debug][safepoint     ] Safepoint synchronization initiated. (301 threads)
[2022-02-07T17:08:54.380+0000][1035.406s][info ][safepoint     ] Application time: 1.0001102 seconds
[2022-02-07T17:08:54.380+0000][1035.406s][info ][safepoint     ] Entering safepoint region: Cleanup
[2022-02-07T17:08:54.380+0000][1035.406s][info ][safepoint     ] Leaving safepoint region
[2022-02-07T17:08:54.380+0000][1035.406s][info ][safepoint     ] Total time for which application threads were stopped: 0.0002977 seconds, Stopping threads took: 0.0000716 seconds
[2022-02-07T17:08:55.380+0000][1036.406s][debug][safepoint     ] Safepoint synchronization initiated. (301 threads)
[2022-02-07T17:08:55.380+0000][1036.406s][info ][safepoint     ] Application time: 1.0001116 seconds
[2022-02-07T17:08:55.380+0000][1036.406s][info ][safepoint     ] Entering safepoint region: Cleanup
[2022-02-07T17:08:55.381+0000][1036.407s][info ][safepoint     ] Leaving safepoint region
[2022-02-07T17:08:55.381+0000][1036.407s][info ][safepoint     ] Total time for which application threads were stopped: 0.0004351 seconds, Stopping threads took: 0.0000686 seconds
[2022-02-07T17:08:56.381+0000][1037.407s][debug][safepoint     ] Safepoint synchronization initiated. (301 threads)
[2022-02-07T17:08:56.381+0000][1037.407s][info ][safepoint     ] Application time: 1.0001114 seconds
[2022-02-07T17:08:56.381+0000][1037.407s][info ][safepoint     ] Entering safepoint region: Cleanup
[2022-02-07T17:08:56.381+0000][1037.407s][info ][safepoint     ] Leaving safepoint region
[2022-02-07T17:08:56.381+0000][1037.407s][info ][safepoint     ] Total time for which application threads were stopped: 0.0004557 seconds, Stopping threads took: 0.0000686 seconds
[2022-02-07T17:08:57.381+0000][1038.407s][debug][safepoint     ] Safepoint synchronization initiated. (301 threads)
[2022-02-07T17:08:57.381+0000][1038.407s][info ][safepoint     ] Application time: 1.0001358 seconds
[2022-02-07T17:08:57.382+0000][1038.407s][info ][safepoint     ] Entering safepoint region: Cleanup
[2022-02-07T17:08:57.382+0000][1038.408s][info ][safepoint     ] Leaving safepoint region
[2022-02-07T17:08:57.382+0000][1038.408s][info ][safepoint     ] Total time for which application threads were stopped: 0.0004966 seconds, Stopping threads took: 0.0000682 seconds
[2022-02-07T17:08:58.382+0000][1039.408s][debug][safepoint     ] Safepoint synchronization initiated. (301 threads)
[2022-02-07T17:08:58.382+0000][1039.408s][info ][safepoint     ] Application time: 1.0001136 seconds
[2022-02-07T17:08:58.382+0000][1039.408s][info ][safepoint     ] Entering safepoint region: Cleanup
[2022-02-07T17:08:58.383+0000][1039.408s][info ][safepoint     ] Leaving safepoint region
[2022-02-07T17:08:58.383+0000][1039.408s][info ][safepoint     ] Total time for which application threads were stopped: 0.0004316 seconds, Stopping threads took: 0.0000692 seconds
[2022-02-07T17:08:59.383+0000][1040.409s][debug][safepoint     ] Safepoint synchronization initiated. (301 threads)
[2022-02-07T17:08:59.383+0000][1040.409s][info ][safepoint     ] Application time: 1.0001111 seconds
[2022-02-07T17:08:59.383+0000][1040.409s][info ][safepoint     ] Entering safepoint region: Cleanup
[2022-02-07T17:08:59.383+0000][1040.409s][info ][safepoint     ] Leaving safepoint region
[2022-02-07T17:08:59.383+0000][1040.409s][info ][safepoint     ] Total time for which application threads were stopped: 0.0003146 seconds, Stopping threads took: 0.0000690 seconds
[2022-02-07T17:09:00.383+0000][1041.409s][debug][safepoint     ] Safepoint synchronization initiated. (301 threads)
[2022-02-07T17:09:00.383+0000][1041.409s][info ][safepoint     ] Application time: 1.0001595 seconds
[2022-02-07T17:09:00.383+0000][1041.409s][info ][safepoint     ] Entering safepoint region: Cleanup
[2022-02-07T17:09:00.383+0000][1041.409s][info ][safepoint     ] Leaving safepoint region
[2022-02-07T17:09:00.383+0000][1041.409s][info ][safepoint     ] Total time for which application threads were stopped: 0.0003085 seconds, Stopping threads took: 0.0000799 seconds
[2022-02-07T17:09:01.384+0000][1042.409s][debug][safepoint     ] Safepoint synchronization initiated. (301 threads)
[2022-02-07T17:09:01.384+0000][1042.409s][info ][safepoint     ] Application time: 1.0001108 seconds
[2022-02-07T17:09:01.384+0000][1042.410s][info ][safepoint     ] Entering safepoint region: Cleanup
[2022-02-07T17:09:01.384+0000][1042.410s][info ][safepoint     ] Leaving safepoint region
[2022-02-07T17:09:01.384+0000][1042.410s][info ][safepoint     ] Total time for which application threads were stopped: 0.0003448 seconds, Stopping threads took: 0.0000720 seconds
[2022-02-07T17:09:02.384+0000][1043.410s][debug][safepoint     ] Safepoint synchronization initiated. (301 threads)
[2022-02-07T17:09:02.384+0000][1043.410s][info ][safepoint     ] Application time: 1.0001733 seconds
[2022-02-07T17:09:02.384+0000][1043.410s][info ][safepoint     ] Entering safepoint region: Cleanup
[2022-02-07T17:09:02.384+0000][1043.410s][info ][safepoint     ] Leaving safepoint region
[2022-02-07T17:09:02.384+0000][1043.410s][info ][safepoint     ] Total time for which application threads were stopped: 0.0002992 seconds, Stopping threads took: 0.0000694 seconds
[2022-02-07T17:09:02.515+0000][1043.541s][debug][safepoint     ] Safepoint synchronization initiated. (301 threads)
[2022-02-07T17:09:02.515+0000][1043.541s][info ][safepoint     ] Application time: 0.1305532 seconds
[2022-02-07T17:09:02.515+0000][1043.541s][debug][safepoint     ] ... found polling page return exception at pc = 0x00007f11b4a800c4, stub =0x00007f11ac8beb80
[2022-02-07T17:09:02.515+0000][1043.541s][debug][safepoint     ] Waiting for 2 thread(s) to block
[2022-02-07T17:09:02.515+0000][1043.541s][info ][safepoint     ] Entering safepoint region: G1CollectForAllocation
[2022-02-07T17:09:02.516+0000][1043.541s][info ][gc,start      ] GC(109) Pause Young (Normal) (G1 Evacuation Pause)
[2022-02-07T17:09:02.516+0000][1043.541s][info ][gc,task       ] GC(109) Using 4 workers of 4 for evacuation
[2022-02-07T17:09:02.527+0000][1043.553s][info ][gc,phases     ] GC(109)   Pre Evacuate Collection Set: 0.0ms
[2022-02-07T17:09:02.528+0000][1043.553s][info ][gc,phases     ] GC(109)   Evacuate Collection Set: 4.1ms
[2022-02-07T17:09:02.528+0000][1043.553s][info ][gc,phases     ] GC(109)   Post Evacuate Collection Set: 7.6ms
[2022-02-07T17:09:02.528+0000][1043.553s][info ][gc,phases     ] GC(109)   Other: 0.3ms
[2022-02-07T17:09:02.528+0000][1043.553s][info ][gc,heap       ] GC(109) Eden regions: 237->0(237)
[2022-02-07T17:09:02.528+0000][1043.553s][info ][gc,heap       ] GC(109) Survivor regions: 1->1(30)
[2022-02-07T17:09:02.528+0000][1043.553s][info ][gc,heap       ] GC(109) Old regions: 147->147
[2022-02-07T17:09:02.528+0000][1043.553s][info ][gc,heap       ] GC(109) Humongous regions: 0->0
[2022-02-07T17:09:02.528+0000][1043.553s][info ][gc,metaspace  ] GC(109) Metaspace: 162724K->162724K(1204224K)
[2022-02-07T17:09:02.528+0000][1043.553s][info ][gc            ] GC(109) Pause Young (Normal) (G1 Evacuation Pause) 382M->145M(430M) 12.119ms
[2022-02-07T17:09:02.528+0000][1043.554s][info ][gc,cpu        ] GC(109) User=0.02s Sys=0.00s Real=0.02s
[2022-02-07T17:09:02.528+0000][1043.554s][info ][safepoint     ] Leaving safepoint region
[2022-02-07T17:09:02.528+0000][1043.554s][info ][safepoint     ] Total time for which application threads were stopped: 0.0126882 seconds, Stopping threads took: 0.0001198 seconds
[2022-02-07T17:09:02.528+0000][1043.554s][info ][gc,stringdedup] Concurrent String Deduplication (1043.554s)
[2022-02-07T17:09:02.528+0000][1043.554s][info ][gc,stringdedup] Concurrent String Deduplication 816.0B->0.0B(816.0B) avg 53.2% (1043.554s, 1043.554s) 0.037ms
[2022-02-07T17:09:03.529+0000][1044.554s][debug][safepoint     ] Safepoint synchronization initiated. (301 threads)
[2022-02-07T17:09:03.529+0000][1044.554s][info ][safepoint     ] Application time: 1.0008262 seconds
[2022-02-07T17:09:03.529+0000][1044.554s][info ][safepoint     ] Entering safepoint region: Cleanup
[2022-02-07T17:09:03.529+0000][1044.555s][info ][safepoint     ] Leaving safepoint region
[2022-02-07T17:09:03.529+0000][1044.555s][info ][safepoint     ] Total time for which application threads were stopped: 0.0004384 seconds, Stopping threads took: 0.0000735 seconds
[2022-02-07T17:09:04.529+0000][1045.555s][debug][safepoint     ] Safepoint synchronization initiated. (301 threads)
[2022-02-07T17:09:04.529+0000][1045.555s][info ][safepoint     ] Application time: 1.0001234 seconds
[2022-02-07T17:09:04.529+0000][1045.555s][info ][safepoint     ] Entering safepoint region: Cleanup
[2022-02-07T17:09:04.530+0000][1045.555s][info ][safepoint     ] Leaving safepoint region
[2022-02-07T17:09:04.530+0000][1045.555s][info ][safepoint     ] Total time for which application threads were stopped: 0.0004320 seconds, Stopping threads took: 0.0000713 seconds
[2022-02-07T17:09:05.530+0000][1046.556s][debug][safepoint     ] Safepoint synchronization initiated. (301 threads)
[2022-02-07T17:09:05.530+0000][1046.556s][info ][safepoint     ] Application time: 1.0001358 seconds
[2022-02-07T17:09:05.530+0000][1046.556s][debug][safepoint     ] ... found polling page return exception at pc = 0x00007f11b4c764f2, stub =0x00007f11ac8beb80
[2022-02-07T17:09:05.530+0000][1046.556s][debug][safepoint     ] Waiting for 1 thread(s) to block
[2022-02-07T17:09:05.530+0000][1046.556s][info ][safepoint     ] Entering safepoint region: Cleanup
[2022-02-07T17:09:05.530+0000][1046.556s][info ][safepoint     ] Leaving safepoint region
[2022-02-07T17:09:05.530+0000][1046.556s][info ][safepoint     ] Total time for which application threads were stopped: 0.0003538 seconds, Stopping threads took: 0.0001103 seconds
[2022-02-07T17:09:06.530+0000][1047.556s][debug][safepoint     ] Safepoint synchronization initiated. (301 threads)
[2022-02-07T17:09:06.530+0000][1047.556s][info ][safepoint     ] Application time: 1.0000714 seconds
[2022-02-07T17:09:06.530+0000][1047.556s][info ][safepoint     ] Entering safepoint region: Cleanup
[2022-02-07T17:09:06.530+0000][1047.556s][info ][safepoint     ] Leaving safepoint region
[2022-02-07T17:09:06.530+0000][1047.556s][info ][safepoint     ] Total time for which application threads were stopped: 0.0003023 seconds, Stopping threads took: 0.0000681 seconds
[2022-02-07T17:09:07.531+0000][1048.556s][debug][safepoint     ] Safepoint synchronization initiated. (301 threads)
[2022-02-07T17:09:07.531+0000][1048.556s][info ][safepoint     ] Application time: 1.0001421 seconds
[2022-02-07T17:09:07.531+0000][1048.557s][info ][safepoint     ] Entering safepoint region: Cleanup
[2022-02-07T17:09:07.531+0000][1048.557s][info ][safepoint     ] Leaving safepoint region
[2022-02-07T17:09:07.531+0000][1048.557s][info ][safepoint     ] Total time for which application threads were stopped: 0.0003155 seconds, Stopping threads took: 0.0000718 seconds
[2022-02-07T17:09:08.531+0000][1049.557s][debug][safepoint     ] Safepoint synchronization initiated. (301 threads)
[2022-02-07T17:09:08.531+0000][1049.557s][info ][safepoint     ] Application time: 1.0001280 seconds
[2022-02-07T17:09:08.531+0000][1049.557s][info ][safepoint     ] Entering safepoint region: Cleanup
[2022-02-07T17:09:08.531+0000][1049.557s][info ][safepoint     ] Leaving safepoint region
[2022-02-07T17:09:08.531+0000][1049.557s][info ][safepoint     ] Total time for which application threads were stopped: 0.0003291 seconds, Stopping threads took: 0.0000771 seconds
[2022-02-07T17:09:09.532+0000][1050.557s][debug][safepoint     ] Safepoint synchronization initiated. (301 threads)
[2022-02-07T17:09:09.532+0000][1050.557s][info ][safepoint     ] Application time: 1.0001060 seconds
[2022-02-07T17:09:09.532+0000][1050.557s][info ][safepoint     ] Entering safepoint region: Cleanup
[2022-02-07T17:09:09.532+0000][1050.558s][info ][safepoint     ] Leaving safepoint region
[2022-02-07T17:09:09.532+0000][1050.558s][info ][safepoint     ] Total time for which application threads were stopped: 0.0005138 seconds, Stopping threads took: 0.0000868 seconds
[2022-02-07T17:09:10.532+0000][1051.558s][debug][safepoint     ] Safepoint synchronization initiated. (301 threads)
[2022-02-07T17:09:10.532+0000][1051.558s][info ][safepoint     ] Application time: 1.0001116 seconds
[2022-02-07T17:09:10.532+0000][1051.558s][info ][safepoint     ] Entering safepoint region: Cleanup
[2022-02-07T17:09:10.533+0000][1051.558s][info ][safepoint     ] Leaving safepoint region
[2022-02-07T17:09:10.533+0000][1051.558s][info ][safepoint     ] Total time for which application threads were stopped: 0.0004333 seconds, Stopping threads took: 0.0000692 seconds
[2022-02-07T17:09:11.533+0000][1052.559s][debug][safepoint     ] Safepoint synchronization initiated. (301 threads)
[2022-02-07T17:09:11.533+0000][1052.559s][info ][safepoint     ] Application time: 1.0001357 seconds
[2022-02-07T17:09:11.533+0000][1052.559s][info ][safepoint     ] Entering safepoint region: Cleanup
[2022-02-07T17:09:11.533+0000][1052.559s][info ][safepoint     ] Leaving safepoint region
[2022-02-07T17:09:11.533+0000][1052.559s][info ][safepoint     ] Total time for which application threads were stopped: 0.0004518 seconds, Stopping threads took: 0.0000726 seconds
[2022-02-07T17:09:12.533+0000][1053.559s][debug][safepoint     ] Safepoint synchronization initiated. (301 threads)
[2022-02-07T17:09:12.533+0000][1053.559s][info ][safepoint     ] Application time: 1.0001217 seconds
[2022-02-07T17:09:12.533+0000][1053.559s][info ][safepoint     ] Entering safepoint region: Cleanup
[2022-02-07T17:09:12.534+0000][1053.560s][info ][safepoint     ] Leaving safepoint region
[2022-02-07T17:09:12.534+0000][1053.560s][info ][safepoint     ] Total time for which application threads were stopped: 0.0004324 seconds, Stopping threads took: 0.0000698 seconds
[2022-02-07T17:09:13.534+0000][1054.560s][debug][safepoint     ] Safepoint synchronization initiated. (301 threads)
[2022-02-07T17:09:13.534+0000][1054.560s][info ][safepoint     ] Application time: 1.0000928 seconds
[2022-02-07T17:09:13.534+0000][1054.560s][info ][safepoint     ] Entering safepoint region: Cleanup
[2022-02-07T17:09:13.534+0000][1054.560s][info ][safepoint     ] Leaving safepoint region
[2022-02-07T17:09:13.534+0000][1054.560s][info ][safepoint     ] Total time for which application threads were stopped: 0.0004319 seconds, Stopping threads took: 0.0000690 seconds
[2022-02-07T17:09:14.534+0000][1055.560s][debug][safepoint     ] Safepoint synchronization initiated. (301 threads)
[2022-02-07T17:09:14.535+0000][1055.560s][info ][safepoint     ] Application time: 1.0001337 seconds
[2022-02-07T17:09:14.535+0000][1055.560s][info ][safepoint     ] Entering safepoint region: Cleanup
[2022-02-07T17:09:14.535+0000][1055.561s][info ][safepoint     ] Leaving safepoint region
[2022-02-07T17:09:14.535+0000][1055.561s][info ][safepoint     ] Total time for which application threads were stopped: 0.0004344 seconds, Stopping threads took: 0.0000703 seconds
[2022-02-07T17:09:15.535+0000][1056.561s][debug][safepoint     ] Safepoint synchronization initiated. (301 threads)
[2022-02-07T17:09:15.535+0000][1056.561s][info ][safepoint     ] Application time: 1.0001143 seconds
[2022-02-07T17:09:15.535+0000][1056.561s][info ][safepoint     ] Entering safepoint region: Cleanup
[2022-02-07T17:09:15.536+0000][1056.561s][info ][safepoint     ] Leaving safepoint region
[2022-02-07T17:09:15.536+0000][1056.561s][info ][safepoint     ] Total time for which application threads were stopped: 0.0004388 seconds, Stopping threads took: 0.0000686 seconds
[2022-02-07T17:09:16.536+0000][1057.561s][debug][safepoint     ] Safepoint synchronization initiated. (301 threads)
[2022-02-07T17:09:16.536+0000][1057.561s][info ][safepoint     ] Application time: 1.0000762 seconds
[2022-02-07T17:09:16.536+0000][1057.562s][info ][safepoint     ] Entering safepoint region: Cleanup
[2022-02-07T17:09:16.536+0000][1057.562s][info ][safepoint     ] Leaving safepoint region
[2022-02-07T17:09:16.536+0000][1057.562s][info ][safepoint     ] Total time for which application threads were stopped: 0.0004765 seconds, Stopping threads took: 0.0000749 seconds
[2022-02-07T17:09:16.837+0000][1057.863s][debug][safepoint     ] Safepoint synchronization initiated. (301 threads)
[2022-02-07T17:09:16.837+0000][1057.863s][info ][safepoint     ] Application time: 0.3005916 seconds
[2022-02-07T17:09:16.837+0000][1057.863s][debug][safepoint     ] Waiting for 1 thread(s) to block
[2022-02-07T17:09:16.837+0000][1057.863s][info ][safepoint     ] Entering safepoint region: G1CollectForAllocation
[2022-02-07T17:09:16.837+0000][1057.863s][info ][gc,start      ] GC(110) Pause Young (Normal) (G1 Evacuation Pause)
[2022-02-07T17:09:16.837+0000][1057.863s][info ][gc,task       ] GC(110) Using 4 workers of 4 for evacuation
[2022-02-07T17:09:16.853+0000][1057.879s][info ][gc,phases     ] GC(110)   Pre Evacuate Collection Set: 0.0ms
[2022-02-07T17:09:16.853+0000][1057.879s][info ][gc,phases     ] GC(110)   Evacuate Collection Set: 7.4ms
[2022-02-07T17:09:16.853+0000][1057.879s][info ][gc,phases     ] GC(110)   Post Evacuate Collection Set: 7.8ms
[2022-02-07T17:09:16.853+0000][1057.879s][info ][gc,phases     ] GC(110)   Other: 0.3ms
[2022-02-07T17:09:16.853+0000][1057.879s][info ][gc,heap       ] GC(110) Eden regions: 237->0(237)
[2022-02-07T17:09:16.853+0000][1057.879s][info ][gc,heap       ] GC(110) Survivor regions: 1->1(30)
[2022-02-07T17:09:16.853+0000][1057.879s][info ][gc,heap       ] GC(110) Old regions: 147->147
[2022-02-07T17:09:16.853+0000][1057.879s][info ][gc,heap       ] GC(110) Humongous regions: 0->0
[2022-02-07T17:09:16.853+0000][1057.879s][info ][gc,metaspace  ] GC(110) Metaspace: 162724K->162724K(1204224K)
[2022-02-07T17:09:16.853+0000][1057.879s][info ][gc            ] GC(110) Pause Young (Normal) (G1 Evacuation Pause) 382M->145M(430M) 15.647ms
[2022-02-07T17:09:16.853+0000][1057.879s][info ][gc,cpu        ] GC(110) User=0.02s Sys=0.00s Real=0.02s
[2022-02-07T17:09:16.853+0000][1057.879s][info ][safepoint     ] Leaving safepoint region
[2022-02-07T17:09:16.853+0000][1057.879s][info ][safepoint     ] Total time for which application threads were stopped: 0.0162668 seconds, Stopping threads took: 0.0001033 seconds
[2022-02-07T17:09:16.853+0000][1057.879s][info ][gc,stringdedup] Concurrent String Deduplication (1057.879s)
[2022-02-07T17:09:16.853+0000][1057.879s][info ][gc,stringdedup] Concurrent String Deduplication 32.0B->0.0B(32.0B) avg 53.2% (1057.879s, 1057.879s) 0.018ms
[2022-02-07T17:09:17.858+0000][1058.884s][debug][safepoint     ] Safepoint synchronization initiated. (301 threads)
[2022-02-07T17:09:17.858+0000][1058.884s][info ][safepoint     ] Application time: 1.0050885 seconds
[2022-02-07T17:09:17.858+0000][1058.884s][info ][safepoint     ] Entering safepoint region: Cleanup
[2022-02-07T17:09:17.859+0000][1058.884s][info ][safepoint     ] Leaving safepoint region
[2022-02-07T17:09:17.859+0000][1058.884s][info ][safepoint     ] Total time for which application threads were stopped: 0.0004422 seconds, Stopping threads took: 0.0000701 seconds
[2022-02-07T17:09:18.859+0000][1059.884s][debug][safepoint     ] Safepoint synchronization initiated. (301 threads)
[2022-02-07T17:09:18.859+0000][1059.884s][info ][safepoint     ] Application time: 1.0001078 seconds
[2022-02-07T17:09:18.859+0000][1059.885s][info ][safepoint     ] Entering safepoint region: Cleanup
[2022-02-07T17:09:18.859+0000][1059.885s][info ][safepoint     ] Leaving safepoint region
[2022-02-07T17:09:18.859+0000][1059.885s][info ][safepoint     ] Total time for which application threads were stopped: 0.0002864 seconds, Stopping threads took: 0.0000667 seconds
[2022-02-07T17:09:19.859+0000][1060.885s][debug][safepoint     ] Safepoint synchronization initiated. (301 threads)
[2022-02-07T17:09:19.859+0000][1060.885s][info ][safepoint     ] Application time: 1.0001169 seconds
[2022-02-07T17:09:19.859+0000][1060.885s][info ][safepoint     ] Entering safepoint region: Cleanup
[2022-02-07T17:09:19.859+0000][1060.885s][info ][safepoint     ] Leaving safepoint region
[2022-02-07T17:09:19.859+0000][1060.885s][info ][safepoint     ] Total time for which application threads were stopped: 0.0002714 seconds, Stopping threads took: 0.0000618 seconds
[2022-02-07T17:09:20.859+0000][1061.885s][debug][safepoint     ] Safepoint synchronization initiated. (301 threads)
[2022-02-07T17:09:20.859+0000][1061.885s][info ][safepoint     ] Application time: 1.0001041 seconds
[2022-02-07T17:09:20.860+0000][1061.885s][info ][safepoint     ] Entering safepoint region: Cleanup
[2022-02-07T17:09:20.860+0000][1061.886s][info ][safepoint     ] Leaving safepoint region
[2022-02-07T17:09:20.860+0000][1061.886s][debug][safepoint     ] ... found polling page loop exception at pc = 0x00007f11b5315f8f, stub =0x00007f11ac8be900
[2022-02-07T17:09:20.860+0000][1061.886s][info ][safepoint     ] Total time for which application threads were stopped: 0.0002438 seconds, Stopping threads took: 0.0000616 seconds
[2022-02-07T17:09:21.860+0000][1062.886s][debug][safepoint     ] Safepoint synchronization initiated. (301 threads)
[2022-02-07T17:09:21.860+0000][1062.886s][info ][safepoint     ] Application time: 1.0001063 seconds
[2022-02-07T17:09:21.860+0000][1062.886s][debug][safepoint     ] ... found polling page return exception at pc = 0x00007f11b4941d02, stub =0x00007f11ac8beb80
[2022-02-07T17:09:21.860+0000][1062.886s][debug][safepoint     ] Waiting for 1 thread(s) to block
[2022-02-07T17:09:21.860+0000][1062.886s][info ][safepoint     ] Entering safepoint region: Cleanup
[2022-02-07T17:09:21.860+0000][1062.886s][info ][safepoint     ] Leaving safepoint region
[2022-02-07T17:09:21.860+0000][1062.886s][info ][safepoint     ] Total time for which application threads were stopped: 0.0002869 seconds, Stopping threads took: 0.0000981 seconds
[2022-02-07T17:09:22.860+0000][1063.886s][debug][safepoint     ] Safepoint synchronization initiated. (301 threads)
[2022-02-07T17:09:22.860+0000][1063.886s][info ][safepoint     ] Application time: 1.0001311 seconds
[2022-02-07T17:09:22.860+0000][1063.886s][debug][safepoint     ] ... found polling page return exception at pc = 0x00007f11b4d593bb, stub =0x00007f11ac8beb80
[2022-02-07T17:09:22.860+0000][1063.886s][debug][safepoint     ] Waiting for 1 thread(s) to block
[2022-02-07T17:09:22.860+0000][1063.886s][info ][safepoint     ] Entering safepoint region: Cleanup
[2022-02-07T17:09:22.861+0000][1063.887s][info ][safepoint     ] Leaving safepoint region
[2022-02-07T17:09:22.861+0000][1063.887s][info ][safepoint     ] Total time for which application threads were stopped: 0.0004839 seconds, Stopping threads took: 0.0001097 seconds
[2022-02-07T17:09:23.861+0000][1064.887s][debug][safepoint     ] Safepoint synchronization initiated. (301 threads)
[2022-02-07T17:09:23.861+0000][1064.887s][info ][safepoint     ] Application time: 1.0001119 seconds
[2022-02-07T17:09:23.861+0000][1064.887s][info ][safepoint     ] Entering safepoint region: Cleanup
[2022-02-07T17:09:23.861+0000][1064.887s][info ][safepoint     ] Leaving safepoint region
[2022-02-07T17:09:23.861+0000][1064.887s][info ][safepoint     ] Total time for which application threads were stopped: 0.0002655 seconds, Stopping threads took: 0.0000594 seconds
[2022-02-07T17:09:24.861+0000][1065.887s][debug][safepoint     ] Safepoint synchronization initiated. (301 threads)
[2022-02-07T17:09:24.861+0000][1065.887s][info ][safepoint     ] Application time: 1.0001126 seconds
[2022-02-07T17:09:24.861+0000][1065.887s][info ][safepoint     ] Entering safepoint region: Cleanup
[2022-02-07T17:09:24.862+0000][1065.887s][info ][safepoint     ] Leaving safepoint region
[2022-02-07T17:09:24.862+0000][1065.887s][info ][safepoint     ] Total time for which application threads were stopped: 0.0002436 seconds, Stopping threads took: 0.0000701 seconds
[2022-02-07T17:09:25.862+0000][1066.887s][debug][safepoint     ] Safepoint synchronization initiated. (301 threads)
[2022-02-07T17:09:25.862+0000][1066.888s][info ][safepoint     ] Application time: 1.0001166 seconds
[2022-02-07T17:09:25.862+0000][1066.888s][info ][safepoint     ] Entering safepoint region: Cleanup
[2022-02-07T17:09:25.862+0000][1066.888s][info ][safepoint     ] Leaving safepoint region
[2022-02-07T17:09:25.862+0000][1066.888s][info ][safepoint     ] Total time for which application threads were stopped: 0.0004316 seconds, Stopping threads took: 0.0000690 seconds
[2022-02-07T17:09:26.862+0000][1067.888s][debug][safepoint     ] Safepoint synchronization initiated. (301 threads)
[2022-02-07T17:09:26.862+0000][1067.888s][info ][safepoint     ] Application time: 1.0001122 seconds
[2022-02-07T17:09:26.862+0000][1067.888s][info ][safepoint     ] Entering safepoint region: Cleanup
[2022-02-07T17:09:26.862+0000][1067.888s][info ][safepoint     ] Leaving safepoint region
[2022-02-07T17:09:26.862+0000][1067.888s][info ][safepoint     ] Total time for which application threads were stopped: 0.0002511 seconds, Stopping threads took: 0.0000696 seconds
[2022-02-07T17:09:27.863+0000][1068.888s][debug][safepoint     ] Safepoint synchronization initiated. (301 threads)
[2022-02-07T17:09:27.863+0000][1068.888s][info ][safepoint     ] Application time: 1.0001237 seconds
[2022-02-07T17:09:27.863+0000][1068.889s][info ][safepoint     ] Entering safepoint region: Cleanup
[2022-02-07T17:09:27.863+0000][1068.889s][info ][safepoint     ] Leaving safepoint region
[2022-02-07T17:09:27.863+0000][1068.889s][info ][safepoint     ] Total time for which application threads were stopped: 0.0002510 seconds, Stopping threads took: 0.0000765 seconds
[2022-02-07T17:09:28.863+0000][1069.889s][debug][safepoint     ] Safepoint synchronization initiated. (301 threads)
[2022-02-07T17:09:28.863+0000][1069.889s][info ][safepoint     ] Application time: 1.0001260 seconds
[2022-02-07T17:09:28.863+0000][1069.889s][info ][safepoint     ] Entering safepoint region: Cleanup
[2022-02-07T17:09:28.863+0000][1069.889s][info ][safepoint     ] Leaving safepoint region
[2022-02-07T17:09:28.864+0000][1069.889s][info ][safepoint     ] Total time for which application threads were stopped: 0.0005001 seconds, Stopping threads took: 0.0000794 seconds
[2022-02-07T17:09:29.864+0000][1070.890s][debug][safepoint     ] Safepoint synchronization initiated. (301 threads)
[2022-02-07T17:09:29.864+0000][1070.890s][info ][safepoint     ] Application time: 1.0001612 seconds
[2022-02-07T17:09:29.864+0000][1070.890s][info ][safepoint     ] Entering safepoint region: Cleanup
[2022-02-07T17:09:29.864+0000][1070.890s][info ][safepoint     ] Leaving safepoint region
[2022-02-07T17:09:29.864+0000][1070.890s][info ][safepoint     ] Total time for which application threads were stopped: 0.0004591 seconds, Stopping threads took: 0.0000732 seconds
[2022-02-07T17:09:30.864+0000][1071.890s][debug][safepoint     ] Safepoint synchronization initiated. (301 threads)
[2022-02-07T17:09:30.864+0000][1071.890s][info ][safepoint     ] Application time: 1.0001298 seconds
[2022-02-07T17:09:30.864+0000][1071.890s][info ][safepoint     ] Entering safepoint region: Cleanup
[2022-02-07T17:09:30.865+0000][1071.891s][info ][safepoint     ] Leaving safepoint region
[2022-02-07T17:09:30.865+0000][1071.891s][info ][safepoint     ] Total time for which application threads were stopped: 0.0004433 seconds, Stopping threads took: 0.0000723 seconds
[2022-02-07T17:09:31.865+0000][1072.891s][debug][safepoint     ] Safepoint synchronization initiated. (301 threads)
[2022-02-07T17:09:31.865+0000][1072.891s][info ][safepoint     ] Application time: 1.0001266 seconds
[2022-02-07T17:09:31.865+0000][1072.891s][debug][safepoint     ] ... found polling page loop exception at pc = 0x00007f11b5309114, stub =0x00007f11ac8be900
[2022-02-07T17:09:31.865+0000][1072.891s][debug][safepoint     ] Waiting for 1 thread(s) to block
[2022-02-07T17:09:31.865+0000][1072.891s][info ][safepoint     ] Entering safepoint region: Cleanup
[2022-02-07T17:09:31.865+0000][1072.891s][info ][safepoint     ] Leaving safepoint region
[2022-02-07T17:09:31.865+0000][1072.891s][info ][safepoint     ] Total time for which application threads were stopped: 0.0005723 seconds, Stopping threads took: 0.0001385 seconds
[2022-02-07T17:09:32.866+0000][1073.891s][debug][safepoint     ] Safepoint synchronization initiated. (301 threads)
[2022-02-07T17:09:32.866+0000][1073.891s][info ][safepoint     ] Application time: 1.0001205 seconds
[2022-02-07T17:09:32.866+0000][1073.892s][info ][safepoint     ] Entering safepoint region: Cleanup
[2022-02-07T17:09:32.866+0000][1073.892s][info ][safepoint     ] Leaving safepoint region
[2022-02-07T17:09:32.866+0000][1073.892s][info ][safepoint     ] Total time for which application threads were stopped: 0.0004469 seconds, Stopping threads took: 0.0000699 seconds
[2022-02-07T17:09:33.866+0000][1074.892s][debug][safepoint     ] Safepoint synchronization initiated. (301 threads)
[2022-02-07T17:09:33.866+0000][1074.892s][info ][safepoint     ] Application time: 1.0001124 seconds
[2022-02-07T17:09:33.866+0000][1074.892s][info ][safepoint     ] Entering safepoint region: Cleanup
[2022-02-07T17:09:33.866+0000][1074.892s][info ][safepoint     ] Leaving safepoint region
[2022-02-07T17:09:33.866+0000][1074.892s][info ][safepoint     ] Total time for which application threads were stopped: 0.0003163 seconds, Stopping threads took: 0.0000704 seconds
[2022-02-07T17:09:34.867+0000][1075.892s][debug][safepoint     ] Safepoint synchronization initiated. (301 threads)
[2022-02-07T17:09:34.867+0000][1075.892s][info ][safepoint     ] Application time: 1.0001290 seconds
[2022-02-07T17:09:34.867+0000][1075.893s][info ][safepoint     ] Entering safepoint region: Cleanup
[2022-02-07T17:09:34.867+0000][1075.893s][info ][safepoint     ] Leaving safepoint region
[2022-02-07T17:09:34.867+0000][1075.893s][info ][safepoint     ] Total time for which application threads were stopped: 0.0003263 seconds, Stopping threads took: 0.0000780 seconds
[2022-02-07T17:09:34.946+0000][1075.972s][debug][safepoint     ] Safepoint synchronization initiated. (301 threads)
[2022-02-07T17:09:34.946+0000][1075.972s][info ][safepoint     ] Application time: 0.0790540 seconds
[2022-02-07T17:09:34.946+0000][1075.972s][info ][safepoint     ] Entering safepoint region: G1CollectForAllocation
[2022-02-07T17:09:34.946+0000][1075.972s][info ][gc,start      ] GC(111) Pause Young (Normal) (G1 Evacuation Pause)
[2022-02-07T17:09:34.946+0000][1075.972s][info ][gc,task       ] GC(111) Using 4 workers of 4 for evacuation
[2022-02-07T17:09:34.965+0000][1075.991s][info ][gc,phases     ] GC(111)   Pre Evacuate Collection Set: 0.0ms
[2022-02-07T17:09:34.965+0000][1075.991s][info ][gc,phases     ] GC(111)   Evacuate Collection Set: 8.7ms
[2022-02-07T17:09:34.965+0000][1075.991s][info ][gc,phases     ] GC(111)   Post Evacuate Collection Set: 9.8ms
[2022-02-07T17:09:34.965+0000][1075.991s][info ][gc,phases     ] GC(111)   Other: 0.3ms
[2022-02-07T17:09:34.965+0000][1075.991s][info ][gc,heap       ] GC(111) Eden regions: 237->0(237)
[2022-02-07T17:09:34.965+0000][1075.991s][info ][gc,heap       ] GC(111) Survivor regions: 1->1(30)
[2022-02-07T17:09:34.965+0000][1075.991s][info ][gc,heap       ] GC(111) Old regions: 147->147
[2022-02-07T17:09:34.965+0000][1075.991s][info ][gc,heap       ] GC(111) Humongous regions: 0->0
[2022-02-07T17:09:34.965+0000][1075.991s][info ][gc,metaspace  ] GC(111) Metaspace: 162756K->162756K(1204224K)
[2022-02-07T17:09:34.965+0000][1075.991s][info ][gc            ] GC(111) Pause Young (Normal) (G1 Evacuation Pause) 382M->145M(430M) 18.920ms
[2022-02-07T17:09:34.965+0000][1075.991s][info ][gc,cpu        ] GC(111) User=0.02s Sys=0.00s Real=0.02s
[2022-02-07T17:09:34.965+0000][1075.991s][info ][safepoint     ] Leaving safepoint region
[2022-02-07T17:09:34.965+0000][1075.991s][info ][safepoint     ] Total time for which application threads were stopped: 0.0194025 seconds, Stopping threads took: 0.0000732 seconds
[2022-02-07T17:09:34.966+0000][1075.992s][info ][gc,stringdedup] Concurrent String Deduplication (1075.992s)
[2022-02-07T17:09:34.966+0000][1075.992s][info ][gc,stringdedup] Concurrent String Deduplication 1368.0B->0.0B(1368.0B) avg 53.2% (1075.992s, 1075.992s) 0.046ms
[2022-02-07T17:09:35.966+0000][1076.992s][debug][safepoint     ] Safepoint synchronization initiated. (301 threads)
[2022-02-07T17:09:35.966+0000][1076.992s][info ][safepoint     ] Application time: 1.0008608 seconds
[2022-02-07T17:09:35.966+0000][1076.992s][info ][safepoint     ] Entering safepoint region: Cleanup
[2022-02-07T17:09:35.967+0000][1076.993s][info ][safepoint     ] Leaving safepoint region
[2022-02-07T17:09:35.967+0000][1076.993s][info ][safepoint     ] Total time for which application threads were stopped: 0.0004537 seconds, Stopping threads took: 0.0000792 seconds
[2022-02-07T17:09:36.968+0000][1077.994s][debug][safepoint     ] Safepoint synchronization initiated. (301 threads)
[2022-02-07T17:09:36.968+0000][1077.994s][info ][safepoint     ] Application time: 1.0009198 seconds
[2022-02-07T17:09:36.968+0000][1077.994s][info ][safepoint     ] Entering safepoint region: Cleanup
[2022-02-07T17:09:36.968+0000][1077.994s][info ][safepoint     ] Leaving safepoint region
[2022-02-07T17:09:36.968+0000][1077.994s][info ][safepoint     ] Total time for which application threads were stopped: 0.0004450 seconds, Stopping threads took: 0.0000732 seconds
[2022-02-07T17:09:37.968+0000][1078.994s][debug][safepoint     ] Safepoint synchronization initiated. (301 threads)
[2022-02-07T17:09:37.968+0000][1078.994s][info ][safepoint     ] Application time: 1.0001421 seconds
[2022-02-07T17:09:37.968+0000][1078.994s][info ][safepoint     ] Entering safepoint region: Cleanup
[2022-02-07T17:09:37.969+0000][1078.995s][info ][safepoint     ] Leaving safepoint region
[2022-02-07T17:09:37.969+0000][1078.995s][info ][safepoint     ] Total time for which application threads were stopped: 0.0004617 seconds, Stopping threads took: 0.0000765 seconds
[2022-02-07T17:09:38.969+0000][1079.995s][debug][safepoint     ] Safepoint synchronization initiated. (301 threads)
[2022-02-07T17:09:38.969+0000][1079.995s][info ][safepoint     ] Application time: 1.0001094 seconds
[2022-02-07T17:09:38.969+0000][1079.995s][info ][safepoint     ] Entering safepoint region: Cleanup
[2022-02-07T17:09:38.969+0000][1079.995s][info ][safepoint     ] Leaving safepoint region
[2022-02-07T17:09:38.969+0000][1079.995s][info ][safepoint     ] Total time for which application threads were stopped: 0.0003274 seconds, Stopping threads took: 0.0000686 seconds
[2022-02-07T17:09:39.969+0000][1080.995s][debug][safepoint     ] Safepoint synchronization initiated. (301 threads)
[2022-02-07T17:09:39.969+0000][1080.995s][info ][safepoint     ] Application time: 1.0001103 seconds
[2022-02-07T17:09:39.969+0000][1080.995s][info ][safepoint     ] Entering safepoint region: Cleanup
[2022-02-07T17:09:39.970+0000][1080.996s][info ][safepoint     ] Leaving safepoint region
[2022-02-07T17:09:39.970+0000][1080.996s][info ][safepoint     ] Total time for which application threads were stopped: 0.0004347 seconds, Stopping threads took: 0.0000688 seconds
[2022-02-07T17:09:40.970+0000][1081.996s][debug][safepoint     ] Safepoint synchronization initiated. (301 threads)
[2022-02-07T17:09:40.970+0000][1081.996s][info ][safepoint     ] Application time: 1.0001210 seconds
[2022-02-07T17:09:40.970+0000][1081.996s][info ][safepoint     ] Entering safepoint region: Cleanup
[2022-02-07T17:09:40.970+0000][1081.996s][info ][safepoint     ] Leaving safepoint region
[2022-02-07T17:09:40.970+0000][1081.996s][info ][safepoint     ] Total time for which application threads were stopped: 0.0004660 seconds, Stopping threads took: 0.0000768 seconds
[2022-02-07T17:09:41.971+0000][1082.996s][debug][safepoint     ] Safepoint synchronization initiated. (301 threads)
[2022-02-07T17:09:41.971+0000][1082.996s][info ][safepoint     ] Application time: 1.0001120 seconds
[2022-02-07T17:09:41.971+0000][1082.996s][info ][safepoint     ] Entering safepoint region: Cleanup
[2022-02-07T17:09:41.971+0000][1082.997s][info ][safepoint     ] Leaving safepoint region
[2022-02-07T17:09:41.971+0000][1082.997s][info ][safepoint     ] Total time for which application threads were stopped: 0.0004316 seconds, Stopping threads took: 0.0000688 seconds
[2022-02-07T17:09:42.971+0000][1083.997s][debug][safepoint     ] Safepoint synchronization initiated. (301 threads)
[2022-02-07T17:09:42.971+0000][1083.997s][info ][safepoint     ] Application time: 1.0001181 seconds
[2022-02-07T17:09:42.971+0000][1083.997s][info ][safepoint     ] Entering safepoint region: Cleanup
[2022-02-07T17:09:42.972+0000][1083.997s][info ][safepoint     ] Leaving safepoint region
[2022-02-07T17:09:42.972+0000][1083.997s][info ][safepoint     ] Total time for which application threads were stopped: 0.0004585 seconds, Stopping threads took: 0.0000914 seconds
[2022-02-07T17:09:43.972+0000][1084.998s][debug][safepoint     ] Safepoint synchronization initiated. (301 threads)
[2022-02-07T17:09:43.972+0000][1084.998s][info ][safepoint     ] Application time: 1.0001387 seconds
[2022-02-07T17:09:43.972+0000][1084.998s][info ][safepoint     ] Entering safepoint region: Cleanup
[2022-02-07T17:09:43.972+0000][1084.998s][info ][safepoint     ] Leaving safepoint region
[2022-02-07T17:09:43.972+0000][1084.998s][info ][safepoint     ] Total time for which application threads were stopped: 0.0003005 seconds, Stopping threads took: 0.0000719 seconds
[2022-02-07T17:09:44.972+0000][1085.998s][debug][safepoint     ] Safepoint synchronization initiated. (301 threads)
[2022-02-07T17:09:44.972+0000][1085.998s][info ][safepoint     ] Application time: 1.0001216 seconds
[2022-02-07T17:09:44.972+0000][1085.998s][info ][safepoint     ] Entering safepoint region: Cleanup
[2022-02-07T17:09:44.973+0000][1085.998s][info ][safepoint     ] Leaving safepoint region
[2022-02-07T17:09:44.973+0000][1085.998s][info ][safepoint     ] Total time for which application threads were stopped: 0.0003455 seconds, Stopping threads took: 0.0000697 seconds
[2022-02-07T17:09:45.973+0000][1086.998s][debug][safepoint     ] Safepoint synchronization initiated. (301 threads)
[2022-02-07T17:09:45.973+0000][1086.999s][info ][safepoint     ] Application time: 1.0001201 seconds
[2022-02-07T17:09:45.973+0000][1086.999s][info ][safepoint     ] Entering safepoint region: Cleanup
[2022-02-07T17:09:45.973+0000][1086.999s][info ][safepoint     ] Leaving safepoint region
[2022-02-07T17:09:45.973+0000][1086.999s][info ][safepoint     ] Total time for which application threads were stopped: 0.0002658 seconds, Stopping threads took: 0.0000724 seconds
[2022-02-07T17:09:46.973+0000][1087.999s][debug][safepoint     ] Safepoint synchronization initiated. (301 threads)
[2022-02-07T17:09:46.973+0000][1087.999s][info ][safepoint     ] Application time: 1.0001135 seconds
[2022-02-07T17:09:46.973+0000][1087.999s][info ][safepoint     ] Entering safepoint region: Cleanup
[2022-02-07T17:09:46.973+0000][1087.999s][info ][safepoint     ] Leaving safepoint region
[2022-02-07T17:09:46.973+0000][1087.999s][info ][safepoint     ] Total time for which application threads were stopped: 0.0002637 seconds, Stopping threads took: 0.0000743 seconds
[2022-02-07T17:09:47.973+0000][1088.999s][debug][safepoint     ] Safepoint synchronization initiated. (301 threads)
[2022-02-07T17:09:47.973+0000][1088.999s][info ][safepoint     ] Application time: 1.0001226 seconds
[2022-02-07T17:09:47.974+0000][1088.999s][info ][safepoint     ] Entering safepoint region: Cleanup
[2022-02-07T17:09:47.974+0000][1089.000s][info ][safepoint     ] Leaving safepoint region
[2022-02-07T17:09:47.974+0000][1089.000s][info ][safepoint     ] Total time for which application threads were stopped: 0.0002766 seconds, Stopping threads took: 0.0000703 seconds
[2022-02-07T17:09:48.974+0000][1090.000s][debug][safepoint     ] Safepoint synchronization initiated. (301 threads)
[2022-02-07T17:09:48.974+0000][1090.000s][info ][safepoint     ] Application time: 1.0001324 seconds
[2022-02-07T17:09:48.974+0000][1090.000s][debug][safepoint     ] ... found polling page return exception at pc = 0x00007f11b515bc7f, stub =0x00007f11ac8beb80
[2022-02-07T17:09:48.974+0000][1090.000s][debug][safepoint     ] Waiting for 1 thread(s) to block
[2022-02-07T17:09:48.974+0000][1090.000s][info ][safepoint     ] Entering safepoint region: Cleanup
[2022-02-07T17:09:48.974+0000][1090.000s][info ][safepoint     ] Leaving safepoint region
[2022-02-07T17:09:48.974+0000][1090.000s][info ][safepoint     ] Total time for which application threads were stopped: 0.0003300 seconds, Stopping threads took: 0.0001080 seconds
[2022-02-07T17:09:49.539+0000][1090.564s][debug][safepoint     ] Safepoint synchronization initiated. (301 threads)
[2022-02-07T17:09:49.539+0000][1090.564s][info ][safepoint     ] Application time: 0.5643085 seconds
[2022-02-07T17:09:49.539+0000][1090.564s][info ][safepoint     ] Entering safepoint region: G1CollectForAllocation
[2022-02-07T17:09:49.539+0000][1090.565s][info ][gc,start      ] GC(112) Pause Young (Normal) (G1 Evacuation Pause)
[2022-02-07T17:09:49.539+0000][1090.565s][info ][gc,task       ] GC(112) Using 4 workers of 4 for evacuation
[2022-02-07T17:09:49.546+0000][1090.572s][info ][gc,phases     ] GC(112)   Pre Evacuate Collection Set: 0.0ms
[2022-02-07T17:09:49.546+0000][1090.572s][info ][gc,phases     ] GC(112)   Evacuate Collection Set: 3.2ms
[2022-02-07T17:09:49.546+0000][1090.572s][info ][gc,phases     ] GC(112)   Post Evacuate Collection Set: 4.1ms
[2022-02-07T17:09:49.546+0000][1090.572s][info ][gc,phases     ] GC(112)   Other: 0.2ms
[2022-02-07T17:09:49.546+0000][1090.572s][info ][gc,heap       ] GC(112) Eden regions: 237->0(237)
[2022-02-07T17:09:49.546+0000][1090.572s][info ][gc,heap       ] GC(112) Survivor regions: 1->1(30)
[2022-02-07T17:09:49.547+0000][1090.572s][info ][gc,heap       ] GC(112) Old regions: 147->147
[2022-02-07T17:09:49.547+0000][1090.572s][info ][gc,heap       ] GC(112) Humongous regions: 0->0
[2022-02-07T17:09:49.547+0000][1090.572s][info ][gc,metaspace  ] GC(112) Metaspace: 162756K->162756K(1204224K)
[2022-02-07T17:09:49.547+0000][1090.572s][info ][gc            ] GC(112) Pause Young (Normal) (G1 Evacuation Pause) 382M->145M(430M) 7.651ms
[2022-02-07T17:09:49.547+0000][1090.572s][info ][gc,cpu        ] GC(112) User=0.01s Sys=0.00s Real=0.01s
[2022-02-07T17:09:49.547+0000][1090.573s][info ][safepoint     ] Leaving safepoint region
[2022-02-07T17:09:49.547+0000][1090.573s][info ][safepoint     ] Total time for which application threads were stopped: 0.0080798 seconds, Stopping threads took: 0.0000698 seconds
[2022-02-07T17:09:49.547+0000][1090.573s][info ][gc,stringdedup] Concurrent String Deduplication (1090.573s)
[2022-02-07T17:09:49.547+0000][1090.573s][info ][gc,stringdedup] Concurrent String Deduplication 128.0B->0.0B(128.0B) avg 53.2% (1090.573s, 1090.573s) 0.026ms
[2022-02-07T17:09:50.547+0000][1091.573s][debug][safepoint     ] Safepoint synchronization initiated. (301 threads)
[2022-02-07T17:09:50.547+0000][1091.573s][info ][safepoint     ] Application time: 1.0001525 seconds
[2022-02-07T17:09:50.547+0000][1091.573s][info ][safepoint     ] Entering safepoint region: Cleanup
[2022-02-07T17:09:50.547+0000][1091.573s][info ][safepoint     ] Leaving safepoint region
[2022-02-07T17:09:50.547+0000][1091.573s][info ][safepoint     ] Total time for which application threads were stopped: 0.0003236 seconds, Stopping threads took: 0.0000716 seconds
[2022-02-07T17:09:51.547+0000][1092.573s][debug][safepoint     ] Safepoint synchronization initiated. (301 threads)
[2022-02-07T17:09:51.547+0000][1092.573s][info ][safepoint     ] Application time: 1.0001158 seconds
[2022-02-07T17:09:51.547+0000][1092.573s][info ][safepoint     ] Entering safepoint region: Cleanup
[2022-02-07T17:09:51.548+0000][1092.573s][info ][safepoint     ] Leaving safepoint region
[2022-02-07T17:09:51.548+0000][1092.573s][info ][safepoint     ] Total time for which application threads were stopped: 0.0003043 seconds, Stopping threads took: 0.0000794 seconds
[2022-02-07T17:09:52.551+0000][1093.577s][debug][safepoint     ] Safepoint synchronization initiated. (301 threads)
[2022-02-07T17:09:52.551+0000][1093.577s][info ][safepoint     ] Application time: 1.0036749 seconds
[2022-02-07T17:09:52.551+0000][1093.577s][info ][safepoint     ] Entering safepoint region: Cleanup
[2022-02-07T17:09:52.552+0000][1093.577s][info ][safepoint     ] Leaving safepoint region
[2022-02-07T17:09:52.552+0000][1093.577s][info ][safepoint     ] Total time for which application threads were stopped: 0.0002961 seconds, Stopping threads took: 0.0000721 seconds
[2022-02-07T17:09:53.552+0000][1094.578s][debug][safepoint     ] Safepoint synchronization initiated. (301 threads)
[2022-02-07T17:09:53.552+0000][1094.578s][info ][safepoint     ] Application time: 1.0001441 seconds
[2022-02-07T17:09:53.552+0000][1094.578s][debug][safepoint     ] Waiting for 1 thread(s) to block
[2022-02-07T17:09:53.552+0000][1094.578s][info ][safepoint     ] Entering safepoint region: Cleanup
[2022-02-07T17:09:53.552+0000][1094.578s][info ][safepoint     ] Leaving safepoint region
[2022-02-07T17:09:53.552+0000][1094.578s][info ][safepoint     ] Total time for which application threads were stopped: 0.0003363 seconds, Stopping threads took: 0.0000945 seconds
[2022-02-07T17:09:54.552+0000][1095.578s][debug][safepoint     ] Safepoint synchronization initiated. (301 threads)
[2022-02-07T17:09:54.552+0000][1095.578s][info ][safepoint     ] Application time: 1.0001457 seconds
[2022-02-07T17:09:54.552+0000][1095.578s][info ][safepoint     ] Entering safepoint region: Cleanup
[2022-02-07T17:09:54.553+0000][1095.579s][info ][safepoint     ] Leaving safepoint region
[2022-02-07T17:09:54.553+0000][1095.579s][info ][safepoint     ] Total time for which application threads were stopped: 0.0004432 seconds, Stopping threads took: 0.0000716 seconds
[2022-02-07T17:09:55.553+0000][1096.579s][debug][safepoint     ] Safepoint synchronization initiated. (301 threads)
[2022-02-07T17:09:55.553+0000][1096.579s][info ][safepoint     ] Application time: 1.0001142 seconds
[2022-02-07T17:09:55.553+0000][1096.579s][info ][safepoint     ] Entering safepoint region: Cleanup
[2022-02-07T17:09:55.553+0000][1096.579s][info ][safepoint     ] Leaving safepoint region
[2022-02-07T17:09:55.553+0000][1096.579s][info ][safepoint     ] Total time for which application threads were stopped: 0.0004751 seconds, Stopping threads took: 0.0000816 seconds
[2022-02-07T17:09:56.553+0000][1097.579s][debug][safepoint     ] Safepoint synchronization initiated. (301 threads)
[2022-02-07T17:09:56.553+0000][1097.579s][info ][safepoint     ] Application time: 1.0001087 seconds
[2022-02-07T17:09:56.554+0000][1097.579s][info ][safepoint     ] Entering safepoint region: Cleanup
[2022-02-07T17:09:56.554+0000][1097.580s][info ][safepoint     ] Leaving safepoint region
[2022-02-07T17:09:56.554+0000][1097.580s][info ][safepoint     ] Total time for which application threads were stopped: 0.0002999 seconds, Stopping threads took: 0.0000721 seconds
[2022-02-07T17:09:57.554+0000][1098.580s][debug][safepoint     ] Safepoint synchronization initiated. (301 threads)
[2022-02-07T17:09:57.554+0000][1098.580s][info ][safepoint     ] Application time: 1.0001273 seconds
[2022-02-07T17:09:57.554+0000][1098.580s][info ][safepoint     ] Entering safepoint region: Cleanup
[2022-02-07T17:09:57.554+0000][1098.580s][info ][safepoint     ] Leaving safepoint region
[2022-02-07T17:09:57.554+0000][1098.580s][info ][safepoint     ] Total time for which application threads were stopped: 0.0004438 seconds, Stopping threads took: 0.0000706 seconds
[2022-02-07T17:09:58.554+0000][1099.580s][debug][safepoint     ] Safepoint synchronization initiated. (301 threads)
[2022-02-07T17:09:58.554+0000][1099.580s][info ][safepoint     ] Application time: 1.0001301 seconds
[2022-02-07T17:09:58.555+0000][1099.580s][info ][safepoint     ] Entering safepoint region: Cleanup
[2022-02-07T17:09:58.555+0000][1099.581s][info ][safepoint     ] Leaving safepoint region
[2022-02-07T17:09:58.555+0000][1099.581s][info ][safepoint     ] Total time for which application threads were stopped: 0.0004377 seconds, Stopping threads took: 0.0000707 seconds
[2022-02-07T17:09:59.555+0000][1100.581s][debug][safepoint     ] Safepoint synchronization initiated. (301 threads)
[2022-02-07T17:09:59.555+0000][1100.581s][info ][safepoint     ] Application time: 1.0001154 seconds
[2022-02-07T17:09:59.555+0000][1100.581s][info ][safepoint     ] Entering safepoint region: Cleanup
[2022-02-07T17:09:59.555+0000][1100.581s][info ][safepoint     ] Leaving safepoint region
[2022-02-07T17:09:59.555+0000][1100.581s][info ][safepoint     ] Total time for which application threads were stopped: 0.0004550 seconds, Stopping threads took: 0.0000683 seconds
[2022-02-07T17:10:00.556+0000][1101.581s][debug][safepoint     ] Safepoint synchronization initiated. (301 threads)
[2022-02-07T17:10:00.556+0000][1101.581s][info ][safepoint     ] Application time: 1.0001173 seconds
[2022-02-07T17:10:00.556+0000][1101.582s][info ][safepoint     ] Entering safepoint region: Cleanup
[2022-02-07T17:10:00.556+0000][1101.582s][info ][safepoint     ] Leaving safepoint region
[2022-02-07T17:10:00.556+0000][1101.582s][info ][safepoint     ] Total time for which application threads were stopped: 0.0004651 seconds, Stopping threads took: 0.0000745 seconds
[2022-02-07T17:10:01.556+0000][1102.582s][debug][safepoint     ] Safepoint synchronization initiated. (301 threads)
[2022-02-07T17:10:01.556+0000][1102.582s][info ][safepoint     ] Application time: 1.0001142 seconds
[2022-02-07T17:10:01.556+0000][1102.582s][info ][safepoint     ] Entering safepoint region: Cleanup
[2022-02-07T17:10:01.557+0000][1102.583s][info ][safepoint     ] Leaving safepoint region
[2022-02-07T17:10:01.557+0000][1102.583s][info ][safepoint     ] Total time for which application threads were stopped: 0.0004314 seconds, Stopping threads took: 0.0000691 seconds
[2022-02-07T17:10:02.557+0000][1103.583s][debug][safepoint     ] Safepoint synchronization initiated. (301 threads)
[2022-02-07T17:10:02.557+0000][1103.583s][info ][safepoint     ] Application time: 1.0001300 seconds
[2022-02-07T17:10:02.557+0000][1103.583s][info ][safepoint     ] Entering safepoint region: Cleanup
[2022-02-07T17:10:02.557+0000][1103.583s][info ][safepoint     ] Leaving safepoint region
[2022-02-07T17:10:02.557+0000][1103.583s][info ][safepoint     ] Total time for which application threads were stopped: 0.0004506 seconds, Stopping threads took: 0.0000728 seconds
[2022-02-07T17:10:02.581+0000][1103.607s][debug][safepoint     ] Safepoint synchronization initiated. (301 threads)
[2022-02-07T17:10:02.581+0000][1103.607s][info ][safepoint     ] Application time: 0.0236559 seconds
[2022-02-07T17:10:02.581+0000][1103.607s][info ][safepoint     ] Entering safepoint region: G1CollectForAllocation
[2022-02-07T17:10:02.581+0000][1103.607s][info ][gc,start      ] GC(113) Pause Young (Normal) (G1 Evacuation Pause)
[2022-02-07T17:10:02.581+0000][1103.607s][info ][gc,task       ] GC(113) Using 4 workers of 4 for evacuation
[2022-02-07T17:10:02.606+0000][1103.632s][info ][gc,phases     ] GC(113)   Pre Evacuate Collection Set: 0.0ms
[2022-02-07T17:10:02.606+0000][1103.632s][info ][gc,phases     ] GC(113)   Evacuate Collection Set: 19.3ms
[2022-02-07T17:10:02.606+0000][1103.632s][info ][gc,phases     ] GC(113)   Post Evacuate Collection Set: 5.2ms
[2022-02-07T17:10:02.606+0000][1103.632s][info ][gc,phases     ] GC(113)   Other: 0.3ms
[2022-02-07T17:10:02.606+0000][1103.632s][info ][gc,heap       ] GC(113) Eden regions: 237->0(237)
[2022-02-07T17:10:02.606+0000][1103.632s][info ][gc,heap       ] GC(113) Survivor regions: 1->1(30)
[2022-02-07T17:10:02.606+0000][1103.632s][info ][gc,heap       ] GC(113) Old regions: 147->147
[2022-02-07T17:10:02.606+0000][1103.632s][info ][gc,heap       ] GC(113) Humongous regions: 0->0
[2022-02-07T17:10:02.606+0000][1103.632s][info ][gc,metaspace  ] GC(113) Metaspace: 162764K->162764K(1204224K)
[2022-02-07T17:10:02.606+0000][1103.632s][info ][gc            ] GC(113) Pause Young (Normal) (G1 Evacuation Pause) 382M->145M(430M) 24.921ms
[2022-02-07T17:10:02.606+0000][1103.632s][info ][gc,cpu        ] GC(113) User=0.02s Sys=0.00s Real=0.02s
[2022-02-07T17:10:02.606+0000][1103.632s][info ][safepoint     ] Leaving safepoint region
[2022-02-07T17:10:02.606+0000][1103.632s][info ][safepoint     ] Total time for which application threads were stopped: 0.0254964 seconds, Stopping threads took: 0.0000732 seconds
[2022-02-07T17:10:02.606+0000][1103.632s][info ][gc,stringdedup] Concurrent String Deduplication (1103.632s)
[2022-02-07T17:10:02.607+0000][1103.632s][info ][gc,stringdedup] Concurrent String Deduplication 1728.0B->0.0B(1728.0B) avg 53.2% (1103.632s, 1103.632s) 0.032ms
[2022-02-07T17:10:03.607+0000][1104.632s][debug][safepoint     ] Safepoint synchronization initiated. (301 threads)
[2022-02-07T17:10:03.607+0000][1104.632s][info ][safepoint     ] Application time: 1.0001452 seconds
[2022-02-07T17:10:03.607+0000][1104.633s][info ][safepoint     ] Entering safepoint region: Cleanup
[2022-02-07T17:10:03.607+0000][1104.633s][info ][safepoint     ] Leaving safepoint region
[2022-02-07T17:10:03.607+0000][1104.633s][info ][safepoint     ] Total time for which application threads were stopped: 0.0004479 seconds, Stopping threads took: 0.0000736 seconds
[2022-02-07T17:10:04.607+0000][1105.633s][debug][safepoint     ] Safepoint synchronization initiated. (301 threads)
[2022-02-07T17:10:04.607+0000][1105.633s][info ][safepoint     ] Application time: 1.0001231 seconds
[2022-02-07T17:10:04.607+0000][1105.633s][debug][safepoint     ] ... found polling page return exception at pc = 0x00007f11b4fa9ec3, stub =0x00007f11ac8beb80
[2022-02-07T17:10:04.607+0000][1105.633s][debug][safepoint     ] Waiting for 1 thread(s) to block
[2022-02-07T17:10:04.607+0000][1105.633s][info ][safepoint     ] Entering safepoint region: Cleanup
[2022-02-07T17:10:04.608+0000][1105.634s][info ][safepoint     ] Leaving safepoint region
[2022-02-07T17:10:04.608+0000][1105.634s][info ][safepoint     ] Total time for which application threads were stopped: 0.0004764 seconds, Stopping threads took: 0.0001125 seconds
[2022-02-07T17:10:05.608+0000][1106.634s][debug][safepoint     ] Safepoint synchronization initiated. (301 threads)
[2022-02-07T17:10:05.608+0000][1106.634s][info ][safepoint     ] Application time: 1.0001153 seconds
[2022-02-07T17:10:05.608+0000][1106.634s][debug][safepoint     ] ... found polling page return exception at pc = 0x00007f11b521d330, stub =0x00007f11ac8beb80
[2022-02-07T17:10:05.608+0000][1106.634s][debug][safepoint     ] Waiting for 1 thread(s) to block
[2022-02-07T17:10:05.608+0000][1106.634s][info ][safepoint     ] Entering safepoint region: Cleanup
[2022-02-07T17:10:05.608+0000][1106.634s][info ][safepoint     ] Leaving safepoint region
[2022-02-07T17:10:05.608+0000][1106.634s][info ][safepoint     ] Total time for which application threads were stopped: 0.0004833 seconds, Stopping threads took: 0.0001209 seconds
[2022-02-07T17:10:06.608+0000][1107.634s][debug][safepoint     ] Safepoint synchronization initiated. (301 threads)
[2022-02-07T17:10:06.608+0000][1107.634s][info ][safepoint     ] Application time: 1.0001282 seconds
[2022-02-07T17:10:06.608+0000][1107.634s][debug][safepoint     ] ... found polling page return exception at pc = 0x00007f11b489c486, stub =0x00007f11ac8beb80
[2022-02-07T17:10:06.608+0000][1107.634s][debug][safepoint     ] Waiting for 1 thread(s) to block
[2022-02-07T17:10:06.609+0000][1107.634s][info ][safepoint     ] Entering safepoint region: Cleanup
[2022-02-07T17:10:06.609+0000][1107.635s][info ][safepoint     ] Leaving safepoint region
[2022-02-07T17:10:06.609+0000][1107.635s][info ][safepoint     ] Total time for which application threads were stopped: 0.0003625 seconds, Stopping threads took: 0.0001256 seconds
[2022-02-07T17:10:07.609+0000][1108.635s][debug][safepoint     ] Safepoint synchronization initiated. (301 threads)
[2022-02-07T17:10:07.609+0000][1108.635s][info ][safepoint     ] Application time: 1.0001191 seconds
[2022-02-07T17:10:07.609+0000][1108.635s][info ][safepoint     ] Entering safepoint region: Cleanup
[2022-02-07T17:10:07.609+0000][1108.635s][info ][safepoint     ] Leaving safepoint region
[2022-02-07T17:10:07.609+0000][1108.635s][info ][safepoint     ] Total time for which application threads were stopped: 0.0003135 seconds, Stopping threads took: 0.0000708 seconds
[2022-02-07T17:10:08.609+0000][1109.635s][debug][safepoint     ] Safepoint synchronization initiated. (301 threads)
[2022-02-07T17:10:08.609+0000][1109.635s][info ][safepoint     ] Application time: 1.0001128 seconds
[2022-02-07T17:10:08.609+0000][1109.635s][info ][safepoint     ] Entering safepoint region: Cleanup
[2022-02-07T17:10:08.610+0000][1109.636s][info ][safepoint     ] Leaving safepoint region
[2022-02-07T17:10:08.610+0000][1109.636s][info ][safepoint     ] Total time for which application threads were stopped: 0.0003096 seconds, Stopping threads took: 0.0000711 seconds
[2022-02-07T17:10:09.610+0000][1110.636s][debug][safepoint     ] Safepoint synchronization initiated. (301 threads)
[2022-02-07T17:10:09.610+0000][1110.636s][info ][safepoint     ] Application time: 1.0001046 seconds
[2022-02-07T17:10:09.610+0000][1110.636s][info ][safepoint     ] Entering safepoint region: Cleanup
[2022-02-07T17:10:09.610+0000][1110.636s][info ][safepoint     ] Leaving safepoint region
[2022-02-07T17:10:09.610+0000][1110.636s][info ][safepoint     ] Total time for which application threads were stopped: 0.0002989 seconds, Stopping threads took: 0.0000695 seconds
[2022-02-07T17:10:10.610+0000][1111.636s][debug][safepoint     ] Safepoint synchronization initiated. (301 threads)
[2022-02-07T17:10:10.610+0000][1111.636s][info ][safepoint     ] Application time: 1.0001012 seconds
[2022-02-07T17:10:10.610+0000][1111.636s][info ][safepoint     ] Entering safepoint region: Cleanup
[2022-02-07T17:10:10.611+0000][1111.636s][info ][safepoint     ] Leaving safepoint region
[2022-02-07T17:10:10.611+0000][1111.636s][info ][safepoint     ] Total time for which application threads were stopped: 0.0003142 seconds, Stopping threads took: 0.0000717 seconds
[2022-02-07T17:10:11.611+0000][1112.636s][debug][safepoint     ] Safepoint synchronization initiated. (301 threads)
[2022-02-07T17:10:11.611+0000][1112.637s][info ][safepoint     ] Application time: 1.0001104 seconds
[2022-02-07T17:10:11.611+0000][1112.637s][info ][safepoint     ] Entering safepoint region: Cleanup
[2022-02-07T17:10:11.611+0000][1112.637s][info ][safepoint     ] Leaving safepoint region
[2022-02-07T17:10:11.611+0000][1112.637s][info ][safepoint     ] Total time for which application threads were stopped: 0.0003334 seconds, Stopping threads took: 0.0000693 seconds
[2022-02-07T17:10:12.611+0000][1113.637s][debug][safepoint     ] Safepoint synchronization initiated. (301 threads)
[2022-02-07T17:10:12.611+0000][1113.637s][info ][safepoint     ] Application time: 1.0001020 seconds
[2022-02-07T17:10:12.611+0000][1113.637s][info ][safepoint     ] Entering safepoint region: Cleanup
[2022-02-07T17:10:12.611+0000][1113.637s][info ][safepoint     ] Leaving safepoint region
[2022-02-07T17:10:12.611+0000][1113.637s][info ][safepoint     ] Total time for which application threads were stopped: 0.0002552 seconds, Stopping threads took: 0.0000683 seconds
[2022-02-07T17:10:13.611+0000][1114.637s][debug][safepoint     ] Safepoint synchronization initiated. (301 threads)
[2022-02-07T17:10:13.611+0000][1114.637s][info ][safepoint     ] Application time: 1.0001143 seconds
[2022-02-07T17:10:13.612+0000][1114.637s][info ][safepoint     ] Entering safepoint region: Cleanup
[2022-02-07T17:10:13.612+0000][1114.638s][info ][safepoint     ] Leaving safepoint region
[2022-02-07T17:10:13.612+0000][1114.638s][info ][safepoint     ] Total time for which application threads were stopped: 0.0002362 seconds, Stopping threads took: 0.0000627 seconds
[2022-02-07T17:10:14.612+0000][1115.638s][debug][safepoint     ] Safepoint synchronization initiated. (301 threads)
[2022-02-07T17:10:14.612+0000][1115.638s][info ][safepoint     ] Application time: 1.0001178 seconds
[2022-02-07T17:10:14.612+0000][1115.638s][info ][safepoint     ] Entering safepoint region: Cleanup
[2022-02-07T17:10:14.612+0000][1115.638s][info ][safepoint     ] Leaving safepoint region
[2022-02-07T17:10:14.612+0000][1115.638s][info ][safepoint     ] Total time for which application threads were stopped: 0.0002596 seconds, Stopping threads took: 0.0000626 seconds
[2022-02-07T17:10:15.612+0000][1116.638s][debug][safepoint     ] Safepoint synchronization initiated. (301 threads)
[2022-02-07T17:10:15.612+0000][1116.638s][info ][safepoint     ] Application time: 1.0001467 seconds
[2022-02-07T17:10:15.612+0000][1116.638s][info ][safepoint     ] Entering safepoint region: Cleanup
[2022-02-07T17:10:15.613+0000][1116.638s][info ][safepoint     ] Leaving safepoint region
[2022-02-07T17:10:15.613+0000][1116.638s][info ][safepoint     ] Total time for which application threads were stopped: 0.0003082 seconds, Stopping threads took: 0.0000684 seconds
[2022-02-07T17:10:16.613+0000][1117.639s][debug][safepoint     ] Safepoint synchronization initiated. (301 threads)
[2022-02-07T17:10:16.613+0000][1117.639s][info ][safepoint     ] Application time: 1.0001218 seconds
[2022-02-07T17:10:16.613+0000][1117.639s][info ][safepoint     ] Entering safepoint region: Cleanup
[2022-02-07T17:10:16.613+0000][1117.639s][info ][safepoint     ] Leaving safepoint region
[2022-02-07T17:10:16.613+0000][1117.639s][info ][safepoint     ] Total time for which application threads were stopped: 0.0003080 seconds, Stopping threads took: 0.0000730 seconds
[2022-02-07T17:10:17.613+0000][1118.639s][debug][safepoint     ] Safepoint synchronization initiated. (301 threads)
[2022-02-07T17:10:17.613+0000][1118.639s][info ][safepoint     ] Application time: 1.0001095 seconds
[2022-02-07T17:10:17.613+0000][1118.639s][info ][safepoint     ] Entering safepoint region: Cleanup
[2022-02-07T17:10:17.614+0000][1118.639s][info ][safepoint     ] Leaving safepoint region
[2022-02-07T17:10:17.614+0000][1118.639s][info ][safepoint     ] Total time for which application threads were stopped: 0.0003420 seconds, Stopping threads took: 0.0000627 seconds
[2022-02-07T17:10:18.614+0000][1119.640s][debug][safepoint     ] Safepoint synchronization initiated. (301 threads)
[2022-02-07T17:10:18.614+0000][1119.640s][info ][safepoint     ] Application time: 1.0001630 seconds
[2022-02-07T17:10:18.614+0000][1119.640s][info ][safepoint     ] Entering safepoint region: Cleanup
[2022-02-07T17:10:18.614+0000][1119.640s][info ][safepoint     ] Leaving safepoint region
[2022-02-07T17:10:18.614+0000][1119.640s][info ][safepoint     ] Total time for which application threads were stopped: 0.0003278 seconds, Stopping threads took: 0.0000735 seconds
[2022-02-07T17:10:19.614+0000][1120.640s][debug][safepoint     ] Safepoint synchronization initiated. (301 threads)
[2022-02-07T17:10:19.614+0000][1120.640s][info ][safepoint     ] Application time: 1.0001229 seconds
[2022-02-07T17:10:19.614+0000][1120.640s][info ][safepoint     ] Entering safepoint region: Cleanup
[2022-02-07T17:10:19.614+0000][1120.640s][info ][safepoint     ] Leaving safepoint region
[2022-02-07T17:10:19.615+0000][1120.640s][info ][safepoint     ] Total time for which application threads were stopped: 0.0003139 seconds, Stopping threads took: 0.0000784 seconds
[2022-02-07T17:10:20.615+0000][1121.640s][debug][safepoint     ] Safepoint synchronization initiated. (301 threads)
[2022-02-07T17:10:20.615+0000][1121.640s][info ][safepoint     ] Application time: 1.0001230 seconds
[2022-02-07T17:10:20.615+0000][1121.641s][debug][safepoint     ] ... found polling page return exception at pc = 0x00007f11b4c764f2, stub =0x00007f11ac8beb80
[2022-02-07T17:10:20.615+0000][1121.641s][debug][safepoint     ] Waiting for 2 thread(s) to block
[2022-02-07T17:10:20.615+0000][1121.641s][info ][safepoint     ] Entering safepoint region: Cleanup
[2022-02-07T17:10:20.615+0000][1121.641s][info ][safepoint     ] Leaving safepoint region
[2022-02-07T17:10:20.615+0000][1121.641s][info ][safepoint     ] Total time for which application threads were stopped: 0.0005872 seconds, Stopping threads took: 0.0001559 seconds
[2022-02-07T17:10:21.615+0000][1122.641s][debug][safepoint     ] Safepoint synchronization initiated. (301 threads)
[2022-02-07T17:10:21.615+0000][1122.641s][info ][safepoint     ] Application time: 1.0001116 seconds
[2022-02-07T17:10:21.615+0000][1122.641s][info ][safepoint     ] Entering safepoint region: Cleanup
[2022-02-07T17:10:21.616+0000][1122.642s][info ][safepoint     ] Leaving safepoint region
[2022-02-07T17:10:21.616+0000][1122.642s][info ][safepoint     ] Total time for which application threads were stopped: 0.0002995 seconds, Stopping threads took: 0.0000688 seconds
[2022-02-07T17:10:22.616+0000][1123.642s][debug][safepoint     ] Safepoint synchronization initiated. (301 threads)
[2022-02-07T17:10:22.616+0000][1123.642s][info ][safepoint     ] Application time: 1.0001156 seconds
[2022-02-07T17:10:22.616+0000][1123.642s][info ][safepoint     ] Entering safepoint region: Cleanup
[2022-02-07T17:10:22.616+0000][1123.642s][info ][safepoint     ] Leaving safepoint region
[2022-02-07T17:10:22.616+0000][1123.642s][info ][safepoint     ] Total time for which application threads were stopped: 0.0003142 seconds, Stopping threads took: 0.0000685 seconds
[2022-02-07T17:10:23.120+0000][1124.146s][debug][safepoint     ] Safepoint synchronization initiated. (301 threads)
[2022-02-07T17:10:23.120+0000][1124.146s][info ][safepoint     ] Application time: 0.5037178 seconds
[2022-02-07T17:10:23.120+0000][1124.146s][info ][safepoint     ] Entering safepoint region: G1CollectForAllocation
[2022-02-07T17:10:23.120+0000][1124.146s][info ][gc,start      ] GC(114) Pause Young (Normal) (G1 Evacuation Pause)
[2022-02-07T17:10:23.120+0000][1124.146s][info ][gc,task       ] GC(114) Using 4 workers of 4 for evacuation
[2022-02-07T17:10:23.143+0000][1124.169s][info ][gc,phases     ] GC(114)   Pre Evacuate Collection Set: 0.0ms
[2022-02-07T17:10:23.143+0000][1124.169s][info ][gc,phases     ] GC(114)   Evacuate Collection Set: 14.9ms
[2022-02-07T17:10:23.143+0000][1124.169s][info ][gc,phases     ] GC(114)   Post Evacuate Collection Set: 7.4ms
[2022-02-07T17:10:23.143+0000][1124.169s][info ][gc,phases     ] GC(114)   Other: 0.3ms
[2022-02-07T17:10:23.143+0000][1124.169s][info ][gc,heap       ] GC(114) Eden regions: 237->0(237)
[2022-02-07T17:10:23.143+0000][1124.169s][info ][gc,heap       ] GC(114) Survivor regions: 1->1(30)
[2022-02-07T17:10:23.143+0000][1124.169s][info ][gc,heap       ] GC(114) Old regions: 147->147
[2022-02-07T17:10:23.143+0000][1124.169s][info ][gc,heap       ] GC(114) Humongous regions: 0->0
[2022-02-07T17:10:23.143+0000][1124.169s][info ][gc,metaspace  ] GC(114) Metaspace: 162774K->162774K(1204224K)
[2022-02-07T17:10:23.143+0000][1124.169s][info ][gc            ] GC(114) Pause Young (Normal) (G1 Evacuation Pause) 382M->145M(430M) 22.756ms
[2022-02-07T17:10:23.143+0000][1124.169s][info ][gc,cpu        ] GC(114) User=0.02s Sys=0.00s Real=0.02s
[2022-02-07T17:10:23.143+0000][1124.169s][info ][safepoint     ] Leaving safepoint region
[2022-02-07T17:10:23.143+0000][1124.169s][info ][safepoint     ] Total time for which application threads were stopped: 0.0233137 seconds, Stopping threads took: 0.0000676 seconds
[2022-02-07T17:10:23.144+0000][1124.170s][info ][gc,stringdedup] Concurrent String Deduplication (1124.170s)
[2022-02-07T17:10:23.144+0000][1124.170s][info ][gc,stringdedup] Concurrent String Deduplication 200.0B->0.0B(200.0B) avg 53.2% (1124.170s, 1124.170s) 0.025ms
[2022-02-07T17:10:24.143+0000][1125.169s][debug][safepoint     ] Safepoint synchronization initiated. (301 threads)
[2022-02-07T17:10:24.143+0000][1125.169s][info ][safepoint     ] Application time: 1.0001839 seconds
[2022-02-07T17:10:24.143+0000][1125.169s][info ][safepoint     ] Entering safepoint region: Cleanup
[2022-02-07T17:10:24.144+0000][1125.170s][info ][safepoint     ] Leaving safepoint region
[2022-02-07T17:10:24.144+0000][1125.170s][info ][safepoint     ] Total time for which application threads were stopped: 0.0004907 seconds, Stopping threads took: 0.0000904 seconds
[2022-02-07T17:10:25.144+0000][1126.170s][debug][safepoint     ] Safepoint synchronization initiated. (301 threads)
[2022-02-07T17:10:25.144+0000][1126.170s][info ][safepoint     ] Application time: 1.0001490 seconds
[2022-02-07T17:10:25.144+0000][1126.170s][info ][safepoint     ] Entering safepoint region: Cleanup
[2022-02-07T17:10:25.144+0000][1126.170s][info ][safepoint     ] Leaving safepoint region
[2022-02-07T17:10:25.145+0000][1126.170s][info ][safepoint     ] Total time for which application threads were stopped: 0.0004888 seconds, Stopping threads took: 0.0000731 seconds
[2022-02-07T17:10:26.145+0000][1127.170s][debug][safepoint     ] Safepoint synchronization initiated. (301 threads)
[2022-02-07T17:10:26.145+0000][1127.170s][info ][safepoint     ] Application time: 1.0001057 seconds
[2022-02-07T17:10:26.145+0000][1127.171s][info ][safepoint     ] Entering safepoint region: Cleanup
[2022-02-07T17:10:26.145+0000][1127.171s][info ][safepoint     ] Leaving safepoint region
[2022-02-07T17:10:26.145+0000][1127.171s][info ][safepoint     ] Total time for which application threads were stopped: 0.0003040 seconds, Stopping threads took: 0.0000709 seconds
[2022-02-07T17:10:27.145+0000][1128.171s][debug][safepoint     ] Safepoint synchronization initiated. (301 threads)
[2022-02-07T17:10:27.145+0000][1128.171s][info ][safepoint     ] Application time: 1.0001524 seconds
[2022-02-07T17:10:27.145+0000][1128.171s][info ][safepoint     ] Entering safepoint region: Cleanup
[2022-02-07T17:10:27.145+0000][1128.171s][info ][safepoint     ] Leaving safepoint region
[2022-02-07T17:10:27.145+0000][1128.171s][info ][safepoint     ] Total time for which application threads were stopped: 0.0002716 seconds, Stopping threads took: 0.0000684 seconds
[2022-02-07T17:10:28.145+0000][1129.171s][debug][safepoint     ] Safepoint synchronization initiated. (301 threads)
[2022-02-07T17:10:28.145+0000][1129.171s][info ][safepoint     ] Application time: 1.0000838 seconds
[2022-02-07T17:10:28.146+0000][1129.171s][info ][safepoint     ] Entering safepoint region: Cleanup
[2022-02-07T17:10:28.146+0000][1129.172s][info ][safepoint     ] Leaving safepoint region
[2022-02-07T17:10:28.146+0000][1129.172s][info ][safepoint     ] Total time for which application threads were stopped: 0.0004930 seconds, Stopping threads took: 0.0000775 seconds
[2022-02-07T17:10:29.146+0000][1130.172s][debug][safepoint     ] Safepoint synchronization initiated. (301 threads)
[2022-02-07T17:10:29.146+0000][1130.172s][info ][safepoint     ] Application time: 1.0001069 seconds
[2022-02-07T17:10:29.146+0000][1130.172s][info ][safepoint     ] Entering safepoint region: Cleanup
[2022-02-07T17:10:29.147+0000][1130.172s][info ][safepoint     ] Leaving safepoint region
[2022-02-07T17:10:29.147+0000][1130.172s][info ][safepoint     ] Total time for which application threads were stopped: 0.0005284 seconds, Stopping threads took: 0.0000981 seconds
[2022-02-07T17:10:30.147+0000][1131.173s][debug][safepoint     ] Safepoint synchronization initiated. (301 threads)
[2022-02-07T17:10:30.147+0000][1131.173s][info ][safepoint     ] Application time: 1.0001060 seconds
[2022-02-07T17:10:30.147+0000][1131.173s][info ][safepoint     ] Entering safepoint region: Cleanup
[2022-02-07T17:10:30.147+0000][1131.173s][info ][safepoint     ] Leaving safepoint region
[2022-02-07T17:10:30.147+0000][1131.173s][info ][safepoint     ] Total time for which application threads were stopped: 0.0004291 seconds, Stopping threads took: 0.0000678 seconds
[2022-02-07T17:10:31.147+0000][1132.173s][debug][safepoint     ] Safepoint synchronization initiated. (301 threads)
[2022-02-07T17:10:31.147+0000][1132.173s][info ][safepoint     ] Application time: 1.0001113 seconds
[2022-02-07T17:10:31.147+0000][1132.173s][info ][safepoint     ] Entering safepoint region: Cleanup
[2022-02-07T17:10:31.148+0000][1132.174s][info ][safepoint     ] Leaving safepoint region
[2022-02-07T17:10:31.148+0000][1132.174s][info ][safepoint     ] Total time for which application threads were stopped: 0.0004516 seconds, Stopping threads took: 0.0000736 seconds
[2022-02-07T17:10:32.148+0000][1133.174s][debug][safepoint     ] Safepoint synchronization initiated. (301 threads)
[2022-02-07T17:10:32.148+0000][1133.174s][info ][safepoint     ] Application time: 1.0003935 seconds
[2022-02-07T17:10:32.148+0000][1133.174s][info ][safepoint     ] Entering safepoint region: Cleanup
[2022-02-07T17:10:32.149+0000][1133.175s][info ][safepoint     ] Leaving safepoint region
[2022-02-07T17:10:32.149+0000][1133.175s][info ][safepoint     ] Total time for which application threads were stopped: 0.0004754 seconds, Stopping threads took: 0.0000757 seconds
[2022-02-07T17:10:33.149+0000][1134.175s][debug][safepoint     ] Safepoint synchronization initiated. (301 threads)
[2022-02-07T17:10:33.149+0000][1134.175s][info ][safepoint     ] Application time: 1.0001177 seconds
[2022-02-07T17:10:33.149+0000][1134.175s][info ][safepoint     ] Entering safepoint region: Cleanup
[2022-02-07T17:10:33.149+0000][1134.175s][info ][safepoint     ] Leaving safepoint region
[2022-02-07T17:10:33.149+0000][1134.175s][info ][safepoint     ] Total time for which application threads were stopped: 0.0004515 seconds, Stopping threads took: 0.0000698 seconds
[2022-02-07T17:10:34.149+0000][1135.175s][debug][safepoint     ] Safepoint synchronization initiated. (301 threads)
[2022-02-07T17:10:34.149+0000][1135.175s][info ][safepoint     ] Application time: 1.0001214 seconds
[2022-02-07T17:10:34.149+0000][1135.175s][info ][safepoint     ] Entering safepoint region: Cleanup
[2022-02-07T17:10:34.150+0000][1135.176s][info ][safepoint     ] Leaving safepoint region
[2022-02-07T17:10:34.150+0000][1135.176s][info ][safepoint     ] Total time for which application threads were stopped: 0.0003331 seconds, Stopping threads took: 0.0000820 seconds
[2022-02-07T17:10:35.150+0000][1136.176s][debug][safepoint     ] Safepoint synchronization initiated. (301 threads)
[2022-02-07T17:10:35.150+0000][1136.176s][info ][safepoint     ] Application time: 1.0001723 seconds
[2022-02-07T17:10:35.150+0000][1136.176s][info ][safepoint     ] Entering safepoint region: Cleanup
[2022-02-07T17:10:35.150+0000][1136.176s][info ][safepoint     ] Leaving safepoint region
[2022-02-07T17:10:35.150+0000][1136.176s][info ][safepoint     ] Total time for which application threads were stopped: 0.0004390 seconds, Stopping threads took: 0.0000668 seconds
[2022-02-07T17:10:36.150+0000][1137.176s][debug][safepoint     ] Safepoint synchronization initiated. (301 threads)
[2022-02-07T17:10:36.150+0000][1137.176s][info ][safepoint     ] Application time: 1.0001129 seconds
[2022-02-07T17:10:36.151+0000][1137.176s][info ][safepoint     ] Entering safepoint region: Cleanup
[2022-02-07T17:10:36.151+0000][1137.177s][info ][safepoint     ] Leaving safepoint region
[2022-02-07T17:10:36.151+0000][1137.177s][info ][safepoint     ] Total time for which application threads were stopped: 0.0003248 seconds, Stopping threads took: 0.0000835 seconds
[2022-02-07T17:10:37.151+0000][1138.177s][debug][safepoint     ] Safepoint synchronization initiated. (301 threads)
[2022-02-07T17:10:37.151+0000][1138.177s][info ][safepoint     ] Application time: 1.0001134 seconds
[2022-02-07T17:10:37.151+0000][1138.177s][info ][safepoint     ] Entering safepoint region: Cleanup
[2022-02-07T17:10:37.151+0000][1138.177s][info ][safepoint     ] Leaving safepoint region
[2022-02-07T17:10:37.151+0000][1138.177s][info ][safepoint     ] Total time for which application threads were stopped: 0.0003128 seconds, Stopping threads took: 0.0000700 seconds
[2022-02-07T17:10:38.151+0000][1139.177s][debug][safepoint     ] Safepoint synchronization initiated. (301 threads)
[2022-02-07T17:10:38.151+0000][1139.177s][info ][safepoint     ] Application time: 1.0001121 seconds
[2022-02-07T17:10:38.151+0000][1139.177s][info ][safepoint     ] Entering safepoint region: Cleanup
[2022-02-07T17:10:38.152+0000][1139.178s][info ][safepoint     ] Leaving safepoint region
[2022-02-07T17:10:38.152+0000][1139.178s][info ][safepoint     ] Total time for which application threads were stopped: 0.0002922 seconds, Stopping threads took: 0.0000690 seconds
[2022-02-07T17:10:38.327+0000][1139.353s][debug][safepoint     ] Safepoint synchronization initiated. (301 threads)
[2022-02-07T17:10:38.327+0000][1139.353s][info ][safepoint     ] Application time: 0.1755621 seconds
[2022-02-07T17:10:38.327+0000][1139.353s][info ][safepoint     ] Entering safepoint region: G1CollectForAllocation
[2022-02-07T17:10:38.328+0000][1139.354s][info ][gc,start      ] GC(115) Pause Young (Normal) (G1 Evacuation Pause)
[2022-02-07T17:10:38.328+0000][1139.354s][info ][gc,task       ] GC(115) Using 4 workers of 4 for evacuation
[2022-02-07T17:10:38.336+0000][1139.362s][info ][gc,phases     ] GC(115)   Pre Evacuate Collection Set: 0.0ms
[2022-02-07T17:10:38.336+0000][1139.362s][info ][gc,phases     ] GC(115)   Evacuate Collection Set: 2.9ms
[2022-02-07T17:10:38.336+0000][1139.362s][info ][gc,phases     ] GC(115)   Post Evacuate Collection Set: 4.8ms
[2022-02-07T17:10:38.336+0000][1139.362s][info ][gc,phases     ] GC(115)   Other: 0.3ms
[2022-02-07T17:10:38.336+0000][1139.362s][info ][gc,heap       ] GC(115) Eden regions: 237->0(237)
[2022-02-07T17:10:38.336+0000][1139.362s][info ][gc,heap       ] GC(115) Survivor regions: 1->1(30)
[2022-02-07T17:10:38.336+0000][1139.362s][info ][gc,heap       ] GC(115) Old regions: 147->147
[2022-02-07T17:10:38.336+0000][1139.362s][info ][gc,heap       ] GC(115) Humongous regions: 0->0
[2022-02-07T17:10:38.336+0000][1139.362s][info ][gc,metaspace  ] GC(115) Metaspace: 162777K->162777K(1204224K)
[2022-02-07T17:10:38.336+0000][1139.362s][info ][gc            ] GC(115) Pause Young (Normal) (G1 Evacuation Pause) 382M->145M(430M) 8.130ms
[2022-02-07T17:10:38.336+0000][1139.362s][info ][gc,cpu        ] GC(115) User=0.01s Sys=0.00s Real=0.00s
[2022-02-07T17:10:38.336+0000][1139.362s][info ][safepoint     ] Leaving safepoint region
[2022-02-07T17:10:38.336+0000][1139.362s][info ][safepoint     ] Total time for which application threads were stopped: 0.0086237 seconds, Stopping threads took: 0.0000895 seconds
[2022-02-07T17:10:38.336+0000][1139.362s][info ][gc,stringdedup] Concurrent String Deduplication (1139.362s)
[2022-02-07T17:10:38.336+0000][1139.362s][info ][gc,stringdedup] Concurrent String Deduplication 328.0B->0.0B(328.0B) avg 53.2% (1139.362s, 1139.362s) 0.026ms
[2022-02-07T17:10:39.336+0000][1140.362s][debug][safepoint     ] Safepoint synchronization initiated. (301 threads)
[2022-02-07T17:10:39.336+0000][1140.362s][info ][safepoint     ] Application time: 1.0001264 seconds
[2022-02-07T17:10:39.336+0000][1140.362s][info ][safepoint     ] Entering safepoint region: Cleanup
[2022-02-07T17:10:39.336+0000][1140.362s][info ][safepoint     ] Leaving safepoint region
[2022-02-07T17:10:39.336+0000][1140.362s][info ][safepoint     ] Total time for which application threads were stopped: 0.0003148 seconds, Stopping threads took: 0.0000675 seconds
[2022-02-07T17:10:40.336+0000][1141.362s][debug][safepoint     ] Safepoint synchronization initiated. (301 threads)
[2022-02-07T17:10:40.336+0000][1141.362s][info ][safepoint     ] Application time: 1.0001107 seconds
[2022-02-07T17:10:40.337+0000][1141.362s][info ][safepoint     ] Entering safepoint region: Cleanup
[2022-02-07T17:10:40.337+0000][1141.363s][info ][safepoint     ] Leaving safepoint region
[2022-02-07T17:10:40.337+0000][1141.363s][info ][safepoint     ] Total time for which application threads were stopped: 0.0002887 seconds, Stopping threads took: 0.0000671 seconds
[2022-02-07T17:10:41.337+0000][1142.363s][debug][safepoint     ] Safepoint synchronization initiated. (301 threads)
[2022-02-07T17:10:41.337+0000][1142.363s][info ][safepoint     ] Application time: 1.0001280 seconds
[2022-02-07T17:10:41.337+0000][1142.363s][info ][safepoint     ] Entering safepoint region: Cleanup
[2022-02-07T17:10:41.337+0000][1142.363s][info ][safepoint     ] Leaving safepoint region
[2022-02-07T17:10:41.337+0000][1142.363s][info ][safepoint     ] Total time for which application threads were stopped: 0.0003308 seconds, Stopping threads took: 0.0000713 seconds
[2022-02-07T17:10:42.337+0000][1143.363s][debug][safepoint     ] Safepoint synchronization initiated. (301 threads)
[2022-02-07T17:10:42.337+0000][1143.363s][info ][safepoint     ] Application time: 1.0001198 seconds
[2022-02-07T17:10:42.337+0000][1143.363s][info ][safepoint     ] Entering safepoint region: Cleanup
[2022-02-07T17:10:42.338+0000][1143.364s][info ][safepoint     ] Leaving safepoint region
[2022-02-07T17:10:42.338+0000][1143.364s][info ][safepoint     ] Total time for which application threads were stopped: 0.0003081 seconds, Stopping threads took: 0.0000744 seconds
[2022-02-07T17:10:43.338+0000][1144.364s][debug][safepoint     ] Safepoint synchronization initiated. (301 threads)
[2022-02-07T17:10:43.338+0000][1144.364s][info ][safepoint     ] Application time: 1.0001204 seconds
[2022-02-07T17:10:43.338+0000][1144.364s][info ][safepoint     ] Entering safepoint region: Cleanup
[2022-02-07T17:10:43.338+0000][1144.364s][info ][safepoint     ] Leaving safepoint region
[2022-02-07T17:10:43.338+0000][1144.364s][info ][safepoint     ] Total time for which application threads were stopped: 0.0003311 seconds, Stopping threads took: 0.0000711 seconds
[2022-02-07T17:10:44.338+0000][1145.364s][debug][safepoint     ] Safepoint synchronization initiated. (301 threads)
[2022-02-07T17:10:44.338+0000][1145.364s][info ][safepoint     ] Application time: 1.0001091 seconds
[2022-02-07T17:10:44.338+0000][1145.364s][info ][safepoint     ] Entering safepoint region: Cleanup
[2022-02-07T17:10:44.339+0000][1145.364s][info ][safepoint     ] Leaving safepoint region
[2022-02-07T17:10:44.339+0000][1145.365s][info ][safepoint     ] Total time for which application threads were stopped: 0.0003391 seconds, Stopping threads took: 0.0000692 seconds
[2022-02-07T17:10:45.339+0000][1146.365s][debug][safepoint     ] Safepoint synchronization initiated. (301 threads)
[2022-02-07T17:10:45.339+0000][1146.365s][info ][safepoint     ] Application time: 1.0001140 seconds
[2022-02-07T17:10:45.339+0000][1146.365s][info ][safepoint     ] Entering safepoint region: Cleanup
[2022-02-07T17:10:45.339+0000][1146.365s][info ][safepoint     ] Leaving safepoint region
[2022-02-07T17:10:45.339+0000][1146.365s][info ][safepoint     ] Total time for which application threads were stopped: 0.0002627 seconds, Stopping threads took: 0.0000715 seconds
[2022-02-07T17:10:46.339+0000][1147.365s][debug][safepoint     ] Safepoint synchronization initiated. (301 threads)
[2022-02-07T17:10:46.339+0000][1147.365s][info ][safepoint     ] Application time: 1.0002032 seconds
[2022-02-07T17:10:46.339+0000][1147.365s][info ][safepoint     ] Entering safepoint region: Cleanup
[2022-02-07T17:10:46.340+0000][1147.365s][info ][safepoint     ] Leaving safepoint region
[2022-02-07T17:10:46.340+0000][1147.366s][info ][safepoint     ] Total time for which application threads were stopped: 0.0003650 seconds, Stopping threads took: 0.0000698 seconds
[2022-02-07T17:10:47.340+0000][1148.366s][debug][safepoint     ] Safepoint synchronization initiated. (301 threads)
[2022-02-07T17:10:47.340+0000][1148.366s][info ][safepoint     ] Application time: 1.0001208 seconds
[2022-02-07T17:10:47.340+0000][1148.366s][info ][safepoint     ] Entering safepoint region: Cleanup
[2022-02-07T17:10:47.340+0000][1148.366s][info ][safepoint     ] Leaving safepoint region
[2022-02-07T17:10:47.340+0000][1148.366s][info ][safepoint     ] Total time for which application threads were stopped: 0.0003184 seconds, Stopping threads took: 0.0000775 seconds
[2022-02-07T17:10:48.340+0000][1149.366s][debug][safepoint     ] Safepoint synchronization initiated. (301 threads)
[2022-02-07T17:10:48.340+0000][1149.366s][info ][safepoint     ] Application time: 1.0001140 seconds
[2022-02-07T17:10:48.340+0000][1149.366s][info ][safepoint     ] Entering safepoint region: Cleanup
[2022-02-07T17:10:48.341+0000][1149.366s][info ][safepoint     ] Leaving safepoint region
[2022-02-07T17:10:48.341+0000][1149.366s][info ][safepoint     ] Total time for which application threads were stopped: 0.0003178 seconds, Stopping threads took: 0.0000722 seconds
[2022-02-07T17:10:49.341+0000][1150.367s][debug][safepoint     ] Safepoint synchronization initiated. (301 threads)
[2022-02-07T17:10:49.341+0000][1150.367s][info ][safepoint     ] Application time: 1.0001541 seconds
[2022-02-07T17:10:49.341+0000][1150.367s][info ][safepoint     ] Entering safepoint region: Cleanup
[2022-02-07T17:10:49.341+0000][1150.367s][info ][safepoint     ] Leaving safepoint region
[2022-02-07T17:10:49.341+0000][1150.367s][info ][safepoint     ] Total time for which application threads were stopped: 0.0004317 seconds, Stopping threads took: 0.0000870 seconds
[2022-02-07T17:10:50.341+0000][1151.367s][debug][safepoint     ] Safepoint synchronization initiated. (301 threads)
[2022-02-07T17:10:50.341+0000][1151.367s][info ][safepoint     ] Application time: 1.0001358 seconds
[2022-02-07T17:10:50.341+0000][1151.367s][info ][safepoint     ] Entering safepoint region: Cleanup
[2022-02-07T17:10:50.342+0000][1151.367s][info ][safepoint     ] Leaving safepoint region
[2022-02-07T17:10:50.342+0000][1151.367s][info ][safepoint     ] Total time for which application threads were stopped: 0.0002460 seconds, Stopping threads took: 0.0000721 seconds
[2022-02-07T17:10:51.342+0000][1152.368s][debug][safepoint     ] Safepoint synchronization initiated. (301 threads)
[2022-02-07T17:10:51.342+0000][1152.368s][info ][safepoint     ] Application time: 1.0001181 seconds
[2022-02-07T17:10:51.342+0000][1152.368s][info ][safepoint     ] Entering safepoint region: Cleanup
[2022-02-07T17:10:51.342+0000][1152.368s][info ][safepoint     ] Leaving safepoint region
[2022-02-07T17:10:51.342+0000][1152.368s][info ][safepoint     ] Total time for which application threads were stopped: 0.0002622 seconds, Stopping threads took: 0.0000731 seconds
[2022-02-07T17:10:52.342+0000][1153.368s][debug][safepoint     ] Safepoint synchronization initiated. (301 threads)
[2022-02-07T17:10:52.342+0000][1153.368s][info ][safepoint     ] Application time: 1.0001110 seconds
[2022-02-07T17:10:52.342+0000][1153.368s][info ][safepoint     ] Entering safepoint region: Cleanup
[2022-02-07T17:10:52.342+0000][1153.368s][info ][safepoint     ] Leaving safepoint region
[2022-02-07T17:10:52.342+0000][1153.368s][info ][safepoint     ] Total time for which application threads were stopped: 0.0002567 seconds, Stopping threads took: 0.0000675 seconds
[2022-02-07T17:10:52.423+0000][1153.449s][debug][safepoint     ] Safepoint synchronization initiated. (301 threads)
[2022-02-07T17:10:52.423+0000][1153.449s][info ][safepoint     ] Application time: 0.0804455 seconds
[2022-02-07T17:10:52.423+0000][1153.449s][info ][safepoint     ] Entering safepoint region: G1CollectForAllocation
[2022-02-07T17:10:52.423+0000][1153.449s][info ][gc,start      ] GC(116) Pause Young (Normal) (G1 Evacuation Pause)
[2022-02-07T17:10:52.423+0000][1153.449s][info ][gc,task       ] GC(116) Using 4 workers of 4 for evacuation
[2022-02-07T17:10:52.429+0000][1153.455s][info ][gc,phases     ] GC(116)   Pre Evacuate Collection Set: 0.0ms
[2022-02-07T17:10:52.429+0000][1153.455s][info ][gc,phases     ] GC(116)   Evacuate Collection Set: 2.0ms
[2022-02-07T17:10:52.429+0000][1153.455s][info ][gc,phases     ] GC(116)   Post Evacuate Collection Set: 4.0ms
[2022-02-07T17:10:52.429+0000][1153.455s][info ][gc,phases     ] GC(116)   Other: 0.2ms
[2022-02-07T17:10:52.429+0000][1153.455s][info ][gc,heap       ] GC(116) Eden regions: 237->0(237)
[2022-02-07T17:10:52.429+0000][1153.455s][info ][gc,heap       ] GC(116) Survivor regions: 1->1(30)
[2022-02-07T17:10:52.429+0000][1153.455s][info ][gc,heap       ] GC(116) Old regions: 147->147
[2022-02-07T17:10:52.429+0000][1153.455s][info ][gc,heap       ] GC(116) Humongous regions: 0->0
[2022-02-07T17:10:52.429+0000][1153.455s][info ][gc,metaspace  ] GC(116) Metaspace: 162779K->162779K(1204224K)
[2022-02-07T17:10:52.429+0000][1153.455s][info ][gc            ] GC(116) Pause Young (Normal) (G1 Evacuation Pause) 382M->145M(430M) 6.373ms
[2022-02-07T17:10:52.430+0000][1153.455s][info ][gc,cpu        ] GC(116) User=0.02s Sys=0.00s Real=0.01s
[2022-02-07T17:10:52.430+0000][1153.455s][info ][safepoint     ] Leaving safepoint region
[2022-02-07T17:10:52.430+0000][1153.455s][info ][safepoint     ] Total time for which application threads were stopped: 0.0067371 seconds, Stopping threads took: 0.0000713 seconds
[2022-02-07T17:10:52.430+0000][1153.455s][info ][gc,stringdedup] Concurrent String Deduplication (1153.455s)
[2022-02-07T17:10:52.430+0000][1153.455s][info ][gc,stringdedup] Concurrent String Deduplication 1496.0B->0.0B(1496.0B) avg 53.2% (1153.455s, 1153.455s) 0.033ms
[2022-02-07T17:10:53.430+0000][1154.456s][debug][safepoint     ] Safepoint synchronization initiated. (301 threads)
[2022-02-07T17:10:53.430+0000][1154.456s][info ][safepoint     ] Application time: 1.0001885 seconds
[2022-02-07T17:10:53.430+0000][1154.456s][info ][safepoint     ] Entering safepoint region: Cleanup
[2022-02-07T17:10:53.430+0000][1154.456s][info ][safepoint     ] Leaving safepoint region
[2022-02-07T17:10:53.430+0000][1154.456s][info ][safepoint     ] Total time for which application threads were stopped: 0.0003081 seconds, Stopping threads took: 0.0000705 seconds
[2022-02-07T17:10:54.430+0000][1155.456s][debug][safepoint     ] Safepoint synchronization initiated. (301 threads)
[2022-02-07T17:10:54.430+0000][1155.456s][info ][safepoint     ] Application time: 1.0001062 seconds
[2022-02-07T17:10:54.430+0000][1155.456s][info ][safepoint     ] Entering safepoint region: Cleanup
[2022-02-07T17:10:54.430+0000][1155.456s][info ][safepoint     ] Leaving safepoint region
[2022-02-07T17:10:54.431+0000][1155.456s][info ][safepoint     ] Total time for which application threads were stopped: 0.0003166 seconds, Stopping threads took: 0.0000701 seconds
[2022-02-07T17:10:55.431+0000][1156.456s][debug][safepoint     ] Safepoint synchronization initiated. (301 threads)
[2022-02-07T17:10:55.431+0000][1156.457s][info ][safepoint     ] Application time: 1.0001231 seconds
[2022-02-07T17:10:55.431+0000][1156.457s][debug][safepoint     ] ... found polling page return exception at pc = 0x00007f11b493ab2c, stub =0x00007f11ac8beb80
[2022-02-07T17:10:55.431+0000][1156.457s][debug][safepoint     ] Waiting for 1 thread(s) to block
[2022-02-07T17:10:55.431+0000][1156.457s][info ][safepoint     ] Entering safepoint region: Cleanup
[2022-02-07T17:10:55.431+0000][1156.457s][info ][safepoint     ] Leaving safepoint region
[2022-02-07T17:10:55.431+0000][1156.457s][info ][safepoint     ] Total time for which application threads were stopped: 0.0003558 seconds, Stopping threads took: 0.0001091 seconds
[2022-02-07T17:10:56.431+0000][1157.457s][debug][safepoint     ] Safepoint synchronization initiated. (301 threads)
[2022-02-07T17:10:56.431+0000][1157.457s][info ][safepoint     ] Application time: 1.0001382 seconds
[2022-02-07T17:10:56.431+0000][1157.457s][info ][safepoint     ] Entering safepoint region: Cleanup
[2022-02-07T17:10:56.432+0000][1157.457s][info ][safepoint     ] Leaving safepoint region
[2022-02-07T17:10:56.432+0000][1157.457s][info ][safepoint     ] Total time for which application threads were stopped: 0.0004465 seconds, Stopping threads took: 0.0000791 seconds
[2022-02-07T17:10:57.432+0000][1158.458s][debug][safepoint     ] Safepoint synchronization initiated. (301 threads)
[2022-02-07T17:10:57.432+0000][1158.458s][info ][safepoint     ] Application time: 1.0001236 seconds
[2022-02-07T17:10:57.432+0000][1158.458s][info ][safepoint     ] Entering safepoint region: Cleanup
[2022-02-07T17:10:57.432+0000][1158.458s][info ][safepoint     ] Leaving safepoint region
[2022-02-07T17:10:57.432+0000][1158.458s][info ][safepoint     ] Total time for which application threads were stopped: 0.0004488 seconds, Stopping threads took: 0.0000727 seconds
[2022-02-07T17:10:58.432+0000][1159.458s][debug][safepoint     ] Safepoint synchronization initiated. (301 threads)
[2022-02-07T17:10:58.432+0000][1159.458s][info ][safepoint     ] Application time: 1.0001132 seconds
[2022-02-07T17:10:58.432+0000][1159.458s][info ][safepoint     ] Entering safepoint region: Cleanup
[2022-02-07T17:10:58.433+0000][1159.459s][info ][safepoint     ] Leaving safepoint region
[2022-02-07T17:10:58.433+0000][1159.459s][info ][safepoint     ] Total time for which application threads were stopped: 0.0004351 seconds, Stopping threads took: 0.0000703 seconds
[2022-02-07T17:10:59.433+0000][1160.459s][debug][safepoint     ] Safepoint synchronization initiated. (301 threads)
[2022-02-07T17:10:59.433+0000][1160.459s][info ][safepoint     ] Application time: 1.0001135 seconds
[2022-02-07T17:10:59.433+0000][1160.459s][info ][safepoint     ] Entering safepoint region: Cleanup
[2022-02-07T17:10:59.433+0000][1160.459s][info ][safepoint     ] Leaving safepoint region
[2022-02-07T17:10:59.433+0000][1160.459s][info ][safepoint     ] Total time for which application threads were stopped: 0.0004378 seconds, Stopping threads took: 0.0000694 seconds
[2022-02-07T17:11:00.433+0000][1161.459s][debug][safepoint     ] Safepoint synchronization initiated. (301 threads)
[2022-02-07T17:11:00.433+0000][1161.459s][info ][safepoint     ] Application time: 1.0001185 seconds
[2022-02-07T17:11:00.434+0000][1161.459s][info ][safepoint     ] Entering safepoint region: Cleanup
[2022-02-07T17:11:00.434+0000][1161.460s][info ][safepoint     ] Leaving safepoint region
[2022-02-07T17:11:00.434+0000][1161.460s][info ][safepoint     ] Total time for which application threads were stopped: 0.0004396 seconds, Stopping threads took: 0.0000715 seconds
[2022-02-07T17:11:01.434+0000][1162.460s][debug][safepoint     ] Safepoint synchronization initiated. (301 threads)
[2022-02-07T17:11:01.434+0000][1162.460s][info ][safepoint     ] Application time: 1.0001131 seconds
[2022-02-07T17:11:01.434+0000][1162.460s][info ][safepoint     ] Entering safepoint region: Cleanup
[2022-02-07T17:11:01.434+0000][1162.460s][info ][safepoint     ] Leaving safepoint region
[2022-02-07T17:11:01.434+0000][1162.460s][info ][safepoint     ] Total time for which application threads were stopped: 0.0002638 seconds, Stopping threads took: 0.0000688 seconds
[2022-02-07T17:11:02.434+0000][1163.460s][debug][safepoint     ] Safepoint synchronization initiated. (301 threads)
[2022-02-07T17:11:02.434+0000][1163.460s][info ][safepoint     ] Application time: 1.0001213 seconds
[2022-02-07T17:11:02.435+0000][1163.460s][info ][safepoint     ] Entering safepoint region: Cleanup
[2022-02-07T17:11:02.435+0000][1163.461s][info ][safepoint     ] Leaving safepoint region
[2022-02-07T17:11:02.435+0000][1163.461s][info ][safepoint     ] Total time for which application threads were stopped: 0.0002420 seconds, Stopping threads took: 0.0000718 seconds
[2022-02-07T17:11:03.435+0000][1164.461s][debug][safepoint     ] Safepoint synchronization initiated. (301 threads)
[2022-02-07T17:11:03.435+0000][1164.461s][info ][safepoint     ] Application time: 1.0001210 seconds
[2022-02-07T17:11:03.435+0000][1164.461s][info ][safepoint     ] Entering safepoint region: Cleanup
[2022-02-07T17:11:03.435+0000][1164.461s][info ][safepoint     ] Leaving safepoint region
[2022-02-07T17:11:03.435+0000][1164.461s][info ][safepoint     ] Total time for which application threads were stopped: 0.0002539 seconds, Stopping threads took: 0.0000692 seconds
[2022-02-07T17:11:04.435+0000][1165.461s][debug][safepoint     ] Safepoint synchronization initiated. (301 threads)
[2022-02-07T17:11:04.435+0000][1165.461s][info ][safepoint     ] Application time: 1.0001730 seconds
[2022-02-07T17:11:04.435+0000][1165.461s][info ][safepoint     ] Entering safepoint region: Cleanup
[2022-02-07T17:11:04.436+0000][1165.461s][info ][safepoint     ] Leaving safepoint region
[2022-02-07T17:11:04.436+0000][1165.461s][info ][safepoint     ] Total time for which application threads were stopped: 0.0003068 seconds, Stopping threads took: 0.0000716 seconds
[2022-02-07T17:11:05.436+0000][1166.462s][debug][safepoint     ] Safepoint synchronization initiated. (301 threads)
[2022-02-07T17:11:05.436+0000][1166.462s][info ][safepoint     ] Application time: 1.0001083 seconds
[2022-02-07T17:11:05.436+0000][1166.462s][debug][safepoint     ] ... found polling page loop exception at pc = 0x00007f11b4d17549, stub =0x00007f11ac8be900
[2022-02-07T17:11:05.436+0000][1166.462s][debug][safepoint     ] Waiting for 1 thread(s) to block
[2022-02-07T17:11:05.436+0000][1166.462s][info ][safepoint     ] Entering safepoint region: Cleanup
[2022-02-07T17:11:05.436+0000][1166.462s][info ][safepoint     ] Leaving safepoint region
[2022-02-07T17:11:05.436+0000][1166.462s][info ][safepoint     ] Total time for which application threads were stopped: 0.0003335 seconds, Stopping threads took: 0.0000972 seconds
[2022-02-07T17:11:06.184+0000][1167.210s][debug][safepoint     ] Safepoint synchronization initiated. (301 threads)
[2022-02-07T17:11:06.184+0000][1167.210s][info ][safepoint     ] Application time: 0.7483942 seconds
[2022-02-07T17:11:06.185+0000][1167.210s][info ][safepoint     ] Entering safepoint region: G1CollectForAllocation
[2022-02-07T17:11:06.185+0000][1167.211s][info ][gc,start      ] GC(117) Pause Young (Normal) (G1 Evacuation Pause)
[2022-02-07T17:11:06.185+0000][1167.211s][info ][gc,task       ] GC(117) Using 4 workers of 4 for evacuation
[2022-02-07T17:11:06.208+0000][1167.233s][info ][gc,phases     ] GC(117)   Pre Evacuate Collection Set: 0.0ms
[2022-02-07T17:11:06.208+0000][1167.233s][info ][gc,phases     ] GC(117)   Evacuate Collection Set: 18.1ms
[2022-02-07T17:11:06.208+0000][1167.233s][info ][gc,phases     ] GC(117)   Post Evacuate Collection Set: 4.1ms
[2022-02-07T17:11:06.208+0000][1167.234s][info ][gc,phases     ] GC(117)   Other: 0.5ms
[2022-02-07T17:11:06.208+0000][1167.234s][info ][gc,heap       ] GC(117) Eden regions: 237->0(238)
[2022-02-07T17:11:06.208+0000][1167.234s][info ][gc,heap       ] GC(117) Survivor regions: 1->1(30)
[2022-02-07T17:11:06.208+0000][1167.234s][info ][gc,heap       ] GC(117) Old regions: 147->147
[2022-02-07T17:11:06.208+0000][1167.234s][info ][gc,heap       ] GC(117) Humongous regions: 0->0
[2022-02-07T17:11:06.208+0000][1167.234s][info ][gc,metaspace  ] GC(117) Metaspace: 162793K->162793K(1204224K)
[2022-02-07T17:11:06.208+0000][1167.234s][info ][gc            ] GC(117) Pause Young (Normal) (G1 Evacuation Pause) 382M->145M(430M) 22.787ms
[2022-02-07T17:11:06.208+0000][1167.234s][info ][gc,cpu        ] GC(117) User=0.02s Sys=0.00s Real=0.03s
[2022-02-07T17:11:06.208+0000][1167.234s][info ][safepoint     ] Leaving safepoint region
[2022-02-07T17:11:06.208+0000][1167.234s][info ][safepoint     ] Total time for which application threads were stopped: 0.0233522 seconds, Stopping threads took: 0.0000681 seconds
[2022-02-07T17:11:06.208+0000][1167.234s][info ][gc,stringdedup] Concurrent String Deduplication (1167.234s)
[2022-02-07T17:11:06.208+0000][1167.234s][info ][gc,stringdedup] Concurrent String Deduplication 200.0B->0.0B(200.0B) avg 53.2% (1167.234s, 1167.234s) 0.034ms
[2022-02-07T17:11:07.208+0000][1168.234s][debug][safepoint     ] Safepoint synchronization initiated. (301 threads)
[2022-02-07T17:11:07.208+0000][1168.234s][info ][safepoint     ] Application time: 1.0001590 seconds
[2022-02-07T17:11:07.208+0000][1168.234s][info ][safepoint     ] Entering safepoint region: Cleanup
[2022-02-07T17:11:07.208+0000][1168.234s][info ][safepoint     ] Leaving safepoint region
[2022-02-07T17:11:07.208+0000][1168.234s][info ][safepoint     ] Total time for which application threads were stopped: 0.0003410 seconds, Stopping threads took: 0.0000785 seconds
[2022-02-07T17:11:08.208+0000][1169.234s][debug][safepoint     ] Safepoint synchronization initiated. (301 threads)
[2022-02-07T17:11:08.208+0000][1169.234s][info ][safepoint     ] Application time: 1.0001053 seconds
[2022-02-07T17:11:08.209+0000][1169.234s][info ][safepoint     ] Entering safepoint region: Cleanup
[2022-02-07T17:11:08.209+0000][1169.235s][info ][safepoint     ] Leaving safepoint region
[2022-02-07T17:11:08.209+0000][1169.235s][info ][safepoint     ] Total time for which application threads were stopped: 0.0002434 seconds, Stopping threads took: 0.0000622 seconds
[2022-02-07T17:11:09.209+0000][1170.235s][debug][safepoint     ] Safepoint synchronization initiated. (301 threads)
[2022-02-07T17:11:09.480+0000][1170.506s][info ][safepoint     ] Application time: 1.2716175 seconds
[2022-02-07T17:11:09.480+0000][1170.506s][info ][safepoint     ] Entering safepoint region: Cleanup
[2022-02-07T17:11:09.481+0000][1170.506s][info ][safepoint     ] Leaving safepoint region
[2022-02-07T17:11:09.481+0000][1170.506s][info ][safepoint     ] Total time for which application threads were stopped: 0.0002391 seconds, Stopping threads took: 0.0000650 seconds
[2022-02-07T17:11:10.481+0000][1171.507s][debug][safepoint     ] Safepoint synchronization initiated. (301 threads)
[2022-02-07T17:11:10.481+0000][1171.507s][info ][safepoint     ] Application time: 1.0001154 seconds
[2022-02-07T17:11:10.481+0000][1171.507s][info ][safepoint     ] Entering safepoint region: Cleanup
[2022-02-07T17:11:10.481+0000][1171.507s][info ][safepoint     ] Leaving safepoint region
[2022-02-07T17:11:10.481+0000][1171.507s][info ][safepoint     ] Total time for which application threads were stopped: 0.0002354 seconds, Stopping threads took: 0.0000686 seconds
[2022-02-07T17:11:11.481+0000][1172.507s][debug][safepoint     ] Safepoint synchronization initiated. (301 threads)
[2022-02-07T17:11:11.481+0000][1172.507s][info ][safepoint     ] Application time: 1.0001370 seconds
[2022-02-07T17:11:11.481+0000][1172.507s][info ][safepoint     ] Entering safepoint region: Cleanup
[2022-02-07T17:11:11.481+0000][1172.507s][info ][safepoint     ] Leaving safepoint region
[2022-02-07T17:11:11.481+0000][1172.507s][info ][safepoint     ] Total time for which application threads were stopped: 0.0003590 seconds, Stopping threads took: 0.0000649 seconds
[2022-02-07T17:11:12.482+0000][1173.507s][debug][safepoint     ] Safepoint synchronization initiated. (301 threads)
[2022-02-07T17:11:12.482+0000][1173.507s][info ][safepoint     ] Application time: 1.0001119 seconds
[2022-02-07T17:11:12.482+0000][1173.508s][info ][safepoint     ] Entering safepoint region: Cleanup
[2022-02-07T17:11:12.482+0000][1173.508s][info ][safepoint     ] Leaving safepoint region
[2022-02-07T17:11:12.482+0000][1173.508s][info ][safepoint     ] Total time for which application threads were stopped: 0.0002617 seconds, Stopping threads took: 0.0000709 seconds
[2022-02-07T17:11:13.482+0000][1174.508s][debug][safepoint     ] Safepoint synchronization initiated. (301 threads)
[2022-02-07T17:11:13.482+0000][1174.508s][info ][safepoint     ] Application time: 1.0001304 seconds
[2022-02-07T17:11:13.482+0000][1174.508s][info ][safepoint     ] Entering safepoint region: Cleanup
[2022-02-07T17:11:13.482+0000][1174.508s][info ][safepoint     ] Leaving safepoint region
[2022-02-07T17:11:13.482+0000][1174.508s][info ][safepoint     ] Total time for which application threads were stopped: 0.0002558 seconds, Stopping threads took: 0.0000706 seconds
[2022-02-07T17:11:14.482+0000][1175.508s][debug][safepoint     ] Safepoint synchronization initiated. (301 threads)
[2022-02-07T17:11:14.482+0000][1175.508s][info ][safepoint     ] Application time: 1.0001175 seconds
[2022-02-07T17:11:14.482+0000][1175.508s][info ][safepoint     ] Entering safepoint region: Cleanup
[2022-02-07T17:11:14.483+0000][1175.509s][info ][safepoint     ] Leaving safepoint region
[2022-02-07T17:11:14.483+0000][1175.509s][info ][safepoint     ] Total time for which application threads were stopped: 0.0003088 seconds, Stopping threads took: 0.0000708 seconds
[2022-02-07T17:11:15.483+0000][1176.509s][debug][safepoint     ] Safepoint synchronization initiated. (301 threads)
[2022-02-07T17:11:15.483+0000][1176.509s][info ][safepoint     ] Application time: 1.0001468 seconds
[2022-02-07T17:11:15.483+0000][1176.509s][info ][safepoint     ] Entering safepoint region: Cleanup
[2022-02-07T17:11:15.483+0000][1176.509s][info ][safepoint     ] Leaving safepoint region
[2022-02-07T17:11:15.483+0000][1176.509s][info ][safepoint     ] Total time for which application threads were stopped: 0.0005043 seconds, Stopping threads took: 0.0000768 seconds
[2022-02-07T17:11:16.487+0000][1177.513s][debug][safepoint     ] Safepoint synchronization initiated. (301 threads)
[2022-02-07T17:11:16.487+0000][1177.513s][info ][safepoint     ] Application time: 1.0034786 seconds
[2022-02-07T17:11:16.487+0000][1177.513s][info ][safepoint     ] Entering safepoint region: Cleanup
[2022-02-07T17:11:16.488+0000][1177.513s][info ][safepoint     ] Leaving safepoint region
[2022-02-07T17:11:16.488+0000][1177.513s][info ][safepoint     ] Total time for which application threads were stopped: 0.0005896 seconds, Stopping threads took: 0.0000913 seconds
[2022-02-07T17:11:17.488+0000][1178.513s][debug][safepoint     ] Safepoint synchronization initiated. (301 threads)
[2022-02-07T17:11:17.488+0000][1178.514s][info ][safepoint     ] Application time: 1.0001176 seconds
[2022-02-07T17:11:17.488+0000][1178.514s][info ][safepoint     ] Entering safepoint region: Cleanup
[2022-02-07T17:11:17.488+0000][1178.514s][info ][safepoint     ] Leaving safepoint region
[2022-02-07T17:11:17.488+0000][1178.514s][info ][safepoint     ] Total time for which application threads were stopped: 0.0004377 seconds, Stopping threads took: 0.0000688 seconds
[2022-02-07T17:11:18.488+0000][1179.514s][debug][safepoint     ] Safepoint synchronization initiated. (301 threads)
[2022-02-07T17:11:18.488+0000][1179.514s][info ][safepoint     ] Application time: 1.0001146 seconds
[2022-02-07T17:11:18.488+0000][1179.514s][info ][safepoint     ] Entering safepoint region: Cleanup
[2022-02-07T17:11:18.489+0000][1179.515s][info ][safepoint     ] Leaving safepoint region
[2022-02-07T17:11:18.489+0000][1179.515s][info ][safepoint     ] Total time for which application threads were stopped: 0.0004384 seconds, Stopping threads took: 0.0000670 seconds
[2022-02-07T17:11:19.489+0000][1180.515s][debug][safepoint     ] Safepoint synchronization initiated. (301 threads)
[2022-02-07T17:11:19.489+0000][1180.515s][info ][safepoint     ] Application time: 1.0001182 seconds
[2022-02-07T17:11:19.489+0000][1180.515s][info ][safepoint     ] Entering safepoint region: Cleanup
[2022-02-07T17:11:19.489+0000][1180.515s][info ][safepoint     ] Leaving safepoint region
[2022-02-07T17:11:19.489+0000][1180.515s][info ][safepoint     ] Total time for which application threads were stopped: 0.0004548 seconds, Stopping threads took: 0.0000712 seconds
[2022-02-07T17:11:20.489+0000][1181.515s][debug][safepoint     ] Safepoint synchronization initiated. (301 threads)
[2022-02-07T17:11:20.489+0000][1181.515s][info ][safepoint     ] Application time: 1.0001086 seconds
[2022-02-07T17:11:20.489+0000][1181.515s][info ][safepoint     ] Entering safepoint region: Cleanup
[2022-02-07T17:11:20.490+0000][1181.516s][info ][safepoint     ] Leaving safepoint region
[2022-02-07T17:11:20.490+0000][1181.516s][info ][safepoint     ] Total time for which application threads were stopped: 0.0003403 seconds, Stopping threads took: 0.0000697 seconds
[2022-02-07T17:11:21.490+0000][1182.516s][debug][safepoint     ] Safepoint synchronization initiated. (301 threads)
[2022-02-07T17:11:21.490+0000][1182.516s][info ][safepoint     ] Application time: 1.0001168 seconds
[2022-02-07T17:11:21.490+0000][1182.516s][info ][safepoint     ] Entering safepoint region: Cleanup
[2022-02-07T17:11:21.490+0000][1182.516s][info ][safepoint     ] Leaving safepoint region
[2022-02-07T17:11:21.490+0000][1182.516s][info ][safepoint     ] Total time for which application threads were stopped: 0.0002632 seconds, Stopping threads took: 0.0000712 seconds
[2022-02-07T17:11:22.490+0000][1183.516s][debug][safepoint     ] Safepoint synchronization initiated. (301 threads)
[2022-02-07T17:11:22.490+0000][1183.516s][info ][safepoint     ] Application time: 1.0001428 seconds
[2022-02-07T17:11:22.490+0000][1183.516s][info ][safepoint     ] Entering safepoint region: Cleanup
[2022-02-07T17:11:22.491+0000][1183.517s][info ][safepoint     ] Leaving safepoint region
[2022-02-07T17:11:22.491+0000][1183.517s][info ][safepoint     ] Total time for which application threads were stopped: 0.0004562 seconds, Stopping threads took: 0.0000721 seconds
[2022-02-07T17:11:23.491+0000][1184.517s][debug][safepoint     ] Safepoint synchronization initiated. (301 threads)
[2022-02-07T17:11:23.491+0000][1184.517s][info ][safepoint     ] Application time: 1.0001345 seconds
[2022-02-07T17:11:23.491+0000][1184.517s][debug][safepoint     ] ... found polling page return exception at pc = 0x00007f11b4399c76, stub =0x00007f11ac8beb80
[2022-02-07T17:11:23.491+0000][1184.517s][debug][safepoint     ] Waiting for 1 thread(s) to block
[2022-02-07T17:11:23.491+0000][1184.517s][info ][safepoint     ] Entering safepoint region: Cleanup
[2022-02-07T17:11:23.492+0000][1184.517s][info ][safepoint     ] Leaving safepoint region
[2022-02-07T17:11:23.492+0000][1184.517s][info ][safepoint     ] Total time for which application threads were stopped: 0.0006232 seconds, Stopping threads took: 0.0001186 seconds
[2022-02-07T17:11:23.709+0000][1184.735s][debug][safepoint     ] Safepoint synchronization initiated. (301 threads)
[2022-02-07T17:11:23.709+0000][1184.735s][info ][safepoint     ] Application time: 0.2179568 seconds
[2022-02-07T17:11:23.710+0000][1184.735s][info ][safepoint     ] Entering safepoint region: G1CollectForAllocation
[2022-02-07T17:11:23.710+0000][1184.736s][info ][gc,start      ] GC(118) Pause Young (Normal) (G1 Evacuation Pause)
[2022-02-07T17:11:23.710+0000][1184.736s][info ][gc,task       ] GC(118) Using 4 workers of 4 for evacuation
[2022-02-07T17:11:23.718+0000][1184.744s][info ][gc,phases     ] GC(118)   Pre Evacuate Collection Set: 0.0ms
[2022-02-07T17:11:23.718+0000][1184.744s][info ][gc,phases     ] GC(118)   Evacuate Collection Set: 3.7ms
[2022-02-07T17:11:23.718+0000][1184.744s][info ][gc,phases     ] GC(118)   Post Evacuate Collection Set: 4.3ms
[2022-02-07T17:11:23.718+0000][1184.744s][info ][gc,phases     ] GC(118)   Other: 0.3ms
[2022-02-07T17:11:23.718+0000][1184.744s][info ][gc,heap       ] GC(118) Eden regions: 238->0(238)
[2022-02-07T17:11:23.718+0000][1184.744s][info ][gc,heap       ] GC(118) Survivor regions: 1->1(30)
[2022-02-07T17:11:23.718+0000][1184.744s][info ][gc,heap       ] GC(118) Old regions: 147->147
[2022-02-07T17:11:23.718+0000][1184.744s][info ][gc,heap       ] GC(118) Humongous regions: 0->0
[2022-02-07T17:11:23.718+0000][1184.744s][info ][gc,metaspace  ] GC(118) Metaspace: 162796K->162796K(1204224K)
[2022-02-07T17:11:23.718+0000][1184.744s][info ][gc            ] GC(118) Pause Young (Normal) (G1 Evacuation Pause) 383M->145M(430M) 8.326ms
[2022-02-07T17:11:23.718+0000][1184.744s][info ][gc,cpu        ] GC(118) User=0.01s Sys=0.00s Real=0.00s
[2022-02-07T17:11:23.718+0000][1184.744s][info ][safepoint     ] Leaving safepoint region
[2022-02-07T17:11:23.718+0000][1184.744s][info ][safepoint     ] Total time for which application threads were stopped: 0.0087622 seconds, Stopping threads took: 0.0000780 seconds
[2022-02-07T17:11:23.719+0000][1184.745s][info ][gc,stringdedup] Concurrent String Deduplication (1184.745s)
[2022-02-07T17:11:23.719+0000][1184.745s][info ][gc,stringdedup] Concurrent String Deduplication 792.0B->0.0B(792.0B) avg 53.2% (1184.745s, 1184.745s) 0.051ms
[2022-02-07T17:11:24.718+0000][1185.744s][debug][safepoint     ] Safepoint synchronization initiated. (301 threads)
[2022-02-07T17:11:24.718+0000][1185.744s][info ][safepoint     ] Application time: 1.0001147 seconds
[2022-02-07T17:11:24.718+0000][1185.744s][debug][safepoint     ] ... found polling page return exception at pc = 0x00007f11b43a39c4, stub =0x00007f11ac8beb80
[2022-02-07T17:11:24.718+0000][1185.744s][debug][safepoint     ] Waiting for 1 thread(s) to block
[2022-02-07T17:11:24.719+0000][1185.744s][info ][safepoint     ] Entering safepoint region: Cleanup
[2022-02-07T17:11:24.719+0000][1185.745s][info ][safepoint     ] Leaving safepoint region
[2022-02-07T17:11:24.719+0000][1185.745s][info ][safepoint     ] Total time for which application threads were stopped: 0.0003496 seconds, Stopping threads took: 0.0001177 seconds
[2022-02-07T17:11:25.719+0000][1186.745s][debug][safepoint     ] Safepoint synchronization initiated. (301 threads)
[2022-02-07T17:11:25.719+0000][1186.745s][info ][safepoint     ] Application time: 1.0001463 seconds
[2022-02-07T17:11:25.719+0000][1186.745s][info ][safepoint     ] Entering safepoint region: Cleanup
[2022-02-07T17:11:25.719+0000][1186.745s][info ][safepoint     ] Leaving safepoint region
[2022-02-07T17:11:25.719+0000][1186.745s][info ][safepoint     ] Total time for which application threads were stopped: 0.0004467 seconds, Stopping threads took: 0.0000685 seconds
[2022-02-07T17:11:26.719+0000][1187.745s][debug][safepoint     ] Safepoint synchronization initiated. (301 threads)
[2022-02-07T17:11:26.719+0000][1187.745s][info ][safepoint     ] Application time: 1.0001163 seconds
[2022-02-07T17:11:26.720+0000][1187.745s][info ][safepoint     ] Entering safepoint region: Cleanup
[2022-02-07T17:11:26.720+0000][1187.746s][info ][safepoint     ] Leaving safepoint region
[2022-02-07T17:11:26.720+0000][1187.746s][info ][safepoint     ] Total time for which application threads were stopped: 0.0004298 seconds, Stopping threads took: 0.0000694 seconds
[2022-02-07T17:11:27.720+0000][1188.746s][debug][safepoint     ] Safepoint synchronization initiated. (301 threads)
[2022-02-07T17:11:27.720+0000][1188.746s][info ][safepoint     ] Application time: 1.0001190 seconds
[2022-02-07T17:11:27.720+0000][1188.746s][info ][safepoint     ] Entering safepoint region: Cleanup
[2022-02-07T17:11:27.720+0000][1188.746s][info ][safepoint     ] Leaving safepoint region
[2022-02-07T17:11:27.721+0000][1188.746s][info ][safepoint     ] Total time for which application threads were stopped: 0.0004384 seconds, Stopping threads took: 0.0000732 seconds
[2022-02-07T17:11:28.721+0000][1189.746s][debug][safepoint     ] Safepoint synchronization initiated. (301 threads)
[2022-02-07T17:11:28.721+0000][1189.747s][info ][safepoint     ] Application time: 1.0001263 seconds
[2022-02-07T17:11:28.721+0000][1189.747s][debug][safepoint     ] ... found polling page return exception at pc = 0x00007f11b447f51b, stub =0x00007f11ac8beb80
[2022-02-07T17:11:28.721+0000][1189.747s][debug][safepoint     ] ... found polling page return exception at pc = 0x00007f11b4bd1972, stub =0x00007f11ac8beb80
[2022-02-07T17:11:28.721+0000][1189.747s][debug][safepoint     ] Waiting for 2 thread(s) to block
[2022-02-07T17:11:28.721+0000][1189.747s][info ][safepoint     ] Entering safepoint region: Cleanup
[2022-02-07T17:11:28.721+0000][1189.747s][info ][safepoint     ] Leaving safepoint region
[2022-02-07T17:11:28.721+0000][1189.747s][info ][safepoint     ] Total time for which application threads were stopped: 0.0005117 seconds, Stopping threads took: 0.0001322 seconds
[2022-02-07T17:11:29.721+0000][1190.747s][debug][safepoint     ] Safepoint synchronization initiated. (301 threads)
[2022-02-07T17:11:29.721+0000][1190.747s][info ][safepoint     ] Application time: 1.0001353 seconds
[2022-02-07T17:11:29.721+0000][1190.747s][info ][safepoint     ] Entering safepoint region: Cleanup
[2022-02-07T17:11:29.722+0000][1190.747s][info ][safepoint     ] Leaving safepoint region
[2022-02-07T17:11:29.722+0000][1190.747s][info ][safepoint     ] Total time for which application threads were stopped: 0.0003134 seconds, Stopping threads took: 0.0000708 seconds
[2022-02-07T17:11:30.722+0000][1191.748s][debug][safepoint     ] Safepoint synchronization initiated. (301 threads)
[2022-02-07T17:11:30.722+0000][1191.748s][info ][safepoint     ] Application time: 1.0001429 seconds
[2022-02-07T17:11:30.722+0000][1191.748s][info ][safepoint     ] Entering safepoint region: Cleanup
[2022-02-07T17:11:30.722+0000][1191.748s][info ][safepoint     ] Leaving safepoint region
[2022-02-07T17:11:30.722+0000][1191.748s][info ][safepoint     ] Total time for which application threads were stopped: 0.0004710 seconds, Stopping threads took: 0.0000774 seconds
[2022-02-07T17:11:31.722+0000][1192.748s][debug][safepoint     ] Safepoint synchronization initiated. (301 threads)
[2022-02-07T17:11:31.722+0000][1192.748s][info ][safepoint     ] Application time: 1.0001128 seconds
[2022-02-07T17:11:31.722+0000][1192.748s][info ][safepoint     ] Entering safepoint region: Cleanup
[2022-02-07T17:11:31.723+0000][1192.749s][info ][safepoint     ] Leaving safepoint region
[2022-02-07T17:11:31.723+0000][1192.749s][info ][safepoint     ] Total time for which application threads were stopped: 0.0002956 seconds, Stopping threads took: 0.0000709 seconds
[2022-02-07T17:11:32.723+0000][1193.749s][debug][safepoint     ] Safepoint synchronization initiated. (301 threads)
[2022-02-07T17:11:32.723+0000][1193.749s][info ][safepoint     ] Application time: 1.0001139 seconds
[2022-02-07T17:11:32.723+0000][1193.749s][info ][safepoint     ] Entering safepoint region: Cleanup
[2022-02-07T17:11:32.723+0000][1193.749s][info ][safepoint     ] Leaving safepoint region
[2022-02-07T17:11:32.723+0000][1193.749s][info ][safepoint     ] Total time for which application threads were stopped: 0.0002941 seconds, Stopping threads took: 0.0000705 seconds
[2022-02-07T17:11:33.723+0000][1194.749s][debug][safepoint     ] Safepoint synchronization initiated. (301 threads)
[2022-02-07T17:11:33.723+0000][1194.749s][info ][safepoint     ] Application time: 1.0001298 seconds
[2022-02-07T17:11:33.723+0000][1194.749s][info ][safepoint     ] Entering safepoint region: Cleanup
[2022-02-07T17:11:33.724+0000][1194.750s][info ][safepoint     ] Leaving safepoint region
[2022-02-07T17:11:33.724+0000][1194.750s][info ][safepoint     ] Total time for which application threads were stopped: 0.0004400 seconds, Stopping threads took: 0.0000714 seconds
[2022-02-07T17:11:34.724+0000][1195.750s][debug][safepoint     ] Safepoint synchronization initiated. (301 threads)
[2022-02-07T17:11:34.724+0000][1195.750s][info ][safepoint     ] Application time: 1.0001030 seconds
[2022-02-07T17:11:34.724+0000][1195.750s][info ][safepoint     ] Entering safepoint region: Cleanup
[2022-02-07T17:11:34.724+0000][1195.750s][info ][safepoint     ] Leaving safepoint region
[2022-02-07T17:11:34.724+0000][1195.750s][info ][safepoint     ] Total time for which application threads were stopped: 0.0003045 seconds, Stopping threads took: 0.0000677 seconds
[2022-02-07T17:11:35.724+0000][1196.750s][debug][safepoint     ] Safepoint synchronization initiated. (301 threads)
[2022-02-07T17:11:35.724+0000][1196.750s][info ][safepoint     ] Application time: 1.0001113 seconds
[2022-02-07T17:11:35.724+0000][1196.750s][info ][safepoint     ] Entering safepoint region: Cleanup
[2022-02-07T17:11:35.725+0000][1196.750s][info ][safepoint     ] Leaving safepoint region
[2022-02-07T17:11:35.725+0000][1196.750s][info ][safepoint     ] Total time for which application threads were stopped: 0.0003326 seconds, Stopping threads took: 0.0000693 seconds
[2022-02-07T17:11:36.725+0000][1197.751s][debug][safepoint     ] Safepoint synchronization initiated. (301 threads)
[2022-02-07T17:11:36.725+0000][1197.751s][info ][safepoint     ] Application time: 1.0001298 seconds
[2022-02-07T17:11:36.725+0000][1197.751s][info ][safepoint     ] Entering safepoint region: Cleanup
[2022-02-07T17:11:36.725+0000][1197.751s][info ][safepoint     ] Leaving safepoint region
[2022-02-07T17:11:36.725+0000][1197.751s][info ][safepoint     ] Total time for which application threads were stopped: 0.0003160 seconds, Stopping threads took: 0.0000720 seconds
[2022-02-07T17:11:37.725+0000][1198.751s][debug][safepoint     ] Safepoint synchronization initiated. (301 threads)
[2022-02-07T17:11:37.725+0000][1198.751s][info ][safepoint     ] Application time: 1.0001198 seconds
[2022-02-07T17:11:37.725+0000][1198.751s][info ][safepoint     ] Entering safepoint region: Cleanup
[2022-02-07T17:11:37.726+0000][1198.751s][info ][safepoint     ] Leaving safepoint region
[2022-02-07T17:11:37.726+0000][1198.751s][info ][safepoint     ] Total time for which application threads were stopped: 0.0004361 seconds, Stopping threads took: 0.0000712 seconds
[2022-02-07T17:11:38.555+0000][1199.581s][debug][safepoint     ] Safepoint synchronization initiated. (301 threads)
[2022-02-07T17:11:38.555+0000][1199.581s][info ][safepoint     ] Application time: 0.8295312 seconds
[2022-02-07T17:11:38.569+0000][1199.595s][debug][safepoint     ] ... found polling page return exception at pc = 0x00007f11b468df6d, stub =0x00007f11ac8beb80
[2022-02-07T17:11:38.569+0000][1199.595s][debug][safepoint     ] Waiting for 1 thread(s) to block
[2022-02-07T17:11:38.569+0000][1199.595s][info ][safepoint     ] Entering safepoint region: G1CollectForAllocation
[2022-02-07T17:11:38.570+0000][1199.596s][info ][gc,start      ] GC(119) Pause Young (Normal) (G1 Evacuation Pause)
[2022-02-07T17:11:38.570+0000][1199.596s][info ][gc,task       ] GC(119) Using 4 workers of 4 for evacuation
[2022-02-07T17:11:38.596+0000][1199.622s][info ][gc,phases     ] GC(119)   Pre Evacuate Collection Set: 0.0ms
[2022-02-07T17:11:38.596+0000][1199.622s][info ][gc,phases     ] GC(119)   Evacuate Collection Set: 21.5ms
[2022-02-07T17:11:38.596+0000][1199.622s][info ][gc,phases     ] GC(119)   Post Evacuate Collection Set: 4.2ms
[2022-02-07T17:11:38.596+0000][1199.622s][info ][gc,phases     ] GC(119)   Other: 0.3ms
[2022-02-07T17:11:38.596+0000][1199.622s][info ][gc,heap       ] GC(119) Eden regions: 238->0(238)
[2022-02-07T17:11:38.596+0000][1199.622s][info ][gc,heap       ] GC(119) Survivor regions: 1->1(30)
[2022-02-07T17:11:38.596+0000][1199.622s][info ][gc,heap       ] GC(119) Old regions: 147->147
[2022-02-07T17:11:38.596+0000][1199.622s][info ][gc,heap       ] GC(119) Humongous regions: 0->0
[2022-02-07T17:11:38.596+0000][1199.622s][info ][gc,metaspace  ] GC(119) Metaspace: 162806K->162806K(1204224K)
[2022-02-07T17:11:38.596+0000][1199.622s][info ][gc            ] GC(119) Pause Young (Normal) (G1 Evacuation Pause) 383M->145M(430M) 26.123ms
[2022-02-07T17:11:38.596+0000][1199.622s][info ][gc,cpu        ] GC(119) User=0.03s Sys=0.00s Real=0.02s
[2022-02-07T17:11:38.596+0000][1199.622s][info ][safepoint     ] Leaving safepoint region
[2022-02-07T17:11:38.596+0000][1199.622s][info ][safepoint     ] Total time for which application threads were stopped: 0.0407849 seconds, Stopping threads took: 0.0141332 seconds
[2022-02-07T17:11:38.596+0000][1199.622s][info ][gc,stringdedup] Concurrent String Deduplication (1199.622s)
[2022-02-07T17:11:38.596+0000][1199.622s][info ][gc,stringdedup] Concurrent String Deduplication 624.0B->88.0B(536.0B) avg 53.2% (1199.622s, 1199.622s) 0.020ms
[2022-02-07T17:11:39.596+0000][1200.622s][debug][safepoint     ] Safepoint synchronization initiated. (301 threads)
[2022-02-07T17:11:39.596+0000][1200.622s][info ][safepoint     ] Application time: 1.0001752 seconds
[2022-02-07T17:11:39.596+0000][1200.622s][info ][safepoint     ] Entering safepoint region: Cleanup
[2022-02-07T17:11:39.597+0000][1200.622s][info ][safepoint     ] Leaving safepoint region
[2022-02-07T17:11:39.597+0000][1200.622s][info ][safepoint     ] Total time for which application threads were stopped: 0.0004736 seconds, Stopping threads took: 0.0000774 seconds
[2022-02-07T17:11:40.597+0000][1201.623s][debug][safepoint     ] Safepoint synchronization initiated. (301 threads)
[2022-02-07T17:11:40.597+0000][1201.623s][info ][safepoint     ] Application time: 1.0001162 seconds
[2022-02-07T17:11:40.597+0000][1201.623s][info ][safepoint     ] Entering safepoint region: Cleanup
[2022-02-07T17:11:40.597+0000][1201.623s][info ][safepoint     ] Leaving safepoint region
[2022-02-07T17:11:40.597+0000][1201.623s][info ][safepoint     ] Total time for which application threads were stopped: 0.0002499 seconds, Stopping threads took: 0.0000655 seconds
[2022-02-07T17:11:41.597+0000][1202.623s][debug][safepoint     ] Safepoint synchronization initiated. (301 threads)
[2022-02-07T17:11:41.597+0000][1202.623s][info ][safepoint     ] Application time: 1.0001195 seconds
[2022-02-07T17:11:41.597+0000][1202.623s][info ][safepoint     ] Entering safepoint region: Cleanup
[2022-02-07T17:11:41.597+0000][1202.623s][info ][safepoint     ] Leaving safepoint region
[2022-02-07T17:11:41.597+0000][1202.623s][info ][safepoint     ] Total time for which application threads were stopped: 0.0002595 seconds, Stopping threads took: 0.0000730 seconds
[2022-02-07T17:11:42.598+0000][1203.623s][debug][safepoint     ] Safepoint synchronization initiated. (301 threads)
[2022-02-07T17:11:42.598+0000][1203.623s][info ][safepoint     ] Application time: 1.0001174 seconds
[2022-02-07T17:11:42.598+0000][1203.623s][info ][safepoint     ] Entering safepoint region: Cleanup
[2022-02-07T17:11:42.598+0000][1203.624s][info ][safepoint     ] Leaving safepoint region
[2022-02-07T17:11:42.598+0000][1203.624s][info ][safepoint     ] Total time for which application threads were stopped: 0.0002634 seconds, Stopping threads took: 0.0000734 seconds
[2022-02-07T17:11:43.598+0000][1204.624s][debug][safepoint     ] Safepoint synchronization initiated. (301 threads)
[2022-02-07T17:11:43.598+0000][1204.624s][info ][safepoint     ] Application time: 1.0001297 seconds
[2022-02-07T17:11:43.598+0000][1204.624s][info ][safepoint     ] Entering safepoint region: Cleanup
[2022-02-07T17:11:43.598+0000][1204.624s][info ][safepoint     ] Leaving safepoint region
[2022-02-07T17:11:43.598+0000][1204.624s][info ][safepoint     ] Total time for which application threads were stopped: 0.0004379 seconds, Stopping threads took: 0.0000693 seconds
[2022-02-07T17:11:44.598+0000][1205.624s][debug][safepoint     ] Safepoint synchronization initiated. (301 threads)
[2022-02-07T17:11:44.599+0000][1205.624s][info ][safepoint     ] Application time: 1.0001066 seconds
[2022-02-07T17:11:44.599+0000][1205.624s][info ][safepoint     ] Entering safepoint region: Cleanup
[2022-02-07T17:11:44.599+0000][1205.625s][info ][safepoint     ] Leaving safepoint region
[2022-02-07T17:11:44.599+0000][1205.625s][info ][safepoint     ] Total time for which application threads were stopped: 0.0004416 seconds, Stopping threads took: 0.0000709 seconds
[2022-02-07T17:11:45.599+0000][1206.625s][debug][safepoint     ] Safepoint synchronization initiated. (301 threads)
[2022-02-07T17:11:45.599+0000][1206.625s][info ][safepoint     ] Application time: 1.0001156 seconds
[2022-02-07T17:11:45.599+0000][1206.625s][info ][safepoint     ] Entering safepoint region: Cleanup
[2022-02-07T17:11:45.600+0000][1206.625s][info ][safepoint     ] Leaving safepoint region
[2022-02-07T17:11:45.600+0000][1206.625s][info ][safepoint     ] Total time for which application threads were stopped: 0.0004535 seconds, Stopping threads took: 0.0000686 seconds
[2022-02-07T17:11:46.600+0000][1207.626s][debug][safepoint     ] Safepoint synchronization initiated. (301 threads)
[2022-02-07T17:11:46.600+0000][1207.626s][info ][safepoint     ] Application time: 1.0001162 seconds
[2022-02-07T17:11:46.600+0000][1207.626s][info ][safepoint     ] Entering safepoint region: Cleanup
[2022-02-07T17:11:46.604+0000][1207.630s][info ][safepoint     ] Leaving safepoint region
[2022-02-07T17:11:46.604+0000][1207.630s][info ][safepoint     ] Total time for which application threads were stopped: 0.0044977 seconds, Stopping threads took: 0.0000773 seconds
[2022-02-07T17:11:47.604+0000][1208.630s][debug][safepoint     ] Safepoint synchronization initiated. (301 threads)
[2022-02-07T17:11:47.604+0000][1208.630s][info ][safepoint     ] Application time: 1.0001232 seconds
[2022-02-07T17:11:47.604+0000][1208.630s][info ][safepoint     ] Entering safepoint region: Cleanup
[2022-02-07T17:11:47.605+0000][1208.631s][info ][safepoint     ] Leaving safepoint region
[2022-02-07T17:11:47.605+0000][1208.631s][info ][safepoint     ] Total time for which application threads were stopped: 0.0004352 seconds, Stopping threads took: 0.0000707 seconds
[2022-02-07T17:11:48.605+0000][1209.631s][debug][safepoint     ] Safepoint synchronization initiated. (301 threads)
[2022-02-07T17:11:48.605+0000][1209.631s][info ][safepoint     ] Application time: 1.0001281 seconds
[2022-02-07T17:11:48.605+0000][1209.631s][info ][safepoint     ] Entering safepoint region: Cleanup
[2022-02-07T17:11:48.605+0000][1209.631s][info ][safepoint     ] Leaving safepoint region
[2022-02-07T17:11:48.605+0000][1209.631s][info ][safepoint     ] Total time for which application threads were stopped: 0.0004406 seconds, Stopping threads took: 0.0000717 seconds
[2022-02-07T17:11:49.605+0000][1210.631s][debug][safepoint     ] Safepoint synchronization initiated. (301 threads)
[2022-02-07T17:11:49.605+0000][1210.631s][info ][safepoint     ] Application time: 1.0001149 seconds
[2022-02-07T17:11:49.606+0000][1210.631s][info ][safepoint     ] Entering safepoint region: Cleanup
[2022-02-07T17:11:49.606+0000][1210.632s][info ][safepoint     ] Leaving safepoint region
[2022-02-07T17:11:49.606+0000][1210.632s][info ][safepoint     ] Total time for which application threads were stopped: 0.0004417 seconds, Stopping threads took: 0.0000720 seconds
[2022-02-07T17:11:50.606+0000][1211.632s][debug][safepoint     ] Safepoint synchronization initiated. (301 threads)
[2022-02-07T17:11:50.606+0000][1211.632s][info ][safepoint     ] Application time: 1.0001190 seconds
[2022-02-07T17:11:50.606+0000][1211.632s][info ][safepoint     ] Entering safepoint region: Cleanup
[2022-02-07T17:11:50.607+0000][1211.632s][info ][safepoint     ] Leaving safepoint region
[2022-02-07T17:11:50.607+0000][1211.632s][info ][safepoint     ] Total time for which application threads were stopped: 0.0004792 seconds, Stopping threads took: 0.0000730 seconds
[2022-02-07T17:11:51.607+0000][1212.633s][debug][safepoint     ] Safepoint synchronization initiated. (301 threads)
[2022-02-07T17:11:51.607+0000][1212.633s][info ][safepoint     ] Application time: 1.0001145 seconds
[2022-02-07T17:11:51.607+0000][1212.633s][info ][safepoint     ] Entering safepoint region: Cleanup
[2022-02-07T17:11:51.607+0000][1212.633s][info ][safepoint     ] Leaving safepoint region
[2022-02-07T17:11:51.607+0000][1212.633s][info ][safepoint     ] Total time for which application threads were stopped: 0.0004290 seconds, Stopping threads took: 0.0000682 seconds
[2022-02-07T17:11:52.607+0000][1213.633s][debug][safepoint     ] Safepoint synchronization initiated. (301 threads)
[2022-02-07T17:11:52.607+0000][1213.633s][info ][safepoint     ] Application time: 1.0001261 seconds
[2022-02-07T17:11:52.607+0000][1213.633s][info ][safepoint     ] Entering safepoint region: Cleanup
[2022-02-07T17:11:52.608+0000][1213.634s][info ][safepoint     ] Leaving safepoint region
[2022-02-07T17:11:52.608+0000][1213.634s][info ][safepoint     ] Total time for which application threads were stopped: 0.0004426 seconds, Stopping threads took: 0.0000693 seconds
[2022-02-07T17:11:52.945+0000][1213.971s][debug][safepoint     ] Safepoint synchronization initiated. (301 threads)
[2022-02-07T17:11:52.945+0000][1213.971s][info ][safepoint     ] Application time: 0.3372591 seconds
[2022-02-07T17:11:52.945+0000][1213.971s][debug][safepoint     ] Waiting for 1 thread(s) to block
[2022-02-07T17:11:52.945+0000][1213.971s][info ][safepoint     ] Entering safepoint region: G1CollectForAllocation
[2022-02-07T17:11:52.945+0000][1213.971s][info ][gc,start      ] GC(120) Pause Young (Normal) (G1 Evacuation Pause)
[2022-02-07T17:11:52.946+0000][1213.971s][info ][gc,task       ] GC(120) Using 4 workers of 4 for evacuation
[2022-02-07T17:11:52.956+0000][1213.982s][info ][gc,phases     ] GC(120)   Pre Evacuate Collection Set: 0.0ms
[2022-02-07T17:11:52.956+0000][1213.982s][info ][gc,phases     ] GC(120)   Evacuate Collection Set: 6.1ms
[2022-02-07T17:11:52.956+0000][1213.982s][info ][gc,phases     ] GC(120)   Post Evacuate Collection Set: 4.1ms
[2022-02-07T17:11:52.956+0000][1213.982s][info ][gc,phases     ] GC(120)   Other: 0.3ms
[2022-02-07T17:11:52.956+0000][1213.982s][info ][gc,heap       ] GC(120) Eden regions: 238->0(238)
[2022-02-07T17:11:52.956+0000][1213.982s][info ][gc,heap       ] GC(120) Survivor regions: 1->1(30)
[2022-02-07T17:11:52.956+0000][1213.982s][info ][gc,heap       ] GC(120) Old regions: 147->147
[2022-02-07T17:11:52.956+0000][1213.982s][info ][gc,heap       ] GC(120) Humongous regions: 0->0
[2022-02-07T17:11:52.956+0000][1213.982s][info ][gc,metaspace  ] GC(120) Metaspace: 162807K->162807K(1204224K)
[2022-02-07T17:11:52.956+0000][1213.982s][info ][gc            ] GC(120) Pause Young (Normal) (G1 Evacuation Pause) 383M->145M(430M) 10.602ms
[2022-02-07T17:11:52.956+0000][1213.982s][info ][gc,cpu        ] GC(120) User=0.02s Sys=0.00s Real=0.01s
[2022-02-07T17:11:52.956+0000][1213.982s][info ][safepoint     ] Leaving safepoint region
[2022-02-07T17:11:52.956+0000][1213.982s][info ][safepoint     ] Total time for which application threads were stopped: 0.0111954 seconds, Stopping threads took: 0.0000956 seconds
[2022-02-07T17:11:52.956+0000][1213.982s][info ][gc,stringdedup] Concurrent String Deduplication (1213.982s)
[2022-02-07T17:11:52.956+0000][1213.982s][info ][gc,stringdedup] Concurrent String Deduplication 2536.0B->0.0B(2536.0B) avg 53.2% (1213.982s, 1213.982s) 0.031ms
[2022-02-07T17:11:53.957+0000][1214.982s][debug][safepoint     ] Safepoint synchronization initiated. (301 threads)
[2022-02-07T17:11:53.957+0000][1214.982s][info ][safepoint     ] Application time: 1.0004243 seconds
[2022-02-07T17:11:53.957+0000][1214.983s][info ][safepoint     ] Entering safepoint region: Cleanup
[2022-02-07T17:11:53.957+0000][1214.983s][info ][safepoint     ] Leaving safepoint region
[2022-02-07T17:11:53.957+0000][1214.983s][info ][safepoint     ] Total time for which application threads were stopped: 0.0003290 seconds, Stopping threads took: 0.0000884 seconds
[2022-02-07T17:11:54.957+0000][1215.983s][debug][safepoint     ] Safepoint synchronization initiated. (301 threads)
[2022-02-07T17:11:54.957+0000][1215.983s][info ][safepoint     ] Application time: 1.0001273 seconds
[2022-02-07T17:11:54.957+0000][1215.983s][info ][safepoint     ] Entering safepoint region: Cleanup
[2022-02-07T17:11:54.957+0000][1215.983s][info ][safepoint     ] Leaving safepoint region
[2022-02-07T17:11:54.957+0000][1215.983s][info ][safepoint     ] Total time for which application threads were stopped: 0.0002983 seconds, Stopping threads took: 0.0000718 seconds
[2022-02-07T17:11:55.957+0000][1216.983s][debug][safepoint     ] Safepoint synchronization initiated. (301 threads)
[2022-02-07T17:11:55.958+0000][1216.983s][info ][safepoint     ] Application time: 1.0001136 seconds
[2022-02-07T17:11:55.958+0000][1216.983s][debug][safepoint     ] ... found polling page return exception at pc = 0x00007f11b533f8a8, stub =0x00007f11ac8beb80
[2022-02-07T17:11:55.958+0000][1216.983s][debug][safepoint     ] Waiting for 1 thread(s) to block
[2022-02-07T17:11:55.958+0000][1216.983s][info ][safepoint     ] Entering safepoint region: Cleanup
[2022-02-07T17:11:55.958+0000][1216.984s][info ][safepoint     ] Leaving safepoint region
[2022-02-07T17:11:55.958+0000][1216.984s][info ][safepoint     ] Total time for which application threads were stopped: 0.0003295 seconds, Stopping threads took: 0.0001055 seconds
[2022-02-07T17:11:56.958+0000][1217.984s][debug][safepoint     ] Safepoint synchronization initiated. (301 threads)
[2022-02-07T17:11:56.958+0000][1217.984s][info ][safepoint     ] Application time: 1.0001512 seconds
[2022-02-07T17:11:56.958+0000][1217.984s][info ][safepoint     ] Entering safepoint region: Cleanup
[2022-02-07T17:11:56.958+0000][1217.984s][info ][safepoint     ] Leaving safepoint region
[2022-02-07T17:11:56.958+0000][1217.984s][info ][safepoint     ] Total time for which application threads were stopped: 0.0002849 seconds, Stopping threads took: 0.0000708 seconds
[2022-02-07T17:11:57.958+0000][1218.984s][debug][safepoint     ] Safepoint synchronization initiated. (301 threads)
[2022-02-07T17:11:57.958+0000][1218.984s][info ][safepoint     ] Application time: 1.0001185 seconds
[2022-02-07T17:11:57.959+0000][1218.984s][info ][safepoint     ] Entering safepoint region: Cleanup
[2022-02-07T17:11:57.959+0000][1218.985s][info ][safepoint     ] Leaving safepoint region
[2022-02-07T17:11:57.959+0000][1218.985s][info ][safepoint     ] Total time for which application threads were stopped: 0.0002626 seconds, Stopping threads took: 0.0000721 seconds
[2022-02-07T17:11:58.959+0000][1219.985s][debug][safepoint     ] Safepoint synchronization initiated. (301 threads)
[2022-02-07T17:11:58.959+0000][1219.985s][info ][safepoint     ] Application time: 1.0001282 seconds
[2022-02-07T17:11:58.959+0000][1219.985s][info ][safepoint     ] Entering safepoint region: Cleanup
[2022-02-07T17:11:58.959+0000][1219.985s][info ][safepoint     ] Leaving safepoint region
[2022-02-07T17:11:58.959+0000][1219.985s][info ][safepoint     ] Total time for which application threads were stopped: 0.0003674 seconds, Stopping threads took: 0.0000705 seconds
[2022-02-07T17:11:59.959+0000][1220.985s][debug][safepoint     ] Safepoint synchronization initiated. (301 threads)
[2022-02-07T17:11:59.959+0000][1220.985s][info ][safepoint     ] Application time: 1.0001089 seconds
[2022-02-07T17:11:59.959+0000][1220.985s][info ][safepoint     ] Entering safepoint region: Cleanup
[2022-02-07T17:11:59.960+0000][1220.985s][info ][safepoint     ] Leaving safepoint region
[2022-02-07T17:11:59.960+0000][1220.986s][info ][safepoint     ] Total time for which application threads were stopped: 0.0002842 seconds, Stopping threads took: 0.0000695 seconds
[2022-02-07T17:12:00.960+0000][1221.986s][debug][safepoint     ] Safepoint synchronization initiated. (301 threads)
[2022-02-07T17:12:00.960+0000][1221.986s][info ][safepoint     ] Application time: 1.0001491 seconds
[2022-02-07T17:12:00.960+0000][1221.986s][info ][safepoint     ] Entering safepoint region: Cleanup
[2022-02-07T17:12:00.960+0000][1221.986s][info ][safepoint     ] Leaving safepoint region
[2022-02-07T17:12:00.960+0000][1221.986s][info ][safepoint     ] Total time for which application threads were stopped: 0.0002659 seconds, Stopping threads took: 0.0000800 seconds
[2022-02-07T17:12:01.960+0000][1222.986s][debug][safepoint     ] Safepoint synchronization initiated. (301 threads)
[2022-02-07T17:12:01.960+0000][1222.986s][info ][safepoint     ] Application time: 1.0001501 seconds
[2022-02-07T17:12:01.960+0000][1222.986s][info ][safepoint     ] Entering safepoint region: Cleanup
[2022-02-07T17:12:01.961+0000][1222.986s][info ][safepoint     ] Leaving safepoint region
[2022-02-07T17:12:01.961+0000][1222.986s][info ][safepoint     ] Total time for which application threads were stopped: 0.0003196 seconds, Stopping threads took: 0.0000748 seconds
[2022-02-07T17:12:02.961+0000][1223.987s][debug][safepoint     ] Safepoint synchronization initiated. (301 threads)
[2022-02-07T17:12:02.961+0000][1223.987s][info ][safepoint     ] Application time: 1.0001145 seconds
[2022-02-07T17:12:02.961+0000][1223.987s][info ][safepoint     ] Entering safepoint region: Cleanup
[2022-02-07T17:12:02.961+0000][1223.987s][info ][safepoint     ] Leaving safepoint region
[2022-02-07T17:12:02.961+0000][1223.987s][info ][safepoint     ] Total time for which application threads were stopped: 0.0004724 seconds, Stopping threads took: 0.0000768 seconds
[2022-02-07T17:12:03.961+0000][1224.987s][debug][safepoint     ] Safepoint synchronization initiated. (301 threads)
[2022-02-07T17:12:03.961+0000][1224.987s][info ][safepoint     ] Application time: 1.0001106 seconds
[2022-02-07T17:12:03.961+0000][1224.987s][info ][safepoint     ] Entering safepoint region: Cleanup
[2022-02-07T17:12:03.962+0000][1224.987s][info ][safepoint     ] Leaving safepoint region
[2022-02-07T17:12:03.962+0000][1224.987s][info ][safepoint     ] Total time for which application threads were stopped: 0.0003116 seconds, Stopping threads took: 0.0000677 seconds
[2022-02-07T17:12:04.962+0000][1225.988s][debug][safepoint     ] Safepoint synchronization initiated. (301 threads)
[2022-02-07T17:12:04.962+0000][1225.988s][info ][safepoint     ] Application time: 1.0001078 seconds
[2022-02-07T17:12:04.962+0000][1225.988s][info ][safepoint     ] Entering safepoint region: Cleanup
[2022-02-07T17:12:04.962+0000][1225.988s][info ][safepoint     ] Leaving safepoint region
[2022-02-07T17:12:04.962+0000][1225.988s][info ][safepoint     ] Total time for which application threads were stopped: 0.0002328 seconds, Stopping threads took: 0.0000622 seconds
[2022-02-07T17:12:05.962+0000][1226.988s][debug][safepoint     ] Safepoint synchronization initiated. (301 threads)
[2022-02-07T17:12:05.962+0000][1226.988s][info ][safepoint     ] Application time: 1.0001233 seconds
[2022-02-07T17:12:05.962+0000][1226.988s][info ][safepoint     ] Entering safepoint region: Cleanup
[2022-02-07T17:12:05.963+0000][1226.988s][info ][safepoint     ] Leaving safepoint region
[2022-02-07T17:12:05.963+0000][1226.988s][info ][safepoint     ] Total time for which application threads were stopped: 0.0004443 seconds, Stopping threads took: 0.0000768 seconds
[2022-02-07T17:12:06.963+0000][1227.989s][debug][safepoint     ] Safepoint synchronization initiated. (301 threads)
[2022-02-07T17:12:06.963+0000][1227.989s][info ][safepoint     ] Application time: 1.0001184 seconds
[2022-02-07T17:12:06.963+0000][1227.989s][info ][safepoint     ] Entering safepoint region: Cleanup
[2022-02-07T17:12:06.963+0000][1227.989s][info ][safepoint     ] Leaving safepoint region
[2022-02-07T17:12:06.963+0000][1227.989s][info ][safepoint     ] Total time for which application threads were stopped: 0.0004474 seconds, Stopping threads took: 0.0000706 seconds
[2022-02-07T17:12:07.963+0000][1228.989s][debug][safepoint     ] Safepoint synchronization initiated. (301 threads)
[2022-02-07T17:12:07.963+0000][1228.989s][info ][safepoint     ] Application time: 1.0001148 seconds
[2022-02-07T17:12:07.963+0000][1228.989s][info ][safepoint     ] Entering safepoint region: Cleanup
[2022-02-07T17:12:07.964+0000][1228.990s][info ][safepoint     ] Leaving safepoint region
[2022-02-07T17:12:07.964+0000][1228.990s][info ][safepoint     ] Total time for which application threads were stopped: 0.0005168 seconds, Stopping threads took: 0.0000833 seconds
[2022-02-07T17:12:08.964+0000][1229.990s][debug][safepoint     ] Safepoint synchronization initiated. (301 threads)
[2022-02-07T17:12:08.964+0000][1229.990s][info ][safepoint     ] Application time: 1.0001501 seconds
[2022-02-07T17:12:08.964+0000][1229.990s][info ][safepoint     ] Entering safepoint region: Cleanup
[2022-02-07T17:12:08.964+0000][1229.990s][info ][safepoint     ] Leaving safepoint region
[2022-02-07T17:12:08.964+0000][1229.990s][info ][safepoint     ] Total time for which application threads were stopped: 0.0004627 seconds, Stopping threads took: 0.0000728 seconds
[2022-02-07T17:12:09.965+0000][1230.990s][debug][safepoint     ] Safepoint synchronization initiated. (301 threads)
[2022-02-07T17:12:09.965+0000][1230.990s][info ][safepoint     ] Application time: 1.0001270 seconds
[2022-02-07T17:12:09.965+0000][1230.991s][info ][safepoint     ] Entering safepoint region: Cleanup
[2022-02-07T17:12:09.965+0000][1230.991s][info ][safepoint     ] Leaving safepoint region
[2022-02-07T17:12:09.965+0000][1230.991s][info ][safepoint     ] Total time for which application threads were stopped: 0.0004332 seconds, Stopping threads took: 0.0000698 seconds
[2022-02-07T17:12:10.965+0000][1231.991s][debug][safepoint     ] Safepoint synchronization initiated. (301 threads)
[2022-02-07T17:12:10.965+0000][1231.991s][info ][safepoint     ] Application time: 1.0001209 seconds
[2022-02-07T17:12:10.965+0000][1231.991s][info ][safepoint     ] Entering safepoint region: Cleanup
[2022-02-07T17:12:10.966+0000][1231.991s][info ][safepoint     ] Leaving safepoint region
[2022-02-07T17:12:10.966+0000][1231.991s][info ][safepoint     ] Total time for which application threads were stopped: 0.0004319 seconds, Stopping threads took: 0.0000687 seconds
[2022-02-07T17:12:11.966+0000][1232.992s][debug][safepoint     ] Safepoint synchronization initiated. (301 threads)
[2022-02-07T17:12:11.966+0000][1232.992s][info ][safepoint     ] Application time: 1.0001175 seconds
[2022-02-07T17:12:11.966+0000][1232.992s][info ][safepoint     ] Entering safepoint region: Cleanup
[2022-02-07T17:12:11.966+0000][1232.992s][info ][safepoint     ] Leaving safepoint region
[2022-02-07T17:12:11.966+0000][1232.992s][info ][safepoint     ] Total time for which application threads were stopped: 0.0004596 seconds, Stopping threads took: 0.0000745 seconds
[2022-02-07T17:12:12.197+0000][1233.223s][debug][safepoint     ] Safepoint synchronization initiated. (301 threads)
[2022-02-07T17:12:12.197+0000][1233.223s][info ][safepoint     ] Application time: 0.2311717 seconds
[2022-02-07T17:12:12.197+0000][1233.223s][info ][safepoint     ] Entering safepoint region: G1CollectForAllocation
[2022-02-07T17:12:12.198+0000][1233.224s][info ][gc,start      ] GC(121) Pause Young (Normal) (G1 Evacuation Pause)
[2022-02-07T17:12:12.198+0000][1233.224s][info ][gc,task       ] GC(121) Using 4 workers of 4 for evacuation
[2022-02-07T17:12:12.219+0000][1233.245s][info ][gc,phases     ] GC(121)   Pre Evacuate Collection Set: 0.0ms
[2022-02-07T17:12:12.219+0000][1233.245s][info ][gc,phases     ] GC(121)   Evacuate Collection Set: 14.1ms
[2022-02-07T17:12:12.219+0000][1233.245s][info ][gc,phases     ] GC(121)   Post Evacuate Collection Set: 7.2ms
[2022-02-07T17:12:12.219+0000][1233.245s][info ][gc,phases     ] GC(121)   Other: 0.3ms
[2022-02-07T17:12:12.220+0000][1233.245s][info ][gc,heap       ] GC(121) Eden regions: 238->0(238)
[2022-02-07T17:12:12.220+0000][1233.245s][info ][gc,heap       ] GC(121) Survivor regions: 1->1(30)
[2022-02-07T17:12:12.220+0000][1233.245s][info ][gc,heap       ] GC(121) Old regions: 147->147
[2022-02-07T17:12:12.220+0000][1233.245s][info ][gc,heap       ] GC(121) Humongous regions: 0->0
[2022-02-07T17:12:12.220+0000][1233.245s][info ][gc,metaspace  ] GC(121) Metaspace: 162813K->162813K(1204224K)
[2022-02-07T17:12:12.220+0000][1233.245s][info ][gc            ] GC(121) Pause Young (Normal) (G1 Evacuation Pause) 383M->145M(430M) 21.670ms
[2022-02-07T17:12:12.220+0000][1233.245s][info ][gc,cpu        ] GC(121) User=0.02s Sys=0.00s Real=0.03s
[2022-02-07T17:12:12.220+0000][1233.245s][info ][safepoint     ] Leaving safepoint region
[2022-02-07T17:12:12.220+0000][1233.246s][info ][safepoint     ] Total time for which application threads were stopped: 0.0222534 seconds, Stopping threads took: 0.0000732 seconds
[2022-02-07T17:12:12.220+0000][1233.246s][info ][gc,stringdedup] Concurrent String Deduplication (1233.246s)
[2022-02-07T17:12:12.220+0000][1233.246s][info ][gc,stringdedup] Concurrent String Deduplication 928.0B->0.0B(928.0B) avg 53.2% (1233.246s, 1233.246s) 0.029ms
[2022-02-07T17:12:13.220+0000][1234.246s][debug][safepoint     ] Safepoint synchronization initiated. (301 threads)
[2022-02-07T17:12:13.220+0000][1234.246s][info ][safepoint     ] Application time: 1.0006060 seconds
[2022-02-07T17:12:13.220+0000][1234.246s][info ][safepoint     ] Entering safepoint region: Cleanup
[2022-02-07T17:12:13.220+0000][1234.246s][info ][safepoint     ] Leaving safepoint region
[2022-02-07T17:12:13.220+0000][1234.246s][info ][safepoint     ] Total time for which application threads were stopped: 0.0002275 seconds, Stopping threads took: 0.0000678 seconds
[2022-02-07T17:12:14.221+0000][1235.246s][debug][safepoint     ] Safepoint synchronization initiated. (301 threads)
[2022-02-07T17:12:14.221+0000][1235.247s][info ][safepoint     ] Application time: 1.0001356 seconds
[2022-02-07T17:12:14.221+0000][1235.247s][info ][safepoint     ] Entering safepoint region: Cleanup
[2022-02-07T17:12:14.221+0000][1235.247s][info ][safepoint     ] Leaving safepoint region
[2022-02-07T17:12:14.221+0000][1235.247s][info ][safepoint     ] Total time for which application threads were stopped: 0.0003228 seconds, Stopping threads took: 0.0001070 seconds
[2022-02-07T17:12:15.221+0000][1236.247s][debug][safepoint     ] Safepoint synchronization initiated. (301 threads)
[2022-02-07T17:12:15.221+0000][1236.247s][info ][safepoint     ] Application time: 1.0001964 seconds
[2022-02-07T17:12:15.221+0000][1236.247s][info ][safepoint     ] Entering safepoint region: Cleanup
[2022-02-07T17:12:15.222+0000][1236.247s][info ][safepoint     ] Leaving safepoint region
[2022-02-07T17:12:15.222+0000][1236.248s][info ][safepoint     ] Total time for which application threads were stopped: 0.0004493 seconds, Stopping threads took: 0.0000983 seconds
[2022-02-07T17:12:16.222+0000][1237.248s][debug][safepoint     ] Safepoint synchronization initiated. (301 threads)
[2022-02-07T17:12:16.222+0000][1237.248s][info ][safepoint     ] Application time: 1.0001501 seconds
[2022-02-07T17:12:16.222+0000][1237.248s][info ][safepoint     ] Entering safepoint region: Cleanup
[2022-02-07T17:12:16.222+0000][1237.248s][info ][safepoint     ] Leaving safepoint region
[2022-02-07T17:12:16.222+0000][1237.248s][info ][safepoint     ] Total time for which application threads were stopped: 0.0003200 seconds, Stopping threads took: 0.0000716 seconds
[2022-02-07T17:12:17.222+0000][1238.248s][debug][safepoint     ] Safepoint synchronization initiated. (301 threads)
[2022-02-07T17:12:17.222+0000][1238.248s][info ][safepoint     ] Application time: 1.0001144 seconds
[2022-02-07T17:12:17.222+0000][1238.248s][info ][safepoint     ] Entering safepoint region: Cleanup
[2022-02-07T17:12:17.223+0000][1238.248s][info ][safepoint     ] Leaving safepoint region
[2022-02-07T17:12:17.223+0000][1238.248s][info ][safepoint     ] Total time for which application threads were stopped: 0.0003041 seconds, Stopping threads took: 0.0000709 seconds
[2022-02-07T17:12:18.223+0000][1239.249s][debug][safepoint     ] Safepoint synchronization initiated. (301 threads)
[2022-02-07T17:12:18.223+0000][1239.249s][info ][safepoint     ] Application time: 1.0001108 seconds
[2022-02-07T17:12:18.223+0000][1239.249s][info ][safepoint     ] Entering safepoint region: Cleanup
[2022-02-07T17:12:18.223+0000][1239.249s][info ][safepoint     ] Leaving safepoint region
[2022-02-07T17:12:18.223+0000][1239.249s][info ][safepoint     ] Total time for which application threads were stopped: 0.0002981 seconds, Stopping threads took: 0.0000705 seconds
[2022-02-07T17:12:19.223+0000][1240.249s][debug][safepoint     ] Safepoint synchronization initiated. (301 threads)
[2022-02-07T17:12:19.223+0000][1240.249s][info ][safepoint     ] Application time: 1.0001234 seconds
[2022-02-07T17:12:19.223+0000][1240.249s][info ][safepoint     ] Entering safepoint region: Cleanup
[2022-02-07T17:12:19.223+0000][1240.249s][info ][safepoint     ] Leaving safepoint region
[2022-02-07T17:12:19.223+0000][1240.249s][info ][safepoint     ] Total time for which application threads were stopped: 0.0003315 seconds, Stopping threads took: 0.0000908 seconds
[2022-02-07T17:12:20.224+0000][1241.249s][debug][safepoint     ] Safepoint synchronization initiated. (301 threads)
[2022-02-07T17:12:20.224+0000][1241.249s][info ][safepoint     ] Application time: 1.0001322 seconds
[2022-02-07T17:12:20.224+0000][1241.250s][info ][safepoint     ] Entering safepoint region: Cleanup
[2022-02-07T17:12:20.224+0000][1241.250s][info ][safepoint     ] Leaving safepoint region
[2022-02-07T17:12:20.224+0000][1241.250s][info ][safepoint     ] Total time for which application threads were stopped: 0.0003246 seconds, Stopping threads took: 0.0000723 seconds
[2022-02-07T17:12:21.224+0000][1242.250s][debug][safepoint     ] Safepoint synchronization initiated. (301 threads)
[2022-02-07T17:12:21.224+0000][1242.250s][info ][safepoint     ] Application time: 1.0001109 seconds
[2022-02-07T17:12:21.224+0000][1242.250s][info ][safepoint     ] Entering safepoint region: Cleanup
[2022-02-07T17:12:21.224+0000][1242.250s][info ][safepoint     ] Leaving safepoint region
[2022-02-07T17:12:21.224+0000][1242.250s][info ][safepoint     ] Total time for which application threads were stopped: 0.0003573 seconds, Stopping threads took: 0.0000927 seconds
[2022-02-07T17:12:22.225+0000][1243.250s][debug][safepoint     ] Safepoint synchronization initiated. (301 threads)
[2022-02-07T17:12:22.225+0000][1243.250s][info ][safepoint     ] Application time: 1.0001024 seconds
[2022-02-07T17:12:22.225+0000][1243.250s][info ][safepoint     ] Entering safepoint region: Cleanup
[2022-02-07T17:12:22.225+0000][1243.251s][info ][safepoint     ] Leaving safepoint region
[2022-02-07T17:12:22.225+0000][1243.251s][info ][safepoint     ] Total time for which application threads were stopped: 0.0002862 seconds, Stopping threads took: 0.0000744 seconds
[2022-02-07T17:12:23.225+0000][1244.251s][debug][safepoint     ] Safepoint synchronization initiated. (301 threads)
[2022-02-07T17:12:23.225+0000][1244.251s][info ][safepoint     ] Application time: 1.0001134 seconds
[2022-02-07T17:12:23.225+0000][1244.251s][info ][safepoint     ] Entering safepoint region: Cleanup
[2022-02-07T17:12:23.225+0000][1244.251s][info ][safepoint     ] Leaving safepoint region
[2022-02-07T17:12:23.225+0000][1244.251s][info ][safepoint     ] Total time for which application threads were stopped: 0.0004442 seconds, Stopping threads took: 0.0000705 seconds
[2022-02-07T17:12:24.226+0000][1245.251s][debug][safepoint     ] Safepoint synchronization initiated. (301 threads)
[2022-02-07T17:12:24.226+0000][1245.251s][info ][safepoint     ] Application time: 1.0001257 seconds
[2022-02-07T17:12:24.226+0000][1245.251s][info ][safepoint     ] Entering safepoint region: Cleanup
[2022-02-07T17:12:24.226+0000][1245.252s][info ][safepoint     ] Leaving safepoint region
[2022-02-07T17:12:24.226+0000][1245.252s][info ][safepoint     ] Total time for which application threads were stopped: 0.0004537 seconds, Stopping threads took: 0.0000741 seconds
[2022-02-07T17:12:25.226+0000][1246.252s][debug][safepoint     ] Safepoint synchronization initiated. (301 threads)
[2022-02-07T17:12:25.226+0000][1246.252s][info ][safepoint     ] Application time: 1.0001289 seconds
[2022-02-07T17:12:25.226+0000][1246.252s][info ][safepoint     ] Entering safepoint region: Cleanup
[2022-02-07T17:12:25.226+0000][1246.252s][info ][safepoint     ] Leaving safepoint region
[2022-02-07T17:12:25.226+0000][1246.252s][info ][safepoint     ] Total time for which application threads were stopped: 0.0002486 seconds, Stopping threads took: 0.0000670 seconds
[2022-02-07T17:12:26.226+0000][1247.252s][debug][safepoint     ] Safepoint synchronization initiated. (301 threads)
[2022-02-07T17:12:26.227+0000][1247.252s][info ][safepoint     ] Application time: 1.0001142 seconds
[2022-02-07T17:12:26.227+0000][1247.252s][info ][safepoint     ] Entering safepoint region: Cleanup
[2022-02-07T17:12:26.227+0000][1247.253s][info ][safepoint     ] Leaving safepoint region
[2022-02-07T17:12:26.227+0000][1247.253s][info ][safepoint     ] Total time for which application threads were stopped: 0.0004454 seconds, Stopping threads took: 0.0000706 seconds
[2022-02-07T17:12:27.227+0000][1248.253s][debug][safepoint     ] Safepoint synchronization initiated. (301 threads)
[2022-02-07T17:12:27.227+0000][1248.253s][info ][safepoint     ] Application time: 1.0001283 seconds
[2022-02-07T17:12:27.227+0000][1248.253s][info ][safepoint     ] Entering safepoint region: Cleanup
[2022-02-07T17:12:27.228+0000][1248.253s][info ][safepoint     ] Leaving safepoint region
[2022-02-07T17:12:27.228+0000][1248.254s][info ][safepoint     ] Total time for which application threads were stopped: 0.0005056 seconds, Stopping threads took: 0.0001046 seconds
[2022-02-07T17:12:28.228+0000][1249.254s][debug][safepoint     ] Safepoint synchronization initiated. (301 threads)
[2022-02-07T17:12:28.228+0000][1249.254s][info ][safepoint     ] Application time: 1.0001175 seconds
[2022-02-07T17:12:28.228+0000][1249.254s][info ][safepoint     ] Entering safepoint region: Cleanup
[2022-02-07T17:12:28.228+0000][1249.254s][info ][safepoint     ] Leaving safepoint region
[2022-02-07T17:12:28.228+0000][1249.254s][info ][safepoint     ] Total time for which application threads were stopped: 0.0004719 seconds, Stopping threads took: 0.0000772 seconds
[2022-02-07T17:12:29.228+0000][1250.254s][debug][safepoint     ] Safepoint synchronization initiated. (301 threads)
[2022-02-07T17:12:29.228+0000][1250.254s][info ][safepoint     ] Application time: 1.0001206 seconds
[2022-02-07T17:12:29.228+0000][1250.254s][info ][safepoint     ] Entering safepoint region: Cleanup
[2022-02-07T17:12:29.229+0000][1250.255s][info ][safepoint     ] Leaving safepoint region
[2022-02-07T17:12:29.229+0000][1250.255s][info ][safepoint     ] Total time for which application threads were stopped: 0.0004372 seconds, Stopping threads took: 0.0000703 seconds
[2022-02-07T17:12:29.654+0000][1250.680s][debug][safepoint     ] Safepoint synchronization initiated. (301 threads)
[2022-02-07T17:12:29.654+0000][1250.680s][info ][safepoint     ] Application time: 0.4248848 seconds
[2022-02-07T17:12:29.654+0000][1250.680s][debug][safepoint     ] ... found polling page return exception at pc = 0x00007f11b455fe07, stub =0x00007f11ac8beb80
[2022-02-07T17:12:29.654+0000][1250.680s][debug][safepoint     ] Waiting for 1 thread(s) to block
[2022-02-07T17:12:29.654+0000][1250.680s][info ][safepoint     ] Entering safepoint region: G1CollectForAllocation
[2022-02-07T17:12:29.654+0000][1250.680s][info ][gc,start      ] GC(122) Pause Young (Normal) (G1 Evacuation Pause)
[2022-02-07T17:12:29.654+0000][1250.680s][info ][gc,task       ] GC(122) Using 4 workers of 4 for evacuation
[2022-02-07T17:12:29.687+0000][1250.713s][info ][gc,phases     ] GC(122)   Pre Evacuate Collection Set: 0.0ms
[2022-02-07T17:12:29.688+0000][1250.713s][info ][gc,phases     ] GC(122)   Evacuate Collection Set: 23.0ms
[2022-02-07T17:12:29.688+0000][1250.713s][info ][gc,phases     ] GC(122)   Post Evacuate Collection Set: 10.0ms
[2022-02-07T17:12:29.688+0000][1250.713s][info ][gc,phases     ] GC(122)   Other: 0.3ms
[2022-02-07T17:12:29.688+0000][1250.713s][info ][gc,heap       ] GC(122) Eden regions: 238->0(238)
[2022-02-07T17:12:29.688+0000][1250.713s][info ][gc,heap       ] GC(122) Survivor regions: 1->1(30)
[2022-02-07T17:12:29.688+0000][1250.713s][info ][gc,heap       ] GC(122) Old regions: 147->147
[2022-02-07T17:12:29.688+0000][1250.713s][info ][gc,heap       ] GC(122) Humongous regions: 0->0
[2022-02-07T17:12:29.688+0000][1250.713s][info ][gc,metaspace  ] GC(122) Metaspace: 162846K->162846K(1204224K)
[2022-02-07T17:12:29.688+0000][1250.713s][info ][gc            ] GC(122) Pause Young (Normal) (G1 Evacuation Pause) 383M->145M(430M) 33.358ms
[2022-02-07T17:12:29.688+0000][1250.714s][info ][gc,cpu        ] GC(122) User=0.03s Sys=0.00s Real=0.04s
[2022-02-07T17:12:29.688+0000][1250.714s][info ][safepoint     ] Leaving safepoint region
[2022-02-07T17:12:29.688+0000][1250.714s][info ][safepoint     ] Total time for which application threads were stopped: 0.0339543 seconds, Stopping threads took: 0.0000972 seconds
[2022-02-07T17:12:29.688+0000][1250.714s][info ][gc,stringdedup] Concurrent String Deduplication (1250.714s)
[2022-02-07T17:12:29.688+0000][1250.714s][info ][gc,stringdedup] Concurrent String Deduplication 672.0B->0.0B(672.0B) avg 53.2% (1250.714s, 1250.714s) 0.028ms
[2022-02-07T17:12:30.688+0000][1251.714s][debug][safepoint     ] Safepoint synchronization initiated. (301 threads)
[2022-02-07T17:12:30.688+0000][1251.714s][info ][safepoint     ] Application time: 1.0001323 seconds
[2022-02-07T17:12:30.688+0000][1251.714s][info ][safepoint     ] Entering safepoint region: Cleanup
[2022-02-07T17:12:30.688+0000][1251.714s][info ][safepoint     ] Leaving safepoint region
[2022-02-07T17:12:30.688+0000][1251.714s][info ][safepoint     ] Total time for which application threads were stopped: 0.0004390 seconds, Stopping threads took: 0.0000719 seconds
[2022-02-07T17:12:31.688+0000][1252.714s][debug][safepoint     ] Safepoint synchronization initiated. (301 threads)
[2022-02-07T17:12:31.688+0000][1252.714s][info ][safepoint     ] Application time: 1.0001307 seconds
[2022-02-07T17:12:31.688+0000][1252.714s][info ][safepoint     ] Entering safepoint region: Cleanup
[2022-02-07T17:12:31.689+0000][1252.715s][info ][safepoint     ] Leaving safepoint region
[2022-02-07T17:12:31.689+0000][1252.715s][info ][safepoint     ] Total time for which application threads were stopped: 0.0004368 seconds, Stopping threads took: 0.0000679 seconds
[2022-02-07T17:12:32.689+0000][1253.715s][debug][safepoint     ] Safepoint synchronization initiated. (301 threads)
[2022-02-07T17:12:32.689+0000][1253.715s][info ][safepoint     ] Application time: 1.0001270 seconds
[2022-02-07T17:12:32.689+0000][1253.715s][info ][safepoint     ] Entering safepoint region: Cleanup
[2022-02-07T17:12:32.689+0000][1253.715s][info ][safepoint     ] Leaving safepoint region
[2022-02-07T17:12:32.689+0000][1253.715s][info ][safepoint     ] Total time for which application threads were stopped: 0.0004721 seconds, Stopping threads took: 0.0000770 seconds
[2022-02-07T17:12:33.690+0000][1254.715s][debug][safepoint     ] Safepoint synchronization initiated. (301 threads)
[2022-02-07T17:12:33.690+0000][1254.715s][info ][safepoint     ] Application time: 1.0001357 seconds
[2022-02-07T17:12:33.690+0000][1254.716s][info ][safepoint     ] Entering safepoint region: Cleanup
[2022-02-07T17:12:33.690+0000][1254.716s][info ][safepoint     ] Leaving safepoint region
[2022-02-07T17:12:33.690+0000][1254.716s][info ][safepoint     ] Total time for which application threads were stopped: 0.0003035 seconds, Stopping threads took: 0.0000693 seconds
[2022-02-07T17:12:34.690+0000][1255.716s][debug][safepoint     ] Safepoint synchronization initiated. (301 threads)
[2022-02-07T17:12:34.690+0000][1255.716s][info ][safepoint     ] Application time: 1.0001228 seconds
[2022-02-07T17:12:34.690+0000][1255.716s][info ][safepoint     ] Entering safepoint region: Cleanup
[2022-02-07T17:12:34.690+0000][1255.716s][info ][safepoint     ] Leaving safepoint region
[2022-02-07T17:12:34.690+0000][1255.716s][debug][safepoint     ] ... found polling page return exception at pc = 0x00007f11b4fc1a06, stub =0x00007f11ac8beb80
[2022-02-07T17:12:34.690+0000][1255.716s][info ][safepoint     ] Total time for which application threads were stopped: 0.0003260 seconds, Stopping threads took: 0.0000736 seconds
[2022-02-07T17:12:35.691+0000][1256.716s][debug][safepoint     ] Safepoint synchronization initiated. (301 threads)
[2022-02-07T17:12:35.691+0000][1256.716s][info ][safepoint     ] Application time: 1.0001131 seconds
[2022-02-07T17:12:35.691+0000][1256.717s][info ][safepoint     ] Entering safepoint region: Cleanup
[2022-02-07T17:12:35.691+0000][1256.717s][info ][safepoint     ] Leaving safepoint region
[2022-02-07T17:12:35.691+0000][1256.717s][info ][safepoint     ] Total time for which application threads were stopped: 0.0002669 seconds, Stopping threads took: 0.0000769 seconds
[2022-02-07T17:12:36.691+0000][1257.717s][debug][safepoint     ] Safepoint synchronization initiated. (301 threads)
[2022-02-07T17:12:36.691+0000][1257.717s][info ][safepoint     ] Application time: 1.0001292 seconds
[2022-02-07T17:12:36.691+0000][1257.717s][info ][safepoint     ] Entering safepoint region: Cleanup
[2022-02-07T17:12:36.691+0000][1257.717s][info ][safepoint     ] Leaving safepoint region
[2022-02-07T17:12:36.691+0000][1257.717s][debug][safepoint     ] ... found polling page return exception at pc = 0x00007f11b4fc1a06, stub =0x00007f11ac8beb80
[2022-02-07T17:12:36.691+0000][1257.717s][info ][safepoint     ] Total time for which application threads were stopped: 0.0002585 seconds, Stopping threads took: 0.0000737 seconds
[2022-02-07T17:12:37.691+0000][1258.717s][debug][safepoint     ] Safepoint synchronization initiated. (301 threads)
[2022-02-07T17:12:37.691+0000][1258.717s][info ][safepoint     ] Application time: 1.0001166 seconds
[2022-02-07T17:12:37.691+0000][1258.717s][info ][safepoint     ] Entering safepoint region: Cleanup
[2022-02-07T17:12:37.692+0000][1258.718s][info ][safepoint     ] Leaving safepoint region
[2022-02-07T17:12:37.692+0000][1258.718s][info ][safepoint     ] Total time for which application threads were stopped: 0.0002683 seconds, Stopping threads took: 0.0000863 seconds
[2022-02-07T17:12:38.692+0000][1259.718s][debug][safepoint     ] Safepoint synchronization initiated. (301 threads)
[2022-02-07T17:12:38.692+0000][1259.718s][info ][safepoint     ] Application time: 1.0001164 seconds
[2022-02-07T17:12:38.692+0000][1259.718s][info ][safepoint     ] Entering safepoint region: Cleanup
[2022-02-07T17:12:38.692+0000][1259.718s][info ][safepoint     ] Leaving safepoint region
[2022-02-07T17:12:38.692+0000][1259.718s][info ][safepoint     ] Total time for which application threads were stopped: 0.0003266 seconds, Stopping threads took: 0.0000702 seconds
[2022-02-07T17:12:39.692+0000][1260.718s][debug][safepoint     ] Safepoint synchronization initiated. (301 threads)
[2022-02-07T17:12:39.692+0000][1260.718s][info ][safepoint     ] Application time: 1.0001149 seconds
[2022-02-07T17:12:39.692+0000][1260.718s][info ][safepoint     ] Entering safepoint region: Cleanup
[2022-02-07T17:12:39.693+0000][1260.718s][info ][safepoint     ] Leaving safepoint region
[2022-02-07T17:12:39.693+0000][1260.718s][info ][safepoint     ] Total time for which application threads were stopped: 0.0003091 seconds, Stopping threads took: 0.0000699 seconds
[2022-02-07T17:12:40.693+0000][1261.719s][debug][safepoint     ] Safepoint synchronization initiated. (301 threads)
[2022-02-07T17:12:40.693+0000][1261.719s][info ][safepoint     ] Application time: 1.0001153 seconds
[2022-02-07T17:12:40.693+0000][1261.719s][info ][safepoint     ] Entering safepoint region: Cleanup
[2022-02-07T17:12:40.693+0000][1261.719s][info ][safepoint     ] Leaving safepoint region
[2022-02-07T17:12:40.693+0000][1261.719s][info ][safepoint     ] Total time for which application threads were stopped: 0.0003090 seconds, Stopping threads took: 0.0000698 seconds
[2022-02-07T17:12:41.693+0000][1262.719s][debug][safepoint     ] Safepoint synchronization initiated. (301 threads)
[2022-02-07T17:12:41.693+0000][1262.719s][info ][safepoint     ] Application time: 1.0001080 seconds
[2022-02-07T17:12:41.693+0000][1262.719s][info ][safepoint     ] Entering safepoint region: Cleanup
[2022-02-07T17:12:41.693+0000][1262.719s][info ][safepoint     ] Leaving safepoint region
[2022-02-07T17:12:41.693+0000][1262.719s][info ][safepoint     ] Total time for which application threads were stopped: 0.0002928 seconds, Stopping threads took: 0.0000721 seconds
[2022-02-07T17:12:42.694+0000][1263.719s][debug][safepoint     ] Safepoint synchronization initiated. (301 threads)
[2022-02-07T17:12:42.694+0000][1263.719s][info ][safepoint     ] Application time: 1.0001201 seconds
[2022-02-07T17:12:42.694+0000][1263.720s][info ][safepoint     ] Entering safepoint region: Cleanup
[2022-02-07T17:12:42.694+0000][1263.720s][info ][safepoint     ] Leaving safepoint region
[2022-02-07T17:12:42.694+0000][1263.720s][info ][safepoint     ] Total time for which application threads were stopped: 0.0003104 seconds, Stopping threads took: 0.0000698 seconds
[2022-02-07T17:12:43.694+0000][1264.720s][debug][safepoint     ] Safepoint synchronization initiated. (301 threads)
[2022-02-07T17:12:43.694+0000][1264.720s][info ][safepoint     ] Application time: 1.0001188 seconds
[2022-02-07T17:12:43.694+0000][1264.720s][info ][safepoint     ] Entering safepoint region: Cleanup
[2022-02-07T17:12:43.694+0000][1264.720s][info ][safepoint     ] Leaving safepoint region
[2022-02-07T17:12:43.694+0000][1264.720s][debug][safepoint     ] ... found polling page return exception at pc = 0x00007f11b4fc1a06, stub =0x00007f11ac8beb80
[2022-02-07T17:12:43.694+0000][1264.720s][info ][safepoint     ] Total time for which application threads were stopped: 0.0003308 seconds, Stopping threads took: 0.0000699 seconds
[2022-02-07T17:12:44.694+0000][1265.720s][debug][safepoint     ] Safepoint synchronization initiated. (301 threads)
[2022-02-07T17:12:44.695+0000][1265.720s][info ][safepoint     ] Application time: 1.0001357 seconds
[2022-02-07T17:12:44.695+0000][1265.720s][debug][safepoint     ] ... found polling page loop exception at pc = 0x00007f11b4803bf5, stub =0x00007f11ac8be900
[2022-02-07T17:12:44.695+0000][1265.721s][debug][safepoint     ] Waiting for 1 thread(s) to block
[2022-02-07T17:12:44.695+0000][1265.721s][info ][safepoint     ] Entering safepoint region: Cleanup
[2022-02-07T17:12:44.695+0000][1265.721s][info ][safepoint     ] Leaving safepoint region
[2022-02-07T17:12:44.695+0000][1265.721s][info ][safepoint     ] Total time for which application threads were stopped: 0.0003563 seconds, Stopping threads took: 0.0001162 seconds
[2022-02-07T17:12:45.427+0000][1266.453s][debug][safepoint     ] Safepoint synchronization initiated. (301 threads)
[2022-02-07T17:12:45.427+0000][1266.453s][info ][safepoint     ] Application time: 0.7323890 seconds
[2022-02-07T17:12:45.427+0000][1266.453s][info ][safepoint     ] Entering safepoint region: G1CollectForAllocation
[2022-02-07T17:12:45.428+0000][1266.454s][info ][gc,start      ] GC(123) Pause Young (Normal) (G1 Evacuation Pause)
[2022-02-07T17:12:45.428+0000][1266.454s][info ][gc,task       ] GC(123) Using 4 workers of 4 for evacuation
[2022-02-07T17:12:45.457+0000][1266.483s][info ][gc,phases     ] GC(123)   Pre Evacuate Collection Set: 0.0ms
[2022-02-07T17:12:45.457+0000][1266.483s][info ][gc,phases     ] GC(123)   Evacuate Collection Set: 17.7ms
[2022-02-07T17:12:45.457+0000][1266.483s][info ][gc,phases     ] GC(123)   Post Evacuate Collection Set: 10.9ms
[2022-02-07T17:12:45.457+0000][1266.483s][info ][gc,phases     ] GC(123)   Other: 0.2ms
[2022-02-07T17:12:45.457+0000][1266.483s][info ][gc,heap       ] GC(123) Eden regions: 238->0(237)
[2022-02-07T17:12:45.457+0000][1266.483s][info ][gc,heap       ] GC(123) Survivor regions: 1->1(30)
[2022-02-07T17:12:45.457+0000][1266.483s][info ][gc,heap       ] GC(123) Old regions: 147->147
[2022-02-07T17:12:45.457+0000][1266.483s][info ][gc,heap       ] GC(123) Humongous regions: 0->0
[2022-02-07T17:12:45.457+0000][1266.483s][info ][gc,metaspace  ] GC(123) Metaspace: 162869K->162869K(1204224K)
[2022-02-07T17:12:45.457+0000][1266.483s][info ][gc            ] GC(123) Pause Young (Normal) (G1 Evacuation Pause) 383M->146M(430M) 29.050ms
[2022-02-07T17:12:45.457+0000][1266.483s][info ][gc,cpu        ] GC(123) User=0.03s Sys=0.00s Real=0.02s
[2022-02-07T17:12:45.457+0000][1266.483s][info ][safepoint     ] Leaving safepoint region
[2022-02-07T17:12:45.457+0000][1266.483s][info ][safepoint     ] Total time for which application threads were stopped: 0.0296777 seconds, Stopping threads took: 0.0000697 seconds
[2022-02-07T17:12:45.457+0000][1266.483s][info ][gc,stringdedup] Concurrent String Deduplication (1266.483s)
[2022-02-07T17:12:45.458+0000][1266.483s][info ][gc,stringdedup] Concurrent String Deduplication 6544.0B->0.0B(6544.0B) avg 53.3% (1266.483s, 1266.483s) 0.070ms
[2022-02-07T17:12:46.457+0000][1267.483s][debug][safepoint     ] Safepoint synchronization initiated. (301 threads)
[2022-02-07T17:12:46.457+0000][1267.483s][info ][safepoint     ] Application time: 1.0001513 seconds
[2022-02-07T17:12:46.457+0000][1267.483s][info ][safepoint     ] Entering safepoint region: Cleanup
[2022-02-07T17:12:46.457+0000][1267.483s][info ][safepoint     ] Leaving safepoint region
[2022-02-07T17:12:46.457+0000][1267.483s][info ][safepoint     ] Total time for which application threads were stopped: 0.0002585 seconds, Stopping threads took: 0.0000718 seconds
[2022-02-07T17:12:47.458+0000][1268.483s][debug][safepoint     ] Safepoint synchronization initiated. (301 threads)
[2022-02-07T17:12:47.458+0000][1268.483s][info ][safepoint     ] Application time: 1.0001054 seconds
[2022-02-07T17:12:47.458+0000][1268.483s][info ][safepoint     ] Entering safepoint region: Cleanup
[2022-02-07T17:12:47.458+0000][1268.484s][info ][safepoint     ] Leaving safepoint region
[2022-02-07T17:12:47.458+0000][1268.484s][info ][safepoint     ] Total time for which application threads were stopped: 0.0003143 seconds, Stopping threads took: 0.0000667 seconds
[2022-02-07T17:12:48.458+0000][1269.484s][debug][safepoint     ] Safepoint synchronization initiated. (301 threads)
[2022-02-07T17:12:48.475+0000][1269.501s][info ][safepoint     ] Application time: 1.0167986 seconds
[2022-02-07T17:12:48.475+0000][1269.501s][info ][safepoint     ] Entering safepoint region: Cleanup
[2022-02-07T17:12:48.475+0000][1269.501s][info ][safepoint     ] Leaving safepoint region
[2022-02-07T17:12:48.475+0000][1269.501s][debug][safepoint     ] ... found polling page return exception at pc = 0x00007f11b4fc1a06, stub =0x00007f11ac8beb80
[2022-02-07T17:12:48.475+0000][1269.501s][info ][safepoint     ] Total time for which application threads were stopped: 0.0004464 seconds, Stopping threads took: 0.0000671 seconds
[2022-02-07T17:12:49.475+0000][1270.501s][debug][safepoint     ] Safepoint synchronization initiated. (301 threads)
[2022-02-07T17:12:49.628+0000][1270.654s][info ][safepoint     ] Application time: 1.1531633 seconds
[2022-02-07T17:12:49.628+0000][1270.654s][info ][safepoint     ] Entering safepoint region: Cleanup
[2022-02-07T17:12:49.629+0000][1270.655s][info ][safepoint     ] Leaving safepoint region
[2022-02-07T17:12:49.629+0000][1270.655s][info ][safepoint     ] Total time for which application threads were stopped: 0.0003305 seconds, Stopping threads took: 0.0000631 seconds
[2022-02-07T17:12:50.629+0000][1271.655s][debug][safepoint     ] Safepoint synchronization initiated. (301 threads)
[2022-02-07T17:12:50.629+0000][1271.655s][info ][safepoint     ] Application time: 1.0001095 seconds
[2022-02-07T17:12:50.629+0000][1271.655s][info ][safepoint     ] Entering safepoint region: Cleanup
[2022-02-07T17:12:50.629+0000][1271.655s][info ][safepoint     ] Leaving safepoint region
[2022-02-07T17:12:50.629+0000][1271.655s][info ][safepoint     ] Total time for which application threads were stopped: 0.0002955 seconds, Stopping threads took: 0.0000701 seconds
[2022-02-07T17:12:51.629+0000][1272.655s][debug][safepoint     ] Safepoint synchronization initiated. (301 threads)
[2022-02-07T17:12:51.629+0000][1272.655s][info ][safepoint     ] Application time: 1.0000995 seconds
[2022-02-07T17:12:51.629+0000][1272.655s][info ][safepoint     ] Entering safepoint region: Cleanup
[2022-02-07T17:12:51.630+0000][1272.655s][info ][safepoint     ] Leaving safepoint region
[2022-02-07T17:12:51.630+0000][1272.655s][info ][safepoint     ] Total time for which application threads were stopped: 0.0003142 seconds, Stopping threads took: 0.0000675 seconds
[2022-02-07T17:12:52.630+0000][1273.656s][debug][safepoint     ] Safepoint synchronization initiated. (301 threads)
[2022-02-07T17:12:52.630+0000][1273.656s][info ][safepoint     ] Application time: 1.0001182 seconds
[2022-02-07T17:12:52.630+0000][1273.656s][info ][safepoint     ] Entering safepoint region: Cleanup
[2022-02-07T17:12:52.630+0000][1273.656s][info ][safepoint     ] Leaving safepoint region
[2022-02-07T17:12:52.630+0000][1273.656s][info ][safepoint     ] Total time for which application threads were stopped: 0.0002495 seconds, Stopping threads took: 0.0000644 seconds
[2022-02-07T17:12:52.630+0000][1273.656s][debug][safepoint     ] ... found polling page return exception at pc = 0x00007f11b4fc1a06, stub =0x00007f11ac8beb80
[2022-02-07T17:12:53.630+0000][1274.656s][debug][safepoint     ] Safepoint synchronization initiated. (301 threads)
[2022-02-07T17:12:53.630+0000][1274.656s][info ][safepoint     ] Application time: 1.0001172 seconds
[2022-02-07T17:12:53.630+0000][1274.656s][info ][safepoint     ] Entering safepoint region: Cleanup
[2022-02-07T17:12:53.631+0000][1274.656s][info ][safepoint     ] Leaving safepoint region
[2022-02-07T17:12:53.631+0000][1274.656s][info ][safepoint     ] Total time for which application threads were stopped: 0.0004810 seconds, Stopping threads took: 0.0000741 seconds
[2022-02-07T17:12:54.631+0000][1275.657s][debug][safepoint     ] Safepoint synchronization initiated. (301 threads)
[2022-02-07T17:12:54.631+0000][1275.657s][info ][safepoint     ] Application time: 1.0001180 seconds
[2022-02-07T17:12:54.631+0000][1275.657s][info ][safepoint     ] Entering safepoint region: Cleanup
[2022-02-07T17:12:54.631+0000][1275.657s][info ][safepoint     ] Leaving safepoint region
[2022-02-07T17:12:54.631+0000][1275.657s][info ][safepoint     ] Total time for which application threads were stopped: 0.0004866 seconds, Stopping threads took: 0.0000700 seconds
[2022-02-07T17:12:55.631+0000][1276.657s][debug][safepoint     ] Safepoint synchronization initiated. (301 threads)
[2022-02-07T17:12:55.631+0000][1276.657s][info ][safepoint     ] Application time: 1.0001299 seconds
[2022-02-07T17:12:55.631+0000][1276.657s][info ][safepoint     ] Entering safepoint region: Cleanup
[2022-02-07T17:12:55.632+0000][1276.658s][info ][safepoint     ] Leaving safepoint region
[2022-02-07T17:12:55.632+0000][1276.658s][info ][safepoint     ] Total time for which application threads were stopped: 0.0003074 seconds, Stopping threads took: 0.0000728 seconds
[2022-02-07T17:12:56.633+0000][1277.659s][debug][safepoint     ] Safepoint synchronization initiated. (301 threads)
[2022-02-07T17:12:56.633+0000][1277.659s][info ][safepoint     ] Application time: 1.0016517 seconds
[2022-02-07T17:12:56.633+0000][1277.659s][info ][safepoint     ] Entering safepoint region: Cleanup
[2022-02-07T17:12:56.634+0000][1277.660s][info ][safepoint     ] Leaving safepoint region
[2022-02-07T17:12:56.634+0000][1277.660s][info ][safepoint     ] Total time for which application threads were stopped: 0.0003193 seconds, Stopping threads took: 0.0000737 seconds
[2022-02-07T17:12:57.634+0000][1278.660s][debug][safepoint     ] Safepoint synchronization initiated. (301 threads)
[2022-02-07T17:12:57.634+0000][1278.660s][info ][safepoint     ] Application time: 1.0001436 seconds
[2022-02-07T17:12:57.634+0000][1278.660s][info ][safepoint     ] Entering safepoint region: Cleanup
[2022-02-07T17:12:57.634+0000][1278.660s][info ][safepoint     ] Leaving safepoint region
[2022-02-07T17:12:57.634+0000][1278.660s][info ][safepoint     ] Total time for which application threads were stopped: 0.0003009 seconds, Stopping threads took: 0.0000686 seconds
[2022-02-07T17:12:58.634+0000][1279.660s][debug][safepoint     ] Safepoint synchronization initiated. (301 threads)
[2022-02-07T17:12:58.634+0000][1279.660s][info ][safepoint     ] Application time: 1.0001043 seconds
[2022-02-07T17:12:58.634+0000][1279.660s][info ][safepoint     ] Entering safepoint region: Cleanup
[2022-02-07T17:12:58.635+0000][1279.660s][info ][safepoint     ] Leaving safepoint region
[2022-02-07T17:12:58.635+0000][1279.660s][info ][safepoint     ] Total time for which application threads were stopped: 0.0003131 seconds, Stopping threads took: 0.0000685 seconds
[2022-02-07T17:12:59.635+0000][1280.661s][debug][safepoint     ] Safepoint synchronization initiated. (301 threads)
[2022-02-07T17:12:59.635+0000][1280.661s][info ][safepoint     ] Application time: 1.0001125 seconds
[2022-02-07T17:12:59.635+0000][1280.661s][info ][safepoint     ] Entering safepoint region: Cleanup
[2022-02-07T17:12:59.635+0000][1280.661s][info ][safepoint     ] Leaving safepoint region
[2022-02-07T17:12:59.635+0000][1280.661s][info ][safepoint     ] Total time for which application threads were stopped: 0.0002414 seconds, Stopping threads took: 0.0000688 seconds
[2022-02-07T17:13:00.635+0000][1281.661s][debug][safepoint     ] Safepoint synchronization initiated. (301 threads)
[2022-02-07T17:13:00.635+0000][1281.661s][info ][safepoint     ] Application time: 1.0001478 seconds
[2022-02-07T17:13:00.635+0000][1281.661s][info ][safepoint     ] Entering safepoint region: Cleanup
[2022-02-07T17:13:00.636+0000][1281.661s][info ][safepoint     ] Leaving safepoint region
[2022-02-07T17:13:00.636+0000][1281.661s][info ][safepoint     ] Total time for which application threads were stopped: 0.0004824 seconds, Stopping threads took: 0.0000705 seconds
[2022-02-07T17:13:01.636+0000][1282.662s][debug][safepoint     ] Safepoint synchronization initiated. (301 threads)
[2022-02-07T17:13:01.636+0000][1282.662s][info ][safepoint     ] Application time: 1.0001172 seconds
[2022-02-07T17:13:01.636+0000][1282.662s][info ][safepoint     ] Entering safepoint region: Cleanup
[2022-02-07T17:13:01.636+0000][1282.662s][info ][safepoint     ] Leaving safepoint region
[2022-02-07T17:13:01.636+0000][1282.662s][info ][safepoint     ] Total time for which application threads were stopped: 0.0003355 seconds, Stopping threads took: 0.0000785 seconds
[2022-02-07T17:13:02.639+0000][1283.665s][debug][safepoint     ] Safepoint synchronization initiated. (301 threads)
[2022-02-07T17:13:02.639+0000][1283.665s][info ][safepoint     ] Application time: 1.0031872 seconds
[2022-02-07T17:13:02.639+0000][1283.665s][info ][safepoint     ] Entering safepoint region: Cleanup
[2022-02-07T17:13:02.640+0000][1283.666s][info ][safepoint     ] Leaving safepoint region
[2022-02-07T17:13:02.640+0000][1283.666s][info ][safepoint     ] Total time for which application threads were stopped: 0.0004932 seconds, Stopping threads took: 0.0000823 seconds
[2022-02-07T17:13:03.640+0000][1284.666s][debug][safepoint     ] Safepoint synchronization initiated. (301 threads)
[2022-02-07T17:13:03.640+0000][1284.666s][info ][safepoint     ] Application time: 1.0001173 seconds
[2022-02-07T17:13:03.640+0000][1284.666s][info ][safepoint     ] Entering safepoint region: Cleanup
[2022-02-07T17:13:03.640+0000][1284.666s][info ][safepoint     ] Leaving safepoint region
[2022-02-07T17:13:03.640+0000][1284.666s][info ][safepoint     ] Total time for which application threads were stopped: 0.0004227 seconds, Stopping threads took: 0.0000702 seconds
[2022-02-07T17:13:04.640+0000][1285.666s][debug][safepoint     ] Safepoint synchronization initiated. (301 threads)
[2022-02-07T17:13:04.640+0000][1285.666s][info ][safepoint     ] Application time: 1.0001377 seconds
[2022-02-07T17:13:04.641+0000][1285.666s][info ][safepoint     ] Entering safepoint region: Cleanup
[2022-02-07T17:13:04.641+0000][1285.667s][info ][safepoint     ] Leaving safepoint region
[2022-02-07T17:13:04.641+0000][1285.667s][info ][safepoint     ] Total time for which application threads were stopped: 0.0003678 seconds, Stopping threads took: 0.0000893 seconds
[2022-02-07T17:13:05.064+0000][1286.090s][debug][safepoint     ] Safepoint synchronization initiated. (301 threads)
[2022-02-07T17:13:05.065+0000][1286.090s][info ][safepoint     ] Application time: 0.4236234 seconds
[2022-02-07T17:13:05.065+0000][1286.090s][info ][safepoint     ] Entering safepoint region: G1CollectForAllocation
[2022-02-07T17:13:05.065+0000][1286.091s][info ][gc,start      ] GC(124) Pause Young (Normal) (G1 Evacuation Pause)
[2022-02-07T17:13:05.065+0000][1286.091s][info ][gc,task       ] GC(124) Using 4 workers of 4 for evacuation
[2022-02-07T17:13:05.073+0000][1286.099s][info ][gc,phases     ] GC(124)   Pre Evacuate Collection Set: 0.0ms
[2022-02-07T17:13:05.073+0000][1286.099s][info ][gc,phases     ] GC(124)   Evacuate Collection Set: 3.5ms
[2022-02-07T17:13:05.073+0000][1286.099s][info ][gc,phases     ] GC(124)   Post Evacuate Collection Set: 4.2ms
[2022-02-07T17:13:05.073+0000][1286.099s][info ][gc,phases     ] GC(124)   Other: 0.3ms
[2022-02-07T17:13:05.073+0000][1286.099s][info ][gc,heap       ] GC(124) Eden regions: 237->0(237)
[2022-02-07T17:13:05.073+0000][1286.099s][info ][gc,heap       ] GC(124) Survivor regions: 1->1(30)
[2022-02-07T17:13:05.073+0000][1286.099s][info ][gc,heap       ] GC(124) Old regions: 147->147
[2022-02-07T17:13:05.073+0000][1286.099s][info ][gc,heap       ] GC(124) Humongous regions: 0->0
[2022-02-07T17:13:05.073+0000][1286.099s][info ][gc,metaspace  ] GC(124) Metaspace: 162888K->162888K(1204224K)
[2022-02-07T17:13:05.073+0000][1286.099s][info ][gc            ] GC(124) Pause Young (Normal) (G1 Evacuation Pause) 383M->145M(430M) 8.056ms
[2022-02-07T17:13:05.073+0000][1286.099s][info ][gc,cpu        ] GC(124) User=0.01s Sys=0.00s Real=0.01s
[2022-02-07T17:13:05.073+0000][1286.099s][info ][safepoint     ] Leaving safepoint region
[2022-02-07T17:13:05.073+0000][1286.099s][info ][safepoint     ] Total time for which application threads were stopped: 0.0086364 seconds, Stopping threads took: 0.0000748 seconds
[2022-02-07T17:13:05.074+0000][1286.099s][info ][gc,stringdedup] Concurrent String Deduplication (1286.099s)
[2022-02-07T17:13:05.074+0000][1286.100s][info ][gc,stringdedup] Concurrent String Deduplication 1856.0B->0.0B(1856.0B) avg 53.3% (1286.099s, 1286.100s) 0.035ms
[2022-02-07T17:13:06.073+0000][1287.099s][debug][safepoint     ] Safepoint synchronization initiated. (301 threads)
[2022-02-07T17:13:06.073+0000][1287.099s][info ][safepoint     ] Application time: 1.0001262 seconds
[2022-02-07T17:13:06.073+0000][1287.099s][info ][safepoint     ] Entering safepoint region: Cleanup
[2022-02-07T17:13:06.074+0000][1287.099s][info ][safepoint     ] Leaving safepoint region
[2022-02-07T17:13:06.074+0000][1287.099s][info ][safepoint     ] Total time for which application threads were stopped: 0.0002398 seconds, Stopping threads took: 0.0000694 seconds
[2022-02-07T17:13:07.074+0000][1288.099s][debug][safepoint     ] Safepoint synchronization initiated. (301 threads)
[2022-02-07T17:13:07.074+0000][1288.100s][info ][safepoint     ] Application time: 1.0001137 seconds
[2022-02-07T17:13:07.074+0000][1288.100s][info ][safepoint     ] Entering safepoint region: Cleanup
[2022-02-07T17:13:07.074+0000][1288.100s][info ][safepoint     ] Leaving safepoint region
[2022-02-07T17:13:07.074+0000][1288.100s][info ][safepoint     ] Total time for which application threads were stopped: 0.0004300 seconds, Stopping threads took: 0.0000680 seconds
[2022-02-07T17:13:08.074+0000][1289.100s][debug][safepoint     ] Safepoint synchronization initiated. (301 threads)
[2022-02-07T17:13:08.074+0000][1289.100s][info ][safepoint     ] Application time: 1.0001102 seconds
[2022-02-07T17:13:08.074+0000][1289.100s][info ][safepoint     ] Entering safepoint region: Cleanup
[2022-02-07T17:13:08.075+0000][1289.100s][info ][safepoint     ] Leaving safepoint region
[2022-02-07T17:13:08.075+0000][1289.100s][info ][safepoint     ] Total time for which application threads were stopped: 0.0003162 seconds, Stopping threads took: 0.0000691 seconds
[2022-02-07T17:13:09.075+0000][1290.101s][debug][safepoint     ] Safepoint synchronization initiated. (301 threads)
[2022-02-07T17:13:09.075+0000][1290.101s][info ][safepoint     ] Application time: 1.0001157 seconds
[2022-02-07T17:13:09.075+0000][1290.101s][info ][safepoint     ] Entering safepoint region: Cleanup
[2022-02-07T17:13:09.075+0000][1290.101s][info ][safepoint     ] Leaving safepoint region
[2022-02-07T17:13:09.075+0000][1290.101s][info ][safepoint     ] Total time for which application threads were stopped: 0.0003080 seconds, Stopping threads took: 0.0000675 seconds
[2022-02-07T17:13:10.075+0000][1291.101s][debug][safepoint     ] Safepoint synchronization initiated. (301 threads)
[2022-02-07T17:13:10.075+0000][1291.101s][info ][safepoint     ] Application time: 1.0001376 seconds
[2022-02-07T17:13:10.075+0000][1291.101s][info ][safepoint     ] Entering safepoint region: Cleanup
[2022-02-07T17:13:10.076+0000][1291.101s][info ][safepoint     ] Leaving safepoint region
[2022-02-07T17:13:10.076+0000][1291.101s][info ][safepoint     ] Total time for which application threads were stopped: 0.0004571 seconds, Stopping threads took: 0.0000859 seconds
[2022-02-07T17:13:11.076+0000][1292.102s][debug][safepoint     ] Safepoint synchronization initiated. (301 threads)
[2022-02-07T17:13:11.076+0000][1292.102s][info ][safepoint     ] Application time: 1.0001118 seconds
[2022-02-07T17:13:11.076+0000][1292.102s][info ][safepoint     ] Entering safepoint region: Cleanup
[2022-02-07T17:13:11.076+0000][1292.102s][info ][safepoint     ] Leaving safepoint region
[2022-02-07T17:13:11.076+0000][1292.102s][info ][safepoint     ] Total time for which application threads were stopped: 0.0004484 seconds, Stopping threads took: 0.0000761 seconds
[2022-02-07T17:13:12.077+0000][1293.103s][debug][safepoint     ] Safepoint synchronization initiated. (301 threads)
[2022-02-07T17:13:12.077+0000][1293.103s][info ][safepoint     ] Application time: 1.0005874 seconds
[2022-02-07T17:13:12.077+0000][1293.103s][info ][safepoint     ] Entering safepoint region: Cleanup
[2022-02-07T17:13:12.077+0000][1293.103s][info ][safepoint     ] Leaving safepoint region
[2022-02-07T17:13:12.077+0000][1293.103s][debug][safepoint     ] ... found polling page return exception at pc = 0x00007f11b439e942, stub =0x00007f11ac8beb80
[2022-02-07T17:13:12.077+0000][1293.103s][info ][safepoint     ] Total time for which application threads were stopped: 0.0003882 seconds, Stopping threads took: 0.0001196 seconds
[2022-02-07T17:13:13.077+0000][1294.103s][debug][safepoint     ] Safepoint synchronization initiated. (301 threads)
[2022-02-07T17:13:13.077+0000][1294.103s][info ][safepoint     ] Application time: 1.0001214 seconds
[2022-02-07T17:13:13.077+0000][1294.103s][info ][safepoint     ] Entering safepoint region: Cleanup
[2022-02-07T17:13:13.078+0000][1294.103s][info ][safepoint     ] Leaving safepoint region
[2022-02-07T17:13:13.078+0000][1294.103s][info ][safepoint     ] Total time for which application threads were stopped: 0.0003011 seconds, Stopping threads took: 0.0000720 seconds
[2022-02-07T17:13:14.078+0000][1295.104s][debug][safepoint     ] Safepoint synchronization initiated. (301 threads)
[2022-02-07T17:13:14.078+0000][1295.104s][info ][safepoint     ] Application time: 1.0001100 seconds
[2022-02-07T17:13:14.078+0000][1295.104s][info ][safepoint     ] Entering safepoint region: Cleanup
[2022-02-07T17:13:14.078+0000][1295.104s][info ][safepoint     ] Leaving safepoint region
[2022-02-07T17:13:14.078+0000][1295.104s][info ][safepoint     ] Total time for which application threads were stopped: 0.0003319 seconds, Stopping threads took: 0.0000682 seconds
[2022-02-07T17:13:15.078+0000][1296.104s][debug][safepoint     ] Safepoint synchronization initiated. (301 threads)
[2022-02-07T17:13:15.078+0000][1296.104s][info ][safepoint     ] Application time: 1.0001483 seconds
[2022-02-07T17:13:15.078+0000][1296.104s][info ][safepoint     ] Entering safepoint region: Cleanup
[2022-02-07T17:13:15.079+0000][1296.105s][info ][safepoint     ] Leaving safepoint region
[2022-02-07T17:13:15.079+0000][1296.105s][info ][safepoint     ] Total time for which application threads were stopped: 0.0004398 seconds, Stopping threads took: 0.0000707 seconds
[2022-02-07T17:13:16.079+0000][1297.105s][debug][safepoint     ] Safepoint synchronization initiated. (301 threads)
[2022-02-07T17:13:16.079+0000][1297.105s][info ][safepoint     ] Application time: 1.0001015 seconds
[2022-02-07T17:13:16.079+0000][1297.105s][info ][safepoint     ] Entering safepoint region: Cleanup
[2022-02-07T17:13:16.079+0000][1297.105s][info ][safepoint     ] Leaving safepoint region
[2022-02-07T17:13:16.079+0000][1297.105s][info ][safepoint     ] Total time for which application threads were stopped: 0.0003126 seconds, Stopping threads took: 0.0000731 seconds
[2022-02-07T17:13:17.079+0000][1298.105s][debug][safepoint     ] Safepoint synchronization initiated. (301 threads)
[2022-02-07T17:13:17.079+0000][1298.105s][info ][safepoint     ] Application time: 1.0001166 seconds
[2022-02-07T17:13:17.079+0000][1298.105s][info ][safepoint     ] Entering safepoint region: Cleanup
[2022-02-07T17:13:17.080+0000][1298.105s][info ][safepoint     ] Leaving safepoint region
[2022-02-07T17:13:17.080+0000][1298.105s][info ][safepoint     ] Total time for which application threads were stopped: 0.0003294 seconds, Stopping threads took: 0.0000777 seconds
[2022-02-07T17:13:18.080+0000][1299.106s][debug][safepoint     ] Safepoint synchronization initiated. (301 threads)
[2022-02-07T17:13:18.080+0000][1299.106s][info ][safepoint     ] Application time: 1.0001162 seconds
[2022-02-07T17:13:18.080+0000][1299.106s][info ][safepoint     ] Entering safepoint region: Cleanup
[2022-02-07T17:13:18.080+0000][1299.106s][info ][safepoint     ] Leaving safepoint region
[2022-02-07T17:13:18.080+0000][1299.106s][info ][safepoint     ] Total time for which application threads were stopped: 0.0004908 seconds, Stopping threads took: 0.0000764 seconds
[2022-02-07T17:13:19.080+0000][1300.106s][debug][safepoint     ] Safepoint synchronization initiated. (301 threads)
[2022-02-07T17:13:19.080+0000][1300.106s][info ][safepoint     ] Application time: 1.0001280 seconds
[2022-02-07T17:13:19.080+0000][1300.106s][info ][safepoint     ] Entering safepoint region: Cleanup
[2022-02-07T17:13:19.081+0000][1300.107s][info ][safepoint     ] Leaving safepoint region
[2022-02-07T17:13:19.081+0000][1300.107s][info ][safepoint     ] Total time for which application threads were stopped: 0.0003032 seconds, Stopping threads took: 0.0000700 seconds
[2022-02-07T17:13:20.081+0000][1301.107s][debug][safepoint     ] Safepoint synchronization initiated. (301 threads)
[2022-02-07T17:13:20.081+0000][1301.107s][info ][safepoint     ] Application time: 1.0001260 seconds
[2022-02-07T17:13:20.081+0000][1301.107s][info ][safepoint     ] Entering safepoint region: Cleanup
[2022-02-07T17:13:20.081+0000][1301.107s][info ][safepoint     ] Leaving safepoint region
[2022-02-07T17:13:20.081+0000][1301.107s][debug][safepoint     ] ... found polling page return exception at pc = 0x00007f11b4fc1a06, stub =0x00007f11ac8beb80
[2022-02-07T17:13:20.081+0000][1301.107s][info ][safepoint     ] Total time for which application threads were stopped: 0.0003054 seconds, Stopping threads took: 0.0000756 seconds
[2022-02-07T17:13:21.081+0000][1302.107s][debug][safepoint     ] Safepoint synchronization initiated. (301 threads)
[2022-02-07T17:13:21.081+0000][1302.107s][info ][safepoint     ] Application time: 1.0001291 seconds
[2022-02-07T17:13:21.081+0000][1302.107s][info ][safepoint     ] Entering safepoint region: Cleanup
[2022-02-07T17:13:21.082+0000][1302.107s][info ][safepoint     ] Leaving safepoint region
[2022-02-07T17:13:21.082+0000][1302.107s][info ][safepoint     ] Total time for which application threads were stopped: 0.0003171 seconds, Stopping threads took: 0.0000787 seconds
[2022-02-07T17:13:22.082+0000][1303.108s][debug][safepoint     ] Safepoint synchronization initiated. (301 threads)
[2022-02-07T17:13:22.082+0000][1303.108s][info ][safepoint     ] Application time: 1.0001266 seconds
[2022-02-07T17:13:22.082+0000][1303.108s][info ][safepoint     ] Entering safepoint region: Cleanup
[2022-02-07T17:13:22.082+0000][1303.108s][info ][safepoint     ] Leaving safepoint region
[2022-02-07T17:13:22.082+0000][1303.108s][info ][safepoint     ] Total time for which application threads were stopped: 0.0003052 seconds, Stopping threads took: 0.0000781 seconds
[2022-02-07T17:13:22.594+0000][1303.620s][debug][safepoint     ] Safepoint synchronization initiated. (301 threads)
[2022-02-07T17:13:22.594+0000][1303.620s][info ][safepoint     ] Application time: 0.5116488 seconds
[2022-02-07T17:13:22.594+0000][1303.620s][info ][safepoint     ] Entering safepoint region: G1CollectForAllocation
[2022-02-07T17:13:22.594+0000][1303.620s][info ][gc,start      ] GC(125) Pause Young (Normal) (G1 Evacuation Pause)
[2022-02-07T17:13:22.594+0000][1303.620s][info ][gc,task       ] GC(125) Using 4 workers of 4 for evacuation
[2022-02-07T17:13:22.620+0000][1303.646s][info ][gc,phases     ] GC(125)   Pre Evacuate Collection Set: 0.0ms
[2022-02-07T17:13:22.620+0000][1303.646s][info ][gc,phases     ] GC(125)   Evacuate Collection Set: 21.0ms
[2022-02-07T17:13:22.620+0000][1303.646s][info ][gc,phases     ] GC(125)   Post Evacuate Collection Set: 4.9ms
[2022-02-07T17:13:22.620+0000][1303.646s][info ][gc,phases     ] GC(125)   Other: 0.2ms
[2022-02-07T17:13:22.620+0000][1303.646s][info ][gc,heap       ] GC(125) Eden regions: 237->0(237)
[2022-02-07T17:13:22.620+0000][1303.646s][info ][gc,heap       ] GC(125) Survivor regions: 1->1(30)
[2022-02-07T17:13:22.620+0000][1303.646s][info ][gc,heap       ] GC(125) Old regions: 147->147
[2022-02-07T17:13:22.620+0000][1303.646s][info ][gc,heap       ] GC(125) Humongous regions: 0->0
[2022-02-07T17:13:22.620+0000][1303.646s][info ][gc,metaspace  ] GC(125) Metaspace: 162909K->162909K(1204224K)
[2022-02-07T17:13:22.620+0000][1303.646s][info ][gc            ] GC(125) Pause Young (Normal) (G1 Evacuation Pause) 382M->146M(430M) 26.192ms
[2022-02-07T17:13:22.620+0000][1303.646s][info ][gc,cpu        ] GC(125) User=0.02s Sys=0.00s Real=0.03s
[2022-02-07T17:13:22.620+0000][1303.646s][info ][safepoint     ] Leaving safepoint region
[2022-02-07T17:13:22.621+0000][1303.646s][info ][safepoint     ] Total time for which application threads were stopped: 0.0267904 seconds, Stopping threads took: 0.0000717 seconds
[2022-02-07T17:13:22.621+0000][1303.646s][info ][gc,stringdedup] Concurrent String Deduplication (1303.646s)
[2022-02-07T17:13:22.621+0000][1303.646s][info ][gc,stringdedup] Concurrent String Deduplication 496.0B->0.0B(496.0B) avg 53.3% (1303.646s, 1303.646s) 0.019ms
[2022-02-07T17:13:23.623+0000][1304.649s][debug][safepoint     ] Safepoint synchronization initiated. (301 threads)
[2022-02-07T17:13:23.623+0000][1304.649s][info ][safepoint     ] Application time: 1.0028853 seconds
[2022-02-07T17:13:23.623+0000][1304.649s][info ][safepoint     ] Entering safepoint region: Cleanup
[2022-02-07T17:13:23.624+0000][1304.650s][info ][safepoint     ] Leaving safepoint region
[2022-02-07T17:13:23.624+0000][1304.650s][info ][safepoint     ] Total time for which application threads were stopped: 0.0002434 seconds, Stopping threads took: 0.0000726 seconds
[2022-02-07T17:13:24.624+0000][1305.650s][debug][safepoint     ] Safepoint synchronization initiated. (301 threads)
[2022-02-07T17:13:24.624+0000][1305.650s][info ][safepoint     ] Application time: 1.0001283 seconds
[2022-02-07T17:13:24.624+0000][1305.650s][info ][safepoint     ] Entering safepoint region: Cleanup
[2022-02-07T17:13:24.624+0000][1305.650s][info ][safepoint     ] Leaving safepoint region
[2022-02-07T17:13:24.624+0000][1305.650s][info ][safepoint     ] Total time for which application threads were stopped: 0.0003346 seconds, Stopping threads took: 0.0000847 seconds
[2022-02-07T17:13:25.624+0000][1306.650s][debug][safepoint     ] Safepoint synchronization initiated. (301 threads)
[2022-02-07T17:13:25.624+0000][1306.650s][info ][safepoint     ] Application time: 1.0001159 seconds
[2022-02-07T17:13:25.624+0000][1306.650s][info ][safepoint     ] Entering safepoint region: Cleanup
[2022-02-07T17:13:25.625+0000][1306.651s][info ][safepoint     ] Leaving safepoint region
[2022-02-07T17:13:25.625+0000][1306.651s][info ][safepoint     ] Total time for which application threads were stopped: 0.0004239 seconds, Stopping threads took: 0.0000675 seconds
[2022-02-07T17:13:26.625+0000][1307.651s][debug][safepoint     ] Safepoint synchronization initiated. (301 threads)
[2022-02-07T17:13:26.625+0000][1307.651s][info ][safepoint     ] Application time: 1.0001169 seconds
[2022-02-07T17:13:26.625+0000][1307.651s][info ][safepoint     ] Entering safepoint region: Cleanup
[2022-02-07T17:13:26.625+0000][1307.651s][info ][safepoint     ] Leaving safepoint region
[2022-02-07T17:13:26.625+0000][1307.651s][info ][safepoint     ] Total time for which application threads were stopped: 0.0004294 seconds, Stopping threads took: 0.0000689 seconds
[2022-02-07T17:13:27.625+0000][1308.651s][debug][safepoint     ] Safepoint synchronization initiated. (301 threads)
[2022-02-07T17:13:27.625+0000][1308.651s][info ][safepoint     ] Application time: 1.0001177 seconds
[2022-02-07T17:13:27.625+0000][1308.651s][info ][safepoint     ] Entering safepoint region: Cleanup
[2022-02-07T17:13:27.626+0000][1308.652s][info ][safepoint     ] Leaving safepoint region
[2022-02-07T17:13:27.626+0000][1308.652s][info ][safepoint     ] Total time for which application threads were stopped: 0.0004529 seconds, Stopping threads took: 0.0000691 seconds
[2022-02-07T17:13:28.626+0000][1309.652s][debug][safepoint     ] Safepoint synchronization initiated. (301 threads)
[2022-02-07T17:13:28.626+0000][1309.652s][info ][safepoint     ] Application time: 1.0001392 seconds
[2022-02-07T17:13:28.626+0000][1309.652s][info ][safepoint     ] Entering safepoint region: Cleanup
[2022-02-07T17:13:28.626+0000][1309.652s][info ][safepoint     ] Leaving safepoint region
[2022-02-07T17:13:28.626+0000][1309.652s][info ][safepoint     ] Total time for which application threads were stopped: 0.0003139 seconds, Stopping threads took: 0.0000718 seconds
[2022-02-07T17:13:29.626+0000][1310.652s][debug][safepoint     ] Safepoint synchronization initiated. (301 threads)
[2022-02-07T17:13:29.626+0000][1310.652s][info ][safepoint     ] Application time: 1.0001276 seconds
[2022-02-07T17:13:29.627+0000][1310.652s][info ][safepoint     ] Entering safepoint region: Cleanup
[2022-02-07T17:13:29.627+0000][1310.653s][info ][safepoint     ] Leaving safepoint region
[2022-02-07T17:13:29.627+0000][1310.653s][info ][safepoint     ] Total time for which application threads were stopped: 0.0006421 seconds, Stopping threads took: 0.0000992 seconds
[2022-02-07T17:13:30.627+0000][1311.653s][debug][safepoint     ] Safepoint synchronization initiated. (301 threads)
[2022-02-07T17:13:30.627+0000][1311.653s][info ][safepoint     ] Application time: 1.0001336 seconds
[2022-02-07T17:13:30.627+0000][1311.653s][info ][safepoint     ] Entering safepoint region: Cleanup
[2022-02-07T17:13:30.628+0000][1311.654s][info ][safepoint     ] Leaving safepoint region
[2022-02-07T17:13:30.628+0000][1311.654s][info ][safepoint     ] Total time for which application threads were stopped: 0.0004784 seconds, Stopping threads took: 0.0000754 seconds
[2022-02-07T17:13:31.628+0000][1312.654s][debug][safepoint     ] Safepoint synchronization initiated. (301 threads)
[2022-02-07T17:13:31.628+0000][1312.654s][info ][safepoint     ] Application time: 1.0001045 seconds
[2022-02-07T17:13:31.628+0000][1312.654s][info ][safepoint     ] Entering safepoint region: Cleanup
[2022-02-07T17:13:31.628+0000][1312.654s][info ][safepoint     ] Leaving safepoint region
[2022-02-07T17:13:31.628+0000][1312.654s][info ][safepoint     ] Total time for which application threads were stopped: 0.0004409 seconds, Stopping threads took: 0.0000675 seconds
[2022-02-07T17:13:32.628+0000][1313.654s][debug][safepoint     ] Safepoint synchronization initiated. (301 threads)
[2022-02-07T17:13:32.628+0000][1313.654s][info ][safepoint     ] Application time: 1.0000706 seconds
[2022-02-07T17:13:32.628+0000][1313.654s][debug][safepoint     ] ... found polling page return exception at pc = 0x00007f11b493e341, stub =0x00007f11ac8beb80
[2022-02-07T17:13:32.628+0000][1313.654s][debug][safepoint     ] Waiting for 1 thread(s) to block
[2022-02-07T17:13:32.628+0000][1313.654s][info ][safepoint     ] Entering safepoint region: Cleanup
[2022-02-07T17:13:32.629+0000][1313.655s][info ][safepoint     ] Leaving safepoint region
[2022-02-07T17:13:32.629+0000][1313.655s][info ][safepoint     ] Total time for which application threads were stopped: 0.0005320 seconds, Stopping threads took: 0.0001068 seconds
[2022-02-07T17:13:33.629+0000][1314.655s][debug][safepoint     ] Safepoint synchronization initiated. (301 threads)
[2022-02-07T17:13:33.629+0000][1314.655s][info ][safepoint     ] Application time: 1.0001317 seconds
[2022-02-07T17:13:33.629+0000][1314.655s][info ][safepoint     ] Entering safepoint region: Cleanup
[2022-02-07T17:13:33.630+0000][1314.655s][info ][safepoint     ] Leaving safepoint region
[2022-02-07T17:13:33.630+0000][1314.655s][info ][safepoint     ] Total time for which application threads were stopped: 0.0004498 seconds, Stopping threads took: 0.0000730 seconds
[2022-02-07T17:13:34.630+0000][1315.655s][debug][safepoint     ] Safepoint synchronization initiated. (301 threads)
[2022-02-07T17:13:34.630+0000][1315.656s][info ][safepoint     ] Application time: 1.0001416 seconds
[2022-02-07T17:13:34.630+0000][1315.656s][info ][safepoint     ] Entering safepoint region: Cleanup
[2022-02-07T17:13:34.630+0000][1315.656s][info ][safepoint     ] Leaving safepoint region
[2022-02-07T17:13:34.630+0000][1315.656s][info ][safepoint     ] Total time for which application threads were stopped: 0.0004617 seconds, Stopping threads took: 0.0000728 seconds
[2022-02-07T17:13:35.630+0000][1316.656s][debug][safepoint     ] Safepoint synchronization initiated. (301 threads)
[2022-02-07T17:13:35.630+0000][1316.656s][info ][safepoint     ] Application time: 1.0001183 seconds
[2022-02-07T17:13:35.630+0000][1316.656s][info ][safepoint     ] Entering safepoint region: Cleanup
[2022-02-07T17:13:35.631+0000][1316.657s][info ][safepoint     ] Leaving safepoint region
[2022-02-07T17:13:35.631+0000][1316.657s][info ][safepoint     ] Total time for which application threads were stopped: 0.0004600 seconds, Stopping threads took: 0.0000873 seconds
[2022-02-07T17:13:36.631+0000][1317.657s][debug][safepoint     ] Safepoint synchronization initiated. (301 threads)
[2022-02-07T17:13:36.631+0000][1317.657s][info ][safepoint     ] Application time: 1.0001180 seconds
[2022-02-07T17:13:36.631+0000][1317.657s][info ][safepoint     ] Entering safepoint region: Cleanup
[2022-02-07T17:13:36.631+0000][1317.657s][info ][safepoint     ] Leaving safepoint region
[2022-02-07T17:13:36.631+0000][1317.657s][info ][safepoint     ] Total time for which application threads were stopped: 0.0004372 seconds, Stopping threads took: 0.0000708 seconds
[2022-02-07T17:13:36.631+0000][1317.657s][debug][safepoint     ] ... found polling page return exception at pc = 0x00007f11b4fc1a06, stub =0x00007f11ac8beb80
[2022-02-07T17:13:37.473+0000][1318.499s][debug][safepoint     ] Safepoint synchronization initiated. (301 threads)
[2022-02-07T17:13:37.473+0000][1318.499s][info ][safepoint     ] Application time: 0.8420424 seconds
[2022-02-07T17:13:37.473+0000][1318.499s][info ][safepoint     ] Entering safepoint region: G1CollectForAllocation
[2022-02-07T17:13:37.474+0000][1318.500s][info ][gc,start      ] GC(126) Pause Young (Normal) (G1 Evacuation Pause)
[2022-02-07T17:13:37.474+0000][1318.500s][info ][gc,task       ] GC(126) Using 4 workers of 4 for evacuation
[2022-02-07T17:13:37.481+0000][1318.507s][info ][gc,phases     ] GC(126)   Pre Evacuate Collection Set: 0.0ms
[2022-02-07T17:13:37.481+0000][1318.507s][info ][gc,phases     ] GC(126)   Evacuate Collection Set: 3.4ms
[2022-02-07T17:13:37.481+0000][1318.507s][info ][gc,phases     ] GC(126)   Post Evacuate Collection Set: 4.1ms
[2022-02-07T17:13:37.482+0000][1318.507s][info ][gc,phases     ] GC(126)   Other: 0.2ms
[2022-02-07T17:13:37.482+0000][1318.507s][info ][gc,heap       ] GC(126) Eden regions: 237->0(237)
[2022-02-07T17:13:37.482+0000][1318.507s][info ][gc,heap       ] GC(126) Survivor regions: 1->1(30)
[2022-02-07T17:13:37.482+0000][1318.507s][info ][gc,heap       ] GC(126) Old regions: 147->147
[2022-02-07T17:13:37.482+0000][1318.507s][info ][gc,heap       ] GC(126) Humongous regions: 0->0
[2022-02-07T17:13:37.482+0000][1318.507s][info ][gc,metaspace  ] GC(126) Metaspace: 162914K->162914K(1204224K)
[2022-02-07T17:13:37.482+0000][1318.507s][info ][gc            ] GC(126) Pause Young (Normal) (G1 Evacuation Pause) 383M->146M(430M) 7.900ms
[2022-02-07T17:13:37.482+0000][1318.507s][info ][gc,cpu        ] GC(126) User=0.01s Sys=0.00s Real=0.01s
[2022-02-07T17:13:37.482+0000][1318.508s][info ][safepoint     ] Leaving safepoint region
[2022-02-07T17:13:37.482+0000][1318.508s][info ][safepoint     ] Total time for which application threads were stopped: 0.0083091 seconds, Stopping threads took: 0.0000674 seconds
[2022-02-07T17:13:37.482+0000][1318.508s][info ][gc,stringdedup] Concurrent String Deduplication (1318.508s)
[2022-02-07T17:13:37.482+0000][1318.508s][info ][gc,stringdedup] Concurrent String Deduplication 576.0B->64.0B(512.0B) avg 53.3% (1318.508s, 1318.508s) 0.022ms
[2022-02-07T17:13:38.482+0000][1319.508s][debug][safepoint     ] Safepoint synchronization initiated. (301 threads)
[2022-02-07T17:13:38.482+0000][1319.508s][info ][safepoint     ] Application time: 1.0001321 seconds
[2022-02-07T17:13:38.482+0000][1319.508s][debug][safepoint     ] ... found polling page return exception at pc = 0x00007f11b45ef5be, stub =0x00007f11ac8beb80
[2022-02-07T17:13:38.482+0000][1319.508s][debug][safepoint     ] Waiting for 1 thread(s) to block
[2022-02-07T17:13:38.482+0000][1319.508s][info ][safepoint     ] Entering safepoint region: Cleanup
[2022-02-07T17:13:38.482+0000][1319.508s][info ][safepoint     ] Leaving safepoint region
[2022-02-07T17:13:38.482+0000][1319.508s][info ][safepoint     ] Total time for which application threads were stopped: 0.0003475 seconds, Stopping threads took: 0.0001190 seconds
[2022-02-07T17:13:39.482+0000][1320.508s][debug][safepoint     ] Safepoint synchronization initiated. (301 threads)
[2022-02-07T17:13:39.482+0000][1320.508s][info ][safepoint     ] Application time: 1.0001350 seconds
[2022-02-07T17:13:39.482+0000][1320.508s][info ][safepoint     ] Entering safepoint region: Cleanup
[2022-02-07T17:13:39.483+0000][1320.509s][info ][safepoint     ] Leaving safepoint region
[2022-02-07T17:13:39.483+0000][1320.509s][info ][safepoint     ] Total time for which application threads were stopped: 0.0003109 seconds, Stopping threads took: 0.0000679 seconds
[2022-02-07T17:13:40.483+0000][1321.509s][debug][safepoint     ] Safepoint synchronization initiated. (301 threads)
[2022-02-07T17:13:40.483+0000][1321.509s][info ][safepoint     ] Application time: 1.0001260 seconds
[2022-02-07T17:13:40.483+0000][1321.509s][info ][safepoint     ] Entering safepoint region: Cleanup
[2022-02-07T17:13:40.483+0000][1321.509s][info ][safepoint     ] Leaving safepoint region
[2022-02-07T17:13:40.483+0000][1321.509s][info ][safepoint     ] Total time for which application threads were stopped: 0.0003309 seconds, Stopping threads took: 0.0000780 seconds
[2022-02-07T17:13:41.483+0000][1322.509s][debug][safepoint     ] Safepoint synchronization initiated. (301 threads)
[2022-02-07T17:13:41.483+0000][1322.509s][info ][safepoint     ] Application time: 1.0001238 seconds
[2022-02-07T17:13:41.483+0000][1322.509s][debug][safepoint     ] ... found polling page loop exception at pc = 0x00007f11b4504dfa, stub =0x00007f11ac8be900
[2022-02-07T17:13:41.483+0000][1322.509s][debug][safepoint     ] Waiting for 1 thread(s) to block
[2022-02-07T17:13:41.483+0000][1322.509s][info ][safepoint     ] Entering safepoint region: Cleanup
[2022-02-07T17:13:41.484+0000][1322.509s][info ][safepoint     ] Leaving safepoint region
[2022-02-07T17:13:41.484+0000][1322.509s][info ][safepoint     ] Total time for which application threads were stopped: 0.0002920 seconds, Stopping threads took: 0.0001056 seconds
[2022-02-07T17:13:42.484+0000][1323.510s][debug][safepoint     ] Safepoint synchronization initiated. (301 threads)
[2022-02-07T17:13:42.484+0000][1323.510s][info ][safepoint     ] Application time: 1.0001575 seconds
[2022-02-07T17:13:42.484+0000][1323.510s][info ][safepoint     ] Entering safepoint region: Cleanup
[2022-02-07T17:13:42.484+0000][1323.510s][info ][safepoint     ] Leaving safepoint region
[2022-02-07T17:13:42.484+0000][1323.510s][info ][safepoint     ] Total time for which application threads were stopped: 0.0003208 seconds, Stopping threads took: 0.0000685 seconds
[2022-02-07T17:13:43.484+0000][1324.510s][debug][safepoint     ] Safepoint synchronization initiated. (301 threads)
[2022-02-07T17:13:43.484+0000][1324.510s][info ][safepoint     ] Application time: 1.0001199 seconds
[2022-02-07T17:13:43.484+0000][1324.510s][info ][safepoint     ] Entering safepoint region: Cleanup
[2022-02-07T17:13:43.484+0000][1324.510s][info ][safepoint     ] Leaving safepoint region
[2022-02-07T17:13:43.485+0000][1324.510s][info ][safepoint     ] Total time for which application threads were stopped: 0.0002971 seconds, Stopping threads took: 0.0000706 seconds
[2022-02-07T17:13:44.485+0000][1325.510s][debug][safepoint     ] Safepoint synchronization initiated. (301 threads)
[2022-02-07T17:13:44.485+0000][1325.510s][info ][safepoint     ] Application time: 1.0001227 seconds
[2022-02-07T17:13:44.485+0000][1325.511s][debug][safepoint     ] ... found polling page return exception at pc = 0x00007f11b462489f, stub =0x00007f11ac8beb80
[2022-02-07T17:13:44.485+0000][1325.511s][debug][safepoint     ] Waiting for 1 thread(s) to block
[2022-02-07T17:13:44.485+0000][1325.511s][info ][safepoint     ] Entering safepoint region: Cleanup
[2022-02-07T17:13:44.485+0000][1325.511s][info ][safepoint     ] Leaving safepoint region
[2022-02-07T17:13:44.485+0000][1325.511s][info ][safepoint     ] Total time for which application threads were stopped: 0.0003196 seconds, Stopping threads took: 0.0000989 seconds
[2022-02-07T17:13:45.485+0000][1326.511s][debug][safepoint     ] Safepoint synchronization initiated. (301 threads)
[2022-02-07T17:13:45.485+0000][1326.511s][info ][safepoint     ] Application time: 1.0001324 seconds
[2022-02-07T17:13:45.485+0000][1326.511s][info ][safepoint     ] Entering safepoint region: Cleanup
[2022-02-07T17:13:45.485+0000][1326.511s][info ][safepoint     ] Leaving safepoint region
[2022-02-07T17:13:45.485+0000][1326.511s][info ][safepoint     ] Total time for which application threads were stopped: 0.0003172 seconds, Stopping threads took: 0.0000688 seconds
[2022-02-07T17:13:46.486+0000][1327.511s][debug][safepoint     ] Safepoint synchronization initiated. (301 threads)
[2022-02-07T17:13:46.486+0000][1327.511s][info ][safepoint     ] Application time: 1.0001050 seconds
[2022-02-07T17:13:46.486+0000][1327.511s][info ][safepoint     ] Entering safepoint region: Cleanup
[2022-02-07T17:13:46.486+0000][1327.512s][info ][safepoint     ] Leaving safepoint region
[2022-02-07T17:13:46.486+0000][1327.512s][info ][safepoint     ] Total time for which application threads were stopped: 0.0003181 seconds, Stopping threads took: 0.0000712 seconds
[2022-02-07T17:13:47.486+0000][1328.512s][debug][safepoint     ] Safepoint synchronization initiated. (301 threads)
[2022-02-07T17:13:47.486+0000][1328.512s][info ][safepoint     ] Application time: 1.0001099 seconds
[2022-02-07T17:13:47.486+0000][1328.512s][info ][safepoint     ] Entering safepoint region: Cleanup
[2022-02-07T17:13:47.486+0000][1328.512s][info ][safepoint     ] Leaving safepoint region
[2022-02-07T17:13:47.486+0000][1328.512s][info ][safepoint     ] Total time for which application threads were stopped: 0.0002834 seconds, Stopping threads took: 0.0000775 seconds
[2022-02-07T17:13:48.486+0000][1329.512s][debug][safepoint     ] Safepoint synchronization initiated. (301 threads)
[2022-02-07T17:13:48.486+0000][1329.512s][info ][safepoint     ] Application time: 1.0001489 seconds
[2022-02-07T17:13:48.486+0000][1329.512s][debug][safepoint     ] ... found polling page return exception at pc = 0x00007f11b493ab2c, stub =0x00007f11ac8beb80
[2022-02-07T17:13:48.487+0000][1329.512s][debug][safepoint     ] Waiting for 1 thread(s) to block
[2022-02-07T17:13:48.487+0000][1329.512s][info ][safepoint     ] Entering safepoint region: Cleanup
[2022-02-07T17:13:48.487+0000][1329.513s][info ][safepoint     ] Leaving safepoint region
[2022-02-07T17:13:48.487+0000][1329.513s][info ][safepoint     ] Total time for which application threads were stopped: 0.0003330 seconds, Stopping threads took: 0.0001080 seconds
[2022-02-07T17:13:49.487+0000][1330.513s][debug][safepoint     ] Safepoint synchronization initiated. (301 threads)
[2022-02-07T17:13:49.487+0000][1330.513s][info ][safepoint     ] Application time: 1.0001249 seconds
[2022-02-07T17:13:49.487+0000][1330.513s][info ][safepoint     ] Entering safepoint region: Cleanup
[2022-02-07T17:13:49.487+0000][1330.513s][info ][safepoint     ] Leaving safepoint region
[2022-02-07T17:13:49.487+0000][1330.513s][info ][safepoint     ] Total time for which application threads were stopped: 0.0003233 seconds, Stopping threads took: 0.0000689 seconds
[2022-02-07T17:13:50.487+0000][1331.513s][debug][safepoint     ] Safepoint synchronization initiated. (301 threads)
[2022-02-07T17:13:50.487+0000][1331.513s][info ][safepoint     ] Application time: 1.0001376 seconds
[2022-02-07T17:13:50.487+0000][1331.513s][debug][safepoint     ] ... found polling page return exception at pc = 0x00007f11b5242e5d, stub =0x00007f11ac8beb80
[2022-02-07T17:13:50.487+0000][1331.513s][debug][safepoint     ] Waiting for 1 thread(s) to block
[2022-02-07T17:13:50.487+0000][1331.513s][info ][safepoint     ] Entering safepoint region: Cleanup
[2022-02-07T17:13:50.488+0000][1331.514s][info ][safepoint     ] Leaving safepoint region
[2022-02-07T17:13:50.488+0000][1331.514s][info ][safepoint     ] Total time for which application threads were stopped: 0.0003214 seconds, Stopping threads took: 0.0000946 seconds
[2022-02-07T17:13:51.488+0000][1332.514s][debug][safepoint     ] Safepoint synchronization initiated. (301 threads)
[2022-02-07T17:13:51.488+0000][1332.514s][info ][safepoint     ] Application time: 1.0001291 seconds
[2022-02-07T17:13:51.488+0000][1332.514s][info ][safepoint     ] Entering safepoint region: Cleanup
[2022-02-07T17:13:51.488+0000][1332.514s][info ][safepoint     ] Leaving safepoint region
[2022-02-07T17:13:51.488+0000][1332.514s][info ][safepoint     ] Total time for which application threads were stopped: 0.0002653 seconds, Stopping threads took: 0.0000614 seconds
[2022-02-07T17:13:52.488+0000][1333.514s][debug][safepoint     ] Safepoint synchronization initiated. (301 threads)
[2022-02-07T17:13:52.488+0000][1333.514s][info ][safepoint     ] Application time: 1.0001175 seconds
[2022-02-07T17:13:52.488+0000][1333.514s][info ][safepoint     ] Entering safepoint region: Cleanup
[2022-02-07T17:13:52.489+0000][1333.514s][info ][safepoint     ] Leaving safepoint region
[2022-02-07T17:13:52.489+0000][1333.514s][info ][safepoint     ] Total time for which application threads were stopped: 0.0002433 seconds, Stopping threads took: 0.0000708 seconds
[2022-02-07T17:13:53.151+0000][1334.177s][debug][safepoint     ] Safepoint synchronization initiated. (301 threads)
[2022-02-07T17:13:53.151+0000][1334.177s][info ][safepoint     ] Application time: 0.6627894 seconds
[2022-02-07T17:13:53.151+0000][1334.177s][info ][safepoint     ] Entering safepoint region: G1CollectForAllocation
[2022-02-07T17:13:53.152+0000][1334.177s][info ][gc,start      ] GC(127) Pause Young (Normal) (G1 Evacuation Pause)
[2022-02-07T17:13:53.152+0000][1334.177s][info ][gc,task       ] GC(127) Using 4 workers of 4 for evacuation
[2022-02-07T17:13:53.159+0000][1334.185s][info ][gc,phases     ] GC(127)   Pre Evacuate Collection Set: 0.0ms
[2022-02-07T17:13:53.159+0000][1334.185s][info ][gc,phases     ] GC(127)   Evacuate Collection Set: 3.0ms
[2022-02-07T17:13:53.159+0000][1334.185s][info ][gc,phases     ] GC(127)   Post Evacuate Collection Set: 4.5ms
[2022-02-07T17:13:53.159+0000][1334.185s][info ][gc,phases     ] GC(127)   Other: 0.3ms
[2022-02-07T17:13:53.159+0000][1334.185s][info ][gc,heap       ] GC(127) Eden regions: 237->0(237)
[2022-02-07T17:13:53.159+0000][1334.185s][info ][gc,heap       ] GC(127) Survivor regions: 1->1(30)
[2022-02-07T17:13:53.159+0000][1334.185s][info ][gc,heap       ] GC(127) Old regions: 147->147
[2022-02-07T17:13:53.159+0000][1334.185s][info ][gc,heap       ] GC(127) Humongous regions: 0->0
[2022-02-07T17:13:53.159+0000][1334.185s][info ][gc,metaspace  ] GC(127) Metaspace: 162924K->162924K(1204224K)
[2022-02-07T17:13:53.160+0000][1334.185s][info ][gc            ] GC(127) Pause Young (Normal) (G1 Evacuation Pause) 383M->146M(430M) 7.940ms
[2022-02-07T17:13:53.160+0000][1334.185s][info ][gc,cpu        ] GC(127) User=0.01s Sys=0.00s Real=0.01s
[2022-02-07T17:13:53.160+0000][1334.186s][info ][safepoint     ] Leaving safepoint region
[2022-02-07T17:13:53.160+0000][1334.186s][info ][safepoint     ] Total time for which application threads were stopped: 0.0083281 seconds, Stopping threads took: 0.0000674 seconds
[2022-02-07T17:13:53.163+0000][1334.189s][info ][gc,stringdedup] Concurrent String Deduplication (1334.189s)
[2022-02-07T17:13:53.163+0000][1334.189s][info ][gc,stringdedup] Concurrent String Deduplication 1112.0B->0.0B(1112.0B) avg 53.3% (1334.189s, 1334.189s) 0.043ms
[2022-02-07T17:13:54.160+0000][1335.186s][debug][safepoint     ] Safepoint synchronization initiated. (301 threads)
[2022-02-07T17:13:54.160+0000][1335.186s][info ][safepoint     ] Application time: 1.0007940 seconds
[2022-02-07T17:13:54.161+0000][1335.186s][info ][safepoint     ] Entering safepoint region: Cleanup
[2022-02-07T17:13:54.161+0000][1335.187s][info ][safepoint     ] Leaving safepoint region
[2022-02-07T17:13:54.161+0000][1335.187s][info ][safepoint     ] Total time for which application threads were stopped: 0.0003532 seconds, Stopping threads took: 0.0000727 seconds
[2022-02-07T17:13:55.161+0000][1336.187s][debug][safepoint     ] Safepoint synchronization initiated. (301 threads)
[2022-02-07T17:13:55.161+0000][1336.187s][info ][safepoint     ] Application time: 1.0001270 seconds
[2022-02-07T17:13:55.161+0000][1336.187s][info ][safepoint     ] Entering safepoint region: Cleanup
[2022-02-07T17:13:55.161+0000][1336.187s][info ][safepoint     ] Leaving safepoint region
[2022-02-07T17:13:55.161+0000][1336.187s][info ][safepoint     ] Total time for which application threads were stopped: 0.0004420 seconds, Stopping threads took: 0.0000718 seconds
[2022-02-07T17:13:56.163+0000][1337.189s][debug][safepoint     ] Safepoint synchronization initiated. (301 threads)
[2022-02-07T17:13:56.164+0000][1337.189s][info ][safepoint     ] Application time: 1.0020785 seconds
[2022-02-07T17:13:56.164+0000][1337.189s][info ][safepoint     ] Entering safepoint region: Cleanup
[2022-02-07T17:13:56.164+0000][1337.190s][info ][safepoint     ] Leaving safepoint region
[2022-02-07T17:13:56.164+0000][1337.190s][info ][safepoint     ] Total time for which application threads were stopped: 0.0004727 seconds, Stopping threads took: 0.0000718 seconds
[2022-02-07T17:13:57.164+0000][1338.190s][debug][safepoint     ] Safepoint synchronization initiated. (301 threads)
[2022-02-07T17:13:57.164+0000][1338.190s][info ][safepoint     ] Application time: 1.0000978 seconds
[2022-02-07T17:13:57.164+0000][1338.190s][info ][safepoint     ] Entering safepoint region: Cleanup
[2022-02-07T17:13:57.165+0000][1338.190s][info ][safepoint     ] Leaving safepoint region
[2022-02-07T17:13:57.165+0000][1338.190s][info ][safepoint     ] Total time for which application threads were stopped: 0.0004618 seconds, Stopping threads took: 0.0000769 seconds
[2022-02-07T17:13:58.165+0000][1339.190s][debug][safepoint     ] Safepoint synchronization initiated. (301 threads)
[2022-02-07T17:13:58.165+0000][1339.191s][info ][safepoint     ] Application time: 1.0000814 seconds
[2022-02-07T17:13:58.165+0000][1339.191s][info ][safepoint     ] Entering safepoint region: Cleanup
[2022-02-07T17:13:58.165+0000][1339.191s][info ][safepoint     ] Leaving safepoint region
[2022-02-07T17:13:58.165+0000][1339.191s][info ][safepoint     ] Total time for which application threads were stopped: 0.0004375 seconds, Stopping threads took: 0.0000708 seconds
[2022-02-07T17:13:59.165+0000][1340.191s][debug][safepoint     ] Safepoint synchronization initiated. (301 threads)
[2022-02-07T17:13:59.165+0000][1340.191s][info ][safepoint     ] Application time: 1.0001166 seconds
[2022-02-07T17:13:59.165+0000][1340.191s][info ][safepoint     ] Entering safepoint region: Cleanup
[2022-02-07T17:13:59.166+0000][1340.192s][info ][safepoint     ] Leaving safepoint region
[2022-02-07T17:13:59.166+0000][1340.192s][info ][safepoint     ] Total time for which application threads were stopped: 0.0004529 seconds, Stopping threads took: 0.0000697 seconds
[2022-02-07T17:14:00.166+0000][1341.192s][debug][safepoint     ] Safepoint synchronization initiated. (301 threads)
[2022-02-07T17:14:00.166+0000][1341.192s][info ][safepoint     ] Application time: 1.0001097 seconds
[2022-02-07T17:14:00.166+0000][1341.192s][info ][safepoint     ] Entering safepoint region: Cleanup
[2022-02-07T17:14:00.166+0000][1341.192s][info ][safepoint     ] Leaving safepoint region
[2022-02-07T17:14:00.166+0000][1341.192s][info ][safepoint     ] Total time for which application threads were stopped: 0.0004687 seconds, Stopping threads took: 0.0000724 seconds
[2022-02-07T17:14:01.166+0000][1342.192s][debug][safepoint     ] Safepoint synchronization initiated. (301 threads)
[2022-02-07T17:14:01.166+0000][1342.192s][info ][safepoint     ] Application time: 1.0001334 seconds
[2022-02-07T17:14:01.167+0000][1342.192s][info ][safepoint     ] Entering safepoint region: Cleanup
[2022-02-07T17:14:01.167+0000][1342.193s][info ][safepoint     ] Leaving safepoint region
[2022-02-07T17:14:01.167+0000][1342.193s][info ][safepoint     ] Total time for which application threads were stopped: 0.0004868 seconds, Stopping threads took: 0.0000741 seconds
[2022-02-07T17:14:02.167+0000][1343.193s][debug][safepoint     ] Safepoint synchronization initiated. (301 threads)
[2022-02-07T17:14:02.167+0000][1343.193s][info ][safepoint     ] Application time: 1.0001305 seconds
[2022-02-07T17:14:02.167+0000][1343.193s][info ][safepoint     ] Entering safepoint region: Cleanup
[2022-02-07T17:14:02.167+0000][1343.193s][info ][safepoint     ] Leaving safepoint region
[2022-02-07T17:14:02.167+0000][1343.193s][info ][safepoint     ] Total time for which application threads were stopped: 0.0003094 seconds, Stopping threads took: 0.0000769 seconds
[2022-02-07T17:14:03.167+0000][1344.193s][debug][safepoint     ] Safepoint synchronization initiated. (301 threads)
[2022-02-07T17:14:03.168+0000][1344.193s][info ][safepoint     ] Application time: 1.0001263 seconds
[2022-02-07T17:14:03.168+0000][1344.193s][info ][safepoint     ] Entering safepoint region: Cleanup
[2022-02-07T17:14:03.168+0000][1344.194s][info ][safepoint     ] Leaving safepoint region
[2022-02-07T17:14:03.168+0000][1344.194s][info ][safepoint     ] Total time for which application threads were stopped: 0.0004662 seconds, Stopping threads took: 0.0000775 seconds
[2022-02-07T17:14:04.168+0000][1345.194s][debug][safepoint     ] Safepoint synchronization initiated. (301 threads)
[2022-02-07T17:14:04.168+0000][1345.194s][info ][safepoint     ] Application time: 1.0001195 seconds
[2022-02-07T17:14:04.168+0000][1345.194s][info ][safepoint     ] Entering safepoint region: Cleanup
[2022-02-07T17:14:04.169+0000][1345.194s][info ][safepoint     ] Leaving safepoint region
[2022-02-07T17:14:04.169+0000][1345.194s][info ][safepoint     ] Total time for which application threads were stopped: 0.0004512 seconds, Stopping threads took: 0.0000715 seconds
[2022-02-07T17:14:05.169+0000][1346.195s][debug][safepoint     ] Safepoint synchronization initiated. (301 threads)
[2022-02-07T17:14:05.169+0000][1346.195s][info ][safepoint     ] Application time: 1.0001262 seconds
[2022-02-07T17:14:05.169+0000][1346.195s][info ][safepoint     ] Entering safepoint region: Cleanup
[2022-02-07T17:14:05.169+0000][1346.195s][info ][safepoint     ] Leaving safepoint region
[2022-02-07T17:14:05.169+0000][1346.195s][info ][safepoint     ] Total time for which application threads were stopped: 0.0004778 seconds, Stopping threads took: 0.0000743 seconds
[2022-02-07T17:14:06.169+0000][1347.195s][debug][safepoint     ] Safepoint synchronization initiated. (301 threads)
[2022-02-07T17:14:06.169+0000][1347.195s][info ][safepoint     ] Application time: 1.0001230 seconds
[2022-02-07T17:14:06.169+0000][1347.195s][info ][safepoint     ] Entering safepoint region: Cleanup
[2022-02-07T17:14:06.170+0000][1347.196s][info ][safepoint     ] Leaving safepoint region
[2022-02-07T17:14:06.170+0000][1347.196s][info ][safepoint     ] Total time for which application threads were stopped: 0.0004888 seconds, Stopping threads took: 0.0000800 seconds
[2022-02-07T17:14:07.170+0000][1348.196s][debug][safepoint     ] Safepoint synchronization initiated. (301 threads)
[2022-02-07T17:14:07.170+0000][1348.196s][info ][safepoint     ] Application time: 1.0001212 seconds
[2022-02-07T17:14:07.170+0000][1348.196s][info ][safepoint     ] Entering safepoint region: Cleanup
[2022-02-07T17:14:07.170+0000][1348.196s][info ][safepoint     ] Leaving safepoint region
[2022-02-07T17:14:07.170+0000][1348.196s][info ][safepoint     ] Total time for which application threads were stopped: 0.0004510 seconds, Stopping threads took: 0.0000789 seconds
[2022-02-07T17:14:08.171+0000][1349.197s][debug][safepoint     ] Safepoint synchronization initiated. (301 threads)
[2022-02-07T17:14:08.171+0000][1349.197s][info ][safepoint     ] Application time: 1.0003697 seconds
[2022-02-07T17:14:08.171+0000][1349.197s][info ][safepoint     ] Entering safepoint region: Cleanup
[2022-02-07T17:14:08.171+0000][1349.197s][info ][safepoint     ] Leaving safepoint region
[2022-02-07T17:14:08.171+0000][1349.197s][info ][safepoint     ] Total time for which application threads were stopped: 0.0003229 seconds, Stopping threads took: 0.0000766 seconds
[2022-02-07T17:14:08.693+0000][1349.719s][debug][safepoint     ] Safepoint synchronization initiated. (301 threads)
[2022-02-07T17:14:08.693+0000][1349.719s][info ][safepoint     ] Application time: 0.5217058 seconds
[2022-02-07T17:14:08.693+0000][1349.719s][info ][safepoint     ] Entering safepoint region: G1CollectForAllocation
[2022-02-07T17:14:08.693+0000][1349.719s][info ][gc,start      ] GC(128) Pause Young (Normal) (G1 Evacuation Pause)
[2022-02-07T17:14:08.693+0000][1349.719s][info ][gc,task       ] GC(128) Using 4 workers of 4 for evacuation
[2022-02-07T17:14:08.707+0000][1349.733s][info ][gc,phases     ] GC(128)   Pre Evacuate Collection Set: 0.0ms
[2022-02-07T17:14:08.707+0000][1349.733s][info ][gc,phases     ] GC(128)   Evacuate Collection Set: 4.7ms
[2022-02-07T17:14:08.707+0000][1349.733s][info ][gc,phases     ] GC(128)   Post Evacuate Collection Set: 8.9ms
[2022-02-07T17:14:08.707+0000][1349.733s][info ][gc,phases     ] GC(128)   Other: 0.3ms
[2022-02-07T17:14:08.707+0000][1349.733s][info ][gc,heap       ] GC(128) Eden regions: 237->0(237)
[2022-02-07T17:14:08.707+0000][1349.733s][info ][gc,heap       ] GC(128) Survivor regions: 1->1(30)
[2022-02-07T17:14:08.707+0000][1349.733s][info ][gc,heap       ] GC(128) Old regions: 147->147
[2022-02-07T17:14:08.707+0000][1349.733s][info ][gc,heap       ] GC(128) Humongous regions: 0->0
[2022-02-07T17:14:08.707+0000][1349.733s][info ][gc,metaspace  ] GC(128) Metaspace: 162927K->162927K(1204224K)
[2022-02-07T17:14:08.707+0000][1349.733s][info ][gc            ] GC(128) Pause Young (Normal) (G1 Evacuation Pause) 383M->146M(430M) 13.913ms
[2022-02-07T17:14:08.707+0000][1349.733s][info ][gc,cpu        ] GC(128) User=0.02s Sys=0.00s Real=0.01s
[2022-02-07T17:14:08.707+0000][1349.733s][info ][safepoint     ] Leaving safepoint region
[2022-02-07T17:14:08.707+0000][1349.733s][info ][safepoint     ] Total time for which application threads were stopped: 0.0143571 seconds, Stopping threads took: 0.0000729 seconds
[2022-02-07T17:14:08.708+0000][1349.734s][info ][gc,stringdedup] Concurrent String Deduplication (1349.734s)
[2022-02-07T17:14:08.708+0000][1349.734s][info ][gc,stringdedup] Concurrent String Deduplication 256.0B->0.0B(256.0B) avg 53.3% (1349.734s, 1349.734s) 0.033ms
[2022-02-07T17:14:09.707+0000][1350.733s][debug][safepoint     ] Safepoint synchronization initiated. (301 threads)
[2022-02-07T17:14:09.707+0000][1350.733s][info ][safepoint     ] Application time: 1.0001430 seconds
[2022-02-07T17:14:09.707+0000][1350.733s][info ][safepoint     ] Entering safepoint region: Cleanup
[2022-02-07T17:14:09.708+0000][1350.734s][info ][safepoint     ] Leaving safepoint region
[2022-02-07T17:14:09.708+0000][1350.734s][info ][safepoint     ] Total time for which application threads were stopped: 0.0003482 seconds, Stopping threads took: 0.0000824 seconds
[2022-02-07T17:14:10.708+0000][1351.734s][debug][safepoint     ] Safepoint synchronization initiated. (301 threads)
[2022-02-07T17:14:10.708+0000][1351.734s][info ][safepoint     ] Application time: 1.0001165 seconds
[2022-02-07T17:14:10.708+0000][1351.734s][debug][safepoint     ] ... found polling page return exception at pc = 0x00007f11b45aa6f4, stub =0x00007f11ac8beb80
[2022-02-07T17:14:10.708+0000][1351.734s][debug][safepoint     ] Waiting for 1 thread(s) to block
[2022-02-07T17:14:10.708+0000][1351.734s][info ][safepoint     ] Entering safepoint region: Cleanup
[2022-02-07T17:14:10.708+0000][1351.734s][info ][safepoint     ] Leaving safepoint region
[2022-02-07T17:14:10.708+0000][1351.734s][info ][safepoint     ] Total time for which application threads were stopped: 0.0003357 seconds, Stopping threads took: 0.0000994 seconds
[2022-02-07T17:14:11.708+0000][1352.734s][debug][safepoint     ] Safepoint synchronization initiated. (301 threads)
[2022-02-07T17:14:11.708+0000][1352.734s][info ][safepoint     ] Application time: 1.0001157 seconds
[2022-02-07T17:14:11.708+0000][1352.734s][info ][safepoint     ] Entering safepoint region: Cleanup
[2022-02-07T17:14:11.709+0000][1352.735s][info ][safepoint     ] Leaving safepoint region
[2022-02-07T17:14:11.709+0000][1352.735s][info ][safepoint     ] Total time for which application threads were stopped: 0.0004802 seconds, Stopping threads took: 0.0000720 seconds
[2022-02-07T17:14:12.709+0000][1353.735s][debug][safepoint     ] Safepoint synchronization initiated. (301 threads)
[2022-02-07T17:14:12.709+0000][1353.735s][info ][safepoint     ] Application time: 1.0001196 seconds
[2022-02-07T17:14:12.709+0000][1353.735s][info ][safepoint     ] Entering safepoint region: Cleanup
[2022-02-07T17:14:12.709+0000][1353.735s][info ][safepoint     ] Leaving safepoint region
[2022-02-07T17:14:12.709+0000][1353.735s][info ][safepoint     ] Total time for which application threads were stopped: 0.0003038 seconds, Stopping threads took: 0.0000739 seconds
[2022-02-07T17:14:13.709+0000][1354.735s][debug][safepoint     ] Safepoint synchronization initiated. (301 threads)
[2022-02-07T17:14:13.709+0000][1354.735s][info ][safepoint     ] Application time: 1.0001402 seconds
[2022-02-07T17:14:13.710+0000][1354.735s][info ][safepoint     ] Entering safepoint region: Cleanup
[2022-02-07T17:14:13.710+0000][1354.736s][info ][safepoint     ] Leaving safepoint region
[2022-02-07T17:14:13.710+0000][1354.736s][info ][safepoint     ] Total time for which application threads were stopped: 0.0005341 seconds, Stopping threads took: 0.0000957 seconds
[2022-02-07T17:14:14.710+0000][1355.736s][debug][safepoint     ] Safepoint synchronization initiated. (301 threads)
[2022-02-07T17:14:14.710+0000][1355.736s][info ][safepoint     ] Application time: 1.0001148 seconds
[2022-02-07T17:14:14.710+0000][1355.736s][info ][safepoint     ] Entering safepoint region: Cleanup
[2022-02-07T17:14:14.710+0000][1355.736s][info ][safepoint     ] Leaving safepoint region
[2022-02-07T17:14:14.710+0000][1355.736s][info ][safepoint     ] Total time for which application threads were stopped: 0.0002916 seconds, Stopping threads took: 0.0000686 seconds
[2022-02-07T17:14:15.710+0000][1356.736s][debug][safepoint     ] Safepoint synchronization initiated. (301 threads)
[2022-02-07T17:14:15.711+0000][1356.736s][info ][safepoint     ] Application time: 1.0001154 seconds
[2022-02-07T17:14:15.711+0000][1356.736s][info ][safepoint     ] Entering safepoint region: Cleanup
[2022-02-07T17:14:15.711+0000][1356.737s][info ][safepoint     ] Leaving safepoint region
[2022-02-07T17:14:15.711+0000][1356.737s][info ][safepoint     ] Total time for which application threads were stopped: 0.0004421 seconds, Stopping threads took: 0.0000702 seconds
[2022-02-07T17:14:16.711+0000][1357.737s][debug][safepoint     ] Safepoint synchronization initiated. (301 threads)
[2022-02-07T17:14:16.711+0000][1357.737s][info ][safepoint     ] Application time: 1.0001142 seconds
[2022-02-07T17:14:16.711+0000][1357.737s][info ][safepoint     ] Entering safepoint region: Cleanup
[2022-02-07T17:14:16.711+0000][1357.737s][info ][safepoint     ] Leaving safepoint region
[2022-02-07T17:14:16.711+0000][1357.737s][info ][safepoint     ] Total time for which application threads were stopped: 0.0003507 seconds, Stopping threads took: 0.0000702 seconds
[2022-02-07T17:14:17.712+0000][1358.738s][debug][safepoint     ] Safepoint synchronization initiated. (301 threads)
[2022-02-07T17:14:17.712+0000][1358.738s][info ][safepoint     ] Application time: 1.0002097 seconds
[2022-02-07T17:14:17.712+0000][1358.738s][debug][safepoint     ] ... found polling page return exception at pc = 0x00007f11b4af0b58, stub =0x00007f11ac8beb80
[2022-02-07T17:14:17.712+0000][1358.738s][debug][safepoint     ] Waiting for 1 thread(s) to block
[2022-02-07T17:14:17.712+0000][1358.738s][info ][safepoint     ] Entering safepoint region: Cleanup
[2022-02-07T17:14:17.712+0000][1358.738s][info ][safepoint     ] Leaving safepoint region
[2022-02-07T17:14:17.712+0000][1358.738s][info ][safepoint     ] Total time for which application threads were stopped: 0.0003776 seconds, Stopping threads took: 0.0001176 seconds
[2022-02-07T17:14:18.712+0000][1359.738s][debug][safepoint     ] Safepoint synchronization initiated. (301 threads)
[2022-02-07T17:14:18.712+0000][1359.738s][info ][safepoint     ] Application time: 1.0001206 seconds
[2022-02-07T17:14:18.712+0000][1359.738s][debug][safepoint     ] ... found polling page loop exception at pc = 0x00007f11b537be09, stub =0x00007f11ac8be900
[2022-02-07T17:14:18.712+0000][1359.738s][debug][safepoint     ] Waiting for 1 thread(s) to block
[2022-02-07T17:14:18.712+0000][1359.738s][info ][safepoint     ] Entering safepoint region: Cleanup
[2022-02-07T17:14:18.713+0000][1359.738s][info ][safepoint     ] Leaving safepoint region
[2022-02-07T17:14:18.713+0000][1359.738s][info ][safepoint     ] Total time for which application threads were stopped: 0.0003570 seconds, Stopping threads took: 0.0001150 seconds
[2022-02-07T17:14:19.713+0000][1360.739s][debug][safepoint     ] Safepoint synchronization initiated. (301 threads)
[2022-02-07T17:14:19.713+0000][1360.739s][info ][safepoint     ] Application time: 1.0001120 seconds
[2022-02-07T17:14:19.713+0000][1360.739s][info ][safepoint     ] Entering safepoint region: Cleanup
[2022-02-07T17:14:19.713+0000][1360.739s][info ][safepoint     ] Leaving safepoint region
[2022-02-07T17:14:19.713+0000][1360.739s][info ][safepoint     ] Total time for which application threads were stopped: 0.0004332 seconds, Stopping threads took: 0.0000664 seconds
[2022-02-07T17:14:20.713+0000][1361.739s][debug][safepoint     ] Safepoint synchronization initiated. (301 threads)
[2022-02-07T17:14:20.713+0000][1361.739s][info ][safepoint     ] Application time: 1.0000710 seconds
[2022-02-07T17:14:20.716+0000][1361.742s][debug][safepoint     ] Waiting for 1 thread(s) to block
[2022-02-07T17:14:20.716+0000][1361.742s][info ][safepoint     ] Entering safepoint region: Cleanup
[2022-02-07T17:14:20.717+0000][1361.743s][info ][safepoint     ] Leaving safepoint region
[2022-02-07T17:14:20.717+0000][1361.743s][info ][safepoint     ] Total time for which application threads were stopped: 0.0035347 seconds, Stopping threads took: 0.0031264 seconds
[2022-02-07T17:14:21.717+0000][1362.743s][debug][safepoint     ] Safepoint synchronization initiated. (301 threads)
[2022-02-07T17:14:21.717+0000][1362.743s][info ][safepoint     ] Application time: 1.0001446 seconds
[2022-02-07T17:14:21.717+0000][1362.743s][info ][safepoint     ] Entering safepoint region: Cleanup
[2022-02-07T17:14:21.717+0000][1362.743s][info ][safepoint     ] Leaving safepoint region
[2022-02-07T17:14:21.717+0000][1362.743s][info ][safepoint     ] Total time for which application threads were stopped: 0.0002948 seconds, Stopping threads took: 0.0000678 seconds
[2022-02-07T17:14:21.717+0000][1362.743s][debug][safepoint     ] ... found polling page return exception at pc = 0x00007f11b4fc1a06, stub =0x00007f11ac8beb80
[2022-02-07T17:14:22.717+0000][1363.743s][debug][safepoint     ] Safepoint synchronization initiated. (301 threads)
[2022-02-07T17:14:22.717+0000][1363.743s][info ][safepoint     ] Application time: 1.0001035 seconds
[2022-02-07T17:14:22.717+0000][1363.743s][info ][safepoint     ] Entering safepoint region: Cleanup
[2022-02-07T17:14:22.718+0000][1363.744s][info ][safepoint     ] Leaving safepoint region
[2022-02-07T17:14:22.718+0000][1363.744s][info ][safepoint     ] Total time for which application threads were stopped: 0.0003786 seconds, Stopping threads took: 0.0000684 seconds
[2022-02-07T17:14:23.718+0000][1364.744s][debug][safepoint     ] Safepoint synchronization initiated. (301 threads)
[2022-02-07T17:14:23.718+0000][1364.744s][info ][safepoint     ] Application time: 1.0001180 seconds
[2022-02-07T17:14:23.718+0000][1364.744s][info ][safepoint     ] Entering safepoint region: Cleanup
[2022-02-07T17:14:23.718+0000][1364.744s][info ][safepoint     ] Leaving safepoint region
[2022-02-07T17:14:23.718+0000][1364.744s][info ][safepoint     ] Total time for which application threads were stopped: 0.0003150 seconds, Stopping threads took: 0.0000723 seconds
[2022-02-07T17:14:24.718+0000][1365.744s][debug][safepoint     ] Safepoint synchronization initiated. (301 threads)
[2022-02-07T17:14:24.718+0000][1365.744s][info ][safepoint     ] Application time: 1.0001197 seconds
[2022-02-07T17:14:24.718+0000][1365.744s][info ][safepoint     ] Entering safepoint region: Cleanup
[2022-02-07T17:14:24.719+0000][1365.744s][info ][safepoint     ] Leaving safepoint region
[2022-02-07T17:14:24.719+0000][1365.744s][info ][safepoint     ] Total time for which application threads were stopped: 0.0003178 seconds, Stopping threads took: 0.0000761 seconds
[2022-02-07T17:14:25.531+0000][1366.557s][debug][safepoint     ] Safepoint synchronization initiated. (301 threads)
[2022-02-07T17:14:25.531+0000][1366.557s][info ][safepoint     ] Application time: 0.8123794 seconds
[2022-02-07T17:14:25.531+0000][1366.557s][info ][safepoint     ] Entering safepoint region: G1CollectForAllocation
[2022-02-07T17:14:25.531+0000][1366.557s][info ][gc,start      ] GC(129) Pause Young (Normal) (G1 Evacuation Pause)
[2022-02-07T17:14:25.531+0000][1366.557s][info ][gc,task       ] GC(129) Using 4 workers of 4 for evacuation
[2022-02-07T17:14:25.539+0000][1366.565s][info ][gc,phases     ] GC(129)   Pre Evacuate Collection Set: 0.0ms
[2022-02-07T17:14:25.539+0000][1366.565s][info ][gc,phases     ] GC(129)   Evacuate Collection Set: 3.5ms
[2022-02-07T17:14:25.539+0000][1366.565s][info ][gc,phases     ] GC(129)   Post Evacuate Collection Set: 4.1ms
[2022-02-07T17:14:25.539+0000][1366.565s][info ][gc,phases     ] GC(129)   Other: 0.2ms
[2022-02-07T17:14:25.539+0000][1366.565s][info ][gc,heap       ] GC(129) Eden regions: 237->0(237)
[2022-02-07T17:14:25.539+0000][1366.565s][info ][gc,heap       ] GC(129) Survivor regions: 1->1(30)
[2022-02-07T17:14:25.539+0000][1366.565s][info ][gc,heap       ] GC(129) Old regions: 147->147
[2022-02-07T17:14:25.539+0000][1366.565s][info ][gc,heap       ] GC(129) Humongous regions: 0->0
[2022-02-07T17:14:25.539+0000][1366.565s][info ][gc,metaspace  ] GC(129) Metaspace: 162938K->162938K(1204224K)
[2022-02-07T17:14:25.539+0000][1366.565s][info ][gc            ] GC(129) Pause Young (Normal) (G1 Evacuation Pause) 383M->146M(430M) 7.959ms
[2022-02-07T17:14:25.539+0000][1366.565s][info ][gc,cpu        ] GC(129) User=0.01s Sys=0.00s Real=0.01s
[2022-02-07T17:14:25.539+0000][1366.565s][info ][safepoint     ] Leaving safepoint region
[2022-02-07T17:14:25.539+0000][1366.565s][info ][safepoint     ] Total time for which application threads were stopped: 0.0083859 seconds, Stopping threads took: 0.0000702 seconds
[2022-02-07T17:14:25.539+0000][1366.565s][info ][gc,stringdedup] Concurrent String Deduplication (1366.565s)
[2022-02-07T17:14:25.539+0000][1366.565s][info ][gc,stringdedup] Concurrent String Deduplication 744.0B->0.0B(744.0B) avg 53.3% (1366.565s, 1366.565s) 0.034ms
[2022-02-07T17:14:26.540+0000][1367.565s][debug][safepoint     ] Safepoint synchronization initiated. (301 threads)
[2022-02-07T17:14:26.540+0000][1367.565s][info ][safepoint     ] Application time: 1.0001406 seconds
[2022-02-07T17:14:26.540+0000][1367.565s][info ][safepoint     ] Entering safepoint region: Cleanup
[2022-02-07T17:14:26.540+0000][1367.566s][info ][safepoint     ] Leaving safepoint region
[2022-02-07T17:14:26.540+0000][1367.566s][info ][safepoint     ] Total time for which application threads were stopped: 0.0003174 seconds, Stopping threads took: 0.0000767 seconds
[2022-02-07T17:14:27.540+0000][1368.566s][debug][safepoint     ] Safepoint synchronization initiated. (301 threads)
[2022-02-07T17:14:27.540+0000][1368.566s][info ][safepoint     ] Application time: 1.0001221 seconds
[2022-02-07T17:14:27.540+0000][1368.566s][info ][safepoint     ] Entering safepoint region: Cleanup
[2022-02-07T17:14:27.540+0000][1368.566s][info ][safepoint     ] Leaving safepoint region
[2022-02-07T17:14:27.540+0000][1368.566s][info ][safepoint     ] Total time for which application threads were stopped: 0.0004359 seconds, Stopping threads took: 0.0000705 seconds
[2022-02-07T17:14:28.543+0000][1369.569s][debug][safepoint     ] Safepoint synchronization initiated. (301 threads)
[2022-02-07T17:14:28.543+0000][1369.569s][info ][safepoint     ] Application time: 1.0028540 seconds
[2022-02-07T17:14:28.548+0000][1369.574s][debug][safepoint     ] ... found polling page return exception at pc = 0x00007f11b4a800c4, stub =0x00007f11ac8beb80
[2022-02-07T17:14:28.548+0000][1369.574s][debug][safepoint     ] Waiting for 1 thread(s) to block
[2022-02-07T17:14:28.548+0000][1369.574s][info ][safepoint     ] Entering safepoint region: Cleanup
[2022-02-07T17:14:28.548+0000][1369.574s][info ][safepoint     ] Leaving safepoint region
[2022-02-07T17:14:28.548+0000][1369.574s][info ][safepoint     ] Total time for which application threads were stopped: 0.0050562 seconds, Stopping threads took: 0.0046776 seconds
[2022-02-07T17:14:29.548+0000][1370.574s][debug][safepoint     ] Safepoint synchronization initiated. (301 threads)
[2022-02-07T17:14:29.549+0000][1370.574s][info ][safepoint     ] Application time: 1.0001181 seconds
[2022-02-07T17:14:29.549+0000][1370.574s][info ][safepoint     ] Entering safepoint region: Cleanup
[2022-02-07T17:14:29.549+0000][1370.575s][info ][safepoint     ] Leaving safepoint region
[2022-02-07T17:14:29.549+0000][1370.575s][info ][safepoint     ] Total time for which application threads were stopped: 0.0004541 seconds, Stopping threads took: 0.0000711 seconds
[2022-02-07T17:14:30.549+0000][1371.575s][debug][safepoint     ] Safepoint synchronization initiated. (301 threads)
[2022-02-07T17:14:30.549+0000][1371.575s][info ][safepoint     ] Application time: 1.0001142 seconds
[2022-02-07T17:14:30.549+0000][1371.575s][info ][safepoint     ] Entering safepoint region: Cleanup
[2022-02-07T17:14:30.550+0000][1371.575s][info ][safepoint     ] Leaving safepoint region
[2022-02-07T17:14:30.550+0000][1371.575s][info ][safepoint     ] Total time for which application threads were stopped: 0.0004251 seconds, Stopping threads took: 0.0000680 seconds
[2022-02-07T17:14:31.550+0000][1372.575s][debug][safepoint     ] Safepoint synchronization initiated. (301 threads)
[2022-02-07T17:14:31.550+0000][1372.576s][info ][safepoint     ] Application time: 1.0001193 seconds
[2022-02-07T17:14:31.550+0000][1372.576s][info ][safepoint     ] Entering safepoint region: Cleanup
[2022-02-07T17:14:31.550+0000][1372.576s][info ][safepoint     ] Leaving safepoint region
[2022-02-07T17:14:31.550+0000][1372.576s][info ][safepoint     ] Total time for which application threads were stopped: 0.0004321 seconds, Stopping threads took: 0.0000693 seconds
[2022-02-07T17:14:32.550+0000][1373.576s][debug][safepoint     ] Safepoint synchronization initiated. (301 threads)
[2022-02-07T17:14:32.550+0000][1373.576s][info ][safepoint     ] Application time: 1.0000804 seconds
[2022-02-07T17:14:32.550+0000][1373.576s][info ][safepoint     ] Entering safepoint region: Cleanup
[2022-02-07T17:14:32.551+0000][1373.576s][info ][safepoint     ] Leaving safepoint region
[2022-02-07T17:14:32.551+0000][1373.576s][info ][safepoint     ] Total time for which application threads were stopped: 0.0004335 seconds, Stopping threads took: 0.0000691 seconds
[2022-02-07T17:14:33.551+0000][1374.577s][debug][safepoint     ] Safepoint synchronization initiated. (301 threads)
[2022-02-07T17:14:33.551+0000][1374.577s][info ][safepoint     ] Application time: 1.0001360 seconds
[2022-02-07T17:14:33.551+0000][1374.577s][info ][safepoint     ] Entering safepoint region: Cleanup
[2022-02-07T17:14:33.551+0000][1374.577s][info ][safepoint     ] Leaving safepoint region
[2022-02-07T17:14:33.551+0000][1374.577s][info ][safepoint     ] Total time for which application threads were stopped: 0.0004953 seconds, Stopping threads took: 0.0000766 seconds
[2022-02-07T17:14:34.551+0000][1375.577s][debug][safepoint     ] Safepoint synchronization initiated. (301 threads)
[2022-02-07T17:14:34.551+0000][1375.577s][info ][safepoint     ] Application time: 1.0002052 seconds
[2022-02-07T17:14:34.560+0000][1375.586s][debug][safepoint     ] ... found polling page return exception at pc = 0x00007f11b4926498, stub =0x00007f11ac8beb80
[2022-02-07T17:14:34.560+0000][1375.586s][debug][safepoint     ] Waiting for 1 thread(s) to block
[2022-02-07T17:14:34.560+0000][1375.586s][info ][safepoint     ] Entering safepoint region: Cleanup
[2022-02-07T17:14:34.560+0000][1375.586s][info ][safepoint     ] Leaving safepoint region
[2022-02-07T17:14:34.560+0000][1375.586s][info ][safepoint     ] Total time for which application threads were stopped: 0.0089325 seconds, Stopping threads took: 0.0085550 seconds
[2022-02-07T17:14:35.561+0000][1376.586s][debug][safepoint     ] Safepoint synchronization initiated. (301 threads)
[2022-02-07T17:14:35.561+0000][1376.586s][info ][safepoint     ] Application time: 1.0001841 seconds
[2022-02-07T17:14:35.561+0000][1376.587s][info ][safepoint     ] Entering safepoint region: Cleanup
[2022-02-07T17:14:35.561+0000][1376.587s][info ][safepoint     ] Leaving safepoint region
[2022-02-07T17:14:35.561+0000][1376.587s][info ][safepoint     ] Total time for which application threads were stopped: 0.0004350 seconds, Stopping threads took: 0.0000794 seconds
[2022-02-07T17:14:36.561+0000][1377.587s][debug][safepoint     ] Safepoint synchronization initiated. (301 threads)
[2022-02-07T17:14:36.561+0000][1377.587s][info ][safepoint     ] Application time: 1.0001267 seconds
[2022-02-07T17:14:36.561+0000][1377.587s][info ][safepoint     ] Entering safepoint region: Cleanup
[2022-02-07T17:14:36.562+0000][1377.587s][info ][safepoint     ] Leaving safepoint region
[2022-02-07T17:14:36.562+0000][1377.587s][info ][safepoint     ] Total time for which application threads were stopped: 0.0002991 seconds, Stopping threads took: 0.0000705 seconds
[2022-02-07T17:14:37.562+0000][1378.587s][debug][safepoint     ] Safepoint synchronization initiated. (301 threads)
[2022-02-07T17:14:37.562+0000][1378.588s][info ][safepoint     ] Application time: 1.0001176 seconds
[2022-02-07T17:14:37.562+0000][1378.588s][info ][safepoint     ] Entering safepoint region: Cleanup
[2022-02-07T17:14:37.562+0000][1378.588s][info ][safepoint     ] Leaving safepoint region
[2022-02-07T17:14:37.562+0000][1378.588s][info ][safepoint     ] Total time for which application threads were stopped: 0.0002674 seconds, Stopping threads took: 0.0000820 seconds
[2022-02-07T17:14:38.562+0000][1379.588s][debug][safepoint     ] Safepoint synchronization initiated. (301 threads)
[2022-02-07T17:14:38.562+0000][1379.588s][info ][safepoint     ] Application time: 1.0001681 seconds
[2022-02-07T17:14:38.562+0000][1379.588s][info ][safepoint     ] Entering safepoint region: Cleanup
[2022-02-07T17:14:38.562+0000][1379.588s][info ][safepoint     ] Leaving safepoint region
[2022-02-07T17:14:38.562+0000][1379.588s][info ][safepoint     ] Total time for which application threads were stopped: 0.0003303 seconds, Stopping threads took: 0.0000874 seconds
[2022-02-07T17:14:39.563+0000][1380.588s][debug][safepoint     ] Safepoint synchronization initiated. (301 threads)
[2022-02-07T17:14:39.563+0000][1380.588s][info ][safepoint     ] Application time: 1.0001339 seconds
[2022-02-07T17:14:39.563+0000][1380.589s][info ][safepoint     ] Entering safepoint region: Cleanup
[2022-02-07T17:14:39.563+0000][1380.589s][info ][safepoint     ] Leaving safepoint region
[2022-02-07T17:14:39.563+0000][1380.589s][info ][safepoint     ] Total time for which application threads were stopped: 0.0002564 seconds, Stopping threads took: 0.0000617 seconds
[2022-02-07T17:14:40.119+0000][1381.145s][debug][safepoint     ] Safepoint synchronization initiated. (301 threads)
[2022-02-07T17:14:40.119+0000][1381.145s][info ][safepoint     ] Application time: 0.5561804 seconds
[2022-02-07T17:14:40.119+0000][1381.145s][info ][safepoint     ] Entering safepoint region: G1CollectForAllocation
[2022-02-07T17:14:40.119+0000][1381.145s][info ][gc,start      ] GC(130) Pause Young (Normal) (G1 Evacuation Pause)
[2022-02-07T17:14:40.119+0000][1381.145s][info ][gc,task       ] GC(130) Using 4 workers of 4 for evacuation
[2022-02-07T17:14:40.125+0000][1381.151s][info ][gc,phases     ] GC(130)   Pre Evacuate Collection Set: 0.0ms
[2022-02-07T17:14:40.125+0000][1381.151s][info ][gc,phases     ] GC(130)   Evacuate Collection Set: 2.4ms
[2022-02-07T17:14:40.125+0000][1381.151s][info ][gc,phases     ] GC(130)   Post Evacuate Collection Set: 3.0ms
[2022-02-07T17:14:40.125+0000][1381.151s][info ][gc,phases     ] GC(130)   Other: 0.3ms
[2022-02-07T17:14:40.125+0000][1381.151s][info ][gc,heap       ] GC(130) Eden regions: 237->0(237)
[2022-02-07T17:14:40.125+0000][1381.151s][info ][gc,heap       ] GC(130) Survivor regions: 1->1(30)
[2022-02-07T17:14:40.125+0000][1381.151s][info ][gc,heap       ] GC(130) Old regions: 147->148
[2022-02-07T17:14:40.125+0000][1381.151s][info ][gc,heap       ] GC(130) Humongous regions: 0->0
[2022-02-07T17:14:40.125+0000][1381.151s][info ][gc,metaspace  ] GC(130) Metaspace: 162951K->162951K(1204224K)
[2022-02-07T17:14:40.125+0000][1381.151s][info ][gc            ] GC(130) Pause Young (Normal) (G1 Evacuation Pause) 383M->146M(430M) 5.853ms
[2022-02-07T17:14:40.125+0000][1381.151s][info ][gc,cpu        ] GC(130) User=0.01s Sys=0.00s Real=0.00s
[2022-02-07T17:14:40.125+0000][1381.151s][info ][safepoint     ] Leaving safepoint region
[2022-02-07T17:14:40.125+0000][1381.151s][info ][safepoint     ] Total time for which application threads were stopped: 0.0062411 seconds, Stopping threads took: 0.0000761 seconds
[2022-02-07T17:14:40.125+0000][1381.151s][info ][gc,stringdedup] Concurrent String Deduplication (1381.151s)
[2022-02-07T17:14:40.125+0000][1381.151s][info ][gc,stringdedup] Concurrent String Deduplication 256.0B->0.0B(256.0B) avg 53.3% (1381.151s, 1381.151s) 0.055ms
[2022-02-07T17:14:41.125+0000][1382.151s][debug][safepoint     ] Safepoint synchronization initiated. (301 threads)
[2022-02-07T17:14:41.125+0000][1382.151s][info ][safepoint     ] Application time: 1.0001513 seconds
[2022-02-07T17:14:41.126+0000][1382.151s][info ][safepoint     ] Entering safepoint region: Cleanup
[2022-02-07T17:14:41.126+0000][1382.152s][info ][safepoint     ] Leaving safepoint region
[2022-02-07T17:14:41.126+0000][1382.152s][info ][safepoint     ] Total time for which application threads were stopped: 0.0003583 seconds, Stopping threads took: 0.0000812 seconds
[2022-02-07T17:14:42.126+0000][1383.152s][debug][safepoint     ] Safepoint synchronization initiated. (301 threads)
[2022-02-07T17:14:42.126+0000][1383.152s][info ][safepoint     ] Application time: 1.0001325 seconds
[2022-02-07T17:14:42.126+0000][1383.152s][info ][safepoint     ] Entering safepoint region: Cleanup
[2022-02-07T17:14:42.126+0000][1383.152s][info ][safepoint     ] Leaving safepoint region
[2022-02-07T17:14:42.126+0000][1383.152s][info ][safepoint     ] Total time for which application threads were stopped: 0.0002757 seconds, Stopping threads took: 0.0000744 seconds
[2022-02-07T17:14:43.126+0000][1384.152s][debug][safepoint     ] Safepoint synchronization initiated. (301 threads)
[2022-02-07T17:14:43.126+0000][1384.152s][info ][safepoint     ] Application time: 1.0001375 seconds
[2022-02-07T17:14:43.126+0000][1384.152s][info ][safepoint     ] Entering safepoint region: Cleanup
[2022-02-07T17:14:43.127+0000][1384.153s][info ][safepoint     ] Leaving safepoint region
[2022-02-07T17:14:43.127+0000][1384.153s][info ][safepoint     ] Total time for which application threads were stopped: 0.0003054 seconds, Stopping threads took: 0.0000691 seconds
[2022-02-07T17:14:44.127+0000][1385.153s][debug][safepoint     ] Safepoint synchronization initiated. (301 threads)
[2022-02-07T17:14:44.127+0000][1385.153s][info ][safepoint     ] Application time: 1.0001209 seconds
[2022-02-07T17:14:44.127+0000][1385.153s][info ][safepoint     ] Entering safepoint region: Cleanup
[2022-02-07T17:14:44.127+0000][1385.153s][info ][safepoint     ] Leaving safepoint region
[2022-02-07T17:14:44.127+0000][1385.153s][info ][safepoint     ] Total time for which application threads were stopped: 0.0004382 seconds, Stopping threads took: 0.0000717 seconds
[2022-02-07T17:14:45.127+0000][1386.153s][debug][safepoint     ] Safepoint synchronization initiated. (301 threads)
[2022-02-07T17:14:45.127+0000][1386.153s][info ][safepoint     ] Application time: 1.0001133 seconds
[2022-02-07T17:14:45.127+0000][1386.153s][info ][safepoint     ] Entering safepoint region: Cleanup
[2022-02-07T17:14:45.128+0000][1386.154s][info ][safepoint     ] Leaving safepoint region
[2022-02-07T17:14:45.128+0000][1386.154s][info ][safepoint     ] Total time for which application threads were stopped: 0.0003083 seconds, Stopping threads took: 0.0000682 seconds
[2022-02-07T17:14:46.128+0000][1387.154s][debug][safepoint     ] Safepoint synchronization initiated. (301 threads)
[2022-02-07T17:14:46.128+0000][1387.154s][info ][safepoint     ] Application time: 1.0001120 seconds
[2022-02-07T17:14:46.128+0000][1387.154s][info ][safepoint     ] Entering safepoint region: Cleanup
[2022-02-07T17:14:46.128+0000][1387.154s][info ][safepoint     ] Leaving safepoint region
[2022-02-07T17:14:46.128+0000][1387.154s][info ][safepoint     ] Total time for which application threads were stopped: 0.0002964 seconds, Stopping threads took: 0.0000691 seconds
[2022-02-07T17:14:47.128+0000][1388.154s][debug][safepoint     ] Safepoint synchronization initiated. (301 threads)
[2022-02-07T17:14:47.128+0000][1388.154s][info ][safepoint     ] Application time: 1.0001266 seconds
[2022-02-07T17:14:47.128+0000][1388.154s][info ][safepoint     ] Entering safepoint region: Cleanup
[2022-02-07T17:14:47.129+0000][1388.154s][info ][safepoint     ] Leaving safepoint region
[2022-02-07T17:14:47.129+0000][1388.155s][info ][safepoint     ] Total time for which application threads were stopped: 0.0003085 seconds, Stopping threads took: 0.0000690 seconds
[2022-02-07T17:14:48.129+0000][1389.155s][debug][safepoint     ] Safepoint synchronization initiated. (301 threads)
[2022-02-07T17:14:48.129+0000][1389.155s][info ][safepoint     ] Application time: 1.0001352 seconds
[2022-02-07T17:14:48.129+0000][1389.155s][info ][safepoint     ] Entering safepoint region: Cleanup
[2022-02-07T17:14:48.129+0000][1389.155s][info ][safepoint     ] Leaving safepoint region
[2022-02-07T17:14:48.129+0000][1389.155s][info ][safepoint     ] Total time for which application threads were stopped: 0.0002962 seconds, Stopping threads took: 0.0000697 seconds
[2022-02-07T17:14:49.129+0000][1390.155s][debug][safepoint     ] Safepoint synchronization initiated. (301 threads)
[2022-02-07T17:14:49.129+0000][1390.155s][info ][safepoint     ] Application time: 1.0001140 seconds
[2022-02-07T17:14:49.129+0000][1390.155s][info ][safepoint     ] Entering safepoint region: Cleanup
[2022-02-07T17:14:49.130+0000][1390.155s][info ][safepoint     ] Leaving safepoint region
[2022-02-07T17:14:49.130+0000][1390.155s][info ][safepoint     ] Total time for which application threads were stopped: 0.0003123 seconds, Stopping threads took: 0.0000710 seconds
[2022-02-07T17:14:50.130+0000][1391.155s][debug][safepoint     ] Safepoint synchronization initiated. (301 threads)
[2022-02-07T17:14:50.130+0000][1391.156s][info ][safepoint     ] Application time: 1.0001285 seconds
[2022-02-07T17:14:50.130+0000][1391.156s][info ][safepoint     ] Entering safepoint region: Cleanup
[2022-02-07T17:14:50.130+0000][1391.156s][info ][safepoint     ] Leaving safepoint region
[2022-02-07T17:14:50.130+0000][1391.156s][info ][safepoint     ] Total time for which application threads were stopped: 0.0004516 seconds, Stopping threads took: 0.0000703 seconds
[2022-02-07T17:14:51.130+0000][1392.156s][debug][safepoint     ] Safepoint synchronization initiated. (301 threads)
[2022-02-07T17:14:51.130+0000][1392.156s][info ][safepoint     ] Application time: 1.0001192 seconds
[2022-02-07T17:14:51.130+0000][1392.156s][info ][safepoint     ] Entering safepoint region: Cleanup
[2022-02-07T17:14:51.131+0000][1392.156s][info ][safepoint     ] Leaving safepoint region
[2022-02-07T17:14:51.131+0000][1392.156s][info ][safepoint     ] Total time for which application threads were stopped: 0.0002930 seconds, Stopping threads took: 0.0000696 seconds
[2022-02-07T17:14:52.131+0000][1393.157s][debug][safepoint     ] Safepoint synchronization initiated. (301 threads)
[2022-02-07T17:14:52.131+0000][1393.157s][info ][safepoint     ] Application time: 1.0001356 seconds
[2022-02-07T17:14:52.131+0000][1393.157s][info ][safepoint     ] Entering safepoint region: Cleanup
[2022-02-07T17:14:52.131+0000][1393.157s][info ][safepoint     ] Leaving safepoint region
[2022-02-07T17:14:52.131+0000][1393.157s][info ][safepoint     ] Total time for which application threads were stopped: 0.0002721 seconds, Stopping threads took: 0.0000873 seconds
[2022-02-07T17:14:53.131+0000][1394.157s][debug][safepoint     ] Safepoint synchronization initiated. (301 threads)
[2022-02-07T17:14:53.131+0000][1394.157s][info ][safepoint     ] Application time: 1.0001115 seconds
[2022-02-07T17:14:53.131+0000][1394.157s][debug][safepoint     ] ... found polling page return exception at pc = 0x00007f11b462489f, stub =0x00007f11ac8beb80
[2022-02-07T17:14:53.131+0000][1394.157s][debug][safepoint     ] Waiting for 1 thread(s) to block
[2022-02-07T17:14:53.131+0000][1394.157s][info ][safepoint     ] Entering safepoint region: Cleanup
[2022-02-07T17:14:53.132+0000][1394.157s][info ][safepoint     ] Leaving safepoint region
[2022-02-07T17:14:53.132+0000][1394.157s][info ][safepoint     ] Total time for which application threads were stopped: 0.0005031 seconds, Stopping threads took: 0.0001281 seconds
[2022-02-07T17:14:54.132+0000][1395.158s][debug][safepoint     ] Safepoint synchronization initiated. (301 threads)
[2022-02-07T17:14:54.132+0000][1395.158s][info ][safepoint     ] Application time: 1.0001284 seconds
[2022-02-07T17:14:54.132+0000][1395.158s][info ][safepoint     ] Entering safepoint region: Cleanup
[2022-02-07T17:14:54.132+0000][1395.158s][info ][safepoint     ] Leaving safepoint region
[2022-02-07T17:14:54.132+0000][1395.158s][info ][safepoint     ] Total time for which application threads were stopped: 0.0004617 seconds, Stopping threads took: 0.0000752 seconds
[2022-02-07T17:14:55.132+0000][1396.158s][debug][safepoint     ] Safepoint synchronization initiated. (301 threads)
[2022-02-07T17:14:55.132+0000][1396.158s][info ][safepoint     ] Application time: 1.0001442 seconds
[2022-02-07T17:14:55.132+0000][1396.158s][info ][safepoint     ] Entering safepoint region: Cleanup
[2022-02-07T17:14:55.133+0000][1396.159s][info ][safepoint     ] Leaving safepoint region
[2022-02-07T17:14:55.133+0000][1396.159s][info ][safepoint     ] Total time for which application threads were stopped: 0.0003192 seconds, Stopping threads took: 0.0000697 seconds
[2022-02-07T17:14:56.133+0000][1397.159s][debug][safepoint     ] Safepoint synchronization initiated. (301 threads)
[2022-02-07T17:14:56.133+0000][1397.159s][info ][safepoint     ] Application time: 1.0001510 seconds
[2022-02-07T17:14:56.133+0000][1397.159s][debug][safepoint     ] ... found polling page return exception at pc = 0x00007f11b447f51b, stub =0x00007f11ac8beb80
[2022-02-07T17:14:56.133+0000][1397.159s][debug][safepoint     ] Waiting for 1 thread(s) to block
[2022-02-07T17:14:56.133+0000][1397.159s][info ][safepoint     ] Entering safepoint region: Cleanup
[2022-02-07T17:14:56.133+0000][1397.159s][info ][safepoint     ] Leaving safepoint region
[2022-02-07T17:14:56.133+0000][1397.159s][info ][safepoint     ] Total time for which application threads were stopped: 0.0005164 seconds, Stopping threads took: 0.0000967 seconds
[2022-02-07T17:14:56.345+0000][1397.371s][debug][safepoint     ] Safepoint synchronization initiated. (301 threads)
[2022-02-07T17:14:56.345+0000][1397.371s][info ][safepoint     ] Application time: 0.2114430 seconds
[2022-02-07T17:14:56.345+0000][1397.371s][info ][safepoint     ] Entering safepoint region: G1CollectForAllocation
[2022-02-07T17:14:56.345+0000][1397.371s][info ][gc,start      ] GC(131) Pause Young (Normal) (G1 Evacuation Pause)
[2022-02-07T17:14:56.345+0000][1397.371s][info ][gc,task       ] GC(131) Using 4 workers of 4 for evacuation
[2022-02-07T17:14:56.359+0000][1397.385s][info ][gc,phases     ] GC(131)   Pre Evacuate Collection Set: 0.0ms
[2022-02-07T17:14:56.359+0000][1397.385s][info ][gc,phases     ] GC(131)   Evacuate Collection Set: 8.9ms
[2022-02-07T17:14:56.359+0000][1397.385s][info ][gc,phases     ] GC(131)   Post Evacuate Collection Set: 4.4ms
[2022-02-07T17:14:56.359+0000][1397.385s][info ][gc,phases     ] GC(131)   Other: 0.3ms
[2022-02-07T17:14:56.359+0000][1397.385s][info ][gc,heap       ] GC(131) Eden regions: 237->0(237)
[2022-02-07T17:14:56.359+0000][1397.385s][info ][gc,heap       ] GC(131) Survivor regions: 1->1(30)
[2022-02-07T17:14:56.359+0000][1397.385s][info ][gc,heap       ] GC(131) Old regions: 148->148
[2022-02-07T17:14:56.359+0000][1397.385s][info ][gc,heap       ] GC(131) Humongous regions: 0->0
[2022-02-07T17:14:56.359+0000][1397.385s][info ][gc,metaspace  ] GC(131) Metaspace: 162960K->162960K(1204224K)
[2022-02-07T17:14:56.359+0000][1397.385s][info ][gc            ] GC(131) Pause Young (Normal) (G1 Evacuation Pause) 383M->146M(430M) 13.680ms
[2022-02-07T17:14:56.359+0000][1397.385s][info ][gc,cpu        ] GC(131) User=0.02s Sys=0.00s Real=0.01s
[2022-02-07T17:14:56.359+0000][1397.385s][info ][safepoint     ] Leaving safepoint region
[2022-02-07T17:14:56.359+0000][1397.385s][info ][safepoint     ] Total time for which application threads were stopped: 0.0142929 seconds, Stopping threads took: 0.0000687 seconds
[2022-02-07T17:14:56.360+0000][1397.386s][info ][gc,stringdedup] Concurrent String Deduplication (1397.386s)
[2022-02-07T17:14:56.360+0000][1397.386s][info ][gc,stringdedup] Concurrent String Deduplication 656.0B->0.0B(656.0B) avg 53.3% (1397.386s, 1397.386s) 0.027ms
[2022-02-07T17:14:57.359+0000][1398.385s][debug][safepoint     ] Safepoint synchronization initiated. (301 threads)
[2022-02-07T17:14:57.359+0000][1398.385s][info ][safepoint     ] Application time: 1.0000961 seconds
[2022-02-07T17:14:57.359+0000][1398.385s][info ][safepoint     ] Entering safepoint region: Cleanup
[2022-02-07T17:14:57.360+0000][1398.385s][info ][safepoint     ] Leaving safepoint region
[2022-02-07T17:14:57.360+0000][1398.385s][info ][safepoint     ] Total time for which application threads were stopped: 0.0003011 seconds, Stopping threads took: 0.0000734 seconds
[2022-02-07T17:14:58.360+0000][1399.386s][debug][safepoint     ] Safepoint synchronization initiated. (301 threads)
[2022-02-07T17:14:58.360+0000][1399.386s][info ][safepoint     ] Application time: 1.0001163 seconds
[2022-02-07T17:14:58.360+0000][1399.386s][info ][safepoint     ] Entering safepoint region: Cleanup
[2022-02-07T17:14:58.360+0000][1399.386s][info ][safepoint     ] Leaving safepoint region
[2022-02-07T17:14:58.360+0000][1399.386s][info ][safepoint     ] Total time for which application threads were stopped: 0.0002923 seconds, Stopping threads took: 0.0000706 seconds
[2022-02-07T17:14:59.360+0000][1400.386s][debug][safepoint     ] Safepoint synchronization initiated. (301 threads)
[2022-02-07T17:14:59.360+0000][1400.386s][info ][safepoint     ] Application time: 1.0001176 seconds
[2022-02-07T17:14:59.360+0000][1400.386s][info ][safepoint     ] Entering safepoint region: Cleanup
[2022-02-07T17:14:59.360+0000][1400.386s][info ][safepoint     ] Leaving safepoint region
[2022-02-07T17:14:59.360+0000][1400.386s][info ][safepoint     ] Total time for which application threads were stopped: 0.0003396 seconds, Stopping threads took: 0.0000763 seconds
[2022-02-07T17:15:00.361+0000][1401.386s][debug][safepoint     ] Safepoint synchronization initiated. (301 threads)
[2022-02-07T17:15:00.361+0000][1401.386s][info ][safepoint     ] Application time: 1.0000692 seconds
[2022-02-07T17:15:00.361+0000][1401.386s][info ][safepoint     ] Entering safepoint region: Cleanup
[2022-02-07T17:15:00.361+0000][1401.387s][info ][safepoint     ] Leaving safepoint region
[2022-02-07T17:15:00.361+0000][1401.387s][info ][safepoint     ] Total time for which application threads were stopped: 0.0002472 seconds, Stopping threads took: 0.0000689 seconds
[2022-02-07T17:15:01.361+0000][1402.387s][debug][safepoint     ] Safepoint synchronization initiated. (301 threads)
[2022-02-07T17:15:01.361+0000][1402.387s][info ][safepoint     ] Application time: 1.0001102 seconds
[2022-02-07T17:15:01.361+0000][1402.387s][info ][safepoint     ] Entering safepoint region: Cleanup
[2022-02-07T17:15:01.361+0000][1402.387s][info ][safepoint     ] Leaving safepoint region
[2022-02-07T17:15:01.361+0000][1402.387s][info ][safepoint     ] Total time for which application threads were stopped: 0.0004282 seconds, Stopping threads took: 0.0000681 seconds
[2022-02-07T17:15:02.361+0000][1403.387s][debug][safepoint     ] Safepoint synchronization initiated. (301 threads)
[2022-02-07T17:15:02.362+0000][1403.387s][info ][safepoint     ] Application time: 1.0001307 seconds
[2022-02-07T17:15:02.362+0000][1403.387s][info ][safepoint     ] Entering safepoint region: Cleanup
[2022-02-07T17:15:02.362+0000][1403.388s][info ][safepoint     ] Leaving safepoint region
[2022-02-07T17:15:02.362+0000][1403.388s][info ][safepoint     ] Total time for which application threads were stopped: 0.0002907 seconds, Stopping threads took: 0.0000692 seconds
[2022-02-07T17:15:03.362+0000][1404.388s][debug][safepoint     ] Safepoint synchronization initiated. (301 threads)
[2022-02-07T17:15:03.362+0000][1404.388s][info ][safepoint     ] Application time: 1.0001230 seconds
[2022-02-07T17:15:03.362+0000][1404.388s][info ][safepoint     ] Entering safepoint region: Cleanup
[2022-02-07T17:15:03.362+0000][1404.388s][info ][safepoint     ] Leaving safepoint region
[2022-02-07T17:15:03.362+0000][1404.388s][info ][safepoint     ] Total time for which application threads were stopped: 0.0003059 seconds, Stopping threads took: 0.0000745 seconds
[2022-02-07T17:15:04.362+0000][1405.388s][debug][safepoint     ] Safepoint synchronization initiated. (301 threads)
[2022-02-07T17:15:04.362+0000][1405.388s][info ][safepoint     ] Application time: 1.0001430 seconds
[2022-02-07T17:15:04.362+0000][1405.388s][info ][safepoint     ] Entering safepoint region: Cleanup
[2022-02-07T17:15:04.363+0000][1405.389s][info ][safepoint     ] Leaving safepoint region
[2022-02-07T17:15:04.363+0000][1405.389s][info ][safepoint     ] Total time for which application threads were stopped: 0.0003291 seconds, Stopping threads took: 0.0000698 seconds
[2022-02-07T17:15:05.363+0000][1406.389s][debug][safepoint     ] Safepoint synchronization initiated. (301 threads)
[2022-02-07T17:15:05.363+0000][1406.389s][info ][safepoint     ] Application time: 1.0001165 seconds
[2022-02-07T17:15:05.363+0000][1406.389s][info ][safepoint     ] Entering safepoint region: Cleanup
[2022-02-07T17:15:05.363+0000][1406.389s][info ][safepoint     ] Leaving safepoint region
[2022-02-07T17:15:05.363+0000][1406.389s][info ][safepoint     ] Total time for which application threads were stopped: 0.0004634 seconds, Stopping threads took: 0.0000693 seconds
[2022-02-07T17:15:06.363+0000][1407.389s][debug][safepoint     ] Safepoint synchronization initiated. (301 threads)
[2022-02-07T17:15:06.363+0000][1407.389s][info ][safepoint     ] Application time: 1.0001144 seconds
[2022-02-07T17:15:06.364+0000][1407.389s][info ][safepoint     ] Entering safepoint region: Cleanup
[2022-02-07T17:15:06.364+0000][1407.390s][info ][safepoint     ] Leaving safepoint region
[2022-02-07T17:15:06.364+0000][1407.390s][info ][safepoint     ] Total time for which application threads were stopped: 0.0004371 seconds, Stopping threads took: 0.0000705 seconds
[2022-02-07T17:15:07.364+0000][1408.390s][debug][safepoint     ] Safepoint synchronization initiated. (301 threads)
[2022-02-07T17:15:07.364+0000][1408.390s][info ][safepoint     ] Application time: 1.0001149 seconds
[2022-02-07T17:15:07.364+0000][1408.390s][info ][safepoint     ] Entering safepoint region: Cleanup
[2022-02-07T17:15:07.364+0000][1408.390s][info ][safepoint     ] Leaving safepoint region
[2022-02-07T17:15:07.364+0000][1408.390s][info ][safepoint     ] Total time for which application threads were stopped: 0.0004337 seconds, Stopping threads took: 0.0000701 seconds
[2022-02-07T17:15:08.365+0000][1409.390s][debug][safepoint     ] Safepoint synchronization initiated. (301 threads)
[2022-02-07T17:15:08.365+0000][1409.390s][info ][safepoint     ] Application time: 1.0001314 seconds
[2022-02-07T17:15:08.365+0000][1409.391s][info ][safepoint     ] Entering safepoint region: Cleanup
[2022-02-07T17:15:08.365+0000][1409.391s][info ][safepoint     ] Leaving safepoint region
[2022-02-07T17:15:08.365+0000][1409.391s][info ][safepoint     ] Total time for which application threads were stopped: 0.0002582 seconds, Stopping threads took: 0.0000670 seconds
[2022-02-07T17:15:09.365+0000][1410.391s][debug][safepoint     ] Safepoint synchronization initiated. (301 threads)
[2022-02-07T17:15:09.365+0000][1410.391s][info ][safepoint     ] Application time: 1.0001256 seconds
[2022-02-07T17:15:09.365+0000][1410.391s][info ][safepoint     ] Entering safepoint region: Cleanup
[2022-02-07T17:15:09.365+0000][1410.391s][info ][safepoint     ] Leaving safepoint region
[2022-02-07T17:15:09.365+0000][1410.391s][info ][safepoint     ] Total time for which application threads were stopped: 0.0002485 seconds, Stopping threads took: 0.0000685 seconds
[2022-02-07T17:15:10.365+0000][1411.391s][debug][safepoint     ] Safepoint synchronization initiated. (301 threads)
[2022-02-07T17:15:10.365+0000][1411.391s][info ][safepoint     ] Application time: 1.0001287 seconds
[2022-02-07T17:15:10.365+0000][1411.391s][info ][safepoint     ] Entering safepoint region: Cleanup
[2022-02-07T17:15:10.366+0000][1411.392s][info ][safepoint     ] Leaving safepoint region
[2022-02-07T17:15:10.366+0000][1411.392s][info ][safepoint     ] Total time for which application threads were stopped: 0.0003007 seconds, Stopping threads took: 0.0000707 seconds
[2022-02-07T17:15:11.366+0000][1412.392s][debug][safepoint     ] Safepoint synchronization initiated. (301 threads)
[2022-02-07T17:15:11.366+0000][1412.392s][info ][safepoint     ] Application time: 1.0001194 seconds
[2022-02-07T17:15:11.366+0000][1412.392s][info ][safepoint     ] Entering safepoint region: Cleanup
[2022-02-07T17:15:11.366+0000][1412.392s][info ][safepoint     ] Leaving safepoint region
[2022-02-07T17:15:11.366+0000][1412.392s][info ][safepoint     ] Total time for which application threads were stopped: 0.0004596 seconds, Stopping threads took: 0.0000724 seconds
[2022-02-07T17:15:11.632+0000][1412.658s][debug][safepoint     ] Safepoint synchronization initiated. (301 threads)
[2022-02-07T17:15:11.632+0000][1412.658s][info ][safepoint     ] Application time: 0.2654354 seconds
[2022-02-07T17:15:11.632+0000][1412.658s][info ][safepoint     ] Entering safepoint region: G1CollectForAllocation
[2022-02-07T17:15:11.632+0000][1412.658s][info ][gc,start      ] GC(132) Pause Young (Normal) (G1 Evacuation Pause)
[2022-02-07T17:15:11.632+0000][1412.658s][info ][gc,task       ] GC(132) Using 4 workers of 4 for evacuation
[2022-02-07T17:15:11.658+0000][1412.684s][info ][gc,phases     ] GC(132)   Pre Evacuate Collection Set: 0.0ms
[2022-02-07T17:15:11.658+0000][1412.684s][info ][gc,phases     ] GC(132)   Evacuate Collection Set: 14.6ms
[2022-02-07T17:15:11.658+0000][1412.684s][info ][gc,phases     ] GC(132)   Post Evacuate Collection Set: 10.8ms
[2022-02-07T17:15:11.658+0000][1412.684s][info ][gc,phases     ] GC(132)   Other: 0.2ms
[2022-02-07T17:15:11.658+0000][1412.684s][info ][gc,heap       ] GC(132) Eden regions: 237->0(237)
[2022-02-07T17:15:11.658+0000][1412.684s][info ][gc,heap       ] GC(132) Survivor regions: 1->1(30)
[2022-02-07T17:15:11.658+0000][1412.684s][info ][gc,heap       ] GC(132) Old regions: 148->148
[2022-02-07T17:15:11.658+0000][1412.684s][info ][gc,heap       ] GC(132) Humongous regions: 0->0
[2022-02-07T17:15:11.658+0000][1412.684s][info ][gc,metaspace  ] GC(132) Metaspace: 162963K->162963K(1204224K)
[2022-02-07T17:15:11.658+0000][1412.684s][info ][gc            ] GC(132) Pause Young (Normal) (G1 Evacuation Pause) 383M->146M(430M) 25.945ms
[2022-02-07T17:15:11.658+0000][1412.684s][info ][gc,cpu        ] GC(132) User=0.01s Sys=0.01s Real=0.02s
[2022-02-07T17:15:11.658+0000][1412.684s][info ][safepoint     ] Leaving safepoint region
[2022-02-07T17:15:11.658+0000][1412.684s][info ][safepoint     ] Total time for which application threads were stopped: 0.0265389 seconds, Stopping threads took: 0.0000706 seconds
[2022-02-07T17:15:11.659+0000][1412.685s][info ][gc,stringdedup] Concurrent String Deduplication (1412.685s)
[2022-02-07T17:15:11.659+0000][1412.685s][info ][gc,stringdedup] Concurrent String Deduplication 856.0B->0.0B(856.0B) avg 53.3% (1412.685s, 1412.685s) 0.039ms
[2022-02-07T17:15:12.658+0000][1413.684s][debug][safepoint     ] Safepoint synchronization initiated. (301 threads)
[2022-02-07T17:15:12.658+0000][1413.684s][info ][safepoint     ] Application time: 1.0001422 seconds
[2022-02-07T17:15:12.659+0000][1413.684s][info ][safepoint     ] Entering safepoint region: Cleanup
[2022-02-07T17:15:12.659+0000][1413.685s][info ][safepoint     ] Leaving safepoint region
[2022-02-07T17:15:12.659+0000][1413.685s][info ][safepoint     ] Total time for which application threads were stopped: 0.0004377 seconds, Stopping threads took: 0.0000736 seconds
[2022-02-07T17:15:13.659+0000][1414.685s][debug][safepoint     ] Safepoint synchronization initiated. (301 threads)
[2022-02-07T17:15:13.659+0000][1414.685s][info ][safepoint     ] Application time: 1.0001072 seconds
[2022-02-07T17:15:13.659+0000][1414.685s][info ][safepoint     ] Entering safepoint region: Cleanup
[2022-02-07T17:15:13.659+0000][1414.685s][info ][safepoint     ] Leaving safepoint region
[2022-02-07T17:15:13.660+0000][1414.685s][info ][safepoint     ] Total time for which application threads were stopped: 0.0004605 seconds, Stopping threads took: 0.0000767 seconds
[2022-02-07T17:15:14.660+0000][1415.685s][debug][safepoint     ] Safepoint synchronization initiated. (301 threads)
[2022-02-07T17:15:14.660+0000][1415.685s][info ][safepoint     ] Application time: 1.0001140 seconds
[2022-02-07T17:15:14.660+0000][1415.686s][info ][safepoint     ] Entering safepoint region: Cleanup
[2022-02-07T17:15:14.660+0000][1415.686s][info ][safepoint     ] Leaving safepoint region
[2022-02-07T17:15:14.660+0000][1415.686s][info ][safepoint     ] Total time for which application threads were stopped: 0.0004369 seconds, Stopping threads took: 0.0000696 seconds
[2022-02-07T17:15:15.660+0000][1416.686s][debug][safepoint     ] Safepoint synchronization initiated. (301 threads)
[2022-02-07T17:15:15.660+0000][1416.686s][info ][safepoint     ] Application time: 1.0001106 seconds
[2022-02-07T17:15:15.660+0000][1416.686s][info ][safepoint     ] Entering safepoint region: Cleanup
[2022-02-07T17:15:15.661+0000][1416.686s][info ][safepoint     ] Leaving safepoint region
[2022-02-07T17:15:15.661+0000][1416.686s][info ][safepoint     ] Total time for which application threads were stopped: 0.0004339 seconds, Stopping threads took: 0.0000694 seconds
[2022-02-07T17:15:16.661+0000][1417.687s][debug][safepoint     ] Safepoint synchronization initiated. (301 threads)
[2022-02-07T17:15:16.661+0000][1417.687s][info ][safepoint     ] Application time: 1.0001205 seconds
[2022-02-07T17:15:16.661+0000][1417.687s][debug][safepoint     ] ... found polling page return exception at pc = 0x00007f11b45ffec5, stub =0x00007f11ac8beb80
[2022-02-07T17:15:16.661+0000][1417.687s][debug][safepoint     ] Waiting for 1 thread(s) to block
[2022-02-07T17:15:16.661+0000][1417.687s][info ][safepoint     ] Entering safepoint region: Cleanup
[2022-02-07T17:15:16.661+0000][1417.687s][info ][safepoint     ] Leaving safepoint region
[2022-02-07T17:15:16.661+0000][1417.687s][info ][safepoint     ] Total time for which application threads were stopped: 0.0003415 seconds, Stopping threads took: 0.0001051 seconds
[2022-02-07T17:15:17.661+0000][1418.687s][debug][safepoint     ] Safepoint synchronization initiated. (301 threads)
[2022-02-07T17:15:17.661+0000][1418.687s][info ][safepoint     ] Application time: 1.0001636 seconds
[2022-02-07T17:15:17.661+0000][1418.687s][info ][safepoint     ] Entering safepoint region: Cleanup
[2022-02-07T17:15:17.662+0000][1418.687s][info ][safepoint     ] Leaving safepoint region
[2022-02-07T17:15:17.662+0000][1418.688s][info ][safepoint     ] Total time for which application threads were stopped: 0.0003530 seconds, Stopping threads took: 0.0000792 seconds
[2022-02-07T17:15:18.662+0000][1419.688s][debug][safepoint     ] Safepoint synchronization initiated. (301 threads)
[2022-02-07T17:15:18.662+0000][1419.688s][info ][safepoint     ] Application time: 1.0001158 seconds
[2022-02-07T17:15:18.662+0000][1419.688s][info ][safepoint     ] Entering safepoint region: Cleanup
[2022-02-07T17:15:18.662+0000][1419.688s][info ][safepoint     ] Leaving safepoint region
[2022-02-07T17:15:18.662+0000][1419.688s][info ][safepoint     ] Total time for which application threads were stopped: 0.0003047 seconds, Stopping threads took: 0.0000665 seconds
[2022-02-07T17:15:19.662+0000][1420.688s][debug][safepoint     ] Safepoint synchronization initiated. (301 threads)
[2022-02-07T17:15:19.662+0000][1420.688s][info ][safepoint     ] Application time: 1.0001121 seconds
[2022-02-07T17:15:19.662+0000][1420.688s][info ][safepoint     ] Entering safepoint region: Cleanup
[2022-02-07T17:15:19.663+0000][1420.688s][info ][safepoint     ] Leaving safepoint region
[2022-02-07T17:15:19.663+0000][1420.688s][info ][safepoint     ] Total time for which application threads were stopped: 0.0003231 seconds, Stopping threads took: 0.0000763 seconds
[2022-02-07T17:15:20.663+0000][1421.689s][debug][safepoint     ] Safepoint synchronization initiated. (301 threads)
[2022-02-07T17:15:20.663+0000][1421.689s][info ][safepoint     ] Application time: 1.0001098 seconds
[2022-02-07T17:15:20.663+0000][1421.689s][debug][safepoint     ] ... found polling page return exception at pc = 0x00007f11b525e121, stub =0x00007f11ac8beb80
[2022-02-07T17:15:20.663+0000][1421.689s][debug][safepoint     ] Waiting for 1 thread(s) to block
[2022-02-07T17:15:20.663+0000][1421.689s][info ][safepoint     ] Entering safepoint region: Cleanup
[2022-02-07T17:15:20.663+0000][1421.689s][info ][safepoint     ] Leaving safepoint region
[2022-02-07T17:15:20.663+0000][1421.689s][info ][safepoint     ] Total time for which application threads were stopped: 0.0003485 seconds, Stopping threads took: 0.0001099 seconds
[2022-02-07T17:15:20.663+0000][1421.689s][debug][safepoint     ] ... found polling page return exception at pc = 0x00007f11b4fc1a06, stub =0x00007f11ac8beb80
[2022-02-07T17:15:21.663+0000][1422.689s][debug][safepoint     ] Safepoint synchronization initiated. (301 threads)
[2022-02-07T17:15:21.663+0000][1422.689s][info ][safepoint     ] Application time: 1.0001725 seconds
[2022-02-07T17:15:21.663+0000][1422.689s][debug][safepoint     ] ... found polling page return exception at pc = 0x00007f11b45ef5be, stub =0x00007f11ac8beb80
[2022-02-07T17:15:21.663+0000][1422.689s][debug][safepoint     ] Waiting for 1 thread(s) to block
[2022-02-07T17:15:21.663+0000][1422.689s][info ][safepoint     ] Entering safepoint region: Cleanup
[2022-02-07T17:15:21.664+0000][1422.690s][info ][safepoint     ] Leaving safepoint region
[2022-02-07T17:15:21.664+0000][1422.690s][info ][safepoint     ] Total time for which application threads were stopped: 0.0004960 seconds, Stopping threads took: 0.0001123 seconds
[2022-02-07T17:15:22.664+0000][1423.690s][debug][safepoint     ] Safepoint synchronization initiated. (301 threads)
[2022-02-07T17:15:22.664+0000][1423.690s][info ][safepoint     ] Application time: 1.0001458 seconds
[2022-02-07T17:15:22.664+0000][1423.690s][info ][safepoint     ] Entering safepoint region: Cleanup
[2022-02-07T17:15:22.664+0000][1423.690s][info ][safepoint     ] Leaving safepoint region
[2022-02-07T17:15:22.664+0000][1423.690s][info ][safepoint     ] Total time for which application threads were stopped: 0.0004421 seconds, Stopping threads took: 0.0000762 seconds
[2022-02-07T17:15:23.665+0000][1424.690s][debug][safepoint     ] Safepoint synchronization initiated. (301 threads)
[2022-02-07T17:15:23.665+0000][1424.690s][info ][safepoint     ] Application time: 1.0002184 seconds
[2022-02-07T17:15:23.665+0000][1424.690s][info ][safepoint     ] Entering safepoint region: Cleanup
[2022-02-07T17:15:23.665+0000][1424.691s][info ][safepoint     ] Leaving safepoint region
[2022-02-07T17:15:23.665+0000][1424.691s][info ][safepoint     ] Total time for which application threads were stopped: 0.0004565 seconds, Stopping threads took: 0.0000729 seconds
[2022-02-07T17:15:24.665+0000][1425.691s][debug][safepoint     ] Safepoint synchronization initiated. (301 threads)
[2022-02-07T17:15:24.665+0000][1425.691s][info ][safepoint     ] Application time: 1.0001212 seconds
[2022-02-07T17:15:24.665+0000][1425.691s][info ][safepoint     ] Entering safepoint region: Cleanup
[2022-02-07T17:15:24.666+0000][1425.691s][info ][safepoint     ] Leaving safepoint region
[2022-02-07T17:15:24.666+0000][1425.691s][info ][safepoint     ] Total time for which application threads were stopped: 0.0004646 seconds, Stopping threads took: 0.0000753 seconds
[2022-02-07T17:15:25.666+0000][1426.692s][debug][safepoint     ] Safepoint synchronization initiated. (301 threads)
[2022-02-07T17:15:25.666+0000][1426.692s][info ][safepoint     ] Application time: 1.0001174 seconds
[2022-02-07T17:15:25.666+0000][1426.692s][info ][safepoint     ] Entering safepoint region: Cleanup
[2022-02-07T17:15:25.666+0000][1426.692s][info ][safepoint     ] Leaving safepoint region
[2022-02-07T17:15:25.666+0000][1426.692s][info ][safepoint     ] Total time for which application threads were stopped: 0.0004514 seconds, Stopping threads took: 0.0000750 seconds
[2022-02-07T17:15:26.535+0000][1427.561s][debug][safepoint     ] Safepoint synchronization initiated. (301 threads)
[2022-02-07T17:15:26.536+0000][1427.561s][info ][safepoint     ] Application time: 0.8692874 seconds
[2022-02-07T17:15:26.536+0000][1427.561s][info ][safepoint     ] Entering safepoint region: G1CollectForAllocation
[2022-02-07T17:15:26.536+0000][1427.562s][info ][gc,start      ] GC(133) Pause Young (Normal) (G1 Evacuation Pause)
[2022-02-07T17:15:26.536+0000][1427.562s][info ][gc,task       ] GC(133) Using 4 workers of 4 for evacuation
[2022-02-07T17:15:26.556+0000][1427.582s][info ][gc,phases     ] GC(133)   Pre Evacuate Collection Set: 0.0ms
[2022-02-07T17:15:26.556+0000][1427.582s][info ][gc,phases     ] GC(133)   Evacuate Collection Set: 12.6ms
[2022-02-07T17:15:26.556+0000][1427.582s][info ][gc,phases     ] GC(133)   Post Evacuate Collection Set: 7.6ms
[2022-02-07T17:15:26.557+0000][1427.582s][info ][gc,phases     ] GC(133)   Other: 0.2ms
[2022-02-07T17:15:26.557+0000][1427.582s][info ][gc,heap       ] GC(133) Eden regions: 237->0(237)
[2022-02-07T17:15:26.557+0000][1427.582s][info ][gc,heap       ] GC(133) Survivor regions: 1->1(30)
[2022-02-07T17:15:26.557+0000][1427.582s][info ][gc,heap       ] GC(133) Old regions: 148->148
[2022-02-07T17:15:26.557+0000][1427.582s][info ][gc,heap       ] GC(133) Humongous regions: 0->0
[2022-02-07T17:15:26.557+0000][1427.582s][info ][gc,metaspace  ] GC(133) Metaspace: 162965K->162965K(1204224K)
[2022-02-07T17:15:26.557+0000][1427.582s][info ][gc            ] GC(133) Pause Young (Normal) (G1 Evacuation Pause) 383M->146M(430M) 20.584ms
[2022-02-07T17:15:26.557+0000][1427.582s][info ][gc,cpu        ] GC(133) User=0.01s Sys=0.00s Real=0.02s
[2022-02-07T17:15:26.557+0000][1427.583s][info ][safepoint     ] Leaving safepoint region
[2022-02-07T17:15:26.557+0000][1427.583s][info ][safepoint     ] Total time for which application threads were stopped: 0.0211408 seconds, Stopping threads took: 0.0000682 seconds
[2022-02-07T17:15:26.557+0000][1427.583s][info ][gc,stringdedup] Concurrent String Deduplication (1427.583s)
[2022-02-07T17:15:26.557+0000][1427.583s][info ][gc,stringdedup] Concurrent String Deduplication 272.0B->0.0B(272.0B) avg 53.3% (1427.583s, 1427.583s) 0.030ms
[2022-02-07T17:15:27.557+0000][1428.583s][debug][safepoint     ] Safepoint synchronization initiated. (301 threads)
[2022-02-07T17:15:27.557+0000][1428.583s][info ][safepoint     ] Application time: 1.0001367 seconds
[2022-02-07T17:15:27.557+0000][1428.583s][info ][safepoint     ] Entering safepoint region: Cleanup
[2022-02-07T17:15:27.557+0000][1428.583s][info ][safepoint     ] Leaving safepoint region
[2022-02-07T17:15:27.557+0000][1428.583s][info ][safepoint     ] Total time for which application threads were stopped: 0.0004384 seconds, Stopping threads took: 0.0000709 seconds
[2022-02-07T17:15:28.557+0000][1429.583s][debug][safepoint     ] Safepoint synchronization initiated. (301 threads)
[2022-02-07T17:15:28.557+0000][1429.583s][info ][safepoint     ] Application time: 1.0001211 seconds
[2022-02-07T17:15:28.557+0000][1429.583s][info ][safepoint     ] Entering safepoint region: Cleanup
[2022-02-07T17:15:28.558+0000][1429.584s][info ][safepoint     ] Leaving safepoint region
[2022-02-07T17:15:28.558+0000][1429.584s][info ][safepoint     ] Total time for which application threads were stopped: 0.0004437 seconds, Stopping threads took: 0.0000714 seconds
[2022-02-07T17:15:29.558+0000][1430.584s][debug][safepoint     ] Safepoint synchronization initiated. (301 threads)
[2022-02-07T17:15:29.558+0000][1430.584s][info ][safepoint     ] Application time: 1.0001579 seconds
[2022-02-07T17:15:29.558+0000][1430.584s][info ][safepoint     ] Entering safepoint region: Cleanup
[2022-02-07T17:15:29.558+0000][1430.584s][info ][safepoint     ] Leaving safepoint region
[2022-02-07T17:15:29.558+0000][1430.584s][info ][safepoint     ] Total time for which application threads were stopped: 0.0003556 seconds, Stopping threads took: 0.0000705 seconds
[2022-02-07T17:15:30.558+0000][1431.584s][debug][safepoint     ] Safepoint synchronization initiated. (301 threads)
[2022-02-07T17:15:30.559+0000][1431.584s][info ][safepoint     ] Application time: 1.0001189 seconds
[2022-02-07T17:15:30.559+0000][1431.584s][info ][safepoint     ] Entering safepoint region: Cleanup
[2022-02-07T17:15:30.559+0000][1431.585s][info ][safepoint     ] Leaving safepoint region
[2022-02-07T17:15:30.559+0000][1431.585s][info ][safepoint     ] Total time for which application threads were stopped: 0.0004411 seconds, Stopping threads took: 0.0000706 seconds
[2022-02-07T17:15:31.559+0000][1432.585s][debug][safepoint     ] Safepoint synchronization initiated. (301 threads)
[2022-02-07T17:15:31.559+0000][1432.585s][info ][safepoint     ] Application time: 1.0001471 seconds
[2022-02-07T17:15:31.559+0000][1432.585s][info ][safepoint     ] Entering safepoint region: Cleanup
[2022-02-07T17:15:31.560+0000][1432.585s][info ][safepoint     ] Leaving safepoint region
[2022-02-07T17:15:31.560+0000][1432.585s][info ][safepoint     ] Total time for which application threads were stopped: 0.0004903 seconds, Stopping threads took: 0.0000711 seconds
[2022-02-07T17:15:32.560+0000][1433.586s][debug][safepoint     ] Safepoint synchronization initiated. (301 threads)
[2022-02-07T17:15:32.560+0000][1433.586s][info ][safepoint     ] Application time: 1.0001315 seconds
[2022-02-07T17:15:32.560+0000][1433.586s][info ][safepoint     ] Entering safepoint region: Cleanup
[2022-02-07T17:15:32.560+0000][1433.586s][info ][safepoint     ] Leaving safepoint region
[2022-02-07T17:15:32.560+0000][1433.586s][info ][safepoint     ] Total time for which application threads were stopped: 0.0002844 seconds, Stopping threads took: 0.0000662 seconds
[2022-02-07T17:15:33.560+0000][1434.586s][debug][safepoint     ] Safepoint synchronization initiated. (301 threads)
[2022-02-07T17:15:33.560+0000][1434.586s][info ][safepoint     ] Application time: 1.0001209 seconds
[2022-02-07T17:15:33.560+0000][1434.586s][info ][safepoint     ] Entering safepoint region: Cleanup
[2022-02-07T17:15:33.560+0000][1434.586s][info ][safepoint     ] Leaving safepoint region
[2022-02-07T17:15:33.560+0000][1434.586s][info ][safepoint     ] Total time for which application threads were stopped: 0.0002654 seconds, Stopping threads took: 0.0000614 seconds
[2022-02-07T17:15:34.561+0000][1435.586s][debug][safepoint     ] Safepoint synchronization initiated. (301 threads)
[2022-02-07T17:15:34.561+0000][1435.586s][info ][safepoint     ] Application time: 1.0000995 seconds
[2022-02-07T17:15:34.561+0000][1435.586s][info ][safepoint     ] Entering safepoint region: Cleanup
[2022-02-07T17:15:34.561+0000][1435.587s][info ][safepoint     ] Leaving safepoint region
[2022-02-07T17:15:34.561+0000][1435.587s][info ][safepoint     ] Total time for which application threads were stopped: 0.0002435 seconds, Stopping threads took: 0.0000652 seconds
[2022-02-07T17:15:35.561+0000][1436.587s][debug][safepoint     ] Safepoint synchronization initiated. (301 threads)
[2022-02-07T17:15:35.561+0000][1436.587s][info ][safepoint     ] Application time: 1.0001141 seconds
[2022-02-07T17:15:35.561+0000][1436.587s][info ][safepoint     ] Entering safepoint region: Cleanup
[2022-02-07T17:15:35.561+0000][1436.587s][info ][safepoint     ] Leaving safepoint region
[2022-02-07T17:15:35.561+0000][1436.587s][info ][safepoint     ] Total time for which application threads were stopped: 0.0002957 seconds, Stopping threads took: 0.0000670 seconds
[2022-02-07T17:15:36.561+0000][1437.587s][debug][safepoint     ] Safepoint synchronization initiated. (301 threads)
[2022-02-07T17:15:36.561+0000][1437.587s][info ][safepoint     ] Application time: 1.0001308 seconds
[2022-02-07T17:15:36.561+0000][1437.587s][info ][safepoint     ] Entering safepoint region: Cleanup
[2022-02-07T17:15:36.562+0000][1437.588s][info ][safepoint     ] Leaving safepoint region
[2022-02-07T17:15:36.562+0000][1437.588s][info ][safepoint     ] Total time for which application threads were stopped: 0.0003030 seconds, Stopping threads took: 0.0000664 seconds
[2022-02-07T17:15:37.562+0000][1438.588s][debug][safepoint     ] Safepoint synchronization initiated. (301 threads)
[2022-02-07T17:15:37.562+0000][1438.588s][info ][safepoint     ] Application time: 1.0001226 seconds
[2022-02-07T17:15:37.562+0000][1438.588s][debug][safepoint     ] Waiting for 1 thread(s) to block
[2022-02-07T17:15:37.562+0000][1438.588s][info ][safepoint     ] Entering safepoint region: Cleanup
[2022-02-07T17:15:37.562+0000][1438.588s][info ][safepoint     ] Leaving safepoint region
[2022-02-07T17:15:37.562+0000][1438.588s][info ][safepoint     ] Total time for which application threads were stopped: 0.0003410 seconds, Stopping threads took: 0.0001121 seconds
[2022-02-07T17:15:38.562+0000][1439.588s][debug][safepoint     ] Safepoint synchronization initiated. (301 threads)
[2022-02-07T17:15:38.562+0000][1439.588s][info ][safepoint     ] Application time: 1.0001146 seconds
[2022-02-07T17:15:38.562+0000][1439.588s][info ][safepoint     ] Entering safepoint region: Cleanup
[2022-02-07T17:15:38.563+0000][1439.588s][info ][safepoint     ] Leaving safepoint region
[2022-02-07T17:15:38.563+0000][1439.588s][info ][safepoint     ] Total time for which application threads were stopped: 0.0002934 seconds, Stopping threads took: 0.0000689 seconds
[2022-02-07T17:15:39.563+0000][1440.589s][debug][safepoint     ] Safepoint synchronization initiated. (301 threads)
[2022-02-07T17:15:39.563+0000][1440.589s][info ][safepoint     ] Application time: 1.0001137 seconds
[2022-02-07T17:15:39.563+0000][1440.589s][info ][safepoint     ] Entering safepoint region: Cleanup
[2022-02-07T17:15:39.563+0000][1440.589s][info ][safepoint     ] Leaving safepoint region
[2022-02-07T17:15:39.563+0000][1440.589s][info ][safepoint     ] Total time for which application threads were stopped: 0.0002691 seconds, Stopping threads took: 0.0000790 seconds
[2022-02-07T17:15:40.563+0000][1441.589s][debug][safepoint     ] Safepoint synchronization initiated. (301 threads)
[2022-02-07T17:15:40.563+0000][1441.589s][info ][safepoint     ] Application time: 1.0001128 seconds
[2022-02-07T17:15:40.563+0000][1441.589s][info ][safepoint     ] Entering safepoint region: Cleanup
[2022-02-07T17:15:40.563+0000][1441.589s][info ][safepoint     ] Leaving safepoint region
[2022-02-07T17:15:40.563+0000][1441.589s][info ][safepoint     ] Total time for which application threads were stopped: 0.0002661 seconds, Stopping threads took: 0.0000806 seconds
[2022-02-07T17:15:41.564+0000][1442.589s][debug][safepoint     ] Safepoint synchronization initiated. (301 threads)
[2022-02-07T17:15:41.564+0000][1442.589s][info ][safepoint     ] Application time: 1.0001404 seconds
[2022-02-07T17:15:41.564+0000][1442.590s][info ][safepoint     ] Entering safepoint region: Cleanup
[2022-02-07T17:15:41.564+0000][1442.590s][info ][safepoint     ] Leaving safepoint region
[2022-02-07T17:15:41.564+0000][1442.590s][info ][safepoint     ] Total time for which application threads were stopped: 0.0003169 seconds, Stopping threads took: 0.0000764 seconds
[2022-02-07T17:15:42.564+0000][1443.590s][debug][safepoint     ] Safepoint synchronization initiated. (301 threads)
[2022-02-07T17:15:42.564+0000][1443.590s][info ][safepoint     ] Application time: 1.0001466 seconds
[2022-02-07T17:15:42.564+0000][1443.590s][info ][safepoint     ] Entering safepoint region: Cleanup
[2022-02-07T17:15:42.564+0000][1443.590s][info ][safepoint     ] Leaving safepoint region
[2022-02-07T17:15:42.564+0000][1443.590s][info ][safepoint     ] Total time for which application threads were stopped: 0.0003335 seconds, Stopping threads took: 0.0000972 seconds
[2022-02-07T17:15:43.564+0000][1444.590s][debug][safepoint     ] Safepoint synchronization initiated. (301 threads)
[2022-02-07T17:15:43.565+0000][1444.590s][info ][safepoint     ] Application time: 1.0001222 seconds
[2022-02-07T17:15:43.565+0000][1444.590s][info ][safepoint     ] Entering safepoint region: Cleanup
[2022-02-07T17:15:43.565+0000][1444.591s][info ][safepoint     ] Leaving safepoint region
[2022-02-07T17:15:43.565+0000][1444.591s][info ][safepoint     ] Total time for which application threads were stopped: 0.0003623 seconds, Stopping threads took: 0.0000739 seconds
[2022-02-07T17:15:44.565+0000][1445.591s][debug][safepoint     ] Safepoint synchronization initiated. (301 threads)
[2022-02-07T17:15:44.565+0000][1445.591s][info ][safepoint     ] Application time: 1.0001398 seconds
[2022-02-07T17:15:44.565+0000][1445.591s][info ][safepoint     ] Entering safepoint region: Cleanup
[2022-02-07T17:15:44.565+0000][1445.591s][info ][safepoint     ] Leaving safepoint region
[2022-02-07T17:15:44.565+0000][1445.591s][info ][safepoint     ] Total time for which application threads were stopped: 0.0002982 seconds, Stopping threads took: 0.0000707 seconds
[2022-02-07T17:15:44.747+0000][1445.773s][debug][safepoint     ] Safepoint synchronization initiated. (301 threads)
[2022-02-07T17:15:44.747+0000][1445.773s][info ][safepoint     ] Application time: 0.1816946 seconds
[2022-02-07T17:15:44.747+0000][1445.773s][info ][safepoint     ] Entering safepoint region: G1CollectForAllocation
[2022-02-07T17:15:44.748+0000][1445.774s][info ][gc,start      ] GC(134) Pause Young (Normal) (G1 Evacuation Pause)
[2022-02-07T17:15:44.748+0000][1445.774s][info ][gc,task       ] GC(134) Using 4 workers of 4 for evacuation
[2022-02-07T17:15:44.758+0000][1445.784s][info ][gc,phases     ] GC(134)   Pre Evacuate Collection Set: 0.0ms
[2022-02-07T17:15:44.759+0000][1445.784s][info ][gc,phases     ] GC(134)   Evacuate Collection Set: 6.1ms
[2022-02-07T17:15:44.759+0000][1445.784s][info ][gc,phases     ] GC(134)   Post Evacuate Collection Set: 4.5ms
[2022-02-07T17:15:44.759+0000][1445.784s][info ][gc,phases     ] GC(134)   Other: 0.3ms
[2022-02-07T17:15:44.759+0000][1445.784s][info ][gc,heap       ] GC(134) Eden regions: 237->0(237)
[2022-02-07T17:15:44.759+0000][1445.784s][info ][gc,heap       ] GC(134) Survivor regions: 1->1(30)
[2022-02-07T17:15:44.759+0000][1445.784s][info ][gc,heap       ] GC(134) Old regions: 148->148
[2022-02-07T17:15:44.759+0000][1445.784s][info ][gc,heap       ] GC(134) Humongous regions: 0->0
[2022-02-07T17:15:44.759+0000][1445.784s][info ][gc,metaspace  ] GC(134) Metaspace: 162972K->162972K(1204224K)
[2022-02-07T17:15:44.759+0000][1445.784s][info ][gc            ] GC(134) Pause Young (Normal) (G1 Evacuation Pause) 383M->146M(430M) 10.953ms
[2022-02-07T17:15:44.759+0000][1445.785s][info ][gc,cpu        ] GC(134) User=0.02s Sys=0.00s Real=0.00s
[2022-02-07T17:15:44.759+0000][1445.785s][info ][safepoint     ] Leaving safepoint region
[2022-02-07T17:15:44.759+0000][1445.785s][info ][safepoint     ] Total time for which application threads were stopped: 0.0116322 seconds, Stopping threads took: 0.0000799 seconds
[2022-02-07T17:15:44.759+0000][1445.785s][info ][gc,stringdedup] Concurrent String Deduplication (1445.785s)
[2022-02-07T17:15:44.759+0000][1445.785s][info ][gc,stringdedup] Concurrent String Deduplication 256.0B->0.0B(256.0B) avg 53.3% (1445.785s, 1445.785s) 0.017ms
[2022-02-07T17:15:45.759+0000][1446.785s][debug][safepoint     ] Safepoint synchronization initiated. (301 threads)
[2022-02-07T17:15:45.759+0000][1446.785s][info ][safepoint     ] Application time: 1.0001573 seconds
[2022-02-07T17:15:45.759+0000][1446.785s][info ][safepoint     ] Entering safepoint region: Cleanup
[2022-02-07T17:15:45.759+0000][1446.785s][info ][safepoint     ] Leaving safepoint region
[2022-02-07T17:15:45.759+0000][1446.785s][info ][safepoint     ] Total time for which application threads were stopped: 0.0003420 seconds, Stopping threads took: 0.0000712 seconds
[2022-02-07T17:15:46.759+0000][1447.785s][debug][safepoint     ] Safepoint synchronization initiated. (301 threads)
[2022-02-07T17:15:46.759+0000][1447.785s][info ][safepoint     ] Application time: 1.0001152 seconds
[2022-02-07T17:15:46.759+0000][1447.785s][info ][safepoint     ] Entering safepoint region: Cleanup
[2022-02-07T17:15:46.760+0000][1447.786s][info ][safepoint     ] Leaving safepoint region
[2022-02-07T17:15:46.760+0000][1447.786s][info ][safepoint     ] Total time for which application threads were stopped: 0.0003301 seconds, Stopping threads took: 0.0000757 seconds
[2022-02-07T17:15:47.763+0000][1448.789s][debug][safepoint     ] Safepoint synchronization initiated. (301 threads)
[2022-02-07T17:15:47.763+0000][1448.789s][info ][safepoint     ] Application time: 1.0031546 seconds
[2022-02-07T17:15:47.771+0000][1448.797s][debug][safepoint     ] ... found polling page return exception at pc = 0x00007f11b462489f, stub =0x00007f11ac8beb80
[2022-02-07T17:15:47.771+0000][1448.797s][debug][safepoint     ] Waiting for 1 thread(s) to block
[2022-02-07T17:15:47.771+0000][1448.797s][info ][safepoint     ] Entering safepoint region: Cleanup
[2022-02-07T17:15:47.772+0000][1448.797s][info ][safepoint     ] Leaving safepoint region
[2022-02-07T17:15:47.772+0000][1448.797s][info ][safepoint     ] Total time for which application threads were stopped: 0.0086943 seconds, Stopping threads took: 0.0084624 seconds
[2022-02-07T17:15:48.773+0000][1449.798s][debug][safepoint     ] Safepoint synchronization initiated. (301 threads)
[2022-02-07T17:15:48.773+0000][1449.799s][info ][safepoint     ] Application time: 1.0010788 seconds
[2022-02-07T17:15:48.773+0000][1449.799s][info ][safepoint     ] Entering safepoint region: Cleanup
[2022-02-07T17:15:48.773+0000][1449.799s][info ][safepoint     ] Leaving safepoint region
[2022-02-07T17:15:48.773+0000][1449.799s][info ][safepoint     ] Total time for which application threads were stopped: 0.0003264 seconds, Stopping threads took: 0.0000724 seconds
[2022-02-07T17:15:49.773+0000][1450.799s][debug][safepoint     ] Safepoint synchronization initiated. (301 threads)
[2022-02-07T17:15:49.773+0000][1450.799s][info ][safepoint     ] Application time: 1.0001463 seconds
[2022-02-07T17:15:49.773+0000][1450.799s][info ][safepoint     ] Entering safepoint region: Cleanup
[2022-02-07T17:15:49.774+0000][1450.800s][info ][safepoint     ] Leaving safepoint region
[2022-02-07T17:15:49.774+0000][1450.800s][info ][safepoint     ] Total time for which application threads were stopped: 0.0004867 seconds, Stopping threads took: 0.0000722 seconds
[2022-02-07T17:15:50.774+0000][1451.800s][debug][safepoint     ] Safepoint synchronization initiated. (301 threads)
[2022-02-07T17:15:50.774+0000][1451.800s][info ][safepoint     ] Application time: 1.0001116 seconds
[2022-02-07T17:15:50.774+0000][1451.800s][debug][safepoint     ] ... found polling page loop exception at pc = 0x00007f11b4504dfa, stub =0x00007f11ac8be900
[2022-02-07T17:15:50.774+0000][1451.800s][debug][safepoint     ] Waiting for 1 thread(s) to block
[2022-02-07T17:15:50.774+0000][1451.800s][info ][safepoint     ] Entering safepoint region: Cleanup
[2022-02-07T17:15:50.774+0000][1451.800s][info ][safepoint     ] Leaving safepoint region
[2022-02-07T17:15:50.774+0000][1451.800s][info ][safepoint     ] Total time for which application threads were stopped: 0.0004597 seconds, Stopping threads took: 0.0000960 seconds
[2022-02-07T17:15:51.774+0000][1452.800s][debug][safepoint     ] Safepoint synchronization initiated. (301 threads)
[2022-02-07T17:15:51.774+0000][1452.800s][info ][safepoint     ] Application time: 1.0001166 seconds
[2022-02-07T17:15:51.774+0000][1452.800s][info ][safepoint     ] Entering safepoint region: Cleanup
[2022-02-07T17:15:51.775+0000][1452.801s][info ][safepoint     ] Leaving safepoint region
[2022-02-07T17:15:51.775+0000][1452.801s][info ][safepoint     ] Total time for which application threads were stopped: 0.0004465 seconds, Stopping threads took: 0.0000704 seconds
[2022-02-07T17:15:52.775+0000][1453.801s][debug][safepoint     ] Safepoint synchronization initiated. (301 threads)
[2022-02-07T17:15:52.775+0000][1453.801s][info ][safepoint     ] Application time: 1.0001187 seconds
[2022-02-07T17:15:52.775+0000][1453.801s][info ][safepoint     ] Entering safepoint region: Cleanup
[2022-02-07T17:15:52.775+0000][1453.801s][info ][safepoint     ] Leaving safepoint region
[2022-02-07T17:15:52.775+0000][1453.801s][info ][safepoint     ] Total time for which application threads were stopped: 0.0004572 seconds, Stopping threads took: 0.0000682 seconds
[2022-02-07T17:15:53.776+0000][1454.801s][debug][safepoint     ] Safepoint synchronization initiated. (301 threads)
[2022-02-07T17:15:53.776+0000][1454.801s][info ][safepoint     ] Application time: 1.0001228 seconds
[2022-02-07T17:15:53.776+0000][1454.801s][info ][safepoint     ] Entering safepoint region: Cleanup
[2022-02-07T17:15:53.776+0000][1454.802s][info ][safepoint     ] Leaving safepoint region
[2022-02-07T17:15:53.776+0000][1454.802s][info ][safepoint     ] Total time for which application threads were stopped: 0.0004522 seconds, Stopping threads took: 0.0000720 seconds
[2022-02-07T17:15:54.776+0000][1455.802s][debug][safepoint     ] Safepoint synchronization initiated. (301 threads)
[2022-02-07T17:15:54.776+0000][1455.802s][info ][safepoint     ] Application time: 1.0001174 seconds
[2022-02-07T17:15:54.776+0000][1455.802s][info ][safepoint     ] Entering safepoint region: Cleanup
[2022-02-07T17:15:54.776+0000][1455.802s][info ][safepoint     ] Leaving safepoint region
[2022-02-07T17:15:54.776+0000][1455.802s][info ][safepoint     ] Total time for which application threads were stopped: 0.0003207 seconds, Stopping threads took: 0.0000727 seconds
[2022-02-07T17:15:55.777+0000][1456.803s][debug][safepoint     ] Safepoint synchronization initiated. (301 threads)
[2022-02-07T17:15:55.777+0000][1456.803s][info ][safepoint     ] Application time: 1.0002294 seconds
[2022-02-07T17:15:55.777+0000][1456.803s][debug][safepoint     ] ... found polling page loop exception at pc = 0x00007f11b51fdafb, stub =0x00007f11ac8be900
[2022-02-07T17:15:55.777+0000][1456.803s][debug][safepoint     ] Waiting for 1 thread(s) to block
[2022-02-07T17:15:55.777+0000][1456.803s][info ][safepoint     ] Entering safepoint region: Cleanup
[2022-02-07T17:15:55.777+0000][1456.803s][info ][safepoint     ] Leaving safepoint region
[2022-02-07T17:15:55.777+0000][1456.803s][info ][safepoint     ] Total time for which application threads were stopped: 0.0004839 seconds, Stopping threads took: 0.0001104 seconds
[2022-02-07T17:15:56.777+0000][1457.803s][debug][safepoint     ] Safepoint synchronization initiated. (301 threads)
[2022-02-07T17:15:56.777+0000][1457.803s][info ][safepoint     ] Application time: 1.0001325 seconds
[2022-02-07T17:15:56.777+0000][1457.803s][debug][safepoint     ] ... found polling page loop exception at pc = 0x00007f11b537be09, stub =0x00007f11ac8be900
[2022-02-07T17:15:56.777+0000][1457.803s][debug][safepoint     ] Waiting for 1 thread(s) to block
[2022-02-07T17:15:56.778+0000][1457.803s][info ][safepoint     ] Entering safepoint region: Cleanup
[2022-02-07T17:15:56.778+0000][1457.804s][info ][safepoint     ] Leaving safepoint region
[2022-02-07T17:15:56.778+0000][1457.804s][info ][safepoint     ] Total time for which application threads were stopped: 0.0006264 seconds, Stopping threads took: 0.0001890 seconds
[2022-02-07T17:15:57.778+0000][1458.804s][debug][safepoint     ] Safepoint synchronization initiated. (301 threads)
[2022-02-07T17:15:57.778+0000][1458.804s][info ][safepoint     ] Application time: 1.0001416 seconds
[2022-02-07T17:15:57.778+0000][1458.804s][info ][safepoint     ] Entering safepoint region: Cleanup
[2022-02-07T17:15:57.778+0000][1458.804s][info ][safepoint     ] Leaving safepoint region
[2022-02-07T17:15:57.779+0000][1458.804s][info ][safepoint     ] Total time for which application threads were stopped: 0.0003564 seconds, Stopping threads took: 0.0000919 seconds
[2022-02-07T17:15:58.779+0000][1459.804s][debug][safepoint     ] Safepoint synchronization initiated. (301 threads)
[2022-02-07T17:15:58.779+0000][1459.805s][info ][safepoint     ] Application time: 1.0001233 seconds
[2022-02-07T17:15:58.779+0000][1459.805s][info ][safepoint     ] Entering safepoint region: Cleanup
[2022-02-07T17:15:58.779+0000][1459.805s][info ][safepoint     ] Leaving safepoint region
[2022-02-07T17:15:58.779+0000][1459.805s][info ][safepoint     ] Total time for which application threads were stopped: 0.0003217 seconds, Stopping threads took: 0.0000718 seconds
[2022-02-07T17:15:59.779+0000][1460.805s][debug][safepoint     ] Safepoint synchronization initiated. (301 threads)
[2022-02-07T17:15:59.779+0000][1460.805s][info ][safepoint     ] Application time: 1.0003678 seconds
[2022-02-07T17:15:59.779+0000][1460.805s][debug][safepoint     ] Waiting for 2 thread(s) to block
[2022-02-07T17:15:59.779+0000][1460.805s][info ][safepoint     ] Entering safepoint region: Cleanup
[2022-02-07T17:15:59.780+0000][1460.806s][info ][safepoint     ] Leaving safepoint region
[2022-02-07T17:15:59.780+0000][1460.806s][info ][safepoint     ] Total time for which application threads were stopped: 0.0004721 seconds, Stopping threads took: 0.0001013 seconds
[2022-02-07T17:16:00.677+0000][1461.703s][debug][safepoint     ] Safepoint synchronization initiated. (301 threads)
[2022-02-07T17:16:00.677+0000][1461.703s][info ][safepoint     ] Application time: 0.8973996 seconds
[2022-02-07T17:16:00.677+0000][1461.703s][info ][safepoint     ] Entering safepoint region: G1CollectForAllocation
[2022-02-07T17:16:00.678+0000][1461.704s][info ][gc,start      ] GC(135) Pause Young (Normal) (G1 Evacuation Pause)
[2022-02-07T17:16:00.678+0000][1461.704s][info ][gc,task       ] GC(135) Using 4 workers of 4 for evacuation
[2022-02-07T17:16:00.722+0000][1461.748s][info ][gc,phases     ] GC(135)   Pre Evacuate Collection Set: 0.0ms
[2022-02-07T17:16:00.722+0000][1461.748s][info ][gc,phases     ] GC(135)   Evacuate Collection Set: 30.7ms
[2022-02-07T17:16:00.722+0000][1461.748s][info ][gc,phases     ] GC(135)   Post Evacuate Collection Set: 13.3ms
[2022-02-07T17:16:00.722+0000][1461.748s][info ][gc,phases     ] GC(135)   Other: 0.2ms
[2022-02-07T17:16:00.722+0000][1461.748s][info ][gc,heap       ] GC(135) Eden regions: 237->0(237)
[2022-02-07T17:16:00.722+0000][1461.748s][info ][gc,heap       ] GC(135) Survivor regions: 1->1(30)
[2022-02-07T17:16:00.722+0000][1461.748s][info ][gc,heap       ] GC(135) Old regions: 148->148
[2022-02-07T17:16:00.722+0000][1461.748s][info ][gc,heap       ] GC(135) Humongous regions: 0->0
[2022-02-07T17:16:00.722+0000][1461.748s][info ][gc,metaspace  ] GC(135) Metaspace: 162972K->162972K(1204224K)
[2022-02-07T17:16:00.722+0000][1461.748s][info ][gc            ] GC(135) Pause Young (Normal) (G1 Evacuation Pause) 383M->146M(430M) 44.392ms
[2022-02-07T17:16:00.722+0000][1461.748s][info ][gc,cpu        ] GC(135) User=0.02s Sys=0.00s Real=0.05s
[2022-02-07T17:16:00.722+0000][1461.748s][info ][safepoint     ] Leaving safepoint region
[2022-02-07T17:16:00.722+0000][1461.748s][info ][safepoint     ] Total time for which application threads were stopped: 0.0449482 seconds, Stopping threads took: 0.0000682 seconds
[2022-02-07T17:16:00.723+0000][1461.749s][info ][gc,stringdedup] Concurrent String Deduplication (1461.749s)
[2022-02-07T17:16:00.723+0000][1461.749s][info ][gc,stringdedup] Concurrent String Deduplication 616.0B->0.0B(616.0B) avg 53.3% (1461.749s, 1461.749s) 0.030ms
[2022-02-07T17:16:01.722+0000][1462.748s][debug][safepoint     ] Safepoint synchronization initiated. (301 threads)
[2022-02-07T17:16:01.722+0000][1462.748s][info ][safepoint     ] Application time: 1.0001440 seconds
[2022-02-07T17:16:01.722+0000][1462.748s][info ][safepoint     ] Entering safepoint region: Cleanup
[2022-02-07T17:16:01.723+0000][1462.749s][info ][safepoint     ] Leaving safepoint region
[2022-02-07T17:16:01.723+0000][1462.749s][info ][safepoint     ] Total time for which application threads were stopped: 0.0004382 seconds, Stopping threads took: 0.0000720 seconds
[2022-02-07T17:16:02.723+0000][1463.749s][debug][safepoint     ] Safepoint synchronization initiated. (301 threads)
[2022-02-07T17:16:02.723+0000][1463.749s][info ][safepoint     ] Application time: 1.0001066 seconds
[2022-02-07T17:16:02.723+0000][1463.749s][info ][safepoint     ] Entering safepoint region: Cleanup
[2022-02-07T17:16:02.723+0000][1463.749s][info ][safepoint     ] Leaving safepoint region
[2022-02-07T17:16:02.723+0000][1463.749s][info ][safepoint     ] Total time for which application threads were stopped: 0.0003061 seconds, Stopping threads took: 0.0000738 seconds
[2022-02-07T17:16:03.723+0000][1464.749s][debug][safepoint     ] Safepoint synchronization initiated. (301 threads)
[2022-02-07T17:16:03.723+0000][1464.749s][info ][safepoint     ] Application time: 1.0001157 seconds
[2022-02-07T17:16:03.723+0000][1464.749s][info ][safepoint     ] Entering safepoint region: Cleanup
[2022-02-07T17:16:03.724+0000][1464.750s][info ][safepoint     ] Leaving safepoint region
[2022-02-07T17:16:03.724+0000][1464.750s][info ][safepoint     ] Total time for which application threads were stopped: 0.0003062 seconds, Stopping threads took: 0.0000712 seconds
[2022-02-07T17:16:04.724+0000][1465.750s][debug][safepoint     ] Safepoint synchronization initiated. (301 threads)
[2022-02-07T17:16:04.724+0000][1465.750s][info ][safepoint     ] Application time: 1.0001133 seconds
[2022-02-07T17:16:04.724+0000][1465.750s][info ][safepoint     ] Entering safepoint region: Cleanup
[2022-02-07T17:16:04.724+0000][1465.750s][info ][safepoint     ] Leaving safepoint region
[2022-02-07T17:16:04.724+0000][1465.750s][info ][safepoint     ] Total time for which application threads were stopped: 0.0002882 seconds, Stopping threads took: 0.0000687 seconds
[2022-02-07T17:16:05.724+0000][1466.750s][debug][safepoint     ] Safepoint synchronization initiated. (301 threads)
[2022-02-07T17:16:05.724+0000][1466.750s][info ][safepoint     ] Application time: 1.0001183 seconds
[2022-02-07T17:16:05.724+0000][1466.750s][info ][safepoint     ] Entering safepoint region: Cleanup
[2022-02-07T17:16:05.725+0000][1466.750s][info ][safepoint     ] Leaving safepoint region
[2022-02-07T17:16:05.725+0000][1466.750s][info ][safepoint     ] Total time for which application threads were stopped: 0.0003145 seconds, Stopping threads took: 0.0000706 seconds
[2022-02-07T17:16:06.725+0000][1467.751s][debug][safepoint     ] Safepoint synchronization initiated. (301 threads)
[2022-02-07T17:16:06.725+0000][1467.751s][info ][safepoint     ] Application time: 1.0001081 seconds
[2022-02-07T17:16:06.725+0000][1467.751s][debug][safepoint     ] ... found polling page loop exception at pc = 0x00007f11b537be09, stub =0x00007f11ac8be900
[2022-02-07T17:16:06.725+0000][1467.751s][debug][safepoint     ] Waiting for 1 thread(s) to block
[2022-02-07T17:16:06.725+0000][1467.751s][info ][safepoint     ] Entering safepoint region: Cleanup
[2022-02-07T17:16:06.725+0000][1467.751s][info ][safepoint     ] Leaving safepoint region
[2022-02-07T17:16:06.725+0000][1467.751s][info ][safepoint     ] Total time for which application threads were stopped: 0.0003201 seconds, Stopping threads took: 0.0000968 seconds
[2022-02-07T17:16:07.725+0000][1468.751s][debug][safepoint     ] Safepoint synchronization initiated. (301 threads)
[2022-02-07T17:16:07.725+0000][1468.751s][info ][safepoint     ] Application time: 1.0001190 seconds
[2022-02-07T17:16:07.725+0000][1468.751s][info ][safepoint     ] Entering safepoint region: Cleanup
[2022-02-07T17:16:07.725+0000][1468.751s][info ][safepoint     ] Leaving safepoint region
[2022-02-07T17:16:07.725+0000][1468.751s][info ][safepoint     ] Total time for which application threads were stopped: 0.0002933 seconds, Stopping threads took: 0.0000696 seconds
[2022-02-07T17:16:08.726+0000][1469.751s][debug][safepoint     ] Safepoint synchronization initiated. (301 threads)
[2022-02-07T17:16:08.726+0000][1469.751s][info ][safepoint     ] Application time: 1.0001170 seconds
[2022-02-07T17:16:08.726+0000][1469.751s][info ][safepoint     ] Entering safepoint region: Cleanup
[2022-02-07T17:16:08.726+0000][1469.752s][info ][safepoint     ] Leaving safepoint region
[2022-02-07T17:16:08.726+0000][1469.752s][info ][safepoint     ] Total time for which application threads were stopped: 0.0003067 seconds, Stopping threads took: 0.0000876 seconds
[2022-02-07T17:16:09.726+0000][1470.752s][debug][safepoint     ] Safepoint synchronization initiated. (301 threads)
[2022-02-07T17:16:09.726+0000][1470.752s][info ][safepoint     ] Application time: 1.0001157 seconds
[2022-02-07T17:16:09.726+0000][1470.752s][info ][safepoint     ] Entering safepoint region: Cleanup
[2022-02-07T17:16:09.726+0000][1470.752s][info ][safepoint     ] Leaving safepoint region
[2022-02-07T17:16:09.726+0000][1470.752s][info ][safepoint     ] Total time for which application threads were stopped: 0.0003014 seconds, Stopping threads took: 0.0000708 seconds
[2022-02-07T17:16:10.726+0000][1471.752s][debug][safepoint     ] Safepoint synchronization initiated. (301 threads)
[2022-02-07T17:16:10.726+0000][1471.752s][info ][safepoint     ] Application time: 1.0000992 seconds
[2022-02-07T17:16:10.726+0000][1471.752s][info ][safepoint     ] Entering safepoint region: Cleanup
[2022-02-07T17:16:10.727+0000][1471.753s][info ][safepoint     ] Leaving safepoint region
[2022-02-07T17:16:10.727+0000][1471.753s][info ][safepoint     ] Total time for which application threads were stopped: 0.0003142 seconds, Stopping threads took: 0.0000681 seconds
[2022-02-07T17:16:11.727+0000][1472.753s][debug][safepoint     ] Safepoint synchronization initiated. (301 threads)
[2022-02-07T17:16:11.727+0000][1472.753s][info ][safepoint     ] Application time: 1.0001274 seconds
[2022-02-07T17:16:11.727+0000][1472.753s][debug][safepoint     ] ... found polling page return exception at pc = 0x00007f11b51f5afb, stub =0x00007f11ac8beb80
[2022-02-07T17:16:11.727+0000][1472.753s][debug][safepoint     ] Waiting for 1 thread(s) to block
[2022-02-07T17:16:11.727+0000][1472.753s][info ][safepoint     ] Entering safepoint region: Cleanup
[2022-02-07T17:16:11.727+0000][1472.753s][info ][safepoint     ] Leaving safepoint region
[2022-02-07T17:16:11.727+0000][1472.753s][info ][safepoint     ] Total time for which application threads were stopped: 0.0003475 seconds, Stopping threads took: 0.0001067 seconds
[2022-02-07T17:16:12.727+0000][1473.753s][debug][safepoint     ] Safepoint synchronization initiated. (301 threads)
[2022-02-07T17:16:12.727+0000][1473.753s][info ][safepoint     ] Application time: 1.0001240 seconds
[2022-02-07T17:16:12.727+0000][1473.753s][info ][safepoint     ] Entering safepoint region: Cleanup
[2022-02-07T17:16:12.728+0000][1473.754s][info ][safepoint     ] Leaving safepoint region
[2022-02-07T17:16:12.728+0000][1473.754s][info ][safepoint     ] Total time for which application threads were stopped: 0.0003057 seconds, Stopping threads took: 0.0000741 seconds
[2022-02-07T17:16:13.728+0000][1474.754s][debug][safepoint     ] Safepoint synchronization initiated. (301 threads)
[2022-02-07T17:16:13.728+0000][1474.754s][info ][safepoint     ] Application time: 1.0001137 seconds
[2022-02-07T17:16:13.728+0000][1474.754s][info ][safepoint     ] Entering safepoint region: Cleanup
[2022-02-07T17:16:13.728+0000][1474.754s][info ][safepoint     ] Leaving safepoint region
[2022-02-07T17:16:13.728+0000][1474.754s][info ][safepoint     ] Total time for which application threads were stopped: 0.0004315 seconds, Stopping threads took: 0.0000691 seconds
[2022-02-07T17:16:14.728+0000][1475.754s][debug][safepoint     ] Safepoint synchronization initiated. (301 threads)
[2022-02-07T17:16:14.728+0000][1475.754s][info ][safepoint     ] Application time: 1.0001227 seconds
[2022-02-07T17:16:14.728+0000][1475.754s][info ][safepoint     ] Entering safepoint region: Cleanup
[2022-02-07T17:16:14.729+0000][1475.755s][info ][safepoint     ] Leaving safepoint region
[2022-02-07T17:16:14.729+0000][1475.755s][info ][safepoint     ] Total time for which application threads were stopped: 0.0004536 seconds, Stopping threads took: 0.0000730 seconds
[2022-02-07T17:16:14.872+0000][1475.898s][debug][safepoint     ] Safepoint synchronization initiated. (301 threads)
[2022-02-07T17:16:14.872+0000][1475.898s][info ][safepoint     ] Application time: 0.1432739 seconds
[2022-02-07T17:16:14.872+0000][1475.898s][info ][safepoint     ] Entering safepoint region: G1CollectForAllocation
[2022-02-07T17:16:14.873+0000][1475.898s][info ][gc,start      ] GC(136) Pause Young (Normal) (G1 Evacuation Pause)
[2022-02-07T17:16:14.873+0000][1475.898s][info ][gc,task       ] GC(136) Using 4 workers of 4 for evacuation
[2022-02-07T17:16:14.893+0000][1475.919s][info ][gc,phases     ] GC(136)   Pre Evacuate Collection Set: 0.0ms
[2022-02-07T17:16:14.894+0000][1475.919s][info ][gc,phases     ] GC(136)   Evacuate Collection Set: 13.1ms
[2022-02-07T17:16:14.894+0000][1475.919s][info ][gc,phases     ] GC(136)   Post Evacuate Collection Set: 7.6ms
[2022-02-07T17:16:14.894+0000][1475.919s][info ][gc,phases     ] GC(136)   Other: 0.2ms
[2022-02-07T17:16:14.894+0000][1475.919s][info ][gc,heap       ] GC(136) Eden regions: 237->0(237)
[2022-02-07T17:16:14.894+0000][1475.919s][info ][gc,heap       ] GC(136) Survivor regions: 1->1(30)
[2022-02-07T17:16:14.894+0000][1475.919s][info ][gc,heap       ] GC(136) Old regions: 148->148
[2022-02-07T17:16:14.894+0000][1475.919s][info ][gc,heap       ] GC(136) Humongous regions: 0->0
[2022-02-07T17:16:14.894+0000][1475.919s][info ][gc,metaspace  ] GC(136) Metaspace: 162981K->162981K(1204224K)
[2022-02-07T17:16:14.894+0000][1475.919s][info ][gc            ] GC(136) Pause Young (Normal) (G1 Evacuation Pause) 383M->146M(430M) 20.995ms
[2022-02-07T17:16:14.894+0000][1475.920s][info ][gc,cpu        ] GC(136) User=0.01s Sys=0.00s Real=0.02s
[2022-02-07T17:16:14.894+0000][1475.920s][info ][safepoint     ] Leaving safepoint region
[2022-02-07T17:16:14.894+0000][1475.920s][info ][safepoint     ] Total time for which application threads were stopped: 0.0215603 seconds, Stopping threads took: 0.0000710 seconds
[2022-02-07T17:16:14.894+0000][1475.920s][info ][gc,stringdedup] Concurrent String Deduplication (1475.920s)
[2022-02-07T17:16:14.894+0000][1475.920s][info ][gc,stringdedup] Concurrent String Deduplication 1048.0B->72.0B(976.0B) avg 53.3% (1475.920s, 1475.920s) 0.027ms
[2022-02-07T17:16:15.894+0000][1476.920s][debug][safepoint     ] Safepoint synchronization initiated. (301 threads)
[2022-02-07T17:16:15.894+0000][1476.920s][info ][safepoint     ] Application time: 1.0001472 seconds
[2022-02-07T17:16:15.894+0000][1476.920s][info ][safepoint     ] Entering safepoint region: Cleanup
[2022-02-07T17:16:15.894+0000][1476.920s][info ][safepoint     ] Leaving safepoint region
[2022-02-07T17:16:15.894+0000][1476.920s][info ][safepoint     ] Total time for which application threads were stopped: 0.0004313 seconds, Stopping threads took: 0.0000717 seconds
[2022-02-07T17:16:16.894+0000][1477.920s][debug][safepoint     ] Safepoint synchronization initiated. (301 threads)
[2022-02-07T17:16:16.894+0000][1477.920s][info ][safepoint     ] Application time: 1.0001468 seconds
[2022-02-07T17:16:16.894+0000][1477.920s][debug][safepoint     ] ... found polling page return exception at pc = 0x00007f11b4c519ef, stub =0x00007f11ac8beb80
[2022-02-07T17:16:16.895+0000][1477.920s][debug][safepoint     ] Waiting for 1 thread(s) to block
[2022-02-07T17:16:16.895+0000][1477.920s][info ][safepoint     ] Entering safepoint region: Cleanup
[2022-02-07T17:16:16.895+0000][1477.921s][info ][safepoint     ] Leaving safepoint region
[2022-02-07T17:16:16.895+0000][1477.921s][info ][safepoint     ] Total time for which application threads were stopped: 0.0004321 seconds, Stopping threads took: 0.0001794 seconds
[2022-02-07T17:16:17.895+0000][1478.921s][debug][safepoint     ] Safepoint synchronization initiated. (301 threads)
[2022-02-07T17:16:17.895+0000][1478.921s][info ][safepoint     ] Application time: 1.0001244 seconds
[2022-02-07T17:16:17.895+0000][1478.921s][debug][safepoint     ] ... found polling page return exception at pc = 0x00007f11b45ef5be, stub =0x00007f11ac8beb80
[2022-02-07T17:16:17.895+0000][1478.921s][debug][safepoint     ] Waiting for 1 thread(s) to block
[2022-02-07T17:16:17.895+0000][1478.921s][info ][safepoint     ] Entering safepoint region: Cleanup
[2022-02-07T17:16:17.895+0000][1478.921s][info ][safepoint     ] Leaving safepoint region
[2022-02-07T17:16:17.895+0000][1478.921s][info ][safepoint     ] Total time for which application threads were stopped: 0.0003571 seconds, Stopping threads took: 0.0001196 seconds
[2022-02-07T17:16:18.896+0000][1479.921s][debug][safepoint     ] Safepoint synchronization initiated. (301 threads)
[2022-02-07T17:16:18.896+0000][1479.921s][info ][safepoint     ] Application time: 1.0001478 seconds
[2022-02-07T17:16:18.896+0000][1479.921s][info ][safepoint     ] Entering safepoint region: Cleanup
[2022-02-07T17:16:18.896+0000][1479.922s][info ][safepoint     ] Leaving safepoint region
[2022-02-07T17:16:18.896+0000][1479.922s][info ][safepoint     ] Total time for which application threads were stopped: 0.0003339 seconds, Stopping threads took: 0.0000702 seconds
[2022-02-07T17:16:19.896+0000][1480.922s][debug][safepoint     ] Safepoint synchronization initiated. (301 threads)
[2022-02-07T17:16:19.896+0000][1480.922s][info ][safepoint     ] Application time: 1.0001088 seconds
[2022-02-07T17:16:19.896+0000][1480.922s][info ][safepoint     ] Entering safepoint region: Cleanup
[2022-02-07T17:16:19.896+0000][1480.922s][info ][safepoint     ] Leaving safepoint region
[2022-02-07T17:16:19.896+0000][1480.922s][info ][safepoint     ] Total time for which application threads were stopped: 0.0002337 seconds, Stopping threads took: 0.0000619 seconds
[2022-02-07T17:16:20.896+0000][1481.922s][debug][safepoint     ] Safepoint synchronization initiated. (301 threads)
[2022-02-07T17:16:20.896+0000][1481.922s][info ][safepoint     ] Application time: 1.0001659 seconds
[2022-02-07T17:16:20.896+0000][1481.922s][debug][safepoint     ] ... found polling page return exception at pc = 0x00007f11b4a800c4, stub =0x00007f11ac8beb80
[2022-02-07T17:16:20.897+0000][1481.922s][debug][safepoint     ] Waiting for 1 thread(s) to block
[2022-02-07T17:16:20.897+0000][1481.922s][info ][safepoint     ] Entering safepoint region: Cleanup
[2022-02-07T17:16:20.897+0000][1481.923s][info ][safepoint     ] Leaving safepoint region
[2022-02-07T17:16:20.897+0000][1481.923s][info ][safepoint     ] Total time for which application threads were stopped: 0.0003692 seconds, Stopping threads took: 0.0001650 seconds
[2022-02-07T17:16:21.897+0000][1482.923s][debug][safepoint     ] Safepoint synchronization initiated. (301 threads)
[2022-02-07T17:16:21.897+0000][1482.923s][info ][safepoint     ] Application time: 1.0001175 seconds
[2022-02-07T17:16:21.897+0000][1482.923s][info ][safepoint     ] Entering safepoint region: Cleanup
[2022-02-07T17:16:21.897+0000][1482.923s][info ][safepoint     ] Leaving safepoint region
[2022-02-07T17:16:21.897+0000][1482.923s][info ][safepoint     ] Total time for which application threads were stopped: 0.0003141 seconds, Stopping threads took: 0.0000628 seconds
[2022-02-07T17:16:22.897+0000][1483.923s][debug][safepoint     ] Safepoint synchronization initiated. (301 threads)
[2022-02-07T17:16:22.897+0000][1483.923s][info ][safepoint     ] Application time: 1.0001524 seconds
[2022-02-07T17:16:22.898+0000][1483.923s][info ][safepoint     ] Entering safepoint region: Cleanup
[2022-02-07T17:16:22.898+0000][1483.924s][info ][safepoint     ] Leaving safepoint region
[2022-02-07T17:16:22.898+0000][1483.924s][info ][safepoint     ] Total time for which application threads were stopped: 0.0004563 seconds, Stopping threads took: 0.0000723 seconds
[2022-02-07T17:16:23.898+0000][1484.924s][debug][safepoint     ] Safepoint synchronization initiated. (301 threads)
[2022-02-07T17:16:23.898+0000][1484.924s][info ][safepoint     ] Application time: 1.0001470 seconds
[2022-02-07T17:16:23.898+0000][1484.924s][info ][safepoint     ] Entering safepoint region: Cleanup
[2022-02-07T17:16:23.898+0000][1484.924s][info ][safepoint     ] Leaving safepoint region
[2022-02-07T17:16:23.898+0000][1484.924s][info ][safepoint     ] Total time for which application threads were stopped: 0.0003030 seconds, Stopping threads took: 0.0000664 seconds
[2022-02-07T17:16:24.899+0000][1485.924s][debug][safepoint     ] Safepoint synchronization initiated. (301 threads)
[2022-02-07T17:16:24.899+0000][1485.924s][info ][safepoint     ] Application time: 1.0001551 seconds
[2022-02-07T17:16:24.899+0000][1485.924s][info ][safepoint     ] Entering safepoint region: Cleanup
[2022-02-07T17:16:24.899+0000][1485.925s][info ][safepoint     ] Leaving safepoint region
[2022-02-07T17:16:24.899+0000][1485.925s][info ][safepoint     ] Total time for which application threads were stopped: 0.0003259 seconds, Stopping threads took: 0.0000826 seconds
[2022-02-07T17:16:25.899+0000][1486.925s][debug][safepoint     ] Safepoint synchronization initiated. (301 threads)
[2022-02-07T17:16:25.899+0000][1486.925s][info ][safepoint     ] Application time: 1.0001460 seconds
[2022-02-07T17:16:25.899+0000][1486.925s][info ][safepoint     ] Entering safepoint region: Cleanup
[2022-02-07T17:16:25.900+0000][1486.925s][info ][safepoint     ] Leaving safepoint region
[2022-02-07T17:16:25.900+0000][1486.925s][info ][safepoint     ] Total time for which application threads were stopped: 0.0004551 seconds, Stopping threads took: 0.0000721 seconds
[2022-02-07T17:16:26.900+0000][1487.925s][debug][safepoint     ] Safepoint synchronization initiated. (301 threads)
[2022-02-07T17:16:26.900+0000][1487.925s][info ][safepoint     ] Application time: 1.0001001 seconds
[2022-02-07T17:16:26.900+0000][1487.926s][info ][safepoint     ] Entering safepoint region: Cleanup
[2022-02-07T17:16:26.900+0000][1487.926s][info ][safepoint     ] Leaving safepoint region
[2022-02-07T17:16:26.900+0000][1487.926s][info ][safepoint     ] Total time for which application threads were stopped: 0.0004443 seconds, Stopping threads took: 0.0000698 seconds
[2022-02-07T17:16:27.900+0000][1488.926s][debug][safepoint     ] Safepoint synchronization initiated. (301 threads)
[2022-02-07T17:16:27.900+0000][1488.926s][info ][safepoint     ] Application time: 1.0001140 seconds
[2022-02-07T17:16:27.900+0000][1488.926s][info ][safepoint     ] Entering safepoint region: Cleanup
[2022-02-07T17:16:27.901+0000][1488.926s][info ][safepoint     ] Leaving safepoint region
[2022-02-07T17:16:27.901+0000][1488.926s][info ][safepoint     ] Total time for which application threads were stopped: 0.0003296 seconds, Stopping threads took: 0.0000691 seconds
[2022-02-07T17:16:28.901+0000][1489.926s][debug][safepoint     ] Safepoint synchronization initiated. (301 threads)
[2022-02-07T17:16:28.901+0000][1489.927s][info ][safepoint     ] Application time: 1.0001220 seconds
[2022-02-07T17:16:28.901+0000][1489.927s][info ][safepoint     ] Entering safepoint region: Cleanup
[2022-02-07T17:16:28.901+0000][1489.927s][info ][safepoint     ] Leaving safepoint region
[2022-02-07T17:16:28.901+0000][1489.927s][info ][safepoint     ] Total time for which application threads were stopped: 0.0004541 seconds, Stopping threads took: 0.0000735 seconds
[2022-02-07T17:16:29.901+0000][1490.927s][debug][safepoint     ] Safepoint synchronization initiated. (301 threads)
[2022-02-07T17:16:29.901+0000][1490.927s][info ][safepoint     ] Application time: 1.0001126 seconds
[2022-02-07T17:16:29.901+0000][1490.927s][debug][safepoint     ] ... found polling page loop exception at pc = 0x00007f11b4504dfa, stub =0x00007f11ac8be900
[2022-02-07T17:16:29.901+0000][1490.927s][debug][safepoint     ] Waiting for 1 thread(s) to block
[2022-02-07T17:16:29.901+0000][1490.927s][info ][safepoint     ] Entering safepoint region: Cleanup
[2022-02-07T17:16:29.902+0000][1490.928s][info ][safepoint     ] Leaving safepoint region
[2022-02-07T17:16:29.902+0000][1490.928s][info ][safepoint     ] Total time for which application threads were stopped: 0.0004719 seconds, Stopping threads took: 0.0000957 seconds
[2022-02-07T17:16:30.902+0000][1491.928s][debug][safepoint     ] Safepoint synchronization initiated. (301 threads)
[2022-02-07T17:16:30.902+0000][1491.928s][info ][safepoint     ] Application time: 1.0001186 seconds
[2022-02-07T17:16:30.902+0000][1491.928s][info ][safepoint     ] Entering safepoint region: Cleanup
[2022-02-07T17:16:30.902+0000][1491.928s][info ][safepoint     ] Leaving safepoint region
[2022-02-07T17:16:30.902+0000][1491.928s][info ][safepoint     ] Total time for which application threads were stopped: 0.0004369 seconds, Stopping threads took: 0.0000751 seconds
[2022-02-07T17:16:31.902+0000][1492.928s][debug][safepoint     ] Safepoint synchronization initiated. (301 threads)
[2022-02-07T17:16:31.902+0000][1492.928s][info ][safepoint     ] Application time: 1.0001118 seconds
[2022-02-07T17:16:31.903+0000][1492.928s][info ][safepoint     ] Entering safepoint region: Cleanup
[2022-02-07T17:16:31.903+0000][1492.929s][info ][safepoint     ] Leaving safepoint region
[2022-02-07T17:16:31.903+0000][1492.929s][info ][safepoint     ] Total time for which application threads were stopped: 0.0002979 seconds, Stopping threads took: 0.0000706 seconds
[2022-02-07T17:16:32.903+0000][1493.929s][debug][safepoint     ] Safepoint synchronization initiated. (301 threads)
[2022-02-07T17:16:32.903+0000][1493.929s][info ][safepoint     ] Application time: 1.0001214 seconds
[2022-02-07T17:16:32.903+0000][1493.929s][debug][safepoint     ] ... found polling page return exception at pc = 0x00007f11b462489f, stub =0x00007f11ac8beb80
[2022-02-07T17:16:32.903+0000][1493.929s][debug][safepoint     ] Waiting for 1 thread(s) to block
[2022-02-07T17:16:32.903+0000][1493.929s][info ][safepoint     ] Entering safepoint region: Cleanup
[2022-02-07T17:16:32.903+0000][1493.929s][info ][safepoint     ] Leaving safepoint region
[2022-02-07T17:16:32.903+0000][1493.929s][info ][safepoint     ] Total time for which application threads were stopped: 0.0005089 seconds, Stopping threads took: 0.0001025 seconds
[2022-02-07T17:16:33.904+0000][1494.929s][debug][safepoint     ] Safepoint synchronization initiated. (301 threads)
[2022-02-07T17:16:33.904+0000][1494.929s][info ][safepoint     ] Application time: 1.0001388 seconds
[2022-02-07T17:16:33.904+0000][1494.929s][info ][safepoint     ] Entering safepoint region: Cleanup
[2022-02-07T17:16:33.904+0000][1494.930s][info ][safepoint     ] Leaving safepoint region
[2022-02-07T17:16:33.904+0000][1494.930s][info ][safepoint     ] Total time for which application threads were stopped: 0.0003105 seconds, Stopping threads took: 0.0000686 seconds
[2022-02-07T17:16:34.904+0000][1495.930s][debug][safepoint     ] Safepoint synchronization initiated. (301 threads)
[2022-02-07T17:16:34.904+0000][1495.930s][info ][safepoint     ] Application time: 1.0001234 seconds
[2022-02-07T17:16:34.904+0000][1495.930s][debug][safepoint     ] Waiting for 1 thread(s) to block
[2022-02-07T17:16:34.904+0000][1495.930s][info ][safepoint     ] Entering safepoint region: Cleanup
[2022-02-07T17:16:34.904+0000][1495.930s][info ][safepoint     ] Leaving safepoint region
[2022-02-07T17:16:34.904+0000][1495.930s][info ][safepoint     ] Total time for which application threads were stopped: 0.0004706 seconds, Stopping threads took: 0.0000935 seconds
[2022-02-07T17:16:35.081+0000][1496.107s][debug][safepoint     ] Safepoint synchronization initiated. (301 threads)
[2022-02-07T17:16:35.081+0000][1496.107s][info ][safepoint     ] Application time: 0.1764513 seconds
[2022-02-07T17:16:35.081+0000][1496.107s][info ][safepoint     ] Entering safepoint region: G1CollectForAllocation
[2022-02-07T17:16:35.082+0000][1496.107s][info ][gc,start      ] GC(137) Pause Young (Normal) (G1 Evacuation Pause)
[2022-02-07T17:16:35.082+0000][1496.107s][info ][gc,task       ] GC(137) Using 4 workers of 4 for evacuation
[2022-02-07T17:16:35.104+0000][1496.130s][info ][gc,phases     ] GC(137)   Pre Evacuate Collection Set: 0.0ms
[2022-02-07T17:16:35.104+0000][1496.130s][info ][gc,phases     ] GC(137)   Evacuate Collection Set: 15.0ms
[2022-02-07T17:16:35.104+0000][1496.130s][info ][gc,phases     ] GC(137)   Post Evacuate Collection Set: 7.4ms
[2022-02-07T17:16:35.104+0000][1496.130s][info ][gc,phases     ] GC(137)   Other: 0.3ms
[2022-02-07T17:16:35.104+0000][1496.130s][info ][gc,heap       ] GC(137) Eden regions: 237->0(237)
[2022-02-07T17:16:35.104+0000][1496.130s][info ][gc,heap       ] GC(137) Survivor regions: 1->1(30)
[2022-02-07T17:16:35.104+0000][1496.130s][info ][gc,heap       ] GC(137) Old regions: 148->148
[2022-02-07T17:16:35.104+0000][1496.130s][info ][gc,heap       ] GC(137) Humongous regions: 0->0
[2022-02-07T17:16:35.104+0000][1496.130s][info ][gc,metaspace  ] GC(137) Metaspace: 162990K->162990K(1204224K)
[2022-02-07T17:16:35.104+0000][1496.130s][info ][gc            ] GC(137) Pause Young (Normal) (G1 Evacuation Pause) 383M->146M(430M) 22.809ms
[2022-02-07T17:16:35.104+0000][1496.130s][info ][gc,cpu        ] GC(137) User=0.02s Sys=0.00s Real=0.02s
[2022-02-07T17:16:35.104+0000][1496.130s][info ][safepoint     ] Leaving safepoint region
[2022-02-07T17:16:35.104+0000][1496.130s][info ][safepoint     ] Total time for which application threads were stopped: 0.0234702 seconds, Stopping threads took: 0.0000715 seconds
[2022-02-07T17:16:35.104+0000][1496.130s][info ][gc,stringdedup] Concurrent String Deduplication (1496.130s)
[2022-02-07T17:16:35.104+0000][1496.130s][info ][gc,stringdedup] Concurrent String Deduplication 328.0B->0.0B(328.0B) avg 53.3% (1496.130s, 1496.130s) 0.037ms
[2022-02-07T17:16:36.105+0000][1497.130s][debug][safepoint     ] Safepoint synchronization initiated. (301 threads)
[2022-02-07T17:16:36.105+0000][1497.130s][info ][safepoint     ] Application time: 1.0001463 seconds
[2022-02-07T17:16:36.105+0000][1497.131s][info ][safepoint     ] Entering safepoint region: Cleanup
[2022-02-07T17:16:36.105+0000][1497.131s][info ][safepoint     ] Leaving safepoint region
[2022-02-07T17:16:36.105+0000][1497.131s][info ][safepoint     ] Total time for which application threads were stopped: 0.0004352 seconds, Stopping threads took: 0.0000761 seconds
[2022-02-07T17:16:37.105+0000][1498.131s][debug][safepoint     ] Safepoint synchronization initiated. (301 threads)
[2022-02-07T17:16:37.105+0000][1498.131s][info ][safepoint     ] Application time: 1.0001185 seconds
[2022-02-07T17:16:37.105+0000][1498.131s][info ][safepoint     ] Entering safepoint region: Cleanup
[2022-02-07T17:16:37.106+0000][1498.131s][info ][safepoint     ] Leaving safepoint region
[2022-02-07T17:16:37.106+0000][1498.131s][info ][safepoint     ] Total time for which application threads were stopped: 0.0004421 seconds, Stopping threads took: 0.0000748 seconds
[2022-02-07T17:16:38.106+0000][1499.132s][debug][safepoint     ] Safepoint synchronization initiated. (301 threads)
[2022-02-07T17:16:38.106+0000][1499.132s][info ][safepoint     ] Application time: 1.0001119 seconds
[2022-02-07T17:16:38.106+0000][1499.132s][info ][safepoint     ] Entering safepoint region: Cleanup
[2022-02-07T17:16:38.106+0000][1499.132s][info ][safepoint     ] Leaving safepoint region
[2022-02-07T17:16:38.106+0000][1499.132s][info ][safepoint     ] Total time for which application threads were stopped: 0.0004298 seconds, Stopping threads took: 0.0000676 seconds
[2022-02-07T17:16:39.106+0000][1500.132s][debug][safepoint     ] Safepoint synchronization initiated. (301 threads)
[2022-02-07T17:16:39.106+0000][1500.132s][info ][safepoint     ] Application time: 1.0001267 seconds
[2022-02-07T17:16:39.106+0000][1500.132s][info ][safepoint     ] Entering safepoint region: Cleanup
[2022-02-07T17:16:39.107+0000][1500.133s][info ][safepoint     ] Leaving safepoint region
[2022-02-07T17:16:39.107+0000][1500.133s][info ][safepoint     ] Total time for which application threads were stopped: 0.0004535 seconds, Stopping threads took: 0.0000708 seconds
[2022-02-07T17:16:40.107+0000][1501.133s][debug][safepoint     ] Safepoint synchronization initiated. (301 threads)
[2022-02-07T17:16:40.107+0000][1501.133s][info ][safepoint     ] Application time: 1.0001143 seconds
[2022-02-07T17:16:40.107+0000][1501.133s][info ][safepoint     ] Entering safepoint region: Cleanup
[2022-02-07T17:16:40.107+0000][1501.133s][info ][safepoint     ] Leaving safepoint region
[2022-02-07T17:16:40.107+0000][1501.133s][info ][safepoint     ] Total time for which application threads were stopped: 0.0004456 seconds, Stopping threads took: 0.0000704 seconds
[2022-02-07T17:16:41.107+0000][1502.133s][debug][safepoint     ] Safepoint synchronization initiated. (301 threads)
[2022-02-07T17:16:41.107+0000][1502.133s][info ][safepoint     ] Application time: 1.0001180 seconds
[2022-02-07T17:16:41.108+0000][1502.133s][info ][safepoint     ] Entering safepoint region: Cleanup
[2022-02-07T17:16:41.108+0000][1502.134s][info ][safepoint     ] Leaving safepoint region
[2022-02-07T17:16:41.108+0000][1502.134s][info ][safepoint     ] Total time for which application threads were stopped: 0.0004370 seconds, Stopping threads took: 0.0000695 seconds
[2022-02-07T17:16:42.108+0000][1503.134s][debug][safepoint     ] Safepoint synchronization initiated. (301 threads)
[2022-02-07T17:16:42.108+0000][1503.134s][info ][safepoint     ] Application time: 1.0001257 seconds
[2022-02-07T17:16:42.108+0000][1503.134s][info ][safepoint     ] Entering safepoint region: Cleanup
[2022-02-07T17:16:42.108+0000][1503.134s][info ][safepoint     ] Leaving safepoint region
[2022-02-07T17:16:42.108+0000][1503.134s][info ][safepoint     ] Total time for which application threads were stopped: 0.0003239 seconds, Stopping threads took: 0.0000763 seconds
[2022-02-07T17:16:43.108+0000][1504.134s][debug][safepoint     ] Safepoint synchronization initiated. (301 threads)
[2022-02-07T17:16:43.109+0000][1504.134s][info ][safepoint     ] Application time: 1.0001247 seconds
[2022-02-07T17:16:43.109+0000][1504.134s][info ][safepoint     ] Entering safepoint region: Cleanup
[2022-02-07T17:16:43.109+0000][1504.135s][info ][safepoint     ] Leaving safepoint region
[2022-02-07T17:16:43.109+0000][1504.135s][info ][safepoint     ] Total time for which application threads were stopped: 0.0003165 seconds, Stopping threads took: 0.0000799 seconds
[2022-02-07T17:16:44.109+0000][1505.135s][debug][safepoint     ] Safepoint synchronization initiated. (301 threads)
[2022-02-07T17:16:44.109+0000][1505.135s][info ][safepoint     ] Application time: 1.0001199 seconds
[2022-02-07T17:16:44.109+0000][1505.135s][debug][safepoint     ] ... found polling page return exception at pc = 0x00007f11b4bc161d, stub =0x00007f11ac8beb80
[2022-02-07T17:16:44.109+0000][1505.135s][debug][safepoint     ] Waiting for 1 thread(s) to block
[2022-02-07T17:16:44.109+0000][1505.135s][info ][safepoint     ] Entering safepoint region: Cleanup
[2022-02-07T17:16:44.109+0000][1505.135s][info ][safepoint     ] Leaving safepoint region
[2022-02-07T17:16:44.109+0000][1505.135s][info ][safepoint     ] Total time for which application threads were stopped: 0.0004806 seconds, Stopping threads took: 0.0001102 seconds
[2022-02-07T17:16:45.110+0000][1506.135s][debug][safepoint     ] Safepoint synchronization initiated. (301 threads)
[2022-02-07T17:16:45.110+0000][1506.135s][info ][safepoint     ] Application time: 1.0001110 seconds
[2022-02-07T17:16:45.110+0000][1506.136s][info ][safepoint     ] Entering safepoint region: Cleanup
[2022-02-07T17:16:45.110+0000][1506.136s][info ][safepoint     ] Leaving safepoint region
[2022-02-07T17:16:45.110+0000][1506.136s][info ][safepoint     ] Total time for which application threads were stopped: 0.0004352 seconds, Stopping threads took: 0.0000686 seconds
[2022-02-07T17:16:46.110+0000][1507.136s][debug][safepoint     ] Safepoint synchronization initiated. (301 threads)
[2022-02-07T17:16:46.110+0000][1507.136s][info ][safepoint     ] Application time: 1.0001357 seconds
[2022-02-07T17:16:46.110+0000][1507.136s][info ][safepoint     ] Entering safepoint region: Cleanup
[2022-02-07T17:16:46.111+0000][1507.136s][info ][safepoint     ] Leaving safepoint region
[2022-02-07T17:16:46.111+0000][1507.136s][info ][safepoint     ] Total time for which application threads were stopped: 0.0004472 seconds, Stopping threads took: 0.0000687 seconds
[2022-02-07T17:16:47.111+0000][1508.137s][debug][safepoint     ] Safepoint synchronization initiated. (301 threads)
[2022-02-07T17:16:47.111+0000][1508.137s][info ][safepoint     ] Application time: 1.0001183 seconds
[2022-02-07T17:16:47.111+0000][1508.137s][debug][safepoint     ] ... found polling page return exception at pc = 0x00007f11b4fe5b12, stub =0x00007f11ac8beb80
[2022-02-07T17:16:47.111+0000][1508.137s][debug][safepoint     ] Waiting for 1 thread(s) to block
[2022-02-07T17:16:47.111+0000][1508.137s][info ][safepoint     ] Entering safepoint region: Cleanup
[2022-02-07T17:16:47.111+0000][1508.137s][info ][safepoint     ] Leaving safepoint region
[2022-02-07T17:16:47.111+0000][1508.137s][info ][safepoint     ] Total time for which application threads were stopped: 0.0004961 seconds, Stopping threads took: 0.0001139 seconds
[2022-02-07T17:16:48.111+0000][1509.137s][debug][safepoint     ] Safepoint synchronization initiated. (301 threads)
[2022-02-07T17:16:48.111+0000][1509.137s][info ][safepoint     ] Application time: 1.0001215 seconds
[2022-02-07T17:16:48.111+0000][1509.137s][info ][safepoint     ] Entering safepoint region: Cleanup
[2022-02-07T17:16:48.112+0000][1509.138s][info ][safepoint     ] Leaving safepoint region
[2022-02-07T17:16:48.112+0000][1509.138s][info ][safepoint     ] Total time for which application threads were stopped: 0.0004378 seconds, Stopping threads took: 0.0000716 seconds
[2022-02-07T17:16:49.112+0000][1510.138s][debug][safepoint     ] Safepoint synchronization initiated. (301 threads)
[2022-02-07T17:16:49.112+0000][1510.138s][info ][safepoint     ] Application time: 1.0001511 seconds
[2022-02-07T17:16:49.112+0000][1510.138s][info ][safepoint     ] Entering safepoint region: Cleanup
[2022-02-07T17:16:49.112+0000][1510.138s][info ][safepoint     ] Leaving safepoint region
[2022-02-07T17:16:49.112+0000][1510.138s][info ][safepoint     ] Total time for which application threads were stopped: 0.0002987 seconds, Stopping threads took: 0.0000726 seconds
[2022-02-07T17:16:50.112+0000][1511.138s][debug][safepoint     ] Safepoint synchronization initiated. (301 threads)
[2022-02-07T17:16:50.112+0000][1511.138s][info ][safepoint     ] Application time: 1.0001196 seconds
[2022-02-07T17:16:50.112+0000][1511.138s][debug][safepoint     ] ... found polling page return exception at pc = 0x00007f11b489c486, stub =0x00007f11ac8beb80
[2022-02-07T17:16:50.113+0000][1511.138s][debug][safepoint     ] Waiting for 1 thread(s) to block
[2022-02-07T17:16:50.113+0000][1511.138s][info ][safepoint     ] Entering safepoint region: Cleanup
[2022-02-07T17:16:50.113+0000][1511.139s][info ][safepoint     ] Leaving safepoint region
[2022-02-07T17:16:50.113+0000][1511.139s][info ][safepoint     ] Total time for which application threads were stopped: 0.0005100 seconds, Stopping threads took: 0.0001126 seconds
[2022-02-07T17:16:50.149+0000][1511.175s][debug][safepoint     ] Safepoint synchronization initiated. (301 threads)
[2022-02-07T17:16:50.149+0000][1511.175s][info ][safepoint     ] Application time: 0.0358195 seconds
[2022-02-07T17:16:50.149+0000][1511.175s][info ][safepoint     ] Entering safepoint region: G1CollectForAllocation
[2022-02-07T17:16:50.149+0000][1511.175s][info ][gc,start      ] GC(138) Pause Young (Normal) (G1 Evacuation Pause)
[2022-02-07T17:16:50.149+0000][1511.175s][info ][gc,task       ] GC(138) Using 4 workers of 4 for evacuation
[2022-02-07T17:16:50.164+0000][1511.189s][info ][gc,phases     ] GC(138)   Pre Evacuate Collection Set: 0.0ms
[2022-02-07T17:16:50.164+0000][1511.189s][info ][gc,phases     ] GC(138)   Evacuate Collection Set: 6.2ms
[2022-02-07T17:16:50.164+0000][1511.189s][info ][gc,phases     ] GC(138)   Post Evacuate Collection Set: 7.8ms
[2022-02-07T17:16:50.164+0000][1511.189s][info ][gc,phases     ] GC(138)   Other: 0.3ms
[2022-02-07T17:16:50.164+0000][1511.189s][info ][gc,heap       ] GC(138) Eden regions: 237->0(237)
[2022-02-07T17:16:50.164+0000][1511.189s][info ][gc,heap       ] GC(138) Survivor regions: 1->1(30)
[2022-02-07T17:16:50.164+0000][1511.189s][info ][gc,heap       ] GC(138) Old regions: 148->148
[2022-02-07T17:16:50.164+0000][1511.189s][info ][gc,heap       ] GC(138) Humongous regions: 0->0
[2022-02-07T17:16:50.164+0000][1511.189s][info ][gc,metaspace  ] GC(138) Metaspace: 162993K->162993K(1204224K)
[2022-02-07T17:16:50.164+0000][1511.190s][info ][gc            ] GC(138) Pause Young (Normal) (G1 Evacuation Pause) 383M->146M(430M) 14.406ms
[2022-02-07T17:16:50.164+0000][1511.190s][info ][gc,cpu        ] GC(138) User=0.02s Sys=0.00s Real=0.01s
[2022-02-07T17:16:50.164+0000][1511.190s][info ][safepoint     ] Leaving safepoint region
[2022-02-07T17:16:50.164+0000][1511.190s][info ][safepoint     ] Total time for which application threads were stopped: 0.0149767 seconds, Stopping threads took: 0.0000731 seconds
[2022-02-07T17:16:50.164+0000][1511.190s][info ][gc,stringdedup] Concurrent String Deduplication (1511.190s)
[2022-02-07T17:16:50.164+0000][1511.190s][info ][gc,stringdedup] Concurrent String Deduplication 1008.0B->0.0B(1008.0B) avg 53.3% (1511.190s, 1511.190s) 0.029ms
[2022-02-07T17:16:51.164+0000][1512.190s][debug][safepoint     ] Safepoint synchronization initiated. (301 threads)
[2022-02-07T17:16:51.164+0000][1512.190s][info ][safepoint     ] Application time: 1.0001282 seconds
[2022-02-07T17:16:51.164+0000][1512.190s][info ][safepoint     ] Entering safepoint region: Cleanup
[2022-02-07T17:16:51.164+0000][1512.190s][info ][safepoint     ] Leaving safepoint region
[2022-02-07T17:16:51.164+0000][1512.190s][info ][safepoint     ] Total time for which application threads were stopped: 0.0004341 seconds, Stopping threads took: 0.0000702 seconds
[2022-02-07T17:16:52.164+0000][1513.190s][debug][safepoint     ] Safepoint synchronization initiated. (301 threads)
[2022-02-07T17:16:52.164+0000][1513.190s][info ][safepoint     ] Application time: 1.0001133 seconds
[2022-02-07T17:16:52.165+0000][1513.190s][info ][safepoint     ] Entering safepoint region: Cleanup
[2022-02-07T17:16:52.165+0000][1513.191s][info ][safepoint     ] Leaving safepoint region
[2022-02-07T17:16:52.165+0000][1513.191s][info ][safepoint     ] Total time for which application threads were stopped: 0.0004289 seconds, Stopping threads took: 0.0000677 seconds
[2022-02-07T17:16:53.165+0000][1514.191s][debug][safepoint     ] Safepoint synchronization initiated. (301 threads)
[2022-02-07T17:16:53.165+0000][1514.191s][info ][safepoint     ] Application time: 1.0001244 seconds
[2022-02-07T17:16:53.165+0000][1514.191s][info ][safepoint     ] Entering safepoint region: Cleanup
[2022-02-07T17:16:53.165+0000][1514.191s][info ][safepoint     ] Leaving safepoint region
[2022-02-07T17:16:53.166+0000][1514.191s][info ][safepoint     ] Total time for which application threads were stopped: 0.0004603 seconds, Stopping threads took: 0.0000737 seconds
[2022-02-07T17:16:54.166+0000][1515.191s][debug][safepoint     ] Safepoint synchronization initiated. (301 threads)
[2022-02-07T17:16:54.166+0000][1515.192s][info ][safepoint     ] Application time: 1.0001451 seconds
[2022-02-07T17:16:54.166+0000][1515.192s][info ][safepoint     ] Entering safepoint region: Cleanup
[2022-02-07T17:16:54.166+0000][1515.192s][info ][safepoint     ] Leaving safepoint region
[2022-02-07T17:16:54.166+0000][1515.192s][info ][safepoint     ] Total time for which application threads were stopped: 0.0003043 seconds, Stopping threads took: 0.0000708 seconds
[2022-02-07T17:16:55.166+0000][1516.192s][debug][safepoint     ] Safepoint synchronization initiated. (301 threads)
[2022-02-07T17:16:55.166+0000][1516.192s][info ][safepoint     ] Application time: 1.0001235 seconds
[2022-02-07T17:16:55.166+0000][1516.192s][info ][safepoint     ] Entering safepoint region: Cleanup
[2022-02-07T17:16:55.167+0000][1516.192s][info ][safepoint     ] Leaving safepoint region
[2022-02-07T17:16:55.167+0000][1516.192s][info ][safepoint     ] Total time for which application threads were stopped: 0.0004780 seconds, Stopping threads took: 0.0000755 seconds
[2022-02-07T17:16:56.167+0000][1517.193s][debug][safepoint     ] Safepoint synchronization initiated. (301 threads)
[2022-02-07T17:16:56.167+0000][1517.193s][info ][safepoint     ] Application time: 1.0001105 seconds
[2022-02-07T17:16:56.167+0000][1517.193s][info ][safepoint     ] Entering safepoint region: Cleanup
[2022-02-07T17:16:56.167+0000][1517.193s][info ][safepoint     ] Leaving safepoint region
[2022-02-07T17:16:56.167+0000][1517.193s][info ][safepoint     ] Total time for which application threads were stopped: 0.0004612 seconds, Stopping threads took: 0.0000858 seconds
[2022-02-07T17:16:57.167+0000][1518.193s][debug][safepoint     ] Safepoint synchronization initiated. (301 threads)
[2022-02-07T17:16:57.167+0000][1518.193s][info ][safepoint     ] Application time: 1.0001343 seconds
[2022-02-07T17:16:57.167+0000][1518.193s][info ][safepoint     ] Entering safepoint region: Cleanup
[2022-02-07T17:16:57.168+0000][1518.194s][info ][safepoint     ] Leaving safepoint region
[2022-02-07T17:16:57.168+0000][1518.194s][info ][safepoint     ] Total time for which application threads were stopped: 0.0004435 seconds, Stopping threads took: 0.0000720 seconds
[2022-02-07T17:16:58.168+0000][1519.194s][debug][safepoint     ] Safepoint synchronization initiated. (301 threads)
[2022-02-07T17:16:58.168+0000][1519.194s][info ][safepoint     ] Application time: 1.0001234 seconds
[2022-02-07T17:16:58.168+0000][1519.194s][info ][safepoint     ] Entering safepoint region: Cleanup
[2022-02-07T17:16:58.168+0000][1519.194s][info ][safepoint     ] Leaving safepoint region
[2022-02-07T17:16:58.168+0000][1519.194s][info ][safepoint     ] Total time for which application threads were stopped: 0.0004845 seconds, Stopping threads took: 0.0000753 seconds
[2022-02-07T17:16:59.168+0000][1520.194s][debug][safepoint     ] Safepoint synchronization initiated. (301 threads)
[2022-02-07T17:16:59.169+0000][1520.194s][info ][safepoint     ] Application time: 1.0001228 seconds
[2022-02-07T17:16:59.169+0000][1520.194s][info ][safepoint     ] Entering safepoint region: Cleanup
[2022-02-07T17:16:59.169+0000][1520.195s][info ][safepoint     ] Leaving safepoint region
[2022-02-07T17:16:59.169+0000][1520.195s][info ][safepoint     ] Total time for which application threads were stopped: 0.0004567 seconds, Stopping threads took: 0.0000708 seconds
[2022-02-07T17:17:00.169+0000][1521.195s][debug][safepoint     ] Safepoint synchronization initiated. (301 threads)
[2022-02-07T17:17:00.169+0000][1521.195s][info ][safepoint     ] Application time: 1.0001135 seconds
[2022-02-07T17:17:00.169+0000][1521.195s][info ][safepoint     ] Entering safepoint region: Cleanup
[2022-02-07T17:17:00.170+0000][1521.195s][info ][safepoint     ] Leaving safepoint region
[2022-02-07T17:17:00.170+0000][1521.195s][info ][safepoint     ] Total time for which application threads were stopped: 0.0004408 seconds, Stopping threads took: 0.0000711 seconds
[2022-02-07T17:17:01.170+0000][1522.196s][debug][safepoint     ] Safepoint synchronization initiated. (301 threads)
[2022-02-07T17:17:01.170+0000][1522.196s][info ][safepoint     ] Application time: 1.0001070 seconds
[2022-02-07T17:17:01.170+0000][1522.196s][info ][safepoint     ] Entering safepoint region: Cleanup
[2022-02-07T17:17:01.170+0000][1522.196s][info ][safepoint     ] Leaving safepoint region
[2022-02-07T17:17:01.170+0000][1522.196s][info ][safepoint     ] Total time for which application threads were stopped: 0.0004397 seconds, Stopping threads took: 0.0000707 seconds
[2022-02-07T17:17:02.170+0000][1523.196s][debug][safepoint     ] Safepoint synchronization initiated. (301 threads)
[2022-02-07T17:17:02.170+0000][1523.196s][info ][safepoint     ] Application time: 1.0001117 seconds
[2022-02-07T17:17:02.170+0000][1523.196s][info ][safepoint     ] Entering safepoint region: Cleanup
[2022-02-07T17:17:02.171+0000][1523.197s][info ][safepoint     ] Leaving safepoint region
[2022-02-07T17:17:02.171+0000][1523.197s][info ][safepoint     ] Total time for which application threads were stopped: 0.0004480 seconds, Stopping threads took: 0.0000715 seconds
[2022-02-07T17:17:03.171+0000][1524.197s][debug][safepoint     ] Safepoint synchronization initiated. (301 threads)
[2022-02-07T17:17:03.171+0000][1524.197s][info ][safepoint     ] Application time: 1.0001062 seconds
[2022-02-07T17:17:03.171+0000][1524.197s][info ][safepoint     ] Entering safepoint region: Cleanup
[2022-02-07T17:17:03.171+0000][1524.197s][info ][safepoint     ] Leaving safepoint region
[2022-02-07T17:17:03.171+0000][1524.197s][info ][safepoint     ] Total time for which application threads were stopped: 0.0004680 seconds, Stopping threads took: 0.0000879 seconds
[2022-02-07T17:17:04.171+0000][1525.197s][debug][safepoint     ] Safepoint synchronization initiated. (301 threads)
[2022-02-07T17:17:04.171+0000][1525.197s][info ][safepoint     ] Application time: 1.0001035 seconds
[2022-02-07T17:17:04.171+0000][1525.197s][info ][safepoint     ] Entering safepoint region: Cleanup
[2022-02-07T17:17:04.172+0000][1525.198s][info ][safepoint     ] Leaving safepoint region
[2022-02-07T17:17:04.172+0000][1525.198s][info ][safepoint     ] Total time for which application threads were stopped: 0.0002916 seconds, Stopping threads took: 0.0000692 seconds
[2022-02-07T17:17:05.172+0000][1526.198s][debug][safepoint     ] Safepoint synchronization initiated. (301 threads)
[2022-02-07T17:17:05.172+0000][1526.198s][info ][safepoint     ] Application time: 1.0001195 seconds
[2022-02-07T17:17:05.172+0000][1526.198s][info ][safepoint     ] Entering safepoint region: Cleanup
[2022-02-07T17:17:05.172+0000][1526.198s][info ][safepoint     ] Leaving safepoint region
[2022-02-07T17:17:05.172+0000][1526.198s][info ][safepoint     ] Total time for which application threads were stopped: 0.0003070 seconds, Stopping threads took: 0.0000709 seconds
[2022-02-07T17:17:05.450+0000][1526.476s][debug][safepoint     ] Safepoint synchronization initiated. (301 threads)
[2022-02-07T17:17:05.450+0000][1526.476s][info ][safepoint     ] Application time: 0.2776469 seconds
[2022-02-07T17:17:05.450+0000][1526.476s][debug][safepoint     ] Waiting for 1 thread(s) to block
[2022-02-07T17:17:05.450+0000][1526.476s][info ][safepoint     ] Entering safepoint region: G1CollectForAllocation
[2022-02-07T17:17:05.450+0000][1526.476s][info ][gc,start      ] GC(139) Pause Young (Normal) (G1 Evacuation Pause)
[2022-02-07T17:17:05.450+0000][1526.476s][info ][gc,task       ] GC(139) Using 4 workers of 4 for evacuation
[2022-02-07T17:17:05.470+0000][1526.496s][info ][gc,phases     ] GC(139)   Pre Evacuate Collection Set: 0.0ms
[2022-02-07T17:17:05.470+0000][1526.496s][info ][gc,phases     ] GC(139)   Evacuate Collection Set: 12.1ms
[2022-02-07T17:17:05.470+0000][1526.496s][info ][gc,phases     ] GC(139)   Post Evacuate Collection Set: 7.6ms
[2022-02-07T17:17:05.470+0000][1526.496s][info ][gc,phases     ] GC(139)   Other: 0.2ms
[2022-02-07T17:17:05.470+0000][1526.496s][info ][gc,heap       ] GC(139) Eden regions: 237->0(237)
[2022-02-07T17:17:05.470+0000][1526.496s][info ][gc,heap       ] GC(139) Survivor regions: 1->1(30)
[2022-02-07T17:17:05.470+0000][1526.496s][info ][gc,heap       ] GC(139) Old regions: 148->148
[2022-02-07T17:17:05.470+0000][1526.496s][info ][gc,heap       ] GC(139) Humongous regions: 0->0
[2022-02-07T17:17:05.470+0000][1526.496s][info ][gc,metaspace  ] GC(139) Metaspace: 162999K->162999K(1204224K)
[2022-02-07T17:17:05.470+0000][1526.496s][info ][gc            ] GC(139) Pause Young (Normal) (G1 Evacuation Pause) 383M->146M(430M) 20.091ms
[2022-02-07T17:17:05.470+0000][1526.496s][info ][gc,cpu        ] GC(139) User=0.02s Sys=0.00s Real=0.02s
[2022-02-07T17:17:05.470+0000][1526.496s][info ][safepoint     ] Leaving safepoint region
[2022-02-07T17:17:05.470+0000][1526.496s][info ][safepoint     ] Total time for which application threads were stopped: 0.0206701 seconds, Stopping threads took: 0.0000963 seconds
[2022-02-07T17:17:05.471+0000][1526.497s][info ][gc,stringdedup] Concurrent String Deduplication (1526.497s)
[2022-02-07T17:17:05.471+0000][1526.497s][info ][gc,stringdedup] Concurrent String Deduplication 2824.0B->0.0B(2824.0B) avg 53.3% (1526.497s, 1526.497s) 0.037ms
[2022-02-07T17:17:06.472+0000][1527.498s][debug][safepoint     ] Safepoint synchronization initiated. (301 threads)
[2022-02-07T17:17:06.472+0000][1527.498s][info ][safepoint     ] Application time: 1.0014503 seconds
[2022-02-07T17:17:06.472+0000][1527.498s][info ][safepoint     ] Entering safepoint region: Cleanup
[2022-02-07T17:17:06.472+0000][1527.498s][info ][safepoint     ] Leaving safepoint region
[2022-02-07T17:17:06.472+0000][1527.498s][info ][safepoint     ] Total time for which application threads were stopped: 0.0003133 seconds, Stopping threads took: 0.0000851 seconds
[2022-02-07T17:17:07.473+0000][1528.498s][debug][safepoint     ] Safepoint synchronization initiated. (301 threads)
[2022-02-07T17:17:07.473+0000][1528.498s][info ][safepoint     ] Application time: 1.0003126 seconds
[2022-02-07T17:17:07.473+0000][1528.498s][debug][safepoint     ] ... found polling page return exception at pc = 0x00007f11b44b370c, stub =0x00007f11ac8beb80
[2022-02-07T17:17:07.473+0000][1528.499s][debug][safepoint     ] Waiting for 1 thread(s) to block
[2022-02-07T17:17:07.473+0000][1528.499s][info ][safepoint     ] Entering safepoint region: Cleanup
[2022-02-07T17:17:07.473+0000][1528.499s][info ][safepoint     ] Leaving safepoint region
[2022-02-07T17:17:07.473+0000][1528.499s][info ][safepoint     ] Total time for which application threads were stopped: 0.0003302 seconds, Stopping threads took: 0.0001069 seconds
[2022-02-07T17:17:08.473+0000][1529.499s][debug][safepoint     ] Safepoint synchronization initiated. (301 threads)
[2022-02-07T17:17:08.473+0000][1529.499s][info ][safepoint     ] Application time: 1.0001137 seconds
[2022-02-07T17:17:08.473+0000][1529.499s][info ][safepoint     ] Entering safepoint region: Cleanup
[2022-02-07T17:17:08.473+0000][1529.499s][info ][safepoint     ] Leaving safepoint region
[2022-02-07T17:17:08.473+0000][1529.499s][info ][safepoint     ] Total time for which application threads were stopped: 0.0003180 seconds, Stopping threads took: 0.0000746 seconds
[2022-02-07T17:17:09.473+0000][1530.499s][debug][safepoint     ] Safepoint synchronization initiated. (301 threads)
[2022-02-07T17:17:09.474+0000][1530.499s][info ][safepoint     ] Application time: 1.0001169 seconds
[2022-02-07T17:17:09.474+0000][1530.499s][info ][safepoint     ] Entering safepoint region: Cleanup
[2022-02-07T17:17:09.474+0000][1530.500s][info ][safepoint     ] Leaving safepoint region
[2022-02-07T17:17:09.474+0000][1530.500s][info ][safepoint     ] Total time for which application threads were stopped: 0.0002895 seconds, Stopping threads took: 0.0000692 seconds
[2022-02-07T17:17:10.474+0000][1531.500s][debug][safepoint     ] Safepoint synchronization initiated. (301 threads)
[2022-02-07T17:17:10.474+0000][1531.500s][info ][safepoint     ] Application time: 1.0001529 seconds
[2022-02-07T17:17:10.474+0000][1531.500s][info ][safepoint     ] Entering safepoint region: Cleanup
[2022-02-07T17:17:10.474+0000][1531.500s][info ][safepoint     ] Leaving safepoint region
[2022-02-07T17:17:10.474+0000][1531.500s][info ][safepoint     ] Total time for which application threads were stopped: 0.0003251 seconds, Stopping threads took: 0.0000774 seconds
[2022-02-07T17:17:11.474+0000][1532.500s][debug][safepoint     ] Safepoint synchronization initiated. (301 threads)
[2022-02-07T17:17:11.474+0000][1532.500s][info ][safepoint     ] Application time: 1.0001203 seconds
[2022-02-07T17:17:11.474+0000][1532.500s][info ][safepoint     ] Entering safepoint region: Cleanup
[2022-02-07T17:17:11.475+0000][1532.501s][info ][safepoint     ] Leaving safepoint region
[2022-02-07T17:17:11.475+0000][1532.501s][info ][safepoint     ] Total time for which application threads were stopped: 0.0004300 seconds, Stopping threads took: 0.0000685 seconds
[2022-02-07T17:17:12.475+0000][1533.501s][debug][safepoint     ] Safepoint synchronization initiated. (301 threads)
[2022-02-07T17:17:12.475+0000][1533.501s][info ][safepoint     ] Application time: 1.0001042 seconds
[2022-02-07T17:17:12.475+0000][1533.501s][info ][safepoint     ] Entering safepoint region: Cleanup
[2022-02-07T17:17:12.475+0000][1533.501s][info ][safepoint     ] Leaving safepoint region
[2022-02-07T17:17:12.475+0000][1533.501s][info ][safepoint     ] Total time for which application threads were stopped: 0.0003515 seconds, Stopping threads took: 0.0000698 seconds
[2022-02-07T17:17:13.475+0000][1534.501s][debug][safepoint     ] Safepoint synchronization initiated. (301 threads)
[2022-02-07T17:17:13.475+0000][1534.501s][info ][safepoint     ] Application time: 1.0001349 seconds
[2022-02-07T17:17:13.476+0000][1534.501s][info ][safepoint     ] Entering safepoint region: Cleanup
[2022-02-07T17:17:13.476+0000][1534.502s][info ][safepoint     ] Leaving safepoint region
[2022-02-07T17:17:13.476+0000][1534.502s][info ][safepoint     ] Total time for which application threads were stopped: 0.0002999 seconds, Stopping threads took: 0.0000710 seconds
[2022-02-07T17:17:14.476+0000][1535.502s][debug][safepoint     ] Safepoint synchronization initiated. (301 threads)
[2022-02-07T17:17:14.476+0000][1535.502s][info ][safepoint     ] Application time: 1.0001200 seconds
[2022-02-07T17:17:14.476+0000][1535.502s][info ][safepoint     ] Entering safepoint region: Cleanup
[2022-02-07T17:17:14.476+0000][1535.502s][info ][safepoint     ] Leaving safepoint region
[2022-02-07T17:17:14.476+0000][1535.502s][info ][safepoint     ] Total time for which application threads were stopped: 0.0004676 seconds, Stopping threads took: 0.0000710 seconds
[2022-02-07T17:17:15.476+0000][1536.502s][debug][safepoint     ] Safepoint synchronization initiated. (301 threads)
[2022-02-07T17:17:15.477+0000][1536.502s][info ][safepoint     ] Application time: 1.0001172 seconds
[2022-02-07T17:17:15.477+0000][1536.502s][info ][safepoint     ] Entering safepoint region: Cleanup
[2022-02-07T17:17:15.477+0000][1536.503s][info ][safepoint     ] Leaving safepoint region
[2022-02-07T17:17:15.477+0000][1536.503s][info ][safepoint     ] Total time for which application threads were stopped: 0.0002524 seconds, Stopping threads took: 0.0000615 seconds
[2022-02-07T17:17:16.477+0000][1537.503s][debug][safepoint     ] Safepoint synchronization initiated. (301 threads)
[2022-02-07T17:17:16.477+0000][1537.503s][info ][safepoint     ] Application time: 1.0000790 seconds
[2022-02-07T17:17:16.477+0000][1537.503s][info ][safepoint     ] Entering safepoint region: Cleanup
[2022-02-07T17:17:16.477+0000][1537.503s][info ][safepoint     ] Leaving safepoint region
[2022-02-07T17:17:16.477+0000][1537.503s][info ][safepoint     ] Total time for which application threads were stopped: 0.0002401 seconds, Stopping threads took: 0.0000681 seconds
[2022-02-07T17:17:17.477+0000][1538.503s][debug][safepoint     ] Safepoint synchronization initiated. (301 threads)
[2022-02-07T17:17:17.477+0000][1538.503s][info ][safepoint     ] Application time: 1.0000986 seconds
[2022-02-07T17:17:17.477+0000][1538.503s][info ][safepoint     ] Entering safepoint region: Cleanup
[2022-02-07T17:17:17.477+0000][1538.503s][info ][safepoint     ] Leaving safepoint region
[2022-02-07T17:17:17.477+0000][1538.503s][info ][safepoint     ] Total time for which application threads were stopped: 0.0002419 seconds, Stopping threads took: 0.0000639 seconds
[2022-02-07T17:17:18.478+0000][1539.503s][debug][safepoint     ] Safepoint synchronization initiated. (301 threads)
[2022-02-07T17:17:18.478+0000][1539.503s][info ][safepoint     ] Application time: 1.0001200 seconds
[2022-02-07T17:17:18.478+0000][1539.504s][info ][safepoint     ] Entering safepoint region: Cleanup
[2022-02-07T17:17:18.478+0000][1539.504s][info ][safepoint     ] Leaving safepoint region
[2022-02-07T17:17:18.478+0000][1539.504s][info ][safepoint     ] Total time for which application threads were stopped: 0.0003039 seconds, Stopping threads took: 0.0000757 seconds
[2022-02-07T17:17:19.478+0000][1540.504s][debug][safepoint     ] Safepoint synchronization initiated. (301 threads)
[2022-02-07T17:17:19.478+0000][1540.504s][info ][safepoint     ] Application time: 1.0001116 seconds
[2022-02-07T17:17:19.478+0000][1540.504s][info ][safepoint     ] Entering safepoint region: Cleanup
[2022-02-07T17:17:19.478+0000][1540.504s][info ][safepoint     ] Leaving safepoint region
[2022-02-07T17:17:19.478+0000][1540.504s][info ][safepoint     ] Total time for which application threads were stopped: 0.0003242 seconds, Stopping threads took: 0.0000651 seconds
[2022-02-07T17:17:20.478+0000][1541.504s][debug][safepoint     ] Safepoint synchronization initiated. (301 threads)
[2022-02-07T17:17:20.479+0000][1541.504s][info ][safepoint     ] Application time: 1.0001362 seconds
[2022-02-07T17:17:20.479+0000][1541.504s][info ][safepoint     ] Entering safepoint region: Cleanup
[2022-02-07T17:17:20.479+0000][1541.505s][info ][safepoint     ] Leaving safepoint region
[2022-02-07T17:17:20.479+0000][1541.505s][info ][safepoint     ] Total time for which application threads were stopped: 0.0003232 seconds, Stopping threads took: 0.0001008 seconds
[2022-02-07T17:17:21.479+0000][1542.505s][debug][safepoint     ] Safepoint synchronization initiated. (301 threads)
[2022-02-07T17:17:21.479+0000][1542.505s][info ][safepoint     ] Application time: 1.0001278 seconds
[2022-02-07T17:17:21.479+0000][1542.505s][info ][safepoint     ] Entering safepoint region: Cleanup
[2022-02-07T17:17:21.479+0000][1542.505s][info ][safepoint     ] Leaving safepoint region
[2022-02-07T17:17:21.479+0000][1542.505s][info ][safepoint     ] Total time for which application threads were stopped: 0.0004619 seconds, Stopping threads took: 0.0000706 seconds
[2022-02-07T17:17:22.480+0000][1543.505s][debug][safepoint     ] Safepoint synchronization initiated. (301 threads)
[2022-02-07T17:17:22.480+0000][1543.505s][info ][safepoint     ] Application time: 1.0001389 seconds
[2022-02-07T17:17:22.480+0000][1543.506s][info ][safepoint     ] Entering safepoint region: Cleanup
[2022-02-07T17:17:22.480+0000][1543.506s][info ][safepoint     ] Leaving safepoint region
[2022-02-07T17:17:22.480+0000][1543.506s][info ][safepoint     ] Total time for which application threads were stopped: 0.0002997 seconds, Stopping threads took: 0.0000688 seconds
[2022-02-07T17:17:23.302+0000][1544.328s][debug][safepoint     ] Safepoint synchronization initiated. (301 threads)
[2022-02-07T17:17:23.302+0000][1544.328s][info ][safepoint     ] Application time: 0.8220351 seconds
[2022-02-07T17:17:23.302+0000][1544.328s][debug][safepoint     ] ... found polling page return exception at pc = 0x00007f11b4b6d91b, stub =0x00007f11ac8beb80
[2022-02-07T17:17:23.302+0000][1544.328s][debug][safepoint     ] Waiting for 1 thread(s) to block
[2022-02-07T17:17:23.302+0000][1544.328s][info ][safepoint     ] Entering safepoint region: G1CollectForAllocation
[2022-02-07T17:17:23.302+0000][1544.328s][info ][gc,start      ] GC(140) Pause Young (Normal) (G1 Evacuation Pause)
[2022-02-07T17:17:23.302+0000][1544.328s][info ][gc,task       ] GC(140) Using 4 workers of 4 for evacuation
[2022-02-07T17:17:23.309+0000][1544.335s][info ][gc,phases     ] GC(140)   Pre Evacuate Collection Set: 0.0ms
[2022-02-07T17:17:23.309+0000][1544.335s][info ][gc,phases     ] GC(140)   Evacuate Collection Set: 3.7ms
[2022-02-07T17:17:23.309+0000][1544.335s][info ][gc,phases     ] GC(140)   Post Evacuate Collection Set: 3.0ms
[2022-02-07T17:17:23.309+0000][1544.335s][info ][gc,phases     ] GC(140)   Other: 0.3ms
[2022-02-07T17:17:23.309+0000][1544.335s][info ][gc,heap       ] GC(140) Eden regions: 237->0(237)
[2022-02-07T17:17:23.309+0000][1544.335s][info ][gc,heap       ] GC(140) Survivor regions: 1->1(30)
[2022-02-07T17:17:23.309+0000][1544.335s][info ][gc,heap       ] GC(140) Old regions: 148->148
[2022-02-07T17:17:23.309+0000][1544.335s][info ][gc,heap       ] GC(140) Humongous regions: 0->0
[2022-02-07T17:17:23.309+0000][1544.335s][info ][gc,metaspace  ] GC(140) Metaspace: 163000K->163000K(1204224K)
[2022-02-07T17:17:23.309+0000][1544.335s][info ][gc            ] GC(140) Pause Young (Normal) (G1 Evacuation Pause) 383M->146M(430M) 7.030ms
[2022-02-07T17:17:23.309+0000][1544.335s][info ][gc,cpu        ] GC(140) User=0.02s Sys=0.00s Real=0.01s
[2022-02-07T17:17:23.309+0000][1544.335s][info ][safepoint     ] Leaving safepoint region
[2022-02-07T17:17:23.309+0000][1544.335s][info ][safepoint     ] Total time for which application threads were stopped: 0.0074914 seconds, Stopping threads took: 0.0001084 seconds
[2022-02-07T17:17:23.310+0000][1544.336s][info ][gc,stringdedup] Concurrent String Deduplication (1544.336s)
[2022-02-07T17:17:23.310+0000][1544.336s][info ][gc,stringdedup] Concurrent String Deduplication 488.0B->0.0B(488.0B) avg 53.3% (1544.336s, 1544.336s) 0.048ms
[2022-02-07T17:17:24.310+0000][1545.336s][debug][safepoint     ] Safepoint synchronization initiated. (301 threads)
[2022-02-07T17:17:24.310+0000][1545.336s][info ][safepoint     ] Application time: 1.0002642 seconds
[2022-02-07T17:17:24.310+0000][1545.336s][info ][safepoint     ] Entering safepoint region: Cleanup
[2022-02-07T17:17:24.310+0000][1545.336s][info ][safepoint     ] Leaving safepoint region
[2022-02-07T17:17:24.310+0000][1545.336s][info ][safepoint     ] Total time for which application threads were stopped: 0.0004857 seconds, Stopping threads took: 0.0000739 seconds
[2022-02-07T17:17:25.310+0000][1546.336s][debug][safepoint     ] Safepoint synchronization initiated. (301 threads)
[2022-02-07T17:17:25.310+0000][1546.336s][info ][safepoint     ] Application time: 1.0001079 seconds
[2022-02-07T17:17:25.310+0000][1546.336s][info ][safepoint     ] Entering safepoint region: Cleanup
[2022-02-07T17:17:25.311+0000][1546.337s][info ][safepoint     ] Leaving safepoint region
[2022-02-07T17:17:25.311+0000][1546.337s][info ][safepoint     ] Total time for which application threads were stopped: 0.0003078 seconds, Stopping threads took: 0.0000711 seconds
[2022-02-07T17:17:26.311+0000][1547.337s][debug][safepoint     ] Safepoint synchronization initiated. (301 threads)
[2022-02-07T17:17:26.311+0000][1547.337s][info ][safepoint     ] Application time: 1.0001158 seconds
[2022-02-07T17:17:26.311+0000][1547.337s][info ][safepoint     ] Entering safepoint region: Cleanup
[2022-02-07T17:17:26.311+0000][1547.337s][info ][safepoint     ] Leaving safepoint region
[2022-02-07T17:17:26.311+0000][1547.337s][info ][safepoint     ] Total time for which application threads were stopped: 0.0002949 seconds, Stopping threads took: 0.0000701 seconds
[2022-02-07T17:17:27.311+0000][1548.337s][debug][safepoint     ] Safepoint synchronization initiated. (301 threads)
[2022-02-07T17:17:27.311+0000][1548.337s][info ][safepoint     ] Application time: 1.0001344 seconds
[2022-02-07T17:17:27.311+0000][1548.337s][info ][safepoint     ] Entering safepoint region: Cleanup
[2022-02-07T17:17:27.312+0000][1548.338s][info ][safepoint     ] Leaving safepoint region
[2022-02-07T17:17:27.312+0000][1548.338s][info ][safepoint     ] Total time for which application threads were stopped: 0.0004367 seconds, Stopping threads took: 0.0000709 seconds
[2022-02-07T17:17:28.312+0000][1549.338s][debug][safepoint     ] Safepoint synchronization initiated. (301 threads)
[2022-02-07T17:17:28.312+0000][1549.338s][info ][safepoint     ] Application time: 1.0001036 seconds
[2022-02-07T17:17:28.312+0000][1549.338s][info ][safepoint     ] Entering safepoint region: Cleanup
[2022-02-07T17:17:28.312+0000][1549.338s][info ][safepoint     ] Leaving safepoint region
[2022-02-07T17:17:28.312+0000][1549.338s][info ][safepoint     ] Total time for which application threads were stopped: 0.0004905 seconds, Stopping threads took: 0.0000936 seconds
[2022-02-07T17:17:29.312+0000][1550.338s][debug][safepoint     ] Safepoint synchronization initiated. (301 threads)
[2022-02-07T17:17:29.312+0000][1550.338s][info ][safepoint     ] Application time: 1.0001203 seconds
[2022-02-07T17:17:29.312+0000][1550.338s][debug][safepoint     ] ... found polling page return exception at pc = 0x00007f11b4576fef, stub =0x00007f11ac8beb80
[2022-02-07T17:17:29.313+0000][1550.338s][debug][safepoint     ] Waiting for 1 thread(s) to block
[2022-02-07T17:17:29.313+0000][1550.338s][info ][safepoint     ] Entering safepoint region: Cleanup
[2022-02-07T17:17:29.313+0000][1550.339s][info ][safepoint     ] Leaving safepoint region
[2022-02-07T17:17:29.313+0000][1550.339s][info ][safepoint     ] Total time for which application threads were stopped: 0.0005032 seconds, Stopping threads took: 0.0001106 seconds
[2022-02-07T17:17:30.313+0000][1551.339s][debug][safepoint     ] Safepoint synchronization initiated. (301 threads)
[2022-02-07T17:17:30.313+0000][1551.339s][info ][safepoint     ] Application time: 1.0001287 seconds
[2022-02-07T17:17:30.313+0000][1551.339s][info ][safepoint     ] Entering safepoint region: Cleanup
[2022-02-07T17:17:30.314+0000][1551.339s][info ][safepoint     ] Leaving safepoint region
[2022-02-07T17:17:30.314+0000][1551.339s][info ][safepoint     ] Total time for which application threads were stopped: 0.0004823 seconds, Stopping threads took: 0.0000785 seconds
[2022-02-07T17:17:31.314+0000][1552.340s][debug][safepoint     ] Safepoint synchronization initiated. (301 threads)
[2022-02-07T17:17:31.314+0000][1552.340s][info ][safepoint     ] Application time: 1.0001198 seconds
[2022-02-07T17:17:31.314+0000][1552.340s][info ][safepoint     ] Entering safepoint region: Cleanup
[2022-02-07T17:17:31.314+0000][1552.340s][info ][safepoint     ] Leaving safepoint region
[2022-02-07T17:17:31.314+0000][1552.340s][info ][safepoint     ] Total time for which application threads were stopped: 0.0004402 seconds, Stopping threads took: 0.0000709 seconds
[2022-02-07T17:17:32.314+0000][1553.340s][debug][safepoint     ] Safepoint synchronization initiated. (301 threads)
[2022-02-07T17:17:32.314+0000][1553.340s][info ][safepoint     ] Application time: 1.0001406 seconds
[2022-02-07T17:17:32.314+0000][1553.340s][info ][safepoint     ] Entering safepoint region: Cleanup
[2022-02-07T17:17:32.315+0000][1553.340s][info ][safepoint     ] Leaving safepoint region
[2022-02-07T17:17:32.315+0000][1553.341s][info ][safepoint     ] Total time for which application threads were stopped: 0.0003137 seconds, Stopping threads took: 0.0000753 seconds
[2022-02-07T17:17:33.315+0000][1554.341s][debug][safepoint     ] Safepoint synchronization initiated. (301 threads)
[2022-02-07T17:17:33.315+0000][1554.341s][info ][safepoint     ] Application time: 1.0001095 seconds
[2022-02-07T17:17:33.315+0000][1554.341s][info ][safepoint     ] Entering safepoint region: Cleanup
[2022-02-07T17:17:33.315+0000][1554.341s][info ][safepoint     ] Leaving safepoint region
[2022-02-07T17:17:33.315+0000][1554.341s][info ][safepoint     ] Total time for which application threads were stopped: 0.0002846 seconds, Stopping threads took: 0.0000655 seconds
[2022-02-07T17:17:34.315+0000][1555.341s][debug][safepoint     ] Safepoint synchronization initiated. (301 threads)
[2022-02-07T17:17:34.315+0000][1555.341s][info ][safepoint     ] Application time: 1.0001536 seconds
[2022-02-07T17:17:34.315+0000][1555.341s][info ][safepoint     ] Entering safepoint region: Cleanup
[2022-02-07T17:17:34.316+0000][1555.341s][info ][safepoint     ] Leaving safepoint region
[2022-02-07T17:17:34.316+0000][1555.341s][info ][safepoint     ] Total time for which application threads were stopped: 0.0003016 seconds, Stopping threads took: 0.0000716 seconds
[2022-02-07T17:17:35.316+0000][1556.342s][debug][safepoint     ] Safepoint synchronization initiated. (301 threads)
[2022-02-07T17:17:35.316+0000][1556.342s][info ][safepoint     ] Application time: 1.0001440 seconds
[2022-02-07T17:17:35.316+0000][1556.342s][info ][safepoint     ] Entering safepoint region: Cleanup
[2022-02-07T17:17:35.316+0000][1556.342s][info ][safepoint     ] Leaving safepoint region
[2022-02-07T17:17:35.316+0000][1556.342s][info ][safepoint     ] Total time for which application threads were stopped: 0.0004440 seconds, Stopping threads took: 0.0000691 seconds
[2022-02-07T17:17:36.316+0000][1557.342s][debug][safepoint     ] Safepoint synchronization initiated. (301 threads)
[2022-02-07T17:17:36.316+0000][1557.342s][info ][safepoint     ] Application time: 1.0001267 seconds
[2022-02-07T17:17:36.316+0000][1557.342s][info ][safepoint     ] Entering safepoint region: Cleanup
[2022-02-07T17:17:36.317+0000][1557.343s][info ][safepoint     ] Leaving safepoint region
[2022-02-07T17:17:36.317+0000][1557.343s][info ][safepoint     ] Total time for which application threads were stopped: 0.0004428 seconds, Stopping threads took: 0.0000710 seconds
[2022-02-07T17:17:37.317+0000][1558.343s][debug][safepoint     ] Safepoint synchronization initiated. (301 threads)
[2022-02-07T17:17:37.317+0000][1558.343s][info ][safepoint     ] Application time: 1.0001270 seconds
[2022-02-07T17:17:37.317+0000][1558.343s][info ][safepoint     ] Entering safepoint region: Cleanup
[2022-02-07T17:17:37.317+0000][1558.343s][info ][safepoint     ] Leaving safepoint region
[2022-02-07T17:17:37.317+0000][1558.343s][info ][safepoint     ] Total time for which application threads were stopped: 0.0004710 seconds, Stopping threads took: 0.0000792 seconds
[2022-02-07T17:17:38.317+0000][1559.343s][debug][safepoint     ] Safepoint synchronization initiated. (301 threads)
[2022-02-07T17:17:38.317+0000][1559.343s][info ][safepoint     ] Application time: 1.0001171 seconds
[2022-02-07T17:17:38.318+0000][1559.343s][info ][safepoint     ] Entering safepoint region: Cleanup
[2022-02-07T17:17:38.318+0000][1559.344s][info ][safepoint     ] Leaving safepoint region
[2022-02-07T17:17:38.318+0000][1559.344s][info ][safepoint     ] Total time for which application threads were stopped: 0.0004790 seconds, Stopping threads took: 0.0000766 seconds
[2022-02-07T17:17:38.816+0000][1559.842s][debug][safepoint     ] Safepoint synchronization initiated. (301 threads)
[2022-02-07T17:17:38.816+0000][1559.842s][info ][safepoint     ] Application time: 0.4979152 seconds
[2022-02-07T17:17:38.816+0000][1559.842s][info ][safepoint     ] Entering safepoint region: G1CollectForAllocation
[2022-02-07T17:17:38.816+0000][1559.842s][info ][gc,start      ] GC(141) Pause Young (Normal) (G1 Evacuation Pause)
[2022-02-07T17:17:38.816+0000][1559.842s][info ][gc,task       ] GC(141) Using 4 workers of 4 for evacuation
[2022-02-07T17:17:38.840+0000][1559.866s][info ][gc,phases     ] GC(141)   Pre Evacuate Collection Set: 0.0ms
[2022-02-07T17:17:38.840+0000][1559.866s][info ][gc,phases     ] GC(141)   Evacuate Collection Set: 15.6ms
[2022-02-07T17:17:38.840+0000][1559.866s][info ][gc,phases     ] GC(141)   Post Evacuate Collection Set: 7.7ms
[2022-02-07T17:17:38.840+0000][1559.866s][info ][gc,phases     ] GC(141)   Other: 0.3ms
[2022-02-07T17:17:38.840+0000][1559.866s][info ][gc,heap       ] GC(141) Eden regions: 237->0(237)
[2022-02-07T17:17:38.840+0000][1559.866s][info ][gc,heap       ] GC(141) Survivor regions: 1->1(30)
[2022-02-07T17:17:38.840+0000][1559.866s][info ][gc,heap       ] GC(141) Old regions: 148->148
[2022-02-07T17:17:38.840+0000][1559.866s][info ][gc,heap       ] GC(141) Humongous regions: 0->0
[2022-02-07T17:17:38.840+0000][1559.866s][info ][gc,metaspace  ] GC(141) Metaspace: 163005K->163005K(1204224K)
[2022-02-07T17:17:38.840+0000][1559.866s][info ][gc            ] GC(141) Pause Young (Normal) (G1 Evacuation Pause) 383M->146M(430M) 23.678ms
[2022-02-07T17:17:38.840+0000][1559.866s][info ][gc,cpu        ] GC(141) User=0.02s Sys=0.00s Real=0.03s
[2022-02-07T17:17:38.840+0000][1559.866s][info ][safepoint     ] Leaving safepoint region
[2022-02-07T17:17:38.840+0000][1559.866s][info ][safepoint     ] Total time for which application threads were stopped: 0.0242438 seconds, Stopping threads took: 0.0000740 seconds
[2022-02-07T17:17:38.840+0000][1559.866s][info ][gc,stringdedup] Concurrent String Deduplication (1559.866s)
[2022-02-07T17:17:38.840+0000][1559.866s][info ][gc,stringdedup] Concurrent String Deduplication 7200.0B->0.0B(7200.0B) avg 53.3% (1559.866s, 1559.866s) 0.055ms
[2022-02-07T17:17:39.840+0000][1560.866s][debug][safepoint     ] Safepoint synchronization initiated. (301 threads)
[2022-02-07T17:17:39.840+0000][1560.866s][info ][safepoint     ] Application time: 1.0001274 seconds
[2022-02-07T17:17:39.840+0000][1560.866s][info ][safepoint     ] Entering safepoint region: Cleanup
[2022-02-07T17:17:39.841+0000][1560.867s][info ][safepoint     ] Leaving safepoint region
[2022-02-07T17:17:39.841+0000][1560.867s][info ][safepoint     ] Total time for which application threads were stopped: 0.0004490 seconds, Stopping threads took: 0.0000719 seconds
[2022-02-07T17:17:40.841+0000][1561.867s][debug][safepoint     ] Safepoint synchronization initiated. (301 threads)
[2022-02-07T17:17:40.841+0000][1561.867s][info ][safepoint     ] Application time: 1.0001179 seconds
[2022-02-07T17:17:40.841+0000][1561.867s][info ][safepoint     ] Entering safepoint region: Cleanup
[2022-02-07T17:17:40.841+0000][1561.867s][info ][safepoint     ] Leaving safepoint region
[2022-02-07T17:17:40.841+0000][1561.867s][info ][safepoint     ] Total time for which application threads were stopped: 0.0004494 seconds, Stopping threads took: 0.0000752 seconds
[2022-02-07T17:17:41.841+0000][1562.867s][debug][safepoint     ] Safepoint synchronization initiated. (301 threads)
[2022-02-07T17:17:41.842+0000][1562.867s][info ][safepoint     ] Application time: 1.0001704 seconds
[2022-02-07T17:17:41.842+0000][1562.867s][info ][safepoint     ] Entering safepoint region: Cleanup
[2022-02-07T17:17:41.842+0000][1562.868s][info ][safepoint     ] Leaving safepoint region
[2022-02-07T17:17:41.842+0000][1562.868s][info ][safepoint     ] Total time for which application threads were stopped: 0.0004441 seconds, Stopping threads took: 0.0000708 seconds
[2022-02-07T17:17:42.842+0000][1563.868s][debug][safepoint     ] Safepoint synchronization initiated. (301 threads)
[2022-02-07T17:17:42.842+0000][1563.868s][info ][safepoint     ] Application time: 1.0001284 seconds
[2022-02-07T17:17:42.842+0000][1563.868s][info ][safepoint     ] Entering safepoint region: Cleanup
[2022-02-07T17:17:42.843+0000][1563.868s][info ][safepoint     ] Leaving safepoint region
[2022-02-07T17:17:42.843+0000][1563.868s][info ][safepoint     ] Total time for which application threads were stopped: 0.0004405 seconds, Stopping threads took: 0.0000690 seconds
[2022-02-07T17:17:43.843+0000][1564.869s][debug][safepoint     ] Safepoint synchronization initiated. (301 threads)
[2022-02-07T17:17:43.843+0000][1564.869s][info ][safepoint     ] Application time: 1.0001490 seconds
[2022-02-07T17:17:43.843+0000][1564.869s][info ][safepoint     ] Entering safepoint region: Cleanup
[2022-02-07T17:17:43.843+0000][1564.869s][info ][safepoint     ] Leaving safepoint region
[2022-02-07T17:17:43.843+0000][1564.869s][info ][safepoint     ] Total time for which application threads were stopped: 0.0004162 seconds, Stopping threads took: 0.0000954 seconds
[2022-02-07T17:17:44.843+0000][1565.869s][debug][safepoint     ] Safepoint synchronization initiated. (301 threads)
[2022-02-07T17:17:44.843+0000][1565.869s][info ][safepoint     ] Application time: 1.0001087 seconds
[2022-02-07T17:17:44.848+0000][1565.874s][debug][safepoint     ] ... found polling page return exception at pc = 0x00007f11b52f56f0, stub =0x00007f11ac8beb80
[2022-02-07T17:17:44.848+0000][1565.874s][debug][safepoint     ] Waiting for 1 thread(s) to block
[2022-02-07T17:17:44.848+0000][1565.874s][info ][safepoint     ] Entering safepoint region: Cleanup
[2022-02-07T17:17:44.849+0000][1565.874s][info ][safepoint     ] Leaving safepoint region
[2022-02-07T17:17:44.849+0000][1565.874s][info ][safepoint     ] Total time for which application threads were stopped: 0.0053030 seconds, Stopping threads took: 0.0050751 seconds
[2022-02-07T17:17:45.849+0000][1566.875s][debug][safepoint     ] Safepoint synchronization initiated. (301 threads)
[2022-02-07T17:17:45.849+0000][1566.875s][info ][safepoint     ] Application time: 1.0001488 seconds
[2022-02-07T17:17:45.849+0000][1566.875s][info ][safepoint     ] Entering safepoint region: Cleanup
[2022-02-07T17:17:45.849+0000][1566.875s][info ][safepoint     ] Leaving safepoint region
[2022-02-07T17:17:45.849+0000][1566.875s][info ][safepoint     ] Total time for which application threads were stopped: 0.0003257 seconds, Stopping threads took: 0.0000754 seconds
[2022-02-07T17:17:46.849+0000][1567.875s][debug][safepoint     ] Safepoint synchronization initiated. (301 threads)
[2022-02-07T17:17:46.849+0000][1567.875s][info ][safepoint     ] Application time: 1.0001172 seconds
[2022-02-07T17:17:46.849+0000][1567.875s][info ][safepoint     ] Entering safepoint region: Cleanup
[2022-02-07T17:17:46.849+0000][1567.875s][info ][safepoint     ] Leaving safepoint region
[2022-02-07T17:17:46.850+0000][1567.875s][info ][safepoint     ] Total time for which application threads were stopped: 0.0003126 seconds, Stopping threads took: 0.0000709 seconds
[2022-02-07T17:17:47.850+0000][1568.875s][debug][safepoint     ] Safepoint synchronization initiated. (301 threads)
[2022-02-07T17:17:47.850+0000][1568.876s][info ][safepoint     ] Application time: 1.0001121 seconds
[2022-02-07T17:17:47.850+0000][1568.876s][info ][safepoint     ] Entering safepoint region: Cleanup
[2022-02-07T17:17:47.850+0000][1568.876s][info ][safepoint     ] Leaving safepoint region
[2022-02-07T17:17:47.850+0000][1568.876s][info ][safepoint     ] Total time for which application threads were stopped: 0.0003101 seconds, Stopping threads took: 0.0000683 seconds
[2022-02-07T17:17:48.850+0000][1569.876s][debug][safepoint     ] Safepoint synchronization initiated. (301 threads)
[2022-02-07T17:17:48.850+0000][1569.876s][info ][safepoint     ] Application time: 1.0001277 seconds
[2022-02-07T17:17:48.850+0000][1569.876s][info ][safepoint     ] Entering safepoint region: Cleanup
[2022-02-07T17:17:48.850+0000][1569.876s][info ][safepoint     ] Leaving safepoint region
[2022-02-07T17:17:48.850+0000][1569.876s][info ][safepoint     ] Total time for which application threads were stopped: 0.0002977 seconds, Stopping threads took: 0.0000712 seconds
[2022-02-07T17:17:49.850+0000][1570.876s][debug][safepoint     ] Safepoint synchronization initiated. (301 threads)
[2022-02-07T17:17:49.851+0000][1570.876s][info ][safepoint     ] Application time: 1.0001166 seconds
[2022-02-07T17:17:49.851+0000][1570.876s][info ][safepoint     ] Entering safepoint region: Cleanup
[2022-02-07T17:17:49.851+0000][1570.877s][info ][safepoint     ] Leaving safepoint region
[2022-02-07T17:17:49.851+0000][1570.877s][info ][safepoint     ] Total time for which application threads were stopped: 0.0002911 seconds, Stopping threads took: 0.0000682 seconds
[2022-02-07T17:17:50.851+0000][1571.877s][debug][safepoint     ] Safepoint synchronization initiated. (301 threads)
[2022-02-07T17:17:50.851+0000][1571.877s][info ][safepoint     ] Application time: 1.0001107 seconds
[2022-02-07T17:17:50.851+0000][1571.877s][info ][safepoint     ] Entering safepoint region: Cleanup
[2022-02-07T17:17:50.851+0000][1571.877s][info ][safepoint     ] Leaving safepoint region
[2022-02-07T17:17:50.851+0000][1571.877s][info ][safepoint     ] Total time for which application threads were stopped: 0.0003080 seconds, Stopping threads took: 0.0000706 seconds
[2022-02-07T17:17:51.851+0000][1572.877s][debug][safepoint     ] Safepoint synchronization initiated. (301 threads)
[2022-02-07T17:17:51.851+0000][1572.877s][info ][safepoint     ] Application time: 1.0001182 seconds
[2022-02-07T17:17:51.851+0000][1572.877s][info ][safepoint     ] Entering safepoint region: Cleanup
[2022-02-07T17:17:51.852+0000][1572.878s][info ][safepoint     ] Leaving safepoint region
[2022-02-07T17:17:51.852+0000][1572.878s][info ][safepoint     ] Total time for which application threads were stopped: 0.0003054 seconds, Stopping threads took: 0.0000737 seconds
[2022-02-07T17:17:52.852+0000][1573.878s][debug][safepoint     ] Safepoint synchronization initiated. (301 threads)
[2022-02-07T17:17:52.852+0000][1573.878s][info ][safepoint     ] Application time: 1.0001215 seconds
[2022-02-07T17:17:52.852+0000][1573.878s][debug][safepoint     ] ... found polling page loop exception at pc = 0x00007f11b5204efc, stub =0x00007f11ac8be900
[2022-02-07T17:17:52.852+0000][1573.878s][debug][safepoint     ] Waiting for 1 thread(s) to block
[2022-02-07T17:17:52.852+0000][1573.878s][info ][safepoint     ] Entering safepoint region: Cleanup
[2022-02-07T17:17:52.852+0000][1573.878s][info ][safepoint     ] Leaving safepoint region
[2022-02-07T17:17:52.852+0000][1573.878s][info ][safepoint     ] Total time for which application threads were stopped: 0.0004675 seconds, Stopping threads took: 0.0001033 seconds
[2022-02-07T17:17:53.852+0000][1574.878s][debug][safepoint     ] Safepoint synchronization initiated. (301 threads)
[2022-02-07T17:17:53.852+0000][1574.878s][info ][safepoint     ] Application time: 1.0001199 seconds
[2022-02-07T17:17:53.853+0000][1574.878s][info ][safepoint     ] Entering safepoint region: Cleanup
[2022-02-07T17:17:53.853+0000][1574.879s][info ][safepoint     ] Leaving safepoint region
[2022-02-07T17:17:53.853+0000][1574.879s][info ][safepoint     ] Total time for which application threads were stopped: 0.0004730 seconds, Stopping threads took: 0.0000927 seconds
[2022-02-07T17:17:53.861+0000][1574.886s][debug][safepoint     ] Safepoint synchronization initiated. (301 threads)
[2022-02-07T17:17:53.861+0000][1574.886s][info ][safepoint     ] Application time: 0.0076269 seconds
[2022-02-07T17:17:53.861+0000][1574.886s][info ][safepoint     ] Entering safepoint region: G1CollectForAllocation
[2022-02-07T17:17:53.861+0000][1574.887s][info ][gc,start      ] GC(142) Pause Young (Normal) (G1 Evacuation Pause)
[2022-02-07T17:17:53.861+0000][1574.887s][info ][gc,task       ] GC(142) Using 4 workers of 4 for evacuation
[2022-02-07T17:17:53.877+0000][1574.902s][info ][gc,phases     ] GC(142)   Pre Evacuate Collection Set: 0.0ms
[2022-02-07T17:17:53.877+0000][1574.902s][info ][gc,phases     ] GC(142)   Evacuate Collection Set: 10.3ms
[2022-02-07T17:17:53.877+0000][1574.902s][info ][gc,phases     ] GC(142)   Post Evacuate Collection Set: 5.1ms
[2022-02-07T17:17:53.877+0000][1574.903s][info ][gc,phases     ] GC(142)   Other: 0.3ms
[2022-02-07T17:17:53.877+0000][1574.903s][info ][gc,heap       ] GC(142) Eden regions: 237->0(237)
[2022-02-07T17:17:53.877+0000][1574.903s][info ][gc,heap       ] GC(142) Survivor regions: 1->1(30)
[2022-02-07T17:17:53.877+0000][1574.903s][info ][gc,heap       ] GC(142) Old regions: 148->148
[2022-02-07T17:17:53.877+0000][1574.903s][info ][gc,heap       ] GC(142) Humongous regions: 0->0
[2022-02-07T17:17:53.877+0000][1574.903s][info ][gc,metaspace  ] GC(142) Metaspace: 163008K->163008K(1204224K)
[2022-02-07T17:17:53.877+0000][1574.903s][info ][gc            ] GC(142) Pause Young (Normal) (G1 Evacuation Pause) 383M->146M(430M) 15.801ms
[2022-02-07T17:17:53.877+0000][1574.903s][info ][gc,cpu        ] GC(142) User=0.02s Sys=0.00s Real=0.01s
[2022-02-07T17:17:53.877+0000][1574.903s][info ][safepoint     ] Leaving safepoint region
[2022-02-07T17:17:53.877+0000][1574.903s][info ][safepoint     ] Total time for which application threads were stopped: 0.0162329 seconds, Stopping threads took: 0.0000734 seconds
[2022-02-07T17:17:53.877+0000][1574.903s][info ][gc,stringdedup] Concurrent String Deduplication (1574.903s)
[2022-02-07T17:17:53.877+0000][1574.903s][info ][gc,stringdedup] Concurrent String Deduplication 1912.0B->0.0B(1912.0B) avg 53.3% (1574.903s, 1574.903s) 0.038ms
[2022-02-07T17:17:54.877+0000][1575.903s][debug][safepoint     ] Safepoint synchronization initiated. (301 threads)
[2022-02-07T17:17:54.877+0000][1575.903s][info ][safepoint     ] Application time: 1.0001211 seconds
[2022-02-07T17:17:54.877+0000][1575.903s][info ][safepoint     ] Entering safepoint region: Cleanup
[2022-02-07T17:17:54.877+0000][1575.903s][info ][safepoint     ] Leaving safepoint region
[2022-02-07T17:17:54.877+0000][1575.903s][info ][safepoint     ] Total time for which application threads were stopped: 0.0004400 seconds, Stopping threads took: 0.0000717 seconds
[2022-02-07T17:17:55.877+0000][1576.903s][debug][safepoint     ] Safepoint synchronization initiated. (301 threads)
[2022-02-07T17:17:55.878+0000][1576.903s][info ][safepoint     ] Application time: 1.0001351 seconds
[2022-02-07T17:17:55.878+0000][1576.903s][info ][safepoint     ] Entering safepoint region: Cleanup
[2022-02-07T17:17:55.878+0000][1576.904s][info ][safepoint     ] Leaving safepoint region
[2022-02-07T17:17:55.878+0000][1576.904s][info ][safepoint     ] Total time for which application threads were stopped: 0.0005024 seconds, Stopping threads took: 0.0000760 seconds
[2022-02-07T17:17:56.878+0000][1577.904s][debug][safepoint     ] Safepoint synchronization initiated. (301 threads)
[2022-02-07T17:17:56.878+0000][1577.904s][info ][safepoint     ] Application time: 1.0001189 seconds
[2022-02-07T17:17:56.878+0000][1577.904s][info ][safepoint     ] Entering safepoint region: Cleanup
[2022-02-07T17:17:56.879+0000][1577.904s][info ][safepoint     ] Leaving safepoint region
[2022-02-07T17:17:56.879+0000][1577.904s][info ][safepoint     ] Total time for which application threads were stopped: 0.0004521 seconds, Stopping threads took: 0.0000696 seconds
[2022-02-07T17:17:57.879+0000][1578.905s][debug][safepoint     ] Safepoint synchronization initiated. (301 threads)
[2022-02-07T17:17:57.879+0000][1578.905s][info ][safepoint     ] Application time: 1.0001250 seconds
[2022-02-07T17:17:57.879+0000][1578.905s][info ][safepoint     ] Entering safepoint region: Cleanup
[2022-02-07T17:17:57.879+0000][1578.905s][info ][safepoint     ] Leaving safepoint region
[2022-02-07T17:17:57.879+0000][1578.905s][info ][safepoint     ] Total time for which application threads were stopped: 0.0004927 seconds, Stopping threads took: 0.0000750 seconds
[2022-02-07T17:17:58.879+0000][1579.905s][debug][safepoint     ] Safepoint synchronization initiated. (301 threads)
[2022-02-07T17:17:58.879+0000][1579.905s][info ][safepoint     ] Application time: 1.0001180 seconds
[2022-02-07T17:17:58.879+0000][1579.905s][info ][safepoint     ] Entering safepoint region: Cleanup
[2022-02-07T17:17:58.880+0000][1579.906s][info ][safepoint     ] Leaving safepoint region
[2022-02-07T17:17:58.880+0000][1579.906s][info ][safepoint     ] Total time for which application threads were stopped: 0.0004425 seconds, Stopping threads took: 0.0000751 seconds
[2022-02-07T17:17:59.880+0000][1580.906s][debug][safepoint     ] Safepoint synchronization initiated. (301 threads)
[2022-02-07T17:17:59.880+0000][1580.906s][info ][safepoint     ] Application time: 1.0001144 seconds
[2022-02-07T17:17:59.880+0000][1580.906s][info ][safepoint     ] Entering safepoint region: Cleanup
[2022-02-07T17:17:59.880+0000][1580.906s][info ][safepoint     ] Leaving safepoint region
[2022-02-07T17:17:59.880+0000][1580.906s][info ][safepoint     ] Total time for which application threads were stopped: 0.0004335 seconds, Stopping threads took: 0.0000701 seconds
[2022-02-07T17:18:00.880+0000][1581.906s][debug][safepoint     ] Safepoint synchronization initiated. (301 threads)
[2022-02-07T17:18:00.881+0000][1581.906s][info ][safepoint     ] Application time: 1.0001178 seconds
[2022-02-07T17:18:00.881+0000][1581.906s][debug][safepoint     ] ... found polling page return exception at pc = 0x00007f11b4bc161d, stub =0x00007f11ac8beb80
[2022-02-07T17:18:00.881+0000][1581.906s][debug][safepoint     ] Waiting for 1 thread(s) to block
[2022-02-07T17:18:00.881+0000][1581.906s][info ][safepoint     ] Entering safepoint region: Cleanup
[2022-02-07T17:18:00.881+0000][1581.907s][info ][safepoint     ] Leaving safepoint region
[2022-02-07T17:18:00.881+0000][1581.907s][info ][safepoint     ] Total time for which application threads were stopped: 0.0004815 seconds, Stopping threads took: 0.0001081 seconds
[2022-02-07T17:18:01.881+0000][1582.907s][debug][safepoint     ] Safepoint synchronization initiated. (301 threads)
[2022-02-07T17:18:01.881+0000][1582.907s][info ][safepoint     ] Application time: 1.0001164 seconds
[2022-02-07T17:18:01.881+0000][1582.907s][info ][safepoint     ] Entering safepoint region: Cleanup
[2022-02-07T17:18:01.882+0000][1582.907s][info ][safepoint     ] Leaving safepoint region
[2022-02-07T17:18:01.882+0000][1582.907s][info ][safepoint     ] Total time for which application threads were stopped: 0.0004339 seconds, Stopping threads took: 0.0000698 seconds
[2022-02-07T17:18:02.882+0000][1583.908s][debug][safepoint     ] Safepoint synchronization initiated. (301 threads)
[2022-02-07T17:18:02.882+0000][1583.908s][info ][safepoint     ] Application time: 1.0001157 seconds
[2022-02-07T17:18:02.882+0000][1583.908s][info ][safepoint     ] Entering safepoint region: Cleanup
[2022-02-07T17:18:02.882+0000][1583.908s][info ][safepoint     ] Leaving safepoint region
[2022-02-07T17:18:02.882+0000][1583.908s][info ][safepoint     ] Total time for which application threads were stopped: 0.0004352 seconds, Stopping threads took: 0.0000705 seconds
[2022-02-07T17:18:03.882+0000][1584.908s][debug][safepoint     ] Safepoint synchronization initiated. (301 threads)
[2022-02-07T17:18:03.882+0000][1584.908s][info ][safepoint     ] Application time: 1.0001230 seconds
[2022-02-07T17:18:03.882+0000][1584.908s][info ][safepoint     ] Entering safepoint region: Cleanup
[2022-02-07T17:18:03.883+0000][1584.909s][info ][safepoint     ] Leaving safepoint region
[2022-02-07T17:18:03.883+0000][1584.909s][info ][safepoint     ] Total time for which application threads were stopped: 0.0004296 seconds, Stopping threads took: 0.0000687 seconds
[2022-02-07T17:18:04.883+0000][1585.909s][debug][safepoint     ] Safepoint synchronization initiated. (301 threads)
[2022-02-07T17:18:04.883+0000][1585.909s][info ][safepoint     ] Application time: 1.0001150 seconds
[2022-02-07T17:18:04.883+0000][1585.909s][info ][safepoint     ] Entering safepoint region: Cleanup
[2022-02-07T17:18:04.883+0000][1585.909s][info ][safepoint     ] Leaving safepoint region
[2022-02-07T17:18:04.883+0000][1585.909s][info ][safepoint     ] Total time for which application threads were stopped: 0.0004764 seconds, Stopping threads took: 0.0000708 seconds
[2022-02-07T17:18:05.883+0000][1586.909s][debug][safepoint     ] Safepoint synchronization initiated. (301 threads)
[2022-02-07T17:18:05.883+0000][1586.909s][info ][safepoint     ] Application time: 1.0001333 seconds
[2022-02-07T17:18:05.884+0000][1586.909s][info ][safepoint     ] Entering safepoint region: Cleanup
[2022-02-07T17:18:05.884+0000][1586.910s][info ][safepoint     ] Leaving safepoint region
[2022-02-07T17:18:05.884+0000][1586.910s][info ][safepoint     ] Total time for which application threads were stopped: 0.0003310 seconds, Stopping threads took: 0.0000792 seconds
[2022-02-07T17:18:06.884+0000][1587.910s][debug][safepoint     ] Safepoint synchronization initiated. (301 threads)
[2022-02-07T17:18:06.884+0000][1587.910s][info ][safepoint     ] Application time: 1.0001265 seconds
[2022-02-07T17:18:06.884+0000][1587.910s][info ][safepoint     ] Entering safepoint region: Cleanup
[2022-02-07T17:18:06.884+0000][1587.910s][info ][safepoint     ] Leaving safepoint region
[2022-02-07T17:18:06.884+0000][1587.910s][info ][safepoint     ] Total time for which application threads were stopped: 0.0002934 seconds, Stopping threads took: 0.0000703 seconds
[2022-02-07T17:18:07.884+0000][1588.910s][debug][safepoint     ] Safepoint synchronization initiated. (301 threads)
[2022-02-07T17:18:07.884+0000][1588.910s][info ][safepoint     ] Application time: 1.0001481 seconds
[2022-02-07T17:18:07.884+0000][1588.910s][info ][safepoint     ] Entering safepoint region: Cleanup
[2022-02-07T17:18:07.885+0000][1588.911s][info ][safepoint     ] Leaving safepoint region
[2022-02-07T17:18:07.885+0000][1588.911s][info ][safepoint     ] Total time for which application threads were stopped: 0.0003243 seconds, Stopping threads took: 0.0000692 seconds
[2022-02-07T17:18:08.885+0000][1589.911s][debug][safepoint     ] Safepoint synchronization initiated. (301 threads)
[2022-02-07T17:18:08.885+0000][1589.911s][info ][safepoint     ] Application time: 1.0000691 seconds
[2022-02-07T17:18:08.885+0000][1589.911s][info ][safepoint     ] Entering safepoint region: Cleanup
[2022-02-07T17:18:08.885+0000][1589.911s][info ][safepoint     ] Leaving safepoint region
[2022-02-07T17:18:08.885+0000][1589.911s][info ][safepoint     ] Total time for which application threads were stopped: 0.0003195 seconds, Stopping threads took: 0.0000771 seconds
[2022-02-07T17:18:09.885+0000][1590.911s][debug][safepoint     ] Safepoint synchronization initiated. (301 threads)
[2022-02-07T17:18:09.885+0000][1590.911s][info ][safepoint     ] Application time: 1.0001174 seconds
[2022-02-07T17:18:09.885+0000][1590.911s][info ][safepoint     ] Entering safepoint region: Cleanup
[2022-02-07T17:18:09.885+0000][1590.911s][info ][safepoint     ] Leaving safepoint region
[2022-02-07T17:18:09.886+0000][1590.911s][info ][safepoint     ] Total time for which application threads were stopped: 0.0002344 seconds, Stopping threads took: 0.0000624 seconds
[2022-02-07T17:18:10.886+0000][1591.911s][debug][safepoint     ] Safepoint synchronization initiated. (301 threads)
[2022-02-07T17:18:10.886+0000][1591.912s][info ][safepoint     ] Application time: 1.0001243 seconds
[2022-02-07T17:18:10.886+0000][1591.912s][info ][safepoint     ] Entering safepoint region: Cleanup
[2022-02-07T17:18:10.886+0000][1591.912s][info ][safepoint     ] Leaving safepoint region
[2022-02-07T17:18:10.886+0000][1591.912s][info ][safepoint     ] Total time for which application threads were stopped: 0.0002446 seconds, Stopping threads took: 0.0000609 seconds
[2022-02-07T17:18:11.886+0000][1592.912s][debug][safepoint     ] Safepoint synchronization initiated. (301 threads)
[2022-02-07T17:18:11.886+0000][1592.912s][info ][safepoint     ] Application time: 1.0001387 seconds
[2022-02-07T17:18:11.886+0000][1592.912s][info ][safepoint     ] Entering safepoint region: Cleanup
[2022-02-07T17:18:11.886+0000][1592.912s][info ][safepoint     ] Leaving safepoint region
[2022-02-07T17:18:11.886+0000][1592.912s][info ][safepoint     ] Total time for which application threads were stopped: 0.0003209 seconds, Stopping threads took: 0.0000685 seconds
[2022-02-07T17:18:12.886+0000][1593.912s][debug][safepoint     ] Safepoint synchronization initiated. (301 threads)
[2022-02-07T17:18:12.887+0000][1593.912s][info ][safepoint     ] Application time: 1.0001298 seconds
[2022-02-07T17:18:12.887+0000][1593.912s][info ][safepoint     ] Entering safepoint region: Cleanup
[2022-02-07T17:18:12.887+0000][1593.913s][info ][safepoint     ] Leaving safepoint region
[2022-02-07T17:18:12.887+0000][1593.913s][info ][safepoint     ] Total time for which application threads were stopped: 0.0003220 seconds, Stopping threads took: 0.0000668 seconds
[2022-02-07T17:18:13.887+0000][1594.913s][debug][safepoint     ] Safepoint synchronization initiated. (301 threads)
[2022-02-07T17:18:13.887+0000][1594.913s][info ][safepoint     ] Application time: 1.0001312 seconds
[2022-02-07T17:18:13.887+0000][1594.913s][info ][safepoint     ] Entering safepoint region: Cleanup
[2022-02-07T17:18:13.887+0000][1594.913s][info ][safepoint     ] Leaving safepoint region
[2022-02-07T17:18:13.887+0000][1594.913s][info ][safepoint     ] Total time for which application threads were stopped: 0.0003454 seconds, Stopping threads took: 0.0000831 seconds
[2022-02-07T17:18:14.119+0000][1595.145s][debug][safepoint     ] Safepoint synchronization initiated. (301 threads)
[2022-02-07T17:18:14.119+0000][1595.145s][info ][safepoint     ] Application time: 0.2320376 seconds
[2022-02-07T17:18:14.119+0000][1595.145s][info ][safepoint     ] Entering safepoint region: G1CollectForAllocation
[2022-02-07T17:18:14.120+0000][1595.146s][info ][gc,start      ] GC(143) Pause Young (Normal) (G1 Evacuation Pause)
[2022-02-07T17:18:14.120+0000][1595.146s][info ][gc,task       ] GC(143) Using 4 workers of 4 for evacuation
[2022-02-07T17:18:14.150+0000][1595.176s][info ][gc,phases     ] GC(143)   Pre Evacuate Collection Set: 0.0ms
[2022-02-07T17:18:14.150+0000][1595.176s][info ][gc,phases     ] GC(143)   Evacuate Collection Set: 8.9ms
[2022-02-07T17:18:14.150+0000][1595.176s][info ][gc,phases     ] GC(143)   Post Evacuate Collection Set: 20.8ms
[2022-02-07T17:18:14.150+0000][1595.176s][info ][gc,phases     ] GC(143)   Other: 0.3ms
[2022-02-07T17:18:14.150+0000][1595.176s][info ][gc,heap       ] GC(143) Eden regions: 237->0(237)
[2022-02-07T17:18:14.150+0000][1595.176s][info ][gc,heap       ] GC(143) Survivor regions: 1->1(30)
[2022-02-07T17:18:14.150+0000][1595.176s][info ][gc,heap       ] GC(143) Old regions: 148->148
[2022-02-07T17:18:14.150+0000][1595.176s][info ][gc,heap       ] GC(143) Humongous regions: 0->0
[2022-02-07T17:18:14.150+0000][1595.176s][info ][gc,metaspace  ] GC(143) Metaspace: 163011K->163011K(1204224K)
[2022-02-07T17:18:14.150+0000][1595.176s][info ][gc            ] GC(143) Pause Young (Normal) (G1 Evacuation Pause) 383M->146M(430M) 30.269ms
[2022-02-07T17:18:14.150+0000][1595.176s][info ][gc,cpu        ] GC(143) User=0.01s Sys=0.00s Real=0.03s
[2022-02-07T17:18:14.150+0000][1595.176s][info ][safepoint     ] Leaving safepoint region
[2022-02-07T17:18:14.150+0000][1595.176s][info ][safepoint     ] Total time for which application threads were stopped: 0.0309246 seconds, Stopping threads took: 0.0000699 seconds
[2022-02-07T17:18:14.150+0000][1595.176s][info ][gc,stringdedup] Concurrent String Deduplication (1595.176s)
[2022-02-07T17:18:14.150+0000][1595.176s][info ][gc,stringdedup] Concurrent String Deduplication 568.0B->0.0B(568.0B) avg 53.3% (1595.176s, 1595.176s) 0.042ms
[2022-02-07T17:18:15.150+0000][1596.176s][debug][safepoint     ] Safepoint synchronization initiated. (301 threads)
[2022-02-07T17:18:15.150+0000][1596.176s][info ][safepoint     ] Application time: 1.0001431 seconds
[2022-02-07T17:18:15.151+0000][1596.176s][info ][safepoint     ] Entering safepoint region: Cleanup
[2022-02-07T17:18:15.151+0000][1596.177s][info ][safepoint     ] Leaving safepoint region
[2022-02-07T17:18:15.151+0000][1596.177s][info ][safepoint     ] Total time for which application threads were stopped: 0.0004906 seconds, Stopping threads took: 0.0000791 seconds
[2022-02-07T17:18:16.151+0000][1597.177s][debug][safepoint     ] Safepoint synchronization initiated. (301 threads)
[2022-02-07T17:18:16.151+0000][1597.177s][info ][safepoint     ] Application time: 1.0001159 seconds
[2022-02-07T17:18:16.151+0000][1597.177s][info ][safepoint     ] Entering safepoint region: Cleanup
[2022-02-07T17:18:16.152+0000][1597.177s][info ][safepoint     ] Leaving safepoint region
[2022-02-07T17:18:16.152+0000][1597.177s][info ][safepoint     ] Total time for which application threads were stopped: 0.0004852 seconds, Stopping threads took: 0.0000863 seconds
[2022-02-07T17:18:17.152+0000][1598.178s][debug][safepoint     ] Safepoint synchronization initiated. (301 threads)
[2022-02-07T17:18:17.152+0000][1598.178s][info ][safepoint     ] Application time: 1.0001076 seconds
[2022-02-07T17:18:17.152+0000][1598.178s][info ][safepoint     ] Entering safepoint region: Cleanup
[2022-02-07T17:18:17.152+0000][1598.178s][info ][safepoint     ] Leaving safepoint region
[2022-02-07T17:18:17.152+0000][1598.178s][info ][safepoint     ] Total time for which application threads were stopped: 0.0004779 seconds, Stopping threads took: 0.0000732 seconds
[2022-02-07T17:18:18.152+0000][1599.178s][debug][safepoint     ] Safepoint synchronization initiated. (301 threads)
[2022-02-07T17:18:18.152+0000][1599.178s][info ][safepoint     ] Application time: 1.0001297 seconds
[2022-02-07T17:18:18.152+0000][1599.178s][info ][safepoint     ] Entering safepoint region: Cleanup
[2022-02-07T17:18:18.153+0000][1599.179s][info ][safepoint     ] Leaving safepoint region
[2022-02-07T17:18:18.153+0000][1599.179s][info ][safepoint     ] Total time for which application threads were stopped: 0.0004888 seconds, Stopping threads took: 0.0000779 seconds
[2022-02-07T17:18:19.153+0000][1600.179s][debug][safepoint     ] Safepoint synchronization initiated. (301 threads)
[2022-02-07T17:18:19.153+0000][1600.179s][info ][safepoint     ] Application time: 1.0001063 seconds
[2022-02-07T17:18:19.153+0000][1600.179s][info ][safepoint     ] Entering safepoint region: Cleanup
[2022-02-07T17:18:19.153+0000][1600.179s][info ][safepoint     ] Leaving safepoint region
[2022-02-07T17:18:19.153+0000][1600.179s][info ][safepoint     ] Total time for which application threads were stopped: 0.0004643 seconds, Stopping threads took: 0.0000726 seconds
[2022-02-07T17:18:20.154+0000][1601.179s][debug][safepoint     ] Safepoint synchronization initiated. (301 threads)
[2022-02-07T17:18:20.154+0000][1601.179s][info ][safepoint     ] Application time: 1.0001071 seconds
[2022-02-07T17:18:20.154+0000][1601.179s][info ][safepoint     ] Entering safepoint region: Cleanup
[2022-02-07T17:18:20.154+0000][1601.180s][info ][safepoint     ] Leaving safepoint region
[2022-02-07T17:18:20.154+0000][1601.180s][info ][safepoint     ] Total time for which application threads were stopped: 0.0004780 seconds, Stopping threads took: 0.0000732 seconds
[2022-02-07T17:18:21.154+0000][1602.180s][debug][safepoint     ] Safepoint synchronization initiated. (301 threads)
[2022-02-07T17:18:21.154+0000][1602.180s][info ][safepoint     ] Application time: 1.0001507 seconds
[2022-02-07T17:18:21.154+0000][1602.180s][info ][safepoint     ] Entering safepoint region: Cleanup
[2022-02-07T17:18:21.155+0000][1602.180s][info ][safepoint     ] Leaving safepoint region
[2022-02-07T17:18:21.155+0000][1602.181s][debug][safepoint     ] ... found polling page return exception at pc = 0x00007f11b4fc1a06, stub =0x00007f11ac8beb80
[2022-02-07T17:18:21.155+0000][1602.181s][info ][safepoint     ] Total time for which application threads were stopped: 0.0004437 seconds, Stopping threads took: 0.0000701 seconds
[2022-02-07T17:18:22.155+0000][1603.181s][debug][safepoint     ] Safepoint synchronization initiated. (301 threads)
[2022-02-07T17:18:22.155+0000][1603.181s][info ][safepoint     ] Application time: 1.0001236 seconds
[2022-02-07T17:18:22.155+0000][1603.181s][info ][safepoint     ] Entering safepoint region: Cleanup
[2022-02-07T17:18:22.156+0000][1603.181s][info ][safepoint     ] Leaving safepoint region
[2022-02-07T17:18:22.156+0000][1603.181s][info ][safepoint     ] Total time for which application threads were stopped: 0.0004580 seconds, Stopping threads took: 0.0000900 seconds
[2022-02-07T17:18:23.156+0000][1604.182s][debug][safepoint     ] Safepoint synchronization initiated. (301 threads)
[2022-02-07T17:18:23.156+0000][1604.182s][info ][safepoint     ] Application time: 1.0003452 seconds
[2022-02-07T17:18:23.156+0000][1604.182s][debug][safepoint     ] ... found polling page loop exception at pc = 0x00007f11b4e26324, stub =0x00007f11ac8be900
[2022-02-07T17:18:23.156+0000][1604.182s][debug][safepoint     ] Waiting for 1 thread(s) to block
[2022-02-07T17:18:23.156+0000][1604.182s][info ][safepoint     ] Entering safepoint region: Cleanup
[2022-02-07T17:18:23.157+0000][1604.182s][info ][safepoint     ] Leaving safepoint region
[2022-02-07T17:18:23.157+0000][1604.182s][info ][safepoint     ] Total time for which application threads were stopped: 0.0005840 seconds, Stopping threads took: 0.0001843 seconds
[2022-02-07T17:18:24.157+0000][1605.183s][debug][safepoint     ] Safepoint synchronization initiated. (301 threads)
[2022-02-07T17:18:24.157+0000][1605.183s][info ][safepoint     ] Application time: 1.0001096 seconds
[2022-02-07T17:18:24.157+0000][1605.183s][info ][safepoint     ] Entering safepoint region: Cleanup
[2022-02-07T17:18:24.157+0000][1605.183s][info ][safepoint     ] Leaving safepoint region
[2022-02-07T17:18:24.157+0000][1605.183s][info ][safepoint     ] Total time for which application threads were stopped: 0.0003251 seconds, Stopping threads took: 0.0000703 seconds
[2022-02-07T17:18:25.157+0000][1606.183s][debug][safepoint     ] Safepoint synchronization initiated. (301 threads)
[2022-02-07T17:18:25.157+0000][1606.183s][info ][safepoint     ] Application time: 1.0001220 seconds
[2022-02-07T17:18:25.157+0000][1606.183s][info ][safepoint     ] Entering safepoint region: Cleanup
[2022-02-07T17:18:25.158+0000][1606.183s][info ][safepoint     ] Leaving safepoint region
[2022-02-07T17:18:25.158+0000][1606.183s][info ][safepoint     ] Total time for which application threads were stopped: 0.0004679 seconds, Stopping threads took: 0.0000743 seconds
[2022-02-07T17:18:26.158+0000][1607.184s][debug][safepoint     ] Safepoint synchronization initiated. (301 threads)
[2022-02-07T17:18:26.158+0000][1607.184s][info ][safepoint     ] Application time: 1.0001187 seconds
[2022-02-07T17:18:26.158+0000][1607.184s][info ][safepoint     ] Entering safepoint region: Cleanup
[2022-02-07T17:18:26.158+0000][1607.184s][info ][safepoint     ] Leaving safepoint region
[2022-02-07T17:18:26.158+0000][1607.184s][info ][safepoint     ] Total time for which application threads were stopped: 0.0004928 seconds, Stopping threads took: 0.0000811 seconds
[2022-02-07T17:18:27.158+0000][1608.184s][debug][safepoint     ] Safepoint synchronization initiated. (301 threads)
[2022-02-07T17:18:27.158+0000][1608.184s][info ][safepoint     ] Application time: 1.0001470 seconds
[2022-02-07T17:18:27.158+0000][1608.184s][info ][safepoint     ] Entering safepoint region: Cleanup
[2022-02-07T17:18:27.159+0000][1608.185s][info ][safepoint     ] Leaving safepoint region
[2022-02-07T17:18:27.159+0000][1608.185s][info ][safepoint     ] Total time for which application threads were stopped: 0.0002685 seconds, Stopping threads took: 0.0000884 seconds
[2022-02-07T17:18:28.159+0000][1609.185s][debug][safepoint     ] Safepoint synchronization initiated. (301 threads)
[2022-02-07T17:18:28.159+0000][1609.185s][info ][safepoint     ] Application time: 1.0001351 seconds
[2022-02-07T17:18:28.159+0000][1609.185s][info ][safepoint     ] Entering safepoint region: Cleanup
[2022-02-07T17:18:28.159+0000][1609.185s][info ][safepoint     ] Leaving safepoint region
[2022-02-07T17:18:28.159+0000][1609.185s][info ][safepoint     ] Total time for which application threads were stopped: 0.0002781 seconds, Stopping threads took: 0.0000746 seconds
[2022-02-07T17:18:29.159+0000][1610.185s][debug][safepoint     ] Safepoint synchronization initiated. (301 threads)
[2022-02-07T17:18:29.159+0000][1610.185s][info ][safepoint     ] Application time: 1.0001190 seconds
[2022-02-07T17:18:29.159+0000][1610.185s][info ][safepoint     ] Entering safepoint region: Cleanup
[2022-02-07T17:18:29.160+0000][1610.185s][info ][safepoint     ] Leaving safepoint region
[2022-02-07T17:18:29.160+0000][1610.185s][info ][safepoint     ] Total time for which application threads were stopped: 0.0003202 seconds, Stopping threads took: 0.0000679 seconds
[2022-02-07T17:18:29.936+0000][1610.962s][debug][safepoint     ] Safepoint synchronization initiated. (301 threads)
[2022-02-07T17:18:29.936+0000][1610.962s][info ][safepoint     ] Application time: 0.7762420 seconds
[2022-02-07T17:18:29.936+0000][1610.962s][debug][safepoint     ] ... found polling page loop exception at pc = 0x00007f11b537be09, stub =0x00007f11ac8be900
[2022-02-07T17:18:29.936+0000][1610.962s][debug][safepoint     ] ... found polling page loop exception at pc = 0x00007f11b4e26336, stub =0x00007f11ac8be900
[2022-02-07T17:18:29.936+0000][1610.962s][debug][safepoint     ] Waiting for 3 thread(s) to block
[2022-02-07T17:18:29.936+0000][1610.962s][info ][safepoint     ] Entering safepoint region: G1CollectForAllocation
[2022-02-07T17:18:29.936+0000][1610.962s][info ][gc,start      ] GC(144) Pause Young (Normal) (G1 Evacuation Pause)
[2022-02-07T17:18:29.936+0000][1610.962s][info ][gc,task       ] GC(144) Using 4 workers of 4 for evacuation
[2022-02-07T17:18:29.957+0000][1610.983s][info ][gc,phases     ] GC(144)   Pre Evacuate Collection Set: 0.0ms
[2022-02-07T17:18:29.957+0000][1610.983s][info ][gc,phases     ] GC(144)   Evacuate Collection Set: 15.9ms
[2022-02-07T17:18:29.957+0000][1610.983s][info ][gc,phases     ] GC(144)   Post Evacuate Collection Set: 4.4ms
[2022-02-07T17:18:29.957+0000][1610.983s][info ][gc,phases     ] GC(144)   Other: 0.3ms
[2022-02-07T17:18:29.957+0000][1610.983s][info ][gc,heap       ] GC(144) Eden regions: 237->0(236)
[2022-02-07T17:18:29.957+0000][1610.983s][info ][gc,heap       ] GC(144) Survivor regions: 1->1(30)
[2022-02-07T17:18:29.957+0000][1610.983s][info ][gc,heap       ] GC(144) Old regions: 148->148
[2022-02-07T17:18:29.957+0000][1610.983s][info ][gc,heap       ] GC(144) Humongous regions: 0->0
[2022-02-07T17:18:29.957+0000][1610.983s][info ][gc,metaspace  ] GC(144) Metaspace: 163026K->163026K(1204224K)
[2022-02-07T17:18:29.957+0000][1610.983s][info ][gc            ] GC(144) Pause Young (Normal) (G1 Evacuation Pause) 383M->146M(430M) 20.633ms
[2022-02-07T17:18:29.957+0000][1610.983s][info ][gc,cpu        ] GC(144) User=0.03s Sys=0.00s Real=0.02s
[2022-02-07T17:18:29.957+0000][1610.983s][info ][safepoint     ] Leaving safepoint region
[2022-02-07T17:18:29.957+0000][1610.983s][info ][safepoint     ] Total time for which application threads were stopped: 0.0212519 seconds, Stopping threads took: 0.0002456 seconds
[2022-02-07T17:18:29.957+0000][1610.983s][info ][gc,stringdedup] Concurrent String Deduplication (1610.983s)
[2022-02-07T17:18:29.957+0000][1610.983s][info ][gc,stringdedup] Concurrent String Deduplication 528.0B->0.0B(528.0B) avg 53.3% (1610.983s, 1610.983s) 0.019ms
[2022-02-07T17:18:30.957+0000][1611.983s][debug][safepoint     ] Safepoint synchronization initiated. (301 threads)
[2022-02-07T17:18:30.957+0000][1611.983s][info ][safepoint     ] Application time: 1.0001326 seconds
[2022-02-07T17:18:30.957+0000][1611.983s][info ][safepoint     ] Entering safepoint region: Cleanup
[2022-02-07T17:18:30.958+0000][1611.983s][info ][safepoint     ] Leaving safepoint region
[2022-02-07T17:18:30.958+0000][1611.983s][info ][safepoint     ] Total time for which application threads were stopped: 0.0003248 seconds, Stopping threads took: 0.0000702 seconds
[2022-02-07T17:18:31.958+0000][1612.984s][debug][safepoint     ] Safepoint synchronization initiated. (301 threads)
[2022-02-07T17:18:31.958+0000][1612.984s][info ][safepoint     ] Application time: 1.0001181 seconds
[2022-02-07T17:18:31.958+0000][1612.984s][info ][safepoint     ] Entering safepoint region: Cleanup
[2022-02-07T17:18:31.958+0000][1612.984s][info ][safepoint     ] Leaving safepoint region
[2022-02-07T17:18:31.958+0000][1612.984s][info ][safepoint     ] Total time for which application threads were stopped: 0.0002904 seconds, Stopping threads took: 0.0000694 seconds
[2022-02-07T17:18:32.958+0000][1613.984s][debug][safepoint     ] Safepoint synchronization initiated. (301 threads)
[2022-02-07T17:18:32.958+0000][1613.984s][info ][safepoint     ] Application time: 1.0001175 seconds
[2022-02-07T17:18:32.958+0000][1613.984s][debug][safepoint     ] ... found polling page return exception at pc = 0x00007f11b4a800c4, stub =0x00007f11ac8beb80
[2022-02-07T17:18:32.958+0000][1613.984s][debug][safepoint     ] ... found polling page return exception at pc = 0x00007f11b4941d02, stub =0x00007f11ac8beb80
[2022-02-07T17:18:32.958+0000][1613.984s][debug][safepoint     ] Waiting for 2 thread(s) to block
[2022-02-07T17:18:32.958+0000][1613.984s][info ][safepoint     ] Entering safepoint region: Cleanup
[2022-02-07T17:18:32.958+0000][1613.984s][info ][safepoint     ] Leaving safepoint region
[2022-02-07T17:18:32.958+0000][1613.984s][info ][safepoint     ] Total time for which application threads were stopped: 0.0003576 seconds, Stopping threads took: 0.0001163 seconds
[2022-02-07T17:18:33.959+0000][1614.984s][debug][safepoint     ] Safepoint synchronization initiated. (301 threads)
[2022-02-07T17:18:33.959+0000][1614.984s][info ][safepoint     ] Application time: 1.0001161 seconds
[2022-02-07T17:18:33.959+0000][1614.985s][info ][safepoint     ] Entering safepoint region: Cleanup
[2022-02-07T17:18:33.959+0000][1614.985s][info ][safepoint     ] Leaving safepoint region
[2022-02-07T17:18:33.959+0000][1614.985s][info ][safepoint     ] Total time for which application threads were stopped: 0.0002981 seconds, Stopping threads took: 0.0000693 seconds
[2022-02-07T17:18:34.959+0000][1615.985s][debug][safepoint     ] Safepoint synchronization initiated. (301 threads)
[2022-02-07T17:18:34.959+0000][1615.985s][info ][safepoint     ] Application time: 1.0001113 seconds
[2022-02-07T17:18:34.959+0000][1615.985s][info ][safepoint     ] Entering safepoint region: Cleanup
[2022-02-07T17:18:34.959+0000][1615.985s][info ][safepoint     ] Leaving safepoint region
[2022-02-07T17:18:34.959+0000][1615.985s][info ][safepoint     ] Total time for which application threads were stopped: 0.0003574 seconds, Stopping threads took: 0.0000671 seconds
[2022-02-07T17:18:35.959+0000][1616.985s][debug][safepoint     ] Safepoint synchronization initiated. (301 threads)
[2022-02-07T17:18:35.960+0000][1616.985s][info ][safepoint     ] Application time: 1.0001180 seconds
[2022-02-07T17:18:35.960+0000][1616.985s][info ][safepoint     ] Entering safepoint region: Cleanup
[2022-02-07T17:18:35.960+0000][1616.986s][info ][safepoint     ] Leaving safepoint region
[2022-02-07T17:18:35.960+0000][1616.986s][info ][safepoint     ] Total time for which application threads were stopped: 0.0004463 seconds, Stopping threads took: 0.0000705 seconds
[2022-02-07T17:18:36.960+0000][1617.986s][debug][safepoint     ] Safepoint synchronization initiated. (301 threads)
[2022-02-07T17:18:36.960+0000][1617.986s][info ][safepoint     ] Application time: 1.0001346 seconds
[2022-02-07T17:18:36.960+0000][1617.986s][info ][safepoint     ] Entering safepoint region: Cleanup
[2022-02-07T17:18:36.961+0000][1617.986s][info ][safepoint     ] Leaving safepoint region
[2022-02-07T17:18:36.961+0000][1617.986s][info ][safepoint     ] Total time for which application threads were stopped: 0.0004592 seconds, Stopping threads took: 0.0000707 seconds
[2022-02-07T17:18:37.961+0000][1618.986s][debug][safepoint     ] Safepoint synchronization initiated. (301 threads)
[2022-02-07T17:18:37.961+0000][1618.987s][info ][safepoint     ] Application time: 1.0000743 seconds
[2022-02-07T17:18:37.961+0000][1618.987s][info ][safepoint     ] Entering safepoint region: Cleanup
[2022-02-07T17:18:37.961+0000][1618.987s][info ][safepoint     ] Leaving safepoint region
[2022-02-07T17:18:37.961+0000][1618.987s][info ][safepoint     ] Total time for which application threads were stopped: 0.0004449 seconds, Stopping threads took: 0.0000709 seconds
[2022-02-07T17:18:38.961+0000][1619.987s][debug][safepoint     ] Safepoint synchronization initiated. (301 threads)
[2022-02-07T17:18:38.961+0000][1619.987s][info ][safepoint     ] Application time: 1.0001161 seconds
[2022-02-07T17:18:38.961+0000][1619.987s][info ][safepoint     ] Entering safepoint region: Cleanup
[2022-02-07T17:18:38.962+0000][1619.988s][info ][safepoint     ] Leaving safepoint region
[2022-02-07T17:18:38.962+0000][1619.988s][info ][safepoint     ] Total time for which application threads were stopped: 0.0004445 seconds, Stopping threads took: 0.0000721 seconds
[2022-02-07T17:18:39.962+0000][1620.988s][debug][safepoint     ] Safepoint synchronization initiated. (301 threads)
[2022-02-07T17:18:39.962+0000][1620.988s][info ][safepoint     ] Application time: 1.0001293 seconds
[2022-02-07T17:18:39.962+0000][1620.988s][info ][safepoint     ] Entering safepoint region: Cleanup
[2022-02-07T17:18:39.962+0000][1620.988s][info ][safepoint     ] Leaving safepoint region
[2022-02-07T17:18:39.962+0000][1620.988s][info ][safepoint     ] Total time for which application threads were stopped: 0.0004447 seconds, Stopping threads took: 0.0000719 seconds
[2022-02-07T17:18:40.962+0000][1621.988s][debug][safepoint     ] Safepoint synchronization initiated. (301 threads)
[2022-02-07T17:18:40.962+0000][1621.988s][info ][safepoint     ] Application time: 1.0001304 seconds
[2022-02-07T17:18:40.963+0000][1621.988s][info ][safepoint     ] Entering safepoint region: Cleanup
[2022-02-07T17:18:40.963+0000][1621.989s][info ][safepoint     ] Leaving safepoint region
[2022-02-07T17:18:40.963+0000][1621.989s][info ][safepoint     ] Total time for which application threads were stopped: 0.0004694 seconds, Stopping threads took: 0.0000736 seconds
[2022-02-07T17:18:41.963+0000][1622.989s][debug][safepoint     ] Safepoint synchronization initiated. (301 threads)
[2022-02-07T17:18:41.963+0000][1622.989s][info ][safepoint     ] Application time: 1.0001052 seconds
[2022-02-07T17:18:41.963+0000][1622.989s][info ][safepoint     ] Entering safepoint region: Cleanup
[2022-02-07T17:18:41.964+0000][1622.990s][info ][safepoint     ] Leaving safepoint region
[2022-02-07T17:18:41.964+0000][1622.990s][info ][safepoint     ] Total time for which application threads were stopped: 0.0006611 seconds, Stopping threads took: 0.0000757 seconds
[2022-02-07T17:18:42.964+0000][1623.990s][debug][safepoint     ] Safepoint synchronization initiated. (301 threads)
[2022-02-07T17:18:42.964+0000][1623.990s][info ][safepoint     ] Application time: 1.0001207 seconds
[2022-02-07T17:18:42.964+0000][1623.990s][info ][safepoint     ] Entering safepoint region: Cleanup
[2022-02-07T17:18:42.964+0000][1623.990s][info ][safepoint     ] Leaving safepoint region
[2022-02-07T17:18:42.964+0000][1623.990s][info ][safepoint     ] Total time for which application threads were stopped: 0.0004635 seconds, Stopping threads took: 0.0000737 seconds
[2022-02-07T17:18:43.964+0000][1624.990s][debug][safepoint     ] Safepoint synchronization initiated. (301 threads)
[2022-02-07T17:18:43.964+0000][1624.990s][info ][safepoint     ] Application time: 1.0001258 seconds
[2022-02-07T17:18:43.964+0000][1624.990s][debug][safepoint     ] ... found polling page return exception at pc = 0x00007f11b515bc7f, stub =0x00007f11ac8beb80
[2022-02-07T17:18:43.965+0000][1624.990s][debug][safepoint     ] Waiting for 1 thread(s) to block
[2022-02-07T17:18:43.965+0000][1624.990s][info ][safepoint     ] Entering safepoint region: Cleanup
[2022-02-07T17:18:43.965+0000][1624.991s][info ][safepoint     ] Leaving safepoint region
[2022-02-07T17:18:43.965+0000][1624.991s][info ][safepoint     ] Total time for which application threads were stopped: 0.0004707 seconds, Stopping threads took: 0.0001053 seconds
[2022-02-07T17:18:44.700+0000][1625.726s][debug][safepoint     ] Safepoint synchronization initiated. (301 threads)
[2022-02-07T17:18:44.700+0000][1625.726s][info ][safepoint     ] Application time: 0.7347760 seconds
[2022-02-07T17:18:44.700+0000][1625.726s][info ][safepoint     ] Entering safepoint region: G1CollectForAllocation
[2022-02-07T17:18:44.700+0000][1625.726s][info ][gc,start      ] GC(145) Pause Young (Normal) (G1 Evacuation Pause)
[2022-02-07T17:18:44.700+0000][1625.726s][info ][gc,task       ] GC(145) Using 4 workers of 4 for evacuation
[2022-02-07T17:18:44.717+0000][1625.743s][info ][gc,phases     ] GC(145)   Pre Evacuate Collection Set: 0.0ms
[2022-02-07T17:18:44.717+0000][1625.743s][info ][gc,phases     ] GC(145)   Evacuate Collection Set: 9.5ms
[2022-02-07T17:18:44.717+0000][1625.743s][info ][gc,phases     ] GC(145)   Post Evacuate Collection Set: 7.5ms
[2022-02-07T17:18:44.718+0000][1625.743s][info ][gc,phases     ] GC(145)   Other: 0.2ms
[2022-02-07T17:18:44.718+0000][1625.743s][info ][gc,heap       ] GC(145) Eden regions: 236->0(236)
[2022-02-07T17:18:44.718+0000][1625.743s][info ][gc,heap       ] GC(145) Survivor regions: 1->1(30)
[2022-02-07T17:18:44.718+0000][1625.743s][info ][gc,heap       ] GC(145) Old regions: 148->148
[2022-02-07T17:18:44.718+0000][1625.743s][info ][gc,heap       ] GC(145) Humongous regions: 0->0
[2022-02-07T17:18:44.718+0000][1625.743s][info ][gc,metaspace  ] GC(145) Metaspace: 163031K->163031K(1204224K)
[2022-02-07T17:18:44.718+0000][1625.743s][info ][gc            ] GC(145) Pause Young (Normal) (G1 Evacuation Pause) 382M->146M(430M) 17.412ms
[2022-02-07T17:18:44.718+0000][1625.743s][info ][gc,cpu        ] GC(145) User=0.01s Sys=0.01s Real=0.01s
[2022-02-07T17:18:44.718+0000][1625.744s][info ][safepoint     ] Leaving safepoint region
[2022-02-07T17:18:44.718+0000][1625.744s][info ][safepoint     ] Total time for which application threads were stopped: 0.0179601 seconds, Stopping threads took: 0.0000667 seconds
[2022-02-07T17:18:44.718+0000][1625.744s][info ][gc,stringdedup] Concurrent String Deduplication (1625.744s)
[2022-02-07T17:18:44.718+0000][1625.744s][info ][gc,stringdedup] Concurrent String Deduplication 704.0B->64.0B(640.0B) avg 53.3% (1625.744s, 1625.744s) 0.033ms
[2022-02-07T17:18:45.718+0000][1626.744s][debug][safepoint     ] Safepoint synchronization initiated. (301 threads)
[2022-02-07T17:18:45.718+0000][1626.744s][info ][safepoint     ] Application time: 1.0001374 seconds
[2022-02-07T17:18:45.718+0000][1626.744s][info ][safepoint     ] Entering safepoint region: Cleanup
[2022-02-07T17:18:45.718+0000][1626.744s][info ][safepoint     ] Leaving safepoint region
[2022-02-07T17:18:45.718+0000][1626.744s][info ][safepoint     ] Total time for which application threads were stopped: 0.0004838 seconds, Stopping threads took: 0.0000862 seconds
[2022-02-07T17:18:46.718+0000][1627.744s][debug][safepoint     ] Safepoint synchronization initiated. (301 threads)
[2022-02-07T17:18:46.718+0000][1627.744s][info ][safepoint     ] Application time: 1.0000984 seconds
[2022-02-07T17:18:46.718+0000][1627.744s][info ][safepoint     ] Entering safepoint region: Cleanup
[2022-02-07T17:18:46.719+0000][1627.745s][info ][safepoint     ] Leaving safepoint region
[2022-02-07T17:18:46.719+0000][1627.745s][info ][safepoint     ] Total time for which application threads were stopped: 0.0004332 seconds, Stopping threads took: 0.0000712 seconds
[2022-02-07T17:18:47.719+0000][1628.745s][debug][safepoint     ] Safepoint synchronization initiated. (301 threads)
[2022-02-07T17:18:47.719+0000][1628.745s][info ][safepoint     ] Application time: 1.0001170 seconds
[2022-02-07T17:18:47.719+0000][1628.745s][info ][safepoint     ] Entering safepoint region: Cleanup
[2022-02-07T17:18:47.719+0000][1628.745s][info ][safepoint     ] Leaving safepoint region
[2022-02-07T17:18:47.719+0000][1628.745s][info ][safepoint     ] Total time for which application threads were stopped: 0.0004451 seconds, Stopping threads took: 0.0000695 seconds
[2022-02-07T17:18:48.720+0000][1629.745s][debug][safepoint     ] Safepoint synchronization initiated. (301 threads)
[2022-02-07T17:18:48.720+0000][1629.745s][info ][safepoint     ] Application time: 1.0001478 seconds
[2022-02-07T17:18:48.720+0000][1629.746s][info ][safepoint     ] Entering safepoint region: Cleanup
[2022-02-07T17:18:48.720+0000][1629.746s][info ][safepoint     ] Leaving safepoint region
[2022-02-07T17:18:48.720+0000][1629.746s][info ][safepoint     ] Total time for which application threads were stopped: 0.0004605 seconds, Stopping threads took: 0.0000759 seconds
[2022-02-07T17:18:49.720+0000][1630.746s][debug][safepoint     ] Safepoint synchronization initiated. (301 threads)
[2022-02-07T17:18:49.720+0000][1630.746s][info ][safepoint     ] Application time: 1.0001456 seconds
[2022-02-07T17:18:49.720+0000][1630.746s][info ][safepoint     ] Entering safepoint region: Cleanup
[2022-02-07T17:18:49.721+0000][1630.747s][info ][safepoint     ] Leaving safepoint region
[2022-02-07T17:18:49.721+0000][1630.747s][info ][safepoint     ] Total time for which application threads were stopped: 0.0004300 seconds, Stopping threads took: 0.0000700 seconds
[2022-02-07T17:18:50.721+0000][1631.747s][debug][safepoint     ] Safepoint synchronization initiated. (301 threads)
[2022-02-07T17:18:50.721+0000][1631.747s][info ][safepoint     ] Application time: 1.0001176 seconds
[2022-02-07T17:18:50.721+0000][1631.747s][info ][safepoint     ] Entering safepoint region: Cleanup
[2022-02-07T17:18:50.721+0000][1631.747s][info ][safepoint     ] Leaving safepoint region
[2022-02-07T17:18:50.721+0000][1631.747s][info ][safepoint     ] Total time for which application threads were stopped: 0.0003436 seconds, Stopping threads took: 0.0000861 seconds
[2022-02-07T17:18:51.721+0000][1632.747s][debug][safepoint     ] Safepoint synchronization initiated. (301 threads)
[2022-02-07T17:18:51.721+0000][1632.747s][info ][safepoint     ] Application time: 1.0001190 seconds
[2022-02-07T17:18:51.721+0000][1632.747s][info ][safepoint     ] Entering safepoint region: Cleanup
[2022-02-07T17:18:51.722+0000][1632.747s][info ][safepoint     ] Leaving safepoint region
[2022-02-07T17:18:51.722+0000][1632.747s][info ][safepoint     ] Total time for which application threads were stopped: 0.0002967 seconds, Stopping threads took: 0.0000714 seconds
[2022-02-07T17:18:52.722+0000][1633.748s][debug][safepoint     ] Safepoint synchronization initiated. (301 threads)
[2022-02-07T17:18:52.722+0000][1633.748s][info ][safepoint     ] Application time: 1.0001460 seconds
[2022-02-07T17:18:52.722+0000][1633.748s][info ][safepoint     ] Entering safepoint region: Cleanup
[2022-02-07T17:18:52.722+0000][1633.748s][info ][safepoint     ] Leaving safepoint region
[2022-02-07T17:18:52.722+0000][1633.748s][info ][safepoint     ] Total time for which application threads were stopped: 0.0003222 seconds, Stopping threads took: 0.0000683 seconds
[2022-02-07T17:18:53.722+0000][1634.748s][debug][safepoint     ] Safepoint synchronization initiated. (301 threads)
[2022-02-07T17:18:53.722+0000][1634.748s][info ][safepoint     ] Application time: 1.0001230 seconds
[2022-02-07T17:18:53.722+0000][1634.748s][info ][safepoint     ] Entering safepoint region: Cleanup
[2022-02-07T17:18:53.723+0000][1634.748s][info ][safepoint     ] Leaving safepoint region
[2022-02-07T17:18:53.723+0000][1634.748s][info ][safepoint     ] Total time for which application threads were stopped: 0.0003147 seconds, Stopping threads took: 0.0000698 seconds
[2022-02-07T17:18:54.723+0000][1635.749s][debug][safepoint     ] Safepoint synchronization initiated. (301 threads)
[2022-02-07T17:18:54.723+0000][1635.749s][info ][safepoint     ] Application time: 1.0001335 seconds
[2022-02-07T17:18:54.723+0000][1635.749s][info ][safepoint     ] Entering safepoint region: Cleanup
[2022-02-07T17:18:54.723+0000][1635.749s][info ][safepoint     ] Leaving safepoint region
[2022-02-07T17:18:54.723+0000][1635.749s][info ][safepoint     ] Total time for which application threads were stopped: 0.0002918 seconds, Stopping threads took: 0.0000672 seconds
[2022-02-07T17:18:55.723+0000][1636.749s][debug][safepoint     ] Safepoint synchronization initiated. (301 threads)
[2022-02-07T17:18:55.723+0000][1636.749s][info ][safepoint     ] Application time: 1.0001141 seconds
[2022-02-07T17:18:55.723+0000][1636.749s][info ][safepoint     ] Entering safepoint region: Cleanup
[2022-02-07T17:18:55.723+0000][1636.749s][info ][safepoint     ] Leaving safepoint region
[2022-02-07T17:18:55.723+0000][1636.749s][info ][safepoint     ] Total time for which application threads were stopped: 0.0002635 seconds, Stopping threads took: 0.0000622 seconds
[2022-02-07T17:18:56.723+0000][1637.749s][debug][safepoint     ] Safepoint synchronization initiated. (301 threads)
[2022-02-07T17:18:56.724+0000][1637.749s][info ][safepoint     ] Application time: 1.0001483 seconds
[2022-02-07T17:18:56.724+0000][1637.749s][info ][safepoint     ] Entering safepoint region: Cleanup
[2022-02-07T17:18:56.724+0000][1637.750s][info ][safepoint     ] Leaving safepoint region
[2022-02-07T17:18:56.724+0000][1637.750s][info ][safepoint     ] Total time for which application threads were stopped: 0.0002722 seconds, Stopping threads took: 0.0000705 seconds
[2022-02-07T17:18:57.724+0000][1638.750s][debug][safepoint     ] Safepoint synchronization initiated. (301 threads)
[2022-02-07T17:18:57.724+0000][1638.750s][info ][safepoint     ] Application time: 1.0001492 seconds
[2022-02-07T17:18:57.724+0000][1638.750s][info ][safepoint     ] Entering safepoint region: Cleanup
[2022-02-07T17:18:57.724+0000][1638.750s][info ][safepoint     ] Leaving safepoint region
[2022-02-07T17:18:57.724+0000][1638.750s][info ][safepoint     ] Total time for which application threads were stopped: 0.0002616 seconds, Stopping threads took: 0.0000734 seconds
[2022-02-07T17:18:58.724+0000][1639.750s][debug][safepoint     ] Safepoint synchronization initiated. (301 threads)
[2022-02-07T17:18:58.724+0000][1639.750s][info ][safepoint     ] Application time: 1.0001403 seconds
[2022-02-07T17:18:58.724+0000][1639.750s][info ][safepoint     ] Entering safepoint region: Cleanup
[2022-02-07T17:18:58.725+0000][1639.751s][info ][safepoint     ] Leaving safepoint region
[2022-02-07T17:18:58.725+0000][1639.751s][info ][safepoint     ] Total time for which application threads were stopped: 0.0004806 seconds, Stopping threads took: 0.0000752 seconds
[2022-02-07T17:18:59.725+0000][1640.751s][debug][safepoint     ] Safepoint synchronization initiated. (301 threads)
[2022-02-07T17:18:59.725+0000][1640.751s][info ][safepoint     ] Application time: 1.0001456 seconds
[2022-02-07T17:18:59.725+0000][1640.751s][info ][safepoint     ] Entering safepoint region: Cleanup
[2022-02-07T17:18:59.726+0000][1640.751s][info ][safepoint     ] Leaving safepoint region
[2022-02-07T17:18:59.726+0000][1640.751s][info ][safepoint     ] Total time for which application threads were stopped: 0.0005176 seconds, Stopping threads took: 0.0000848 seconds
[2022-02-07T17:19:00.726+0000][1641.752s][debug][safepoint     ] Safepoint synchronization initiated. (301 threads)
[2022-02-07T17:19:00.726+0000][1641.752s][info ][safepoint     ] Application time: 1.0001239 seconds
[2022-02-07T17:19:00.726+0000][1641.752s][info ][safepoint     ] Entering safepoint region: Cleanup
[2022-02-07T17:19:00.726+0000][1641.752s][info ][safepoint     ] Leaving safepoint region
[2022-02-07T17:19:00.726+0000][1641.752s][info ][safepoint     ] Total time for which application threads were stopped: 0.0004672 seconds, Stopping threads took: 0.0000742 seconds
[2022-02-07T17:19:01.726+0000][1642.752s][debug][safepoint     ] Safepoint synchronization initiated. (301 threads)
[2022-02-07T17:19:01.726+0000][1642.752s][info ][safepoint     ] Application time: 1.0001289 seconds
[2022-02-07T17:19:01.726+0000][1642.752s][info ][safepoint     ] Entering safepoint region: Cleanup
[2022-02-07T17:19:01.727+0000][1642.753s][info ][safepoint     ] Leaving safepoint region
[2022-02-07T17:19:01.727+0000][1642.753s][info ][safepoint     ] Total time for which application threads were stopped: 0.0004600 seconds, Stopping threads took: 0.0000725 seconds
[2022-02-07T17:19:02.727+0000][1643.753s][debug][safepoint     ] Safepoint synchronization initiated. (301 threads)
[2022-02-07T17:19:02.727+0000][1643.753s][info ][safepoint     ] Application time: 1.0001165 seconds
[2022-02-07T17:19:02.727+0000][1643.753s][info ][safepoint     ] Entering safepoint region: Cleanup
[2022-02-07T17:19:02.727+0000][1643.753s][info ][safepoint     ] Leaving safepoint region
[2022-02-07T17:19:02.727+0000][1643.753s][info ][safepoint     ] Total time for which application threads were stopped: 0.0003908 seconds, Stopping threads took: 0.0000671 seconds
[2022-02-07T17:19:03.017+0000][1644.043s][debug][safepoint     ] Safepoint synchronization initiated. (301 threads)
[2022-02-07T17:19:03.017+0000][1644.043s][info ][safepoint     ] Application time: 0.2899085 seconds
[2022-02-07T17:19:03.018+0000][1644.044s][debug][safepoint     ] ... found polling page loop exception at pc = 0x00007f11b52a6317, stub =0x00007f11ac8be900
[2022-02-07T17:19:03.018+0000][1644.044s][debug][safepoint     ] ... found polling page return exception at pc = 0x00007f11b4b6d91b, stub =0x00007f11ac8beb80
[2022-02-07T17:19:03.019+0000][1644.045s][debug][safepoint     ] Waiting for 4 thread(s) to block
[2022-02-07T17:19:03.019+0000][1644.045s][info ][safepoint     ] Entering safepoint region: G1CollectForAllocation
[2022-02-07T17:19:03.020+0000][1644.046s][info ][gc,start      ] GC(146) Pause Young (Normal) (G1 Evacuation Pause)
[2022-02-07T17:19:03.020+0000][1644.046s][info ][gc,task       ] GC(146) Using 4 workers of 4 for evacuation
[2022-02-07T17:19:03.028+0000][1644.054s][info ][gc,phases     ] GC(146)   Pre Evacuate Collection Set: 0.0ms
[2022-02-07T17:19:03.028+0000][1644.054s][info ][gc,phases     ] GC(146)   Evacuate Collection Set: 3.7ms
[2022-02-07T17:19:03.028+0000][1644.054s][info ][gc,phases     ] GC(146)   Post Evacuate Collection Set: 4.2ms
[2022-02-07T17:19:03.028+0000][1644.054s][info ][gc,phases     ] GC(146)   Other: 0.7ms
[2022-02-07T17:19:03.028+0000][1644.054s][info ][gc,heap       ] GC(146) Eden regions: 236->0(236)
[2022-02-07T17:19:03.028+0000][1644.054s][info ][gc,heap       ] GC(146) Survivor regions: 1->1(30)
[2022-02-07T17:19:03.028+0000][1644.054s][info ][gc,heap       ] GC(146) Old regions: 148->148
[2022-02-07T17:19:03.028+0000][1644.054s][info ][gc,heap       ] GC(146) Humongous regions: 0->0
[2022-02-07T17:19:03.028+0000][1644.054s][info ][gc,metaspace  ] GC(146) Metaspace: 163036K->163036K(1204224K)
[2022-02-07T17:19:03.028+0000][1644.054s][info ][gc            ] GC(146) Pause Young (Normal) (G1 Evacuation Pause) 382M->146M(430M) 8.314ms
[2022-02-07T17:19:03.028+0000][1644.054s][info ][gc,cpu        ] GC(146) User=0.02s Sys=0.00s Real=0.01s
[2022-02-07T17:19:03.028+0000][1644.054s][info ][safepoint     ] Leaving safepoint region
[2022-02-07T17:19:03.028+0000][1644.054s][info ][safepoint     ] Total time for which application threads were stopped: 0.0110512 seconds, Stopping threads took: 0.0016649 seconds
[2022-02-07T17:19:03.028+0000][1644.054s][info ][gc,stringdedup] Concurrent String Deduplication (1644.054s)
[2022-02-07T17:19:03.028+0000][1644.054s][info ][gc,stringdedup] Concurrent String Deduplication 1304.0B->0.0B(1304.0B) avg 53.3% (1644.054s, 1644.054s) 0.052ms
[2022-02-07T17:19:04.028+0000][1645.054s][debug][safepoint     ] Safepoint synchronization initiated. (301 threads)
[2022-02-07T17:19:04.028+0000][1645.054s][info ][safepoint     ] Application time: 1.0001609 seconds
[2022-02-07T17:19:04.029+0000][1645.054s][info ][safepoint     ] Entering safepoint region: Cleanup
[2022-02-07T17:19:04.029+0000][1645.055s][info ][safepoint     ] Leaving safepoint region
[2022-02-07T17:19:04.029+0000][1645.055s][info ][safepoint     ] Total time for which application threads were stopped: 0.0003177 seconds, Stopping threads took: 0.0000728 seconds
[2022-02-07T17:19:05.029+0000][1646.055s][debug][safepoint     ] Safepoint synchronization initiated. (301 threads)
[2022-02-07T17:19:05.029+0000][1646.055s][info ][safepoint     ] Application time: 1.0001658 seconds
[2022-02-07T17:19:05.029+0000][1646.055s][info ][safepoint     ] Entering safepoint region: Cleanup
[2022-02-07T17:19:05.029+0000][1646.055s][info ][safepoint     ] Leaving safepoint region
[2022-02-07T17:19:05.029+0000][1646.055s][info ][safepoint     ] Total time for which application threads were stopped: 0.0003469 seconds, Stopping threads took: 0.0000885 seconds
[2022-02-07T17:19:06.031+0000][1647.057s][debug][safepoint     ] Safepoint synchronization initiated. (301 threads)
[2022-02-07T17:19:06.031+0000][1647.057s][info ][safepoint     ] Application time: 1.0019158 seconds
[2022-02-07T17:19:06.035+0000][1647.061s][debug][safepoint     ] ... found polling page return exception at pc = 0x00007f11b4391b1b, stub =0x00007f11ac8beb80
[2022-02-07T17:19:06.035+0000][1647.061s][debug][safepoint     ] Waiting for 1 thread(s) to block
[2022-02-07T17:19:06.035+0000][1647.061s][info ][safepoint     ] Entering safepoint region: Cleanup
[2022-02-07T17:19:06.035+0000][1647.061s][info ][safepoint     ] Leaving safepoint region
[2022-02-07T17:19:06.035+0000][1647.061s][info ][safepoint     ] Total time for which application threads were stopped: 0.0037370 seconds, Stopping threads took: 0.0034853 seconds
[2022-02-07T17:19:07.035+0000][1648.061s][debug][safepoint     ] Safepoint synchronization initiated. (301 threads)
[2022-02-07T17:19:07.035+0000][1648.061s][info ][safepoint     ] Application time: 1.0001210 seconds
[2022-02-07T17:19:07.035+0000][1648.061s][info ][safepoint     ] Entering safepoint region: Cleanup
[2022-02-07T17:19:07.036+0000][1648.061s][info ][safepoint     ] Leaving safepoint region
[2022-02-07T17:19:07.036+0000][1648.061s][info ][safepoint     ] Total time for which application threads were stopped: 0.0004920 seconds, Stopping threads took: 0.0001225 seconds
[2022-02-07T17:19:08.036+0000][1649.062s][debug][safepoint     ] Safepoint synchronization initiated. (301 threads)
[2022-02-07T17:19:08.036+0000][1649.062s][info ][safepoint     ] Application time: 1.0001151 seconds
[2022-02-07T17:19:08.036+0000][1649.062s][info ][safepoint     ] Entering safepoint region: Cleanup
[2022-02-07T17:19:08.036+0000][1649.062s][info ][safepoint     ] Leaving safepoint region
[2022-02-07T17:19:08.036+0000][1649.062s][info ][safepoint     ] Total time for which application threads were stopped: 0.0003260 seconds, Stopping threads took: 0.0000696 seconds
[2022-02-07T17:19:09.038+0000][1650.064s][debug][safepoint     ] Safepoint synchronization initiated. (301 threads)
[2022-02-07T17:19:09.038+0000][1650.064s][info ][safepoint     ] Application time: 1.0016418 seconds
[2022-02-07T17:19:09.040+0000][1650.066s][debug][safepoint     ] ... found polling page return exception at pc = 0x00007f11b4399c76, stub =0x00007f11ac8beb80
[2022-02-07T17:19:09.043+0000][1650.069s][debug][safepoint     ] Waiting for 1 thread(s) to block
[2022-02-07T17:19:09.044+0000][1650.070s][info ][safepoint     ] Entering safepoint region: Cleanup
[2022-02-07T17:19:09.044+0000][1650.070s][info ][safepoint     ] Leaving safepoint region
[2022-02-07T17:19:09.044+0000][1650.070s][info ][safepoint     ] Total time for which application threads were stopped: 0.0063275 seconds, Stopping threads took: 0.0059212 seconds
[2022-02-07T17:19:10.044+0000][1651.070s][debug][safepoint     ] Safepoint synchronization initiated. (301 threads)
[2022-02-07T17:19:10.044+0000][1651.070s][info ][safepoint     ] Application time: 1.0001478 seconds
[2022-02-07T17:19:10.044+0000][1651.070s][info ][safepoint     ] Entering safepoint region: Cleanup
[2022-02-07T17:19:10.045+0000][1651.070s][info ][safepoint     ] Leaving safepoint region
[2022-02-07T17:19:10.045+0000][1651.070s][info ][safepoint     ] Total time for which application threads were stopped: 0.0003216 seconds, Stopping threads took: 0.0000709 seconds
[2022-02-07T17:19:11.045+0000][1652.071s][debug][safepoint     ] Safepoint synchronization initiated. (301 threads)
[2022-02-07T17:19:11.045+0000][1652.071s][info ][safepoint     ] Application time: 1.0001312 seconds
[2022-02-07T17:19:11.045+0000][1652.071s][info ][safepoint     ] Entering safepoint region: Cleanup
[2022-02-07T17:19:11.045+0000][1652.071s][info ][safepoint     ] Leaving safepoint region
[2022-02-07T17:19:11.045+0000][1652.071s][info ][safepoint     ] Total time for which application threads were stopped: 0.0003203 seconds, Stopping threads took: 0.0000713 seconds
[2022-02-07T17:19:12.045+0000][1653.071s][debug][safepoint     ] Safepoint synchronization initiated. (301 threads)
[2022-02-07T17:19:12.045+0000][1653.071s][info ][safepoint     ] Application time: 1.0001333 seconds
[2022-02-07T17:19:12.045+0000][1653.071s][info ][safepoint     ] Entering safepoint region: Cleanup
[2022-02-07T17:19:12.046+0000][1653.071s][info ][safepoint     ] Leaving safepoint region
[2022-02-07T17:19:12.046+0000][1653.071s][info ][safepoint     ] Total time for which application threads were stopped: 0.0004135 seconds, Stopping threads took: 0.0000806 seconds
[2022-02-07T17:19:13.046+0000][1654.072s][debug][safepoint     ] Safepoint synchronization initiated. (301 threads)
[2022-02-07T17:19:13.046+0000][1654.072s][info ][safepoint     ] Application time: 1.0001160 seconds
[2022-02-07T17:19:13.046+0000][1654.072s][info ][safepoint     ] Entering safepoint region: Cleanup
[2022-02-07T17:19:13.046+0000][1654.072s][info ][safepoint     ] Leaving safepoint region
[2022-02-07T17:19:13.046+0000][1654.072s][info ][safepoint     ] Total time for which application threads were stopped: 0.0003206 seconds, Stopping threads took: 0.0000725 seconds
[2022-02-07T17:19:14.046+0000][1655.072s][debug][safepoint     ] Safepoint synchronization initiated. (301 threads)
[2022-02-07T17:19:14.046+0000][1655.072s][info ][safepoint     ] Application time: 1.0001200 seconds
[2022-02-07T17:19:14.046+0000][1655.072s][debug][safepoint     ] ... found polling page return exception at pc = 0x00007f11b52fe536, stub =0x00007f11ac8beb80
[2022-02-07T17:19:14.046+0000][1655.072s][debug][safepoint     ] Waiting for 1 thread(s) to block
[2022-02-07T17:19:14.046+0000][1655.072s][info ][safepoint     ] Entering safepoint region: Cleanup
[2022-02-07T17:19:14.047+0000][1655.072s][info ][safepoint     ] Leaving safepoint region
[2022-02-07T17:19:14.047+0000][1655.072s][info ][safepoint     ] Total time for which application threads were stopped: 0.0003432 seconds, Stopping threads took: 0.0001080 seconds
[2022-02-07T17:19:15.047+0000][1656.073s][debug][safepoint     ] Safepoint synchronization initiated. (301 threads)
[2022-02-07T17:19:15.047+0000][1656.073s][info ][safepoint     ] Application time: 1.0001162 seconds
[2022-02-07T17:19:15.047+0000][1656.073s][info ][safepoint     ] Entering safepoint region: Cleanup
[2022-02-07T17:19:15.047+0000][1656.073s][info ][safepoint     ] Leaving safepoint region
[2022-02-07T17:19:15.047+0000][1656.073s][info ][safepoint     ] Total time for which application threads were stopped: 0.0003166 seconds, Stopping threads took: 0.0000687 seconds
[2022-02-07T17:19:16.047+0000][1657.073s][debug][safepoint     ] Safepoint synchronization initiated. (301 threads)
[2022-02-07T17:19:16.047+0000][1657.073s][info ][safepoint     ] Application time: 1.0001112 seconds
[2022-02-07T17:19:16.047+0000][1657.073s][info ][safepoint     ] Entering safepoint region: Cleanup
[2022-02-07T17:19:16.048+0000][1657.073s][info ][safepoint     ] Leaving safepoint region
[2022-02-07T17:19:16.048+0000][1657.073s][info ][safepoint     ] Total time for which application threads were stopped: 0.0004819 seconds, Stopping threads took: 0.0001066 seconds
[2022-02-07T17:19:17.048+0000][1658.074s][debug][safepoint     ] Safepoint synchronization initiated. (301 threads)
[2022-02-07T17:19:17.048+0000][1658.074s][info ][safepoint     ] Application time: 1.0003964 seconds
[2022-02-07T17:19:17.048+0000][1658.074s][info ][safepoint     ] Entering safepoint region: Cleanup
[2022-02-07T17:19:17.049+0000][1658.074s][info ][safepoint     ] Leaving safepoint region
[2022-02-07T17:19:17.049+0000][1658.074s][info ][safepoint     ] Total time for which application threads were stopped: 0.0004769 seconds, Stopping threads took: 0.0000752 seconds
[2022-02-07T17:19:18.049+0000][1659.074s][debug][safepoint     ] Safepoint synchronization initiated. (301 threads)
[2022-02-07T17:19:18.049+0000][1659.075s][info ][safepoint     ] Application time: 1.0001131 seconds
[2022-02-07T17:19:18.049+0000][1659.075s][info ][safepoint     ] Entering safepoint region: Cleanup
[2022-02-07T17:19:18.049+0000][1659.075s][info ][safepoint     ] Leaving safepoint region
[2022-02-07T17:19:18.049+0000][1659.075s][info ][safepoint     ] Total time for which application threads were stopped: 0.0002981 seconds, Stopping threads took: 0.0000681 seconds
[2022-02-07T17:19:18.578+0000][1659.604s][debug][safepoint     ] Safepoint synchronization initiated. (301 threads)
[2022-02-07T17:19:18.578+0000][1659.604s][info ][safepoint     ] Application time: 0.5290501 seconds
[2022-02-07T17:19:18.578+0000][1659.604s][info ][safepoint     ] Entering safepoint region: G1CollectForAllocation
[2022-02-07T17:19:18.579+0000][1659.604s][info ][gc,start      ] GC(147) Pause Young (Normal) (G1 Evacuation Pause)
[2022-02-07T17:19:18.579+0000][1659.604s][info ][gc,task       ] GC(147) Using 4 workers of 4 for evacuation
[2022-02-07T17:19:18.607+0000][1659.633s][info ][gc,phases     ] GC(147)   Pre Evacuate Collection Set: 0.0ms
[2022-02-07T17:19:18.607+0000][1659.633s][info ][gc,phases     ] GC(147)   Evacuate Collection Set: 20.8ms
[2022-02-07T17:19:18.607+0000][1659.633s][info ][gc,phases     ] GC(147)   Post Evacuate Collection Set: 7.2ms
[2022-02-07T17:19:18.607+0000][1659.633s][info ][gc,phases     ] GC(147)   Other: 0.3ms
[2022-02-07T17:19:18.607+0000][1659.633s][info ][gc,heap       ] GC(147) Eden regions: 236->0(236)
[2022-02-07T17:19:18.607+0000][1659.633s][info ][gc,heap       ] GC(147) Survivor regions: 1->1(30)
[2022-02-07T17:19:18.607+0000][1659.633s][info ][gc,heap       ] GC(147) Old regions: 148->148
[2022-02-07T17:19:18.607+0000][1659.633s][info ][gc,heap       ] GC(147) Humongous regions: 0->0
[2022-02-07T17:19:18.607+0000][1659.633s][info ][gc,metaspace  ] GC(147) Metaspace: 163036K->163036K(1204224K)
[2022-02-07T17:19:18.607+0000][1659.633s][info ][gc            ] GC(147) Pause Young (Normal) (G1 Evacuation Pause) 382M->146M(430M) 28.376ms
[2022-02-07T17:19:18.607+0000][1659.633s][info ][gc,cpu        ] GC(147) User=0.02s Sys=0.00s Real=0.03s
[2022-02-07T17:19:18.607+0000][1659.633s][info ][safepoint     ] Leaving safepoint region
[2022-02-07T17:19:18.607+0000][1659.633s][info ][safepoint     ] Total time for which application threads were stopped: 0.0289856 seconds, Stopping threads took: 0.0000735 seconds
[2022-02-07T17:19:18.607+0000][1659.633s][info ][gc,stringdedup] Concurrent String Deduplication (1659.633s)
[2022-02-07T17:19:18.607+0000][1659.633s][info ][gc,stringdedup] Concurrent String Deduplication 744.0B->0.0B(744.0B) avg 53.3% (1659.633s, 1659.633s) 0.027ms
[2022-02-07T17:19:19.607+0000][1660.633s][debug][safepoint     ] Safepoint synchronization initiated. (301 threads)
[2022-02-07T17:19:19.607+0000][1660.633s][info ][safepoint     ] Application time: 1.0001323 seconds
[2022-02-07T17:19:19.607+0000][1660.633s][info ][safepoint     ] Entering safepoint region: Cleanup
[2022-02-07T17:19:19.607+0000][1660.633s][info ][safepoint     ] Leaving safepoint region
[2022-02-07T17:19:19.607+0000][1660.633s][info ][safepoint     ] Total time for which application threads were stopped: 0.0003187 seconds, Stopping threads took: 0.0000893 seconds
[2022-02-07T17:19:20.608+0000][1661.634s][debug][safepoint     ] Safepoint synchronization initiated. (301 threads)
[2022-02-07T17:19:20.608+0000][1661.634s][info ][safepoint     ] Application time: 1.0007636 seconds
[2022-02-07T17:19:20.608+0000][1661.634s][info ][safepoint     ] Entering safepoint region: Cleanup
[2022-02-07T17:19:20.609+0000][1661.634s][info ][safepoint     ] Leaving safepoint region
[2022-02-07T17:19:20.609+0000][1661.634s][info ][safepoint     ] Total time for which application threads were stopped: 0.0003216 seconds, Stopping threads took: 0.0000801 seconds
[2022-02-07T17:19:21.609+0000][1662.635s][debug][safepoint     ] Safepoint synchronization initiated. (301 threads)
[2022-02-07T17:19:21.609+0000][1662.635s][info ][safepoint     ] Application time: 1.0001238 seconds
[2022-02-07T17:19:21.609+0000][1662.635s][info ][safepoint     ] Entering safepoint region: Cleanup
[2022-02-07T17:19:21.609+0000][1662.635s][info ][safepoint     ] Leaving safepoint region
[2022-02-07T17:19:21.609+0000][1662.635s][info ][safepoint     ] Total time for which application threads were stopped: 0.0004328 seconds, Stopping threads took: 0.0000687 seconds
[2022-02-07T17:19:22.609+0000][1663.635s][debug][safepoint     ] Safepoint synchronization initiated. (301 threads)
[2022-02-07T17:19:22.609+0000][1663.635s][info ][safepoint     ] Application time: 1.0001288 seconds
[2022-02-07T17:19:22.609+0000][1663.635s][info ][safepoint     ] Entering safepoint region: Cleanup
[2022-02-07T17:19:22.610+0000][1663.636s][info ][safepoint     ] Leaving safepoint region
[2022-02-07T17:19:22.610+0000][1663.636s][info ][safepoint     ] Total time for which application threads were stopped: 0.0004935 seconds, Stopping threads took: 0.0000784 seconds
[2022-02-07T17:19:23.610+0000][1664.636s][debug][safepoint     ] Safepoint synchronization initiated. (301 threads)
[2022-02-07T17:19:23.610+0000][1664.636s][info ][safepoint     ] Application time: 1.0001353 seconds
[2022-02-07T17:19:23.610+0000][1664.636s][info ][safepoint     ] Entering safepoint region: Cleanup
[2022-02-07T17:19:23.610+0000][1664.636s][info ][safepoint     ] Leaving safepoint region
[2022-02-07T17:19:23.610+0000][1664.636s][info ][safepoint     ] Total time for which application threads were stopped: 0.0004459 seconds, Stopping threads took: 0.0000707 seconds
[2022-02-07T17:19:24.610+0000][1665.636s][debug][safepoint     ] Safepoint synchronization initiated. (301 threads)
[2022-02-07T17:19:24.611+0000][1665.636s][info ][safepoint     ] Application time: 1.0001146 seconds
[2022-02-07T17:19:24.611+0000][1665.636s][info ][safepoint     ] Entering safepoint region: Cleanup
[2022-02-07T17:19:24.611+0000][1665.637s][info ][safepoint     ] Leaving safepoint region
[2022-02-07T17:19:24.611+0000][1665.637s][info ][safepoint     ] Total time for which application threads were stopped: 0.0004328 seconds, Stopping threads took: 0.0000686 seconds
[2022-02-07T17:19:25.611+0000][1666.637s][debug][safepoint     ] Safepoint synchronization initiated. (301 threads)
[2022-02-07T17:19:25.611+0000][1666.637s][info ][safepoint     ] Application time: 1.0001370 seconds
[2022-02-07T17:19:25.611+0000][1666.637s][info ][safepoint     ] Entering safepoint region: Cleanup
[2022-02-07T17:19:25.612+0000][1666.637s][info ][safepoint     ] Leaving safepoint region
[2022-02-07T17:19:25.612+0000][1666.637s][info ][safepoint     ] Total time for which application threads were stopped: 0.0004812 seconds, Stopping threads took: 0.0000717 seconds
[2022-02-07T17:19:26.612+0000][1667.638s][debug][safepoint     ] Safepoint synchronization initiated. (301 threads)
[2022-02-07T17:19:26.612+0000][1667.638s][info ][safepoint     ] Application time: 1.0001147 seconds
[2022-02-07T17:19:26.612+0000][1667.638s][info ][safepoint     ] Entering safepoint region: Cleanup
[2022-02-07T17:19:26.612+0000][1667.638s][info ][safepoint     ] Leaving safepoint region
[2022-02-07T17:19:26.612+0000][1667.638s][info ][safepoint     ] Total time for which application threads were stopped: 0.0004444 seconds, Stopping threads took: 0.0000692 seconds
[2022-02-07T17:19:27.612+0000][1668.638s][debug][safepoint     ] Safepoint synchronization initiated. (301 threads)
[2022-02-07T17:19:27.612+0000][1668.638s][info ][safepoint     ] Application time: 1.0001177 seconds
[2022-02-07T17:19:27.612+0000][1668.638s][debug][safepoint     ] ... found polling page return exception at pc = 0x00007f11b4838384, stub =0x00007f11ac8beb80
[2022-02-07T17:19:27.612+0000][1668.638s][debug][safepoint     ] Waiting for 1 thread(s) to block
[2022-02-07T17:19:27.612+0000][1668.638s][info ][safepoint     ] Entering safepoint region: Cleanup
[2022-02-07T17:19:27.613+0000][1668.639s][info ][safepoint     ] Leaving safepoint region
[2022-02-07T17:19:27.613+0000][1668.639s][info ][safepoint     ] Total time for which application threads were stopped: 0.0004671 seconds, Stopping threads took: 0.0000966 seconds
[2022-02-07T17:19:28.613+0000][1669.639s][debug][safepoint     ] Safepoint synchronization initiated. (301 threads)
[2022-02-07T17:19:28.613+0000][1669.639s][info ][safepoint     ] Application time: 1.0001172 seconds
[2022-02-07T17:19:28.613+0000][1669.639s][info ][safepoint     ] Entering safepoint region: Cleanup
[2022-02-07T17:19:28.613+0000][1669.639s][info ][safepoint     ] Leaving safepoint region
[2022-02-07T17:19:28.613+0000][1669.639s][info ][safepoint     ] Total time for which application threads were stopped: 0.0004367 seconds, Stopping threads took: 0.0000702 seconds
[2022-02-07T17:19:29.613+0000][1670.639s][debug][safepoint     ] Safepoint synchronization initiated. (301 threads)
[2022-02-07T17:19:29.613+0000][1670.639s][info ][safepoint     ] Application time: 1.0001187 seconds
[2022-02-07T17:19:29.614+0000][1670.639s][info ][safepoint     ] Entering safepoint region: Cleanup
[2022-02-07T17:19:29.614+0000][1670.640s][info ][safepoint     ] Leaving safepoint region
[2022-02-07T17:19:29.614+0000][1670.640s][info ][safepoint     ] Total time for which application threads were stopped: 0.0004799 seconds, Stopping threads took: 0.0000742 seconds
[2022-02-07T17:19:30.614+0000][1671.640s][debug][safepoint     ] Safepoint synchronization initiated. (301 threads)
[2022-02-07T17:19:30.614+0000][1671.640s][info ][safepoint     ] Application time: 1.0001200 seconds
[2022-02-07T17:19:30.614+0000][1671.640s][info ][safepoint     ] Entering safepoint region: Cleanup
[2022-02-07T17:19:30.614+0000][1671.640s][info ][safepoint     ] Leaving safepoint region
[2022-02-07T17:19:30.614+0000][1671.640s][info ][safepoint     ] Total time for which application threads were stopped: 0.0003185 seconds, Stopping threads took: 0.0000702 seconds
[2022-02-07T17:19:31.615+0000][1672.640s][debug][safepoint     ] Safepoint synchronization initiated. (301 threads)
[2022-02-07T17:19:31.615+0000][1672.640s][info ][safepoint     ] Application time: 1.0001120 seconds
[2022-02-07T17:19:31.615+0000][1672.640s][info ][safepoint     ] Entering safepoint region: Cleanup
[2022-02-07T17:19:31.615+0000][1672.641s][info ][safepoint     ] Leaving safepoint region
[2022-02-07T17:19:31.615+0000][1672.641s][info ][safepoint     ] Total time for which application threads were stopped: 0.0003008 seconds, Stopping threads took: 0.0000717 seconds
[2022-02-07T17:19:32.615+0000][1673.641s][debug][safepoint     ] Safepoint synchronization initiated. (301 threads)
[2022-02-07T17:19:32.615+0000][1673.641s][info ][safepoint     ] Application time: 1.0001278 seconds
[2022-02-07T17:19:32.615+0000][1673.641s][info ][safepoint     ] Entering safepoint region: Cleanup
[2022-02-07T17:19:32.615+0000][1673.641s][info ][safepoint     ] Leaving safepoint region
[2022-02-07T17:19:32.615+0000][1673.641s][info ][safepoint     ] Total time for which application threads were stopped: 0.0003483 seconds, Stopping threads took: 0.0000789 seconds
[2022-02-07T17:19:32.999+0000][1674.025s][debug][safepoint     ] Safepoint synchronization initiated. (301 threads)
[2022-02-07T17:19:32.999+0000][1674.025s][info ][safepoint     ] Application time: 0.3834204 seconds
[2022-02-07T17:19:32.999+0000][1674.025s][debug][safepoint     ] Waiting for 1 thread(s) to block
[2022-02-07T17:19:32.999+0000][1674.025s][info ][safepoint     ] Entering safepoint region: G1CollectForAllocation
[2022-02-07T17:19:32.999+0000][1674.025s][info ][gc,start      ] GC(148) Pause Young (Normal) (G1 Evacuation Pause)
[2022-02-07T17:19:32.999+0000][1674.025s][info ][gc,task       ] GC(148) Using 4 workers of 4 for evacuation
[2022-02-07T17:19:33.030+0000][1674.056s][info ][gc,phases     ] GC(148)   Pre Evacuate Collection Set: 0.0ms
[2022-02-07T17:19:33.030+0000][1674.056s][info ][gc,phases     ] GC(148)   Evacuate Collection Set: 22.0ms
[2022-02-07T17:19:33.030+0000][1674.056s][info ][gc,phases     ] GC(148)   Post Evacuate Collection Set: 8.5ms
[2022-02-07T17:19:33.030+0000][1674.056s][info ][gc,phases     ] GC(148)   Other: 0.3ms
[2022-02-07T17:19:33.030+0000][1674.056s][info ][gc,heap       ] GC(148) Eden regions: 236->0(236)
[2022-02-07T17:19:33.030+0000][1674.056s][info ][gc,heap       ] GC(148) Survivor regions: 1->1(30)
[2022-02-07T17:19:33.030+0000][1674.056s][info ][gc,heap       ] GC(148) Old regions: 148->148
[2022-02-07T17:19:33.030+0000][1674.056s][info ][gc,heap       ] GC(148) Humongous regions: 0->0
[2022-02-07T17:19:33.030+0000][1674.056s][info ][gc,metaspace  ] GC(148) Metaspace: 163036K->163036K(1204224K)
[2022-02-07T17:19:33.030+0000][1674.056s][info ][gc            ] GC(148) Pause Young (Normal) (G1 Evacuation Pause) 382M->146M(430M) 30.938ms
[2022-02-07T17:19:33.030+0000][1674.056s][info ][gc,cpu        ] GC(148) User=0.02s Sys=0.00s Real=0.03s
[2022-02-07T17:19:33.030+0000][1674.056s][info ][safepoint     ] Leaving safepoint region
[2022-02-07T17:19:33.030+0000][1674.056s][info ][safepoint     ] Total time for which application threads were stopped: 0.0314583 seconds, Stopping threads took: 0.0001358 seconds
[2022-02-07T17:19:33.031+0000][1674.057s][info ][gc,stringdedup] Concurrent String Deduplication (1674.057s)
[2022-02-07T17:19:33.031+0000][1674.057s][info ][gc,stringdedup] Concurrent String Deduplication 384.0B->0.0B(384.0B) avg 53.3% (1674.057s, 1674.057s) 0.034ms
[2022-02-07T17:19:34.048+0000][1675.074s][debug][safepoint     ] Safepoint synchronization initiated. (301 threads)
[2022-02-07T17:19:34.048+0000][1675.074s][info ][safepoint     ] Application time: 1.0178159 seconds
[2022-02-07T17:19:34.048+0000][1675.074s][info ][safepoint     ] Entering safepoint region: Cleanup
[2022-02-07T17:19:34.049+0000][1675.074s][info ][safepoint     ] Leaving safepoint region
[2022-02-07T17:19:34.049+0000][1675.074s][info ][safepoint     ] Total time for which application threads were stopped: 0.0004467 seconds, Stopping threads took: 0.0000728 seconds
[2022-02-07T17:19:35.049+0000][1676.075s][debug][safepoint     ] Safepoint synchronization initiated. (301 threads)
[2022-02-07T17:19:35.049+0000][1676.075s][info ][safepoint     ] Application time: 1.0001511 seconds
[2022-02-07T17:19:35.049+0000][1676.075s][info ][safepoint     ] Entering safepoint region: Cleanup
[2022-02-07T17:19:35.049+0000][1676.075s][info ][safepoint     ] Leaving safepoint region
[2022-02-07T17:19:35.049+0000][1676.075s][info ][safepoint     ] Total time for which application threads were stopped: 0.0005860 seconds, Stopping threads took: 0.0000880 seconds
[2022-02-07T17:19:36.049+0000][1677.075s][debug][safepoint     ] Safepoint synchronization initiated. (301 threads)
[2022-02-07T17:19:36.049+0000][1677.075s][info ][safepoint     ] Application time: 1.0001164 seconds
[2022-02-07T17:19:36.049+0000][1677.075s][info ][safepoint     ] Entering safepoint region: Cleanup
[2022-02-07T17:19:36.050+0000][1677.076s][info ][safepoint     ] Leaving safepoint region
[2022-02-07T17:19:36.050+0000][1677.076s][info ][safepoint     ] Total time for which application threads were stopped: 0.0004684 seconds, Stopping threads took: 0.0000723 seconds
[2022-02-07T17:19:37.050+0000][1678.076s][debug][safepoint     ] Safepoint synchronization initiated. (301 threads)
[2022-02-07T17:19:37.050+0000][1678.076s][info ][safepoint     ] Application time: 1.0001183 seconds
[2022-02-07T17:19:37.050+0000][1678.076s][info ][safepoint     ] Entering safepoint region: Cleanup
[2022-02-07T17:19:37.050+0000][1678.076s][info ][safepoint     ] Leaving safepoint region
[2022-02-07T17:19:37.050+0000][1678.076s][info ][safepoint     ] Total time for which application threads were stopped: 0.0004410 seconds, Stopping threads took: 0.0000833 seconds
[2022-02-07T17:19:38.051+0000][1679.076s][debug][safepoint     ] Safepoint synchronization initiated. (301 threads)
[2022-02-07T17:19:38.051+0000][1679.076s][info ][safepoint     ] Application time: 1.0001150 seconds
[2022-02-07T17:19:38.051+0000][1679.077s][info ][safepoint     ] Entering safepoint region: Cleanup
[2022-02-07T17:19:38.051+0000][1679.077s][info ][safepoint     ] Leaving safepoint region
[2022-02-07T17:19:38.051+0000][1679.077s][info ][safepoint     ] Total time for which application threads were stopped: 0.0004381 seconds, Stopping threads took: 0.0000714 seconds
[2022-02-07T17:19:39.051+0000][1680.077s][debug][safepoint     ] Safepoint synchronization initiated. (301 threads)
[2022-02-07T17:19:39.051+0000][1680.077s][info ][safepoint     ] Application time: 1.0001169 seconds
[2022-02-07T17:19:39.058+0000][1680.084s][debug][safepoint     ] ... found polling page return exception at pc = 0x00007f11b45ef5be, stub =0x00007f11ac8beb80
[2022-02-07T17:19:39.058+0000][1680.084s][debug][safepoint     ] Waiting for 1 thread(s) to block
[2022-02-07T17:19:39.058+0000][1680.084s][info ][safepoint     ] Entering safepoint region: Cleanup
[2022-02-07T17:19:39.058+0000][1680.084s][info ][safepoint     ] Leaving safepoint region
[2022-02-07T17:19:39.058+0000][1680.084s][info ][safepoint     ] Total time for which application threads were stopped: 0.0069775 seconds, Stopping threads took: 0.0065717 seconds
[2022-02-07T17:19:40.058+0000][1681.084s][debug][safepoint     ] Safepoint synchronization initiated. (301 threads)
[2022-02-07T17:19:40.058+0000][1681.084s][info ][safepoint     ] Application time: 1.0001292 seconds
[2022-02-07T17:19:40.058+0000][1681.084s][info ][safepoint     ] Entering safepoint region: Cleanup
[2022-02-07T17:19:40.059+0000][1681.085s][info ][safepoint     ] Leaving safepoint region
[2022-02-07T17:19:40.059+0000][1681.085s][info ][safepoint     ] Total time for which application threads were stopped: 0.0004484 seconds, Stopping threads took: 0.0000718 seconds
[2022-02-07T17:19:41.059+0000][1682.085s][debug][safepoint     ] Safepoint synchronization initiated. (301 threads)
[2022-02-07T17:19:41.059+0000][1682.085s][info ][safepoint     ] Application time: 1.0001317 seconds
[2022-02-07T17:19:41.059+0000][1682.085s][info ][safepoint     ] Entering safepoint region: Cleanup
[2022-02-07T17:19:41.059+0000][1682.085s][info ][safepoint     ] Leaving safepoint region
[2022-02-07T17:19:41.059+0000][1682.085s][info ][safepoint     ] Total time for which application threads were stopped: 0.0004623 seconds, Stopping threads took: 0.0000722 seconds
[2022-02-07T17:19:42.059+0000][1683.085s][debug][safepoint     ] Safepoint synchronization initiated. (301 threads)
[2022-02-07T17:19:42.059+0000][1683.085s][info ][safepoint     ] Application time: 1.0001118 seconds
[2022-02-07T17:19:42.060+0000][1683.085s][debug][safepoint     ] ... found polling page return exception at pc = 0x00007f11b493e341, stub =0x00007f11ac8beb80
[2022-02-07T17:19:42.060+0000][1683.085s][debug][safepoint     ] Waiting for 1 thread(s) to block
[2022-02-07T17:19:42.060+0000][1683.085s][info ][safepoint     ] Entering safepoint region: Cleanup
[2022-02-07T17:19:42.060+0000][1683.086s][info ][safepoint     ] Leaving safepoint region
[2022-02-07T17:19:42.060+0000][1683.086s][info ][safepoint     ] Total time for which application threads were stopped: 0.0004896 seconds, Stopping threads took: 0.0001091 seconds
[2022-02-07T17:19:43.060+0000][1684.086s][debug][safepoint     ] Safepoint synchronization initiated. (301 threads)
[2022-02-07T17:19:43.060+0000][1684.086s][info ][safepoint     ] Application time: 1.0001213 seconds
[2022-02-07T17:19:43.060+0000][1684.086s][info ][safepoint     ] Entering safepoint region: Cleanup
[2022-02-07T17:19:43.061+0000][1684.086s][info ][safepoint     ] Leaving safepoint region
[2022-02-07T17:19:43.061+0000][1684.086s][info ][safepoint     ] Total time for which application threads were stopped: 0.0004601 seconds, Stopping threads took: 0.0000717 seconds
[2022-02-07T17:19:44.061+0000][1685.087s][debug][safepoint     ] Safepoint synchronization initiated. (301 threads)
[2022-02-07T17:19:44.061+0000][1685.087s][info ][safepoint     ] Application time: 1.0001308 seconds
[2022-02-07T17:19:44.061+0000][1685.087s][info ][safepoint     ] Entering safepoint region: Cleanup
[2022-02-07T17:19:44.061+0000][1685.087s][info ][safepoint     ] Leaving safepoint region
[2022-02-07T17:19:44.061+0000][1685.087s][info ][safepoint     ] Total time for which application threads were stopped: 0.0004781 seconds, Stopping threads took: 0.0000789 seconds
[2022-02-07T17:19:45.061+0000][1686.087s][debug][safepoint     ] Safepoint synchronization initiated. (301 threads)
[2022-02-07T17:19:45.061+0000][1686.087s][info ][safepoint     ] Application time: 1.0001210 seconds
[2022-02-07T17:19:45.061+0000][1686.087s][info ][safepoint     ] Entering safepoint region: Cleanup
[2022-02-07T17:19:45.062+0000][1686.088s][info ][safepoint     ] Leaving safepoint region
[2022-02-07T17:19:45.062+0000][1686.088s][info ][safepoint     ] Total time for which application threads were stopped: 0.0004385 seconds, Stopping threads took: 0.0000696 seconds
[2022-02-07T17:19:46.062+0000][1687.088s][debug][safepoint     ] Safepoint synchronization initiated. (301 threads)
[2022-02-07T17:19:46.062+0000][1687.088s][info ][safepoint     ] Application time: 1.0001325 seconds
[2022-02-07T17:19:46.062+0000][1687.088s][info ][safepoint     ] Entering safepoint region: Cleanup
[2022-02-07T17:19:46.062+0000][1687.088s][info ][safepoint     ] Leaving safepoint region
[2022-02-07T17:19:46.062+0000][1687.088s][info ][safepoint     ] Total time for which application threads were stopped: 0.0003067 seconds, Stopping threads took: 0.0000706 seconds
[2022-02-07T17:19:47.062+0000][1688.088s][debug][safepoint     ] Safepoint synchronization initiated. (301 threads)
[2022-02-07T17:19:47.062+0000][1688.088s][info ][safepoint     ] Application time: 1.0001331 seconds
[2022-02-07T17:19:47.062+0000][1688.088s][info ][safepoint     ] Entering safepoint region: Cleanup
[2022-02-07T17:19:47.063+0000][1688.089s][info ][safepoint     ] Leaving safepoint region
[2022-02-07T17:19:47.063+0000][1688.089s][info ][safepoint     ] Total time for which application threads were stopped: 0.0004524 seconds, Stopping threads took: 0.0000730 seconds
[2022-02-07T17:19:48.063+0000][1689.089s][debug][safepoint     ] Safepoint synchronization initiated. (301 threads)
[2022-02-07T17:19:48.063+0000][1689.089s][info ][safepoint     ] Application time: 1.0001471 seconds
[2022-02-07T17:19:48.063+0000][1689.089s][info ][safepoint     ] Entering safepoint region: Cleanup
[2022-02-07T17:19:48.063+0000][1689.089s][info ][safepoint     ] Leaving safepoint region
[2022-02-07T17:19:48.063+0000][1689.089s][info ][safepoint     ] Total time for which application threads were stopped: 0.0003215 seconds, Stopping threads took: 0.0000709 seconds
[2022-02-07T17:19:48.487+0000][1689.513s][debug][safepoint     ] Safepoint synchronization initiated. (301 threads)
[2022-02-07T17:19:48.487+0000][1689.513s][info ][safepoint     ] Application time: 0.4238957 seconds
[2022-02-07T17:19:48.487+0000][1689.513s][info ][safepoint     ] Entering safepoint region: G1CollectForAllocation
[2022-02-07T17:19:48.488+0000][1689.513s][info ][gc,start      ] GC(149) Pause Young (Normal) (G1 Evacuation Pause)
[2022-02-07T17:19:48.488+0000][1689.513s][info ][gc,task       ] GC(149) Using 4 workers of 4 for evacuation
[2022-02-07T17:19:48.499+0000][1689.525s][info ][gc,phases     ] GC(149)   Pre Evacuate Collection Set: 0.0ms
[2022-02-07T17:19:48.499+0000][1689.525s][info ][gc,phases     ] GC(149)   Evacuate Collection Set: 6.3ms
[2022-02-07T17:19:48.499+0000][1689.525s][info ][gc,phases     ] GC(149)   Post Evacuate Collection Set: 4.7ms
[2022-02-07T17:19:48.499+0000][1689.525s][info ][gc,phases     ] GC(149)   Other: 0.3ms
[2022-02-07T17:19:48.499+0000][1689.525s][info ][gc,heap       ] GC(149) Eden regions: 236->0(236)
[2022-02-07T17:19:48.499+0000][1689.525s][info ][gc,heap       ] GC(149) Survivor regions: 1->1(30)
[2022-02-07T17:19:48.499+0000][1689.525s][info ][gc,heap       ] GC(149) Old regions: 148->148
[2022-02-07T17:19:48.499+0000][1689.525s][info ][gc,heap       ] GC(149) Humongous regions: 0->0
[2022-02-07T17:19:48.499+0000][1689.525s][info ][gc,metaspace  ] GC(149) Metaspace: 163036K->163036K(1204224K)
[2022-02-07T17:19:48.499+0000][1689.525s][info ][gc            ] GC(149) Pause Young (Normal) (G1 Evacuation Pause) 382M->146M(430M) 11.429ms
[2022-02-07T17:19:48.499+0000][1689.525s][info ][gc,cpu        ] GC(149) User=0.02s Sys=0.01s Real=0.00s
[2022-02-07T17:19:48.499+0000][1689.525s][info ][safepoint     ] Leaving safepoint region
[2022-02-07T17:19:48.499+0000][1689.525s][info ][safepoint     ] Total time for which application threads were stopped: 0.0118819 seconds, Stopping threads took: 0.0000904 seconds
[2022-02-07T17:19:48.499+0000][1689.525s][info ][gc,stringdedup] Concurrent String Deduplication (1689.525s)
[2022-02-07T17:19:48.499+0000][1689.525s][info ][gc,stringdedup] Concurrent String Deduplication 888.0B->0.0B(888.0B) avg 53.3% (1689.525s, 1689.525s) 0.025ms
[2022-02-07T17:19:49.499+0000][1690.525s][debug][safepoint     ] Safepoint synchronization initiated. (301 threads)
[2022-02-07T17:19:49.499+0000][1690.525s][info ][safepoint     ] Application time: 1.0001431 seconds
[2022-02-07T17:19:49.499+0000][1690.525s][info ][safepoint     ] Entering safepoint region: Cleanup
[2022-02-07T17:19:49.500+0000][1690.525s][info ][safepoint     ] Leaving safepoint region
[2022-02-07T17:19:49.500+0000][1690.525s][info ][safepoint     ] Total time for which application threads were stopped: 0.0003140 seconds, Stopping threads took: 0.0000712 seconds
[2022-02-07T17:19:50.500+0000][1691.526s][debug][safepoint     ] Safepoint synchronization initiated. (301 threads)
[2022-02-07T17:19:50.500+0000][1691.526s][info ][safepoint     ] Application time: 1.0001273 seconds
[2022-02-07T17:19:50.500+0000][1691.526s][info ][safepoint     ] Entering safepoint region: Cleanup
[2022-02-07T17:19:50.500+0000][1691.526s][info ][safepoint     ] Leaving safepoint region
[2022-02-07T17:19:50.500+0000][1691.526s][info ][safepoint     ] Total time for which application threads were stopped: 0.0003287 seconds, Stopping threads took: 0.0000771 seconds
[2022-02-07T17:19:51.500+0000][1692.526s][debug][safepoint     ] Safepoint synchronization initiated. (301 threads)
[2022-02-07T17:19:51.500+0000][1692.526s][info ][safepoint     ] Application time: 1.0001256 seconds
[2022-02-07T17:19:51.500+0000][1692.526s][info ][safepoint     ] Entering safepoint region: Cleanup
[2022-02-07T17:19:51.500+0000][1692.526s][info ][safepoint     ] Leaving safepoint region
[2022-02-07T17:19:51.501+0000][1692.526s][info ][safepoint     ] Total time for which application threads were stopped: 0.0002798 seconds, Stopping threads took: 0.0000731 seconds
[2022-02-07T17:19:52.501+0000][1693.526s][debug][safepoint     ] Safepoint synchronization initiated. (301 threads)
[2022-02-07T17:19:52.501+0000][1693.527s][info ][safepoint     ] Application time: 1.0001248 seconds
[2022-02-07T17:19:52.501+0000][1693.527s][info ][safepoint     ] Entering safepoint region: Cleanup
[2022-02-07T17:19:52.501+0000][1693.527s][info ][safepoint     ] Leaving safepoint region
[2022-02-07T17:19:52.501+0000][1693.527s][info ][safepoint     ] Total time for which application threads were stopped: 0.0002392 seconds, Stopping threads took: 0.0000604 seconds
[2022-02-07T17:19:53.501+0000][1694.527s][debug][safepoint     ] Safepoint synchronization initiated. (301 threads)
[2022-02-07T17:19:53.501+0000][1694.527s][info ][safepoint     ] Application time: 1.0001215 seconds
[2022-02-07T17:19:53.501+0000][1694.527s][info ][safepoint     ] Entering safepoint region: Cleanup
[2022-02-07T17:19:53.501+0000][1694.527s][info ][safepoint     ] Leaving safepoint region
[2022-02-07T17:19:53.501+0000][1694.527s][info ][safepoint     ] Total time for which application threads were stopped: 0.0002676 seconds, Stopping threads took: 0.0000625 seconds
[2022-02-07T17:19:54.501+0000][1695.527s][debug][safepoint     ] Safepoint synchronization initiated. (301 threads)
[2022-02-07T17:19:54.501+0000][1695.527s][info ][safepoint     ] Application time: 1.0001159 seconds
[2022-02-07T17:19:54.501+0000][1695.527s][info ][safepoint     ] Entering safepoint region: Cleanup
[2022-02-07T17:19:54.502+0000][1695.528s][info ][safepoint     ] Leaving safepoint region
[2022-02-07T17:19:54.502+0000][1695.528s][info ][safepoint     ] Total time for which application threads were stopped: 0.0003129 seconds, Stopping threads took: 0.0000667 seconds
[2022-02-07T17:19:55.502+0000][1696.528s][debug][safepoint     ] Safepoint synchronization initiated. (301 threads)
[2022-02-07T17:19:55.502+0000][1696.528s][info ][safepoint     ] Application time: 1.0001248 seconds
[2022-02-07T17:19:55.502+0000][1696.528s][info ][safepoint     ] Entering safepoint region: Cleanup
[2022-02-07T17:19:55.502+0000][1696.528s][info ][safepoint     ] Leaving safepoint region
[2022-02-07T17:19:55.502+0000][1696.528s][info ][safepoint     ] Total time for which application threads were stopped: 0.0003043 seconds, Stopping threads took: 0.0000669 seconds
[2022-02-07T17:19:56.502+0000][1697.528s][debug][safepoint     ] Safepoint synchronization initiated. (301 threads)
[2022-02-07T17:19:56.502+0000][1697.528s][info ][safepoint     ] Application time: 1.0000879 seconds
[2022-02-07T17:19:56.502+0000][1697.528s][info ][safepoint     ] Entering safepoint region: Cleanup
[2022-02-07T17:19:56.503+0000][1697.528s][info ][safepoint     ] Leaving safepoint region
[2022-02-07T17:19:56.503+0000][1697.528s][info ][safepoint     ] Total time for which application threads were stopped: 0.0002616 seconds, Stopping threads took: 0.0000677 seconds
[2022-02-07T17:19:57.503+0000][1698.529s][debug][safepoint     ] Safepoint synchronization initiated. (301 threads)
[2022-02-07T17:19:57.503+0000][1698.529s][info ][safepoint     ] Application time: 1.0001421 seconds
[2022-02-07T17:19:57.503+0000][1698.529s][info ][safepoint     ] Entering safepoint region: Cleanup
[2022-02-07T17:19:57.503+0000][1698.529s][info ][safepoint     ] Leaving safepoint region
[2022-02-07T17:19:57.503+0000][1698.529s][info ][safepoint     ] Total time for which application threads were stopped: 0.0004336 seconds, Stopping threads took: 0.0000667 seconds
[2022-02-07T17:19:58.503+0000][1699.529s][debug][safepoint     ] Safepoint synchronization initiated. (301 threads)
[2022-02-07T17:19:58.503+0000][1699.529s][info ][safepoint     ] Application time: 1.0001239 seconds
[2022-02-07T17:19:58.503+0000][1699.529s][info ][safepoint     ] Entering safepoint region: Cleanup
[2022-02-07T17:19:58.504+0000][1699.530s][info ][safepoint     ] Leaving safepoint region
[2022-02-07T17:19:58.504+0000][1699.530s][info ][safepoint     ] Total time for which application threads were stopped: 0.0004841 seconds, Stopping threads took: 0.0000782 seconds
[2022-02-07T17:19:59.504+0000][1700.530s][debug][safepoint     ] Safepoint synchronization initiated. (301 threads)
[2022-02-07T17:19:59.504+0000][1700.530s][info ][safepoint     ] Application time: 1.0001367 seconds
[2022-02-07T17:19:59.504+0000][1700.530s][info ][safepoint     ] Entering safepoint region: Cleanup
[2022-02-07T17:19:59.504+0000][1700.530s][info ][safepoint     ] Leaving safepoint region
[2022-02-07T17:19:59.504+0000][1700.530s][info ][safepoint     ] Total time for which application threads were stopped: 0.0005272 seconds, Stopping threads took: 0.0000832 seconds
[2022-02-07T17:20:00.505+0000][1701.530s][debug][safepoint     ] Safepoint synchronization initiated. (301 threads)
[2022-02-07T17:20:00.505+0000][1701.530s][info ][safepoint     ] Application time: 1.0001434 seconds
[2022-02-07T17:20:00.505+0000][1701.531s][info ][safepoint     ] Entering safepoint region: Cleanup
[2022-02-07T17:20:00.505+0000][1701.531s][info ][safepoint     ] Leaving safepoint region
[2022-02-07T17:20:00.505+0000][1701.531s][info ][safepoint     ] Total time for which application threads were stopped: 0.0004975 seconds, Stopping threads took: 0.0000746 seconds
[2022-02-07T17:20:01.505+0000][1702.531s][debug][safepoint     ] Safepoint synchronization initiated. (301 threads)
[2022-02-07T17:20:01.505+0000][1702.531s][info ][safepoint     ] Application time: 1.0001200 seconds
[2022-02-07T17:20:01.505+0000][1702.531s][info ][safepoint     ] Entering safepoint region: Cleanup
[2022-02-07T17:20:01.506+0000][1702.532s][info ][safepoint     ] Leaving safepoint region
[2022-02-07T17:20:01.506+0000][1702.532s][info ][safepoint     ] Total time for which application threads were stopped: 0.0004462 seconds, Stopping threads took: 0.0000721 seconds
[2022-02-07T17:20:02.506+0000][1703.532s][debug][safepoint     ] Safepoint synchronization initiated. (301 threads)
[2022-02-07T17:20:02.506+0000][1703.532s][info ][safepoint     ] Application time: 1.0001206 seconds
[2022-02-07T17:20:02.506+0000][1703.532s][info ][safepoint     ] Entering safepoint region: Cleanup
[2022-02-07T17:20:02.506+0000][1703.532s][info ][safepoint     ] Leaving safepoint region
[2022-02-07T17:20:02.506+0000][1703.532s][info ][safepoint     ] Total time for which application threads were stopped: 0.0004515 seconds, Stopping threads took: 0.0000729 seconds
[2022-02-07T17:20:03.506+0000][1704.532s][debug][safepoint     ] Safepoint synchronization initiated. (301 threads)
[2022-02-07T17:20:03.506+0000][1704.532s][info ][safepoint     ] Application time: 1.0001203 seconds
[2022-02-07T17:20:03.507+0000][1704.532s][info ][safepoint     ] Entering safepoint region: Cleanup
[2022-02-07T17:20:03.507+0000][1704.533s][info ][safepoint     ] Leaving safepoint region
[2022-02-07T17:20:03.507+0000][1704.533s][info ][safepoint     ] Total time for which application threads were stopped: 0.0004497 seconds, Stopping threads took: 0.0000702 seconds
[2022-02-07T17:20:04.507+0000][1705.533s][debug][safepoint     ] Safepoint synchronization initiated. (301 threads)
[2022-02-07T17:20:04.507+0000][1705.533s][info ][safepoint     ] Application time: 1.0001136 seconds
[2022-02-07T17:20:04.507+0000][1705.533s][info ][safepoint     ] Entering safepoint region: Cleanup
[2022-02-07T17:20:04.507+0000][1705.533s][info ][safepoint     ] Leaving safepoint region
[2022-02-07T17:20:04.507+0000][1705.533s][info ][safepoint     ] Total time for which application threads were stopped: 0.0004674 seconds, Stopping threads took: 0.0000728 seconds
[2022-02-07T17:20:05.508+0000][1706.533s][debug][safepoint     ] Safepoint synchronization initiated. (301 threads)
[2022-02-07T17:20:05.508+0000][1706.534s][info ][safepoint     ] Application time: 1.0001429 seconds
[2022-02-07T17:20:05.508+0000][1706.534s][info ][safepoint     ] Entering safepoint region: Cleanup
[2022-02-07T17:20:05.508+0000][1706.534s][info ][safepoint     ] Leaving safepoint region
[2022-02-07T17:20:05.508+0000][1706.534s][info ][safepoint     ] Total time for which application threads were stopped: 0.0003249 seconds, Stopping threads took: 0.0000695 seconds
[2022-02-07T17:20:06.508+0000][1707.534s][debug][safepoint     ] Safepoint synchronization initiated. (301 threads)
[2022-02-07T17:20:06.508+0000][1707.534s][info ][safepoint     ] Application time: 1.0000948 seconds
[2022-02-07T17:20:06.508+0000][1707.534s][info ][safepoint     ] Entering safepoint region: Cleanup
[2022-02-07T17:20:06.508+0000][1707.534s][info ][safepoint     ] Leaving safepoint region
[2022-02-07T17:20:06.508+0000][1707.534s][info ][safepoint     ] Total time for which application threads were stopped: 0.0003641 seconds, Stopping threads took: 0.0001042 seconds
[2022-02-07T17:20:07.509+0000][1708.534s][debug][safepoint     ] Safepoint synchronization initiated. (301 threads)
[2022-02-07T17:20:07.509+0000][1708.534s][info ][safepoint     ] Application time: 1.0001274 seconds
[2022-02-07T17:20:07.509+0000][1708.535s][info ][safepoint     ] Entering safepoint region: Cleanup
[2022-02-07T17:20:07.509+0000][1708.535s][info ][safepoint     ] Leaving safepoint region
[2022-02-07T17:20:07.509+0000][1708.535s][info ][safepoint     ] Total time for which application threads were stopped: 0.0003725 seconds, Stopping threads took: 0.0000984 seconds
[2022-02-07T17:20:07.509+0000][1708.535s][debug][safepoint     ] ... found polling page loop exception at pc = 0x00007f11b5315f8f, stub =0x00007f11ac8be900
[2022-02-07T17:20:08.061+0000][1709.087s][debug][safepoint     ] Safepoint synchronization initiated. (301 threads)
[2022-02-07T17:20:08.061+0000][1709.087s][info ][safepoint     ] Application time: 0.5524148 seconds
[2022-02-07T17:20:08.061+0000][1709.087s][info ][safepoint     ] Entering safepoint region: G1CollectForAllocation
[2022-02-07T17:20:08.062+0000][1709.088s][info ][gc,start      ] GC(150) Pause Young (Normal) (G1 Evacuation Pause)
[2022-02-07T17:20:08.062+0000][1709.088s][info ][gc,task       ] GC(150) Using 4 workers of 4 for evacuation
[2022-02-07T17:20:08.090+0000][1709.116s][info ][gc,phases     ] GC(150)   Pre Evacuate Collection Set: 0.0ms
[2022-02-07T17:20:08.090+0000][1709.116s][info ][gc,phases     ] GC(150)   Evacuate Collection Set: 21.5ms
[2022-02-07T17:20:08.090+0000][1709.116s][info ][gc,phases     ] GC(150)   Post Evacuate Collection Set: 6.1ms
[2022-02-07T17:20:08.090+0000][1709.116s][info ][gc,phases     ] GC(150)   Other: 0.2ms
[2022-02-07T17:20:08.090+0000][1709.116s][info ][gc,heap       ] GC(150) Eden regions: 236->0(236)
[2022-02-07T17:20:08.090+0000][1709.116s][info ][gc,heap       ] GC(150) Survivor regions: 1->1(30)
[2022-02-07T17:20:08.090+0000][1709.116s][info ][gc,heap       ] GC(150) Old regions: 148->148
[2022-02-07T17:20:08.090+0000][1709.116s][info ][gc,heap       ] GC(150) Humongous regions: 0->0
[2022-02-07T17:20:08.090+0000][1709.116s][info ][gc,metaspace  ] GC(150) Metaspace: 163036K->163036K(1204224K)
[2022-02-07T17:20:08.090+0000][1709.116s][info ][gc            ] GC(150) Pause Young (Normal) (G1 Evacuation Pause) 382M->146M(430M) 28.025ms
[2022-02-07T17:20:08.090+0000][1709.116s][info ][gc,cpu        ] GC(150) User=0.03s Sys=0.00s Real=0.03s
[2022-02-07T17:20:08.090+0000][1709.116s][info ][safepoint     ] Leaving safepoint region
[2022-02-07T17:20:08.090+0000][1709.116s][info ][safepoint     ] Total time for which application threads were stopped: 0.0284420 seconds, Stopping threads took: 0.0000699 seconds
[2022-02-07T17:20:08.090+0000][1709.116s][info ][gc,stringdedup] Concurrent String Deduplication (1709.116s)
[2022-02-07T17:20:08.090+0000][1709.116s][info ][gc,stringdedup] Concurrent String Deduplication 256.0B->0.0B(256.0B) avg 53.3% (1709.116s, 1709.116s) 0.025ms
[2022-02-07T17:20:09.090+0000][1710.116s][debug][safepoint     ] Safepoint synchronization initiated. (301 threads)
[2022-02-07T17:20:09.090+0000][1710.116s][info ][safepoint     ] Application time: 1.0001236 seconds
[2022-02-07T17:20:09.090+0000][1710.116s][info ][safepoint     ] Entering safepoint region: Cleanup
[2022-02-07T17:20:09.090+0000][1710.116s][info ][safepoint     ] Leaving safepoint region
[2022-02-07T17:20:09.090+0000][1710.116s][info ][safepoint     ] Total time for which application threads were stopped: 0.0004688 seconds, Stopping threads took: 0.0000678 seconds
[2022-02-07T17:20:10.091+0000][1711.116s][debug][safepoint     ] Safepoint synchronization initiated. (301 threads)
[2022-02-07T17:20:10.091+0000][1711.116s][info ][safepoint     ] Application time: 1.0001224 seconds
[2022-02-07T17:20:10.091+0000][1711.117s][info ][safepoint     ] Entering safepoint region: Cleanup
[2022-02-07T17:20:10.091+0000][1711.117s][info ][safepoint     ] Leaving safepoint region
[2022-02-07T17:20:10.091+0000][1711.117s][info ][safepoint     ] Total time for which application threads were stopped: 0.0004541 seconds, Stopping threads took: 0.0000719 seconds
[2022-02-07T17:20:11.091+0000][1712.117s][debug][safepoint     ] Safepoint synchronization initiated. (301 threads)
[2022-02-07T17:20:11.091+0000][1712.117s][info ][safepoint     ] Application time: 1.0001162 seconds
[2022-02-07T17:20:11.091+0000][1712.117s][info ][safepoint     ] Entering safepoint region: Cleanup
[2022-02-07T17:20:11.092+0000][1712.118s][info ][safepoint     ] Leaving safepoint region
[2022-02-07T17:20:11.092+0000][1712.118s][info ][safepoint     ] Total time for which application threads were stopped: 0.0004955 seconds, Stopping threads took: 0.0001021 seconds
[2022-02-07T17:20:12.092+0000][1713.118s][debug][safepoint     ] Safepoint synchronization initiated. (301 threads)
[2022-02-07T17:20:12.092+0000][1713.118s][info ][safepoint     ] Application time: 1.0001121 seconds
[2022-02-07T17:20:12.092+0000][1713.118s][info ][safepoint     ] Entering safepoint region: Cleanup
[2022-02-07T17:20:12.092+0000][1713.118s][info ][safepoint     ] Leaving safepoint region
[2022-02-07T17:20:12.092+0000][1713.118s][info ][safepoint     ] Total time for which application threads were stopped: 0.0004396 seconds, Stopping threads took: 0.0000708 seconds
[2022-02-07T17:20:13.092+0000][1714.118s][debug][safepoint     ] Safepoint synchronization initiated. (301 threads)
[2022-02-07T17:20:13.092+0000][1714.118s][info ][safepoint     ] Application time: 1.0001148 seconds
[2022-02-07T17:20:13.092+0000][1714.118s][info ][safepoint     ] Entering safepoint region: Cleanup
[2022-02-07T17:20:13.093+0000][1714.119s][info ][safepoint     ] Leaving safepoint region
[2022-02-07T17:20:13.093+0000][1714.119s][info ][safepoint     ] Total time for which application threads were stopped: 0.0003099 seconds, Stopping threads took: 0.0000686 seconds
[2022-02-07T17:20:14.093+0000][1715.119s][debug][safepoint     ] Safepoint synchronization initiated. (301 threads)
[2022-02-07T17:20:14.093+0000][1715.119s][info ][safepoint     ] Application time: 1.0001355 seconds
[2022-02-07T17:20:14.093+0000][1715.119s][info ][safepoint     ] Entering safepoint region: Cleanup
[2022-02-07T17:20:14.093+0000][1715.119s][info ][safepoint     ] Leaving safepoint region
[2022-02-07T17:20:14.093+0000][1715.119s][info ][safepoint     ] Total time for which application threads were stopped: 0.0004442 seconds, Stopping threads took: 0.0000710 seconds
[2022-02-07T17:20:15.093+0000][1716.119s][debug][safepoint     ] Safepoint synchronization initiated. (301 threads)
[2022-02-07T17:20:15.093+0000][1716.119s][info ][safepoint     ] Application time: 1.0001286 seconds
[2022-02-07T17:20:15.094+0000][1716.119s][info ][safepoint     ] Entering safepoint region: Cleanup
[2022-02-07T17:20:15.094+0000][1716.120s][info ][safepoint     ] Leaving safepoint region
[2022-02-07T17:20:15.094+0000][1716.120s][info ][safepoint     ] Total time for which application threads were stopped: 0.0004574 seconds, Stopping threads took: 0.0000705 seconds
[2022-02-07T17:20:16.094+0000][1717.120s][debug][safepoint     ] Safepoint synchronization initiated. (301 threads)
[2022-02-07T17:20:16.094+0000][1717.120s][info ][safepoint     ] Application time: 1.0001168 seconds
[2022-02-07T17:20:16.094+0000][1717.120s][info ][safepoint     ] Entering safepoint region: Cleanup
[2022-02-07T17:20:16.094+0000][1717.120s][info ][safepoint     ] Leaving safepoint region
[2022-02-07T17:20:16.094+0000][1717.120s][info ][safepoint     ] Total time for which application threads were stopped: 0.0004346 seconds, Stopping threads took: 0.0000698 seconds
[2022-02-07T17:20:17.095+0000][1718.120s][debug][safepoint     ] Safepoint synchronization initiated. (301 threads)
[2022-02-07T17:20:17.095+0000][1718.120s][info ][safepoint     ] Application time: 1.0001174 seconds
[2022-02-07T17:20:17.095+0000][1718.121s][info ][safepoint     ] Entering safepoint region: Cleanup
[2022-02-07T17:20:17.095+0000][1718.121s][info ][safepoint     ] Leaving safepoint region
[2022-02-07T17:20:17.095+0000][1718.121s][info ][safepoint     ] Total time for which application threads were stopped: 0.0004387 seconds, Stopping threads took: 0.0000687 seconds
[2022-02-07T17:20:18.095+0000][1719.121s][debug][safepoint     ] Safepoint synchronization initiated. (301 threads)
[2022-02-07T17:20:18.095+0000][1719.121s][info ][safepoint     ] Application time: 1.0001380 seconds
[2022-02-07T17:20:18.095+0000][1719.121s][info ][safepoint     ] Entering safepoint region: Cleanup
[2022-02-07T17:20:18.096+0000][1719.121s][info ][safepoint     ] Leaving safepoint region
[2022-02-07T17:20:18.096+0000][1719.121s][info ][safepoint     ] Total time for which application threads were stopped: 0.0003438 seconds, Stopping threads took: 0.0000916 seconds
[2022-02-07T17:20:19.096+0000][1720.122s][debug][safepoint     ] Safepoint synchronization initiated. (301 threads)
[2022-02-07T17:20:19.096+0000][1720.122s][info ][safepoint     ] Application time: 1.0001229 seconds
[2022-02-07T17:20:19.096+0000][1720.122s][info ][safepoint     ] Entering safepoint region: Cleanup
[2022-02-07T17:20:19.096+0000][1720.122s][info ][safepoint     ] Leaving safepoint region
[2022-02-07T17:20:19.096+0000][1720.122s][info ][safepoint     ] Total time for which application threads were stopped: 0.0003057 seconds, Stopping threads took: 0.0000673 seconds
[2022-02-07T17:20:20.096+0000][1721.122s][debug][safepoint     ] Safepoint synchronization initiated. (301 threads)
[2022-02-07T17:20:20.096+0000][1721.122s][info ][safepoint     ] Application time: 1.0001101 seconds
[2022-02-07T17:20:20.096+0000][1721.122s][info ][safepoint     ] Entering safepoint region: Cleanup
[2022-02-07T17:20:20.096+0000][1721.122s][info ][safepoint     ] Leaving safepoint region
[2022-02-07T17:20:20.096+0000][1721.122s][info ][safepoint     ] Total time for which application threads were stopped: 0.0002902 seconds, Stopping threads took: 0.0000693 seconds
[2022-02-07T17:20:21.096+0000][1722.122s][debug][safepoint     ] Safepoint synchronization initiated. (301 threads)
[2022-02-07T17:20:21.097+0000][1722.122s][info ][safepoint     ] Application time: 1.0001218 seconds
[2022-02-07T17:20:21.097+0000][1722.122s][info ][safepoint     ] Entering safepoint region: Cleanup
[2022-02-07T17:20:21.097+0000][1722.123s][info ][safepoint     ] Leaving safepoint region
[2022-02-07T17:20:21.097+0000][1722.123s][info ][safepoint     ] Total time for which application threads were stopped: 0.0004470 seconds, Stopping threads took: 0.0000701 seconds
[2022-02-07T17:20:22.097+0000][1723.123s][debug][safepoint     ] Safepoint synchronization initiated. (301 threads)
[2022-02-07T17:20:22.097+0000][1723.123s][info ][safepoint     ] Application time: 1.0001128 seconds
[2022-02-07T17:20:22.097+0000][1723.123s][info ][safepoint     ] Entering safepoint region: Cleanup
[2022-02-07T17:20:22.098+0000][1723.123s][info ][safepoint     ] Leaving safepoint region
[2022-02-07T17:20:22.098+0000][1723.123s][info ][safepoint     ] Total time for which application threads were stopped: 0.0004393 seconds, Stopping threads took: 0.0000680 seconds
[2022-02-07T17:20:23.098+0000][1724.124s][debug][safepoint     ] Safepoint synchronization initiated. (301 threads)
[2022-02-07T17:20:23.098+0000][1724.124s][info ][safepoint     ] Application time: 1.0001251 seconds
[2022-02-07T17:20:23.098+0000][1724.124s][info ][safepoint     ] Entering safepoint region: Cleanup
[2022-02-07T17:20:23.098+0000][1724.124s][info ][safepoint     ] Leaving safepoint region
[2022-02-07T17:20:23.098+0000][1724.124s][info ][safepoint     ] Total time for which application threads were stopped: 0.0004488 seconds, Stopping threads took: 0.0000735 seconds
[2022-02-07T17:20:23.995+0000][1725.021s][debug][safepoint     ] Safepoint synchronization initiated. (301 threads)
[2022-02-07T17:20:23.995+0000][1725.021s][info ][safepoint     ] Application time: 0.8968887 seconds
[2022-02-07T17:20:23.995+0000][1725.021s][info ][safepoint     ] Entering safepoint region: G1CollectForAllocation
[2022-02-07T17:20:23.996+0000][1725.022s][info ][gc,start      ] GC(151) Pause Young (Normal) (G1 Evacuation Pause)
[2022-02-07T17:20:23.996+0000][1725.022s][info ][gc,task       ] GC(151) Using 4 workers of 4 for evacuation
[2022-02-07T17:20:24.016+0000][1725.041s][info ][gc,phases     ] GC(151)   Pre Evacuate Collection Set: 0.0ms
[2022-02-07T17:20:24.016+0000][1725.041s][info ][gc,phases     ] GC(151)   Evacuate Collection Set: 7.9ms
[2022-02-07T17:20:24.016+0000][1725.041s][info ][gc,phases     ] GC(151)   Post Evacuate Collection Set: 11.8ms
[2022-02-07T17:20:24.016+0000][1725.042s][info ][gc,phases     ] GC(151)   Other: 0.3ms
[2022-02-07T17:20:24.016+0000][1725.042s][info ][gc,heap       ] GC(151) Eden regions: 236->0(236)
[2022-02-07T17:20:24.016+0000][1725.042s][info ][gc,heap       ] GC(151) Survivor regions: 1->1(30)
[2022-02-07T17:20:24.016+0000][1725.042s][info ][gc,heap       ] GC(151) Old regions: 148->148
[2022-02-07T17:20:24.016+0000][1725.042s][info ][gc,heap       ] GC(151) Humongous regions: 0->0
[2022-02-07T17:20:24.016+0000][1725.042s][info ][gc,metaspace  ] GC(151) Metaspace: 163036K->163036K(1204224K)
[2022-02-07T17:20:24.016+0000][1725.042s][info ][gc            ] GC(151) Pause Young (Normal) (G1 Evacuation Pause) 382M->146M(430M) 20.074ms
[2022-02-07T17:20:24.016+0000][1725.042s][info ][gc,cpu        ] GC(151) User=0.02s Sys=0.00s Real=0.02s
[2022-02-07T17:20:24.016+0000][1725.042s][info ][safepoint     ] Leaving safepoint region
[2022-02-07T17:20:24.016+0000][1725.042s][info ][safepoint     ] Total time for which application threads were stopped: 0.0207353 seconds, Stopping threads took: 0.0000775 seconds
[2022-02-07T17:20:24.016+0000][1725.042s][info ][gc,stringdedup] Concurrent String Deduplication (1725.042s)
[2022-02-07T17:20:24.016+0000][1725.042s][info ][gc,stringdedup] Concurrent String Deduplication 328.0B->0.0B(328.0B) avg 53.3% (1725.042s, 1725.042s) 0.027ms
[2022-02-07T17:20:25.016+0000][1726.042s][debug][safepoint     ] Safepoint synchronization initiated. (301 threads)
[2022-02-07T17:20:25.016+0000][1726.042s][info ][safepoint     ] Application time: 1.0001267 seconds
[2022-02-07T17:20:25.016+0000][1726.042s][info ][safepoint     ] Entering safepoint region: Cleanup
[2022-02-07T17:20:25.016+0000][1726.042s][info ][safepoint     ] Leaving safepoint region
[2022-02-07T17:20:25.016+0000][1726.042s][info ][safepoint     ] Total time for which application threads were stopped: 0.0002957 seconds, Stopping threads took: 0.0000697 seconds
[2022-02-07T17:20:25.016+0000][1726.042s][debug][safepoint     ] ... found polling page return exception at pc = 0x00007f11b4fc1a06, stub =0x00007f11ac8beb80
[2022-02-07T17:20:26.016+0000][1727.042s][debug][safepoint     ] Safepoint synchronization initiated. (301 threads)
[2022-02-07T17:20:26.016+0000][1727.042s][info ][safepoint     ] Application time: 1.0001120 seconds
[2022-02-07T17:20:26.016+0000][1727.042s][info ][safepoint     ] Entering safepoint region: Cleanup
[2022-02-07T17:20:26.017+0000][1727.042s][info ][safepoint     ] Leaving safepoint region
[2022-02-07T17:20:26.017+0000][1727.042s][info ][safepoint     ] Total time for which application threads were stopped: 0.0002413 seconds, Stopping threads took: 0.0000702 seconds
[2022-02-07T17:20:27.017+0000][1728.043s][debug][safepoint     ] Safepoint synchronization initiated. (301 threads)
[2022-02-07T17:20:27.017+0000][1728.043s][info ][safepoint     ] Application time: 1.0001130 seconds
[2022-02-07T17:20:27.017+0000][1728.043s][info ][safepoint     ] Entering safepoint region: Cleanup
[2022-02-07T17:20:27.017+0000][1728.043s][info ][safepoint     ] Leaving safepoint region
[2022-02-07T17:20:27.017+0000][1728.043s][info ][safepoint     ] Total time for which application threads were stopped: 0.0002292 seconds, Stopping threads took: 0.0000694 seconds
[2022-02-07T17:20:28.017+0000][1729.043s][debug][safepoint     ] Safepoint synchronization initiated. (301 threads)
[2022-02-07T17:20:28.017+0000][1729.043s][info ][safepoint     ] Application time: 1.0001191 seconds
[2022-02-07T17:20:28.017+0000][1729.043s][info ][safepoint     ] Entering safepoint region: Cleanup
[2022-02-07T17:20:28.017+0000][1729.043s][info ][safepoint     ] Leaving safepoint region
[2022-02-07T17:20:28.018+0000][1729.043s][info ][safepoint     ] Total time for which application threads were stopped: 0.0003834 seconds, Stopping threads took: 0.0002043 seconds
[2022-02-07T17:20:29.021+0000][1730.047s][debug][safepoint     ] Safepoint synchronization initiated. (301 threads)
[2022-02-07T17:20:29.021+0000][1730.047s][info ][safepoint     ] Application time: 1.0031676 seconds
[2022-02-07T17:20:29.021+0000][1730.047s][info ][safepoint     ] Entering safepoint region: Cleanup
[2022-02-07T17:20:29.021+0000][1730.047s][info ][safepoint     ] Leaving safepoint region
[2022-02-07T17:20:29.021+0000][1730.047s][info ][safepoint     ] Total time for which application threads were stopped: 0.0002619 seconds, Stopping threads took: 0.0000731 seconds
[2022-02-07T17:20:30.021+0000][1731.047s][debug][safepoint     ] Safepoint synchronization initiated. (301 threads)
[2022-02-07T17:20:30.021+0000][1731.047s][info ][safepoint     ] Application time: 1.0001211 seconds
[2022-02-07T17:20:30.021+0000][1731.047s][info ][safepoint     ] Entering safepoint region: Cleanup
[2022-02-07T17:20:30.021+0000][1731.047s][info ][safepoint     ] Leaving safepoint region
[2022-02-07T17:20:30.021+0000][1731.047s][info ][safepoint     ] Total time for which application threads were stopped: 0.0003091 seconds, Stopping threads took: 0.0000701 seconds
[2022-02-07T17:20:31.021+0000][1732.047s][debug][safepoint     ] Safepoint synchronization initiated. (301 threads)
[2022-02-07T17:20:31.022+0000][1732.047s][info ][safepoint     ] Application time: 1.0001175 seconds
[2022-02-07T17:20:31.022+0000][1732.047s][info ][safepoint     ] Entering safepoint region: Cleanup
[2022-02-07T17:20:31.022+0000][1732.048s][info ][safepoint     ] Leaving safepoint region
[2022-02-07T17:20:31.022+0000][1732.048s][info ][safepoint     ] Total time for which application threads were stopped: 0.0004417 seconds, Stopping threads took: 0.0000699 seconds
[2022-02-07T17:20:32.022+0000][1733.048s][debug][safepoint     ] Safepoint synchronization initiated. (301 threads)
[2022-02-07T17:20:32.022+0000][1733.048s][info ][safepoint     ] Application time: 1.0001062 seconds
[2022-02-07T17:20:32.022+0000][1733.048s][info ][safepoint     ] Entering safepoint region: Cleanup
[2022-02-07T17:20:32.023+0000][1733.048s][info ][safepoint     ] Leaving safepoint region
[2022-02-07T17:20:32.023+0000][1733.048s][info ][safepoint     ] Total time for which application threads were stopped: 0.0004421 seconds, Stopping threads took: 0.0000677 seconds
[2022-02-07T17:20:33.023+0000][1734.049s][debug][safepoint     ] Safepoint synchronization initiated. (301 threads)
[2022-02-07T17:20:33.023+0000][1734.049s][info ][safepoint     ] Application time: 1.0001153 seconds
[2022-02-07T17:20:33.023+0000][1734.049s][info ][safepoint     ] Entering safepoint region: Cleanup
[2022-02-07T17:20:33.023+0000][1734.049s][info ][safepoint     ] Leaving safepoint region
[2022-02-07T17:20:33.023+0000][1734.049s][info ][safepoint     ] Total time for which application threads were stopped: 0.0004401 seconds, Stopping threads took: 0.0000701 seconds
[2022-02-07T17:20:34.023+0000][1735.049s][debug][safepoint     ] Safepoint synchronization initiated. (301 threads)
[2022-02-07T17:20:34.023+0000][1735.049s][info ][safepoint     ] Application time: 1.0001202 seconds
[2022-02-07T17:20:34.023+0000][1735.049s][info ][safepoint     ] Entering safepoint region: Cleanup
[2022-02-07T17:20:34.024+0000][1735.050s][info ][safepoint     ] Leaving safepoint region
[2022-02-07T17:20:34.024+0000][1735.050s][info ][safepoint     ] Total time for which application threads were stopped: 0.0004315 seconds, Stopping threads took: 0.0000677 seconds
[2022-02-07T17:20:35.024+0000][1736.050s][debug][safepoint     ] Safepoint synchronization initiated. (301 threads)
[2022-02-07T17:20:35.024+0000][1736.050s][info ][safepoint     ] Application time: 1.0001089 seconds
[2022-02-07T17:20:35.024+0000][1736.050s][info ][safepoint     ] Entering safepoint region: Cleanup
[2022-02-07T17:20:35.024+0000][1736.050s][info ][safepoint     ] Leaving safepoint region
[2022-02-07T17:20:35.024+0000][1736.050s][info ][safepoint     ] Total time for which application threads were stopped: 0.0004339 seconds, Stopping threads took: 0.0000682 seconds
[2022-02-07T17:20:36.024+0000][1737.050s][debug][safepoint     ] Safepoint synchronization initiated. (301 threads)
[2022-02-07T17:20:36.024+0000][1737.050s][info ][safepoint     ] Application time: 1.0001388 seconds
[2022-02-07T17:20:36.024+0000][1737.050s][info ][safepoint     ] Entering safepoint region: Cleanup
[2022-02-07T17:20:36.025+0000][1737.051s][info ][safepoint     ] Leaving safepoint region
[2022-02-07T17:20:36.025+0000][1737.051s][info ][safepoint     ] Total time for which application threads were stopped: 0.0004564 seconds, Stopping threads took: 0.0000743 seconds
[2022-02-07T17:20:37.025+0000][1738.051s][debug][safepoint     ] Safepoint synchronization initiated. (301 threads)
[2022-02-07T17:20:37.025+0000][1738.051s][info ][safepoint     ] Application time: 1.0001249 seconds
[2022-02-07T17:20:37.025+0000][1738.051s][info ][safepoint     ] Entering safepoint region: Cleanup
[2022-02-07T17:20:37.025+0000][1738.051s][info ][safepoint     ] Leaving safepoint region
[2022-02-07T17:20:37.025+0000][1738.051s][info ][safepoint     ] Total time for which application threads were stopped: 0.0004453 seconds, Stopping threads took: 0.0000715 seconds
[2022-02-07T17:20:38.026+0000][1739.051s][debug][safepoint     ] Safepoint synchronization initiated. (301 threads)
[2022-02-07T17:20:38.026+0000][1739.051s][info ][safepoint     ] Application time: 1.0001455 seconds
[2022-02-07T17:20:38.026+0000][1739.052s][info ][safepoint     ] Entering safepoint region: Cleanup
[2022-02-07T17:20:38.026+0000][1739.052s][info ][safepoint     ] Leaving safepoint region
[2022-02-07T17:20:38.026+0000][1739.052s][info ][safepoint     ] Total time for which application threads were stopped: 0.0003036 seconds, Stopping threads took: 0.0000716 seconds
[2022-02-07T17:20:39.026+0000][1740.052s][debug][safepoint     ] Safepoint synchronization initiated. (301 threads)
[2022-02-07T17:20:39.026+0000][1740.052s][info ][safepoint     ] Application time: 1.0000855 seconds
[2022-02-07T17:20:39.026+0000][1740.052s][info ][safepoint     ] Entering safepoint region: Cleanup
[2022-02-07T17:20:39.026+0000][1740.052s][info ][safepoint     ] Leaving safepoint region
[2022-02-07T17:20:39.026+0000][1740.052s][info ][safepoint     ] Total time for which application threads were stopped: 0.0004514 seconds, Stopping threads took: 0.0000739 seconds
[2022-02-07T17:20:39.085+0000][1740.111s][debug][safepoint     ] Safepoint synchronization initiated. (301 threads)
[2022-02-07T17:20:39.085+0000][1740.111s][info ][safepoint     ] Application time: 0.0583877 seconds
[2022-02-07T17:20:39.085+0000][1740.111s][info ][safepoint     ] Entering safepoint region: G1CollectForAllocation
[2022-02-07T17:20:39.085+0000][1740.111s][info ][gc,start      ] GC(152) Pause Young (Normal) (G1 Evacuation Pause)
[2022-02-07T17:20:39.085+0000][1740.111s][info ][gc,task       ] GC(152) Using 4 workers of 4 for evacuation
[2022-02-07T17:20:39.105+0000][1740.131s][info ][gc,phases     ] GC(152)   Pre Evacuate Collection Set: 0.0ms
[2022-02-07T17:20:39.105+0000][1740.131s][info ][gc,phases     ] GC(152)   Evacuate Collection Set: 11.0ms
[2022-02-07T17:20:39.106+0000][1740.131s][info ][gc,phases     ] GC(152)   Post Evacuate Collection Set: 8.9ms
[2022-02-07T17:20:39.106+0000][1740.131s][info ][gc,phases     ] GC(152)   Other: 0.2ms
[2022-02-07T17:20:39.106+0000][1740.131s][info ][gc,heap       ] GC(152) Eden regions: 236->0(236)
[2022-02-07T17:20:39.106+0000][1740.131s][info ][gc,heap       ] GC(152) Survivor regions: 1->1(30)
[2022-02-07T17:20:39.106+0000][1740.131s][info ][gc,heap       ] GC(152) Old regions: 148->148
[2022-02-07T17:20:39.106+0000][1740.131s][info ][gc,heap       ] GC(152) Humongous regions: 0->0
[2022-02-07T17:20:39.106+0000][1740.131s][info ][gc,metaspace  ] GC(152) Metaspace: 163044K->163044K(1204224K)
[2022-02-07T17:20:39.106+0000][1740.131s][info ][gc            ] GC(152) Pause Young (Normal) (G1 Evacuation Pause) 382M->146M(430M) 20.219ms
[2022-02-07T17:20:39.106+0000][1740.131s][info ][gc,cpu        ] GC(152) User=0.02s Sys=0.00s Real=0.02s
[2022-02-07T17:20:39.106+0000][1740.132s][info ][safepoint     ] Leaving safepoint region
[2022-02-07T17:20:39.106+0000][1740.132s][info ][safepoint     ] Total time for which application threads were stopped: 0.0207853 seconds, Stopping threads took: 0.0000705 seconds
[2022-02-07T17:20:39.106+0000][1740.132s][info ][gc,stringdedup] Concurrent String Deduplication (1740.132s)
[2022-02-07T17:20:39.106+0000][1740.132s][info ][gc,stringdedup] Concurrent String Deduplication 408.0B->80.0B(328.0B) avg 53.3% (1740.132s, 1740.132s) 0.025ms
[2022-02-07T17:20:40.106+0000][1741.132s][debug][safepoint     ] Safepoint synchronization initiated. (301 threads)
[2022-02-07T17:20:40.106+0000][1741.132s][info ][safepoint     ] Application time: 1.0001624 seconds
[2022-02-07T17:20:40.106+0000][1741.132s][info ][safepoint     ] Entering safepoint region: Cleanup
[2022-02-07T17:20:40.106+0000][1741.132s][info ][safepoint     ] Leaving safepoint region
[2022-02-07T17:20:40.106+0000][1741.132s][info ][safepoint     ] Total time for which application threads were stopped: 0.0005324 seconds, Stopping threads took: 0.0000717 seconds
[2022-02-07T17:20:41.106+0000][1742.132s][debug][safepoint     ] Safepoint synchronization initiated. (301 threads)
[2022-02-07T17:20:41.107+0000][1742.132s][info ][safepoint     ] Application time: 1.0001177 seconds
[2022-02-07T17:20:41.107+0000][1742.132s][info ][safepoint     ] Entering safepoint region: Cleanup
[2022-02-07T17:20:41.107+0000][1742.133s][info ][safepoint     ] Leaving safepoint region
[2022-02-07T17:20:41.107+0000][1742.133s][info ][safepoint     ] Total time for which application threads were stopped: 0.0004643 seconds, Stopping threads took: 0.0000718 seconds
[2022-02-07T17:20:42.107+0000][1743.133s][debug][safepoint     ] Safepoint synchronization initiated. (301 threads)
[2022-02-07T17:20:42.107+0000][1743.133s][info ][safepoint     ] Application time: 1.0001174 seconds
[2022-02-07T17:20:42.107+0000][1743.133s][info ][safepoint     ] Entering safepoint region: Cleanup
[2022-02-07T17:20:42.108+0000][1743.133s][info ][safepoint     ] Leaving safepoint region
[2022-02-07T17:20:42.108+0000][1743.133s][info ][safepoint     ] Total time for which application threads were stopped: 0.0004541 seconds, Stopping threads took: 0.0000866 seconds
[2022-02-07T17:20:43.108+0000][1744.134s][debug][safepoint     ] Safepoint synchronization initiated. (301 threads)
[2022-02-07T17:20:43.108+0000][1744.134s][info ][safepoint     ] Application time: 1.0001085 seconds
[2022-02-07T17:20:43.108+0000][1744.134s][info ][safepoint     ] Entering safepoint region: Cleanup
[2022-02-07T17:20:43.108+0000][1744.134s][info ][safepoint     ] Leaving safepoint region
[2022-02-07T17:20:43.108+0000][1744.134s][info ][safepoint     ] Total time for which application threads were stopped: 0.0003328 seconds, Stopping threads took: 0.0000701 seconds
[2022-02-07T17:20:44.108+0000][1745.134s][debug][safepoint     ] Safepoint synchronization initiated. (301 threads)
[2022-02-07T17:20:44.108+0000][1745.134s][info ][safepoint     ] Application time: 1.0001207 seconds
[2022-02-07T17:20:44.108+0000][1745.134s][info ][safepoint     ] Entering safepoint region: Cleanup
[2022-02-07T17:20:44.108+0000][1745.134s][info ][safepoint     ] Leaving safepoint region
[2022-02-07T17:20:44.108+0000][1745.134s][info ][safepoint     ] Total time for which application threads were stopped: 0.0002837 seconds, Stopping threads took: 0.0000747 seconds
[2022-02-07T17:20:45.109+0000][1746.134s][debug][safepoint     ] Safepoint synchronization initiated. (301 threads)
[2022-02-07T17:20:45.109+0000][1746.134s][info ][safepoint     ] Application time: 1.0001148 seconds
[2022-02-07T17:20:45.109+0000][1746.135s][info ][safepoint     ] Entering safepoint region: Cleanup
[2022-02-07T17:20:45.109+0000][1746.135s][info ][safepoint     ] Leaving safepoint region
[2022-02-07T17:20:45.109+0000][1746.135s][info ][safepoint     ] Total time for which application threads were stopped: 0.0002538 seconds, Stopping threads took: 0.0000598 seconds
[2022-02-07T17:20:46.109+0000][1747.135s][debug][safepoint     ] Safepoint synchronization initiated. (301 threads)
[2022-02-07T17:20:46.109+0000][1747.135s][info ][safepoint     ] Application time: 1.0001099 seconds
[2022-02-07T17:20:46.109+0000][1747.135s][info ][safepoint     ] Entering safepoint region: Cleanup
[2022-02-07T17:20:46.109+0000][1747.135s][info ][safepoint     ] Leaving safepoint region
[2022-02-07T17:20:46.109+0000][1747.135s][info ][safepoint     ] Total time for which application threads were stopped: 0.0002798 seconds, Stopping threads took: 0.0000754 seconds
[2022-02-07T17:20:47.109+0000][1748.135s][debug][safepoint     ] Safepoint synchronization initiated. (301 threads)
[2022-02-07T17:20:47.109+0000][1748.135s][info ][safepoint     ] Application time: 1.0001301 seconds
[2022-02-07T17:20:47.110+0000][1748.135s][info ][safepoint     ] Entering safepoint region: Cleanup
[2022-02-07T17:20:47.110+0000][1748.136s][info ][safepoint     ] Leaving safepoint region
[2022-02-07T17:20:47.110+0000][1748.136s][info ][safepoint     ] Total time for which application threads were stopped: 0.0002590 seconds, Stopping threads took: 0.0000757 seconds
[2022-02-07T17:20:48.110+0000][1749.136s][debug][safepoint     ] Safepoint synchronization initiated. (301 threads)
[2022-02-07T17:20:48.110+0000][1749.136s][info ][safepoint     ] Application time: 1.0001235 seconds
[2022-02-07T17:20:48.110+0000][1749.136s][info ][safepoint     ] Entering safepoint region: Cleanup
[2022-02-07T17:20:48.110+0000][1749.136s][info ][safepoint     ] Leaving safepoint region
[2022-02-07T17:20:48.110+0000][1749.136s][info ][safepoint     ] Total time for which application threads were stopped: 0.0003124 seconds, Stopping threads took: 0.0000682 seconds
[2022-02-07T17:20:49.110+0000][1750.136s][debug][safepoint     ] Safepoint synchronization initiated. (301 threads)
[2022-02-07T17:20:49.110+0000][1750.136s][info ][safepoint     ] Application time: 1.0000985 seconds
[2022-02-07T17:20:49.110+0000][1750.136s][info ][safepoint     ] Entering safepoint region: Cleanup
[2022-02-07T17:20:49.111+0000][1750.136s][info ][safepoint     ] Leaving safepoint region
[2022-02-07T17:20:49.111+0000][1750.136s][info ][safepoint     ] Total time for which application threads were stopped: 0.0002640 seconds, Stopping threads took: 0.0000613 seconds
[2022-02-07T17:20:50.111+0000][1751.136s][debug][safepoint     ] Safepoint synchronization initiated. (301 threads)
[2022-02-07T17:20:50.111+0000][1751.137s][info ][safepoint     ] Application time: 1.0001250 seconds
[2022-02-07T17:20:50.111+0000][1751.137s][info ][safepoint     ] Entering safepoint region: Cleanup
[2022-02-07T17:20:50.111+0000][1751.137s][info ][safepoint     ] Leaving safepoint region
[2022-02-07T17:20:50.111+0000][1751.137s][info ][safepoint     ] Total time for which application threads were stopped: 0.0004478 seconds, Stopping threads took: 0.0000697 seconds
[2022-02-07T17:20:51.111+0000][1752.137s][debug][safepoint     ] Safepoint synchronization initiated. (301 threads)
[2022-02-07T17:20:51.111+0000][1752.137s][info ][safepoint     ] Application time: 1.0001245 seconds
[2022-02-07T17:20:51.118+0000][1752.144s][debug][safepoint     ] ... found polling page return exception at pc = 0x00007f11b45ef5be, stub =0x00007f11ac8beb80
[2022-02-07T17:20:51.118+0000][1752.144s][debug][safepoint     ] Waiting for 1 thread(s) to block
[2022-02-07T17:20:51.118+0000][1752.144s][info ][safepoint     ] Entering safepoint region: Cleanup
[2022-02-07T17:20:51.118+0000][1752.144s][info ][safepoint     ] Leaving safepoint region
[2022-02-07T17:20:51.118+0000][1752.144s][info ][safepoint     ] Total time for which application threads were stopped: 0.0068798 seconds, Stopping threads took: 0.0066106 seconds
[2022-02-07T17:20:52.118+0000][1753.144s][debug][safepoint     ] Safepoint synchronization initiated. (301 threads)
[2022-02-07T17:20:52.118+0000][1753.144s][info ][safepoint     ] Application time: 1.0001118 seconds
[2022-02-07T17:20:52.118+0000][1753.144s][info ][safepoint     ] Entering safepoint region: Cleanup
[2022-02-07T17:20:52.119+0000][1753.145s][info ][safepoint     ] Leaving safepoint region
[2022-02-07T17:20:52.119+0000][1753.145s][info ][safepoint     ] Total time for which application threads were stopped: 0.0004681 seconds, Stopping threads took: 0.0000734 seconds
[2022-02-07T17:20:53.119+0000][1754.145s][debug][safepoint     ] Safepoint synchronization initiated. (301 threads)
[2022-02-07T17:20:53.119+0000][1754.145s][info ][safepoint     ] Application time: 1.0001051 seconds
[2022-02-07T17:20:53.119+0000][1754.145s][info ][safepoint     ] Entering safepoint region: Cleanup
[2022-02-07T17:20:53.119+0000][1754.145s][info ][safepoint     ] Leaving safepoint region
[2022-02-07T17:20:53.119+0000][1754.145s][info ][safepoint     ] Total time for which application threads were stopped: 0.0002539 seconds, Stopping threads took: 0.0000693 seconds
[2022-02-07T17:20:54.119+0000][1755.145s][debug][safepoint     ] Safepoint synchronization initiated. (301 threads)
[2022-02-07T17:20:54.119+0000][1755.145s][info ][safepoint     ] Application time: 1.0001184 seconds
[2022-02-07T17:20:54.119+0000][1755.145s][info ][safepoint     ] Entering safepoint region: Cleanup
[2022-02-07T17:20:54.120+0000][1755.145s][info ][safepoint     ] Leaving safepoint region
[2022-02-07T17:20:54.120+0000][1755.145s][info ][safepoint     ] Total time for which application threads were stopped: 0.0003138 seconds, Stopping threads took: 0.0000755 seconds
[2022-02-07T17:20:55.120+0000][1756.146s][debug][safepoint     ] Safepoint synchronization initiated. (301 threads)
[2022-02-07T17:20:55.120+0000][1756.146s][info ][safepoint     ] Application time: 1.0001117 seconds
[2022-02-07T17:20:55.120+0000][1756.146s][info ][safepoint     ] Entering safepoint region: Cleanup
[2022-02-07T17:20:55.120+0000][1756.146s][info ][safepoint     ] Leaving safepoint region
[2022-02-07T17:20:55.120+0000][1756.146s][info ][safepoint     ] Total time for which application threads were stopped: 0.0004654 seconds, Stopping threads took: 0.0000701 seconds
[2022-02-07T17:20:56.120+0000][1757.146s][debug][safepoint     ] Safepoint synchronization initiated. (301 threads)
[2022-02-07T17:20:56.120+0000][1757.146s][info ][safepoint     ] Application time: 1.0001153 seconds
[2022-02-07T17:20:56.120+0000][1757.146s][info ][safepoint     ] Entering safepoint region: Cleanup
[2022-02-07T17:20:56.121+0000][1757.147s][info ][safepoint     ] Leaving safepoint region
[2022-02-07T17:20:56.121+0000][1757.147s][info ][safepoint     ] Total time for which application threads were stopped: 0.0004358 seconds, Stopping threads took: 0.0000686 seconds
[2022-02-07T17:20:56.936+0000][1757.962s][debug][safepoint     ] Safepoint synchronization initiated. (301 threads)
[2022-02-07T17:20:56.936+0000][1757.962s][info ][safepoint     ] Application time: 0.8152866 seconds
[2022-02-07T17:20:56.936+0000][1757.962s][info ][safepoint     ] Entering safepoint region: G1CollectForAllocation
[2022-02-07T17:20:56.937+0000][1757.962s][info ][gc,start      ] GC(153) Pause Young (Normal) (G1 Evacuation Pause)
[2022-02-07T17:20:56.937+0000][1757.962s][info ][gc,task       ] GC(153) Using 4 workers of 4 for evacuation
[2022-02-07T17:20:56.956+0000][1757.982s][info ][gc,phases     ] GC(153)   Pre Evacuate Collection Set: 0.0ms
[2022-02-07T17:20:56.956+0000][1757.982s][info ][gc,phases     ] GC(153)   Evacuate Collection Set: 10.7ms
[2022-02-07T17:20:56.956+0000][1757.982s][info ][gc,phases     ] GC(153)   Post Evacuate Collection Set: 8.6ms
[2022-02-07T17:20:56.956+0000][1757.982s][info ][gc,phases     ] GC(153)   Other: 0.3ms
[2022-02-07T17:20:56.956+0000][1757.982s][info ][gc,heap       ] GC(153) Eden regions: 236->0(236)
[2022-02-07T17:20:56.956+0000][1757.982s][info ][gc,heap       ] GC(153) Survivor regions: 1->1(30)
[2022-02-07T17:20:56.956+0000][1757.982s][info ][gc,heap       ] GC(153) Old regions: 148->148
[2022-02-07T17:20:56.956+0000][1757.982s][info ][gc,heap       ] GC(153) Humongous regions: 0->0
[2022-02-07T17:20:56.956+0000][1757.982s][info ][gc,metaspace  ] GC(153) Metaspace: 163044K->163044K(1204224K)
[2022-02-07T17:20:56.956+0000][1757.982s][info ][gc            ] GC(153) Pause Young (Normal) (G1 Evacuation Pause) 382M->146M(430M) 19.731ms
[2022-02-07T17:20:56.956+0000][1757.982s][info ][gc,cpu        ] GC(153) User=0.02s Sys=0.00s Real=0.02s
[2022-02-07T17:20:56.956+0000][1757.982s][info ][safepoint     ] Leaving safepoint region
[2022-02-07T17:20:56.956+0000][1757.982s][info ][safepoint     ] Total time for which application threads were stopped: 0.0203108 seconds, Stopping threads took: 0.0000672 seconds
[2022-02-07T17:20:56.957+0000][1757.983s][info ][gc,stringdedup] Concurrent String Deduplication (1757.983s)
[2022-02-07T17:20:56.957+0000][1757.983s][info ][gc,stringdedup] Concurrent String Deduplication 1200.0B->0.0B(1200.0B) avg 53.3% (1757.983s, 1757.983s) 0.029ms
[2022-02-07T17:20:57.956+0000][1758.982s][debug][safepoint     ] Safepoint synchronization initiated. (301 threads)
[2022-02-07T17:20:57.957+0000][1758.982s][info ][safepoint     ] Application time: 1.0001424 seconds
[2022-02-07T17:20:57.957+0000][1758.982s][info ][safepoint     ] Entering safepoint region: Cleanup
[2022-02-07T17:20:57.957+0000][1758.983s][info ][safepoint     ] Leaving safepoint region
[2022-02-07T17:20:57.957+0000][1758.983s][info ][safepoint     ] Total time for which application threads were stopped: 0.0004879 seconds, Stopping threads took: 0.0000815 seconds
[2022-02-07T17:20:58.957+0000][1759.983s][debug][safepoint     ] Safepoint synchronization initiated. (301 threads)
[2022-02-07T17:20:58.957+0000][1759.983s][info ][safepoint     ] Application time: 1.0001243 seconds
[2022-02-07T17:20:58.957+0000][1759.983s][info ][safepoint     ] Entering safepoint region: Cleanup
[2022-02-07T17:20:58.957+0000][1759.983s][info ][safepoint     ] Leaving safepoint region
[2022-02-07T17:20:58.957+0000][1759.983s][info ][safepoint     ] Total time for which application threads were stopped: 0.0003064 seconds, Stopping threads took: 0.0000745 seconds
[2022-02-07T17:20:59.958+0000][1760.983s][debug][safepoint     ] Safepoint synchronization initiated. (301 threads)
[2022-02-07T17:20:59.958+0000][1760.983s][info ][safepoint     ] Application time: 1.0001453 seconds
[2022-02-07T17:20:59.958+0000][1760.984s][info ][safepoint     ] Entering safepoint region: Cleanup
[2022-02-07T17:20:59.958+0000][1760.984s][info ][safepoint     ] Leaving safepoint region
[2022-02-07T17:20:59.958+0000][1760.984s][info ][safepoint     ] Total time for which application threads were stopped: 0.0003176 seconds, Stopping threads took: 0.0000712 seconds
[2022-02-07T17:21:00.958+0000][1761.984s][debug][safepoint     ] Safepoint synchronization initiated. (301 threads)
[2022-02-07T17:21:00.958+0000][1761.984s][info ][safepoint     ] Application time: 1.0001401 seconds
[2022-02-07T17:21:00.958+0000][1761.984s][info ][safepoint     ] Entering safepoint region: Cleanup
[2022-02-07T17:21:00.958+0000][1761.984s][info ][safepoint     ] Leaving safepoint region
[2022-02-07T17:21:00.958+0000][1761.984s][info ][safepoint     ] Total time for which application threads were stopped: 0.0002850 seconds, Stopping threads took: 0.0000691 seconds
[2022-02-07T17:21:01.958+0000][1762.984s][debug][safepoint     ] Safepoint synchronization initiated. (301 threads)
[2022-02-07T17:21:01.959+0000][1762.984s][info ][safepoint     ] Application time: 1.0001169 seconds
[2022-02-07T17:21:01.959+0000][1762.984s][info ][safepoint     ] Entering safepoint region: Cleanup
[2022-02-07T17:21:01.959+0000][1762.985s][info ][safepoint     ] Leaving safepoint region
[2022-02-07T17:21:01.959+0000][1762.985s][info ][safepoint     ] Total time for which application threads were stopped: 0.0003178 seconds, Stopping threads took: 0.0000740 seconds
[2022-02-07T17:21:02.959+0000][1763.985s][debug][safepoint     ] Safepoint synchronization initiated. (301 threads)
[2022-02-07T17:21:02.959+0000][1763.985s][info ][safepoint     ] Application time: 1.0001239 seconds
[2022-02-07T17:21:02.959+0000][1763.985s][debug][safepoint     ] ... found polling page return exception at pc = 0x00007f11b52fe536, stub =0x00007f11ac8beb80
[2022-02-07T17:21:02.959+0000][1763.985s][debug][safepoint     ] Waiting for 1 thread(s) to block
[2022-02-07T17:21:02.959+0000][1763.985s][info ][safepoint     ] Entering safepoint region: Cleanup
[2022-02-07T17:21:02.959+0000][1763.985s][info ][safepoint     ] Leaving safepoint region
[2022-02-07T17:21:02.959+0000][1763.985s][info ][safepoint     ] Total time for which application threads were stopped: 0.0003168 seconds, Stopping threads took: 0.0001127 seconds
[2022-02-07T17:21:03.963+0000][1764.989s][debug][safepoint     ] Safepoint synchronization initiated. (301 threads)
[2022-02-07T17:21:03.963+0000][1764.989s][info ][safepoint     ] Application time: 1.0039552 seconds
[2022-02-07T17:21:03.963+0000][1764.989s][info ][safepoint     ] Entering safepoint region: Cleanup
[2022-02-07T17:21:03.964+0000][1764.989s][info ][safepoint     ] Leaving safepoint region
[2022-02-07T17:21:03.964+0000][1764.989s][info ][safepoint     ] Total time for which application threads were stopped: 0.0002510 seconds, Stopping threads took: 0.0000708 seconds
[2022-02-07T17:21:04.964+0000][1765.989s][debug][safepoint     ] Safepoint synchronization initiated. (301 threads)
[2022-02-07T17:21:04.964+0000][1765.989s][info ][safepoint     ] Application time: 1.0001008 seconds
[2022-02-07T17:21:04.964+0000][1765.990s][info ][safepoint     ] Entering safepoint region: Cleanup
[2022-02-07T17:21:04.964+0000][1765.990s][info ][safepoint     ] Leaving safepoint region
[2022-02-07T17:21:04.964+0000][1765.990s][info ][safepoint     ] Total time for which application threads were stopped: 0.0003321 seconds, Stopping threads took: 0.0000773 seconds
[2022-02-07T17:21:05.964+0000][1766.990s][debug][safepoint     ] Safepoint synchronization initiated. (301 threads)
[2022-02-07T17:21:05.964+0000][1766.990s][info ][safepoint     ] Application time: 1.0001257 seconds
[2022-02-07T17:21:05.964+0000][1766.990s][info ][safepoint     ] Entering safepoint region: Cleanup
[2022-02-07T17:21:05.965+0000][1766.990s][info ][safepoint     ] Leaving safepoint region
[2022-02-07T17:21:05.965+0000][1766.990s][info ][safepoint     ] Total time for which application threads were stopped: 0.0004403 seconds, Stopping threads took: 0.0000685 seconds
[2022-02-07T17:21:06.965+0000][1767.991s][debug][safepoint     ] Safepoint synchronization initiated. (301 threads)
[2022-02-07T17:21:06.965+0000][1767.991s][info ][safepoint     ] Application time: 1.0001077 seconds
[2022-02-07T17:21:06.965+0000][1767.991s][info ][safepoint     ] Entering safepoint region: Cleanup
[2022-02-07T17:21:06.965+0000][1767.991s][info ][safepoint     ] Leaving safepoint region
[2022-02-07T17:21:06.965+0000][1767.991s][info ][safepoint     ] Total time for which application threads were stopped: 0.0002970 seconds, Stopping threads took: 0.0000712 seconds
[2022-02-07T17:21:07.965+0000][1768.991s][debug][safepoint     ] Safepoint synchronization initiated. (301 threads)
[2022-02-07T17:21:07.965+0000][1768.991s][info ][safepoint     ] Application time: 1.0001190 seconds
[2022-02-07T17:21:07.965+0000][1768.991s][info ][safepoint     ] Entering safepoint region: Cleanup
[2022-02-07T17:21:07.965+0000][1768.991s][info ][safepoint     ] Leaving safepoint region
[2022-02-07T17:21:07.965+0000][1768.991s][info ][safepoint     ] Total time for which application threads were stopped: 0.0002954 seconds, Stopping threads took: 0.0000693 seconds
[2022-02-07T17:21:08.966+0000][1769.991s][debug][safepoint     ] Safepoint synchronization initiated. (301 threads)
[2022-02-07T17:21:08.966+0000][1769.991s][info ][safepoint     ] Application time: 1.0001312 seconds
[2022-02-07T17:21:08.966+0000][1769.991s][debug][safepoint     ] ... found polling page return exception at pc = 0x00007f11b523e430, stub =0x00007f11ac8beb80
[2022-02-07T17:21:08.966+0000][1769.991s][debug][safepoint     ] Waiting for 1 thread(s) to block
[2022-02-07T17:21:08.966+0000][1769.992s][info ][safepoint     ] Entering safepoint region: Cleanup
[2022-02-07T17:21:08.966+0000][1769.992s][info ][safepoint     ] Leaving safepoint region
[2022-02-07T17:21:08.966+0000][1769.992s][info ][safepoint     ] Total time for which application threads were stopped: 0.0003550 seconds, Stopping threads took: 0.0001270 seconds
[2022-02-07T17:21:09.966+0000][1770.992s][debug][safepoint     ] Safepoint synchronization initiated. (301 threads)
[2022-02-07T17:21:09.966+0000][1770.992s][info ][safepoint     ] Application time: 1.0001652 seconds
[2022-02-07T17:21:09.966+0000][1770.992s][info ][safepoint     ] Entering safepoint region: Cleanup
[2022-02-07T17:21:09.966+0000][1770.992s][info ][safepoint     ] Leaving safepoint region
[2022-02-07T17:21:09.966+0000][1770.992s][info ][safepoint     ] Total time for which application threads were stopped: 0.0003243 seconds, Stopping threads took: 0.0000696 seconds
[2022-02-07T17:21:10.967+0000][1771.992s][debug][safepoint     ] Safepoint synchronization initiated. (301 threads)
[2022-02-07T17:21:10.967+0000][1771.992s][info ][safepoint     ] Application time: 1.0001337 seconds
[2022-02-07T17:21:10.967+0000][1771.993s][info ][safepoint     ] Entering safepoint region: Cleanup
[2022-02-07T17:21:10.967+0000][1771.993s][info ][safepoint     ] Leaving safepoint region
[2022-02-07T17:21:10.967+0000][1771.993s][info ][safepoint     ] Total time for which application threads were stopped: 0.0003263 seconds, Stopping threads took: 0.0000706 seconds
[2022-02-07T17:21:11.967+0000][1772.993s][debug][safepoint     ] Safepoint synchronization initiated. (301 threads)
[2022-02-07T17:21:11.967+0000][1772.993s][info ][safepoint     ] Application time: 1.0001110 seconds
[2022-02-07T17:21:11.967+0000][1772.993s][info ][safepoint     ] Entering safepoint region: Cleanup
[2022-02-07T17:21:11.967+0000][1772.993s][info ][safepoint     ] Leaving safepoint region
[2022-02-07T17:21:11.967+0000][1772.993s][info ][safepoint     ] Total time for which application threads were stopped: 0.0003388 seconds, Stopping threads took: 0.0000714 seconds
[2022-02-07T17:21:12.967+0000][1773.993s][debug][safepoint     ] Safepoint synchronization initiated. (301 threads)
[2022-02-07T17:21:12.968+0000][1773.993s][info ][safepoint     ] Application time: 1.0001189 seconds
[2022-02-07T17:21:12.968+0000][1773.993s][info ][safepoint     ] Entering safepoint region: Cleanup
[2022-02-07T17:21:12.968+0000][1773.994s][info ][safepoint     ] Leaving safepoint region
[2022-02-07T17:21:12.968+0000][1773.994s][info ][safepoint     ] Total time for which application threads were stopped: 0.0004516 seconds, Stopping threads took: 0.0000732 seconds
[2022-02-07T17:21:13.900+0000][1774.926s][debug][safepoint     ] Safepoint synchronization initiated. (301 threads)
[2022-02-07T17:21:13.900+0000][1774.926s][info ][safepoint     ] Application time: 0.9323167 seconds
[2022-02-07T17:21:13.900+0000][1774.926s][info ][safepoint     ] Entering safepoint region: G1CollectForAllocation
[2022-02-07T17:21:13.901+0000][1774.927s][info ][gc,start      ] GC(154) Pause Young (Normal) (G1 Evacuation Pause)
[2022-02-07T17:21:13.901+0000][1774.927s][info ][gc,task       ] GC(154) Using 4 workers of 4 for evacuation
[2022-02-07T17:21:13.909+0000][1774.935s][info ][gc,phases     ] GC(154)   Pre Evacuate Collection Set: 0.0ms
[2022-02-07T17:21:13.909+0000][1774.935s][info ][gc,phases     ] GC(154)   Evacuate Collection Set: 3.7ms
[2022-02-07T17:21:13.909+0000][1774.935s][info ][gc,phases     ] GC(154)   Post Evacuate Collection Set: 4.0ms
[2022-02-07T17:21:13.909+0000][1774.935s][info ][gc,phases     ] GC(154)   Other: 0.3ms
[2022-02-07T17:21:13.909+0000][1774.935s][info ][gc,heap       ] GC(154) Eden regions: 236->0(237)
[2022-02-07T17:21:13.909+0000][1774.935s][info ][gc,heap       ] GC(154) Survivor regions: 1->1(30)
[2022-02-07T17:21:13.909+0000][1774.935s][info ][gc,heap       ] GC(154) Old regions: 148->148
[2022-02-07T17:21:13.909+0000][1774.935s][info ][gc,heap       ] GC(154) Humongous regions: 0->0
[2022-02-07T17:21:13.909+0000][1774.935s][info ][gc,metaspace  ] GC(154) Metaspace: 163044K->163044K(1204224K)
[2022-02-07T17:21:13.909+0000][1774.935s][info ][gc            ] GC(154) Pause Young (Normal) (G1 Evacuation Pause) 382M->146M(430M) 8.021ms
[2022-02-07T17:21:13.909+0000][1774.935s][info ][gc,cpu        ] GC(154) User=0.02s Sys=0.00s Real=0.01s
[2022-02-07T17:21:13.909+0000][1774.935s][info ][safepoint     ] Leaving safepoint region
[2022-02-07T17:21:13.909+0000][1774.935s][info ][safepoint     ] Total time for which application threads were stopped: 0.0086285 seconds, Stopping threads took: 0.0000753 seconds
[2022-02-07T17:21:13.909+0000][1774.935s][info ][gc,stringdedup] Concurrent String Deduplication (1774.935s)
[2022-02-07T17:21:13.909+0000][1774.935s][info ][gc,stringdedup] Concurrent String Deduplication 656.0B->0.0B(656.0B) avg 53.3% (1774.935s, 1774.935s) 0.032ms
[2022-02-07T17:21:14.909+0000][1775.935s][debug][safepoint     ] Safepoint synchronization initiated. (301 threads)
[2022-02-07T17:21:14.909+0000][1775.935s][info ][safepoint     ] Application time: 1.0001433 seconds
[2022-02-07T17:21:14.909+0000][1775.935s][info ][safepoint     ] Entering safepoint region: Cleanup
[2022-02-07T17:21:14.910+0000][1775.935s][info ][safepoint     ] Leaving safepoint region
[2022-02-07T17:21:14.910+0000][1775.935s][info ][safepoint     ] Total time for which application threads were stopped: 0.0004703 seconds, Stopping threads took: 0.0000745 seconds
[2022-02-07T17:21:15.910+0000][1776.936s][debug][safepoint     ] Safepoint synchronization initiated. (301 threads)
[2022-02-07T17:21:15.910+0000][1776.936s][info ][safepoint     ] Application time: 1.0001239 seconds
[2022-02-07T17:21:15.910+0000][1776.936s][info ][safepoint     ] Entering safepoint region: Cleanup
[2022-02-07T17:21:15.910+0000][1776.936s][info ][safepoint     ] Leaving safepoint region
[2022-02-07T17:21:15.910+0000][1776.936s][info ][safepoint     ] Total time for which application threads were stopped: 0.0004391 seconds, Stopping threads took: 0.0000715 seconds
[2022-02-07T17:21:16.910+0000][1777.936s][debug][safepoint     ] Safepoint synchronization initiated. (301 threads)
[2022-02-07T17:21:16.910+0000][1777.936s][info ][safepoint     ] Application time: 1.0001164 seconds
[2022-02-07T17:21:16.910+0000][1777.936s][info ][safepoint     ] Entering safepoint region: Cleanup
[2022-02-07T17:21:16.911+0000][1777.936s][info ][safepoint     ] Leaving safepoint region
[2022-02-07T17:21:16.911+0000][1777.936s][info ][safepoint     ] Total time for which application threads were stopped: 0.0003541 seconds, Stopping threads took: 0.0000715 seconds
[2022-02-07T17:21:17.911+0000][1778.937s][debug][safepoint     ] Safepoint synchronization initiated. (301 threads)
[2022-02-07T17:21:17.911+0000][1778.937s][info ][safepoint     ] Application time: 1.0001055 seconds
[2022-02-07T17:21:17.911+0000][1778.937s][info ][safepoint     ] Entering safepoint region: Cleanup
[2022-02-07T17:21:17.911+0000][1778.937s][info ][safepoint     ] Leaving safepoint region
[2022-02-07T17:21:17.911+0000][1778.937s][info ][safepoint     ] Total time for which application threads were stopped: 0.0003032 seconds, Stopping threads took: 0.0000679 seconds
[2022-02-07T17:21:18.911+0000][1779.937s][debug][safepoint     ] Safepoint synchronization initiated. (301 threads)
[2022-02-07T17:21:18.911+0000][1779.937s][info ][safepoint     ] Application time: 1.0001139 seconds
[2022-02-07T17:21:18.911+0000][1779.937s][info ][safepoint     ] Entering safepoint region: Cleanup
[2022-02-07T17:21:18.911+0000][1779.937s][info ][safepoint     ] Leaving safepoint region
[2022-02-07T17:21:18.912+0000][1779.937s][info ][safepoint     ] Total time for which application threads were stopped: 0.0003122 seconds, Stopping threads took: 0.0000797 seconds
[2022-02-07T17:21:19.912+0000][1780.937s][debug][safepoint     ] Safepoint synchronization initiated. (301 threads)
[2022-02-07T17:21:19.912+0000][1780.937s][info ][safepoint     ] Application time: 1.0001092 seconds
[2022-02-07T17:21:19.912+0000][1780.938s][info ][safepoint     ] Entering safepoint region: Cleanup
[2022-02-07T17:21:19.912+0000][1780.938s][info ][safepoint     ] Leaving safepoint region
[2022-02-07T17:21:19.912+0000][1780.938s][info ][safepoint     ] Total time for which application threads were stopped: 0.0004378 seconds, Stopping threads took: 0.0000704 seconds
[2022-02-07T17:21:20.912+0000][1781.938s][debug][safepoint     ] Safepoint synchronization initiated. (301 threads)
[2022-02-07T17:21:20.912+0000][1781.938s][info ][safepoint     ] Application time: 1.0001133 seconds
[2022-02-07T17:21:20.912+0000][1781.938s][debug][safepoint     ] ... found polling page return exception at pc = 0x00007f11b4d593bb, stub =0x00007f11ac8beb80
[2022-02-07T17:21:20.912+0000][1781.938s][debug][safepoint     ] Waiting for 1 thread(s) to block
[2022-02-07T17:21:20.912+0000][1781.938s][info ][safepoint     ] Entering safepoint region: Cleanup
[2022-02-07T17:21:20.913+0000][1781.939s][info ][safepoint     ] Leaving safepoint region
[2022-02-07T17:21:20.913+0000][1781.939s][info ][safepoint     ] Total time for which application threads were stopped: 0.0005050 seconds, Stopping threads took: 0.0001106 seconds
[2022-02-07T17:21:20.913+0000][1781.939s][debug][safepoint     ] ... found polling page return exception at pc = 0x00007f11b439e942, stub =0x00007f11ac8beb80
[2022-02-07T17:21:21.913+0000][1782.939s][debug][safepoint     ] Safepoint synchronization initiated. (301 threads)
[2022-02-07T17:21:21.913+0000][1782.939s][info ][safepoint     ] Application time: 1.0001182 seconds
[2022-02-07T17:21:21.913+0000][1782.939s][info ][safepoint     ] Entering safepoint region: Cleanup
[2022-02-07T17:21:21.913+0000][1782.939s][info ][safepoint     ] Leaving safepoint region
[2022-02-07T17:21:21.913+0000][1782.939s][info ][safepoint     ] Total time for which application threads were stopped: 0.0004457 seconds, Stopping threads took: 0.0000726 seconds
[2022-02-07T17:21:22.913+0000][1783.939s][debug][safepoint     ] Safepoint synchronization initiated. (301 threads)
[2022-02-07T17:21:22.913+0000][1783.939s][info ][safepoint     ] Application time: 1.0001066 seconds
[2022-02-07T17:21:22.915+0000][1783.941s][debug][safepoint     ] ... found polling page return exception at pc = 0x00007f11b531b61b, stub =0x00007f11ac8beb80
[2022-02-07T17:21:22.915+0000][1783.941s][debug][safepoint     ] Waiting for 1 thread(s) to block
[2022-02-07T17:21:22.915+0000][1783.941s][info ][safepoint     ] Entering safepoint region: Cleanup
[2022-02-07T17:21:22.915+0000][1783.941s][info ][safepoint     ] Leaving safepoint region
[2022-02-07T17:21:22.915+0000][1783.941s][info ][safepoint     ] Total time for which application threads were stopped: 0.0020022 seconds, Stopping threads took: 0.0016007 seconds
[2022-02-07T17:21:23.916+0000][1784.941s][debug][safepoint     ] Safepoint synchronization initiated. (301 threads)
[2022-02-07T17:21:23.916+0000][1784.941s][info ][safepoint     ] Application time: 1.0001231 seconds
[2022-02-07T17:21:23.916+0000][1784.941s][info ][safepoint     ] Entering safepoint region: Cleanup
[2022-02-07T17:21:23.916+0000][1784.942s][info ][safepoint     ] Leaving safepoint region
[2022-02-07T17:21:23.916+0000][1784.942s][info ][safepoint     ] Total time for which application threads were stopped: 0.0004394 seconds, Stopping threads took: 0.0000717 seconds
[2022-02-07T17:21:24.916+0000][1785.942s][debug][safepoint     ] Safepoint synchronization initiated. (301 threads)
[2022-02-07T17:21:24.916+0000][1785.942s][info ][safepoint     ] Application time: 1.0001198 seconds
[2022-02-07T17:21:24.916+0000][1785.942s][info ][safepoint     ] Entering safepoint region: Cleanup
[2022-02-07T17:21:24.917+0000][1785.942s][info ][safepoint     ] Leaving safepoint region
[2022-02-07T17:21:24.917+0000][1785.942s][info ][safepoint     ] Total time for which application threads were stopped: 0.0004384 seconds, Stopping threads took: 0.0000700 seconds
[2022-02-07T17:21:25.917+0000][1786.943s][debug][safepoint     ] Safepoint synchronization initiated. (301 threads)
[2022-02-07T17:21:25.917+0000][1786.943s][info ][safepoint     ] Application time: 1.0001149 seconds
[2022-02-07T17:21:25.917+0000][1786.943s][info ][safepoint     ] Entering safepoint region: Cleanup
[2022-02-07T17:21:25.917+0000][1786.943s][info ][safepoint     ] Leaving safepoint region
[2022-02-07T17:21:25.917+0000][1786.943s][info ][safepoint     ] Total time for which application threads were stopped: 0.0004399 seconds, Stopping threads took: 0.0000700 seconds
[2022-02-07T17:21:26.917+0000][1787.943s][debug][safepoint     ] Safepoint synchronization initiated. (303 threads)
[2022-02-07T17:21:26.917+0000][1787.943s][info ][safepoint     ] Application time: 1.0001255 seconds
[2022-02-07T17:21:26.917+0000][1787.943s][info ][safepoint     ] Entering safepoint region: Cleanup
[2022-02-07T17:21:26.918+0000][1787.944s][info ][safepoint     ] Leaving safepoint region
[2022-02-07T17:21:26.918+0000][1787.944s][info ][safepoint     ] Total time for which application threads were stopped: 0.0004581 seconds, Stopping threads took: 0.0000664 seconds
[2022-02-07T17:21:27.068+0000][1788.094s][debug][safepoint     ] Safepoint synchronization initiated. (303 threads)
[2022-02-07T17:21:27.068+0000][1788.094s][info ][safepoint     ] Application time: 0.1506743 seconds
[2022-02-07T17:21:27.069+0000][1788.094s][info ][safepoint     ] Entering safepoint region: G1CollectForAllocation
[2022-02-07T17:21:27.069+0000][1788.095s][info ][gc,start      ] GC(155) Pause Young (Normal) (G1 Evacuation Pause)
[2022-02-07T17:21:27.069+0000][1788.095s][info ][gc,task       ] GC(155) Using 4 workers of 4 for evacuation
[2022-02-07T17:21:27.087+0000][1788.113s][info ][gc,phases     ] GC(155)   Pre Evacuate Collection Set: 0.0ms
[2022-02-07T17:21:27.087+0000][1788.113s][info ][gc,phases     ] GC(155)   Evacuate Collection Set: 10.4ms
[2022-02-07T17:21:27.087+0000][1788.113s][info ][gc,phases     ] GC(155)   Post Evacuate Collection Set: 7.6ms
[2022-02-07T17:21:27.087+0000][1788.113s][info ][gc,phases     ] GC(155)   Other: 0.2ms
[2022-02-07T17:21:27.087+0000][1788.113s][info ][gc,heap       ] GC(155) Eden regions: 237->0(237)
[2022-02-07T17:21:27.087+0000][1788.113s][info ][gc,heap       ] GC(155) Survivor regions: 1->1(30)
[2022-02-07T17:21:27.087+0000][1788.113s][info ][gc,heap       ] GC(155) Old regions: 148->148
[2022-02-07T17:21:27.087+0000][1788.113s][info ][gc,heap       ] GC(155) Humongous regions: 0->0
[2022-02-07T17:21:27.087+0000][1788.113s][info ][gc,metaspace  ] GC(155) Metaspace: 163048K->163048K(1204224K)
[2022-02-07T17:21:27.087+0000][1788.113s][info ][gc            ] GC(155) Pause Young (Normal) (G1 Evacuation Pause) 383M->146M(430M) 18.372ms
[2022-02-07T17:21:27.087+0000][1788.113s][info ][gc,cpu        ] GC(155) User=0.02s Sys=0.00s Real=0.02s
[2022-02-07T17:21:27.087+0000][1788.113s][info ][safepoint     ] Leaving safepoint region
[2022-02-07T17:21:27.087+0000][1788.113s][info ][safepoint     ] Total time for which application threads were stopped: 0.0189401 seconds, Stopping threads took: 0.0000690 seconds
[2022-02-07T17:21:27.088+0000][1788.114s][info ][gc,stringdedup] Concurrent String Deduplication (1788.114s)
[2022-02-07T17:21:27.088+0000][1788.114s][info ][gc,stringdedup] Concurrent String Deduplication 384.0B->0.0B(384.0B) avg 53.3% (1788.114s, 1788.114s) 0.023ms
[2022-02-07T17:21:28.088+0000][1789.114s][debug][safepoint     ] Safepoint synchronization initiated. (303 threads)
[2022-02-07T17:21:28.088+0000][1789.114s][info ][safepoint     ] Application time: 1.0003793 seconds
[2022-02-07T17:21:28.088+0000][1789.114s][info ][safepoint     ] Entering safepoint region: Cleanup
[2022-02-07T17:21:28.088+0000][1789.114s][info ][safepoint     ] Leaving safepoint region
[2022-02-07T17:21:28.088+0000][1789.114s][info ][safepoint     ] Total time for which application threads were stopped: 0.0003334 seconds, Stopping threads took: 0.0000833 seconds
[2022-02-07T17:21:29.088+0000][1790.114s][debug][safepoint     ] Safepoint synchronization initiated. (303 threads)
[2022-02-07T17:21:29.088+0000][1790.114s][info ][safepoint     ] Application time: 1.0001203 seconds
[2022-02-07T17:21:29.088+0000][1790.114s][info ][safepoint     ] Entering safepoint region: Cleanup
[2022-02-07T17:21:29.089+0000][1790.115s][info ][safepoint     ] Leaving safepoint region
[2022-02-07T17:21:29.089+0000][1790.115s][info ][safepoint     ] Total time for which application threads were stopped: 0.0004495 seconds, Stopping threads took: 0.0000712 seconds
[2022-02-07T17:21:30.089+0000][1791.115s][debug][safepoint     ] Safepoint synchronization initiated. (303 threads)
[2022-02-07T17:21:30.089+0000][1791.115s][info ][safepoint     ] Application time: 1.0001234 seconds
[2022-02-07T17:21:30.089+0000][1791.115s][info ][safepoint     ] Entering safepoint region: Cleanup
[2022-02-07T17:21:30.089+0000][1791.115s][info ][safepoint     ] Leaving safepoint region
[2022-02-07T17:21:30.089+0000][1791.115s][info ][safepoint     ] Total time for which application threads were stopped: 0.0004489 seconds, Stopping threads took: 0.0000719 seconds
[2022-02-07T17:21:31.089+0000][1792.115s][debug][safepoint     ] Safepoint synchronization initiated. (303 threads)
[2022-02-07T17:21:31.089+0000][1792.115s][info ][safepoint     ] Application time: 1.0001145 seconds
[2022-02-07T17:21:31.089+0000][1792.115s][info ][safepoint     ] Entering safepoint region: Cleanup
[2022-02-07T17:21:31.090+0000][1792.116s][info ][safepoint     ] Leaving safepoint region
[2022-02-07T17:21:31.090+0000][1792.116s][info ][safepoint     ] Total time for which application threads were stopped: 0.0003345 seconds, Stopping threads took: 0.0000700 seconds
[2022-02-07T17:21:32.090+0000][1793.116s][debug][safepoint     ] Safepoint synchronization initiated. (303 threads)
[2022-02-07T17:21:32.090+0000][1793.116s][info ][safepoint     ] Application time: 1.0001165 seconds
[2022-02-07T17:21:32.090+0000][1793.116s][info ][safepoint     ] Entering safepoint region: Cleanup
[2022-02-07T17:21:32.090+0000][1793.116s][info ][safepoint     ] Leaving safepoint region
[2022-02-07T17:21:32.090+0000][1793.116s][info ][safepoint     ] Total time for which application threads were stopped: 0.0002997 seconds, Stopping threads took: 0.0000688 seconds
[2022-02-07T17:21:33.090+0000][1794.116s][debug][safepoint     ] Safepoint synchronization initiated. (301 threads)
[2022-02-07T17:21:33.090+0000][1794.116s][info ][safepoint     ] Application time: 1.0001182 seconds
[2022-02-07T17:21:33.090+0000][1794.116s][info ][safepoint     ] Entering safepoint region: Cleanup
[2022-02-07T17:21:33.091+0000][1794.116s][info ][safepoint     ] Leaving safepoint region
[2022-02-07T17:21:33.091+0000][1794.116s][info ][safepoint     ] Total time for which application threads were stopped: 0.0002633 seconds, Stopping threads took: 0.0000666 seconds
[2022-02-07T17:21:34.091+0000][1795.117s][debug][safepoint     ] Safepoint synchronization initiated. (303 threads)
[2022-02-07T17:21:34.091+0000][1795.117s][info ][safepoint     ] Application time: 1.0001190 seconds
[2022-02-07T17:21:34.091+0000][1795.117s][info ][safepoint     ] Entering safepoint region: Cleanup
[2022-02-07T17:21:34.091+0000][1795.117s][info ][safepoint     ] Leaving safepoint region
[2022-02-07T17:21:34.091+0000][1795.117s][info ][safepoint     ] Total time for which application threads were stopped: 0.0003045 seconds, Stopping threads took: 0.0000699 seconds
[2022-02-07T17:21:35.091+0000][1796.117s][debug][safepoint     ] Safepoint synchronization initiated. (303 threads)
[2022-02-07T17:21:35.091+0000][1796.117s][info ][safepoint     ] Application time: 1.0001651 seconds
[2022-02-07T17:21:35.091+0000][1796.117s][info ][safepoint     ] Entering safepoint region: Cleanup
[2022-02-07T17:21:35.092+0000][1796.118s][info ][safepoint     ] Leaving safepoint region
[2022-02-07T17:21:35.092+0000][1796.118s][info ][safepoint     ] Total time for which application threads were stopped: 0.0004437 seconds, Stopping threads took: 0.0001838 seconds
[2022-02-07T17:21:36.092+0000][1797.118s][debug][safepoint     ] Safepoint synchronization initiated. (303 threads)
[2022-02-07T17:21:36.092+0000][1797.118s][info ][safepoint     ] Application time: 1.0001083 seconds
[2022-02-07T17:21:36.092+0000][1797.118s][info ][safepoint     ] Entering safepoint region: Cleanup
[2022-02-07T17:21:36.092+0000][1797.118s][info ][safepoint     ] Leaving safepoint region
[2022-02-07T17:21:36.092+0000][1797.118s][info ][safepoint     ] Total time for which application threads were stopped: 0.0003260 seconds, Stopping threads took: 0.0000754 seconds
[2022-02-07T17:21:37.092+0000][1798.118s][debug][safepoint     ] Safepoint synchronization initiated. (303 threads)
[2022-02-07T17:21:37.092+0000][1798.118s][info ][safepoint     ] Application time: 1.0001209 seconds
[2022-02-07T17:21:37.092+0000][1798.118s][info ][safepoint     ] Entering safepoint region: Cleanup
[2022-02-07T17:21:37.092+0000][1798.118s][info ][safepoint     ] Leaving safepoint region
[2022-02-07T17:21:37.093+0000][1798.118s][info ][safepoint     ] Total time for which application threads were stopped: 0.0002480 seconds, Stopping threads took: 0.0000627 seconds
[2022-02-07T17:21:38.093+0000][1799.118s][debug][safepoint     ] Safepoint synchronization initiated. (303 threads)
[2022-02-07T17:21:38.093+0000][1799.118s][info ][safepoint     ] Application time: 1.0001127 seconds
[2022-02-07T17:21:38.093+0000][1799.119s][info ][safepoint     ] Entering safepoint region: Cleanup
[2022-02-07T17:21:38.093+0000][1799.119s][info ][safepoint     ] Leaving safepoint region
[2022-02-07T17:21:38.093+0000][1799.119s][info ][safepoint     ] Total time for which application threads were stopped: 0.0002600 seconds, Stopping threads took: 0.0000664 seconds
[2022-02-07T17:21:39.093+0000][1800.119s][debug][safepoint     ] Safepoint synchronization initiated. (301 threads)
[2022-02-07T17:21:39.093+0000][1800.119s][info ][safepoint     ] Application time: 1.0001091 seconds
[2022-02-07T17:21:39.093+0000][1800.119s][info ][safepoint     ] Entering safepoint region: Cleanup
[2022-02-07T17:21:39.093+0000][1800.119s][info ][safepoint     ] Leaving safepoint region
[2022-02-07T17:21:39.093+0000][1800.119s][info ][safepoint     ] Total time for which application threads were stopped: 0.0003215 seconds, Stopping threads took: 0.0000688 seconds
[2022-02-07T17:21:40.093+0000][1801.119s][debug][safepoint     ] Safepoint synchronization initiated. (303 threads)
[2022-02-07T17:21:40.093+0000][1801.119s][info ][safepoint     ] Application time: 1.0001086 seconds
[2022-02-07T17:21:40.094+0000][1801.119s][info ][safepoint     ] Entering safepoint region: Cleanup
[2022-02-07T17:21:40.094+0000][1801.120s][info ][safepoint     ] Leaving safepoint region
[2022-02-07T17:21:40.094+0000][1801.120s][info ][safepoint     ] Total time for which application threads were stopped: 0.0003171 seconds, Stopping threads took: 0.0000774 seconds
[2022-02-07T17:21:41.094+0000][1802.120s][debug][safepoint     ] Safepoint synchronization initiated. (303 threads)
[2022-02-07T17:21:41.094+0000][1802.120s][info ][safepoint     ] Application time: 1.0001298 seconds
[2022-02-07T17:21:41.094+0000][1802.120s][info ][safepoint     ] Entering safepoint region: Cleanup
[2022-02-07T17:21:41.094+0000][1802.120s][info ][safepoint     ] Leaving safepoint region
[2022-02-07T17:21:41.094+0000][1802.120s][info ][safepoint     ] Total time for which application threads were stopped: 0.0003222 seconds, Stopping threads took: 0.0000882 seconds
[2022-02-07T17:21:42.094+0000][1803.120s][debug][safepoint     ] Safepoint synchronization initiated. (303 threads)
[2022-02-07T17:21:42.094+0000][1803.120s][info ][safepoint     ] Application time: 1.0001327 seconds
[2022-02-07T17:21:42.094+0000][1803.120s][debug][safepoint     ] ... found polling page return exception at pc = 0x00007f11b52fe536, stub =0x00007f11ac8beb80
[2022-02-07T17:21:42.095+0000][1803.120s][debug][safepoint     ] Waiting for 1 thread(s) to block
[2022-02-07T17:21:42.095+0000][1803.120s][info ][safepoint     ] Entering safepoint region: Cleanup
[2022-02-07T17:21:42.095+0000][1803.121s][info ][safepoint     ] Leaving safepoint region
[2022-02-07T17:21:42.095+0000][1803.121s][info ][safepoint     ] Total time for which application threads were stopped: 0.0003964 seconds, Stopping threads took: 0.0001200 seconds
[2022-02-07T17:21:43.095+0000][1804.121s][debug][safepoint     ] Safepoint synchronization initiated. (303 threads)
[2022-02-07T17:21:43.095+0000][1804.121s][info ][safepoint     ] Application time: 1.0001310 seconds
[2022-02-07T17:21:43.095+0000][1804.121s][info ][safepoint     ] Entering safepoint region: Cleanup
[2022-02-07T17:21:43.095+0000][1804.121s][info ][safepoint     ] Leaving safepoint region
[2022-02-07T17:21:43.095+0000][1804.121s][info ][safepoint     ] Total time for which application threads were stopped: 0.0003463 seconds, Stopping threads took: 0.0000802 seconds
[2022-02-07T17:21:44.095+0000][1805.121s][debug][safepoint     ] Safepoint synchronization initiated. (303 threads)
[2022-02-07T17:21:44.095+0000][1805.121s][info ][safepoint     ] Application time: 1.0001323 seconds
[2022-02-07T17:21:44.096+0000][1805.121s][info ][safepoint     ] Entering safepoint region: Cleanup
[2022-02-07T17:21:44.096+0000][1805.122s][info ][safepoint     ] Leaving safepoint region
[2022-02-07T17:21:44.096+0000][1805.122s][info ][safepoint     ] Total time for which application threads were stopped: 0.0003344 seconds, Stopping threads took: 0.0000693 seconds
[2022-02-07T17:21:45.096+0000][1806.122s][debug][safepoint     ] Safepoint synchronization initiated. (303 threads)
[2022-02-07T17:21:45.096+0000][1806.122s][info ][safepoint     ] Application time: 1.0001319 seconds
[2022-02-07T17:21:45.096+0000][1806.122s][info ][safepoint     ] Entering safepoint region: Cleanup
[2022-02-07T17:21:45.096+0000][1806.122s][info ][safepoint     ] Leaving safepoint region
[2022-02-07T17:21:45.096+0000][1806.122s][info ][safepoint     ] Total time for which application threads were stopped: 0.0003102 seconds, Stopping threads took: 0.0000745 seconds
[2022-02-07T17:21:45.441+0000][1806.467s][debug][safepoint     ] Safepoint synchronization initiated. (303 threads)
[2022-02-07T17:21:45.441+0000][1806.467s][info ][safepoint     ] Application time: 0.3446806 seconds
[2022-02-07T17:21:45.441+0000][1806.467s][info ][safepoint     ] Entering safepoint region: G1CollectForAllocation
[2022-02-07T17:21:45.441+0000][1806.467s][info ][gc,start      ] GC(156) Pause Young (Normal) (G1 Evacuation Pause)
[2022-02-07T17:21:45.441+0000][1806.467s][info ][gc,task       ] GC(156) Using 4 workers of 4 for evacuation
[2022-02-07T17:21:45.454+0000][1806.479s][info ][gc,phases     ] GC(156)   Pre Evacuate Collection Set: 0.0ms
[2022-02-07T17:21:45.454+0000][1806.479s][info ][gc,phases     ] GC(156)   Evacuate Collection Set: 7.8ms
[2022-02-07T17:21:45.454+0000][1806.479s][info ][gc,phases     ] GC(156)   Post Evacuate Collection Set: 4.2ms
[2022-02-07T17:21:45.454+0000][1806.479s][info ][gc,phases     ] GC(156)   Other: 0.3ms
[2022-02-07T17:21:45.454+0000][1806.480s][info ][gc,heap       ] GC(156) Eden regions: 237->0(236)
[2022-02-07T17:21:45.454+0000][1806.480s][info ][gc,heap       ] GC(156) Survivor regions: 1->1(30)
[2022-02-07T17:21:45.454+0000][1806.480s][info ][gc,heap       ] GC(156) Old regions: 148->148
[2022-02-07T17:21:45.454+0000][1806.480s][info ][gc,heap       ] GC(156) Humongous regions: 0->0
[2022-02-07T17:21:45.454+0000][1806.480s][info ][gc,metaspace  ] GC(156) Metaspace: 163050K->163050K(1204224K)
[2022-02-07T17:21:45.454+0000][1806.480s][info ][gc            ] GC(156) Pause Young (Normal) (G1 Evacuation Pause) 383M->146M(430M) 12.417ms
[2022-02-07T17:21:45.454+0000][1806.480s][info ][gc,cpu        ] GC(156) User=0.02s Sys=0.00s Real=0.01s
[2022-02-07T17:21:45.454+0000][1806.480s][info ][safepoint     ] Leaving safepoint region
[2022-02-07T17:21:45.454+0000][1806.480s][info ][safepoint     ] Total time for which application threads were stopped: 0.0128549 seconds, Stopping threads took: 0.0000686 seconds
[2022-02-07T17:21:45.454+0000][1806.480s][info ][gc,stringdedup] Concurrent String Deduplication (1806.480s)
[2022-02-07T17:21:45.454+0000][1806.480s][info ][gc,stringdedup] Concurrent String Deduplication 496.0B->0.0B(496.0B) avg 53.3% (1806.480s, 1806.480s) 0.023ms
[2022-02-07T17:21:46.454+0000][1807.480s][debug][safepoint     ] Safepoint synchronization initiated. (301 threads)
[2022-02-07T17:21:46.454+0000][1807.480s][info ][safepoint     ] Application time: 1.0001267 seconds
[2022-02-07T17:21:46.454+0000][1807.480s][info ][safepoint     ] Entering safepoint region: Cleanup
[2022-02-07T17:21:46.454+0000][1807.480s][info ][safepoint     ] Leaving safepoint region
[2022-02-07T17:21:46.454+0000][1807.480s][info ][safepoint     ] Total time for which application threads were stopped: 0.0003153 seconds, Stopping threads took: 0.0000717 seconds
[2022-02-07T17:21:47.454+0000][1808.480s][debug][safepoint     ] Safepoint synchronization initiated. (303 threads)
[2022-02-07T17:21:47.454+0000][1808.480s][info ][safepoint     ] Application time: 1.0001038 seconds
[2022-02-07T17:21:47.454+0000][1808.480s][info ][safepoint     ] Entering safepoint region: Cleanup
[2022-02-07T17:21:47.455+0000][1808.481s][info ][safepoint     ] Leaving safepoint region
[2022-02-07T17:21:47.455+0000][1808.481s][info ][safepoint     ] Total time for which application threads were stopped: 0.0002761 seconds, Stopping threads took: 0.0000768 seconds
[2022-02-07T17:21:48.455+0000][1809.481s][debug][safepoint     ] Safepoint synchronization initiated. (303 threads)
[2022-02-07T17:21:48.455+0000][1809.481s][info ][safepoint     ] Application time: 1.0001074 seconds
[2022-02-07T17:21:48.455+0000][1809.481s][info ][safepoint     ] Entering safepoint region: Cleanup
[2022-02-07T17:21:48.455+0000][1809.481s][info ][safepoint     ] Leaving safepoint region
[2022-02-07T17:21:48.455+0000][1809.481s][info ][safepoint     ] Total time for which application threads were stopped: 0.0002963 seconds, Stopping threads took: 0.0000689 seconds
[2022-02-07T17:21:49.455+0000][1810.481s][debug][safepoint     ] Safepoint synchronization initiated. (303 threads)
[2022-02-07T17:21:49.455+0000][1810.481s][info ][safepoint     ] Application time: 1.0001335 seconds
[2022-02-07T17:21:49.455+0000][1810.481s][info ][safepoint     ] Entering safepoint region: Cleanup
[2022-02-07T17:21:49.456+0000][1810.481s][info ][safepoint     ] Leaving safepoint region
[2022-02-07T17:21:49.456+0000][1810.481s][info ][safepoint     ] Total time for which application threads were stopped: 0.0003551 seconds, Stopping threads took: 0.0000843 seconds
[2022-02-07T17:21:50.456+0000][1811.482s][debug][safepoint     ] Safepoint synchronization initiated. (303 threads)
[2022-02-07T17:21:50.456+0000][1811.482s][info ][safepoint     ] Application time: 1.0001133 seconds
[2022-02-07T17:21:50.456+0000][1811.482s][info ][safepoint     ] Entering safepoint region: Cleanup
[2022-02-07T17:21:50.456+0000][1811.482s][info ][safepoint     ] Leaving safepoint region
[2022-02-07T17:21:50.456+0000][1811.482s][info ][safepoint     ] Total time for which application threads were stopped: 0.0004550 seconds, Stopping threads took: 0.0000708 seconds
[2022-02-07T17:21:51.456+0000][1812.482s][debug][safepoint     ] Safepoint synchronization initiated. (303 threads)
[2022-02-07T17:21:51.456+0000][1812.482s][info ][safepoint     ] Application time: 1.0001427 seconds
[2022-02-07T17:21:51.456+0000][1812.482s][info ][safepoint     ] Entering safepoint region: Cleanup
[2022-02-07T17:21:51.457+0000][1812.483s][info ][safepoint     ] Leaving safepoint region
[2022-02-07T17:21:51.457+0000][1812.483s][info ][safepoint     ] Total time for which application threads were stopped: 0.0003518 seconds, Stopping threads took: 0.0000673 seconds
[2022-02-07T17:21:52.457+0000][1813.483s][debug][safepoint     ] Safepoint synchronization initiated. (303 threads)
[2022-02-07T17:21:52.457+0000][1813.483s][info ][safepoint     ] Application time: 1.0001430 seconds
[2022-02-07T17:21:52.457+0000][1813.483s][info ][safepoint     ] Entering safepoint region: Cleanup
[2022-02-07T17:21:52.457+0000][1813.483s][info ][safepoint     ] Leaving safepoint region
[2022-02-07T17:21:52.457+0000][1813.483s][info ][safepoint     ] Total time for which application threads were stopped: 0.0004727 seconds, Stopping threads took: 0.0000733 seconds
[2022-02-07T17:21:53.457+0000][1814.483s][debug][safepoint     ] Safepoint synchronization initiated. (303 threads)
[2022-02-07T17:21:53.457+0000][1814.483s][info ][safepoint     ] Application time: 1.0001169 seconds
[2022-02-07T17:21:53.458+0000][1814.483s][info ][safepoint     ] Entering safepoint region: Cleanup
[2022-02-07T17:21:53.458+0000][1814.484s][info ][safepoint     ] Leaving safepoint region
[2022-02-07T17:21:53.458+0000][1814.484s][info ][safepoint     ] Total time for which application threads were stopped: 0.0004697 seconds, Stopping threads took: 0.0000764 seconds
[2022-02-07T17:21:54.458+0000][1815.484s][debug][safepoint     ] Safepoint synchronization initiated. (303 threads)
[2022-02-07T17:21:54.458+0000][1815.484s][info ][safepoint     ] Application time: 1.0001148 seconds
[2022-02-07T17:21:54.458+0000][1815.484s][info ][safepoint     ] Entering safepoint region: Cleanup
[2022-02-07T17:21:54.459+0000][1815.484s][info ][safepoint     ] Leaving safepoint region
[2022-02-07T17:21:54.459+0000][1815.484s][info ][safepoint     ] Total time for which application threads were stopped: 0.0004650 seconds, Stopping threads took: 0.0000738 seconds
[2022-02-07T17:21:55.459+0000][1816.485s][debug][safepoint     ] Safepoint synchronization initiated. (303 threads)
[2022-02-07T17:21:55.459+0000][1816.485s][info ][safepoint     ] Application time: 1.0001205 seconds
[2022-02-07T17:21:55.459+0000][1816.485s][info ][safepoint     ] Entering safepoint region: Cleanup
[2022-02-07T17:21:55.459+0000][1816.485s][info ][safepoint     ] Leaving safepoint region
[2022-02-07T17:21:55.459+0000][1816.485s][info ][safepoint     ] Total time for which application threads were stopped: 0.0004555 seconds, Stopping threads took: 0.0000707 seconds
[2022-02-07T17:21:56.459+0000][1817.485s][debug][safepoint     ] Safepoint synchronization initiated. (303 threads)
[2022-02-07T17:21:56.459+0000][1817.485s][info ][safepoint     ] Application time: 1.0001145 seconds
[2022-02-07T17:21:56.459+0000][1817.485s][info ][safepoint     ] Entering safepoint region: Cleanup
[2022-02-07T17:21:56.460+0000][1817.485s][info ][safepoint     ] Leaving safepoint region
[2022-02-07T17:21:56.460+0000][1817.485s][info ][safepoint     ] Total time for which application threads were stopped: 0.0003066 seconds, Stopping threads took: 0.0000714 seconds
[2022-02-07T17:21:57.460+0000][1818.486s][debug][safepoint     ] Safepoint synchronization initiated. (303 threads)
[2022-02-07T17:21:57.460+0000][1818.486s][info ][safepoint     ] Application time: 1.0001146 seconds
[2022-02-07T17:21:57.460+0000][1818.486s][info ][safepoint     ] Entering safepoint region: Cleanup
[2022-02-07T17:21:57.460+0000][1818.486s][info ][safepoint     ] Leaving safepoint region
[2022-02-07T17:21:57.460+0000][1818.486s][info ][safepoint     ] Total time for which application threads were stopped: 0.0004757 seconds, Stopping threads took: 0.0000792 seconds
[2022-02-07T17:21:58.460+0000][1819.486s][debug][safepoint     ] Safepoint synchronization initiated. (303 threads)
[2022-02-07T17:21:58.460+0000][1819.486s][info ][safepoint     ] Application time: 1.0001520 seconds
[2022-02-07T17:21:58.460+0000][1819.486s][info ][safepoint     ] Entering safepoint region: Cleanup
[2022-02-07T17:21:58.461+0000][1819.487s][info ][safepoint     ] Leaving safepoint region
[2022-02-07T17:21:58.461+0000][1819.487s][info ][safepoint     ] Total time for which application threads were stopped: 0.0004607 seconds, Stopping threads took: 0.0000723 seconds
[2022-02-07T17:21:59.461+0000][1820.487s][debug][safepoint     ] Safepoint synchronization initiated. (302 threads)
[2022-02-07T17:21:59.461+0000][1820.487s][info ][safepoint     ] Application time: 1.0001220 seconds
[2022-02-07T17:21:59.461+0000][1820.487s][info ][safepoint     ] Entering safepoint region: Cleanup
[2022-02-07T17:21:59.461+0000][1820.487s][info ][safepoint     ] Leaving safepoint region
[2022-02-07T17:21:59.461+0000][1820.487s][info ][safepoint     ] Total time for which application threads were stopped: 0.0004697 seconds, Stopping threads took: 0.0000754 seconds
[2022-02-07T17:22:00.462+0000][1821.487s][debug][safepoint     ] Safepoint synchronization initiated. (302 threads)
[2022-02-07T17:22:00.462+0000][1821.488s][info ][safepoint     ] Application time: 1.0001702 seconds
[2022-02-07T17:22:00.462+0000][1821.488s][info ][safepoint     ] Entering safepoint region: Cleanup
[2022-02-07T17:22:00.462+0000][1821.488s][info ][safepoint     ] Leaving safepoint region
[2022-02-07T17:22:00.462+0000][1821.488s][info ][safepoint     ] Total time for which application threads were stopped: 0.0006011 seconds, Stopping threads took: 0.0000893 seconds
[2022-02-07T17:22:01.462+0000][1822.488s][debug][safepoint     ] Safepoint synchronization initiated. (302 threads)
[2022-02-07T17:22:01.462+0000][1822.488s][info ][safepoint     ] Application time: 1.0001253 seconds
[2022-02-07T17:22:01.462+0000][1822.488s][info ][safepoint     ] Entering safepoint region: Cleanup
[2022-02-07T17:22:01.463+0000][1822.489s][info ][safepoint     ] Leaving safepoint region
[2022-02-07T17:22:01.463+0000][1822.489s][info ][safepoint     ] Total time for which application threads were stopped: 0.0004550 seconds, Stopping threads took: 0.0000725 seconds
[2022-02-07T17:22:01.752+0000][1822.777s][debug][safepoint     ] Safepoint synchronization initiated. (302 threads)
[2022-02-07T17:22:01.752+0000][1822.777s][info ][safepoint     ] Application time: 0.2886654 seconds
[2022-02-07T17:22:01.752+0000][1822.777s][info ][safepoint     ] Entering safepoint region: G1CollectForAllocation
[2022-02-07T17:22:01.752+0000][1822.778s][info ][gc,start      ] GC(157) Pause Young (Normal) (G1 Evacuation Pause)
[2022-02-07T17:22:01.752+0000][1822.778s][info ][gc,task       ] GC(157) Using 4 workers of 4 for evacuation
[2022-02-07T17:22:01.778+0000][1822.804s][info ][gc,phases     ] GC(157)   Pre Evacuate Collection Set: 0.0ms
[2022-02-07T17:22:01.778+0000][1822.804s][info ][gc,phases     ] GC(157)   Evacuate Collection Set: 14.9ms
[2022-02-07T17:22:01.778+0000][1822.804s][info ][gc,phases     ] GC(157)   Post Evacuate Collection Set: 10.9ms
[2022-02-07T17:22:01.778+0000][1822.804s][info ][gc,phases     ] GC(157)   Other: 0.3ms
[2022-02-07T17:22:01.778+0000][1822.804s][info ][gc,heap       ] GC(157) Eden regions: 236->0(235)
[2022-02-07T17:22:01.778+0000][1822.804s][info ][gc,heap       ] GC(157) Survivor regions: 1->2(30)
[2022-02-07T17:22:01.778+0000][1822.804s][info ][gc,heap       ] GC(157) Old regions: 148->148
[2022-02-07T17:22:01.778+0000][1822.804s][info ][gc,heap       ] GC(157) Humongous regions: 0->0
[2022-02-07T17:22:01.778+0000][1822.804s][info ][gc,metaspace  ] GC(157) Metaspace: 163061K->163061K(1204224K)
[2022-02-07T17:22:01.778+0000][1822.804s][info ][gc            ] GC(157) Pause Young (Normal) (G1 Evacuation Pause) 382M->147M(430M) 26.214ms
[2022-02-07T17:22:01.778+0000][1822.804s][info ][gc,cpu        ] GC(157) User=0.02s Sys=0.00s Real=0.02s
[2022-02-07T17:22:01.778+0000][1822.804s][info ][safepoint     ] Leaving safepoint region
[2022-02-07T17:22:01.778+0000][1822.804s][info ][safepoint     ] Total time for which application threads were stopped: 0.0267901 seconds, Stopping threads took: 0.0000704 seconds
[2022-02-07T17:22:01.778+0000][1822.804s][info ][gc,stringdedup] Concurrent String Deduplication (1822.804s)
[2022-02-07T17:22:01.778+0000][1822.804s][info ][gc,stringdedup] Concurrent String Deduplication 5232.0B->312.0B(4920.0B) avg 53.4% (1822.804s, 1822.804s) 0.069ms
[2022-02-07T17:22:02.778+0000][1823.804s][debug][safepoint     ] Safepoint synchronization initiated. (302 threads)
[2022-02-07T17:22:02.779+0000][1823.804s][info ][safepoint     ] Application time: 1.0001900 seconds
[2022-02-07T17:22:02.779+0000][1823.804s][info ][safepoint     ] Entering safepoint region: Cleanup
[2022-02-07T17:22:02.779+0000][1823.805s][info ][safepoint     ] Leaving safepoint region
[2022-02-07T17:22:02.779+0000][1823.805s][info ][safepoint     ] Total time for which application threads were stopped: 0.0004850 seconds, Stopping threads took: 0.0000855 seconds
[2022-02-07T17:22:03.779+0000][1824.805s][debug][safepoint     ] Safepoint synchronization initiated. (302 threads)
[2022-02-07T17:22:03.779+0000][1824.805s][info ][safepoint     ] Application time: 1.0001155 seconds
[2022-02-07T17:22:03.779+0000][1824.805s][info ][safepoint     ] Entering safepoint region: Cleanup
[2022-02-07T17:22:03.780+0000][1824.805s][info ][safepoint     ] Leaving safepoint region
[2022-02-07T17:22:03.780+0000][1824.805s][info ][safepoint     ] Total time for which application threads were stopped: 0.0004613 seconds, Stopping threads took: 0.0000824 seconds
[2022-02-07T17:22:04.780+0000][1825.806s][debug][safepoint     ] Safepoint synchronization initiated. (302 threads)
[2022-02-07T17:22:04.780+0000][1825.806s][info ][safepoint     ] Application time: 1.0001128 seconds
[2022-02-07T17:22:04.780+0000][1825.806s][debug][safepoint     ] ... found polling page return exception at pc = 0x00007f11b45aa6f4, stub =0x00007f11ac8beb80
[2022-02-07T17:22:04.780+0000][1825.806s][debug][safepoint     ] Waiting for 1 thread(s) to block
[2022-02-07T17:22:04.780+0000][1825.806s][info ][safepoint     ] Entering safepoint region: Cleanup
[2022-02-07T17:22:04.780+0000][1825.806s][info ][safepoint     ] Leaving safepoint region
[2022-02-07T17:22:04.780+0000][1825.806s][info ][safepoint     ] Total time for which application threads were stopped: 0.0003431 seconds, Stopping threads took: 0.0001040 seconds
[2022-02-07T17:22:05.780+0000][1826.806s][debug][safepoint     ] Safepoint synchronization initiated. (300 threads)
[2022-02-07T17:22:05.780+0000][1826.806s][info ][safepoint     ] Application time: 1.0001142 seconds
[2022-02-07T17:22:05.780+0000][1826.806s][info ][safepoint     ] Entering safepoint region: Cleanup
[2022-02-07T17:22:05.781+0000][1826.806s][info ][safepoint     ] Leaving safepoint region
[2022-02-07T17:22:05.781+0000][1826.806s][info ][safepoint     ] Total time for which application threads were stopped: 0.0003110 seconds, Stopping threads took: 0.0000686 seconds
[2022-02-07T17:22:06.781+0000][1827.807s][debug][safepoint     ] Safepoint synchronization initiated. (300 threads)
[2022-02-07T17:22:06.781+0000][1827.807s][info ][safepoint     ] Application time: 1.0001320 seconds
[2022-02-07T17:22:06.781+0000][1827.807s][info ][safepoint     ] Entering safepoint region: Cleanup
[2022-02-07T17:22:06.781+0000][1827.807s][info ][safepoint     ] Leaving safepoint region
[2022-02-07T17:22:06.781+0000][1827.807s][info ][safepoint     ] Total time for which application threads were stopped: 0.0003199 seconds, Stopping threads took: 0.0000730 seconds
[2022-02-07T17:22:07.781+0000][1828.807s][debug][safepoint     ] Safepoint synchronization initiated. (300 threads)
[2022-02-07T17:22:07.781+0000][1828.807s][info ][safepoint     ] Application time: 1.0001382 seconds
[2022-02-07T17:22:07.781+0000][1828.807s][info ][safepoint     ] Entering safepoint region: Cleanup
[2022-02-07T17:22:07.782+0000][1828.807s][info ][safepoint     ] Leaving safepoint region
[2022-02-07T17:22:07.782+0000][1828.807s][info ][safepoint     ] Total time for which application threads were stopped: 0.0003430 seconds, Stopping threads took: 0.0000789 seconds
[2022-02-07T17:22:08.782+0000][1829.807s][debug][safepoint     ] Safepoint synchronization initiated. (300 threads)
[2022-02-07T17:22:08.782+0000][1829.808s][info ][safepoint     ] Application time: 1.0001314 seconds
[2022-02-07T17:22:08.782+0000][1829.808s][info ][safepoint     ] Entering safepoint region: Cleanup
[2022-02-07T17:22:08.782+0000][1829.808s][info ][safepoint     ] Leaving safepoint region
[2022-02-07T17:22:08.782+0000][1829.808s][info ][safepoint     ] Total time for which application threads were stopped: 0.0003548 seconds, Stopping threads took: 0.0000854 seconds
[2022-02-07T17:22:09.782+0000][1830.808s][debug][safepoint     ] Safepoint synchronization initiated. (300 threads)
[2022-02-07T17:22:09.782+0000][1830.808s][info ][safepoint     ] Application time: 1.0001222 seconds
[2022-02-07T17:22:09.782+0000][1830.808s][info ][safepoint     ] Entering safepoint region: Cleanup
[2022-02-07T17:22:09.782+0000][1830.808s][info ][safepoint     ] Leaving safepoint region
[2022-02-07T17:22:09.783+0000][1830.808s][info ][safepoint     ] Total time for which application threads were stopped: 0.0003351 seconds, Stopping threads took: 0.0000692 seconds
[2022-02-07T17:22:10.783+0000][1831.808s][debug][safepoint     ] Safepoint synchronization initiated. (300 threads)
[2022-02-07T17:22:10.783+0000][1831.808s][info ][safepoint     ] Application time: 1.0001184 seconds
[2022-02-07T17:22:10.783+0000][1831.809s][info ][safepoint     ] Entering safepoint region: Cleanup
[2022-02-07T17:22:10.783+0000][1831.809s][info ][safepoint     ] Leaving safepoint region
[2022-02-07T17:22:10.783+0000][1831.809s][info ][safepoint     ] Total time for which application threads were stopped: 0.0004652 seconds, Stopping threads took: 0.0000873 seconds
[2022-02-07T17:22:11.783+0000][1832.809s][debug][safepoint     ] Safepoint synchronization initiated. (300 threads)
[2022-02-07T17:22:11.783+0000][1832.809s][info ][safepoint     ] Application time: 1.0001412 seconds
[2022-02-07T17:22:11.783+0000][1832.809s][info ][safepoint     ] Entering safepoint region: Cleanup
[2022-02-07T17:22:11.784+0000][1832.810s][info ][safepoint     ] Leaving safepoint region
[2022-02-07T17:22:11.784+0000][1832.810s][info ][safepoint     ] Total time for which application threads were stopped: 0.0004694 seconds, Stopping threads took: 0.0000721 seconds
[2022-02-07T17:22:12.784+0000][1833.810s][debug][safepoint     ] Safepoint synchronization initiated. (300 threads)
[2022-02-07T17:22:12.784+0000][1833.810s][info ][safepoint     ] Application time: 1.0001185 seconds
[2022-02-07T17:22:12.784+0000][1833.810s][info ][safepoint     ] Entering safepoint region: Cleanup
[2022-02-07T17:22:12.784+0000][1833.810s][info ][safepoint     ] Leaving safepoint region
[2022-02-07T17:22:12.784+0000][1833.810s][info ][safepoint     ] Total time for which application threads were stopped: 0.0004510 seconds, Stopping threads took: 0.0000710 seconds
[2022-02-07T17:22:13.784+0000][1834.810s][debug][safepoint     ] Safepoint synchronization initiated. (300 threads)
[2022-02-07T17:22:13.784+0000][1834.810s][info ][safepoint     ] Application time: 1.0001152 seconds
[2022-02-07T17:22:13.785+0000][1834.810s][info ][safepoint     ] Entering safepoint region: Cleanup
[2022-02-07T17:22:13.785+0000][1834.811s][info ][safepoint     ] Leaving safepoint region
[2022-02-07T17:22:13.785+0000][1834.811s][info ][safepoint     ] Total time for which application threads were stopped: 0.0004481 seconds, Stopping threads took: 0.0000689 seconds
[2022-02-07T17:22:13.785+0000][1834.811s][debug][safepoint     ] ... found polling page return exception at pc = 0x00007f11b4fc1a06, stub =0x00007f11ac8beb80
[2022-02-07T17:22:14.785+0000][1835.811s][debug][safepoint     ] Safepoint synchronization initiated. (300 threads)
[2022-02-07T17:22:14.785+0000][1835.811s][info ][safepoint     ] Application time: 1.0001222 seconds
[2022-02-07T17:22:14.785+0000][1835.811s][info ][safepoint     ] Entering safepoint region: Cleanup
[2022-02-07T17:22:14.785+0000][1835.811s][info ][safepoint     ] Leaving safepoint region
[2022-02-07T17:22:14.785+0000][1835.811s][info ][safepoint     ] Total time for which application threads were stopped: 0.0003089 seconds, Stopping threads took: 0.0000705 seconds
[2022-02-07T17:22:15.785+0000][1836.811s][debug][safepoint     ] Safepoint synchronization initiated. (300 threads)
[2022-02-07T17:22:15.785+0000][1836.811s][info ][safepoint     ] Application time: 1.0001160 seconds
[2022-02-07T17:22:15.786+0000][1836.811s][debug][safepoint     ] ... found polling page return exception at pc = 0x00007f11b4bd1972, stub =0x00007f11ac8beb80
[2022-02-07T17:22:15.786+0000][1836.811s][debug][safepoint     ] Waiting for 1 thread(s) to block
[2022-02-07T17:22:15.786+0000][1836.811s][info ][safepoint     ] Entering safepoint region: Cleanup
[2022-02-07T17:22:15.786+0000][1836.812s][info ][safepoint     ] Leaving safepoint region
[2022-02-07T17:22:15.786+0000][1836.812s][info ][safepoint     ] Total time for which application threads were stopped: 0.0003355 seconds, Stopping threads took: 0.0001045 seconds
[2022-02-07T17:22:16.659+0000][1837.684s][debug][safepoint     ] Safepoint synchronization initiated. (300 threads)
[2022-02-07T17:22:16.659+0000][1837.685s][info ][safepoint     ] Application time: 0.8728352 seconds
[2022-02-07T17:22:16.659+0000][1837.685s][info ][safepoint     ] Entering safepoint region: G1CollectForAllocation
[2022-02-07T17:22:16.659+0000][1837.685s][info ][gc,start      ] GC(158) Pause Young (Normal) (G1 Evacuation Pause)
[2022-02-07T17:22:16.659+0000][1837.685s][info ][gc,task       ] GC(158) Using 4 workers of 4 for evacuation
[2022-02-07T17:22:16.667+0000][1837.693s][info ][gc,phases     ] GC(158)   Pre Evacuate Collection Set: 0.0ms
[2022-02-07T17:22:16.667+0000][1837.693s][info ][gc,phases     ] GC(158)   Evacuate Collection Set: 3.9ms
[2022-02-07T17:22:16.667+0000][1837.693s][info ][gc,phases     ] GC(158)   Post Evacuate Collection Set: 4.1ms
[2022-02-07T17:22:16.667+0000][1837.693s][info ][gc,phases     ] GC(158)   Other: 0.3ms
[2022-02-07T17:22:16.667+0000][1837.693s][info ][gc,heap       ] GC(158) Eden regions: 235->0(235)
[2022-02-07T17:22:16.667+0000][1837.693s][info ][gc,heap       ] GC(158) Survivor regions: 2->2(30)
[2022-02-07T17:22:16.667+0000][1837.693s][info ][gc,heap       ] GC(158) Old regions: 148->148
[2022-02-07T17:22:16.667+0000][1837.693s][info ][gc,heap       ] GC(158) Humongous regions: 0->0
[2022-02-07T17:22:16.667+0000][1837.693s][info ][gc,metaspace  ] GC(158) Metaspace: 163061K->163061K(1204224K)
[2022-02-07T17:22:16.667+0000][1837.693s][info ][gc            ] GC(158) Pause Young (Normal) (G1 Evacuation Pause) 382M->147M(430M) 8.401ms
[2022-02-07T17:22:16.667+0000][1837.693s][info ][gc,cpu        ] GC(158) User=0.01s Sys=0.00s Real=0.02s
[2022-02-07T17:22:16.667+0000][1837.693s][info ][safepoint     ] Leaving safepoint region
[2022-02-07T17:22:16.667+0000][1837.693s][info ][safepoint     ] Total time for which application threads were stopped: 0.0088164 seconds, Stopping threads took: 0.0000685 seconds
[2022-02-07T17:22:16.668+0000][1837.693s][info ][gc,stringdedup] Concurrent String Deduplication (1837.693s)
[2022-02-07T17:22:16.668+0000][1837.693s][info ][gc,stringdedup] Concurrent String Deduplication 10600.0B->56.0B(10544.0B) avg 53.4% (1837.693s, 1837.693s) 0.082ms
[2022-02-07T17:22:17.668+0000][1838.693s][debug][safepoint     ] Safepoint synchronization initiated. (300 threads)
[2022-02-07T17:22:17.668+0000][1838.694s][info ][safepoint     ] Application time: 1.0001390 seconds
[2022-02-07T17:22:17.668+0000][1838.694s][info ][safepoint     ] Entering safepoint region: Cleanup
[2022-02-07T17:22:17.668+0000][1838.694s][info ][safepoint     ] Leaving safepoint region
[2022-02-07T17:22:17.668+0000][1838.694s][info ][safepoint     ] Total time for which application threads were stopped: 0.0004418 seconds, Stopping threads took: 0.0000709 seconds
[2022-02-07T17:22:18.668+0000][1839.694s][debug][safepoint     ] Safepoint synchronization initiated. (300 threads)
[2022-02-07T17:22:18.668+0000][1839.694s][info ][safepoint     ] Application time: 1.0001143 seconds
[2022-02-07T17:22:18.668+0000][1839.694s][info ][safepoint     ] Entering safepoint region: Cleanup
[2022-02-07T17:22:18.669+0000][1839.695s][info ][safepoint     ] Leaving safepoint region
[2022-02-07T17:22:18.669+0000][1839.695s][info ][safepoint     ] Total time for which application threads were stopped: 0.0004631 seconds, Stopping threads took: 0.0000716 seconds
[2022-02-07T17:22:19.669+0000][1840.695s][debug][safepoint     ] Safepoint synchronization initiated. (300 threads)
[2022-02-07T17:22:19.669+0000][1840.695s][info ][safepoint     ] Application time: 1.0001236 seconds
[2022-02-07T17:22:19.669+0000][1840.695s][info ][safepoint     ] Entering safepoint region: Cleanup
[2022-02-07T17:22:19.669+0000][1840.695s][info ][safepoint     ] Leaving safepoint region
[2022-02-07T17:22:19.669+0000][1840.695s][info ][safepoint     ] Total time for which application threads were stopped: 0.0004420 seconds, Stopping threads took: 0.0000686 seconds
[2022-02-07T17:22:20.669+0000][1841.695s][debug][safepoint     ] Safepoint synchronization initiated. (300 threads)
[2022-02-07T17:22:20.669+0000][1841.695s][info ][safepoint     ] Application time: 1.0001207 seconds
[2022-02-07T17:22:20.669+0000][1841.695s][info ][safepoint     ] Entering safepoint region: Cleanup
[2022-02-07T17:22:20.670+0000][1841.696s][info ][safepoint     ] Leaving safepoint region
[2022-02-07T17:22:20.670+0000][1841.696s][info ][safepoint     ] Total time for which application threads were stopped: 0.0004407 seconds, Stopping threads took: 0.0000693 seconds
[2022-02-07T17:22:21.670+0000][1842.696s][debug][safepoint     ] Safepoint synchronization initiated. (300 threads)
[2022-02-07T17:22:21.670+0000][1842.696s][info ][safepoint     ] Application time: 1.0001117 seconds
[2022-02-07T17:22:21.670+0000][1842.696s][info ][safepoint     ] Entering safepoint region: Cleanup
[2022-02-07T17:22:21.670+0000][1842.696s][info ][safepoint     ] Leaving safepoint region
[2022-02-07T17:22:21.670+0000][1842.696s][info ][safepoint     ] Total time for which application threads were stopped: 0.0004451 seconds, Stopping threads took: 0.0000705 seconds
[2022-02-07T17:22:22.671+0000][1843.696s][debug][safepoint     ] Safepoint synchronization initiated. (300 threads)
[2022-02-07T17:22:22.671+0000][1843.696s][info ][safepoint     ] Application time: 1.0001198 seconds
[2022-02-07T17:22:22.671+0000][1843.696s][info ][safepoint     ] Entering safepoint region: Cleanup
[2022-02-07T17:22:22.671+0000][1843.697s][info ][safepoint     ] Leaving safepoint region
[2022-02-07T17:22:22.671+0000][1843.697s][info ][safepoint     ] Total time for which application threads were stopped: 0.0004732 seconds, Stopping threads took: 0.0000759 seconds
[2022-02-07T17:22:23.671+0000][1844.697s][debug][safepoint     ] Safepoint synchronization initiated. (300 threads)
[2022-02-07T17:22:23.671+0000][1844.697s][info ][safepoint     ] Application time: 1.0001244 seconds
[2022-02-07T17:22:23.671+0000][1844.697s][info ][safepoint     ] Entering safepoint region: Cleanup
[2022-02-07T17:22:23.672+0000][1844.697s][info ][safepoint     ] Leaving safepoint region
[2022-02-07T17:22:23.672+0000][1844.697s][info ][safepoint     ] Total time for which application threads were stopped: 0.0003378 seconds, Stopping threads took: 0.0000857 seconds
[2022-02-07T17:22:24.672+0000][1845.697s][debug][safepoint     ] Safepoint synchronization initiated. (300 threads)
[2022-02-07T17:22:24.672+0000][1845.698s][info ][safepoint     ] Application time: 1.0001297 seconds
[2022-02-07T17:22:24.672+0000][1845.698s][debug][safepoint     ] ... found polling page return exception at pc = 0x00007f11b4393520, stub =0x00007f11ac8beb80
[2022-02-07T17:22:24.672+0000][1845.698s][debug][safepoint     ] Waiting for 1 thread(s) to block
[2022-02-07T17:22:24.672+0000][1845.698s][info ][safepoint     ] Entering safepoint region: Cleanup
[2022-02-07T17:22:24.672+0000][1845.698s][info ][safepoint     ] Leaving safepoint region
[2022-02-07T17:22:24.672+0000][1845.698s][info ][safepoint     ] Total time for which application threads were stopped: 0.0004177 seconds, Stopping threads took: 0.0001836 seconds
[2022-02-07T17:22:25.672+0000][1846.698s][debug][safepoint     ] Safepoint synchronization initiated. (300 threads)
[2022-02-07T17:22:25.672+0000][1846.698s][info ][safepoint     ] Application time: 1.0001613 seconds
[2022-02-07T17:22:25.672+0000][1846.698s][info ][safepoint     ] Entering safepoint region: Cleanup
[2022-02-07T17:22:25.673+0000][1846.698s][info ][safepoint     ] Leaving safepoint region
[2022-02-07T17:22:25.673+0000][1846.698s][info ][safepoint     ] Total time for which application threads were stopped: 0.0002871 seconds, Stopping threads took: 0.0000718 seconds
[2022-02-07T17:22:25.673+0000][1846.698s][debug][safepoint     ] ... found polling page return exception at pc = 0x00007f11b4fc1a06, stub =0x00007f11ac8beb80
[2022-02-07T17:22:26.673+0000][1847.699s][debug][safepoint     ] Safepoint synchronization initiated. (300 threads)
[2022-02-07T17:22:26.673+0000][1847.699s][info ][safepoint     ] Application time: 1.0001188 seconds
[2022-02-07T17:22:26.673+0000][1847.699s][info ][safepoint     ] Entering safepoint region: Cleanup
[2022-02-07T17:22:26.673+0000][1847.699s][info ][safepoint     ] Leaving safepoint region
[2022-02-07T17:22:26.673+0000][1847.699s][info ][safepoint     ] Total time for which application threads were stopped: 0.0002663 seconds, Stopping threads took: 0.0000691 seconds
[2022-02-07T17:22:27.673+0000][1848.699s][debug][safepoint     ] Safepoint synchronization initiated. (300 threads)
[2022-02-07T17:22:27.673+0000][1848.699s][info ][safepoint     ] Application time: 1.0001421 seconds
[2022-02-07T17:22:27.673+0000][1848.699s][info ][safepoint     ] Entering safepoint region: Cleanup
[2022-02-07T17:22:27.673+0000][1848.699s][info ][safepoint     ] Leaving safepoint region
[2022-02-07T17:22:27.673+0000][1848.699s][info ][safepoint     ] Total time for which application threads were stopped: 0.0003018 seconds, Stopping threads took: 0.0000710 seconds
[2022-02-07T17:22:28.674+0000][1849.699s][debug][safepoint     ] Safepoint synchronization initiated. (300 threads)
[2022-02-07T17:22:28.674+0000][1849.699s][info ][safepoint     ] Application time: 1.0001113 seconds
[2022-02-07T17:22:28.674+0000][1849.699s][info ][safepoint     ] Entering safepoint region: Cleanup
[2022-02-07T17:22:28.674+0000][1849.700s][info ][safepoint     ] Leaving safepoint region
[2022-02-07T17:22:28.674+0000][1849.700s][info ][safepoint     ] Total time for which application threads were stopped: 0.0004497 seconds, Stopping threads took: 0.0000677 seconds
[2022-02-07T17:22:29.674+0000][1850.700s][debug][safepoint     ] Safepoint synchronization initiated. (300 threads)
[2022-02-07T17:22:29.674+0000][1850.700s][info ][safepoint     ] Application time: 1.0001231 seconds
[2022-02-07T17:22:29.674+0000][1850.700s][info ][safepoint     ] Entering safepoint region: Cleanup
[2022-02-07T17:22:29.675+0000][1850.700s][info ][safepoint     ] Leaving safepoint region
[2022-02-07T17:22:29.675+0000][1850.700s][info ][safepoint     ] Total time for which application threads were stopped: 0.0004470 seconds, Stopping threads took: 0.0000713 seconds
[2022-02-07T17:22:30.675+0000][1851.701s][debug][safepoint     ] Safepoint synchronization initiated. (300 threads)
[2022-02-07T17:22:30.675+0000][1851.701s][info ][safepoint     ] Application time: 1.0001143 seconds
[2022-02-07T17:22:30.675+0000][1851.701s][info ][safepoint     ] Entering safepoint region: Cleanup
[2022-02-07T17:22:30.675+0000][1851.701s][info ][safepoint     ] Leaving safepoint region
[2022-02-07T17:22:30.675+0000][1851.701s][info ][safepoint     ] Total time for which application threads were stopped: 0.0004451 seconds, Stopping threads took: 0.0000703 seconds
[2022-02-07T17:22:31.675+0000][1852.701s][debug][safepoint     ] Safepoint synchronization initiated. (300 threads)
[2022-02-07T17:22:31.675+0000][1852.701s][info ][safepoint     ] Application time: 1.0000855 seconds
[2022-02-07T17:22:31.675+0000][1852.701s][info ][safepoint     ] Entering safepoint region: Cleanup
[2022-02-07T17:22:31.676+0000][1852.702s][info ][safepoint     ] Leaving safepoint region
[2022-02-07T17:22:31.676+0000][1852.702s][info ][safepoint     ] Total time for which application threads were stopped: 0.0004490 seconds, Stopping threads took: 0.0000723 seconds
[2022-02-07T17:22:32.022+0000][1853.048s][debug][safepoint     ] Safepoint synchronization initiated. (300 threads)
[2022-02-07T17:22:32.022+0000][1853.048s][info ][safepoint     ] Application time: 0.3460848 seconds
[2022-02-07T17:22:32.022+0000][1853.048s][debug][safepoint     ] Waiting for 1 thread(s) to block
[2022-02-07T17:22:32.022+0000][1853.048s][info ][safepoint     ] Entering safepoint region: G1CollectForAllocation
[2022-02-07T17:22:32.022+0000][1853.048s][info ][gc,start      ] GC(159) Pause Young (Normal) (G1 Evacuation Pause)
[2022-02-07T17:22:32.022+0000][1853.048s][info ][gc,task       ] GC(159) Using 4 workers of 4 for evacuation
[2022-02-07T17:22:32.049+0000][1853.075s][info ][gc,phases     ] GC(159)   Pre Evacuate Collection Set: 0.0ms
[2022-02-07T17:22:32.049+0000][1853.075s][info ][gc,phases     ] GC(159)   Evacuate Collection Set: 18.8ms
[2022-02-07T17:22:32.049+0000][1853.075s][info ][gc,phases     ] GC(159)   Post Evacuate Collection Set: 7.7ms
[2022-02-07T17:22:32.049+0000][1853.075s][info ][gc,phases     ] GC(159)   Other: 0.2ms
[2022-02-07T17:22:32.049+0000][1853.075s][info ][gc,heap       ] GC(159) Eden regions: 235->0(235)
[2022-02-07T17:22:32.049+0000][1853.075s][info ][gc,heap       ] GC(159) Survivor regions: 2->2(30)
[2022-02-07T17:22:32.049+0000][1853.075s][info ][gc,heap       ] GC(159) Old regions: 148->148
[2022-02-07T17:22:32.049+0000][1853.075s][info ][gc,heap       ] GC(159) Humongous regions: 0->0
[2022-02-07T17:22:32.049+0000][1853.075s][info ][gc,metaspace  ] GC(159) Metaspace: 163064K->163064K(1204224K)
[2022-02-07T17:22:32.049+0000][1853.075s][info ][gc            ] GC(159) Pause Young (Normal) (G1 Evacuation Pause) 382M->147M(430M) 26.876ms
[2022-02-07T17:22:32.049+0000][1853.075s][info ][gc,cpu        ] GC(159) User=0.02s Sys=0.00s Real=0.03s
[2022-02-07T17:22:32.049+0000][1853.075s][info ][safepoint     ] Leaving safepoint region
[2022-02-07T17:22:32.049+0000][1853.075s][info ][safepoint     ] Total time for which application threads were stopped: 0.0274474 seconds, Stopping threads took: 0.0000862 seconds
[2022-02-07T17:22:32.050+0000][1853.076s][info ][gc,stringdedup] Concurrent String Deduplication (1853.076s)
[2022-02-07T17:22:32.050+0000][1853.076s][info ][gc,stringdedup] Concurrent String Deduplication 35632.0B->0.0B(35632.0B) avg 53.5% (1853.076s, 1853.076s) 0.215ms
[2022-02-07T17:22:33.050+0000][1854.076s][debug][safepoint     ] Safepoint synchronization initiated. (300 threads)
[2022-02-07T17:22:33.050+0000][1854.076s][info ][safepoint     ] Application time: 1.0006309 seconds
[2022-02-07T17:22:33.050+0000][1854.076s][info ][safepoint     ] Entering safepoint region: Cleanup
[2022-02-07T17:22:33.050+0000][1854.076s][info ][safepoint     ] Leaving safepoint region
[2022-02-07T17:22:33.050+0000][1854.076s][info ][safepoint     ] Total time for which application threads were stopped: 0.0004878 seconds, Stopping threads took: 0.0000760 seconds
[2022-02-07T17:22:34.050+0000][1855.076s][debug][safepoint     ] Safepoint synchronization initiated. (300 threads)
[2022-02-07T17:22:34.051+0000][1855.076s][info ][safepoint     ] Application time: 1.0001186 seconds
[2022-02-07T17:22:34.051+0000][1855.076s][info ][safepoint     ] Entering safepoint region: Cleanup
[2022-02-07T17:22:34.051+0000][1855.077s][info ][safepoint     ] Leaving safepoint region
[2022-02-07T17:22:34.051+0000][1855.077s][info ][safepoint     ] Total time for which application threads were stopped: 0.0004358 seconds, Stopping threads took: 0.0000707 seconds
[2022-02-07T17:22:35.051+0000][1856.077s][debug][safepoint     ] Safepoint synchronization initiated. (300 threads)
[2022-02-07T17:22:35.051+0000][1856.077s][info ][safepoint     ] Application time: 1.0001321 seconds
[2022-02-07T17:22:35.051+0000][1856.077s][info ][safepoint     ] Entering safepoint region: Cleanup
[2022-02-07T17:22:35.052+0000][1856.077s][info ][safepoint     ] Leaving safepoint region
[2022-02-07T17:22:35.052+0000][1856.077s][info ][safepoint     ] Total time for which application threads were stopped: 0.0004656 seconds, Stopping threads took: 0.0000826 seconds
[2022-02-07T17:22:36.052+0000][1857.078s][debug][safepoint     ] Safepoint synchronization initiated. (300 threads)
[2022-02-07T17:22:36.052+0000][1857.078s][info ][safepoint     ] Application time: 1.0001264 seconds
[2022-02-07T17:22:36.052+0000][1857.078s][info ][safepoint     ] Entering safepoint region: Cleanup
[2022-02-07T17:22:36.052+0000][1857.078s][info ][safepoint     ] Leaving safepoint region
[2022-02-07T17:22:36.052+0000][1857.078s][info ][safepoint     ] Total time for which application threads were stopped: 0.0004403 seconds, Stopping threads took: 0.0000701 seconds
[2022-02-07T17:22:37.052+0000][1858.078s][debug][safepoint     ] Safepoint synchronization initiated. (300 threads)
[2022-02-07T17:22:37.052+0000][1858.078s][info ][safepoint     ] Application time: 1.0001194 seconds
[2022-02-07T17:22:37.052+0000][1858.078s][info ][safepoint     ] Entering safepoint region: Cleanup
[2022-02-07T17:22:37.053+0000][1858.079s][info ][safepoint     ] Leaving safepoint region
[2022-02-07T17:22:37.053+0000][1858.079s][info ][safepoint     ] Total time for which application threads were stopped: 0.0004469 seconds, Stopping threads took: 0.0000718 seconds
[2022-02-07T17:22:38.053+0000][1859.079s][debug][safepoint     ] Safepoint synchronization initiated. (300 threads)
[2022-02-07T17:22:38.053+0000][1859.079s][info ][safepoint     ] Application time: 1.0001358 seconds
[2022-02-07T17:22:38.053+0000][1859.079s][info ][safepoint     ] Entering safepoint region: Cleanup
[2022-02-07T17:22:38.053+0000][1859.079s][info ][safepoint     ] Leaving safepoint region
[2022-02-07T17:22:38.053+0000][1859.079s][info ][safepoint     ] Total time for which application threads were stopped: 0.0004582 seconds, Stopping threads took: 0.0000684 seconds
[2022-02-07T17:22:39.053+0000][1860.079s][debug][safepoint     ] Safepoint synchronization initiated. (300 threads)
[2022-02-07T17:22:39.054+0000][1860.079s][info ][safepoint     ] Application time: 1.0001522 seconds
[2022-02-07T17:22:39.054+0000][1860.079s][info ][safepoint     ] Entering safepoint region: Cleanup
[2022-02-07T17:22:39.054+0000][1860.080s][info ][safepoint     ] Leaving safepoint region
[2022-02-07T17:22:39.054+0000][1860.080s][info ][safepoint     ] Total time for which application threads were stopped: 0.0003256 seconds, Stopping threads took: 0.0000704 seconds
[2022-02-07T17:22:40.054+0000][1861.080s][debug][safepoint     ] Safepoint synchronization initiated. (300 threads)
[2022-02-07T17:22:40.054+0000][1861.080s][info ][safepoint     ] Application time: 1.0001124 seconds
[2022-02-07T17:22:40.054+0000][1861.080s][info ][safepoint     ] Entering safepoint region: Cleanup
[2022-02-07T17:22:40.054+0000][1861.080s][info ][safepoint     ] Leaving safepoint region
[2022-02-07T17:22:40.054+0000][1861.080s][info ][safepoint     ] Total time for which application threads were stopped: 0.0003042 seconds, Stopping threads took: 0.0000762 seconds
[2022-02-07T17:22:41.054+0000][1862.080s][debug][safepoint     ] Safepoint synchronization initiated. (300 threads)
[2022-02-07T17:22:41.054+0000][1862.080s][info ][safepoint     ] Application time: 1.0000681 seconds
[2022-02-07T17:22:41.054+0000][1862.080s][info ][safepoint     ] Entering safepoint region: Cleanup
[2022-02-07T17:22:41.055+0000][1862.080s][info ][safepoint     ] Leaving safepoint region
[2022-02-07T17:22:41.055+0000][1862.081s][info ][safepoint     ] Total time for which application threads were stopped: 0.0002676 seconds, Stopping threads took: 0.0000723 seconds
[2022-02-07T17:22:42.055+0000][1863.081s][debug][safepoint     ] Safepoint synchronization initiated. (300 threads)
[2022-02-07T17:22:42.055+0000][1863.081s][info ][safepoint     ] Application time: 1.0001301 seconds
[2022-02-07T17:22:42.055+0000][1863.081s][info ][safepoint     ] Entering safepoint region: Cleanup
[2022-02-07T17:22:42.055+0000][1863.081s][info ][safepoint     ] Leaving safepoint region
[2022-02-07T17:22:42.055+0000][1863.081s][info ][safepoint     ] Total time for which application threads were stopped: 0.0002721 seconds, Stopping threads took: 0.0000613 seconds
[2022-02-07T17:22:43.055+0000][1864.081s][debug][safepoint     ] Safepoint synchronization initiated. (300 threads)
[2022-02-07T17:22:43.055+0000][1864.081s][info ][safepoint     ] Application time: 1.0001224 seconds
[2022-02-07T17:22:43.055+0000][1864.081s][info ][safepoint     ] Entering safepoint region: Cleanup
[2022-02-07T17:22:43.055+0000][1864.081s][info ][safepoint     ] Leaving safepoint region
[2022-02-07T17:22:43.055+0000][1864.081s][info ][safepoint     ] Total time for which application threads were stopped: 0.0002655 seconds, Stopping threads took: 0.0000825 seconds
[2022-02-07T17:22:44.056+0000][1865.081s][debug][safepoint     ] Safepoint synchronization initiated. (300 threads)
[2022-02-07T17:22:44.056+0000][1865.081s][info ][safepoint     ] Application time: 1.0001057 seconds
[2022-02-07T17:22:44.056+0000][1865.082s][info ][safepoint     ] Entering safepoint region: Cleanup
[2022-02-07T17:22:44.056+0000][1865.082s][info ][safepoint     ] Leaving safepoint region
[2022-02-07T17:22:44.056+0000][1865.082s][info ][safepoint     ] Total time for which application threads were stopped: 0.0003200 seconds, Stopping threads took: 0.0000634 seconds
[2022-02-07T17:22:45.056+0000][1866.082s][debug][safepoint     ] Safepoint synchronization initiated. (300 threads)
[2022-02-07T17:22:45.056+0000][1866.082s][info ][safepoint     ] Application time: 1.0001589 seconds
[2022-02-07T17:22:45.056+0000][1866.082s][info ][safepoint     ] Entering safepoint region: Cleanup
[2022-02-07T17:22:45.056+0000][1866.082s][info ][safepoint     ] Leaving safepoint region
[2022-02-07T17:22:45.056+0000][1866.082s][info ][safepoint     ] Total time for which application threads were stopped: 0.0003104 seconds, Stopping threads took: 0.0000688 seconds
[2022-02-07T17:22:46.057+0000][1867.082s][debug][safepoint     ] Safepoint synchronization initiated. (300 threads)
[2022-02-07T17:22:46.057+0000][1867.082s][info ][safepoint     ] Application time: 1.0001254 seconds
[2022-02-07T17:22:46.057+0000][1867.082s][info ][safepoint     ] Entering safepoint region: Cleanup
[2022-02-07T17:22:46.057+0000][1867.083s][info ][safepoint     ] Leaving safepoint region
[2022-02-07T17:22:46.057+0000][1867.083s][info ][safepoint     ] Total time for which application threads were stopped: 0.0003422 seconds, Stopping threads took: 0.0000744 seconds
[2022-02-07T17:22:47.057+0000][1868.083s][debug][safepoint     ] Safepoint synchronization initiated. (300 threads)
[2022-02-07T17:22:47.057+0000][1868.083s][info ][safepoint     ] Application time: 1.0001384 seconds
[2022-02-07T17:22:47.057+0000][1868.083s][info ][safepoint     ] Entering safepoint region: Cleanup
[2022-02-07T17:22:47.058+0000][1868.083s][info ][safepoint     ] Leaving safepoint region
[2022-02-07T17:22:47.058+0000][1868.083s][info ][safepoint     ] Total time for which application threads were stopped: 0.0005442 seconds, Stopping threads took: 0.0000846 seconds
[2022-02-07T17:22:48.058+0000][1869.084s][debug][safepoint     ] Safepoint synchronization initiated. (300 threads)
[2022-02-07T17:22:48.058+0000][1869.084s][info ][safepoint     ] Application time: 1.0001160 seconds
[2022-02-07T17:22:48.058+0000][1869.084s][info ][safepoint     ] Entering safepoint region: Cleanup
[2022-02-07T17:22:48.058+0000][1869.084s][info ][safepoint     ] Leaving safepoint region
[2022-02-07T17:22:48.058+0000][1869.084s][info ][safepoint     ] Total time for which application threads were stopped: 0.0004488 seconds, Stopping threads took: 0.0000700 seconds
[2022-02-07T17:22:49.058+0000][1870.084s][debug][safepoint     ] Safepoint synchronization initiated. (300 threads)
[2022-02-07T17:22:49.058+0000][1870.084s][info ][safepoint     ] Application time: 1.0001159 seconds
[2022-02-07T17:22:49.058+0000][1870.084s][info ][safepoint     ] Entering safepoint region: Cleanup
[2022-02-07T17:22:49.059+0000][1870.085s][info ][safepoint     ] Leaving safepoint region
[2022-02-07T17:22:49.059+0000][1870.085s][info ][safepoint     ] Total time for which application threads were stopped: 0.0004448 seconds, Stopping threads took: 0.0000703 seconds
[2022-02-07T17:22:50.059+0000][1871.085s][debug][safepoint     ] Safepoint synchronization initiated. (300 threads)
[2022-02-07T17:22:50.059+0000][1871.085s][info ][safepoint     ] Application time: 1.0001478 seconds
[2022-02-07T17:22:50.059+0000][1871.085s][info ][safepoint     ] Entering safepoint region: Cleanup
[2022-02-07T17:22:50.059+0000][1871.085s][info ][safepoint     ] Leaving safepoint region
[2022-02-07T17:22:50.059+0000][1871.085s][info ][safepoint     ] Total time for which application threads were stopped: 0.0003890 seconds, Stopping threads took: 0.0000696 seconds
[2022-02-07T17:22:50.750+0000][1871.776s][debug][safepoint     ] Safepoint synchronization initiated. (300 threads)
[2022-02-07T17:22:50.750+0000][1871.776s][info ][safepoint     ] Application time: 0.6906429 seconds
[2022-02-07T17:22:50.750+0000][1871.776s][info ][safepoint     ] Entering safepoint region: G1CollectForAllocation
[2022-02-07T17:22:50.750+0000][1871.776s][info ][gc,start      ] GC(160) Pause Young (Normal) (G1 Evacuation Pause)
[2022-02-07T17:22:50.750+0000][1871.776s][info ][gc,task       ] GC(160) Using 4 workers of 4 for evacuation
[2022-02-07T17:22:50.766+0000][1871.792s][info ][gc,phases     ] GC(160)   Pre Evacuate Collection Set: 0.0ms
[2022-02-07T17:22:50.766+0000][1871.792s][info ][gc,phases     ] GC(160)   Evacuate Collection Set: 7.6ms
[2022-02-07T17:22:50.766+0000][1871.792s][info ][gc,phases     ] GC(160)   Post Evacuate Collection Set: 7.9ms
[2022-02-07T17:22:50.766+0000][1871.792s][info ][gc,phases     ] GC(160)   Other: 0.3ms
[2022-02-07T17:22:50.766+0000][1871.792s][info ][gc,heap       ] GC(160) Eden regions: 235->0(235)
[2022-02-07T17:22:50.766+0000][1871.792s][info ][gc,heap       ] GC(160) Survivor regions: 2->2(30)
[2022-02-07T17:22:50.766+0000][1871.792s][info ][gc,heap       ] GC(160) Old regions: 148->148
[2022-02-07T17:22:50.766+0000][1871.792s][info ][gc,heap       ] GC(160) Humongous regions: 0->0
[2022-02-07T17:22:50.766+0000][1871.792s][info ][gc,metaspace  ] GC(160) Metaspace: 163065K->163065K(1204224K)
[2022-02-07T17:22:50.766+0000][1871.792s][info ][gc            ] GC(160) Pause Young (Normal) (G1 Evacuation Pause) 382M->147M(430M) 15.924ms
[2022-02-07T17:22:50.766+0000][1871.792s][info ][gc,cpu        ] GC(160) User=0.03s Sys=0.00s Real=0.01s
[2022-02-07T17:22:50.766+0000][1871.792s][info ][safepoint     ] Leaving safepoint region
[2022-02-07T17:22:50.766+0000][1871.792s][info ][safepoint     ] Total time for which application threads were stopped: 0.0163804 seconds, Stopping threads took: 0.0000744 seconds
[2022-02-07T17:22:50.766+0000][1871.792s][info ][gc,stringdedup] Concurrent String Deduplication (1871.792s)
[2022-02-07T17:22:50.766+0000][1871.792s][info ][gc,stringdedup] Concurrent String Deduplication 4168.0B->0.0B(4168.0B) avg 53.5% (1871.792s, 1871.792s) 0.049ms
[2022-02-07T17:22:51.766+0000][1872.792s][debug][safepoint     ] Safepoint synchronization initiated. (300 threads)
[2022-02-07T17:22:51.767+0000][1872.792s][info ][safepoint     ] Application time: 1.0001561 seconds
[2022-02-07T17:22:51.767+0000][1872.792s][info ][safepoint     ] Entering safepoint region: Cleanup
[2022-02-07T17:22:51.767+0000][1872.793s][info ][safepoint     ] Leaving safepoint region
[2022-02-07T17:22:51.767+0000][1872.793s][info ][safepoint     ] Total time for which application threads were stopped: 0.0003101 seconds, Stopping threads took: 0.0000823 seconds
[2022-02-07T17:22:52.767+0000][1873.793s][debug][safepoint     ] Safepoint synchronization initiated. (300 threads)
[2022-02-07T17:22:52.767+0000][1873.793s][info ][safepoint     ] Application time: 1.0001277 seconds
[2022-02-07T17:22:52.767+0000][1873.793s][info ][safepoint     ] Entering safepoint region: Cleanup
[2022-02-07T17:22:52.767+0000][1873.793s][info ][safepoint     ] Leaving safepoint region
[2022-02-07T17:22:52.767+0000][1873.793s][info ][safepoint     ] Total time for which application threads were stopped: 0.0002586 seconds, Stopping threads took: 0.0000728 seconds
[2022-02-07T17:22:53.767+0000][1874.793s][debug][safepoint     ] Safepoint synchronization initiated. (300 threads)
[2022-02-07T17:22:53.767+0000][1874.793s][info ][safepoint     ] Application time: 1.0001143 seconds
[2022-02-07T17:22:53.767+0000][1874.793s][info ][safepoint     ] Entering safepoint region: Cleanup
[2022-02-07T17:22:53.768+0000][1874.794s][info ][safepoint     ] Leaving safepoint region
[2022-02-07T17:22:53.768+0000][1874.794s][info ][safepoint     ] Total time for which application threads were stopped: 0.0002625 seconds, Stopping threads took: 0.0000766 seconds
[2022-02-07T17:22:54.768+0000][1875.794s][debug][safepoint     ] Safepoint synchronization initiated. (300 threads)
[2022-02-07T17:22:54.768+0000][1875.794s][info ][safepoint     ] Application time: 1.0001181 seconds
[2022-02-07T17:22:54.768+0000][1875.794s][info ][safepoint     ] Entering safepoint region: Cleanup
[2022-02-07T17:22:54.768+0000][1875.794s][info ][safepoint     ] Leaving safepoint region
[2022-02-07T17:22:54.768+0000][1875.794s][info ][safepoint     ] Total time for which application threads were stopped: 0.0002614 seconds, Stopping threads took: 0.0000811 seconds
[2022-02-07T17:22:55.768+0000][1876.794s][debug][safepoint     ] Safepoint synchronization initiated. (300 threads)
[2022-02-07T17:22:55.768+0000][1876.794s][info ][safepoint     ] Application time: 1.0001605 seconds
[2022-02-07T17:22:55.768+0000][1876.794s][info ][safepoint     ] Entering safepoint region: Cleanup
[2022-02-07T17:22:55.768+0000][1876.794s][info ][safepoint     ] Leaving safepoint region
[2022-02-07T17:22:55.768+0000][1876.794s][info ][safepoint     ] Total time for which application threads were stopped: 0.0002594 seconds, Stopping threads took: 0.0000697 seconds
[2022-02-07T17:22:56.769+0000][1877.795s][debug][safepoint     ] Safepoint synchronization initiated. (300 threads)
[2022-02-07T17:22:56.769+0000][1877.795s][info ][safepoint     ] Application time: 1.0001872 seconds
[2022-02-07T17:22:56.769+0000][1877.795s][debug][safepoint     ] Waiting for 1 thread(s) to block
[2022-02-07T17:22:56.769+0000][1877.795s][info ][safepoint     ] Entering safepoint region: Cleanup
[2022-02-07T17:22:56.769+0000][1877.795s][info ][safepoint     ] Leaving safepoint region
[2022-02-07T17:22:56.769+0000][1877.795s][info ][safepoint     ] Total time for which application threads were stopped: 0.0002952 seconds, Stopping threads took: 0.0000959 seconds
[2022-02-07T17:22:56.769+0000][1877.795s][debug][safepoint     ] ... found polling page return exception at pc = 0x00007f11b4fc1a06, stub =0x00007f11ac8beb80
[2022-02-07T17:22:57.769+0000][1878.795s][debug][safepoint     ] Safepoint synchronization initiated. (300 threads)
[2022-02-07T17:22:57.769+0000][1878.795s][info ][safepoint     ] Application time: 1.0001230 seconds
[2022-02-07T17:22:57.769+0000][1878.795s][info ][safepoint     ] Entering safepoint region: Cleanup
[2022-02-07T17:22:57.769+0000][1878.795s][info ][safepoint     ] Leaving safepoint region
[2022-02-07T17:22:57.769+0000][1878.795s][info ][safepoint     ] Total time for which application threads were stopped: 0.0002530 seconds, Stopping threads took: 0.0000697 seconds
[2022-02-07T17:22:58.769+0000][1879.795s][debug][safepoint     ] Safepoint synchronization initiated. (300 threads)
[2022-02-07T17:22:58.770+0000][1879.795s][info ][safepoint     ] Application time: 1.0001113 seconds
[2022-02-07T17:22:58.770+0000][1879.795s][info ][safepoint     ] Entering safepoint region: Cleanup
[2022-02-07T17:22:58.770+0000][1879.796s][info ][safepoint     ] Leaving safepoint region
[2022-02-07T17:22:58.770+0000][1879.796s][info ][safepoint     ] Total time for which application threads were stopped: 0.0003218 seconds, Stopping threads took: 0.0000679 seconds
[2022-02-07T17:22:59.770+0000][1880.796s][debug][safepoint     ] Safepoint synchronization initiated. (300 threads)
[2022-02-07T17:22:59.770+0000][1880.796s][info ][safepoint     ] Application time: 1.0001195 seconds
[2022-02-07T17:22:59.770+0000][1880.796s][info ][safepoint     ] Entering safepoint region: Cleanup
[2022-02-07T17:22:59.770+0000][1880.796s][info ][safepoint     ] Leaving safepoint region
[2022-02-07T17:22:59.770+0000][1880.796s][info ][safepoint     ] Total time for which application threads were stopped: 0.0003172 seconds, Stopping threads took: 0.0000723 seconds
[2022-02-07T17:23:00.770+0000][1881.796s][debug][safepoint     ] Safepoint synchronization initiated. (300 threads)
[2022-02-07T17:23:00.770+0000][1881.796s][info ][safepoint     ] Application time: 1.0001083 seconds
[2022-02-07T17:23:00.770+0000][1881.796s][info ][safepoint     ] Entering safepoint region: Cleanup
[2022-02-07T17:23:00.771+0000][1881.797s][info ][safepoint     ] Leaving safepoint region
[2022-02-07T17:23:00.771+0000][1881.797s][info ][safepoint     ] Total time for which application threads were stopped: 0.0004438 seconds, Stopping threads took: 0.0000688 seconds
[2022-02-07T17:23:01.771+0000][1882.797s][debug][safepoint     ] Safepoint synchronization initiated. (300 threads)
[2022-02-07T17:23:01.771+0000][1882.797s][info ][safepoint     ] Application time: 1.0001433 seconds
[2022-02-07T17:23:01.771+0000][1882.797s][info ][safepoint     ] Entering safepoint region: Cleanup
[2022-02-07T17:23:01.771+0000][1882.797s][info ][safepoint     ] Leaving safepoint region
[2022-02-07T17:23:01.771+0000][1882.797s][info ][safepoint     ] Total time for which application threads were stopped: 0.0003418 seconds, Stopping threads took: 0.0000707 seconds
[2022-02-07T17:23:02.771+0000][1883.797s][debug][safepoint     ] Safepoint synchronization initiated. (300 threads)
[2022-02-07T17:23:02.772+0000][1883.797s][info ][safepoint     ] Application time: 1.0001336 seconds
[2022-02-07T17:23:02.772+0000][1883.797s][info ][safepoint     ] Entering safepoint region: Cleanup
[2022-02-07T17:23:02.772+0000][1883.798s][info ][safepoint     ] Leaving safepoint region
[2022-02-07T17:23:02.772+0000][1883.798s][info ][safepoint     ] Total time for which application threads were stopped: 0.0004576 seconds, Stopping threads took: 0.0000693 seconds
[2022-02-07T17:23:03.772+0000][1884.798s][debug][safepoint     ] Safepoint synchronization initiated. (300 threads)
[2022-02-07T17:23:03.772+0000][1884.798s][info ][safepoint     ] Application time: 1.0001246 seconds
[2022-02-07T17:23:03.772+0000][1884.798s][debug][safepoint     ] ... found polling page return exception at pc = 0x00007f11b506ed7e, stub =0x00007f11ac8beb80
[2022-02-07T17:23:03.772+0000][1884.798s][debug][safepoint     ] Waiting for 1 thread(s) to block
[2022-02-07T17:23:03.772+0000][1884.798s][info ][safepoint     ] Entering safepoint region: Cleanup
[2022-02-07T17:23:03.773+0000][1884.799s][info ][safepoint     ] Leaving safepoint region
[2022-02-07T17:23:03.773+0000][1884.799s][info ][safepoint     ] Total time for which application threads were stopped: 0.0005476 seconds, Stopping threads took: 0.0001163 seconds
[2022-02-07T17:23:04.364+0000][1885.390s][debug][safepoint     ] Safepoint synchronization initiated. (300 threads)
[2022-02-07T17:23:04.364+0000][1885.390s][info ][safepoint     ] Application time: 0.5910268 seconds
[2022-02-07T17:23:04.364+0000][1885.390s][info ][safepoint     ] Entering safepoint region: G1CollectForAllocation
[2022-02-07T17:23:04.364+0000][1885.390s][info ][gc,start      ] GC(161) Pause Young (Normal) (G1 Evacuation Pause)
[2022-02-07T17:23:04.364+0000][1885.390s][info ][gc,task       ] GC(161) Using 4 workers of 4 for evacuation
[2022-02-07T17:23:04.375+0000][1885.401s][info ][gc,phases     ] GC(161)   Pre Evacuate Collection Set: 0.0ms
[2022-02-07T17:23:04.375+0000][1885.401s][info ][gc,phases     ] GC(161)   Evacuate Collection Set: 6.6ms
[2022-02-07T17:23:04.375+0000][1885.401s][info ][gc,phases     ] GC(161)   Post Evacuate Collection Set: 4.3ms
[2022-02-07T17:23:04.375+0000][1885.401s][info ][gc,phases     ] GC(161)   Other: 0.2ms
[2022-02-07T17:23:04.375+0000][1885.401s][info ][gc,heap       ] GC(161) Eden regions: 235->0(235)
[2022-02-07T17:23:04.375+0000][1885.401s][info ][gc,heap       ] GC(161) Survivor regions: 2->2(30)
[2022-02-07T17:23:04.375+0000][1885.401s][info ][gc,heap       ] GC(161) Old regions: 148->148
[2022-02-07T17:23:04.375+0000][1885.401s][info ][gc,heap       ] GC(161) Humongous regions: 0->0
[2022-02-07T17:23:04.375+0000][1885.401s][info ][gc,metaspace  ] GC(161) Metaspace: 163081K->163081K(1204224K)
[2022-02-07T17:23:04.375+0000][1885.401s][info ][gc            ] GC(161) Pause Young (Normal) (G1 Evacuation Pause) 382M->147M(430M) 11.332ms
[2022-02-07T17:23:04.375+0000][1885.401s][info ][gc,cpu        ] GC(161) User=0.02s Sys=0.00s Real=0.01s
[2022-02-07T17:23:04.375+0000][1885.401s][info ][safepoint     ] Leaving safepoint region
[2022-02-07T17:23:04.375+0000][1885.401s][info ][safepoint     ] Total time for which application threads were stopped: 0.0117734 seconds, Stopping threads took: 0.0000681 seconds
[2022-02-07T17:23:04.376+0000][1885.401s][info ][gc,stringdedup] Concurrent String Deduplication (1885.401s)
[2022-02-07T17:23:04.376+0000][1885.401s][info ][gc,stringdedup] Concurrent String Deduplication 2928.0B->0.0B(2928.0B) avg 53.5% (1885.401s, 1885.401s) 0.048ms
[2022-02-07T17:23:05.376+0000][1886.401s][debug][safepoint     ] Safepoint synchronization initiated. (300 threads)
[2022-02-07T17:23:05.376+0000][1886.401s][info ][safepoint     ] Application time: 1.0001192 seconds
[2022-02-07T17:23:05.376+0000][1886.402s][info ][safepoint     ] Entering safepoint region: Cleanup
[2022-02-07T17:23:05.376+0000][1886.402s][info ][safepoint     ] Leaving safepoint region
[2022-02-07T17:23:05.376+0000][1886.402s][info ][safepoint     ] Total time for which application threads were stopped: 0.0003307 seconds, Stopping threads took: 0.0000901 seconds
[2022-02-07T17:23:06.376+0000][1887.402s][debug][safepoint     ] Safepoint synchronization initiated. (300 threads)
[2022-02-07T17:23:06.376+0000][1887.402s][info ][safepoint     ] Application time: 1.0001228 seconds
[2022-02-07T17:23:06.376+0000][1887.402s][info ][safepoint     ] Entering safepoint region: Cleanup
[2022-02-07T17:23:06.376+0000][1887.402s][info ][safepoint     ] Leaving safepoint region
[2022-02-07T17:23:06.376+0000][1887.402s][info ][safepoint     ] Total time for which application threads were stopped: 0.0003152 seconds, Stopping threads took: 0.0000697 seconds
[2022-02-07T17:23:07.376+0000][1888.402s][debug][safepoint     ] Safepoint synchronization initiated. (300 threads)
[2022-02-07T17:23:07.377+0000][1888.402s][info ][safepoint     ] Application time: 1.0001084 seconds
[2022-02-07T17:23:07.377+0000][1888.402s][info ][safepoint     ] Entering safepoint region: Cleanup
[2022-02-07T17:23:07.377+0000][1888.403s][info ][safepoint     ] Leaving safepoint region
[2022-02-07T17:23:07.377+0000][1888.403s][info ][safepoint     ] Total time for which application threads were stopped: 0.0003075 seconds, Stopping threads took: 0.0000704 seconds
[2022-02-07T17:23:08.377+0000][1889.403s][debug][safepoint     ] Safepoint synchronization initiated. (300 threads)
[2022-02-07T17:23:08.377+0000][1889.403s][info ][safepoint     ] Application time: 1.0000883 seconds
[2022-02-07T17:23:08.377+0000][1889.403s][info ][safepoint     ] Entering safepoint region: Cleanup
[2022-02-07T17:23:08.377+0000][1889.403s][info ][safepoint     ] Leaving safepoint region
[2022-02-07T17:23:08.377+0000][1889.403s][info ][safepoint     ] Total time for which application threads were stopped: 0.0003845 seconds, Stopping threads took: 0.0000830 seconds
[2022-02-07T17:23:09.377+0000][1890.403s][debug][safepoint     ] Safepoint synchronization initiated. (300 threads)
[2022-02-07T17:23:09.377+0000][1890.403s][info ][safepoint     ] Application time: 1.0001381 seconds
[2022-02-07T17:23:09.378+0000][1890.403s][info ][safepoint     ] Entering safepoint region: Cleanup
[2022-02-07T17:23:09.378+0000][1890.404s][info ][safepoint     ] Leaving safepoint region
[2022-02-07T17:23:09.378+0000][1890.404s][info ][safepoint     ] Total time for which application threads were stopped: 0.0004558 seconds, Stopping threads took: 0.0000723 seconds
[2022-02-07T17:23:10.378+0000][1891.404s][debug][safepoint     ] Safepoint synchronization initiated. (300 threads)
[2022-02-07T17:23:10.378+0000][1891.404s][info ][safepoint     ] Application time: 1.0001319 seconds
[2022-02-07T17:23:10.378+0000][1891.404s][info ][safepoint     ] Entering safepoint region: Cleanup
[2022-02-07T17:23:10.378+0000][1891.404s][info ][safepoint     ] Leaving safepoint region
[2022-02-07T17:23:10.378+0000][1891.404s][info ][safepoint     ] Total time for which application threads were stopped: 0.0003359 seconds, Stopping threads took: 0.0000698 seconds
[2022-02-07T17:23:11.379+0000][1892.404s][debug][safepoint     ] Safepoint synchronization initiated. (300 threads)
[2022-02-07T17:23:11.379+0000][1892.404s][info ][safepoint     ] Application time: 1.0001060 seconds
[2022-02-07T17:23:11.379+0000][1892.404s][info ][safepoint     ] Entering safepoint region: Cleanup
[2022-02-07T17:23:11.379+0000][1892.405s][info ][safepoint     ] Leaving safepoint region
[2022-02-07T17:23:11.379+0000][1892.405s][info ][safepoint     ] Total time for which application threads were stopped: 0.0004612 seconds, Stopping threads took: 0.0000693 seconds
[2022-02-07T17:23:12.379+0000][1893.405s][debug][safepoint     ] Safepoint synchronization initiated. (300 threads)
[2022-02-07T17:23:12.379+0000][1893.405s][info ][safepoint     ] Application time: 1.0001276 seconds
[2022-02-07T17:23:12.379+0000][1893.405s][info ][safepoint     ] Entering safepoint region: Cleanup
[2022-02-07T17:23:12.379+0000][1893.405s][info ][safepoint     ] Leaving safepoint region
[2022-02-07T17:23:12.379+0000][1893.405s][info ][safepoint     ] Total time for which application threads were stopped: 0.0003089 seconds, Stopping threads took: 0.0000842 seconds
[2022-02-07T17:23:13.380+0000][1894.406s][debug][safepoint     ] Safepoint synchronization initiated. (300 threads)
[2022-02-07T17:23:13.380+0000][1894.406s][info ][safepoint     ] Application time: 1.0005305 seconds
[2022-02-07T17:23:13.380+0000][1894.406s][info ][safepoint     ] Entering safepoint region: Cleanup
[2022-02-07T17:23:13.380+0000][1894.406s][info ][safepoint     ] Leaving safepoint region
[2022-02-07T17:23:13.380+0000][1894.406s][info ][safepoint     ] Total time for which application threads were stopped: 0.0003198 seconds, Stopping threads took: 0.0000752 seconds
[2022-02-07T17:23:13.380+0000][1894.406s][debug][safepoint     ] ... found polling page loop exception at pc = 0x00007f11b5315f8f, stub =0x00007f11ac8be900
[2022-02-07T17:23:14.380+0000][1895.406s][debug][safepoint     ] Safepoint synchronization initiated. (300 threads)
[2022-02-07T17:23:14.380+0000][1895.406s][info ][safepoint     ] Application time: 1.0001142 seconds
[2022-02-07T17:23:14.381+0000][1895.406s][info ][safepoint     ] Entering safepoint region: Cleanup
[2022-02-07T17:23:14.381+0000][1895.407s][info ][safepoint     ] Leaving safepoint region
[2022-02-07T17:23:14.381+0000][1895.407s][info ][safepoint     ] Total time for which application threads were stopped: 0.0004727 seconds, Stopping threads took: 0.0000697 seconds
[2022-02-07T17:23:15.381+0000][1896.407s][debug][safepoint     ] Safepoint synchronization initiated. (300 threads)
[2022-02-07T17:23:15.381+0000][1896.407s][info ][safepoint     ] Application time: 1.0001481 seconds
[2022-02-07T17:23:15.381+0000][1896.407s][info ][safepoint     ] Entering safepoint region: Cleanup
[2022-02-07T17:23:15.382+0000][1896.407s][info ][safepoint     ] Leaving safepoint region
[2022-02-07T17:23:15.382+0000][1896.407s][info ][safepoint     ] Total time for which application threads were stopped: 0.0004568 seconds, Stopping threads took: 0.0000744 seconds
[2022-02-07T17:23:16.382+0000][1897.408s][debug][safepoint     ] Safepoint synchronization initiated. (300 threads)
[2022-02-07T17:23:16.382+0000][1897.408s][info ][safepoint     ] Application time: 1.0001299 seconds
[2022-02-07T17:23:16.382+0000][1897.408s][info ][safepoint     ] Entering safepoint region: Cleanup
[2022-02-07T17:23:16.382+0000][1897.408s][info ][safepoint     ] Leaving safepoint region
[2022-02-07T17:23:16.382+0000][1897.408s][info ][safepoint     ] Total time for which application threads were stopped: 0.0004746 seconds, Stopping threads took: 0.0000739 seconds
[2022-02-07T17:23:17.382+0000][1898.408s][debug][safepoint     ] Safepoint synchronization initiated. (300 threads)
[2022-02-07T17:23:17.382+0000][1898.408s][info ][safepoint     ] Application time: 1.0001257 seconds
[2022-02-07T17:23:17.382+0000][1898.408s][info ][safepoint     ] Entering safepoint region: Cleanup
[2022-02-07T17:23:17.383+0000][1898.409s][info ][safepoint     ] Leaving safepoint region
[2022-02-07T17:23:17.383+0000][1898.409s][info ][safepoint     ] Total time for which application threads were stopped: 0.0004442 seconds, Stopping threads took: 0.0000689 seconds
[2022-02-07T17:23:18.383+0000][1899.409s][debug][safepoint     ] Safepoint synchronization initiated. (300 threads)
[2022-02-07T17:23:18.383+0000][1899.409s][info ][safepoint     ] Application time: 1.0001229 seconds
[2022-02-07T17:23:18.383+0000][1899.409s][info ][safepoint     ] Entering safepoint region: Cleanup
[2022-02-07T17:23:18.383+0000][1899.409s][info ][safepoint     ] Leaving safepoint region
[2022-02-07T17:23:18.383+0000][1899.409s][info ][safepoint     ] Total time for which application threads were stopped: 0.0004562 seconds, Stopping threads took: 0.0000710 seconds
[2022-02-07T17:23:19.383+0000][1900.409s][debug][safepoint     ] Safepoint synchronization initiated. (300 threads)
[2022-02-07T17:23:19.384+0000][1900.409s][info ][safepoint     ] Application time: 1.0001355 seconds
[2022-02-07T17:23:19.384+0000][1900.409s][info ][safepoint     ] Entering safepoint region: Cleanup
[2022-02-07T17:23:19.384+0000][1900.410s][info ][safepoint     ] Leaving safepoint region
[2022-02-07T17:23:19.384+0000][1900.410s][info ][safepoint     ] Total time for which application threads were stopped: 0.0005084 seconds, Stopping threads took: 0.0000812 seconds
[2022-02-07T17:23:20.137+0000][1901.163s][debug][safepoint     ] Safepoint synchronization initiated. (300 threads)
[2022-02-07T17:23:20.137+0000][1901.163s][info ][safepoint     ] Application time: 0.7532405 seconds
[2022-02-07T17:23:20.137+0000][1901.163s][info ][safepoint     ] Entering safepoint region: G1CollectForAllocation
[2022-02-07T17:23:20.138+0000][1901.164s][info ][gc,start      ] GC(162) Pause Young (Normal) (G1 Evacuation Pause)
[2022-02-07T17:23:20.138+0000][1901.164s][info ][gc,task       ] GC(162) Using 4 workers of 4 for evacuation
[2022-02-07T17:23:20.157+0000][1901.183s][info ][gc,phases     ] GC(162)   Pre Evacuate Collection Set: 0.0ms
[2022-02-07T17:23:20.157+0000][1901.183s][info ][gc,phases     ] GC(162)   Evacuate Collection Set: 9.9ms
[2022-02-07T17:23:20.157+0000][1901.183s][info ][gc,phases     ] GC(162)   Post Evacuate Collection Set: 9.2ms
[2022-02-07T17:23:20.157+0000][1901.183s][info ][gc,phases     ] GC(162)   Other: 0.2ms
[2022-02-07T17:23:20.157+0000][1901.183s][info ][gc,heap       ] GC(162) Eden regions: 235->0(235)
[2022-02-07T17:23:20.157+0000][1901.183s][info ][gc,heap       ] GC(162) Survivor regions: 2->2(30)
[2022-02-07T17:23:20.157+0000][1901.183s][info ][gc,heap       ] GC(162) Old regions: 148->148
[2022-02-07T17:23:20.157+0000][1901.183s][info ][gc,heap       ] GC(162) Humongous regions: 0->0
[2022-02-07T17:23:20.157+0000][1901.183s][info ][gc,metaspace  ] GC(162) Metaspace: 163081K->163081K(1204224K)
[2022-02-07T17:23:20.157+0000][1901.183s][info ][gc            ] GC(162) Pause Young (Normal) (G1 Evacuation Pause) 382M->147M(430M) 19.451ms
[2022-02-07T17:23:20.157+0000][1901.183s][info ][gc,cpu        ] GC(162) User=0.02s Sys=0.00s Real=0.02s
[2022-02-07T17:23:20.157+0000][1901.183s][info ][safepoint     ] Leaving safepoint region
[2022-02-07T17:23:20.157+0000][1901.183s][info ][safepoint     ] Total time for which application threads were stopped: 0.0200090 seconds, Stopping threads took: 0.0000689 seconds
[2022-02-07T17:23:20.159+0000][1901.185s][info ][gc,stringdedup] Concurrent String Deduplication (1901.185s)
[2022-02-07T17:23:20.159+0000][1901.185s][info ][gc,stringdedup] Concurrent String Deduplication 560.0B->0.0B(560.0B) avg 53.5% (1901.185s, 1901.185s) 0.034ms
[2022-02-07T17:23:21.157+0000][1902.183s][debug][safepoint     ] Safepoint synchronization initiated. (300 threads)
[2022-02-07T17:23:21.157+0000][1902.183s][info ][safepoint     ] Application time: 1.0001385 seconds
[2022-02-07T17:23:21.158+0000][1902.183s][info ][safepoint     ] Entering safepoint region: Cleanup
[2022-02-07T17:23:21.158+0000][1902.184s][info ][safepoint     ] Leaving safepoint region
[2022-02-07T17:23:21.158+0000][1902.184s][info ][safepoint     ] Total time for which application threads were stopped: 0.0003258 seconds, Stopping threads took: 0.0000756 seconds
[2022-02-07T17:23:22.158+0000][1903.184s][debug][safepoint     ] Safepoint synchronization initiated. (300 threads)
[2022-02-07T17:23:22.158+0000][1903.184s][info ][safepoint     ] Application time: 1.0001210 seconds
[2022-02-07T17:23:22.158+0000][1903.184s][info ][safepoint     ] Entering safepoint region: Cleanup
[2022-02-07T17:23:22.158+0000][1903.184s][info ][safepoint     ] Leaving safepoint region
[2022-02-07T17:23:22.158+0000][1903.184s][info ][safepoint     ] Total time for which application threads were stopped: 0.0003162 seconds, Stopping threads took: 0.0000739 seconds
[2022-02-07T17:23:23.158+0000][1904.184s][debug][safepoint     ] Safepoint synchronization initiated. (300 threads)
[2022-02-07T17:23:23.158+0000][1904.184s][info ][safepoint     ] Application time: 1.0001108 seconds
[2022-02-07T17:23:23.158+0000][1904.184s][info ][safepoint     ] Entering safepoint region: Cleanup
[2022-02-07T17:23:23.159+0000][1904.185s][info ][safepoint     ] Leaving safepoint region
[2022-02-07T17:23:23.159+0000][1904.185s][info ][safepoint     ] Total time for which application threads were stopped: 0.0003027 seconds, Stopping threads took: 0.0000725 seconds
[2022-02-07T17:23:24.159+0000][1905.185s][debug][safepoint     ] Safepoint synchronization initiated. (300 threads)
[2022-02-07T17:23:24.159+0000][1905.185s][info ][safepoint     ] Application time: 1.0001178 seconds
[2022-02-07T17:23:24.159+0000][1905.185s][info ][safepoint     ] Entering safepoint region: Cleanup
[2022-02-07T17:23:24.159+0000][1905.185s][info ][safepoint     ] Leaving safepoint region
[2022-02-07T17:23:24.159+0000][1905.185s][info ][safepoint     ] Total time for which application threads were stopped: 0.0002947 seconds, Stopping threads took: 0.0000694 seconds
[2022-02-07T17:23:25.159+0000][1906.185s][debug][safepoint     ] Safepoint synchronization initiated. (300 threads)
[2022-02-07T17:23:25.159+0000][1906.185s][info ][safepoint     ] Application time: 1.0001200 seconds
[2022-02-07T17:23:25.159+0000][1906.185s][info ][safepoint     ] Entering safepoint region: Cleanup
[2022-02-07T17:23:25.160+0000][1906.185s][info ][safepoint     ] Leaving safepoint region
[2022-02-07T17:23:25.160+0000][1906.185s][info ][safepoint     ] Total time for which application threads were stopped: 0.0003170 seconds, Stopping threads took: 0.0000765 seconds
[2022-02-07T17:23:26.160+0000][1907.186s][debug][safepoint     ] Safepoint synchronization initiated. (300 threads)
[2022-02-07T17:23:26.160+0000][1907.186s][info ][safepoint     ] Application time: 1.0001147 seconds
[2022-02-07T17:23:26.160+0000][1907.186s][info ][safepoint     ] Entering safepoint region: Cleanup
[2022-02-07T17:23:26.160+0000][1907.186s][info ][safepoint     ] Leaving safepoint region
[2022-02-07T17:23:26.160+0000][1907.186s][info ][safepoint     ] Total time for which application threads were stopped: 0.0003079 seconds, Stopping threads took: 0.0000693 seconds
[2022-02-07T17:23:27.160+0000][1908.186s][debug][safepoint     ] Safepoint synchronization initiated. (300 threads)
[2022-02-07T17:23:27.160+0000][1908.186s][info ][safepoint     ] Application time: 1.0001517 seconds
[2022-02-07T17:23:27.160+0000][1908.186s][info ][safepoint     ] Entering safepoint region: Cleanup
[2022-02-07T17:23:27.161+0000][1908.186s][info ][safepoint     ] Leaving safepoint region
[2022-02-07T17:23:27.161+0000][1908.186s][info ][safepoint     ] Total time for which application threads were stopped: 0.0003353 seconds, Stopping threads took: 0.0000694 seconds
[2022-02-07T17:23:28.161+0000][1909.186s][debug][safepoint     ] Safepoint synchronization initiated. (300 threads)
[2022-02-07T17:23:28.161+0000][1909.187s][info ][safepoint     ] Application time: 1.0001151 seconds
[2022-02-07T17:23:28.161+0000][1909.187s][info ][safepoint     ] Entering safepoint region: Cleanup
[2022-02-07T17:23:28.161+0000][1909.187s][info ][safepoint     ] Leaving safepoint region
[2022-02-07T17:23:28.161+0000][1909.187s][info ][safepoint     ] Total time for which application threads were stopped: 0.0003204 seconds, Stopping threads took: 0.0000726 seconds
[2022-02-07T17:23:29.161+0000][1910.187s][debug][safepoint     ] Safepoint synchronization initiated. (300 threads)
[2022-02-07T17:23:29.161+0000][1910.187s][info ][safepoint     ] Application time: 1.0001164 seconds
[2022-02-07T17:23:29.161+0000][1910.187s][info ][safepoint     ] Entering safepoint region: Cleanup
[2022-02-07T17:23:29.161+0000][1910.187s][info ][safepoint     ] Leaving safepoint region
[2022-02-07T17:23:29.161+0000][1910.187s][info ][safepoint     ] Total time for which application threads were stopped: 0.0003064 seconds, Stopping threads took: 0.0000699 seconds
[2022-02-07T17:23:30.162+0000][1911.187s][debug][safepoint     ] Safepoint synchronization initiated. (300 threads)
[2022-02-07T17:23:30.162+0000][1911.187s][info ][safepoint     ] Application time: 1.0001655 seconds
[2022-02-07T17:23:30.162+0000][1911.188s][info ][safepoint     ] Entering safepoint region: Cleanup
[2022-02-07T17:23:30.162+0000][1911.188s][info ][safepoint     ] Leaving safepoint region
[2022-02-07T17:23:30.162+0000][1911.188s][info ][safepoint     ] Total time for which application threads were stopped: 0.0003451 seconds, Stopping threads took: 0.0001422 seconds
[2022-02-07T17:23:31.162+0000][1912.188s][debug][safepoint     ] Safepoint synchronization initiated. (300 threads)
[2022-02-07T17:23:31.162+0000][1912.188s][info ][safepoint     ] Application time: 1.0001161 seconds
[2022-02-07T17:23:31.162+0000][1912.188s][info ][safepoint     ] Entering safepoint region: Cleanup
[2022-02-07T17:23:31.162+0000][1912.188s][info ][safepoint     ] Leaving safepoint region
[2022-02-07T17:23:31.162+0000][1912.188s][info ][safepoint     ] Total time for which application threads were stopped: 0.0003094 seconds, Stopping threads took: 0.0000693 seconds
[2022-02-07T17:23:32.162+0000][1913.188s][debug][safepoint     ] Safepoint synchronization initiated. (300 threads)
[2022-02-07T17:23:32.163+0000][1913.188s][info ][safepoint     ] Application time: 1.0001149 seconds
[2022-02-07T17:23:32.163+0000][1913.188s][info ][safepoint     ] Entering safepoint region: Cleanup
[2022-02-07T17:23:32.163+0000][1913.189s][info ][safepoint     ] Leaving safepoint region
[2022-02-07T17:23:32.163+0000][1913.189s][info ][safepoint     ] Total time for which application threads were stopped: 0.0003097 seconds, Stopping threads took: 0.0000711 seconds
[2022-02-07T17:23:33.163+0000][1914.189s][debug][safepoint     ] Safepoint synchronization initiated. (300 threads)
[2022-02-07T17:23:33.163+0000][1914.189s][info ][safepoint     ] Application time: 1.0001118 seconds
[2022-02-07T17:23:33.163+0000][1914.189s][info ][safepoint     ] Entering safepoint region: Cleanup
[2022-02-07T17:23:33.163+0000][1914.189s][info ][safepoint     ] Leaving safepoint region
[2022-02-07T17:23:33.163+0000][1914.189s][info ][safepoint     ] Total time for which application threads were stopped: 0.0004590 seconds, Stopping threads took: 0.0000694 seconds
[2022-02-07T17:23:34.164+0000][1915.189s][debug][safepoint     ] Safepoint synchronization initiated. (300 threads)
[2022-02-07T17:23:34.164+0000][1915.189s][info ][safepoint     ] Application time: 1.0001126 seconds
[2022-02-07T17:23:34.164+0000][1915.189s][info ][safepoint     ] Entering safepoint region: Cleanup
[2022-02-07T17:23:34.164+0000][1915.190s][info ][safepoint     ] Leaving safepoint region
[2022-02-07T17:23:34.164+0000][1915.190s][info ][safepoint     ] Total time for which application threads were stopped: 0.0003243 seconds, Stopping threads took: 0.0000799 seconds
[2022-02-07T17:23:34.259+0000][1915.285s][debug][safepoint     ] Safepoint synchronization initiated. (300 threads)
[2022-02-07T17:23:34.259+0000][1915.285s][info ][safepoint     ] Application time: 0.0954567 seconds
[2022-02-07T17:23:34.259+0000][1915.285s][debug][safepoint     ] ... found polling page loop exception at pc = 0x00007f11b537be09, stub =0x00007f11ac8be900
[2022-02-07T17:23:34.259+0000][1915.285s][debug][safepoint     ] Waiting for 1 thread(s) to block
[2022-02-07T17:23:34.259+0000][1915.285s][info ][safepoint     ] Entering safepoint region: G1CollectForAllocation
[2022-02-07T17:23:34.260+0000][1915.286s][info ][gc,start      ] GC(163) Pause Young (Normal) (G1 Evacuation Pause)
[2022-02-07T17:23:34.260+0000][1915.286s][info ][gc,task       ] GC(163) Using 4 workers of 4 for evacuation
[2022-02-07T17:23:34.274+0000][1915.300s][info ][gc,phases     ] GC(163)   Pre Evacuate Collection Set: 0.0ms
[2022-02-07T17:23:34.274+0000][1915.300s][info ][gc,phases     ] GC(163)   Evacuate Collection Set: 9.4ms
[2022-02-07T17:23:34.274+0000][1915.300s][info ][gc,phases     ] GC(163)   Post Evacuate Collection Set: 4.6ms
[2022-02-07T17:23:34.274+0000][1915.300s][info ][gc,phases     ] GC(163)   Other: 0.3ms
[2022-02-07T17:23:34.274+0000][1915.300s][info ][gc,heap       ] GC(163) Eden regions: 235->0(235)
[2022-02-07T17:23:34.274+0000][1915.300s][info ][gc,heap       ] GC(163) Survivor regions: 2->2(30)
[2022-02-07T17:23:34.274+0000][1915.300s][info ][gc,heap       ] GC(163) Old regions: 148->148
[2022-02-07T17:23:34.274+0000][1915.300s][info ][gc,heap       ] GC(163) Humongous regions: 0->0
[2022-02-07T17:23:34.274+0000][1915.300s][info ][gc,metaspace  ] GC(163) Metaspace: 163138K->163138K(1204224K)
[2022-02-07T17:23:34.274+0000][1915.300s][info ][gc            ] GC(163) Pause Young (Normal) (G1 Evacuation Pause) 382M->147M(430M) 14.493ms
[2022-02-07T17:23:34.274+0000][1915.300s][info ][gc,cpu        ] GC(163) User=0.03s Sys=0.00s Real=0.01s
[2022-02-07T17:23:34.274+0000][1915.300s][info ][safepoint     ] Leaving safepoint region
[2022-02-07T17:23:34.274+0000][1915.300s][info ][safepoint     ] Total time for which application threads were stopped: 0.0150017 seconds, Stopping threads took: 0.0001445 seconds
[2022-02-07T17:23:34.275+0000][1915.301s][info ][gc,stringdedup] Concurrent String Deduplication (1915.301s)
[2022-02-07T17:23:34.275+0000][1915.301s][info ][gc,stringdedup] Concurrent String Deduplication 920.0B->0.0B(920.0B) avg 53.5% (1915.301s, 1915.301s) 0.031ms
[2022-02-07T17:23:35.274+0000][1916.300s][debug][safepoint     ] Safepoint synchronization initiated. (300 threads)
[2022-02-07T17:23:35.275+0000][1916.300s][info ][safepoint     ] Application time: 1.0001372 seconds
[2022-02-07T17:23:35.275+0000][1916.300s][info ][safepoint     ] Entering safepoint region: Cleanup
[2022-02-07T17:23:35.275+0000][1916.301s][info ][safepoint     ] Leaving safepoint region
[2022-02-07T17:23:35.275+0000][1916.301s][info ][safepoint     ] Total time for which application threads were stopped: 0.0003155 seconds, Stopping threads took: 0.0000788 seconds
[2022-02-07T17:23:36.275+0000][1917.301s][debug][safepoint     ] Safepoint synchronization initiated. (300 threads)
[2022-02-07T17:23:36.275+0000][1917.301s][info ][safepoint     ] Application time: 1.0001494 seconds
[2022-02-07T17:23:36.275+0000][1917.301s][info ][safepoint     ] Entering safepoint region: Cleanup
[2022-02-07T17:23:36.275+0000][1917.301s][info ][safepoint     ] Leaving safepoint region
[2022-02-07T17:23:36.275+0000][1917.301s][info ][safepoint     ] Total time for which application threads were stopped: 0.0003477 seconds, Stopping threads took: 0.0000975 seconds
[2022-02-07T17:23:37.275+0000][1918.301s][debug][safepoint     ] Safepoint synchronization initiated. (300 threads)
[2022-02-07T17:23:37.275+0000][1918.301s][info ][safepoint     ] Application time: 1.0001335 seconds
[2022-02-07T17:23:37.276+0000][1918.301s][info ][safepoint     ] Entering safepoint region: Cleanup
[2022-02-07T17:23:37.276+0000][1918.302s][info ][safepoint     ] Leaving safepoint region
[2022-02-07T17:23:37.276+0000][1918.302s][info ][safepoint     ] Total time for which application threads were stopped: 0.0003185 seconds, Stopping threads took: 0.0000624 seconds
[2022-02-07T17:23:38.276+0000][1919.302s][debug][safepoint     ] Safepoint synchronization initiated. (300 threads)
[2022-02-07T17:23:38.276+0000][1919.302s][info ][safepoint     ] Application time: 1.0000979 seconds
[2022-02-07T17:23:38.276+0000][1919.302s][info ][safepoint     ] Entering safepoint region: Cleanup
[2022-02-07T17:23:38.276+0000][1919.302s][info ][safepoint     ] Leaving safepoint region
[2022-02-07T17:23:38.276+0000][1919.302s][info ][safepoint     ] Total time for which application threads were stopped: 0.0002601 seconds, Stopping threads took: 0.0000670 seconds
[2022-02-07T17:23:39.276+0000][1920.302s][debug][safepoint     ] Safepoint synchronization initiated. (300 threads)
[2022-02-07T17:23:39.276+0000][1920.302s][info ][safepoint     ] Application time: 1.0001203 seconds
[2022-02-07T17:23:39.276+0000][1920.302s][info ][safepoint     ] Entering safepoint region: Cleanup
[2022-02-07T17:23:39.277+0000][1920.303s][info ][safepoint     ] Leaving safepoint region
[2022-02-07T17:23:39.277+0000][1920.303s][info ][safepoint     ] Total time for which application threads were stopped: 0.0003118 seconds, Stopping threads took: 0.0000678 seconds
[2022-02-07T17:23:40.277+0000][1921.303s][debug][safepoint     ] Safepoint synchronization initiated. (300 threads)
[2022-02-07T17:23:40.277+0000][1921.303s][info ][safepoint     ] Application time: 1.0001397 seconds
[2022-02-07T17:23:40.277+0000][1921.303s][info ][safepoint     ] Entering safepoint region: Cleanup
[2022-02-07T17:23:40.277+0000][1921.303s][info ][safepoint     ] Leaving safepoint region
[2022-02-07T17:23:40.277+0000][1921.303s][info ][safepoint     ] Total time for which application threads were stopped: 0.0003684 seconds, Stopping threads took: 0.0000620 seconds
[2022-02-07T17:23:41.277+0000][1922.303s][debug][safepoint     ] Safepoint synchronization initiated. (300 threads)
[2022-02-07T17:23:41.277+0000][1922.303s][info ][safepoint     ] Application time: 1.0001309 seconds
[2022-02-07T17:23:41.277+0000][1922.303s][info ][safepoint     ] Entering safepoint region: Cleanup
[2022-02-07T17:23:41.278+0000][1922.304s][info ][safepoint     ] Leaving safepoint region
[2022-02-07T17:23:41.278+0000][1922.304s][info ][safepoint     ] Total time for which application threads were stopped: 0.0005214 seconds, Stopping threads took: 0.0000841 seconds
[2022-02-07T17:23:42.278+0000][1923.304s][debug][safepoint     ] Safepoint synchronization initiated. (300 threads)
[2022-02-07T17:23:42.278+0000][1923.304s][info ][safepoint     ] Application time: 1.0001128 seconds
[2022-02-07T17:23:42.278+0000][1923.304s][info ][safepoint     ] Entering safepoint region: Cleanup
[2022-02-07T17:23:42.278+0000][1923.304s][info ][safepoint     ] Leaving safepoint region
[2022-02-07T17:23:42.278+0000][1923.304s][info ][safepoint     ] Total time for which application threads were stopped: 0.0002926 seconds, Stopping threads took: 0.0000674 seconds
[2022-02-07T17:23:43.278+0000][1924.304s][debug][safepoint     ] Safepoint synchronization initiated. (300 threads)
[2022-02-07T17:23:43.278+0000][1924.304s][info ][safepoint     ] Application time: 1.0001293 seconds
[2022-02-07T17:23:43.279+0000][1924.304s][info ][safepoint     ] Entering safepoint region: Cleanup
[2022-02-07T17:23:43.279+0000][1924.305s][info ][safepoint     ] Leaving safepoint region
[2022-02-07T17:23:43.279+0000][1924.305s][info ][safepoint     ] Total time for which application threads were stopped: 0.0003301 seconds, Stopping threads took: 0.0000689 seconds
[2022-02-07T17:23:44.280+0000][1925.306s][debug][safepoint     ] Safepoint synchronization initiated. (300 threads)
[2022-02-07T17:23:44.280+0000][1925.306s][info ][safepoint     ] Application time: 1.0015899 seconds
[2022-02-07T17:23:44.280+0000][1925.306s][info ][safepoint     ] Entering safepoint region: Cleanup
[2022-02-07T17:23:44.281+0000][1925.307s][info ][safepoint     ] Leaving safepoint region
[2022-02-07T17:23:44.281+0000][1925.307s][info ][safepoint     ] Total time for which application threads were stopped: 0.0003283 seconds, Stopping threads took: 0.0000725 seconds
[2022-02-07T17:23:45.281+0000][1926.307s][debug][safepoint     ] Safepoint synchronization initiated. (300 threads)
[2022-02-07T17:23:45.281+0000][1926.307s][info ][safepoint     ] Application time: 1.0000980 seconds
[2022-02-07T17:23:45.281+0000][1926.307s][info ][safepoint     ] Entering safepoint region: Cleanup
[2022-02-07T17:23:45.281+0000][1926.307s][info ][safepoint     ] Leaving safepoint region
[2022-02-07T17:23:45.281+0000][1926.307s][info ][safepoint     ] Total time for which application threads were stopped: 0.0002970 seconds, Stopping threads took: 0.0000674 seconds
[2022-02-07T17:23:46.281+0000][1927.307s][debug][safepoint     ] Safepoint synchronization initiated. (300 threads)
[2022-02-07T17:23:46.281+0000][1927.307s][info ][safepoint     ] Application time: 1.0001273 seconds
[2022-02-07T17:23:46.281+0000][1927.307s][info ][safepoint     ] Entering safepoint region: Cleanup
[2022-02-07T17:23:46.282+0000][1927.307s][info ][safepoint     ] Leaving safepoint region
[2022-02-07T17:23:46.282+0000][1927.307s][info ][safepoint     ] Total time for which application threads were stopped: 0.0003241 seconds, Stopping threads took: 0.0000752 seconds
[2022-02-07T17:23:47.282+0000][1928.308s][debug][safepoint     ] Safepoint synchronization initiated. (300 threads)
[2022-02-07T17:23:47.282+0000][1928.308s][info ][safepoint     ] Application time: 1.0001084 seconds
[2022-02-07T17:23:47.282+0000][1928.308s][info ][safepoint     ] Entering safepoint region: Cleanup
[2022-02-07T17:23:47.282+0000][1928.308s][info ][safepoint     ] Leaving safepoint region
[2022-02-07T17:23:47.282+0000][1928.308s][info ][safepoint     ] Total time for which application threads were stopped: 0.0004443 seconds, Stopping threads took: 0.0000696 seconds
[2022-02-07T17:23:48.282+0000][1929.308s][debug][safepoint     ] Safepoint synchronization initiated. (300 threads)
[2022-02-07T17:23:48.282+0000][1929.308s][info ][safepoint     ] Application time: 1.0001395 seconds
[2022-02-07T17:23:48.282+0000][1929.308s][info ][safepoint     ] Entering safepoint region: Cleanup
[2022-02-07T17:23:48.283+0000][1929.309s][info ][safepoint     ] Leaving safepoint region
[2022-02-07T17:23:48.283+0000][1929.309s][info ][safepoint     ] Total time for which application threads were stopped: 0.0004459 seconds, Stopping threads took: 0.0000690 seconds
[2022-02-07T17:23:49.283+0000][1930.309s][debug][safepoint     ] Safepoint synchronization initiated. (300 threads)
[2022-02-07T17:23:49.283+0000][1930.309s][info ][safepoint     ] Application time: 1.0001226 seconds
[2022-02-07T17:23:49.283+0000][1930.309s][info ][safepoint     ] Entering safepoint region: Cleanup
[2022-02-07T17:23:49.283+0000][1930.309s][info ][safepoint     ] Leaving safepoint region
[2022-02-07T17:23:49.283+0000][1930.309s][info ][safepoint     ] Total time for which application threads were stopped: 0.0004639 seconds, Stopping threads took: 0.0000707 seconds
[2022-02-07T17:23:50.283+0000][1931.309s][debug][safepoint     ] Safepoint synchronization initiated. (300 threads)
[2022-02-07T17:23:50.284+0000][1931.309s][info ][safepoint     ] Application time: 1.0001074 seconds
[2022-02-07T17:23:50.284+0000][1931.309s][info ][safepoint     ] Entering safepoint region: Cleanup
[2022-02-07T17:23:50.284+0000][1931.310s][info ][safepoint     ] Leaving safepoint region
[2022-02-07T17:23:50.284+0000][1931.310s][info ][safepoint     ] Total time for which application threads were stopped: 0.0003009 seconds, Stopping threads took: 0.0000677 seconds
[2022-02-07T17:23:51.284+0000][1932.310s][debug][safepoint     ] Safepoint synchronization initiated. (300 threads)
[2022-02-07T17:23:51.284+0000][1932.310s][info ][safepoint     ] Application time: 1.0000707 seconds
[2022-02-07T17:23:51.284+0000][1932.310s][info ][safepoint     ] Entering safepoint region: Cleanup
[2022-02-07T17:23:51.284+0000][1932.310s][info ][safepoint     ] Leaving safepoint region
[2022-02-07T17:23:51.284+0000][1932.310s][info ][safepoint     ] Total time for which application threads were stopped: 0.0003003 seconds, Stopping threads took: 0.0000694 seconds
[2022-02-07T17:23:52.284+0000][1933.310s][debug][safepoint     ] Safepoint synchronization initiated. (300 threads)
[2022-02-07T17:23:52.284+0000][1933.310s][info ][safepoint     ] Application time: 1.0001330 seconds
[2022-02-07T17:23:52.284+0000][1933.310s][info ][safepoint     ] Entering safepoint region: Cleanup
[2022-02-07T17:23:52.285+0000][1933.311s][info ][safepoint     ] Leaving safepoint region
[2022-02-07T17:23:52.285+0000][1933.311s][info ][safepoint     ] Total time for which application threads were stopped: 0.0004828 seconds, Stopping threads took: 0.0000815 seconds
[2022-02-07T17:23:53.285+0000][1934.311s][debug][safepoint     ] Safepoint synchronization initiated. (300 threads)
[2022-02-07T17:23:53.285+0000][1934.311s][info ][safepoint     ] Application time: 1.0001139 seconds
[2022-02-07T17:23:53.285+0000][1934.311s][info ][safepoint     ] Entering safepoint region: Cleanup
[2022-02-07T17:23:53.285+0000][1934.311s][info ][safepoint     ] Leaving safepoint region
[2022-02-07T17:23:53.285+0000][1934.311s][info ][safepoint     ] Total time for which application threads were stopped: 0.0003334 seconds, Stopping threads took: 0.0000846 seconds
[2022-02-07T17:23:53.658+0000][1934.684s][debug][safepoint     ] Safepoint synchronization initiated. (300 threads)
[2022-02-07T17:23:53.658+0000][1934.684s][info ][safepoint     ] Application time: 0.3724978 seconds
[2022-02-07T17:23:53.658+0000][1934.684s][info ][safepoint     ] Entering safepoint region: G1CollectForAllocation
[2022-02-07T17:23:53.658+0000][1934.684s][info ][gc,start      ] GC(164) Pause Young (Normal) (G1 Evacuation Pause)
[2022-02-07T17:23:53.658+0000][1934.684s][info ][gc,task       ] GC(164) Using 4 workers of 4 for evacuation
[2022-02-07T17:23:53.667+0000][1934.692s][info ][gc,phases     ] GC(164)   Pre Evacuate Collection Set: 0.0ms
[2022-02-07T17:23:53.667+0000][1934.692s][info ][gc,phases     ] GC(164)   Evacuate Collection Set: 4.0ms
[2022-02-07T17:23:53.667+0000][1934.692s][info ][gc,phases     ] GC(164)   Post Evacuate Collection Set: 4.1ms
[2022-02-07T17:23:53.667+0000][1934.692s][info ][gc,phases     ] GC(164)   Other: 0.3ms
[2022-02-07T17:23:53.667+0000][1934.692s][info ][gc,heap       ] GC(164) Eden regions: 235->0(235)
[2022-02-07T17:23:53.667+0000][1934.693s][info ][gc,heap       ] GC(164) Survivor regions: 2->2(30)
[2022-02-07T17:23:53.667+0000][1934.693s][info ][gc,heap       ] GC(164) Old regions: 148->148
[2022-02-07T17:23:53.667+0000][1934.693s][info ][gc,heap       ] GC(164) Humongous regions: 0->0
[2022-02-07T17:23:53.667+0000][1934.693s][info ][gc,metaspace  ] GC(164) Metaspace: 163148K->163148K(1204224K)
[2022-02-07T17:23:53.667+0000][1934.693s][info ][gc            ] GC(164) Pause Young (Normal) (G1 Evacuation Pause) 382M->147M(430M) 8.497ms
[2022-02-07T17:23:53.667+0000][1934.693s][info ][gc,cpu        ] GC(164) User=0.01s Sys=0.00s Real=0.01s
[2022-02-07T17:23:53.667+0000][1934.693s][info ][safepoint     ] Leaving safepoint region
[2022-02-07T17:23:53.667+0000][1934.693s][info ][safepoint     ] Total time for which application threads were stopped: 0.0089354 seconds, Stopping threads took: 0.0000718 seconds
[2022-02-07T17:23:53.667+0000][1934.693s][info ][gc,stringdedup] Concurrent String Deduplication (1934.693s)
[2022-02-07T17:23:53.667+0000][1934.693s][info ][gc,stringdedup] Concurrent String Deduplication 3800.0B->0.0B(3800.0B) avg 53.5% (1934.693s, 1934.693s) 0.039ms
[2022-02-07T17:23:54.667+0000][1935.693s][debug][safepoint     ] Safepoint synchronization initiated. (300 threads)
[2022-02-07T17:23:54.667+0000][1935.693s][info ][safepoint     ] Application time: 1.0001265 seconds
[2022-02-07T17:23:54.667+0000][1935.693s][info ][safepoint     ] Entering safepoint region: Cleanup
[2022-02-07T17:23:54.667+0000][1935.693s][info ][safepoint     ] Leaving safepoint region
[2022-02-07T17:23:54.667+0000][1935.693s][info ][safepoint     ] Total time for which application threads were stopped: 0.0002480 seconds, Stopping threads took: 0.0000723 seconds
[2022-02-07T17:23:55.667+0000][1936.693s][debug][safepoint     ] Safepoint synchronization initiated. (300 threads)
[2022-02-07T17:23:55.667+0000][1936.693s][info ][safepoint     ] Application time: 1.0000747 seconds
[2022-02-07T17:23:55.667+0000][1936.693s][info ][safepoint     ] Entering safepoint region: Cleanup
[2022-02-07T17:23:55.668+0000][1936.693s][info ][safepoint     ] Leaving safepoint region
[2022-02-07T17:23:55.668+0000][1936.693s][info ][safepoint     ] Total time for which application threads were stopped: 0.0003316 seconds, Stopping threads took: 0.0000685 seconds
[2022-02-07T17:23:56.668+0000][1937.694s][debug][safepoint     ] Safepoint synchronization initiated. (300 threads)
[2022-02-07T17:23:56.668+0000][1937.694s][info ][safepoint     ] Application time: 1.0001083 seconds
[2022-02-07T17:23:56.668+0000][1937.694s][info ][safepoint     ] Entering safepoint region: Cleanup
[2022-02-07T17:23:56.668+0000][1937.694s][info ][safepoint     ] Leaving safepoint region
[2022-02-07T17:23:56.668+0000][1937.694s][info ][safepoint     ] Total time for which application threads were stopped: 0.0004562 seconds, Stopping threads took: 0.0000703 seconds
[2022-02-07T17:23:57.668+0000][1938.694s][debug][safepoint     ] Safepoint synchronization initiated. (300 threads)
[2022-02-07T17:23:57.668+0000][1938.694s][info ][safepoint     ] Application time: 1.0001418 seconds
[2022-02-07T17:23:57.668+0000][1938.694s][info ][safepoint     ] Entering safepoint region: Cleanup
[2022-02-07T17:23:57.669+0000][1938.695s][info ][safepoint     ] Leaving safepoint region
[2022-02-07T17:23:57.669+0000][1938.695s][info ][safepoint     ] Total time for which application threads were stopped: 0.0003269 seconds, Stopping threads took: 0.0000720 seconds
[2022-02-07T17:23:58.669+0000][1939.695s][debug][safepoint     ] Safepoint synchronization initiated. (300 threads)
[2022-02-07T17:23:58.669+0000][1939.695s][info ][safepoint     ] Application time: 1.0001282 seconds
[2022-02-07T17:23:58.669+0000][1939.695s][debug][safepoint     ] Waiting for 1 thread(s) to block
[2022-02-07T17:23:58.669+0000][1939.695s][info ][safepoint     ] Entering safepoint region: Cleanup
[2022-02-07T17:23:58.669+0000][1939.695s][info ][safepoint     ] Leaving safepoint region
[2022-02-07T17:23:58.669+0000][1939.695s][info ][safepoint     ] Total time for which application threads were stopped: 0.0003959 seconds, Stopping threads took: 0.0001389 seconds
[2022-02-07T17:23:59.669+0000][1940.695s][debug][safepoint     ] Safepoint synchronization initiated. (300 threads)
[2022-02-07T17:23:59.669+0000][1940.695s][info ][safepoint     ] Application time: 1.0001085 seconds
[2022-02-07T17:23:59.669+0000][1940.695s][info ][safepoint     ] Entering safepoint region: Cleanup
[2022-02-07T17:23:59.670+0000][1940.696s][info ][safepoint     ] Leaving safepoint region
[2022-02-07T17:23:59.670+0000][1940.696s][info ][safepoint     ] Total time for which application threads were stopped: 0.0003145 seconds, Stopping threads took: 0.0000670 seconds
[2022-02-07T17:24:00.670+0000][1941.696s][debug][safepoint     ] Safepoint synchronization initiated. (300 threads)
[2022-02-07T17:24:00.670+0000][1941.696s][info ][safepoint     ] Application time: 1.0001133 seconds
[2022-02-07T17:24:00.670+0000][1941.696s][info ][safepoint     ] Entering safepoint region: Cleanup
[2022-02-07T17:24:00.670+0000][1941.696s][info ][safepoint     ] Leaving safepoint region
[2022-02-07T17:24:00.670+0000][1941.696s][info ][safepoint     ] Total time for which application threads were stopped: 0.0003025 seconds, Stopping threads took: 0.0000712 seconds
[2022-02-07T17:24:01.670+0000][1942.696s][debug][safepoint     ] Safepoint synchronization initiated. (300 threads)
[2022-02-07T17:24:01.670+0000][1942.696s][info ][safepoint     ] Application time: 1.0001247 seconds
[2022-02-07T17:24:01.670+0000][1942.696s][info ][safepoint     ] Entering safepoint region: Cleanup
[2022-02-07T17:24:01.671+0000][1942.696s][info ][safepoint     ] Leaving safepoint region
[2022-02-07T17:24:01.671+0000][1942.696s][info ][safepoint     ] Total time for which application threads were stopped: 0.0003074 seconds, Stopping threads took: 0.0000736 seconds
[2022-02-07T17:24:02.671+0000][1943.697s][debug][safepoint     ] Safepoint synchronization initiated. (300 threads)
[2022-02-07T17:24:02.671+0000][1943.697s][info ][safepoint     ] Application time: 1.0001265 seconds
[2022-02-07T17:24:02.671+0000][1943.697s][info ][safepoint     ] Entering safepoint region: Cleanup
[2022-02-07T17:24:02.671+0000][1943.697s][info ][safepoint     ] Leaving safepoint region
[2022-02-07T17:24:02.671+0000][1943.697s][info ][safepoint     ] Total time for which application threads were stopped: 0.0003029 seconds, Stopping threads took: 0.0000712 seconds
[2022-02-07T17:24:02.671+0000][1943.697s][debug][safepoint     ] ... found polling page return exception at pc = 0x00007f11b4fc1a06, stub =0x00007f11ac8beb80
[2022-02-07T17:24:03.671+0000][1944.697s][debug][safepoint     ] Safepoint synchronization initiated. (300 threads)
[2022-02-07T17:24:03.671+0000][1944.697s][info ][safepoint     ] Application time: 1.0001279 seconds
[2022-02-07T17:24:03.671+0000][1944.697s][info ][safepoint     ] Entering safepoint region: Cleanup
[2022-02-07T17:24:03.671+0000][1944.697s][info ][safepoint     ] Leaving safepoint region
[2022-02-07T17:24:03.671+0000][1944.697s][info ][safepoint     ] Total time for which application threads were stopped: 0.0003362 seconds, Stopping threads took: 0.0000988 seconds
[2022-02-07T17:24:04.672+0000][1945.697s][debug][safepoint     ] Safepoint synchronization initiated. (300 threads)
[2022-02-07T17:24:04.672+0000][1945.697s][info ][safepoint     ] Application time: 1.0001150 seconds
[2022-02-07T17:24:04.672+0000][1945.698s][info ][safepoint     ] Entering safepoint region: Cleanup
[2022-02-07T17:24:04.672+0000][1945.698s][info ][safepoint     ] Leaving safepoint region
[2022-02-07T17:24:04.672+0000][1945.698s][info ][safepoint     ] Total time for which application threads were stopped: 0.0003436 seconds, Stopping threads took: 0.0000743 seconds
[2022-02-07T17:24:05.672+0000][1946.698s][debug][safepoint     ] Safepoint synchronization initiated. (300 threads)
[2022-02-07T17:24:05.672+0000][1946.698s][info ][safepoint     ] Application time: 1.0001798 seconds
[2022-02-07T17:24:05.672+0000][1946.698s][info ][safepoint     ] Entering safepoint region: Cleanup
[2022-02-07T17:24:05.672+0000][1946.698s][info ][safepoint     ] Leaving safepoint region
[2022-02-07T17:24:05.672+0000][1946.698s][info ][safepoint     ] Total time for which application threads were stopped: 0.0003028 seconds, Stopping threads took: 0.0000735 seconds
[2022-02-07T17:24:06.673+0000][1947.698s][debug][safepoint     ] Safepoint synchronization initiated. (300 threads)
[2022-02-07T17:24:06.673+0000][1947.698s][info ][safepoint     ] Application time: 1.0001226 seconds
[2022-02-07T17:24:06.673+0000][1947.699s][info ][safepoint     ] Entering safepoint region: Cleanup
[2022-02-07T17:24:06.673+0000][1947.699s][info ][safepoint     ] Leaving safepoint region
[2022-02-07T17:24:06.673+0000][1947.699s][info ][safepoint     ] Total time for which application threads were stopped: 0.0003240 seconds, Stopping threads took: 0.0000688 seconds
[2022-02-07T17:24:07.673+0000][1948.699s][debug][safepoint     ] Safepoint synchronization initiated. (300 threads)
[2022-02-07T17:24:07.673+0000][1948.699s][info ][safepoint     ] Application time: 1.0001114 seconds
[2022-02-07T17:24:07.673+0000][1948.699s][info ][safepoint     ] Entering safepoint region: Cleanup
[2022-02-07T17:24:07.673+0000][1948.699s][info ][safepoint     ] Leaving safepoint region
[2022-02-07T17:24:07.673+0000][1948.699s][info ][safepoint     ] Total time for which application threads were stopped: 0.0002954 seconds, Stopping threads took: 0.0000680 seconds
[2022-02-07T17:24:08.428+0000][1949.454s][debug][safepoint     ] Safepoint synchronization initiated. (300 threads)
[2022-02-07T17:24:08.428+0000][1949.454s][info ][safepoint     ] Application time: 0.7550995 seconds
[2022-02-07T17:24:08.428+0000][1949.454s][debug][safepoint     ] ... found polling page return exception at pc = 0x00007f11b45ef5be, stub =0x00007f11ac8beb80
[2022-02-07T17:24:08.429+0000][1949.454s][debug][safepoint     ] Waiting for 1 thread(s) to block
[2022-02-07T17:24:08.429+0000][1949.454s][info ][safepoint     ] Entering safepoint region: G1CollectForAllocation
[2022-02-07T17:24:08.429+0000][1949.455s][info ][gc,start      ] GC(165) Pause Young (Normal) (G1 Evacuation Pause)
[2022-02-07T17:24:08.429+0000][1949.455s][info ][gc,task       ] GC(165) Using 4 workers of 4 for evacuation
[2022-02-07T17:24:08.452+0000][1949.478s][info ][gc,phases     ] GC(165)   Pre Evacuate Collection Set: 0.0ms
[2022-02-07T17:24:08.452+0000][1949.478s][info ][gc,phases     ] GC(165)   Evacuate Collection Set: 14.8ms
[2022-02-07T17:24:08.452+0000][1949.478s][info ][gc,phases     ] GC(165)   Post Evacuate Collection Set: 7.9ms
[2022-02-07T17:24:08.452+0000][1949.478s][info ][gc,phases     ] GC(165)   Other: 0.3ms
[2022-02-07T17:24:08.452+0000][1949.478s][info ][gc,heap       ] GC(165) Eden regions: 235->0(235)
[2022-02-07T17:24:08.452+0000][1949.478s][info ][gc,heap       ] GC(165) Survivor regions: 2->2(30)
[2022-02-07T17:24:08.452+0000][1949.478s][info ][gc,heap       ] GC(165) Old regions: 148->148
[2022-02-07T17:24:08.452+0000][1949.478s][info ][gc,heap       ] GC(165) Humongous regions: 0->0
[2022-02-07T17:24:08.452+0000][1949.478s][info ][gc,metaspace  ] GC(165) Metaspace: 163163K->163163K(1204224K)
[2022-02-07T17:24:08.452+0000][1949.478s][info ][gc            ] GC(165) Pause Young (Normal) (G1 Evacuation Pause) 382M->147M(430M) 23.072ms
[2022-02-07T17:24:08.452+0000][1949.478s][info ][gc,cpu        ] GC(165) User=0.02s Sys=0.00s Real=0.02s
[2022-02-07T17:24:08.452+0000][1949.478s][info ][safepoint     ] Leaving safepoint region
[2022-02-07T17:24:08.452+0000][1949.478s][info ][safepoint     ] Total time for which application threads were stopped: 0.0235369 seconds, Stopping threads took: 0.0000941 seconds
[2022-02-07T17:24:08.453+0000][1949.478s][info ][gc,stringdedup] Concurrent String Deduplication (1949.478s)
[2022-02-07T17:24:08.453+0000][1949.478s][info ][gc,stringdedup] Concurrent String Deduplication 1008.0B->0.0B(1008.0B) avg 53.5% (1949.478s, 1949.478s) 0.062ms
[2022-02-07T17:24:09.452+0000][1950.478s][debug][safepoint     ] Safepoint synchronization initiated. (300 threads)
[2022-02-07T17:24:09.452+0000][1950.478s][info ][safepoint     ] Application time: 1.0001223 seconds
[2022-02-07T17:24:09.452+0000][1950.478s][info ][safepoint     ] Entering safepoint region: Cleanup
[2022-02-07T17:24:09.453+0000][1950.479s][info ][safepoint     ] Leaving safepoint region
[2022-02-07T17:24:09.453+0000][1950.479s][info ][safepoint     ] Total time for which application threads were stopped: 0.0005227 seconds, Stopping threads took: 0.0000912 seconds
[2022-02-07T17:24:10.453+0000][1951.479s][debug][safepoint     ] Safepoint synchronization initiated. (300 threads)
[2022-02-07T17:24:10.453+0000][1951.479s][info ][safepoint     ] Application time: 1.0001339 seconds
[2022-02-07T17:24:10.453+0000][1951.479s][info ][safepoint     ] Entering safepoint region: Cleanup
[2022-02-07T17:24:10.453+0000][1951.479s][info ][safepoint     ] Leaving safepoint region
[2022-02-07T17:24:10.453+0000][1951.479s][info ][safepoint     ] Total time for which application threads were stopped: 0.0003629 seconds, Stopping threads took: 0.0000775 seconds
[2022-02-07T17:24:11.453+0000][1952.479s][debug][safepoint     ] Safepoint synchronization initiated. (300 threads)
[2022-02-07T17:24:11.453+0000][1952.479s][info ][safepoint     ] Application time: 1.0001688 seconds
[2022-02-07T17:24:11.453+0000][1952.479s][info ][safepoint     ] Entering safepoint region: Cleanup
[2022-02-07T17:24:11.454+0000][1952.480s][info ][safepoint     ] Leaving safepoint region
[2022-02-07T17:24:11.454+0000][1952.480s][info ][safepoint     ] Total time for which application threads were stopped: 0.0002603 seconds, Stopping threads took: 0.0000936 seconds
[2022-02-07T17:24:12.454+0000][1953.480s][debug][safepoint     ] Safepoint synchronization initiated. (300 threads)
[2022-02-07T17:24:12.454+0000][1953.480s][info ][safepoint     ] Application time: 1.0001260 seconds
[2022-02-07T17:24:12.454+0000][1953.480s][info ][safepoint     ] Entering safepoint region: Cleanup
[2022-02-07T17:24:12.454+0000][1953.480s][info ][safepoint     ] Leaving safepoint region
[2022-02-07T17:24:12.454+0000][1953.480s][info ][safepoint     ] Total time for which application threads were stopped: 0.0002464 seconds, Stopping threads took: 0.0000698 seconds
[2022-02-07T17:24:13.454+0000][1954.480s][debug][safepoint     ] Safepoint synchronization initiated. (300 threads)
[2022-02-07T17:24:13.454+0000][1954.480s][info ][safepoint     ] Application time: 1.0001206 seconds
[2022-02-07T17:24:13.454+0000][1954.480s][info ][safepoint     ] Entering safepoint region: Cleanup
[2022-02-07T17:24:13.454+0000][1954.480s][info ][safepoint     ] Leaving safepoint region
[2022-02-07T17:24:13.454+0000][1954.480s][info ][safepoint     ] Total time for which application threads were stopped: 0.0002428 seconds, Stopping threads took: 0.0000707 seconds
[2022-02-07T17:24:14.455+0000][1955.480s][debug][safepoint     ] Safepoint synchronization initiated. (300 threads)
[2022-02-07T17:24:14.455+0000][1955.480s][info ][safepoint     ] Application time: 1.0001232 seconds
[2022-02-07T17:24:14.455+0000][1955.480s][info ][safepoint     ] Entering safepoint region: Cleanup
[2022-02-07T17:24:14.455+0000][1955.481s][info ][safepoint     ] Leaving safepoint region
[2022-02-07T17:24:14.455+0000][1955.481s][info ][safepoint     ] Total time for which application threads were stopped: 0.0002403 seconds, Stopping threads took: 0.0000700 seconds
[2022-02-07T17:24:15.455+0000][1956.481s][debug][safepoint     ] Safepoint synchronization initiated. (300 threads)
[2022-02-07T17:24:15.455+0000][1956.481s][info ][safepoint     ] Application time: 1.0001195 seconds
[2022-02-07T17:24:15.455+0000][1956.481s][info ][safepoint     ] Entering safepoint region: Cleanup
[2022-02-07T17:24:15.455+0000][1956.481s][info ][safepoint     ] Leaving safepoint region
[2022-02-07T17:24:15.455+0000][1956.481s][info ][safepoint     ] Total time for which application threads were stopped: 0.0002638 seconds, Stopping threads took: 0.0000700 seconds
[2022-02-07T17:24:16.455+0000][1957.481s][debug][safepoint     ] Safepoint synchronization initiated. (300 threads)
[2022-02-07T17:24:16.455+0000][1957.481s][info ][safepoint     ] Application time: 1.0001182 seconds
[2022-02-07T17:24:16.455+0000][1957.481s][info ][safepoint     ] Entering safepoint region: Cleanup
[2022-02-07T17:24:16.456+0000][1957.481s][info ][safepoint     ] Leaving safepoint region
[2022-02-07T17:24:16.456+0000][1957.481s][info ][safepoint     ] Total time for which application threads were stopped: 0.0002423 seconds, Stopping threads took: 0.0000722 seconds
[2022-02-07T17:24:17.456+0000][1958.482s][debug][safepoint     ] Safepoint synchronization initiated. (300 threads)
[2022-02-07T17:24:17.456+0000][1958.482s][info ][safepoint     ] Application time: 1.0001231 seconds
[2022-02-07T17:24:17.456+0000][1958.482s][info ][safepoint     ] Entering safepoint region: Cleanup
[2022-02-07T17:24:17.456+0000][1958.482s][info ][safepoint     ] Leaving safepoint region
[2022-02-07T17:24:17.456+0000][1958.482s][info ][safepoint     ] Total time for which application threads were stopped: 0.0002644 seconds, Stopping threads took: 0.0000735 seconds
[2022-02-07T17:24:18.456+0000][1959.482s][debug][safepoint     ] Safepoint synchronization initiated. (300 threads)
[2022-02-07T17:24:18.456+0000][1959.482s][info ][safepoint     ] Application time: 1.0001218 seconds
[2022-02-07T17:24:18.456+0000][1959.482s][info ][safepoint     ] Entering safepoint region: Cleanup
[2022-02-07T17:24:18.456+0000][1959.482s][info ][safepoint     ] Leaving safepoint region
[2022-02-07T17:24:18.456+0000][1959.482s][info ][safepoint     ] Total time for which application threads were stopped: 0.0002902 seconds, Stopping threads took: 0.0000702 seconds
[2022-02-07T17:24:19.456+0000][1960.482s][debug][safepoint     ] Safepoint synchronization initiated. (300 threads)
[2022-02-07T17:24:19.457+0000][1960.482s][info ][safepoint     ] Application time: 1.0001172 seconds
[2022-02-07T17:24:19.457+0000][1960.482s][info ][safepoint     ] Entering safepoint region: Cleanup
[2022-02-07T17:24:19.457+0000][1960.483s][info ][safepoint     ] Leaving safepoint region
[2022-02-07T17:24:19.457+0000][1960.483s][info ][safepoint     ] Total time for which application threads were stopped: 0.0002534 seconds, Stopping threads took: 0.0000706 seconds
[2022-02-07T17:24:20.457+0000][1961.483s][debug][safepoint     ] Safepoint synchronization initiated. (300 threads)
[2022-02-07T17:24:20.457+0000][1961.483s][info ][safepoint     ] Application time: 1.0001188 seconds
[2022-02-07T17:24:20.457+0000][1961.483s][info ][safepoint     ] Entering safepoint region: Cleanup
[2022-02-07T17:24:20.457+0000][1961.483s][info ][safepoint     ] Leaving safepoint region
[2022-02-07T17:24:20.457+0000][1961.483s][info ][safepoint     ] Total time for which application threads were stopped: 0.0003295 seconds, Stopping threads took: 0.0000696 seconds
[2022-02-07T17:24:21.457+0000][1962.483s][debug][safepoint     ] Safepoint synchronization initiated. (300 threads)
[2022-02-07T17:24:21.457+0000][1962.483s][info ][safepoint     ] Application time: 1.0001408 seconds
[2022-02-07T17:24:21.457+0000][1962.483s][info ][safepoint     ] Entering safepoint region: Cleanup
[2022-02-07T17:24:21.458+0000][1962.484s][info ][safepoint     ] Leaving safepoint region
[2022-02-07T17:24:21.458+0000][1962.484s][info ][safepoint     ] Total time for which application threads were stopped: 0.0003055 seconds, Stopping threads took: 0.0000689 seconds
[2022-02-07T17:24:22.458+0000][1963.484s][debug][safepoint     ] Safepoint synchronization initiated. (300 threads)
[2022-02-07T17:24:22.458+0000][1963.484s][info ][safepoint     ] Application time: 1.0001214 seconds
[2022-02-07T17:24:22.458+0000][1963.484s][info ][safepoint     ] Entering safepoint region: Cleanup
[2022-02-07T17:24:22.458+0000][1963.484s][info ][safepoint     ] Leaving safepoint region
[2022-02-07T17:24:22.458+0000][1963.484s][info ][safepoint     ] Total time for which application threads were stopped: 0.0003197 seconds, Stopping threads took: 0.0000716 seconds
[2022-02-07T17:24:23.458+0000][1964.484s][debug][safepoint     ] Safepoint synchronization initiated. (300 threads)
[2022-02-07T17:24:23.458+0000][1964.484s][info ][safepoint     ] Application time: 1.0001610 seconds
[2022-02-07T17:24:23.458+0000][1964.484s][info ][safepoint     ] Entering safepoint region: Cleanup
[2022-02-07T17:24:23.459+0000][1964.485s][info ][safepoint     ] Leaving safepoint region
[2022-02-07T17:24:23.459+0000][1964.485s][info ][safepoint     ] Total time for which application threads were stopped: 0.0003469 seconds, Stopping threads took: 0.0000782 seconds
[2022-02-07T17:24:23.600+0000][1964.625s][debug][safepoint     ] Safepoint synchronization initiated. (300 threads)
[2022-02-07T17:24:23.600+0000][1964.625s][info ][safepoint     ] Application time: 0.1409012 seconds
[2022-02-07T17:24:23.600+0000][1964.626s][info ][safepoint     ] Entering safepoint region: G1CollectForAllocation
[2022-02-07T17:24:23.600+0000][1964.626s][info ][gc,start      ] GC(166) Pause Young (Normal) (G1 Evacuation Pause)
[2022-02-07T17:24:23.600+0000][1964.626s][info ][gc,task       ] GC(166) Using 4 workers of 4 for evacuation
[2022-02-07T17:24:23.608+0000][1964.634s][info ][gc,phases     ] GC(166)   Pre Evacuate Collection Set: 0.0ms
[2022-02-07T17:24:23.608+0000][1964.634s][info ][gc,phases     ] GC(166)   Evacuate Collection Set: 3.9ms
[2022-02-07T17:24:23.608+0000][1964.634s][info ][gc,phases     ] GC(166)   Post Evacuate Collection Set: 4.2ms
[2022-02-07T17:24:23.608+0000][1964.634s][info ][gc,phases     ] GC(166)   Other: 0.3ms
[2022-02-07T17:24:23.608+0000][1964.634s][info ][gc,heap       ] GC(166) Eden regions: 235->0(236)
[2022-02-07T17:24:23.608+0000][1964.634s][info ][gc,heap       ] GC(166) Survivor regions: 2->1(30)
[2022-02-07T17:24:23.608+0000][1964.634s][info ][gc,heap       ] GC(166) Old regions: 148->148
[2022-02-07T17:24:23.608+0000][1964.634s][info ][gc,heap       ] GC(166) Humongous regions: 0->0
[2022-02-07T17:24:23.608+0000][1964.634s][info ][gc,metaspace  ] GC(166) Metaspace: 163178K->163178K(1204224K)
[2022-02-07T17:24:23.608+0000][1964.634s][info ][gc            ] GC(166) Pause Young (Normal) (G1 Evacuation Pause) 382M->147M(430M) 8.427ms
[2022-02-07T17:24:23.608+0000][1964.634s][info ][gc,cpu        ] GC(166) User=0.01s Sys=0.00s Real=0.01s
[2022-02-07T17:24:23.608+0000][1964.634s][info ][safepoint     ] Leaving safepoint region
[2022-02-07T17:24:23.608+0000][1964.634s][info ][safepoint     ] Total time for which application threads were stopped: 0.0088406 seconds, Stopping threads took: 0.0000681 seconds
[2022-02-07T17:24:23.609+0000][1964.635s][info ][gc,stringdedup] Concurrent String Deduplication (1964.635s)
[2022-02-07T17:24:23.609+0000][1964.635s][info ][gc,stringdedup] Concurrent String Deduplication 824.0B->0.0B(824.0B) avg 53.5% (1964.635s, 1964.635s) 0.027ms
[2022-02-07T17:24:24.609+0000][1965.635s][debug][safepoint     ] Safepoint synchronization initiated. (300 threads)
[2022-02-07T17:24:24.610+0000][1965.635s][info ][safepoint     ] Application time: 1.0010396 seconds
[2022-02-07T17:24:24.610+0000][1965.635s][info ][safepoint     ] Entering safepoint region: Cleanup
[2022-02-07T17:24:24.610+0000][1965.636s][info ][safepoint     ] Leaving safepoint region
[2022-02-07T17:24:24.610+0000][1965.636s][info ][safepoint     ] Total time for which application threads were stopped: 0.0004988 seconds, Stopping threads took: 0.0000725 seconds
[2022-02-07T17:24:25.610+0000][1966.636s][debug][safepoint     ] Safepoint synchronization initiated. (301 threads)
[2022-02-07T17:24:25.610+0000][1966.636s][info ][safepoint     ] Application time: 1.0001599 seconds
[2022-02-07T17:24:25.610+0000][1966.636s][debug][safepoint     ] ... found polling page return exception at pc = 0x00007f11b489c486, stub =0x00007f11ac8beb80
[2022-02-07T17:24:25.610+0000][1966.636s][debug][safepoint     ] Waiting for 1 thread(s) to block
[2022-02-07T17:24:25.610+0000][1966.636s][info ][safepoint     ] Entering safepoint region: Cleanup
[2022-02-07T17:24:25.611+0000][1966.636s][info ][safepoint     ] Leaving safepoint region
[2022-02-07T17:24:25.611+0000][1966.636s][info ][safepoint     ] Total time for which application threads were stopped: 0.0003890 seconds, Stopping threads took: 0.0001733 seconds
[2022-02-07T17:24:26.611+0000][1967.637s][debug][safepoint     ] Safepoint synchronization initiated. (301 threads)
[2022-02-07T17:24:26.611+0000][1967.637s][info ][safepoint     ] Application time: 1.0001208 seconds
[2022-02-07T17:24:26.611+0000][1967.637s][info ][safepoint     ] Entering safepoint region: Cleanup
[2022-02-07T17:24:26.611+0000][1967.637s][info ][safepoint     ] Leaving safepoint region
[2022-02-07T17:24:26.611+0000][1967.637s][info ][safepoint     ] Total time for which application threads were stopped: 0.0003041 seconds, Stopping threads took: 0.0000701 seconds
[2022-02-07T17:24:27.611+0000][1968.637s][debug][safepoint     ] Safepoint synchronization initiated. (301 threads)
[2022-02-07T17:24:27.611+0000][1968.637s][info ][safepoint     ] Application time: 1.0001401 seconds
[2022-02-07T17:24:27.611+0000][1968.637s][info ][safepoint     ] Entering safepoint region: Cleanup
[2022-02-07T17:24:27.612+0000][1968.637s][info ][safepoint     ] Leaving safepoint region
[2022-02-07T17:24:27.612+0000][1968.637s][info ][safepoint     ] Total time for which application threads were stopped: 0.0003176 seconds, Stopping threads took: 0.0000696 seconds
[2022-02-07T17:24:28.612+0000][1969.637s][debug][safepoint     ] Safepoint synchronization initiated. (301 threads)
[2022-02-07T17:24:28.612+0000][1969.638s][info ][safepoint     ] Application time: 1.0001002 seconds
[2022-02-07T17:24:28.612+0000][1969.638s][info ][safepoint     ] Entering safepoint region: Cleanup
[2022-02-07T17:24:28.612+0000][1969.638s][info ][safepoint     ] Leaving safepoint region
[2022-02-07T17:24:28.612+0000][1969.638s][info ][safepoint     ] Total time for which application threads were stopped: 0.0002585 seconds, Stopping threads took: 0.0000653 seconds
[2022-02-07T17:24:29.612+0000][1970.638s][debug][safepoint     ] Safepoint synchronization initiated. (301 threads)
[2022-02-07T17:24:29.985+0000][1971.011s][info ][safepoint     ] Application time: 1.3727204 seconds
[2022-02-07T17:24:29.985+0000][1971.011s][debug][safepoint     ] ... found polling page loop exception at pc = 0x00007f11b4d17549, stub =0x00007f11ac8be900
[2022-02-07T17:24:29.985+0000][1971.011s][debug][safepoint     ] Waiting for 1 thread(s) to block
[2022-02-07T17:24:29.985+0000][1971.011s][info ][safepoint     ] Entering safepoint region: Cleanup
[2022-02-07T17:24:29.985+0000][1971.011s][info ][safepoint     ] Leaving safepoint region
[2022-02-07T17:24:29.985+0000][1971.011s][info ][safepoint     ] Total time for which application threads were stopped: 0.0003343 seconds, Stopping threads took: 0.0001319 seconds
[2022-02-07T17:24:30.985+0000][1972.011s][debug][safepoint     ] Safepoint synchronization initiated. (301 threads)
[2022-02-07T17:24:30.985+0000][1972.011s][info ][safepoint     ] Application time: 1.0001176 seconds
[2022-02-07T17:24:30.985+0000][1972.011s][info ][safepoint     ] Entering safepoint region: Cleanup
[2022-02-07T17:24:30.985+0000][1972.011s][info ][safepoint     ] Leaving safepoint region
[2022-02-07T17:24:30.985+0000][1972.011s][info ][safepoint     ] Total time for which application threads were stopped: 0.0002636 seconds, Stopping threads took: 0.0000634 seconds
[2022-02-07T17:24:31.986+0000][1973.011s][debug][safepoint     ] Safepoint synchronization initiated. (301 threads)
[2022-02-07T17:24:31.986+0000][1973.011s][info ][safepoint     ] Application time: 1.0001273 seconds
[2022-02-07T17:24:31.986+0000][1973.012s][info ][safepoint     ] Entering safepoint region: Cleanup
[2022-02-07T17:24:31.986+0000][1973.012s][info ][safepoint     ] Leaving safepoint region
[2022-02-07T17:24:31.986+0000][1973.012s][info ][safepoint     ] Total time for which application threads were stopped: 0.0004403 seconds, Stopping threads took: 0.0000687 seconds
[2022-02-07T17:24:32.986+0000][1974.012s][debug][safepoint     ] Safepoint synchronization initiated. (301 threads)
[2022-02-07T17:24:32.986+0000][1974.012s][info ][safepoint     ] Application time: 1.0001372 seconds
[2022-02-07T17:24:32.986+0000][1974.012s][info ][safepoint     ] Entering safepoint region: Cleanup
[2022-02-07T17:24:32.987+0000][1974.012s][info ][safepoint     ] Leaving safepoint region
[2022-02-07T17:24:32.987+0000][1974.013s][info ][safepoint     ] Total time for which application threads were stopped: 0.0004620 seconds, Stopping threads took: 0.0000757 seconds
[2022-02-07T17:24:33.987+0000][1975.013s][debug][safepoint     ] Safepoint synchronization initiated. (301 threads)
[2022-02-07T17:24:33.987+0000][1975.013s][info ][safepoint     ] Application time: 1.0001079 seconds
[2022-02-07T17:24:33.987+0000][1975.013s][info ][safepoint     ] Entering safepoint region: Cleanup
[2022-02-07T17:24:33.987+0000][1975.013s][info ][safepoint     ] Leaving safepoint region
[2022-02-07T17:24:33.987+0000][1975.013s][info ][safepoint     ] Total time for which application threads were stopped: 0.0002503 seconds, Stopping threads took: 0.0000609 seconds
[2022-02-07T17:24:34.987+0000][1976.013s][debug][safepoint     ] Safepoint synchronization initiated. (301 threads)
[2022-02-07T17:24:34.987+0000][1976.013s][info ][safepoint     ] Application time: 1.0001172 seconds
[2022-02-07T17:24:34.987+0000][1976.013s][info ][safepoint     ] Entering safepoint region: Cleanup
[2022-02-07T17:24:34.987+0000][1976.013s][info ][safepoint     ] Leaving safepoint region
[2022-02-07T17:24:34.987+0000][1976.013s][info ][safepoint     ] Total time for which application threads were stopped: 0.0003340 seconds, Stopping threads took: 0.0000898 seconds
[2022-02-07T17:24:35.988+0000][1977.013s][debug][safepoint     ] Safepoint synchronization initiated. (301 threads)
[2022-02-07T17:24:35.988+0000][1977.013s][info ][safepoint     ] Application time: 1.0001180 seconds
[2022-02-07T17:24:35.988+0000][1977.014s][info ][safepoint     ] Entering safepoint region: Cleanup
[2022-02-07T17:24:35.988+0000][1977.014s][info ][safepoint     ] Leaving safepoint region
[2022-02-07T17:24:35.988+0000][1977.014s][info ][safepoint     ] Total time for which application threads were stopped: 0.0002537 seconds, Stopping threads took: 0.0000733 seconds
[2022-02-07T17:24:36.988+0000][1978.014s][debug][safepoint     ] Safepoint synchronization initiated. (301 threads)
[2022-02-07T17:24:36.988+0000][1978.014s][info ][safepoint     ] Application time: 1.0001409 seconds
[2022-02-07T17:24:36.988+0000][1978.014s][info ][safepoint     ] Entering safepoint region: Cleanup
[2022-02-07T17:24:36.988+0000][1978.014s][info ][safepoint     ] Leaving safepoint region
[2022-02-07T17:24:36.988+0000][1978.014s][info ][safepoint     ] Total time for which application threads were stopped: 0.0003335 seconds, Stopping threads took: 0.0000768 seconds
[2022-02-07T17:24:37.988+0000][1979.014s][debug][safepoint     ] Safepoint synchronization initiated. (301 threads)
[2022-02-07T17:24:37.989+0000][1979.014s][info ][safepoint     ] Application time: 1.0001127 seconds
[2022-02-07T17:24:37.989+0000][1979.014s][info ][safepoint     ] Entering safepoint region: Cleanup
[2022-02-07T17:24:37.989+0000][1979.015s][info ][safepoint     ] Leaving safepoint region
[2022-02-07T17:24:37.989+0000][1979.015s][info ][safepoint     ] Total time for which application threads were stopped: 0.0004759 seconds, Stopping threads took: 0.0000685 seconds
[2022-02-07T17:24:38.989+0000][1980.015s][debug][safepoint     ] Safepoint synchronization initiated. (301 threads)
[2022-02-07T17:24:38.989+0000][1980.015s][info ][safepoint     ] Application time: 1.0001165 seconds
[2022-02-07T17:24:38.989+0000][1980.015s][info ][safepoint     ] Entering safepoint region: Cleanup
[2022-02-07T17:24:38.989+0000][1980.015s][info ][safepoint     ] Leaving safepoint region
[2022-02-07T17:24:38.989+0000][1980.015s][info ][safepoint     ] Total time for which application threads were stopped: 0.0003216 seconds, Stopping threads took: 0.0000693 seconds
[2022-02-07T17:24:39.990+0000][1981.015s][debug][safepoint     ] Safepoint synchronization initiated. (301 threads)
[2022-02-07T17:24:39.990+0000][1981.015s][info ][safepoint     ] Application time: 1.0001325 seconds
[2022-02-07T17:24:39.990+0000][1981.016s][info ][safepoint     ] Entering safepoint region: Cleanup
[2022-02-07T17:24:39.990+0000][1981.016s][info ][safepoint     ] Leaving safepoint region
[2022-02-07T17:24:39.990+0000][1981.016s][info ][safepoint     ] Total time for which application threads were stopped: 0.0004538 seconds, Stopping threads took: 0.0000718 seconds
[2022-02-07T17:24:40.990+0000][1982.016s][debug][safepoint     ] Safepoint synchronization initiated. (301 threads)
[2022-02-07T17:24:40.990+0000][1982.016s][info ][safepoint     ] Application time: 1.0001202 seconds
[2022-02-07T17:24:40.990+0000][1982.016s][info ][safepoint     ] Entering safepoint region: Cleanup
[2022-02-07T17:24:40.990+0000][1982.016s][info ][safepoint     ] Leaving safepoint region
[2022-02-07T17:24:40.991+0000][1982.016s][info ][safepoint     ] Total time for which application threads were stopped: 0.0003146 seconds, Stopping threads took: 0.0000716 seconds
[2022-02-07T17:24:41.557+0000][1982.582s][debug][safepoint     ] Safepoint synchronization initiated. (301 threads)
[2022-02-07T17:24:41.557+0000][1982.582s][info ][safepoint     ] Application time: 0.5660355 seconds
[2022-02-07T17:24:41.557+0000][1982.582s][info ][safepoint     ] Entering safepoint region: G1CollectForAllocation
[2022-02-07T17:24:41.557+0000][1982.583s][info ][gc,start      ] GC(167) Pause Young (Normal) (G1 Evacuation Pause)
[2022-02-07T17:24:41.557+0000][1982.583s][info ][gc,task       ] GC(167) Using 4 workers of 4 for evacuation
[2022-02-07T17:24:41.591+0000][1982.616s][info ][gc,phases     ] GC(167)   Pre Evacuate Collection Set: 0.0ms
[2022-02-07T17:24:41.591+0000][1982.616s][info ][gc,phases     ] GC(167)   Evacuate Collection Set: 28.8ms
[2022-02-07T17:24:41.591+0000][1982.616s][info ][gc,phases     ] GC(167)   Post Evacuate Collection Set: 4.7ms
[2022-02-07T17:24:41.591+0000][1982.617s][info ][gc,phases     ] GC(167)   Other: 0.2ms
[2022-02-07T17:24:41.591+0000][1982.617s][info ][gc,heap       ] GC(167) Eden regions: 236->0(235)
[2022-02-07T17:24:41.591+0000][1982.617s][info ][gc,heap       ] GC(167) Survivor regions: 1->1(30)
[2022-02-07T17:24:41.591+0000][1982.617s][info ][gc,heap       ] GC(167) Old regions: 148->149
[2022-02-07T17:24:41.591+0000][1982.617s][info ][gc,heap       ] GC(167) Humongous regions: 0->0
[2022-02-07T17:24:41.591+0000][1982.617s][info ][gc,metaspace  ] GC(167) Metaspace: 163245K->163245K(1206272K)
[2022-02-07T17:24:41.591+0000][1982.617s][info ][gc            ] GC(167) Pause Young (Normal) (G1 Evacuation Pause) 383M->147M(430M) 33.801ms
[2022-02-07T17:24:41.591+0000][1982.617s][info ][gc,cpu        ] GC(167) User=0.04s Sys=0.00s Real=0.04s
[2022-02-07T17:24:41.591+0000][1982.617s][info ][safepoint     ] Leaving safepoint region
[2022-02-07T17:24:41.591+0000][1982.617s][info ][safepoint     ] Total time for which application threads were stopped: 0.0342303 seconds, Stopping threads took: 0.0000731 seconds
[2022-02-07T17:24:41.591+0000][1982.617s][info ][gc,stringdedup] Concurrent String Deduplication (1982.617s)
[2022-02-07T17:24:41.591+0000][1982.617s][info ][gc,stringdedup] Concurrent String Deduplication 320.0B->0.0B(320.0B) avg 53.5% (1982.617s, 1982.617s) 0.030ms
[2022-02-07T17:24:42.591+0000][1983.617s][debug][safepoint     ] Safepoint synchronization initiated. (301 threads)
[2022-02-07T17:24:42.591+0000][1983.617s][info ][safepoint     ] Application time: 1.0001556 seconds
[2022-02-07T17:24:42.591+0000][1983.617s][info ][safepoint     ] Entering safepoint region: Cleanup
[2022-02-07T17:24:42.591+0000][1983.617s][info ][safepoint     ] Leaving safepoint region
[2022-02-07T17:24:42.591+0000][1983.617s][info ][safepoint     ] Total time for which application threads were stopped: 0.0003316 seconds, Stopping threads took: 0.0000679 seconds
[2022-02-07T17:24:43.591+0000][1984.617s][debug][safepoint     ] Safepoint synchronization initiated. (301 threads)
[2022-02-07T17:24:43.591+0000][1984.617s][info ][safepoint     ] Application time: 1.0001138 seconds
[2022-02-07T17:24:43.592+0000][1984.617s][info ][safepoint     ] Entering safepoint region: Cleanup
[2022-02-07T17:24:43.592+0000][1984.618s][info ][safepoint     ] Leaving safepoint region
[2022-02-07T17:24:43.592+0000][1984.618s][info ][safepoint     ] Total time for which application threads were stopped: 0.0003071 seconds, Stopping threads took: 0.0000684 seconds
[2022-02-07T17:24:44.592+0000][1985.618s][debug][safepoint     ] Safepoint synchronization initiated. (301 threads)
[2022-02-07T17:24:44.592+0000][1985.618s][info ][safepoint     ] Application time: 1.0001468 seconds
[2022-02-07T17:24:44.592+0000][1985.618s][info ][safepoint     ] Entering safepoint region: Cleanup
[2022-02-07T17:24:44.592+0000][1985.618s][info ][safepoint     ] Leaving safepoint region
[2022-02-07T17:24:44.592+0000][1985.618s][info ][safepoint     ] Total time for which application threads were stopped: 0.0004529 seconds, Stopping threads took: 0.0000707 seconds
[2022-02-07T17:24:45.592+0000][1986.618s][debug][safepoint     ] Safepoint synchronization initiated. (301 threads)
[2022-02-07T17:24:45.592+0000][1986.618s][info ][safepoint     ] Application time: 1.0001093 seconds
[2022-02-07T17:24:45.593+0000][1986.618s][info ][safepoint     ] Entering safepoint region: Cleanup
[2022-02-07T17:24:45.593+0000][1986.619s][info ][safepoint     ] Leaving safepoint region
[2022-02-07T17:24:45.593+0000][1986.619s][info ][safepoint     ] Total time for which application threads were stopped: 0.0004461 seconds, Stopping threads took: 0.0000696 seconds
[2022-02-07T17:24:46.593+0000][1987.619s][debug][safepoint     ] Safepoint synchronization initiated. (301 threads)
[2022-02-07T17:24:46.593+0000][1987.619s][info ][safepoint     ] Application time: 1.0001088 seconds
[2022-02-07T17:24:46.593+0000][1987.619s][info ][safepoint     ] Entering safepoint region: Cleanup
[2022-02-07T17:24:46.594+0000][1987.619s][info ][safepoint     ] Leaving safepoint region
[2022-02-07T17:24:46.594+0000][1987.619s][info ][safepoint     ] Total time for which application threads were stopped: 0.0004385 seconds, Stopping threads took: 0.0000683 seconds
[2022-02-07T17:24:47.594+0000][1988.619s][debug][safepoint     ] Safepoint synchronization initiated. (301 threads)
[2022-02-07T17:24:47.594+0000][1988.620s][info ][safepoint     ] Application time: 1.0001505 seconds
[2022-02-07T17:24:47.594+0000][1988.620s][info ][safepoint     ] Entering safepoint region: Cleanup
[2022-02-07T17:24:47.594+0000][1988.620s][info ][safepoint     ] Leaving safepoint region
[2022-02-07T17:24:47.594+0000][1988.620s][info ][safepoint     ] Total time for which application threads were stopped: 0.0003181 seconds, Stopping threads took: 0.0000692 seconds
[2022-02-07T17:24:48.594+0000][1989.620s][debug][safepoint     ] Safepoint synchronization initiated. (301 threads)
[2022-02-07T17:24:48.594+0000][1989.620s][info ][safepoint     ] Application time: 1.0001235 seconds
[2022-02-07T17:24:48.594+0000][1989.620s][info ][safepoint     ] Entering safepoint region: Cleanup
[2022-02-07T17:24:48.595+0000][1989.620s][info ][safepoint     ] Leaving safepoint region
[2022-02-07T17:24:48.595+0000][1989.620s][info ][safepoint     ] Total time for which application threads were stopped: 0.0004682 seconds, Stopping threads took: 0.0000869 seconds
[2022-02-07T17:24:49.595+0000][1990.621s][debug][safepoint     ] Safepoint synchronization initiated. (301 threads)
[2022-02-07T17:24:49.595+0000][1990.621s][info ][safepoint     ] Application time: 1.0001099 seconds
[2022-02-07T17:24:49.595+0000][1990.621s][info ][safepoint     ] Entering safepoint region: Cleanup
[2022-02-07T17:24:49.595+0000][1990.621s][info ][safepoint     ] Leaving safepoint region
[2022-02-07T17:24:49.595+0000][1990.621s][info ][safepoint     ] Total time for which application threads were stopped: 0.0004774 seconds, Stopping threads took: 0.0000734 seconds
[2022-02-07T17:24:50.595+0000][1991.621s][debug][safepoint     ] Safepoint synchronization initiated. (301 threads)
[2022-02-07T17:24:50.595+0000][1991.621s][info ][safepoint     ] Application time: 1.0001399 seconds
[2022-02-07T17:24:50.595+0000][1991.621s][info ][safepoint     ] Entering safepoint region: Cleanup
[2022-02-07T17:24:50.596+0000][1991.622s][info ][safepoint     ] Leaving safepoint region
[2022-02-07T17:24:50.596+0000][1991.622s][info ][safepoint     ] Total time for which application threads were stopped: 0.0003277 seconds, Stopping threads took: 0.0000665 seconds
[2022-02-07T17:24:51.596+0000][1992.622s][debug][safepoint     ] Safepoint synchronization initiated. (301 threads)
[2022-02-07T17:24:51.596+0000][1992.622s][info ][safepoint     ] Application time: 1.0001162 seconds
[2022-02-07T17:24:51.596+0000][1992.622s][info ][safepoint     ] Entering safepoint region: Cleanup
[2022-02-07T17:24:51.596+0000][1992.622s][info ][safepoint     ] Leaving safepoint region
[2022-02-07T17:24:51.596+0000][1992.622s][info ][safepoint     ] Total time for which application threads were stopped: 0.0003191 seconds, Stopping threads took: 0.0000773 seconds
[2022-02-07T17:24:52.596+0000][1993.622s][debug][safepoint     ] Safepoint synchronization initiated. (301 threads)
[2022-02-07T17:24:52.596+0000][1993.622s][info ][safepoint     ] Application time: 1.0001678 seconds
[2022-02-07T17:24:52.596+0000][1993.622s][info ][safepoint     ] Entering safepoint region: Cleanup
[2022-02-07T17:24:52.597+0000][1993.623s][info ][safepoint     ] Leaving safepoint region
[2022-02-07T17:24:52.597+0000][1993.623s][info ][safepoint     ] Total time for which application threads were stopped: 0.0004425 seconds, Stopping threads took: 0.0001041 seconds
[2022-02-07T17:24:53.597+0000][1994.623s][debug][safepoint     ] Safepoint synchronization initiated. (301 threads)
[2022-02-07T17:24:53.597+0000][1994.623s][info ][safepoint     ] Application time: 1.0001200 seconds
[2022-02-07T17:24:53.597+0000][1994.623s][info ][safepoint     ] Entering safepoint region: Cleanup
[2022-02-07T17:24:53.597+0000][1994.623s][info ][safepoint     ] Leaving safepoint region
[2022-02-07T17:24:53.597+0000][1994.623s][info ][safepoint     ] Total time for which application threads were stopped: 0.0003017 seconds, Stopping threads took: 0.0000692 seconds
[2022-02-07T17:24:54.597+0000][1995.623s][debug][safepoint     ] Safepoint synchronization initiated. (301 threads)
[2022-02-07T17:24:54.597+0000][1995.623s][info ][safepoint     ] Application time: 1.0001221 seconds
[2022-02-07T17:24:54.597+0000][1995.623s][info ][safepoint     ] Entering safepoint region: Cleanup
[2022-02-07T17:24:54.598+0000][1995.624s][info ][safepoint     ] Leaving safepoint region
[2022-02-07T17:24:54.598+0000][1995.624s][info ][safepoint     ] Total time for which application threads were stopped: 0.0003354 seconds, Stopping threads took: 0.0000712 seconds
[2022-02-07T17:24:55.598+0000][1996.624s][debug][safepoint     ] Safepoint synchronization initiated. (301 threads)
[2022-02-07T17:24:55.598+0000][1996.624s][info ][safepoint     ] Application time: 1.0001345 seconds
[2022-02-07T17:24:55.598+0000][1996.624s][info ][safepoint     ] Entering safepoint region: Cleanup
[2022-02-07T17:24:55.598+0000][1996.624s][info ][safepoint     ] Leaving safepoint region
[2022-02-07T17:24:55.598+0000][1996.624s][info ][safepoint     ] Total time for which application threads were stopped: 0.0004519 seconds, Stopping threads took: 0.0000828 seconds
[2022-02-07T17:24:56.598+0000][1997.624s][debug][safepoint     ] Safepoint synchronization initiated. (301 threads)
[2022-02-07T17:24:56.598+0000][1997.624s][info ][safepoint     ] Application time: 1.0001194 seconds
[2022-02-07T17:24:56.599+0000][1997.624s][info ][safepoint     ] Entering safepoint region: Cleanup
[2022-02-07T17:24:56.599+0000][1997.625s][info ][safepoint     ] Leaving safepoint region
[2022-02-07T17:24:56.599+0000][1997.625s][info ][safepoint     ] Total time for which application threads were stopped: 0.0004804 seconds, Stopping threads took: 0.0000709 seconds
[2022-02-07T17:24:57.098+0000][1998.124s][debug][safepoint     ] Safepoint synchronization initiated. (301 threads)
[2022-02-07T17:24:57.098+0000][1998.124s][info ][safepoint     ] Application time: 0.4990726 seconds
[2022-02-07T17:24:57.098+0000][1998.124s][info ][safepoint     ] Entering safepoint region: G1CollectForAllocation
[2022-02-07T17:24:57.099+0000][1998.124s][info ][gc,start      ] GC(168) Pause Young (Normal) (G1 Evacuation Pause)
[2022-02-07T17:24:57.099+0000][1998.124s][info ][gc,task       ] GC(168) Using 4 workers of 4 for evacuation
[2022-02-07T17:24:57.116+0000][1998.142s][info ][gc,phases     ] GC(168)   Pre Evacuate Collection Set: 0.0ms
[2022-02-07T17:24:57.116+0000][1998.142s][info ][gc,phases     ] GC(168)   Evacuate Collection Set: 8.5ms
[2022-02-07T17:24:57.116+0000][1998.142s][info ][gc,phases     ] GC(168)   Post Evacuate Collection Set: 8.8ms
[2022-02-07T17:24:57.116+0000][1998.142s][info ][gc,phases     ] GC(168)   Other: 0.3ms
[2022-02-07T17:24:57.116+0000][1998.142s][info ][gc,heap       ] GC(168) Eden regions: 235->0(235)
[2022-02-07T17:24:57.116+0000][1998.142s][info ][gc,heap       ] GC(168) Survivor regions: 1->1(30)
[2022-02-07T17:24:57.116+0000][1998.142s][info ][gc,heap       ] GC(168) Old regions: 149->149
[2022-02-07T17:24:57.116+0000][1998.142s][info ][gc,heap       ] GC(168) Humongous regions: 0->0
[2022-02-07T17:24:57.116+0000][1998.142s][info ][gc,metaspace  ] GC(168) Metaspace: 163246K->163246K(1206272K)
[2022-02-07T17:24:57.116+0000][1998.142s][info ][gc            ] GC(168) Pause Young (Normal) (G1 Evacuation Pause) 382M->147M(430M) 17.680ms
[2022-02-07T17:24:57.116+0000][1998.142s][info ][gc,cpu        ] GC(168) User=0.01s Sys=0.00s Real=0.02s
[2022-02-07T17:24:57.116+0000][1998.142s][info ][safepoint     ] Leaving safepoint region
[2022-02-07T17:24:57.116+0000][1998.142s][info ][safepoint     ] Total time for which application threads were stopped: 0.0182666 seconds, Stopping threads took: 0.0000725 seconds
[2022-02-07T17:24:57.117+0000][1998.143s][info ][gc,stringdedup] Concurrent String Deduplication (1998.143s)
[2022-02-07T17:24:57.117+0000][1998.143s][info ][gc,stringdedup] Concurrent String Deduplication 760.0B->0.0B(760.0B) avg 53.5% (1998.143s, 1998.143s) 0.029ms
[2022-02-07T17:24:58.116+0000][1999.142s][debug][safepoint     ] Safepoint synchronization initiated. (301 threads)
[2022-02-07T17:24:58.116+0000][1999.142s][info ][safepoint     ] Application time: 1.0001413 seconds
[2022-02-07T17:24:58.117+0000][1999.142s][info ][safepoint     ] Entering safepoint region: Cleanup
[2022-02-07T17:24:58.117+0000][1999.143s][info ][safepoint     ] Leaving safepoint region
[2022-02-07T17:24:58.117+0000][1999.143s][info ][safepoint     ] Total time for which application threads were stopped: 0.0004564 seconds, Stopping threads took: 0.0000730 seconds
[2022-02-07T17:24:59.117+0000][2000.143s][debug][safepoint     ] Safepoint synchronization initiated. (301 threads)
[2022-02-07T17:24:59.117+0000][2000.143s][info ][safepoint     ] Application time: 1.0001111 seconds
[2022-02-07T17:24:59.117+0000][2000.143s][info ][safepoint     ] Entering safepoint region: Cleanup
[2022-02-07T17:24:59.117+0000][2000.143s][info ][safepoint     ] Leaving safepoint region
[2022-02-07T17:24:59.117+0000][2000.143s][info ][safepoint     ] Total time for which application threads were stopped: 0.0004526 seconds, Stopping threads took: 0.0000687 seconds
[2022-02-07T17:25:00.118+0000][2001.143s][debug][safepoint     ] Safepoint synchronization initiated. (301 threads)
[2022-02-07T17:25:00.118+0000][2001.143s][info ][safepoint     ] Application time: 1.0001444 seconds
[2022-02-07T17:25:00.118+0000][2001.144s][info ][safepoint     ] Entering safepoint region: Cleanup
[2022-02-07T17:25:00.118+0000][2001.144s][info ][safepoint     ] Leaving safepoint region
[2022-02-07T17:25:00.118+0000][2001.144s][info ][safepoint     ] Total time for which application threads were stopped: 0.0002651 seconds, Stopping threads took: 0.0000679 seconds
[2022-02-07T17:25:01.118+0000][2002.144s][debug][safepoint     ] Safepoint synchronization initiated. (301 threads)
[2022-02-07T17:25:01.118+0000][2002.144s][info ][safepoint     ] Application time: 1.0001235 seconds
[2022-02-07T17:25:01.118+0000][2002.144s][info ][safepoint     ] Entering safepoint region: Cleanup
[2022-02-07T17:25:01.118+0000][2002.144s][info ][safepoint     ] Leaving safepoint region
[2022-02-07T17:25:01.118+0000][2002.144s][info ][safepoint     ] Total time for which application threads were stopped: 0.0002499 seconds, Stopping threads took: 0.0000777 seconds
[2022-02-07T17:25:02.118+0000][2003.144s][debug][safepoint     ] Safepoint synchronization initiated. (301 threads)
[2022-02-07T17:25:02.118+0000][2003.144s][info ][safepoint     ] Application time: 1.0001218 seconds
[2022-02-07T17:25:02.118+0000][2003.144s][info ][safepoint     ] Entering safepoint region: Cleanup
[2022-02-07T17:25:02.119+0000][2003.145s][info ][safepoint     ] Leaving safepoint region
[2022-02-07T17:25:02.119+0000][2003.145s][info ][safepoint     ] Total time for which application threads were stopped: 0.0003023 seconds, Stopping threads took: 0.0000719 seconds
[2022-02-07T17:25:03.119+0000][2004.145s][debug][safepoint     ] Safepoint synchronization initiated. (301 threads)
[2022-02-07T17:25:03.119+0000][2004.145s][info ][safepoint     ] Application time: 1.0001135 seconds
[2022-02-07T17:25:03.119+0000][2004.145s][info ][safepoint     ] Entering safepoint region: Cleanup
[2022-02-07T17:25:03.119+0000][2004.145s][info ][safepoint     ] Leaving safepoint region
[2022-02-07T17:25:03.119+0000][2004.145s][info ][safepoint     ] Total time for which application threads were stopped: 0.0002824 seconds, Stopping threads took: 0.0000827 seconds
[2022-02-07T17:25:04.119+0000][2005.145s][debug][safepoint     ] Safepoint synchronization initiated. (301 threads)
[2022-02-07T17:25:04.119+0000][2005.145s][info ][safepoint     ] Application time: 1.0000977 seconds
[2022-02-07T17:25:04.119+0000][2005.145s][info ][safepoint     ] Entering safepoint region: Cleanup
[2022-02-07T17:25:04.120+0000][2005.146s][info ][safepoint     ] Leaving safepoint region
[2022-02-07T17:25:04.120+0000][2005.146s][info ][safepoint     ] Total time for which application threads were stopped: 0.0004385 seconds, Stopping threads took: 0.0000721 seconds
[2022-02-07T17:25:05.120+0000][2006.146s][debug][safepoint     ] Safepoint synchronization initiated. (301 threads)
[2022-02-07T17:25:05.120+0000][2006.146s][info ][safepoint     ] Application time: 1.0001168 seconds
[2022-02-07T17:25:05.120+0000][2006.146s][info ][safepoint     ] Entering safepoint region: Cleanup
[2022-02-07T17:25:05.120+0000][2006.146s][info ][safepoint     ] Leaving safepoint region
[2022-02-07T17:25:05.120+0000][2006.146s][info ][safepoint     ] Total time for which application threads were stopped: 0.0004404 seconds, Stopping threads took: 0.0000704 seconds
[2022-02-07T17:25:06.123+0000][2007.149s][debug][safepoint     ] Safepoint synchronization initiated. (301 threads)
[2022-02-07T17:25:06.124+0000][2007.149s][info ][safepoint     ] Application time: 1.0033209 seconds
[2022-02-07T17:25:06.129+0000][2007.155s][debug][safepoint     ] ... found polling page return exception at pc = 0x00007f11b4399c76, stub =0x00007f11ac8beb80
[2022-02-07T17:25:06.129+0000][2007.155s][debug][safepoint     ] Waiting for 1 thread(s) to block
[2022-02-07T17:25:06.129+0000][2007.155s][info ][safepoint     ] Entering safepoint region: Cleanup
[2022-02-07T17:25:06.129+0000][2007.155s][info ][safepoint     ] Leaving safepoint region
[2022-02-07T17:25:06.129+0000][2007.155s][info ][safepoint     ] Total time for which application threads were stopped: 0.0055332 seconds, Stopping threads took: 0.0051519 seconds
[2022-02-07T17:25:07.129+0000][2008.155s][debug][safepoint     ] Safepoint synchronization initiated. (301 threads)
[2022-02-07T17:25:07.129+0000][2008.155s][info ][safepoint     ] Application time: 1.0001146 seconds
[2022-02-07T17:25:07.129+0000][2008.155s][info ][safepoint     ] Entering safepoint region: Cleanup
[2022-02-07T17:25:07.130+0000][2008.155s][info ][safepoint     ] Leaving safepoint region
[2022-02-07T17:25:07.130+0000][2008.155s][info ][safepoint     ] Total time for which application threads were stopped: 0.0003245 seconds, Stopping threads took: 0.0000683 seconds
[2022-02-07T17:25:08.130+0000][2009.156s][debug][safepoint     ] Safepoint synchronization initiated. (301 threads)
[2022-02-07T17:25:08.130+0000][2009.156s][info ][safepoint     ] Application time: 1.0001048 seconds
[2022-02-07T17:25:08.130+0000][2009.156s][info ][safepoint     ] Entering safepoint region: Cleanup
[2022-02-07T17:25:08.130+0000][2009.156s][info ][safepoint     ] Leaving safepoint region
[2022-02-07T17:25:08.130+0000][2009.156s][info ][safepoint     ] Total time for which application threads were stopped: 0.0002970 seconds, Stopping threads took: 0.0000700 seconds
[2022-02-07T17:25:09.130+0000][2010.156s][debug][safepoint     ] Safepoint synchronization initiated. (301 threads)
[2022-02-07T17:25:09.130+0000][2010.156s][info ][safepoint     ] Application time: 1.0001140 seconds
[2022-02-07T17:25:09.130+0000][2010.156s][info ][safepoint     ] Entering safepoint region: Cleanup
[2022-02-07T17:25:09.131+0000][2010.156s][info ][safepoint     ] Leaving safepoint region
[2022-02-07T17:25:09.131+0000][2010.156s][info ][safepoint     ] Total time for which application threads were stopped: 0.0004403 seconds, Stopping threads took: 0.0000703 seconds
[2022-02-07T17:25:10.131+0000][2011.157s][debug][safepoint     ] Safepoint synchronization initiated. (301 threads)
[2022-02-07T17:25:10.131+0000][2011.157s][info ][safepoint     ] Application time: 1.0001405 seconds
[2022-02-07T17:25:10.131+0000][2011.157s][info ][safepoint     ] Entering safepoint region: Cleanup
[2022-02-07T17:25:10.131+0000][2011.157s][info ][safepoint     ] Leaving safepoint region
[2022-02-07T17:25:10.131+0000][2011.157s][info ][safepoint     ] Total time for which application threads were stopped: 0.0004932 seconds, Stopping threads took: 0.0000784 seconds
[2022-02-07T17:25:11.131+0000][2012.157s][debug][safepoint     ] Safepoint synchronization initiated. (301 threads)
[2022-02-07T17:25:11.131+0000][2012.157s][info ][safepoint     ] Application time: 1.0001147 seconds
[2022-02-07T17:25:11.131+0000][2012.157s][info ][safepoint     ] Entering safepoint region: Cleanup
[2022-02-07T17:25:11.132+0000][2012.158s][info ][safepoint     ] Leaving safepoint region
[2022-02-07T17:25:11.132+0000][2012.158s][info ][safepoint     ] Total time for which application threads were stopped: 0.0004428 seconds, Stopping threads took: 0.0000712 seconds
[2022-02-07T17:25:11.604+0000][2012.630s][debug][safepoint     ] Safepoint synchronization initiated. (301 threads)
[2022-02-07T17:25:11.604+0000][2012.630s][info ][safepoint     ] Application time: 0.4719881 seconds
[2022-02-07T17:25:11.604+0000][2012.630s][info ][safepoint     ] Entering safepoint region: G1CollectForAllocation
[2022-02-07T17:25:11.604+0000][2012.630s][info ][gc,start      ] GC(169) Pause Young (Normal) (G1 Evacuation Pause)
[2022-02-07T17:25:11.604+0000][2012.630s][info ][gc,task       ] GC(169) Using 4 workers of 4 for evacuation
[2022-02-07T17:25:11.616+0000][2012.642s][info ][gc,phases     ] GC(169)   Pre Evacuate Collection Set: 0.0ms
[2022-02-07T17:25:11.616+0000][2012.642s][info ][gc,phases     ] GC(169)   Evacuate Collection Set: 7.3ms
[2022-02-07T17:25:11.616+0000][2012.642s][info ][gc,phases     ] GC(169)   Post Evacuate Collection Set: 4.1ms
[2022-02-07T17:25:11.616+0000][2012.642s][info ][gc,phases     ] GC(169)   Other: 0.2ms
[2022-02-07T17:25:11.616+0000][2012.642s][info ][gc,heap       ] GC(169) Eden regions: 235->0(235)
[2022-02-07T17:25:11.616+0000][2012.642s][info ][gc,heap       ] GC(169) Survivor regions: 1->1(30)
[2022-02-07T17:25:11.616+0000][2012.642s][info ][gc,heap       ] GC(169) Old regions: 149->149
[2022-02-07T17:25:11.616+0000][2012.642s][info ][gc,heap       ] GC(169) Humongous regions: 0->0
[2022-02-07T17:25:11.616+0000][2012.642s][info ][gc,metaspace  ] GC(169) Metaspace: 163257K->163257K(1206272K)
[2022-02-07T17:25:11.616+0000][2012.642s][info ][gc            ] GC(169) Pause Young (Normal) (G1 Evacuation Pause) 382M->147M(430M) 11.818ms
[2022-02-07T17:25:11.616+0000][2012.642s][info ][gc,cpu        ] GC(169) User=0.01s Sys=0.00s Real=0.01s
[2022-02-07T17:25:11.616+0000][2012.642s][info ][safepoint     ] Leaving safepoint region
[2022-02-07T17:25:11.616+0000][2012.642s][info ][safepoint     ] Total time for which application threads were stopped: 0.0123969 seconds, Stopping threads took: 0.0000682 seconds
[2022-02-07T17:25:11.617+0000][2012.643s][info ][gc,stringdedup] Concurrent String Deduplication (2012.643s)
[2022-02-07T17:25:11.617+0000][2012.643s][info ][gc,stringdedup] Concurrent String Deduplication 1008.0B->616.0B(392.0B) avg 53.5% (2012.643s, 2012.643s) 0.064ms
[2022-02-07T17:25:12.616+0000][2013.642s][debug][safepoint     ] Safepoint synchronization initiated. (301 threads)
[2022-02-07T17:25:12.616+0000][2013.642s][info ][safepoint     ] Application time: 1.0001338 seconds
[2022-02-07T17:25:12.616+0000][2013.642s][info ][safepoint     ] Entering safepoint region: Cleanup
[2022-02-07T17:25:12.617+0000][2013.642s][info ][safepoint     ] Leaving safepoint region
[2022-02-07T17:25:12.617+0000][2013.642s][info ][safepoint     ] Total time for which application threads were stopped: 0.0002477 seconds, Stopping threads took: 0.0000699 seconds
[2022-02-07T17:25:13.617+0000][2014.643s][debug][safepoint     ] Safepoint synchronization initiated. (301 threads)
[2022-02-07T17:25:13.617+0000][2014.643s][info ][safepoint     ] Application time: 1.0001040 seconds
[2022-02-07T17:25:13.617+0000][2014.643s][info ][safepoint     ] Entering safepoint region: Cleanup
[2022-02-07T17:25:13.617+0000][2014.643s][info ][safepoint     ] Leaving safepoint region
[2022-02-07T17:25:13.617+0000][2014.643s][info ][safepoint     ] Total time for which application threads were stopped: 0.0002421 seconds, Stopping threads took: 0.0000712 seconds
[2022-02-07T17:25:14.617+0000][2015.643s][debug][safepoint     ] Safepoint synchronization initiated. (301 threads)
[2022-02-07T17:25:14.617+0000][2015.643s][info ][safepoint     ] Application time: 1.0001203 seconds
[2022-02-07T17:25:14.617+0000][2015.643s][info ][safepoint     ] Entering safepoint region: Cleanup
[2022-02-07T17:25:14.617+0000][2015.643s][info ][safepoint     ] Leaving safepoint region
[2022-02-07T17:25:14.617+0000][2015.643s][info ][safepoint     ] Total time for which application threads were stopped: 0.0002590 seconds, Stopping threads took: 0.0000727 seconds
[2022-02-07T17:25:15.617+0000][2016.643s][debug][safepoint     ] Safepoint synchronization initiated. (301 threads)
[2022-02-07T17:25:15.618+0000][2016.643s][info ][safepoint     ] Application time: 1.0001303 seconds
[2022-02-07T17:25:15.618+0000][2016.643s][info ][safepoint     ] Entering safepoint region: Cleanup
[2022-02-07T17:25:15.618+0000][2016.644s][info ][safepoint     ] Leaving safepoint region
[2022-02-07T17:25:15.618+0000][2016.644s][info ][safepoint     ] Total time for which application threads were stopped: 0.0002556 seconds, Stopping threads took: 0.0000757 seconds
[2022-02-07T17:25:16.618+0000][2017.644s][debug][safepoint     ] Safepoint synchronization initiated. (301 threads)
[2022-02-07T17:25:16.618+0000][2017.644s][info ][safepoint     ] Application time: 1.0001310 seconds
[2022-02-07T17:25:16.618+0000][2017.644s][debug][safepoint     ] ... found polling page return exception at pc = 0x00007f11b505dc8c, stub =0x00007f11ac8beb80
[2022-02-07T17:25:16.618+0000][2017.644s][debug][safepoint     ] Waiting for 1 thread(s) to block
[2022-02-07T17:25:16.618+0000][2017.644s][info ][safepoint     ] Entering safepoint region: Cleanup
[2022-02-07T17:25:16.618+0000][2017.644s][info ][safepoint     ] Leaving safepoint region
[2022-02-07T17:25:16.618+0000][2017.644s][info ][safepoint     ] Total time for which application threads were stopped: 0.0002747 seconds, Stopping threads took: 0.0001052 seconds
[2022-02-07T17:25:17.618+0000][2018.644s][debug][safepoint     ] Safepoint synchronization initiated. (301 threads)
[2022-02-07T17:25:17.618+0000][2018.644s][info ][safepoint     ] Application time: 1.0001351 seconds
[2022-02-07T17:25:17.618+0000][2018.644s][info ][safepoint     ] Entering safepoint region: Cleanup
[2022-02-07T17:25:17.619+0000][2018.645s][info ][safepoint     ] Leaving safepoint region
[2022-02-07T17:25:17.619+0000][2018.645s][info ][safepoint     ] Total time for which application threads were stopped: 0.0003362 seconds, Stopping threads took: 0.0000698 seconds
[2022-02-07T17:25:18.619+0000][2019.645s][debug][safepoint     ] Safepoint synchronization initiated. (301 threads)
[2022-02-07T17:25:18.619+0000][2019.645s][info ][safepoint     ] Application time: 1.0001146 seconds
[2022-02-07T17:25:18.619+0000][2019.645s][info ][safepoint     ] Entering safepoint region: Cleanup
[2022-02-07T17:25:18.619+0000][2019.645s][info ][safepoint     ] Leaving safepoint region
[2022-02-07T17:25:18.619+0000][2019.645s][info ][safepoint     ] Total time for which application threads were stopped: 0.0002949 seconds, Stopping threads took: 0.0000694 seconds
[2022-02-07T17:25:19.619+0000][2020.645s][debug][safepoint     ] Safepoint synchronization initiated. (301 threads)
[2022-02-07T17:25:19.619+0000][2020.645s][info ][safepoint     ] Application time: 1.0001338 seconds
[2022-02-07T17:25:19.619+0000][2020.645s][info ][safepoint     ] Entering safepoint region: Cleanup
[2022-02-07T17:25:19.620+0000][2020.645s][info ][safepoint     ] Leaving safepoint region
[2022-02-07T17:25:19.620+0000][2020.645s][info ][safepoint     ] Total time for which application threads were stopped: 0.0003134 seconds, Stopping threads took: 0.0000718 seconds
[2022-02-07T17:25:20.620+0000][2021.646s][debug][safepoint     ] Safepoint synchronization initiated. (301 threads)
[2022-02-07T17:25:20.620+0000][2021.646s][info ][safepoint     ] Application time: 1.0001143 seconds
[2022-02-07T17:25:20.620+0000][2021.646s][info ][safepoint     ] Entering safepoint region: Cleanup
[2022-02-07T17:25:20.620+0000][2021.646s][info ][safepoint     ] Leaving safepoint region
[2022-02-07T17:25:20.620+0000][2021.646s][info ][safepoint     ] Total time for which application threads were stopped: 0.0002978 seconds, Stopping threads took: 0.0000712 seconds
[2022-02-07T17:25:21.620+0000][2022.646s][debug][safepoint     ] Safepoint synchronization initiated. (301 threads)
[2022-02-07T17:25:21.620+0000][2022.646s][info ][safepoint     ] Application time: 1.0001130 seconds
[2022-02-07T17:25:21.620+0000][2022.646s][info ][safepoint     ] Entering safepoint region: Cleanup
[2022-02-07T17:25:21.621+0000][2022.646s][info ][safepoint     ] Leaving safepoint region
[2022-02-07T17:25:21.621+0000][2022.646s][info ][safepoint     ] Total time for which application threads were stopped: 0.0004490 seconds, Stopping threads took: 0.0000711 seconds
[2022-02-07T17:25:22.621+0000][2023.647s][debug][safepoint     ] Safepoint synchronization initiated. (301 threads)
[2022-02-07T17:25:22.621+0000][2023.647s][info ][safepoint     ] Application time: 1.0001442 seconds
[2022-02-07T17:25:22.621+0000][2023.647s][debug][safepoint     ] ... found polling page return exception at pc = 0x00007f11b441b1b1, stub =0x00007f11ac8beb80
[2022-02-07T17:25:22.621+0000][2023.647s][debug][safepoint     ] Waiting for 1 thread(s) to block
[2022-02-07T17:25:22.621+0000][2023.647s][info ][safepoint     ] Entering safepoint region: Cleanup
[2022-02-07T17:25:22.621+0000][2023.647s][info ][safepoint     ] Leaving safepoint region
[2022-02-07T17:25:22.621+0000][2023.647s][info ][safepoint     ] Total time for which application threads were stopped: 0.0004469 seconds, Stopping threads took: 0.0001997 seconds
[2022-02-07T17:25:23.621+0000][2024.647s][debug][safepoint     ] Safepoint synchronization initiated. (301 threads)
[2022-02-07T17:25:23.621+0000][2024.647s][info ][safepoint     ] Application time: 1.0001184 seconds
[2022-02-07T17:25:23.621+0000][2024.647s][info ][safepoint     ] Entering safepoint region: Cleanup
[2022-02-07T17:25:23.622+0000][2024.647s][info ][safepoint     ] Leaving safepoint region
[2022-02-07T17:25:23.622+0000][2024.648s][info ][safepoint     ] Total time for which application threads were stopped: 0.0003108 seconds, Stopping threads took: 0.0000712 seconds
[2022-02-07T17:25:24.622+0000][2025.648s][debug][safepoint     ] Safepoint synchronization initiated. (301 threads)
[2022-02-07T17:25:24.622+0000][2025.648s][info ][safepoint     ] Application time: 1.0001299 seconds
[2022-02-07T17:25:24.622+0000][2025.648s][info ][safepoint     ] Entering safepoint region: Cleanup
[2022-02-07T17:25:24.622+0000][2025.648s][info ][safepoint     ] Leaving safepoint region
[2022-02-07T17:25:24.622+0000][2025.648s][info ][safepoint     ] Total time for which application threads were stopped: 0.0004468 seconds, Stopping threads took: 0.0000684 seconds
[2022-02-07T17:25:25.622+0000][2026.648s][debug][safepoint     ] Safepoint synchronization initiated. (301 threads)
[2022-02-07T17:25:25.622+0000][2026.648s][info ][safepoint     ] Application time: 1.0001330 seconds
[2022-02-07T17:25:25.622+0000][2026.648s][info ][safepoint     ] Entering safepoint region: Cleanup
[2022-02-07T17:25:25.623+0000][2026.649s][info ][safepoint     ] Leaving safepoint region
[2022-02-07T17:25:25.623+0000][2026.649s][info ][safepoint     ] Total time for which application threads were stopped: 0.0003420 seconds, Stopping threads took: 0.0000784 seconds
[2022-02-07T17:25:26.623+0000][2027.649s][debug][safepoint     ] Safepoint synchronization initiated. (301 threads)
[2022-02-07T17:25:26.623+0000][2027.649s][info ][safepoint     ] Application time: 1.0001077 seconds
[2022-02-07T17:25:26.623+0000][2027.649s][info ][safepoint     ] Entering safepoint region: Cleanup
[2022-02-07T17:25:26.623+0000][2027.649s][info ][safepoint     ] Leaving safepoint region
[2022-02-07T17:25:26.623+0000][2027.649s][info ][safepoint     ] Total time for which application threads were stopped: 0.0002483 seconds, Stopping threads took: 0.0000617 seconds
[2022-02-07T17:25:27.623+0000][2028.649s][debug][safepoint     ] Safepoint synchronization initiated. (301 threads)
[2022-02-07T17:25:27.623+0000][2028.649s][info ][safepoint     ] Application time: 1.0001224 seconds
[2022-02-07T17:25:27.623+0000][2028.649s][info ][safepoint     ] Entering safepoint region: Cleanup
[2022-02-07T17:25:27.624+0000][2028.649s][info ][safepoint     ] Leaving safepoint region
[2022-02-07T17:25:27.624+0000][2028.649s][info ][safepoint     ] Total time for which application threads were stopped: 0.0002667 seconds, Stopping threads took: 0.0000639 seconds
[2022-02-07T17:25:28.624+0000][2029.649s][debug][safepoint     ] Safepoint synchronization initiated. (301 threads)
[2022-02-07T17:25:28.624+0000][2029.650s][info ][safepoint     ] Application time: 1.0001312 seconds
[2022-02-07T17:25:28.624+0000][2029.650s][info ][safepoint     ] Entering safepoint region: Cleanup
[2022-02-07T17:25:28.624+0000][2029.650s][info ][safepoint     ] Leaving safepoint region
[2022-02-07T17:25:28.624+0000][2029.650s][info ][safepoint     ] Total time for which application threads were stopped: 0.0002403 seconds, Stopping threads took: 0.0000627 seconds
[2022-02-07T17:25:29.253+0000][2030.278s][debug][safepoint     ] Safepoint synchronization initiated. (301 threads)
[2022-02-07T17:25:29.253+0000][2030.278s][info ][safepoint     ] Application time: 0.6286577 seconds
[2022-02-07T17:25:29.253+0000][2030.279s][info ][safepoint     ] Entering safepoint region: G1CollectForAllocation
[2022-02-07T17:25:29.253+0000][2030.279s][info ][gc,start      ] GC(170) Pause Young (Normal) (G1 Evacuation Pause)
[2022-02-07T17:25:29.253+0000][2030.279s][info ][gc,task       ] GC(170) Using 4 workers of 4 for evacuation
[2022-02-07T17:25:29.266+0000][2030.292s][info ][gc,phases     ] GC(170)   Pre Evacuate Collection Set: 0.0ms
[2022-02-07T17:25:29.267+0000][2030.292s][info ][gc,phases     ] GC(170)   Evacuate Collection Set: 9.0ms
[2022-02-07T17:25:29.267+0000][2030.292s][info ][gc,phases     ] GC(170)   Post Evacuate Collection Set: 4.3ms
[2022-02-07T17:25:29.267+0000][2030.292s][info ][gc,phases     ] GC(170)   Other: 0.3ms
[2022-02-07T17:25:29.267+0000][2030.292s][info ][gc,heap       ] GC(170) Eden regions: 235->0(235)
[2022-02-07T17:25:29.267+0000][2030.292s][info ][gc,heap       ] GC(170) Survivor regions: 1->1(30)
[2022-02-07T17:25:29.267+0000][2030.292s][info ][gc,heap       ] GC(170) Old regions: 149->149
[2022-02-07T17:25:29.267+0000][2030.292s][info ][gc,heap       ] GC(170) Humongous regions: 0->0
[2022-02-07T17:25:29.267+0000][2030.292s][info ][gc,metaspace  ] GC(170) Metaspace: 163258K->163258K(1206272K)
[2022-02-07T17:25:29.267+0000][2030.292s][info ][gc            ] GC(170) Pause Young (Normal) (G1 Evacuation Pause) 382M->147M(430M) 13.647ms
[2022-02-07T17:25:29.267+0000][2030.293s][info ][gc,cpu        ] GC(170) User=0.03s Sys=0.00s Real=0.01s
[2022-02-07T17:25:29.267+0000][2030.293s][info ][safepoint     ] Leaving safepoint region
[2022-02-07T17:25:29.267+0000][2030.293s][info ][safepoint     ] Total time for which application threads were stopped: 0.0140906 seconds, Stopping threads took: 0.0000679 seconds
[2022-02-07T17:25:29.267+0000][2030.293s][info ][gc,stringdedup] Concurrent String Deduplication (2030.293s)
[2022-02-07T17:25:29.267+0000][2030.293s][info ][gc,stringdedup] Concurrent String Deduplication 664.0B->0.0B(664.0B) avg 53.5% (2030.293s, 2030.293s) 0.036ms
[2022-02-07T17:25:30.267+0000][2031.293s][debug][safepoint     ] Safepoint synchronization initiated. (301 threads)
[2022-02-07T17:25:30.267+0000][2031.293s][info ][safepoint     ] Application time: 1.0001327 seconds
[2022-02-07T17:25:30.267+0000][2031.293s][info ][safepoint     ] Entering safepoint region: Cleanup
[2022-02-07T17:25:30.267+0000][2031.293s][info ][safepoint     ] Leaving safepoint region
[2022-02-07T17:25:30.267+0000][2031.293s][info ][safepoint     ] Total time for which application threads were stopped: 0.0004626 seconds, Stopping threads took: 0.0000707 seconds
[2022-02-07T17:25:31.267+0000][2032.293s][debug][safepoint     ] Safepoint synchronization initiated. (301 threads)
[2022-02-07T17:25:31.267+0000][2032.293s][info ][safepoint     ] Application time: 1.0001046 seconds
[2022-02-07T17:25:31.267+0000][2032.293s][info ][safepoint     ] Entering safepoint region: Cleanup
[2022-02-07T17:25:31.268+0000][2032.294s][info ][safepoint     ] Leaving safepoint region
[2022-02-07T17:25:31.268+0000][2032.294s][info ][safepoint     ] Total time for which application threads were stopped: 0.0002468 seconds, Stopping threads took: 0.0000623 seconds
[2022-02-07T17:25:32.268+0000][2033.294s][debug][safepoint     ] Safepoint synchronization initiated. (301 threads)
[2022-02-07T17:25:32.268+0000][2033.294s][info ][safepoint     ] Application time: 1.0001222 seconds
[2022-02-07T17:25:32.268+0000][2033.294s][info ][safepoint     ] Entering safepoint region: Cleanup
[2022-02-07T17:25:32.268+0000][2033.294s][info ][safepoint     ] Leaving safepoint region
[2022-02-07T17:25:32.268+0000][2033.294s][info ][safepoint     ] Total time for which application threads were stopped: 0.0002591 seconds, Stopping threads took: 0.0000723 seconds
[2022-02-07T17:25:33.268+0000][2034.294s][debug][safepoint     ] Safepoint synchronization initiated. (301 threads)
[2022-02-07T17:25:33.268+0000][2034.294s][info ][safepoint     ] Application time: 1.0001065 seconds
[2022-02-07T17:25:33.268+0000][2034.294s][info ][safepoint     ] Entering safepoint region: Cleanup
[2022-02-07T17:25:33.269+0000][2034.294s][info ][safepoint     ] Leaving safepoint region
[2022-02-07T17:25:33.269+0000][2034.294s][info ][safepoint     ] Total time for which application threads were stopped: 0.0003229 seconds, Stopping threads took: 0.0000852 seconds
[2022-02-07T17:25:34.269+0000][2035.294s][debug][safepoint     ] Safepoint synchronization initiated. (301 threads)
[2022-02-07T17:25:34.269+0000][2035.295s][info ][safepoint     ] Application time: 1.0001215 seconds
[2022-02-07T17:25:34.269+0000][2035.295s][info ][safepoint     ] Entering safepoint region: Cleanup
[2022-02-07T17:25:34.269+0000][2035.295s][info ][safepoint     ] Leaving safepoint region
[2022-02-07T17:25:34.269+0000][2035.295s][info ][safepoint     ] Total time for which application threads were stopped: 0.0003089 seconds, Stopping threads took: 0.0000679 seconds
[2022-02-07T17:25:35.269+0000][2036.295s][debug][safepoint     ] Safepoint synchronization initiated. (301 threads)
[2022-02-07T17:25:35.269+0000][2036.295s][info ][safepoint     ] Application time: 1.0001157 seconds
[2022-02-07T17:25:35.269+0000][2036.295s][info ][safepoint     ] Entering safepoint region: Cleanup
[2022-02-07T17:25:35.269+0000][2036.295s][info ][safepoint     ] Leaving safepoint region
[2022-02-07T17:25:35.269+0000][2036.295s][info ][safepoint     ] Total time for which application threads were stopped: 0.0003321 seconds, Stopping threads took: 0.0000794 seconds
[2022-02-07T17:25:36.270+0000][2037.295s][debug][safepoint     ] Safepoint synchronization initiated. (301 threads)
[2022-02-07T17:25:36.270+0000][2037.295s][info ][safepoint     ] Application time: 1.0001194 seconds
[2022-02-07T17:25:36.270+0000][2037.296s][info ][safepoint     ] Entering safepoint region: Cleanup
[2022-02-07T17:25:36.270+0000][2037.296s][info ][safepoint     ] Leaving safepoint region
[2022-02-07T17:25:36.270+0000][2037.296s][info ][safepoint     ] Total time for which application threads were stopped: 0.0003528 seconds, Stopping threads took: 0.0000906 seconds
[2022-02-07T17:25:37.270+0000][2038.296s][debug][safepoint     ] Safepoint synchronization initiated. (301 threads)
[2022-02-07T17:25:37.270+0000][2038.296s][info ][safepoint     ] Application time: 1.0001282 seconds
[2022-02-07T17:25:37.270+0000][2038.296s][info ][safepoint     ] Entering safepoint region: Cleanup
[2022-02-07T17:25:37.271+0000][2038.296s][info ][safepoint     ] Leaving safepoint region
[2022-02-07T17:25:37.271+0000][2038.296s][info ][safepoint     ] Total time for which application threads were stopped: 0.0004454 seconds, Stopping threads took: 0.0000700 seconds
[2022-02-07T17:25:38.271+0000][2039.296s][debug][safepoint     ] Safepoint synchronization initiated. (301 threads)
[2022-02-07T17:25:38.271+0000][2039.297s][info ][safepoint     ] Application time: 1.0001164 seconds
[2022-02-07T17:25:38.271+0000][2039.297s][info ][safepoint     ] Entering safepoint region: Cleanup
[2022-02-07T17:25:38.271+0000][2039.297s][info ][safepoint     ] Leaving safepoint region
[2022-02-07T17:25:38.271+0000][2039.297s][info ][safepoint     ] Total time for which application threads were stopped: 0.0004378 seconds, Stopping threads took: 0.0000763 seconds
[2022-02-07T17:25:39.271+0000][2040.297s][debug][safepoint     ] Safepoint synchronization initiated. (301 threads)
[2022-02-07T17:25:39.271+0000][2040.297s][info ][safepoint     ] Application time: 1.0001544 seconds
[2022-02-07T17:25:39.271+0000][2040.297s][debug][safepoint     ] ... found polling page return exception at pc = 0x00007f11b531b61b, stub =0x00007f11ac8beb80
[2022-02-07T17:25:39.271+0000][2040.297s][debug][safepoint     ] Waiting for 1 thread(s) to block
[2022-02-07T17:25:39.271+0000][2040.297s][info ][safepoint     ] Entering safepoint region: Cleanup
[2022-02-07T17:25:39.272+0000][2040.298s][info ][safepoint     ] Leaving safepoint region
[2022-02-07T17:25:39.272+0000][2040.298s][info ][safepoint     ] Total time for which application threads were stopped: 0.0003710 seconds, Stopping threads took: 0.0000969 seconds
[2022-02-07T17:25:40.272+0000][2041.298s][debug][safepoint     ] Safepoint synchronization initiated. (301 threads)
[2022-02-07T17:25:40.272+0000][2041.298s][info ][safepoint     ] Application time: 1.0001198 seconds
[2022-02-07T17:25:40.272+0000][2041.298s][info ][safepoint     ] Entering safepoint region: Cleanup
[2022-02-07T17:25:40.272+0000][2041.298s][info ][safepoint     ] Leaving safepoint region
[2022-02-07T17:25:40.272+0000][2041.298s][info ][safepoint     ] Total time for which application threads were stopped: 0.0004471 seconds, Stopping threads took: 0.0000740 seconds
[2022-02-07T17:25:41.272+0000][2042.298s][debug][safepoint     ] Safepoint synchronization initiated. (301 threads)
[2022-02-07T17:25:41.272+0000][2042.298s][info ][safepoint     ] Application time: 1.0001239 seconds
[2022-02-07T17:25:41.272+0000][2042.298s][info ][safepoint     ] Entering safepoint region: Cleanup
[2022-02-07T17:25:41.273+0000][2042.299s][info ][safepoint     ] Leaving safepoint region
[2022-02-07T17:25:41.273+0000][2042.299s][info ][safepoint     ] Total time for which application threads were stopped: 0.0004765 seconds, Stopping threads took: 0.0000745 seconds
[2022-02-07T17:25:42.276+0000][2043.301s][debug][safepoint     ] Safepoint synchronization initiated. (301 threads)
[2022-02-07T17:25:42.276+0000][2043.301s][info ][safepoint     ] Application time: 1.0027059 seconds
[2022-02-07T17:25:42.276+0000][2043.302s][info ][safepoint     ] Entering safepoint region: Cleanup
[2022-02-07T17:25:42.276+0000][2043.302s][info ][safepoint     ] Leaving safepoint region
[2022-02-07T17:25:42.276+0000][2043.302s][info ][safepoint     ] Total time for which application threads were stopped: 0.0004845 seconds, Stopping threads took: 0.0000792 seconds
[2022-02-07T17:25:43.276+0000][2044.302s][debug][safepoint     ] Safepoint synchronization initiated. (301 threads)
[2022-02-07T17:25:43.276+0000][2044.302s][info ][safepoint     ] Application time: 1.0001156 seconds
[2022-02-07T17:25:43.276+0000][2044.302s][info ][safepoint     ] Entering safepoint region: Cleanup
[2022-02-07T17:25:43.277+0000][2044.303s][info ][safepoint     ] Leaving safepoint region
[2022-02-07T17:25:43.277+0000][2044.303s][info ][safepoint     ] Total time for which application threads were stopped: 0.0004796 seconds, Stopping threads took: 0.0000843 seconds
[2022-02-07T17:25:44.277+0000][2045.303s][debug][safepoint     ] Safepoint synchronization initiated. (301 threads)
[2022-02-07T17:25:44.277+0000][2045.303s][info ][safepoint     ] Application time: 1.0001215 seconds
[2022-02-07T17:25:44.277+0000][2045.303s][info ][safepoint     ] Entering safepoint region: Cleanup
[2022-02-07T17:25:44.277+0000][2045.303s][info ][safepoint     ] Leaving safepoint region
[2022-02-07T17:25:44.277+0000][2045.303s][info ][safepoint     ] Total time for which application threads were stopped: 0.0004650 seconds, Stopping threads took: 0.0000747 seconds
[2022-02-07T17:25:45.277+0000][2046.303s][debug][safepoint     ] Safepoint synchronization initiated. (301 threads)
[2022-02-07T17:25:45.277+0000][2046.303s][info ][safepoint     ] Application time: 1.0001364 seconds
[2022-02-07T17:25:45.277+0000][2046.303s][debug][safepoint     ] ... found polling page return exception at pc = 0x00007f11b531b61b, stub =0x00007f11ac8beb80
[2022-02-07T17:25:45.278+0000][2046.303s][debug][safepoint     ] Waiting for 1 thread(s) to block
[2022-02-07T17:25:45.278+0000][2046.303s][info ][safepoint     ] Entering safepoint region: Cleanup
[2022-02-07T17:25:45.278+0000][2046.304s][info ][safepoint     ] Leaving safepoint region
[2022-02-07T17:25:45.278+0000][2046.304s][info ][safepoint     ] Total time for which application threads were stopped: 0.0003450 seconds, Stopping threads took: 0.0001095 seconds
[2022-02-07T17:25:45.300+0000][2046.326s][debug][safepoint     ] Safepoint synchronization initiated. (301 threads)
[2022-02-07T17:25:45.300+0000][2046.326s][info ][safepoint     ] Application time: 0.0225299 seconds
[2022-02-07T17:25:45.300+0000][2046.326s][info ][safepoint     ] Entering safepoint region: G1CollectForAllocation
[2022-02-07T17:25:45.301+0000][2046.327s][info ][gc,start      ] GC(171) Pause Young (Normal) (G1 Evacuation Pause)
[2022-02-07T17:25:45.301+0000][2046.327s][info ][gc,task       ] GC(171) Using 4 workers of 4 for evacuation
[2022-02-07T17:25:45.320+0000][2046.346s][info ][gc,phases     ] GC(171)   Pre Evacuate Collection Set: 0.0ms
[2022-02-07T17:25:45.320+0000][2046.346s][info ][gc,phases     ] GC(171)   Evacuate Collection Set: 10.4ms
[2022-02-07T17:25:45.320+0000][2046.346s][info ][gc,phases     ] GC(171)   Post Evacuate Collection Set: 8.6ms
[2022-02-07T17:25:45.320+0000][2046.346s][info ][gc,phases     ] GC(171)   Other: 0.2ms
[2022-02-07T17:25:45.320+0000][2046.346s][info ][gc,heap       ] GC(171) Eden regions: 235->0(235)
[2022-02-07T17:25:45.320+0000][2046.346s][info ][gc,heap       ] GC(171) Survivor regions: 1->1(30)
[2022-02-07T17:25:45.320+0000][2046.346s][info ][gc,heap       ] GC(171) Old regions: 149->149
[2022-02-07T17:25:45.320+0000][2046.346s][info ][gc,heap       ] GC(171) Humongous regions: 0->0
[2022-02-07T17:25:45.320+0000][2046.346s][info ][gc,metaspace  ] GC(171) Metaspace: 163258K->163258K(1206272K)
[2022-02-07T17:25:45.320+0000][2046.346s][info ][gc            ] GC(171) Pause Young (Normal) (G1 Evacuation Pause) 382M->147M(430M) 19.416ms
[2022-02-07T17:25:45.320+0000][2046.346s][info ][gc,cpu        ] GC(171) User=0.01s Sys=0.00s Real=0.02s
[2022-02-07T17:25:45.320+0000][2046.346s][info ][safepoint     ] Leaving safepoint region
[2022-02-07T17:25:45.320+0000][2046.346s][info ][safepoint     ] Total time for which application threads were stopped: 0.0200079 seconds, Stopping threads took: 0.0000874 seconds
[2022-02-07T17:25:45.322+0000][2046.348s][info ][gc,stringdedup] Concurrent String Deduplication (2046.348s)
[2022-02-07T17:25:45.322+0000][2046.348s][info ][gc,stringdedup] Concurrent String Deduplication 456.0B->0.0B(456.0B) avg 53.5% (2046.348s, 2046.348s) 0.039ms
[2022-02-07T17:25:46.322+0000][2047.348s][debug][safepoint     ] Safepoint synchronization initiated. (301 threads)
[2022-02-07T17:25:46.322+0000][2047.348s][info ][safepoint     ] Application time: 1.0014891 seconds
[2022-02-07T17:25:46.322+0000][2047.348s][info ][safepoint     ] Entering safepoint region: Cleanup
[2022-02-07T17:25:46.322+0000][2047.348s][info ][safepoint     ] Leaving safepoint region
[2022-02-07T17:25:46.322+0000][2047.348s][info ][safepoint     ] Total time for which application threads were stopped: 0.0004584 seconds, Stopping threads took: 0.0000792 seconds
[2022-02-07T17:25:47.322+0000][2048.348s][debug][safepoint     ] Safepoint synchronization initiated. (301 threads)
[2022-02-07T17:25:47.322+0000][2048.348s][info ][safepoint     ] Application time: 1.0001156 seconds
[2022-02-07T17:25:47.323+0000][2048.348s][info ][safepoint     ] Entering safepoint region: Cleanup
[2022-02-07T17:25:47.323+0000][2048.349s][info ][safepoint     ] Leaving safepoint region
[2022-02-07T17:25:47.323+0000][2048.349s][info ][safepoint     ] Total time for which application threads were stopped: 0.0003105 seconds, Stopping threads took: 0.0000810 seconds
[2022-02-07T17:25:48.323+0000][2049.349s][debug][safepoint     ] Safepoint synchronization initiated. (301 threads)
[2022-02-07T17:25:48.323+0000][2049.349s][info ][safepoint     ] Application time: 1.0001453 seconds
[2022-02-07T17:25:48.323+0000][2049.349s][debug][safepoint     ] ... found polling page return exception at pc = 0x00007f11b5158f1b, stub =0x00007f11ac8beb80
[2022-02-07T17:25:48.323+0000][2049.349s][debug][safepoint     ] ... found polling page loop exception at pc = 0x00007f11b4a1faa7, stub =0x00007f11ac8be900
[2022-02-07T17:25:48.323+0000][2049.349s][debug][safepoint     ] Waiting for 2 thread(s) to block
[2022-02-07T17:25:48.323+0000][2049.349s][info ][safepoint     ] Entering safepoint region: Cleanup
[2022-02-07T17:25:48.324+0000][2049.349s][info ][safepoint     ] Leaving safepoint region
[2022-02-07T17:25:48.324+0000][2049.349s][info ][safepoint     ] Total time for which application threads were stopped: 0.0006355 seconds, Stopping threads took: 0.0002091 seconds
[2022-02-07T17:25:49.324+0000][2050.350s][debug][safepoint     ] Safepoint synchronization initiated. (301 threads)
[2022-02-07T17:25:49.324+0000][2050.350s][info ][safepoint     ] Application time: 1.0001202 seconds
[2022-02-07T17:25:49.324+0000][2050.350s][info ][safepoint     ] Entering safepoint region: Cleanup
[2022-02-07T17:25:49.324+0000][2050.350s][info ][safepoint     ] Leaving safepoint region
[2022-02-07T17:25:49.324+0000][2050.350s][info ][safepoint     ] Total time for which application threads were stopped: 0.0004639 seconds, Stopping threads took: 0.0000709 seconds
[2022-02-07T17:25:50.324+0000][2051.350s][debug][safepoint     ] Safepoint synchronization initiated. (301 threads)
[2022-02-07T17:25:50.324+0000][2051.350s][info ][safepoint     ] Application time: 1.0001155 seconds
[2022-02-07T17:25:50.324+0000][2051.350s][info ][safepoint     ] Entering safepoint region: Cleanup
[2022-02-07T17:25:50.325+0000][2051.351s][info ][safepoint     ] Leaving safepoint region
[2022-02-07T17:25:50.325+0000][2051.351s][info ][safepoint     ] Total time for which application threads were stopped: 0.0004422 seconds, Stopping threads took: 0.0000694 seconds
[2022-02-07T17:25:51.325+0000][2052.351s][debug][safepoint     ] Safepoint synchronization initiated. (301 threads)
[2022-02-07T17:25:51.325+0000][2052.351s][info ][safepoint     ] Application time: 1.0001024 seconds
[2022-02-07T17:25:51.325+0000][2052.351s][info ][safepoint     ] Entering safepoint region: Cleanup
[2022-02-07T17:25:51.325+0000][2052.351s][info ][safepoint     ] Leaving safepoint region
[2022-02-07T17:25:51.325+0000][2052.351s][info ][safepoint     ] Total time for which application threads were stopped: 0.0004479 seconds, Stopping threads took: 0.0000686 seconds
[2022-02-07T17:25:52.325+0000][2053.351s][debug][safepoint     ] Safepoint synchronization initiated. (301 threads)
[2022-02-07T17:25:52.325+0000][2053.351s][info ][safepoint     ] Application time: 1.0001027 seconds
[2022-02-07T17:25:52.325+0000][2053.351s][info ][safepoint     ] Entering safepoint region: Cleanup
[2022-02-07T17:25:52.326+0000][2053.352s][info ][safepoint     ] Leaving safepoint region
[2022-02-07T17:25:52.326+0000][2053.352s][info ][safepoint     ] Total time for which application threads were stopped: 0.0003354 seconds, Stopping threads took: 0.0000691 seconds
[2022-02-07T17:25:53.326+0000][2054.352s][debug][safepoint     ] Safepoint synchronization initiated. (301 threads)
[2022-02-07T17:25:53.326+0000][2054.352s][info ][safepoint     ] Application time: 1.0001226 seconds
[2022-02-07T17:25:53.326+0000][2054.352s][info ][safepoint     ] Entering safepoint region: Cleanup
[2022-02-07T17:25:53.326+0000][2054.352s][info ][safepoint     ] Leaving safepoint region
[2022-02-07T17:25:53.326+0000][2054.352s][info ][safepoint     ] Total time for which application threads were stopped: 0.0002660 seconds, Stopping threads took: 0.0000739 seconds
[2022-02-07T17:25:54.326+0000][2055.352s][debug][safepoint     ] Safepoint synchronization initiated. (301 threads)
[2022-02-07T17:25:54.326+0000][2055.352s][info ][safepoint     ] Application time: 1.0001240 seconds
[2022-02-07T17:25:54.326+0000][2055.352s][info ][safepoint     ] Entering safepoint region: Cleanup
[2022-02-07T17:25:54.327+0000][2055.352s][info ][safepoint     ] Leaving safepoint region
[2022-02-07T17:25:54.327+0000][2055.352s][info ][safepoint     ] Total time for which application threads were stopped: 0.0002763 seconds, Stopping threads took: 0.0000798 seconds
[2022-02-07T17:25:55.327+0000][2056.353s][debug][safepoint     ] Safepoint synchronization initiated. (301 threads)
[2022-02-07T17:25:55.327+0000][2056.353s][info ][safepoint     ] Application time: 1.0001185 seconds
[2022-02-07T17:25:55.327+0000][2056.353s][info ][safepoint     ] Entering safepoint region: Cleanup
[2022-02-07T17:25:55.327+0000][2056.353s][info ][safepoint     ] Leaving safepoint region
[2022-02-07T17:25:55.327+0000][2056.353s][info ][safepoint     ] Total time for which application threads were stopped: 0.0002514 seconds, Stopping threads took: 0.0000728 seconds
[2022-02-07T17:25:56.327+0000][2057.353s][debug][safepoint     ] Safepoint synchronization initiated. (301 threads)
[2022-02-07T17:25:56.327+0000][2057.353s][info ][safepoint     ] Application time: 1.0001239 seconds
[2022-02-07T17:25:56.327+0000][2057.353s][info ][safepoint     ] Entering safepoint region: Cleanup
[2022-02-07T17:25:56.327+0000][2057.353s][info ][safepoint     ] Leaving safepoint region
[2022-02-07T17:25:56.327+0000][2057.353s][info ][safepoint     ] Total time for which application threads were stopped: 0.0003134 seconds, Stopping threads took: 0.0000783 seconds
[2022-02-07T17:25:57.328+0000][2058.353s][debug][safepoint     ] Safepoint synchronization initiated. (301 threads)
[2022-02-07T17:25:57.328+0000][2058.353s][info ][safepoint     ] Application time: 1.0001192 seconds
[2022-02-07T17:25:57.328+0000][2058.354s][info ][safepoint     ] Entering safepoint region: Cleanup
[2022-02-07T17:25:57.328+0000][2058.354s][info ][safepoint     ] Leaving safepoint region
[2022-02-07T17:25:57.328+0000][2058.354s][info ][safepoint     ] Total time for which application threads were stopped: 0.0003349 seconds, Stopping threads took: 0.0000756 seconds
[2022-02-07T17:25:58.328+0000][2059.354s][debug][safepoint     ] Safepoint synchronization initiated. (301 threads)
[2022-02-07T17:25:58.328+0000][2059.354s][info ][safepoint     ] Application time: 1.0001268 seconds
[2022-02-07T17:25:58.328+0000][2059.354s][info ][safepoint     ] Entering safepoint region: Cleanup
[2022-02-07T17:25:58.328+0000][2059.354s][info ][safepoint     ] Leaving safepoint region
[2022-02-07T17:25:58.328+0000][2059.354s][info ][safepoint     ] Total time for which application threads were stopped: 0.0002967 seconds, Stopping threads took: 0.0000689 seconds
[2022-02-07T17:25:59.328+0000][2060.354s][debug][safepoint     ] Safepoint synchronization initiated. (301 threads)
[2022-02-07T17:25:59.328+0000][2060.354s][info ][safepoint     ] Application time: 1.0001149 seconds
[2022-02-07T17:25:59.329+0000][2060.354s][info ][safepoint     ] Entering safepoint region: Cleanup
[2022-02-07T17:25:59.329+0000][2060.355s][info ][safepoint     ] Leaving safepoint region
[2022-02-07T17:25:59.329+0000][2060.355s][info ][safepoint     ] Total time for which application threads were stopped: 0.0002983 seconds, Stopping threads took: 0.0000697 seconds
[2022-02-07T17:26:00.275+0000][2061.301s][debug][safepoint     ] Safepoint synchronization initiated. (301 threads)
[2022-02-07T17:26:00.275+0000][2061.301s][info ][safepoint     ] Application time: 0.9462465 seconds
[2022-02-07T17:26:00.275+0000][2061.301s][debug][safepoint     ] ... found polling page return exception at pc = 0x00007f11b4c764f2, stub =0x00007f11ac8beb80
[2022-02-07T17:26:00.275+0000][2061.301s][debug][safepoint     ] Waiting for 1 thread(s) to block
[2022-02-07T17:26:00.275+0000][2061.301s][info ][safepoint     ] Entering safepoint region: G1CollectForAllocation
[2022-02-07T17:26:00.275+0000][2061.301s][info ][gc,start      ] GC(172) Pause Young (Normal) (G1 Evacuation Pause)
[2022-02-07T17:26:00.275+0000][2061.301s][info ][gc,task       ] GC(172) Using 4 workers of 4 for evacuation
[2022-02-07T17:26:00.283+0000][2061.309s][info ][gc,phases     ] GC(172)   Pre Evacuate Collection Set: 0.0ms
[2022-02-07T17:26:00.283+0000][2061.309s][info ][gc,phases     ] GC(172)   Evacuate Collection Set: 3.2ms
[2022-02-07T17:26:00.283+0000][2061.309s][info ][gc,phases     ] GC(172)   Post Evacuate Collection Set: 4.0ms
[2022-02-07T17:26:00.283+0000][2061.309s][info ][gc,phases     ] GC(172)   Other: 0.2ms
[2022-02-07T17:26:00.283+0000][2061.309s][info ][gc,heap       ] GC(172) Eden regions: 235->0(235)
[2022-02-07T17:26:00.283+0000][2061.309s][info ][gc,heap       ] GC(172) Survivor regions: 1->1(30)
[2022-02-07T17:26:00.283+0000][2061.309s][info ][gc,heap       ] GC(172) Old regions: 149->149
[2022-02-07T17:26:00.283+0000][2061.309s][info ][gc,heap       ] GC(172) Humongous regions: 0->0
[2022-02-07T17:26:00.283+0000][2061.309s][info ][gc,metaspace  ] GC(172) Metaspace: 163345K->163345K(1206272K)
[2022-02-07T17:26:00.283+0000][2061.309s][info ][gc            ] GC(172) Pause Young (Normal) (G1 Evacuation Pause) 382M->147M(430M) 7.589ms
[2022-02-07T17:26:00.283+0000][2061.309s][info ][gc,cpu        ] GC(172) User=0.01s Sys=0.00s Real=0.01s
[2022-02-07T17:26:00.283+0000][2061.309s][info ][safepoint     ] Leaving safepoint region
[2022-02-07T17:26:00.283+0000][2061.309s][info ][safepoint     ] Total time for which application threads were stopped: 0.0080549 seconds, Stopping threads took: 0.0001031 seconds
[2022-02-07T17:26:00.284+0000][2061.309s][info ][gc,stringdedup] Concurrent String Deduplication (2061.309s)
[2022-02-07T17:26:00.284+0000][2061.309s][info ][gc,stringdedup] Concurrent String Deduplication 1472.0B->0.0B(1472.0B) avg 53.5% (2061.309s, 2061.309s) 0.032ms
[2022-02-07T17:26:01.283+0000][2062.309s][debug][safepoint     ] Safepoint synchronization initiated. (301 threads)
[2022-02-07T17:26:01.283+0000][2062.309s][info ][safepoint     ] Application time: 1.0001568 seconds
[2022-02-07T17:26:01.283+0000][2062.309s][info ][safepoint     ] Entering safepoint region: Cleanup
[2022-02-07T17:26:01.284+0000][2062.309s][info ][safepoint     ] Leaving safepoint region
[2022-02-07T17:26:01.284+0000][2062.309s][info ][safepoint     ] Total time for which application threads were stopped: 0.0002480 seconds, Stopping threads took: 0.0000745 seconds
[2022-02-07T17:26:02.284+0000][2063.309s][debug][safepoint     ] Safepoint synchronization initiated. (301 threads)
[2022-02-07T17:26:02.284+0000][2063.310s][info ][safepoint     ] Application time: 1.0001248 seconds
[2022-02-07T17:26:02.284+0000][2063.310s][info ][safepoint     ] Entering safepoint region: Cleanup
[2022-02-07T17:26:02.284+0000][2063.310s][info ][safepoint     ] Leaving safepoint region
[2022-02-07T17:26:02.284+0000][2063.310s][info ][safepoint     ] Total time for which application threads were stopped: 0.0002976 seconds, Stopping threads took: 0.0000703 seconds
[2022-02-07T17:26:03.284+0000][2064.310s][debug][safepoint     ] Safepoint synchronization initiated. (301 threads)
[2022-02-07T17:26:03.284+0000][2064.310s][info ][safepoint     ] Application time: 1.0001238 seconds
[2022-02-07T17:26:03.284+0000][2064.310s][debug][safepoint     ] ... found polling page return exception at pc = 0x00007f11b489c486, stub =0x00007f11ac8beb80
[2022-02-07T17:26:03.284+0000][2064.310s][debug][safepoint     ] Waiting for 1 thread(s) to block
[2022-02-07T17:26:03.284+0000][2064.310s][info ][safepoint     ] Entering safepoint region: Cleanup
[2022-02-07T17:26:03.284+0000][2064.310s][info ][safepoint     ] Leaving safepoint region
[2022-02-07T17:26:03.284+0000][2064.310s][info ][safepoint     ] Total time for which application threads were stopped: 0.0002873 seconds, Stopping threads took: 0.0001104 seconds
[2022-02-07T17:26:04.284+0000][2065.310s][debug][safepoint     ] Safepoint synchronization initiated. (301 threads)
[2022-02-07T17:26:04.285+0000][2065.310s][info ][safepoint     ] Application time: 1.0001133 seconds
[2022-02-07T17:26:04.285+0000][2065.310s][info ][safepoint     ] Entering safepoint region: Cleanup
[2022-02-07T17:26:04.285+0000][2065.311s][info ][safepoint     ] Leaving safepoint region
[2022-02-07T17:26:04.285+0000][2065.311s][info ][safepoint     ] Total time for which application threads were stopped: 0.0003051 seconds, Stopping threads took: 0.0000701 seconds
[2022-02-07T17:26:05.285+0000][2066.311s][debug][safepoint     ] Safepoint synchronization initiated. (301 threads)
[2022-02-07T17:26:05.285+0000][2066.311s][info ][safepoint     ] Application time: 1.0001189 seconds
[2022-02-07T17:26:05.285+0000][2066.311s][info ][safepoint     ] Entering safepoint region: Cleanup
[2022-02-07T17:26:05.285+0000][2066.311s][info ][safepoint     ] Leaving safepoint region
[2022-02-07T17:26:05.285+0000][2066.311s][info ][safepoint     ] Total time for which application threads were stopped: 0.0003020 seconds, Stopping threads took: 0.0000699 seconds
[2022-02-07T17:26:06.285+0000][2067.311s][debug][safepoint     ] Safepoint synchronization initiated. (301 threads)
[2022-02-07T17:26:06.285+0000][2067.311s][info ][safepoint     ] Application time: 1.0001324 seconds
[2022-02-07T17:26:06.285+0000][2067.311s][info ][safepoint     ] Entering safepoint region: Cleanup
[2022-02-07T17:26:06.286+0000][2067.312s][info ][safepoint     ] Leaving safepoint region
[2022-02-07T17:26:06.286+0000][2067.312s][info ][safepoint     ] Total time for which application threads were stopped: 0.0003094 seconds, Stopping threads took: 0.0000701 seconds
[2022-02-07T17:26:07.286+0000][2068.312s][debug][safepoint     ] Safepoint synchronization initiated. (301 threads)
[2022-02-07T17:26:07.286+0000][2068.312s][info ][safepoint     ] Application time: 1.0001359 seconds
[2022-02-07T17:26:07.286+0000][2068.312s][info ][safepoint     ] Entering safepoint region: Cleanup
[2022-02-07T17:26:07.286+0000][2068.312s][info ][safepoint     ] Leaving safepoint region
[2022-02-07T17:26:07.286+0000][2068.312s][info ][safepoint     ] Total time for which application threads were stopped: 0.0004446 seconds, Stopping threads took: 0.0001048 seconds
[2022-02-07T17:26:08.286+0000][2069.312s][debug][safepoint     ] Safepoint synchronization initiated. (301 threads)
[2022-02-07T17:26:08.286+0000][2069.312s][info ][safepoint     ] Application time: 1.0001241 seconds
[2022-02-07T17:26:08.287+0000][2069.312s][info ][safepoint     ] Entering safepoint region: Cleanup
[2022-02-07T17:26:08.287+0000][2069.313s][info ][safepoint     ] Leaving safepoint region
[2022-02-07T17:26:08.287+0000][2069.313s][info ][safepoint     ] Total time for which application threads were stopped: 0.0004535 seconds, Stopping threads took: 0.0000698 seconds
[2022-02-07T17:26:09.287+0000][2070.313s][debug][safepoint     ] Safepoint synchronization initiated. (301 threads)
[2022-02-07T17:26:09.287+0000][2070.313s][info ][safepoint     ] Application time: 1.0001507 seconds
[2022-02-07T17:26:09.287+0000][2070.313s][info ][safepoint     ] Entering safepoint region: Cleanup
[2022-02-07T17:26:09.287+0000][2070.313s][info ][safepoint     ] Leaving safepoint region
[2022-02-07T17:26:09.287+0000][2070.313s][info ][safepoint     ] Total time for which application threads were stopped: 0.0003740 seconds, Stopping threads took: 0.0000777 seconds
[2022-02-07T17:26:10.288+0000][2071.313s][debug][safepoint     ] Safepoint synchronization initiated. (301 threads)
[2022-02-07T17:26:10.288+0000][2071.313s][info ][safepoint     ] Application time: 1.0001122 seconds
[2022-02-07T17:26:10.288+0000][2071.314s][info ][safepoint     ] Entering safepoint region: Cleanup
[2022-02-07T17:26:10.288+0000][2071.314s][info ][safepoint     ] Leaving safepoint region
[2022-02-07T17:26:10.288+0000][2071.314s][info ][safepoint     ] Total time for which application threads were stopped: 0.0003037 seconds, Stopping threads took: 0.0000700 seconds
[2022-02-07T17:26:11.288+0000][2072.314s][debug][safepoint     ] Safepoint synchronization initiated. (301 threads)
[2022-02-07T17:26:11.288+0000][2072.314s][info ][safepoint     ] Application time: 1.0001202 seconds
[2022-02-07T17:26:11.288+0000][2072.314s][info ][safepoint     ] Entering safepoint region: Cleanup
[2022-02-07T17:26:11.288+0000][2072.314s][info ][safepoint     ] Leaving safepoint region
[2022-02-07T17:26:11.288+0000][2072.314s][info ][safepoint     ] Total time for which application threads were stopped: 0.0003164 seconds, Stopping threads took: 0.0000704 seconds
[2022-02-07T17:26:12.288+0000][2073.314s][debug][safepoint     ] Safepoint synchronization initiated. (301 threads)
[2022-02-07T17:26:12.288+0000][2073.314s][info ][safepoint     ] Application time: 1.0001203 seconds
[2022-02-07T17:26:12.289+0000][2073.314s][info ][safepoint     ] Entering safepoint region: Cleanup
[2022-02-07T17:26:12.289+0000][2073.315s][info ][safepoint     ] Leaving safepoint region
[2022-02-07T17:26:12.289+0000][2073.315s][info ][safepoint     ] Total time for which application threads were stopped: 0.0002912 seconds, Stopping threads took: 0.0000682 seconds
[2022-02-07T17:26:13.289+0000][2074.315s][debug][safepoint     ] Safepoint synchronization initiated. (301 threads)
[2022-02-07T17:26:13.289+0000][2074.315s][info ][safepoint     ] Application time: 1.0001342 seconds
[2022-02-07T17:26:13.289+0000][2074.315s][info ][safepoint     ] Entering safepoint region: Cleanup
[2022-02-07T17:26:13.289+0000][2074.315s][info ][safepoint     ] Leaving safepoint region
[2022-02-07T17:26:13.289+0000][2074.315s][info ][safepoint     ] Total time for which application threads were stopped: 0.0003014 seconds, Stopping threads took: 0.0000712 seconds
[2022-02-07T17:26:14.291+0000][2075.317s][debug][safepoint     ] Safepoint synchronization initiated. (301 threads)
[2022-02-07T17:26:14.291+0000][2075.317s][info ][safepoint     ] Application time: 1.0017035 seconds
[2022-02-07T17:26:14.291+0000][2075.317s][info ][safepoint     ] Entering safepoint region: Cleanup
[2022-02-07T17:26:14.291+0000][2075.317s][info ][safepoint     ] Leaving safepoint region
[2022-02-07T17:26:14.291+0000][2075.317s][info ][safepoint     ] Total time for which application threads were stopped: 0.0004910 seconds, Stopping threads took: 0.0000730 seconds
[2022-02-07T17:26:15.292+0000][2076.317s][debug][safepoint     ] Safepoint synchronization initiated. (301 threads)
[2022-02-07T17:26:15.292+0000][2076.317s][info ][safepoint     ] Application time: 1.0001141 seconds
[2022-02-07T17:26:15.292+0000][2076.318s][info ][safepoint     ] Entering safepoint region: Cleanup
[2022-02-07T17:26:15.292+0000][2076.318s][info ][safepoint     ] Leaving safepoint region
[2022-02-07T17:26:15.292+0000][2076.318s][info ][safepoint     ] Total time for which application threads were stopped: 0.0004399 seconds, Stopping threads took: 0.0000693 seconds
[2022-02-07T17:26:15.343+0000][2076.369s][debug][safepoint     ] Safepoint synchronization initiated. (301 threads)
[2022-02-07T17:26:15.343+0000][2076.369s][info ][safepoint     ] Application time: 0.0510798 seconds
[2022-02-07T17:26:15.343+0000][2076.369s][info ][safepoint     ] Entering safepoint region: G1CollectForAllocation
[2022-02-07T17:26:15.344+0000][2076.369s][info ][gc,start      ] GC(173) Pause Young (Normal) (G1 Evacuation Pause)
[2022-02-07T17:26:15.344+0000][2076.369s][info ][gc,task       ] GC(173) Using 4 workers of 4 for evacuation
[2022-02-07T17:26:15.372+0000][2076.398s][info ][gc,phases     ] GC(173)   Pre Evacuate Collection Set: 0.0ms
[2022-02-07T17:26:15.372+0000][2076.398s][info ][gc,phases     ] GC(173)   Evacuate Collection Set: 18.2ms
[2022-02-07T17:26:15.372+0000][2076.398s][info ][gc,phases     ] GC(173)   Post Evacuate Collection Set: 10.0ms
[2022-02-07T17:26:15.372+0000][2076.398s][info ][gc,phases     ] GC(173)   Other: 0.2ms
[2022-02-07T17:26:15.372+0000][2076.398s][info ][gc,heap       ] GC(173) Eden regions: 235->0(236)
[2022-02-07T17:26:15.372+0000][2076.398s][info ][gc,heap       ] GC(173) Survivor regions: 1->1(30)
[2022-02-07T17:26:15.372+0000][2076.398s][info ][gc,heap       ] GC(173) Old regions: 149->149
[2022-02-07T17:26:15.372+0000][2076.398s][info ][gc,heap       ] GC(173) Humongous regions: 0->0
[2022-02-07T17:26:15.372+0000][2076.398s][info ][gc,metaspace  ] GC(173) Metaspace: 163345K->163345K(1206272K)
[2022-02-07T17:26:15.372+0000][2076.398s][info ][gc            ] GC(173) Pause Young (Normal) (G1 Evacuation Pause) 382M->147M(430M) 28.588ms
[2022-02-07T17:26:15.372+0000][2076.398s][info ][gc,cpu        ] GC(173) User=0.02s Sys=0.00s Real=0.03s
[2022-02-07T17:26:15.372+0000][2076.398s][info ][safepoint     ] Leaving safepoint region
[2022-02-07T17:26:15.372+0000][2076.398s][info ][safepoint     ] Total time for which application threads were stopped: 0.0291540 seconds, Stopping threads took: 0.0000693 seconds
[2022-02-07T17:26:15.373+0000][2076.399s][info ][gc,stringdedup] Concurrent String Deduplication (2076.399s)
[2022-02-07T17:26:15.373+0000][2076.399s][info ][gc,stringdedup] Concurrent String Deduplication 256.0B->0.0B(256.0B) avg 53.5% (2076.399s, 2076.399s) 0.028ms
[2022-02-07T17:26:16.372+0000][2077.398s][debug][safepoint     ] Safepoint synchronization initiated. (301 threads)
[2022-02-07T17:26:16.372+0000][2077.398s][info ][safepoint     ] Application time: 1.0001388 seconds
[2022-02-07T17:26:16.373+0000][2077.398s][info ][safepoint     ] Entering safepoint region: Cleanup
[2022-02-07T17:26:16.373+0000][2077.399s][info ][safepoint     ] Leaving safepoint region
[2022-02-07T17:26:16.373+0000][2077.399s][info ][safepoint     ] Total time for which application threads were stopped: 0.0003132 seconds, Stopping threads took: 0.0000720 seconds
[2022-02-07T17:26:17.373+0000][2078.399s][debug][safepoint     ] Safepoint synchronization initiated. (301 threads)
[2022-02-07T17:26:17.373+0000][2078.399s][info ][safepoint     ] Application time: 1.0001161 seconds
[2022-02-07T17:26:17.373+0000][2078.399s][debug][safepoint     ] ... found polling page return exception at pc = 0x00007f11b4576fef, stub =0x00007f11ac8beb80
[2022-02-07T17:26:17.373+0000][2078.399s][debug][safepoint     ] Waiting for 1 thread(s) to block
[2022-02-07T17:26:17.373+0000][2078.399s][info ][safepoint     ] Entering safepoint region: Cleanup
[2022-02-07T17:26:17.373+0000][2078.399s][info ][safepoint     ] Leaving safepoint region
[2022-02-07T17:26:17.373+0000][2078.399s][info ][safepoint     ] Total time for which application threads were stopped: 0.0004740 seconds, Stopping threads took: 0.0001048 seconds
[2022-02-07T17:26:18.373+0000][2079.399s][debug][safepoint     ] Safepoint synchronization initiated. (301 threads)
[2022-02-07T17:26:18.373+0000][2079.399s][info ][safepoint     ] Application time: 1.0001149 seconds
[2022-02-07T17:26:18.374+0000][2079.399s][info ][safepoint     ] Entering safepoint region: Cleanup
[2022-02-07T17:26:18.374+0000][2079.400s][info ][safepoint     ] Leaving safepoint region
[2022-02-07T17:26:18.374+0000][2079.400s][info ][safepoint     ] Total time for which application threads were stopped: 0.0003172 seconds, Stopping threads took: 0.0000689 seconds
[2022-02-07T17:26:19.374+0000][2080.400s][debug][safepoint     ] Safepoint synchronization initiated. (301 threads)
[2022-02-07T17:26:19.374+0000][2080.400s][info ][safepoint     ] Application time: 1.0001155 seconds
[2022-02-07T17:26:19.374+0000][2080.400s][info ][safepoint     ] Entering safepoint region: Cleanup
[2022-02-07T17:26:19.374+0000][2080.400s][info ][safepoint     ] Leaving safepoint region
[2022-02-07T17:26:19.374+0000][2080.400s][info ][safepoint     ] Total time for which application threads were stopped: 0.0003501 seconds, Stopping threads took: 0.0000933 seconds
[2022-02-07T17:26:20.374+0000][2081.400s][debug][safepoint     ] Safepoint synchronization initiated. (301 threads)
[2022-02-07T17:26:20.374+0000][2081.400s][info ][safepoint     ] Application time: 1.0001364 seconds
[2022-02-07T17:26:20.375+0000][2081.400s][info ][safepoint     ] Entering safepoint region: Cleanup
[2022-02-07T17:26:20.375+0000][2081.401s][info ][safepoint     ] Leaving safepoint region
[2022-02-07T17:26:20.375+0000][2081.401s][info ][safepoint     ] Total time for which application threads were stopped: 0.0002445 seconds, Stopping threads took: 0.0000638 seconds
[2022-02-07T17:26:21.375+0000][2082.401s][debug][safepoint     ] Safepoint synchronization initiated. (301 threads)
[2022-02-07T17:26:21.375+0000][2082.401s][info ][safepoint     ] Application time: 1.0001507 seconds
[2022-02-07T17:26:21.375+0000][2082.401s][info ][safepoint     ] Entering safepoint region: Cleanup
[2022-02-07T17:26:21.375+0000][2082.401s][info ][safepoint     ] Leaving safepoint region
[2022-02-07T17:26:21.375+0000][2082.401s][info ][safepoint     ] Total time for which application threads were stopped: 0.0004197 seconds, Stopping threads took: 0.0000829 seconds
[2022-02-07T17:26:22.375+0000][2083.401s][debug][safepoint     ] Safepoint synchronization initiated. (301 threads)
[2022-02-07T17:26:22.375+0000][2083.401s][info ][safepoint     ] Application time: 1.0001111 seconds
[2022-02-07T17:26:22.376+0000][2083.401s][info ][safepoint     ] Entering safepoint region: Cleanup
[2022-02-07T17:26:22.376+0000][2083.402s][info ][safepoint     ] Leaving safepoint region
[2022-02-07T17:26:22.376+0000][2083.402s][info ][safepoint     ] Total time for which application threads were stopped: 0.0003116 seconds, Stopping threads took: 0.0000794 seconds
[2022-02-07T17:26:23.376+0000][2084.402s][debug][safepoint     ] Safepoint synchronization initiated. (301 threads)
[2022-02-07T17:26:23.376+0000][2084.402s][info ][safepoint     ] Application time: 1.0001264 seconds
[2022-02-07T17:26:23.376+0000][2084.402s][info ][safepoint     ] Entering safepoint region: Cleanup
[2022-02-07T17:26:23.376+0000][2084.402s][info ][safepoint     ] Leaving safepoint region
[2022-02-07T17:26:23.376+0000][2084.402s][info ][safepoint     ] Total time for which application threads were stopped: 0.0003129 seconds, Stopping threads took: 0.0000714 seconds
[2022-02-07T17:26:24.376+0000][2085.402s][debug][safepoint     ] Safepoint synchronization initiated. (301 threads)
[2022-02-07T17:26:24.376+0000][2085.402s][info ][safepoint     ] Application time: 1.0001370 seconds
[2022-02-07T17:26:24.376+0000][2085.402s][info ][safepoint     ] Entering safepoint region: Cleanup
[2022-02-07T17:26:24.377+0000][2085.402s][info ][safepoint     ] Leaving safepoint region
[2022-02-07T17:26:24.377+0000][2085.403s][info ][safepoint     ] Total time for which application threads were stopped: 0.0002693 seconds, Stopping threads took: 0.0000628 seconds
[2022-02-07T17:26:25.377+0000][2086.403s][debug][safepoint     ] Safepoint synchronization initiated. (301 threads)
[2022-02-07T17:26:25.377+0000][2086.403s][info ][safepoint     ] Application time: 1.0001166 seconds
[2022-02-07T17:26:25.377+0000][2086.403s][info ][safepoint     ] Entering safepoint region: Cleanup
[2022-02-07T17:26:25.377+0000][2086.403s][info ][safepoint     ] Leaving safepoint region
[2022-02-07T17:26:25.377+0000][2086.403s][info ][safepoint     ] Total time for which application threads were stopped: 0.0003132 seconds, Stopping threads took: 0.0000721 seconds
[2022-02-07T17:26:26.377+0000][2087.403s][debug][safepoint     ] Safepoint synchronization initiated. (301 threads)
[2022-02-07T17:26:26.377+0000][2087.403s][info ][safepoint     ] Application time: 1.0001448 seconds
[2022-02-07T17:26:26.377+0000][2087.403s][info ][safepoint     ] Entering safepoint region: Cleanup
[2022-02-07T17:26:26.378+0000][2087.404s][info ][safepoint     ] Leaving safepoint region
[2022-02-07T17:26:26.378+0000][2087.404s][info ][safepoint     ] Total time for which application threads were stopped: 0.0004602 seconds, Stopping threads took: 0.0000721 seconds
[2022-02-07T17:26:27.378+0000][2088.404s][debug][safepoint     ] Safepoint synchronization initiated. (301 threads)
[2022-02-07T17:26:27.378+0000][2088.404s][info ][safepoint     ] Application time: 1.0001205 seconds
[2022-02-07T17:26:27.378+0000][2088.404s][info ][safepoint     ] Entering safepoint region: Cleanup
[2022-02-07T17:26:27.378+0000][2088.404s][info ][safepoint     ] Leaving safepoint region
[2022-02-07T17:26:27.378+0000][2088.404s][info ][safepoint     ] Total time for which application threads were stopped: 0.0004342 seconds, Stopping threads took: 0.0000677 seconds
[2022-02-07T17:26:28.378+0000][2089.404s][debug][safepoint     ] Safepoint synchronization initiated. (301 threads)
[2022-02-07T17:26:28.378+0000][2089.404s][info ][safepoint     ] Application time: 1.0001342 seconds
[2022-02-07T17:26:28.378+0000][2089.404s][debug][safepoint     ] ... found polling page return exception at pc = 0x00007f11b4fc1a06, stub =0x00007f11ac8beb80
[2022-02-07T17:26:28.379+0000][2089.404s][debug][safepoint     ] Waiting for 1 thread(s) to block
[2022-02-07T17:26:28.379+0000][2089.404s][info ][safepoint     ] Entering safepoint region: Cleanup
[2022-02-07T17:26:28.379+0000][2089.405s][info ][safepoint     ] Leaving safepoint region
[2022-02-07T17:26:28.379+0000][2089.405s][info ][safepoint     ] Total time for which application threads were stopped: 0.0003529 seconds, Stopping threads took: 0.0001057 seconds
[2022-02-07T17:26:29.379+0000][2090.405s][debug][safepoint     ] Safepoint synchronization initiated. (301 threads)
[2022-02-07T17:26:29.379+0000][2090.405s][info ][safepoint     ] Application time: 1.0001350 seconds
[2022-02-07T17:26:29.379+0000][2090.405s][info ][safepoint     ] Entering safepoint region: Cleanup
[2022-02-07T17:26:29.379+0000][2090.405s][info ][safepoint     ] Leaving safepoint region
[2022-02-07T17:26:29.379+0000][2090.405s][info ][safepoint     ] Total time for which application threads were stopped: 0.0003684 seconds, Stopping threads took: 0.0000703 seconds
[2022-02-07T17:26:30.379+0000][2091.405s][debug][safepoint     ] Safepoint synchronization initiated. (301 threads)
[2022-02-07T17:26:30.379+0000][2091.405s][info ][safepoint     ] Application time: 1.0001461 seconds
[2022-02-07T17:26:30.380+0000][2091.405s][info ][safepoint     ] Entering safepoint region: Cleanup
[2022-02-07T17:26:30.380+0000][2091.406s][info ][safepoint     ] Leaving safepoint region
[2022-02-07T17:26:30.380+0000][2091.406s][info ][safepoint     ] Total time for which application threads were stopped: 0.0003146 seconds, Stopping threads took: 0.0000703 seconds
[2022-02-07T17:26:31.380+0000][2092.406s][debug][safepoint     ] Safepoint synchronization initiated. (301 threads)
[2022-02-07T17:26:31.380+0000][2092.406s][info ][safepoint     ] Application time: 1.0001120 seconds
[2022-02-07T17:26:31.380+0000][2092.406s][info ][safepoint     ] Entering safepoint region: Cleanup
[2022-02-07T17:26:31.380+0000][2092.406s][info ][safepoint     ] Leaving safepoint region
[2022-02-07T17:26:31.380+0000][2092.406s][info ][safepoint     ] Total time for which application threads were stopped: 0.0004577 seconds, Stopping threads took: 0.0000774 seconds
[2022-02-07T17:26:32.380+0000][2093.406s][debug][safepoint     ] Safepoint synchronization initiated. (301 threads)
[2022-02-07T17:26:32.381+0000][2093.406s][info ][safepoint     ] Application time: 1.0001109 seconds
[2022-02-07T17:26:32.381+0000][2093.406s][info ][safepoint     ] Entering safepoint region: Cleanup
[2022-02-07T17:26:32.381+0000][2093.407s][info ][safepoint     ] Leaving safepoint region
[2022-02-07T17:26:32.381+0000][2093.407s][info ][safepoint     ] Total time for which application threads were stopped: 0.0004435 seconds, Stopping threads took: 0.0000703 seconds
[2022-02-07T17:26:33.381+0000][2094.407s][debug][safepoint     ] Safepoint synchronization initiated. (301 threads)
[2022-02-07T17:26:33.381+0000][2094.407s][info ][safepoint     ] Application time: 1.0001117 seconds
[2022-02-07T17:26:33.381+0000][2094.407s][info ][safepoint     ] Entering safepoint region: Cleanup
[2022-02-07T17:26:33.381+0000][2094.407s][info ][safepoint     ] Leaving safepoint region
[2022-02-07T17:26:33.381+0000][2094.407s][info ][safepoint     ] Total time for which application threads were stopped: 0.0003188 seconds, Stopping threads took: 0.0000696 seconds
[2022-02-07T17:26:34.381+0000][2095.407s][debug][safepoint     ] Safepoint synchronization initiated. (301 threads)
[2022-02-07T17:26:34.382+0000][2095.407s][info ][safepoint     ] Application time: 1.0001166 seconds
[2022-02-07T17:26:34.382+0000][2095.407s][info ][safepoint     ] Entering safepoint region: Cleanup
[2022-02-07T17:26:34.382+0000][2095.408s][info ][safepoint     ] Leaving safepoint region
[2022-02-07T17:26:34.382+0000][2095.408s][info ][safepoint     ] Total time for which application threads were stopped: 0.0003025 seconds, Stopping threads took: 0.0000712 seconds
[2022-02-07T17:26:34.423+0000][2095.449s][debug][safepoint     ] Safepoint synchronization initiated. (301 threads)
[2022-02-07T17:26:34.423+0000][2095.449s][info ][safepoint     ] Application time: 0.0416107 seconds
[2022-02-07T17:26:34.424+0000][2095.449s][info ][safepoint     ] Entering safepoint region: G1CollectForAllocation
[2022-02-07T17:26:34.424+0000][2095.450s][info ][gc,start      ] GC(174) Pause Young (Normal) (G1 Evacuation Pause)
[2022-02-07T17:26:34.424+0000][2095.450s][info ][gc,task       ] GC(174) Using 4 workers of 4 for evacuation
[2022-02-07T17:26:34.430+0000][2095.456s][info ][gc,phases     ] GC(174)   Pre Evacuate Collection Set: 0.0ms
[2022-02-07T17:26:34.430+0000][2095.456s][info ][gc,phases     ] GC(174)   Evacuate Collection Set: 3.3ms
[2022-02-07T17:26:34.430+0000][2095.456s][info ][gc,phases     ] GC(174)   Post Evacuate Collection Set: 3.0ms
[2022-02-07T17:26:34.430+0000][2095.456s][info ][gc,phases     ] GC(174)   Other: 0.3ms
[2022-02-07T17:26:34.430+0000][2095.456s][info ][gc,heap       ] GC(174) Eden regions: 236->0(236)
[2022-02-07T17:26:34.430+0000][2095.456s][info ][gc,heap       ] GC(174) Survivor regions: 1->1(30)
[2022-02-07T17:26:34.430+0000][2095.456s][info ][gc,heap       ] GC(174) Old regions: 149->149
[2022-02-07T17:26:34.430+0000][2095.456s][info ][gc,heap       ] GC(174) Humongous regions: 0->0
[2022-02-07T17:26:34.430+0000][2095.456s][info ][gc,metaspace  ] GC(174) Metaspace: 163347K->163347K(1206272K)
[2022-02-07T17:26:34.431+0000][2095.456s][info ][gc            ] GC(174) Pause Young (Normal) (G1 Evacuation Pause) 383M->147M(430M) 6.697ms
[2022-02-07T17:26:34.431+0000][2095.456s][info ][gc,cpu        ] GC(174) User=0.01s Sys=0.00s Real=0.01s
[2022-02-07T17:26:34.431+0000][2095.456s][info ][safepoint     ] Leaving safepoint region
[2022-02-07T17:26:34.431+0000][2095.456s][info ][safepoint     ] Total time for which application threads were stopped: 0.0071343 seconds, Stopping threads took: 0.0000690 seconds
[2022-02-07T17:26:34.433+0000][2095.459s][info ][gc,stringdedup] Concurrent String Deduplication (2095.459s)
[2022-02-07T17:26:34.433+0000][2095.459s][info ][gc,stringdedup] Concurrent String Deduplication 200.0B->0.0B(200.0B) avg 53.5% (2095.459s, 2095.459s) 0.049ms
[2022-02-07T17:26:35.431+0000][2096.457s][debug][safepoint     ] Safepoint synchronization initiated. (301 threads)
[2022-02-07T17:26:35.431+0000][2096.457s][info ][safepoint     ] Application time: 1.0001316 seconds
[2022-02-07T17:26:35.431+0000][2096.457s][info ][safepoint     ] Entering safepoint region: Cleanup
[2022-02-07T17:26:35.431+0000][2096.457s][info ][safepoint     ] Leaving safepoint region
[2022-02-07T17:26:35.431+0000][2096.457s][info ][safepoint     ] Total time for which application threads were stopped: 0.0002645 seconds, Stopping threads took: 0.0000698 seconds
[2022-02-07T17:26:36.431+0000][2097.457s][debug][safepoint     ] Safepoint synchronization initiated. (301 threads)
[2022-02-07T17:26:36.431+0000][2097.457s][info ][safepoint     ] Application time: 1.0001097 seconds
[2022-02-07T17:26:36.431+0000][2097.457s][info ][safepoint     ] Entering safepoint region: Cleanup
[2022-02-07T17:26:36.432+0000][2097.457s][info ][safepoint     ] Leaving safepoint region
[2022-02-07T17:26:36.432+0000][2097.457s][info ][safepoint     ] Total time for which application threads were stopped: 0.0004686 seconds, Stopping threads took: 0.0000903 seconds
[2022-02-07T17:26:37.432+0000][2098.458s][debug][safepoint     ] Safepoint synchronization initiated. (301 threads)
[2022-02-07T17:26:37.432+0000][2098.458s][info ][safepoint     ] Application time: 1.0001241 seconds
[2022-02-07T17:26:37.432+0000][2098.458s][info ][safepoint     ] Entering safepoint region: Cleanup
[2022-02-07T17:26:37.432+0000][2098.458s][info ][safepoint     ] Leaving safepoint region
[2022-02-07T17:26:37.432+0000][2098.458s][info ][safepoint     ] Total time for which application threads were stopped: 0.0003051 seconds, Stopping threads took: 0.0000677 seconds
[2022-02-07T17:26:38.432+0000][2099.458s][debug][safepoint     ] Safepoint synchronization initiated. (301 threads)
[2022-02-07T17:26:38.432+0000][2099.458s][info ][safepoint     ] Application time: 1.0001133 seconds
[2022-02-07T17:26:38.432+0000][2099.458s][info ][safepoint     ] Entering safepoint region: Cleanup
[2022-02-07T17:26:38.432+0000][2099.458s][info ][safepoint     ] Leaving safepoint region
[2022-02-07T17:26:38.432+0000][2099.458s][info ][safepoint     ] Total time for which application threads were stopped: 0.0002973 seconds, Stopping threads took: 0.0000690 seconds
[2022-02-07T17:26:39.433+0000][2100.458s][debug][safepoint     ] Safepoint synchronization initiated. (301 threads)
[2022-02-07T17:26:39.433+0000][2100.458s][info ][safepoint     ] Application time: 1.0001169 seconds
[2022-02-07T17:26:39.433+0000][2100.459s][info ][safepoint     ] Entering safepoint region: Cleanup
[2022-02-07T17:26:39.433+0000][2100.459s][info ][safepoint     ] Leaving safepoint region
[2022-02-07T17:26:39.433+0000][2100.459s][info ][safepoint     ] Total time for which application threads were stopped: 0.0003235 seconds, Stopping threads took: 0.0000934 seconds
[2022-02-07T17:26:40.433+0000][2101.459s][debug][safepoint     ] Safepoint synchronization initiated. (301 threads)
[2022-02-07T17:26:40.433+0000][2101.459s][info ][safepoint     ] Application time: 1.0001176 seconds
[2022-02-07T17:26:40.433+0000][2101.459s][info ][safepoint     ] Entering safepoint region: Cleanup
[2022-02-07T17:26:40.433+0000][2101.459s][info ][safepoint     ] Leaving safepoint region
[2022-02-07T17:26:40.433+0000][2101.459s][info ][safepoint     ] Total time for which application threads were stopped: 0.0003200 seconds, Stopping threads took: 0.0000704 seconds
[2022-02-07T17:26:41.434+0000][2102.459s][debug][safepoint     ] Safepoint synchronization initiated. (301 threads)
[2022-02-07T17:26:41.434+0000][2102.459s][info ][safepoint     ] Application time: 1.0001459 seconds
[2022-02-07T17:26:41.434+0000][2102.460s][info ][safepoint     ] Entering safepoint region: Cleanup
[2022-02-07T17:26:41.434+0000][2102.460s][info ][safepoint     ] Leaving safepoint region
[2022-02-07T17:26:41.434+0000][2102.460s][info ][safepoint     ] Total time for which application threads were stopped: 0.0003170 seconds, Stopping threads took: 0.0000748 seconds
[2022-02-07T17:26:42.434+0000][2103.460s][debug][safepoint     ] Safepoint synchronization initiated. (301 threads)
[2022-02-07T17:26:42.434+0000][2103.460s][info ][safepoint     ] Application time: 1.0001188 seconds
[2022-02-07T17:26:42.434+0000][2103.460s][info ][safepoint     ] Entering safepoint region: Cleanup
[2022-02-07T17:26:42.434+0000][2103.460s][info ][safepoint     ] Leaving safepoint region
[2022-02-07T17:26:42.434+0000][2103.460s][info ][safepoint     ] Total time for which application threads were stopped: 0.0003176 seconds, Stopping threads took: 0.0000724 seconds
[2022-02-07T17:26:43.434+0000][2104.460s][debug][safepoint     ] Safepoint synchronization initiated. (301 threads)
[2022-02-07T17:26:43.434+0000][2104.460s][info ][safepoint     ] Application time: 1.0001096 seconds
[2022-02-07T17:26:43.435+0000][2104.460s][debug][safepoint     ] Waiting for 1 thread(s) to block
[2022-02-07T17:26:43.435+0000][2104.460s][info ][safepoint     ] Entering safepoint region: Cleanup
[2022-02-07T17:26:43.435+0000][2104.461s][info ][safepoint     ] Leaving safepoint region
[2022-02-07T17:26:43.435+0000][2104.461s][info ][safepoint     ] Total time for which application threads were stopped: 0.0003400 seconds, Stopping threads took: 0.0001024 seconds
[2022-02-07T17:26:44.435+0000][2105.461s][debug][safepoint     ] Safepoint synchronization initiated. (301 threads)
[2022-02-07T17:26:44.435+0000][2105.461s][info ][safepoint     ] Application time: 1.0001218 seconds
[2022-02-07T17:26:44.435+0000][2105.461s][info ][safepoint     ] Entering safepoint region: Cleanup
[2022-02-07T17:26:44.435+0000][2105.461s][info ][safepoint     ] Leaving safepoint region
[2022-02-07T17:26:44.435+0000][2105.461s][info ][safepoint     ] Total time for which application threads were stopped: 0.0003182 seconds, Stopping threads took: 0.0000730 seconds
[2022-02-07T17:26:45.435+0000][2106.461s][debug][safepoint     ] Safepoint synchronization initiated. (301 threads)
[2022-02-07T17:26:45.435+0000][2106.461s][info ][safepoint     ] Application time: 1.0001267 seconds
[2022-02-07T17:26:45.435+0000][2106.461s][info ][safepoint     ] Entering safepoint region: Cleanup
[2022-02-07T17:26:45.436+0000][2106.462s][info ][safepoint     ] Leaving safepoint region
[2022-02-07T17:26:45.436+0000][2106.462s][info ][safepoint     ] Total time for which application threads were stopped: 0.0003186 seconds, Stopping threads took: 0.0000727 seconds
[2022-02-07T17:26:46.436+0000][2107.462s][debug][safepoint     ] Safepoint synchronization initiated. (301 threads)
[2022-02-07T17:26:46.436+0000][2107.462s][info ][safepoint     ] Application time: 1.0001182 seconds
[2022-02-07T17:26:46.436+0000][2107.462s][info ][safepoint     ] Entering safepoint region: Cleanup
[2022-02-07T17:26:46.436+0000][2107.462s][info ][safepoint     ] Leaving safepoint region
[2022-02-07T17:26:46.436+0000][2107.462s][info ][safepoint     ] Total time for which application threads were stopped: 0.0003060 seconds, Stopping threads took: 0.0000696 seconds
[2022-02-07T17:26:47.436+0000][2108.462s][debug][safepoint     ] Safepoint synchronization initiated. (301 threads)
[2022-02-07T17:26:47.436+0000][2108.462s][info ][safepoint     ] Application time: 1.0001155 seconds
[2022-02-07T17:26:47.436+0000][2108.462s][info ][safepoint     ] Entering safepoint region: Cleanup
[2022-02-07T17:26:47.437+0000][2108.462s][info ][safepoint     ] Leaving safepoint region
[2022-02-07T17:26:47.437+0000][2108.462s][info ][safepoint     ] Total time for which application threads were stopped: 0.0003009 seconds, Stopping threads took: 0.0000706 seconds
[2022-02-07T17:26:48.397+0000][2109.423s][debug][safepoint     ] Safepoint synchronization initiated. (301 threads)
[2022-02-07T17:26:48.397+0000][2109.423s][info ][safepoint     ] Application time: 0.9601056 seconds
[2022-02-07T17:26:48.397+0000][2109.423s][info ][safepoint     ] Entering safepoint region: G1CollectForAllocation
[2022-02-07T17:26:48.397+0000][2109.423s][info ][gc,start      ] GC(175) Pause Young (Normal) (G1 Evacuation Pause)
[2022-02-07T17:26:48.397+0000][2109.423s][info ][gc,task       ] GC(175) Using 4 workers of 4 for evacuation
[2022-02-07T17:26:48.408+0000][2109.434s][info ][gc,phases     ] GC(175)   Pre Evacuate Collection Set: 0.0ms
[2022-02-07T17:26:48.408+0000][2109.434s][info ][gc,phases     ] GC(175)   Evacuate Collection Set: 6.0ms
[2022-02-07T17:26:48.408+0000][2109.434s][info ][gc,phases     ] GC(175)   Post Evacuate Collection Set: 4.9ms
[2022-02-07T17:26:48.408+0000][2109.434s][info ][gc,phases     ] GC(175)   Other: 0.3ms
[2022-02-07T17:26:48.408+0000][2109.434s][info ][gc,heap       ] GC(175) Eden regions: 236->0(236)
[2022-02-07T17:26:48.408+0000][2109.434s][info ][gc,heap       ] GC(175) Survivor regions: 1->1(30)
[2022-02-07T17:26:48.408+0000][2109.434s][info ][gc,heap       ] GC(175) Old regions: 149->149
[2022-02-07T17:26:48.408+0000][2109.434s][info ][gc,heap       ] GC(175) Humongous regions: 0->0
[2022-02-07T17:26:48.408+0000][2109.434s][info ][gc,metaspace  ] GC(175) Metaspace: 163347K->163347K(1206272K)
[2022-02-07T17:26:48.409+0000][2109.434s][info ][gc            ] GC(175) Pause Young (Normal) (G1 Evacuation Pause) 383M->147M(430M) 11.285ms
[2022-02-07T17:26:48.409+0000][2109.434s][info ][gc,cpu        ] GC(175) User=0.02s Sys=0.00s Real=0.02s
[2022-02-07T17:26:48.409+0000][2109.434s][info ][safepoint     ] Leaving safepoint region
[2022-02-07T17:26:48.409+0000][2109.434s][info ][safepoint     ] Total time for which application threads were stopped: 0.0118656 seconds, Stopping threads took: 0.0000725 seconds
[2022-02-07T17:26:48.409+0000][2109.435s][info ][gc,stringdedup] Concurrent String Deduplication (2109.435s)
[2022-02-07T17:26:48.409+0000][2109.435s][info ][gc,stringdedup] Concurrent String Deduplication 456.0B->0.0B(456.0B) avg 53.5% (2109.435s, 2109.435s) 0.024ms
[2022-02-07T17:26:49.409+0000][2110.435s][debug][safepoint     ] Safepoint synchronization initiated. (301 threads)
[2022-02-07T17:26:49.409+0000][2110.435s][info ][safepoint     ] Application time: 1.0001312 seconds
[2022-02-07T17:26:49.409+0000][2110.435s][info ][safepoint     ] Entering safepoint region: Cleanup
[2022-02-07T17:26:49.409+0000][2110.435s][info ][safepoint     ] Leaving safepoint region
[2022-02-07T17:26:49.409+0000][2110.435s][info ][safepoint     ] Total time for which application threads were stopped: 0.0002473 seconds, Stopping threads took: 0.0000709 seconds
[2022-02-07T17:26:50.409+0000][2111.435s][debug][safepoint     ] Safepoint synchronization initiated. (301 threads)
[2022-02-07T17:26:50.409+0000][2111.435s][info ][safepoint     ] Application time: 1.0001206 seconds
[2022-02-07T17:26:50.409+0000][2111.435s][info ][safepoint     ] Entering safepoint region: Cleanup
[2022-02-07T17:26:50.409+0000][2111.435s][info ][safepoint     ] Leaving safepoint region
[2022-02-07T17:26:50.409+0000][2111.435s][info ][safepoint     ] Total time for which application threads were stopped: 0.0003276 seconds, Stopping threads took: 0.0000688 seconds
[2022-02-07T17:26:51.410+0000][2112.435s][debug][safepoint     ] Safepoint synchronization initiated. (301 threads)
[2022-02-07T17:26:51.410+0000][2112.435s][info ][safepoint     ] Application time: 1.0001180 seconds
[2022-02-07T17:26:51.410+0000][2112.436s][info ][safepoint     ] Entering safepoint region: Cleanup
[2022-02-07T17:26:51.410+0000][2112.436s][info ][safepoint     ] Leaving safepoint region
[2022-02-07T17:26:51.410+0000][2112.436s][info ][safepoint     ] Total time for which application threads were stopped: 0.0003217 seconds, Stopping threads took: 0.0000746 seconds
[2022-02-07T17:26:52.410+0000][2113.436s][debug][safepoint     ] Safepoint synchronization initiated. (301 threads)
[2022-02-07T17:26:52.410+0000][2113.436s][info ][safepoint     ] Application time: 1.0001263 seconds
[2022-02-07T17:26:52.410+0000][2113.436s][info ][safepoint     ] Entering safepoint region: Cleanup
[2022-02-07T17:26:52.410+0000][2113.436s][info ][safepoint     ] Leaving safepoint region
[2022-02-07T17:26:52.410+0000][2113.436s][info ][safepoint     ] Total time for which application threads were stopped: 0.0003195 seconds, Stopping threads took: 0.0000733 seconds
[2022-02-07T17:26:53.410+0000][2114.436s][debug][safepoint     ] Safepoint synchronization initiated. (301 threads)
[2022-02-07T17:26:53.411+0000][2114.436s][info ][safepoint     ] Application time: 1.0001219 seconds
[2022-02-07T17:26:53.411+0000][2114.436s][debug][safepoint     ] ... found polling page return exception at pc = 0x00007f11b48a6a9e, stub =0x00007f11ac8beb80
[2022-02-07T17:26:53.411+0000][2114.436s][debug][safepoint     ] Waiting for 1 thread(s) to block
[2022-02-07T17:26:53.411+0000][2114.437s][info ][safepoint     ] Entering safepoint region: Cleanup
[2022-02-07T17:26:53.411+0000][2114.437s][info ][safepoint     ] Leaving safepoint region
[2022-02-07T17:26:53.411+0000][2114.437s][info ][safepoint     ] Total time for which application threads were stopped: 0.0004893 seconds, Stopping threads took: 0.0001075 seconds
[2022-02-07T17:26:54.411+0000][2115.437s][debug][safepoint     ] Safepoint synchronization initiated. (301 threads)
[2022-02-07T17:26:54.411+0000][2115.437s][info ][safepoint     ] Application time: 1.0001195 seconds
[2022-02-07T17:26:54.411+0000][2115.437s][info ][safepoint     ] Entering safepoint region: Cleanup
[2022-02-07T17:26:54.412+0000][2115.437s][info ][safepoint     ] Leaving safepoint region
[2022-02-07T17:26:54.412+0000][2115.437s][info ][safepoint     ] Total time for which application threads were stopped: 0.0004552 seconds, Stopping threads took: 0.0000834 seconds
[2022-02-07T17:26:55.412+0000][2116.438s][debug][safepoint     ] Safepoint synchronization initiated. (301 threads)
[2022-02-07T17:26:55.412+0000][2116.438s][info ][safepoint     ] Application time: 1.0001118 seconds
[2022-02-07T17:26:55.412+0000][2116.438s][info ][safepoint     ] Entering safepoint region: Cleanup
[2022-02-07T17:26:55.412+0000][2116.438s][info ][safepoint     ] Leaving safepoint region
[2022-02-07T17:26:55.412+0000][2116.438s][info ][safepoint     ] Total time for which application threads were stopped: 0.0004520 seconds, Stopping threads took: 0.0000689 seconds
[2022-02-07T17:26:56.412+0000][2117.438s][debug][safepoint     ] Safepoint synchronization initiated. (301 threads)
[2022-02-07T17:26:56.412+0000][2117.438s][info ][safepoint     ] Application time: 1.0001189 seconds
[2022-02-07T17:26:56.412+0000][2117.438s][info ][safepoint     ] Entering safepoint region: Cleanup
[2022-02-07T17:26:56.413+0000][2117.439s][info ][safepoint     ] Leaving safepoint region
[2022-02-07T17:26:56.413+0000][2117.439s][info ][safepoint     ] Total time for which application threads were stopped: 0.0004444 seconds, Stopping threads took: 0.0000707 seconds
[2022-02-07T17:26:57.413+0000][2118.439s][debug][safepoint     ] Safepoint synchronization initiated. (301 threads)
[2022-02-07T17:26:57.413+0000][2118.439s][info ][safepoint     ] Application time: 1.0001123 seconds
[2022-02-07T17:26:57.413+0000][2118.439s][info ][safepoint     ] Entering safepoint region: Cleanup
[2022-02-07T17:26:57.413+0000][2118.439s][info ][safepoint     ] Leaving safepoint region
[2022-02-07T17:26:57.413+0000][2118.439s][info ][safepoint     ] Total time for which application threads were stopped: 0.0004492 seconds, Stopping threads took: 0.0000719 seconds
[2022-02-07T17:26:58.413+0000][2119.439s][debug][safepoint     ] Safepoint synchronization initiated. (301 threads)
[2022-02-07T17:26:58.414+0000][2119.439s][info ][safepoint     ] Application time: 1.0001318 seconds
[2022-02-07T17:26:58.414+0000][2119.439s][info ][safepoint     ] Entering safepoint region: Cleanup
[2022-02-07T17:26:58.414+0000][2119.440s][info ][safepoint     ] Leaving safepoint region
[2022-02-07T17:26:58.414+0000][2119.440s][info ][safepoint     ] Total time for which application threads were stopped: 0.0004575 seconds, Stopping threads took: 0.0000724 seconds
[2022-02-07T17:26:59.414+0000][2120.440s][debug][safepoint     ] Safepoint synchronization initiated. (301 threads)
[2022-02-07T17:26:59.414+0000][2120.440s][info ][safepoint     ] Application time: 1.0001421 seconds
[2022-02-07T17:26:59.414+0000][2120.440s][info ][safepoint     ] Entering safepoint region: Cleanup
[2022-02-07T17:26:59.415+0000][2120.440s][info ][safepoint     ] Leaving safepoint region
[2022-02-07T17:26:59.415+0000][2120.440s][info ][safepoint     ] Total time for which application threads were stopped: 0.0004452 seconds, Stopping threads took: 0.0000704 seconds
[2022-02-07T17:27:00.415+0000][2121.441s][debug][safepoint     ] Safepoint synchronization initiated. (301 threads)
[2022-02-07T17:27:00.415+0000][2121.441s][info ][safepoint     ] Application time: 1.0001258 seconds
[2022-02-07T17:27:00.415+0000][2121.441s][info ][safepoint     ] Entering safepoint region: Cleanup
[2022-02-07T17:27:00.415+0000][2121.441s][info ][safepoint     ] Leaving safepoint region
[2022-02-07T17:27:00.415+0000][2121.441s][debug][safepoint     ] ... found polling page return exception at pc = 0x00007f11b4fc1a06, stub =0x00007f11ac8beb80
[2022-02-07T17:27:00.415+0000][2121.441s][info ][safepoint     ] Total time for which application threads were stopped: 0.0004884 seconds, Stopping threads took: 0.0000782 seconds
[2022-02-07T17:27:01.415+0000][2122.441s][debug][safepoint     ] Safepoint synchronization initiated. (301 threads)
[2022-02-07T17:27:01.415+0000][2122.441s][info ][safepoint     ] Application time: 1.0001280 seconds
[2022-02-07T17:27:01.416+0000][2122.441s][info ][safepoint     ] Entering safepoint region: Cleanup
[2022-02-07T17:27:01.416+0000][2122.442s][info ][safepoint     ] Leaving safepoint region
[2022-02-07T17:27:01.416+0000][2122.442s][info ][safepoint     ] Total time for which application threads were stopped: 0.0004567 seconds, Stopping threads took: 0.0000728 seconds
[2022-02-07T17:27:02.379+0000][2123.404s][debug][safepoint     ] Safepoint synchronization initiated. (301 threads)
[2022-02-07T17:27:02.379+0000][2123.404s][info ][safepoint     ] Application time: 0.9626474 seconds
[2022-02-07T17:27:02.379+0000][2123.404s][info ][safepoint     ] Entering safepoint region: G1CollectForAllocation
[2022-02-07T17:27:02.379+0000][2123.405s][info ][gc,start      ] GC(176) Pause Young (Normal) (G1 Evacuation Pause)
[2022-02-07T17:27:02.379+0000][2123.405s][info ][gc,task       ] GC(176) Using 4 workers of 4 for evacuation
[2022-02-07T17:27:02.414+0000][2123.440s][info ][gc,phases     ] GC(176)   Pre Evacuate Collection Set: 0.0ms
[2022-02-07T17:27:02.414+0000][2123.440s][info ][gc,phases     ] GC(176)   Evacuate Collection Set: 27.0ms
[2022-02-07T17:27:02.414+0000][2123.440s][info ][gc,phases     ] GC(176)   Post Evacuate Collection Set: 8.0ms
[2022-02-07T17:27:02.414+0000][2123.440s][info ][gc,phases     ] GC(176)   Other: 0.2ms
[2022-02-07T17:27:02.414+0000][2123.440s][info ][gc,heap       ] GC(176) Eden regions: 236->0(236)
[2022-02-07T17:27:02.414+0000][2123.440s][info ][gc,heap       ] GC(176) Survivor regions: 1->1(30)
[2022-02-07T17:27:02.414+0000][2123.440s][info ][gc,heap       ] GC(176) Old regions: 149->149
[2022-02-07T17:27:02.414+0000][2123.440s][info ][gc,heap       ] GC(176) Humongous regions: 0->0
[2022-02-07T17:27:02.414+0000][2123.440s][info ][gc,metaspace  ] GC(176) Metaspace: 163347K->163347K(1206272K)
[2022-02-07T17:27:02.414+0000][2123.440s][info ][gc            ] GC(176) Pause Young (Normal) (G1 Evacuation Pause) 383M->147M(430M) 35.357ms
[2022-02-07T17:27:02.414+0000][2123.440s][info ][gc,cpu        ] GC(176) User=0.02s Sys=0.00s Real=0.04s
[2022-02-07T17:27:02.414+0000][2123.440s][info ][safepoint     ] Leaving safepoint region
[2022-02-07T17:27:02.414+0000][2123.440s][info ][safepoint     ] Total time for which application threads were stopped: 0.0359234 seconds, Stopping threads took: 0.0000724 seconds
[2022-02-07T17:27:02.415+0000][2123.441s][info ][gc,stringdedup] Concurrent String Deduplication (2123.441s)
[2022-02-07T17:27:02.415+0000][2123.441s][info ][gc,stringdedup] Concurrent String Deduplication 3048.0B->0.0B(3048.0B) avg 53.5% (2123.441s, 2123.441s) 0.042ms
[2022-02-07T17:27:03.415+0000][2124.440s][debug][safepoint     ] Safepoint synchronization initiated. (301 threads)
[2022-02-07T17:27:03.415+0000][2124.440s][info ][safepoint     ] Application time: 1.0001322 seconds
[2022-02-07T17:27:03.415+0000][2124.441s][info ][safepoint     ] Entering safepoint region: Cleanup
[2022-02-07T17:27:03.415+0000][2124.441s][info ][safepoint     ] Leaving safepoint region
[2022-02-07T17:27:03.415+0000][2124.441s][info ][safepoint     ] Total time for which application threads were stopped: 0.0004497 seconds, Stopping threads took: 0.0000721 seconds
[2022-02-07T17:27:04.415+0000][2125.441s][debug][safepoint     ] Safepoint synchronization initiated. (301 threads)
[2022-02-07T17:27:04.415+0000][2125.441s][info ][safepoint     ] Application time: 1.0001707 seconds
[2022-02-07T17:27:04.415+0000][2125.441s][info ][safepoint     ] Entering safepoint region: Cleanup
[2022-02-07T17:27:04.416+0000][2125.441s][info ][safepoint     ] Leaving safepoint region
[2022-02-07T17:27:04.416+0000][2125.441s][info ][safepoint     ] Total time for which application threads were stopped: 0.0003442 seconds, Stopping threads took: 0.0000782 seconds
[2022-02-07T17:27:05.416+0000][2126.442s][debug][safepoint     ] Safepoint synchronization initiated. (301 threads)
[2022-02-07T17:27:05.416+0000][2126.442s][info ][safepoint     ] Application time: 1.0001175 seconds
[2022-02-07T17:27:05.416+0000][2126.442s][info ][safepoint     ] Entering safepoint region: Cleanup
[2022-02-07T17:27:05.416+0000][2126.442s][info ][safepoint     ] Leaving safepoint region
[2022-02-07T17:27:05.416+0000][2126.442s][info ][safepoint     ] Total time for which application threads were stopped: 0.0003014 seconds, Stopping threads took: 0.0000712 seconds
[2022-02-07T17:27:06.416+0000][2127.442s][debug][safepoint     ] Safepoint synchronization initiated. (301 threads)
[2022-02-07T17:27:06.416+0000][2127.442s][info ][safepoint     ] Application time: 1.0001384 seconds
[2022-02-07T17:27:06.416+0000][2127.442s][info ][safepoint     ] Entering safepoint region: Cleanup
[2022-02-07T17:27:06.417+0000][2127.442s][info ][safepoint     ] Leaving safepoint region
[2022-02-07T17:27:06.417+0000][2127.442s][info ][safepoint     ] Total time for which application threads were stopped: 0.0003157 seconds, Stopping threads took: 0.0000689 seconds
[2022-02-07T17:27:07.417+0000][2128.442s][debug][safepoint     ] Safepoint synchronization initiated. (301 threads)
[2022-02-07T17:27:07.417+0000][2128.443s][info ][safepoint     ] Application time: 1.0001101 seconds
[2022-02-07T17:27:07.417+0000][2128.443s][info ][safepoint     ] Entering safepoint region: Cleanup
[2022-02-07T17:27:07.417+0000][2128.443s][info ][safepoint     ] Leaving safepoint region
[2022-02-07T17:27:07.417+0000][2128.443s][info ][safepoint     ] Total time for which application threads were stopped: 0.0002672 seconds, Stopping threads took: 0.0000715 seconds
[2022-02-07T17:27:08.417+0000][2129.443s][debug][safepoint     ] Safepoint synchronization initiated. (301 threads)
[2022-02-07T17:27:08.417+0000][2129.443s][info ][safepoint     ] Application time: 1.0001047 seconds
[2022-02-07T17:27:08.417+0000][2129.443s][info ][safepoint     ] Entering safepoint region: Cleanup
[2022-02-07T17:27:08.417+0000][2129.443s][info ][safepoint     ] Leaving safepoint region
[2022-02-07T17:27:08.417+0000][2129.443s][info ][safepoint     ] Total time for which application threads were stopped: 0.0002538 seconds, Stopping threads took: 0.0000600 seconds
[2022-02-07T17:27:09.417+0000][2130.443s][debug][safepoint     ] Safepoint synchronization initiated. (302 threads)
[2022-02-07T17:27:09.417+0000][2130.443s][info ][safepoint     ] Application time: 1.0001291 seconds
[2022-02-07T17:27:09.418+0000][2130.443s][info ][safepoint     ] Entering safepoint region: Cleanup
[2022-02-07T17:27:09.418+0000][2130.444s][info ][safepoint     ] Leaving safepoint region
[2022-02-07T17:27:09.418+0000][2130.444s][info ][safepoint     ] Total time for which application threads were stopped: 0.0003085 seconds, Stopping threads took: 0.0000773 seconds
[2022-02-07T17:27:10.418+0000][2131.444s][debug][safepoint     ] Safepoint synchronization initiated. (302 threads)
[2022-02-07T17:27:10.418+0000][2131.444s][info ][safepoint     ] Application time: 1.0001358 seconds
[2022-02-07T17:27:10.418+0000][2131.444s][info ][safepoint     ] Entering safepoint region: Cleanup
[2022-02-07T17:27:10.418+0000][2131.444s][info ][safepoint     ] Leaving safepoint region
[2022-02-07T17:27:10.418+0000][2131.444s][info ][safepoint     ] Total time for which application threads were stopped: 0.0003306 seconds, Stopping threads took: 0.0000847 seconds
[2022-02-07T17:27:11.418+0000][2132.444s][debug][safepoint     ] Safepoint synchronization initiated. (302 threads)
[2022-02-07T17:27:11.418+0000][2132.444s][info ][safepoint     ] Application time: 1.0001490 seconds
[2022-02-07T17:27:11.418+0000][2132.444s][info ][safepoint     ] Entering safepoint region: Cleanup
[2022-02-07T17:27:11.419+0000][2132.445s][info ][safepoint     ] Leaving safepoint region
[2022-02-07T17:27:11.419+0000][2132.445s][info ][safepoint     ] Total time for which application threads were stopped: 0.0002760 seconds, Stopping threads took: 0.0000781 seconds
[2022-02-07T17:27:12.419+0000][2133.445s][debug][safepoint     ] Safepoint synchronization initiated. (302 threads)
[2022-02-07T17:27:12.419+0000][2133.445s][info ][safepoint     ] Application time: 1.0001016 seconds
[2022-02-07T17:27:12.419+0000][2133.445s][info ][safepoint     ] Entering safepoint region: Cleanup
[2022-02-07T17:27:12.419+0000][2133.445s][info ][safepoint     ] Leaving safepoint region
[2022-02-07T17:27:12.419+0000][2133.445s][info ][safepoint     ] Total time for which application threads were stopped: 0.0002474 seconds, Stopping threads took: 0.0000629 seconds
[2022-02-07T17:27:13.419+0000][2134.445s][debug][safepoint     ] Safepoint synchronization initiated. (302 threads)
[2022-02-07T17:27:13.419+0000][2134.445s][info ][safepoint     ] Application time: 1.0001139 seconds
[2022-02-07T17:27:13.419+0000][2134.445s][info ][safepoint     ] Entering safepoint region: Cleanup
[2022-02-07T17:27:13.420+0000][2134.445s][info ][safepoint     ] Leaving safepoint region
[2022-02-07T17:27:13.420+0000][2134.445s][info ][safepoint     ] Total time for which application threads were stopped: 0.0003164 seconds, Stopping threads took: 0.0000769 seconds
[2022-02-07T17:27:14.420+0000][2135.445s][debug][safepoint     ] Safepoint synchronization initiated. (301 threads)
[2022-02-07T17:27:14.420+0000][2135.446s][info ][safepoint     ] Application time: 1.0001144 seconds
[2022-02-07T17:27:14.420+0000][2135.446s][info ][safepoint     ] Entering safepoint region: Cleanup
[2022-02-07T17:27:14.420+0000][2135.446s][info ][safepoint     ] Leaving safepoint region
[2022-02-07T17:27:14.420+0000][2135.446s][info ][safepoint     ] Total time for which application threads were stopped: 0.0004359 seconds, Stopping threads took: 0.0000684 seconds
[2022-02-07T17:27:15.420+0000][2136.446s][debug][safepoint     ] Safepoint synchronization initiated. (301 threads)
[2022-02-07T17:27:15.420+0000][2136.446s][info ][safepoint     ] Application time: 1.0001242 seconds
[2022-02-07T17:27:15.420+0000][2136.446s][info ][safepoint     ] Entering safepoint region: Cleanup
[2022-02-07T17:27:15.421+0000][2136.447s][info ][safepoint     ] Leaving safepoint region
[2022-02-07T17:27:15.421+0000][2136.447s][info ][safepoint     ] Total time for which application threads were stopped: 0.0004855 seconds, Stopping threads took: 0.0000764 seconds
[2022-02-07T17:27:16.421+0000][2137.447s][debug][safepoint     ] Safepoint synchronization initiated. (301 threads)
[2022-02-07T17:27:16.421+0000][2137.447s][info ][safepoint     ] Application time: 1.0001117 seconds
[2022-02-07T17:27:16.421+0000][2137.447s][info ][safepoint     ] Entering safepoint region: Cleanup
[2022-02-07T17:27:16.421+0000][2137.447s][info ][safepoint     ] Leaving safepoint region
[2022-02-07T17:27:16.421+0000][2137.447s][info ][safepoint     ] Total time for which application threads were stopped: 0.0003275 seconds, Stopping threads took: 0.0000721 seconds
[2022-02-07T17:27:17.421+0000][2138.447s][debug][safepoint     ] Safepoint synchronization initiated. (301 threads)
[2022-02-07T17:27:17.421+0000][2138.447s][info ][safepoint     ] Application time: 1.0001406 seconds
[2022-02-07T17:27:17.421+0000][2138.447s][info ][safepoint     ] Entering safepoint region: Cleanup
[2022-02-07T17:27:17.422+0000][2138.448s][info ][safepoint     ] Leaving safepoint region
[2022-02-07T17:27:17.422+0000][2138.448s][info ][safepoint     ] Total time for which application threads were stopped: 0.0003231 seconds, Stopping threads took: 0.0000698 seconds
[2022-02-07T17:27:18.422+0000][2139.448s][debug][safepoint     ] Safepoint synchronization initiated. (301 threads)
[2022-02-07T17:27:18.422+0000][2139.448s][info ][safepoint     ] Application time: 1.0001233 seconds
[2022-02-07T17:27:18.422+0000][2139.448s][info ][safepoint     ] Entering safepoint region: Cleanup
[2022-02-07T17:27:18.422+0000][2139.448s][info ][safepoint     ] Leaving safepoint region
[2022-02-07T17:27:18.422+0000][2139.448s][info ][safepoint     ] Total time for which application threads were stopped: 0.0003164 seconds, Stopping threads took: 0.0000707 seconds
[2022-02-07T17:27:19.422+0000][2140.448s][debug][safepoint     ] Safepoint synchronization initiated. (301 threads)
[2022-02-07T17:27:19.422+0000][2140.448s][info ][safepoint     ] Application time: 1.0001255 seconds
[2022-02-07T17:27:19.422+0000][2140.448s][info ][safepoint     ] Entering safepoint region: Cleanup
[2022-02-07T17:27:19.423+0000][2140.448s][info ][safepoint     ] Leaving safepoint region
[2022-02-07T17:27:19.423+0000][2140.448s][info ][safepoint     ] Total time for which application threads were stopped: 0.0003168 seconds, Stopping threads took: 0.0000712 seconds
[2022-02-07T17:27:20.423+0000][2141.449s][debug][safepoint     ] Safepoint synchronization initiated. (301 threads)
[2022-02-07T17:27:20.423+0000][2141.449s][info ][safepoint     ] Application time: 1.0001527 seconds
[2022-02-07T17:27:20.423+0000][2141.449s][info ][safepoint     ] Entering safepoint region: Cleanup
[2022-02-07T17:27:20.423+0000][2141.449s][info ][safepoint     ] Leaving safepoint region
[2022-02-07T17:27:20.423+0000][2141.449s][info ][safepoint     ] Total time for which application threads were stopped: 0.0003517 seconds, Stopping threads took: 0.0000785 seconds
[2022-02-07T17:27:20.589+0000][2141.615s][debug][safepoint     ] Safepoint synchronization initiated. (301 threads)
[2022-02-07T17:27:20.589+0000][2141.615s][info ][safepoint     ] Application time: 0.1656186 seconds
[2022-02-07T17:27:20.589+0000][2141.615s][info ][safepoint     ] Entering safepoint region: G1CollectForAllocation
[2022-02-07T17:27:20.589+0000][2141.615s][info ][gc,start      ] GC(177) Pause Young (Normal) (G1 Evacuation Pause)
[2022-02-07T17:27:20.589+0000][2141.615s][info ][gc,task       ] GC(177) Using 4 workers of 4 for evacuation
[2022-02-07T17:27:20.597+0000][2141.623s][info ][gc,phases     ] GC(177)   Pre Evacuate Collection Set: 0.0ms
[2022-02-07T17:27:20.598+0000][2141.623s][info ][gc,phases     ] GC(177)   Evacuate Collection Set: 4.0ms
[2022-02-07T17:27:20.598+0000][2141.623s][info ][gc,phases     ] GC(177)   Post Evacuate Collection Set: 4.1ms
[2022-02-07T17:27:20.598+0000][2141.623s][info ][gc,phases     ] GC(177)   Other: 0.3ms
[2022-02-07T17:27:20.598+0000][2141.623s][info ][gc,heap       ] GC(177) Eden regions: 236->0(236)
[2022-02-07T17:27:20.598+0000][2141.623s][info ][gc,heap       ] GC(177) Survivor regions: 1->1(30)
[2022-02-07T17:27:20.598+0000][2141.623s][info ][gc,heap       ] GC(177) Old regions: 149->149
[2022-02-07T17:27:20.598+0000][2141.623s][info ][gc,heap       ] GC(177) Humongous regions: 0->0
[2022-02-07T17:27:20.598+0000][2141.623s][info ][gc,metaspace  ] GC(177) Metaspace: 163367K->163367K(1206272K)
[2022-02-07T17:27:20.598+0000][2141.623s][info ][gc            ] GC(177) Pause Young (Normal) (G1 Evacuation Pause) 383M->147M(430M) 8.522ms
[2022-02-07T17:27:20.598+0000][2141.624s][info ][gc,cpu        ] GC(177) User=0.02s Sys=0.00s Real=0.00s
[2022-02-07T17:27:20.598+0000][2141.624s][info ][safepoint     ] Leaving safepoint region
[2022-02-07T17:27:20.598+0000][2141.624s][info ][safepoint     ] Total time for which application threads were stopped: 0.0089721 seconds, Stopping threads took: 0.0000759 seconds
[2022-02-07T17:27:20.598+0000][2141.624s][info ][gc,stringdedup] Concurrent String Deduplication (2141.624s)
[2022-02-07T17:27:20.598+0000][2141.624s][info ][gc,stringdedup] Concurrent String Deduplication 232.0B->0.0B(232.0B) avg 53.5% (2141.624s, 2141.624s) 0.033ms
[2022-02-07T17:27:21.598+0000][2142.624s][debug][safepoint     ] Safepoint synchronization initiated. (301 threads)
[2022-02-07T17:27:21.598+0000][2142.624s][info ][safepoint     ] Application time: 1.0000976 seconds
[2022-02-07T17:27:21.598+0000][2142.624s][info ][safepoint     ] Entering safepoint region: Cleanup
[2022-02-07T17:27:21.598+0000][2142.624s][info ][safepoint     ] Leaving safepoint region
[2022-02-07T17:27:21.598+0000][2142.624s][info ][safepoint     ] Total time for which application threads were stopped: 0.0004407 seconds, Stopping threads took: 0.0000715 seconds
[2022-02-07T17:27:22.598+0000][2143.624s][debug][safepoint     ] Safepoint synchronization initiated. (301 threads)
[2022-02-07T17:27:22.598+0000][2143.624s][info ][safepoint     ] Application time: 1.0001200 seconds
[2022-02-07T17:27:22.598+0000][2143.624s][info ][safepoint     ] Entering safepoint region: Cleanup
[2022-02-07T17:27:22.599+0000][2143.625s][info ][safepoint     ] Leaving safepoint region
[2022-02-07T17:27:22.599+0000][2143.625s][info ][safepoint     ] Total time for which application threads were stopped: 0.0003201 seconds, Stopping threads took: 0.0000690 seconds
[2022-02-07T17:27:23.599+0000][2144.625s][debug][safepoint     ] Safepoint synchronization initiated. (301 threads)
[2022-02-07T17:27:23.599+0000][2144.625s][info ][safepoint     ] Application time: 1.0001104 seconds
[2022-02-07T17:27:23.599+0000][2144.625s][info ][safepoint     ] Entering safepoint region: Cleanup
[2022-02-07T17:27:23.599+0000][2144.625s][info ][safepoint     ] Leaving safepoint region
[2022-02-07T17:27:23.599+0000][2144.625s][info ][safepoint     ] Total time for which application threads were stopped: 0.0003068 seconds, Stopping threads took: 0.0000666 seconds
[2022-02-07T17:27:24.599+0000][2145.625s][debug][safepoint     ] Safepoint synchronization initiated. (301 threads)
[2022-02-07T17:27:24.599+0000][2145.625s][info ][safepoint     ] Application time: 1.0000886 seconds
[2022-02-07T17:27:24.599+0000][2145.625s][info ][safepoint     ] Entering safepoint region: Cleanup
[2022-02-07T17:27:24.600+0000][2145.625s][info ][safepoint     ] Leaving safepoint region
[2022-02-07T17:27:24.600+0000][2145.625s][info ][safepoint     ] Total time for which application threads were stopped: 0.0003003 seconds, Stopping threads took: 0.0000711 seconds
[2022-02-07T17:27:25.600+0000][2146.626s][debug][safepoint     ] Safepoint synchronization initiated. (301 threads)
[2022-02-07T17:27:25.600+0000][2146.626s][info ][safepoint     ] Application time: 1.0001113 seconds
[2022-02-07T17:27:25.600+0000][2146.626s][info ][safepoint     ] Entering safepoint region: Cleanup
[2022-02-07T17:27:25.600+0000][2146.626s][info ][safepoint     ] Leaving safepoint region
[2022-02-07T17:27:25.600+0000][2146.626s][info ][safepoint     ] Total time for which application threads were stopped: 0.0003165 seconds, Stopping threads took: 0.0000684 seconds
[2022-02-07T17:27:26.600+0000][2147.626s][debug][safepoint     ] Safepoint synchronization initiated. (301 threads)
[2022-02-07T17:27:26.600+0000][2147.626s][info ][safepoint     ] Application time: 1.0001124 seconds
[2022-02-07T17:27:26.600+0000][2147.626s][info ][safepoint     ] Entering safepoint region: Cleanup
[2022-02-07T17:27:26.600+0000][2147.626s][info ][safepoint     ] Leaving safepoint region
[2022-02-07T17:27:26.600+0000][2147.626s][info ][safepoint     ] Total time for which application threads were stopped: 0.0003139 seconds, Stopping threads took: 0.0000778 seconds
[2022-02-07T17:27:27.601+0000][2148.626s][debug][safepoint     ] Safepoint synchronization initiated. (301 threads)
[2022-02-07T17:27:27.601+0000][2148.627s][info ][safepoint     ] Application time: 1.0001497 seconds
[2022-02-07T17:27:27.601+0000][2148.627s][info ][safepoint     ] Entering safepoint region: Cleanup
[2022-02-07T17:27:27.601+0000][2148.627s][info ][safepoint     ] Leaving safepoint region
[2022-02-07T17:27:27.601+0000][2148.627s][info ][safepoint     ] Total time for which application threads were stopped: 0.0003614 seconds, Stopping threads took: 0.0000746 seconds
[2022-02-07T17:27:28.601+0000][2149.627s][debug][safepoint     ] Safepoint synchronization initiated. (301 threads)
[2022-02-07T17:27:28.601+0000][2149.627s][info ][safepoint     ] Application time: 1.0001167 seconds
[2022-02-07T17:27:28.601+0000][2149.627s][debug][safepoint     ] ... found polling page return exception at pc = 0x00007f11b489c486, stub =0x00007f11ac8beb80
[2022-02-07T17:27:28.601+0000][2149.627s][debug][safepoint     ] Waiting for 1 thread(s) to block
[2022-02-07T17:27:28.601+0000][2149.627s][info ][safepoint     ] Entering safepoint region: Cleanup
[2022-02-07T17:27:28.602+0000][2149.627s][info ][safepoint     ] Leaving safepoint region
[2022-02-07T17:27:28.602+0000][2149.627s][info ][safepoint     ] Total time for which application threads were stopped: 0.0003606 seconds, Stopping threads took: 0.0001163 seconds
[2022-02-07T17:27:29.602+0000][2150.628s][debug][safepoint     ] Safepoint synchronization initiated. (301 threads)
[2022-02-07T17:27:29.602+0000][2150.628s][info ][safepoint     ] Application time: 1.0001498 seconds
[2022-02-07T17:27:29.602+0000][2150.628s][info ][safepoint     ] Entering safepoint region: Cleanup
[2022-02-07T17:27:29.602+0000][2150.628s][info ][safepoint     ] Leaving safepoint region
[2022-02-07T17:27:29.602+0000][2150.628s][info ][safepoint     ] Total time for which application threads were stopped: 0.0004865 seconds, Stopping threads took: 0.0000781 seconds
[2022-02-07T17:27:30.602+0000][2151.628s][debug][safepoint     ] Safepoint synchronization initiated. (301 threads)
[2022-02-07T17:27:30.602+0000][2151.628s][info ][safepoint     ] Application time: 1.0001313 seconds
[2022-02-07T17:27:30.602+0000][2151.628s][info ][safepoint     ] Entering safepoint region: Cleanup
[2022-02-07T17:27:30.603+0000][2151.628s][info ][safepoint     ] Leaving safepoint region
[2022-02-07T17:27:30.603+0000][2151.628s][info ][safepoint     ] Total time for which application threads were stopped: 0.0003002 seconds, Stopping threads took: 0.0000814 seconds
[2022-02-07T17:27:31.603+0000][2152.629s][debug][safepoint     ] Safepoint synchronization initiated. (301 threads)
[2022-02-07T17:27:31.603+0000][2152.629s][info ][safepoint     ] Application time: 1.0001456 seconds
[2022-02-07T17:27:31.603+0000][2152.629s][info ][safepoint     ] Entering safepoint region: Cleanup
[2022-02-07T17:27:31.603+0000][2152.629s][info ][safepoint     ] Leaving safepoint region
[2022-02-07T17:27:31.603+0000][2152.629s][info ][safepoint     ] Total time for which application threads were stopped: 0.0003225 seconds, Stopping threads took: 0.0000795 seconds
[2022-02-07T17:27:32.603+0000][2153.629s][debug][safepoint     ] Safepoint synchronization initiated. (301 threads)
[2022-02-07T17:27:32.603+0000][2153.629s][info ][safepoint     ] Application time: 1.0001310 seconds
[2022-02-07T17:27:32.603+0000][2153.629s][info ][safepoint     ] Entering safepoint region: Cleanup
[2022-02-07T17:27:32.604+0000][2153.629s][info ][safepoint     ] Leaving safepoint region
[2022-02-07T17:27:32.604+0000][2153.629s][info ][safepoint     ] Total time for which application threads were stopped: 0.0003109 seconds, Stopping threads took: 0.0000695 seconds
[2022-02-07T17:27:33.604+0000][2154.630s][debug][safepoint     ] Safepoint synchronization initiated. (301 threads)
[2022-02-07T17:27:33.604+0000][2154.630s][info ][safepoint     ] Application time: 1.0001111 seconds
[2022-02-07T17:27:33.604+0000][2154.630s][info ][safepoint     ] Entering safepoint region: Cleanup
[2022-02-07T17:27:33.604+0000][2154.630s][info ][safepoint     ] Leaving safepoint region
[2022-02-07T17:27:33.604+0000][2154.630s][info ][safepoint     ] Total time for which application threads were stopped: 0.0003172 seconds, Stopping threads took: 0.0000676 seconds
[2022-02-07T17:27:34.604+0000][2155.630s][debug][safepoint     ] Safepoint synchronization initiated. (301 threads)
[2022-02-07T17:27:34.604+0000][2155.630s][info ][safepoint     ] Application time: 1.0001124 seconds
[2022-02-07T17:27:34.604+0000][2155.630s][info ][safepoint     ] Entering safepoint region: Cleanup
[2022-02-07T17:27:34.604+0000][2155.630s][info ][safepoint     ] Leaving safepoint region
[2022-02-07T17:27:34.604+0000][2155.630s][info ][safepoint     ] Total time for which application threads were stopped: 0.0003071 seconds, Stopping threads took: 0.0000671 seconds
[2022-02-07T17:27:35.353+0000][2156.379s][debug][safepoint     ] Safepoint synchronization initiated. (301 threads)
[2022-02-07T17:27:35.354+0000][2156.379s][info ][safepoint     ] Application time: 0.7490421 seconds
[2022-02-07T17:27:35.354+0000][2156.379s][info ][safepoint     ] Entering safepoint region: G1CollectForAllocation
[2022-02-07T17:27:35.354+0000][2156.380s][info ][gc,start      ] GC(178) Pause Young (Normal) (G1 Evacuation Pause)
[2022-02-07T17:27:35.354+0000][2156.380s][info ][gc,task       ] GC(178) Using 4 workers of 4 for evacuation
[2022-02-07T17:27:35.361+0000][2156.387s][info ][gc,phases     ] GC(178)   Pre Evacuate Collection Set: 0.0ms
[2022-02-07T17:27:35.361+0000][2156.387s][info ][gc,phases     ] GC(178)   Evacuate Collection Set: 3.8ms
[2022-02-07T17:27:35.361+0000][2156.387s][info ][gc,phases     ] GC(178)   Post Evacuate Collection Set: 3.0ms
[2022-02-07T17:27:35.361+0000][2156.387s][info ][gc,phases     ] GC(178)   Other: 0.3ms
[2022-02-07T17:27:35.361+0000][2156.387s][info ][gc,heap       ] GC(178) Eden regions: 236->0(235)
[2022-02-07T17:27:35.361+0000][2156.387s][info ][gc,heap       ] GC(178) Survivor regions: 1->1(30)
[2022-02-07T17:27:35.361+0000][2156.387s][info ][gc,heap       ] GC(178) Old regions: 149->149
[2022-02-07T17:27:35.361+0000][2156.387s][info ][gc,heap       ] GC(178) Humongous regions: 0->0
[2022-02-07T17:27:35.361+0000][2156.387s][info ][gc,metaspace  ] GC(178) Metaspace: 163367K->163367K(1206272K)
[2022-02-07T17:27:35.361+0000][2156.387s][info ][gc            ] GC(178) Pause Young (Normal) (G1 Evacuation Pause) 383M->147M(430M) 7.105ms
[2022-02-07T17:27:35.361+0000][2156.387s][info ][gc,cpu        ] GC(178) User=0.02s Sys=0.00s Real=0.01s
[2022-02-07T17:27:35.361+0000][2156.387s][info ][safepoint     ] Leaving safepoint region
[2022-02-07T17:27:35.361+0000][2156.387s][info ][safepoint     ] Total time for which application threads were stopped: 0.0077840 seconds, Stopping threads took: 0.0000824 seconds
[2022-02-07T17:27:35.361+0000][2156.387s][info ][gc,stringdedup] Concurrent String Deduplication (2156.387s)
[2022-02-07T17:27:35.361+0000][2156.387s][info ][gc,stringdedup] Concurrent String Deduplication 6944.0B->0.0B(6944.0B) avg 53.5% (2156.387s, 2156.387s) 0.062ms
[2022-02-07T17:27:36.361+0000][2157.387s][debug][safepoint     ] Safepoint synchronization initiated. (301 threads)
[2022-02-07T17:27:36.361+0000][2157.387s][info ][safepoint     ] Application time: 1.0001288 seconds
[2022-02-07T17:27:36.362+0000][2157.387s][info ][safepoint     ] Entering safepoint region: Cleanup
[2022-02-07T17:27:36.362+0000][2157.388s][info ][safepoint     ] Leaving safepoint region
[2022-02-07T17:27:36.362+0000][2157.388s][info ][safepoint     ] Total time for which application threads were stopped: 0.0002540 seconds, Stopping threads took: 0.0000741 seconds
[2022-02-07T17:27:37.362+0000][2158.388s][debug][safepoint     ] Safepoint synchronization initiated. (301 threads)
[2022-02-07T17:27:37.362+0000][2158.388s][info ][safepoint     ] Application time: 1.0001238 seconds
[2022-02-07T17:27:37.362+0000][2158.388s][info ][safepoint     ] Entering safepoint region: Cleanup
[2022-02-07T17:27:37.362+0000][2158.388s][info ][safepoint     ] Leaving safepoint region
[2022-02-07T17:27:37.362+0000][2158.388s][info ][safepoint     ] Total time for which application threads were stopped: 0.0002994 seconds, Stopping threads took: 0.0000696 seconds
[2022-02-07T17:27:38.362+0000][2159.388s][debug][safepoint     ] Safepoint synchronization initiated. (301 threads)
[2022-02-07T17:27:38.362+0000][2159.388s][info ][safepoint     ] Application time: 1.0001132 seconds
[2022-02-07T17:27:38.362+0000][2159.388s][info ][safepoint     ] Entering safepoint region: Cleanup
[2022-02-07T17:27:38.363+0000][2159.388s][info ][safepoint     ] Leaving safepoint region
[2022-02-07T17:27:38.363+0000][2159.388s][info ][safepoint     ] Total time for which application threads were stopped: 0.0003095 seconds, Stopping threads took: 0.0000717 seconds
[2022-02-07T17:27:39.363+0000][2160.389s][debug][safepoint     ] Safepoint synchronization initiated. (301 threads)
[2022-02-07T17:27:39.363+0000][2160.389s][info ][safepoint     ] Application time: 1.0001380 seconds
[2022-02-07T17:27:39.363+0000][2160.389s][info ][safepoint     ] Entering safepoint region: Cleanup
[2022-02-07T17:27:39.363+0000][2160.389s][info ][safepoint     ] Leaving safepoint region
[2022-02-07T17:27:39.363+0000][2160.389s][info ][safepoint     ] Total time for which application threads were stopped: 0.0002804 seconds, Stopping threads took: 0.0000880 seconds
[2022-02-07T17:27:40.367+0000][2161.393s][debug][safepoint     ] Safepoint synchronization initiated. (301 threads)
[2022-02-07T17:27:40.367+0000][2161.393s][info ][safepoint     ] Application time: 1.0039073 seconds
[2022-02-07T17:27:40.367+0000][2161.393s][info ][safepoint     ] Entering safepoint region: Cleanup
[2022-02-07T17:27:40.367+0000][2161.393s][info ][safepoint     ] Leaving safepoint region
[2022-02-07T17:27:40.367+0000][2161.393s][info ][safepoint     ] Total time for which application threads were stopped: 0.0004989 seconds, Stopping threads took: 0.0000702 seconds
[2022-02-07T17:27:41.368+0000][2162.393s][debug][safepoint     ] Safepoint synchronization initiated. (301 threads)
[2022-02-07T17:27:41.368+0000][2162.393s][info ][safepoint     ] Application time: 1.0001205 seconds
[2022-02-07T17:27:41.368+0000][2162.394s][info ][safepoint     ] Entering safepoint region: Cleanup
[2022-02-07T17:27:41.368+0000][2162.394s][info ][safepoint     ] Leaving safepoint region
[2022-02-07T17:27:41.368+0000][2162.394s][info ][safepoint     ] Total time for which application threads were stopped: 0.0004436 seconds, Stopping threads took: 0.0000717 seconds
[2022-02-07T17:27:42.368+0000][2163.394s][debug][safepoint     ] Safepoint synchronization initiated. (301 threads)
[2022-02-07T17:27:42.368+0000][2163.394s][info ][safepoint     ] Application time: 1.0001171 seconds
[2022-02-07T17:27:42.368+0000][2163.394s][info ][safepoint     ] Entering safepoint region: Cleanup
[2022-02-07T17:27:42.369+0000][2163.394s][info ][safepoint     ] Leaving safepoint region
[2022-02-07T17:27:42.369+0000][2163.395s][info ][safepoint     ] Total time for which application threads were stopped: 0.0004597 seconds, Stopping threads took: 0.0000845 seconds
[2022-02-07T17:27:43.369+0000][2164.395s][debug][safepoint     ] Safepoint synchronization initiated. (301 threads)
[2022-02-07T17:27:43.369+0000][2164.395s][info ][safepoint     ] Application time: 1.0001296 seconds
[2022-02-07T17:27:43.369+0000][2164.395s][info ][safepoint     ] Entering safepoint region: Cleanup
[2022-02-07T17:27:43.369+0000][2164.395s][info ][safepoint     ] Leaving safepoint region
[2022-02-07T17:27:43.369+0000][2164.395s][info ][safepoint     ] Total time for which application threads were stopped: 0.0003219 seconds, Stopping threads took: 0.0000730 seconds
[2022-02-07T17:27:44.369+0000][2165.395s][debug][safepoint     ] Safepoint synchronization initiated. (301 threads)
[2022-02-07T17:27:44.369+0000][2165.395s][info ][safepoint     ] Application time: 1.0001157 seconds
[2022-02-07T17:27:44.369+0000][2165.395s][info ][safepoint     ] Entering safepoint region: Cleanup
[2022-02-07T17:27:44.370+0000][2165.395s][info ][safepoint     ] Leaving safepoint region
[2022-02-07T17:27:44.370+0000][2165.395s][info ][safepoint     ] Total time for which application threads were stopped: 0.0002989 seconds, Stopping threads took: 0.0000710 seconds
[2022-02-07T17:27:45.370+0000][2166.395s][debug][safepoint     ] Safepoint synchronization initiated. (301 threads)
[2022-02-07T17:27:45.370+0000][2166.396s][info ][safepoint     ] Application time: 1.0001139 seconds
[2022-02-07T17:27:45.370+0000][2166.396s][info ][safepoint     ] Entering safepoint region: Cleanup
[2022-02-07T17:27:45.370+0000][2166.396s][info ][safepoint     ] Leaving safepoint region
[2022-02-07T17:27:45.370+0000][2166.396s][info ][safepoint     ] Total time for which application threads were stopped: 0.0004414 seconds, Stopping threads took: 0.0000701 seconds
[2022-02-07T17:27:46.370+0000][2167.396s][debug][safepoint     ] Safepoint synchronization initiated. (301 threads)
[2022-02-07T17:27:46.370+0000][2167.396s][info ][safepoint     ] Application time: 1.0001175 seconds
[2022-02-07T17:27:46.370+0000][2167.396s][debug][safepoint     ] ... found polling page return exception at pc = 0x00007f11b515bc7f, stub =0x00007f11ac8beb80
[2022-02-07T17:27:46.370+0000][2167.396s][debug][safepoint     ] Waiting for 1 thread(s) to block
[2022-02-07T17:27:46.370+0000][2167.396s][info ][safepoint     ] Entering safepoint region: Cleanup
[2022-02-07T17:27:46.371+0000][2167.397s][info ][safepoint     ] Leaving safepoint region
[2022-02-07T17:27:46.371+0000][2167.397s][info ][safepoint     ] Total time for which application threads were stopped: 0.0004673 seconds, Stopping threads took: 0.0000945 seconds
[2022-02-07T17:27:47.371+0000][2168.397s][debug][safepoint     ] Safepoint synchronization initiated. (301 threads)
[2022-02-07T17:27:47.371+0000][2168.397s][info ][safepoint     ] Application time: 1.0001076 seconds
[2022-02-07T17:27:47.371+0000][2168.397s][debug][safepoint     ] ... found polling page return exception at pc = 0x00007f11b4baf743, stub =0x00007f11ac8beb80
[2022-02-07T17:27:47.371+0000][2168.397s][debug][safepoint     ] Waiting for 1 thread(s) to block
[2022-02-07T17:27:47.371+0000][2168.397s][info ][safepoint     ] Entering safepoint region: Cleanup
[2022-02-07T17:27:47.371+0000][2168.397s][info ][safepoint     ] Leaving safepoint region
[2022-02-07T17:27:47.371+0000][2168.397s][info ][safepoint     ] Total time for which application threads were stopped: 0.0004843 seconds, Stopping threads took: 0.0001041 seconds
[2022-02-07T17:27:48.371+0000][2169.397s][debug][safepoint     ] Safepoint synchronization initiated. (301 threads)
[2022-02-07T17:27:48.371+0000][2169.397s][info ][safepoint     ] Application time: 1.0001269 seconds
[2022-02-07T17:27:48.372+0000][2169.397s][info ][safepoint     ] Entering safepoint region: Cleanup
[2022-02-07T17:27:48.372+0000][2169.398s][info ][safepoint     ] Leaving safepoint region
[2022-02-07T17:27:48.372+0000][2169.398s][info ][safepoint     ] Total time for which application threads were stopped: 0.0004765 seconds, Stopping threads took: 0.0000715 seconds
[2022-02-07T17:27:49.335+0000][2170.361s][debug][safepoint     ] Safepoint synchronization initiated. (301 threads)
[2022-02-07T17:27:49.335+0000][2170.361s][info ][safepoint     ] Application time: 0.9630448 seconds
[2022-02-07T17:27:49.335+0000][2170.361s][info ][safepoint     ] Entering safepoint region: G1CollectForAllocation
[2022-02-07T17:27:49.335+0000][2170.361s][info ][gc,start      ] GC(179) Pause Young (Normal) (G1 Evacuation Pause)
[2022-02-07T17:27:49.335+0000][2170.361s][info ][gc,task       ] GC(179) Using 4 workers of 4 for evacuation
[2022-02-07T17:27:49.348+0000][2170.374s][info ][gc,phases     ] GC(179)   Pre Evacuate Collection Set: 0.0ms
[2022-02-07T17:27:49.348+0000][2170.374s][info ][gc,phases     ] GC(179)   Evacuate Collection Set: 8.1ms
[2022-02-07T17:27:49.348+0000][2170.374s][info ][gc,phases     ] GC(179)   Post Evacuate Collection Set: 4.1ms
[2022-02-07T17:27:49.348+0000][2170.374s][info ][gc,phases     ] GC(179)   Other: 0.2ms
[2022-02-07T17:27:49.348+0000][2170.374s][info ][gc,heap       ] GC(179) Eden regions: 235->0(235)
[2022-02-07T17:27:49.348+0000][2170.374s][info ][gc,heap       ] GC(179) Survivor regions: 1->1(30)
[2022-02-07T17:27:49.348+0000][2170.374s][info ][gc,heap       ] GC(179) Old regions: 149->149
[2022-02-07T17:27:49.348+0000][2170.374s][info ][gc,heap       ] GC(179) Humongous regions: 0->0
[2022-02-07T17:27:49.348+0000][2170.374s][info ][gc,metaspace  ] GC(179) Metaspace: 163367K->163367K(1206272K)
[2022-02-07T17:27:49.348+0000][2170.374s][info ][gc            ] GC(179) Pause Young (Normal) (G1 Evacuation Pause) 382M->147M(430M) 12.578ms
[2022-02-07T17:27:49.348+0000][2170.374s][info ][gc,cpu        ] GC(179) User=0.02s Sys=0.00s Real=0.02s
[2022-02-07T17:27:49.348+0000][2170.374s][info ][safepoint     ] Leaving safepoint region
[2022-02-07T17:27:49.348+0000][2170.374s][info ][safepoint     ] Total time for which application threads were stopped: 0.0131393 seconds, Stopping threads took: 0.0000679 seconds
[2022-02-07T17:27:49.348+0000][2170.374s][info ][gc,stringdedup] Concurrent String Deduplication (2170.374s)
[2022-02-07T17:27:49.348+0000][2170.374s][info ][gc,stringdedup] Concurrent String Deduplication 6744.0B->56.0B(6688.0B) avg 53.6% (2170.374s, 2170.374s) 0.065ms
[2022-02-07T17:27:50.348+0000][2171.374s][debug][safepoint     ] Safepoint synchronization initiated. (301 threads)
[2022-02-07T17:27:50.348+0000][2171.374s][info ][safepoint     ] Application time: 1.0001707 seconds
[2022-02-07T17:27:50.348+0000][2171.374s][info ][safepoint     ] Entering safepoint region: Cleanup
[2022-02-07T17:27:50.349+0000][2171.375s][info ][safepoint     ] Leaving safepoint region
[2022-02-07T17:27:50.349+0000][2171.375s][info ][safepoint     ] Total time for which application threads were stopped: 0.0003225 seconds, Stopping threads took: 0.0000713 seconds
[2022-02-07T17:27:51.349+0000][2172.375s][debug][safepoint     ] Safepoint synchronization initiated. (301 threads)
[2022-02-07T17:27:51.349+0000][2172.375s][info ][safepoint     ] Application time: 1.0001185 seconds
[2022-02-07T17:27:51.349+0000][2172.375s][info ][safepoint     ] Entering safepoint region: Cleanup
[2022-02-07T17:27:51.349+0000][2172.375s][info ][safepoint     ] Leaving safepoint region
[2022-02-07T17:27:51.349+0000][2172.375s][info ][safepoint     ] Total time for which application threads were stopped: 0.0003041 seconds, Stopping threads took: 0.0000715 seconds
[2022-02-07T17:27:52.349+0000][2173.375s][debug][safepoint     ] Safepoint synchronization initiated. (301 threads)
[2022-02-07T17:27:52.349+0000][2173.375s][info ][safepoint     ] Application time: 1.0001217 seconds
[2022-02-07T17:27:52.349+0000][2173.375s][info ][safepoint     ] Entering safepoint region: Cleanup
[2022-02-07T17:27:52.350+0000][2173.375s][info ][safepoint     ] Leaving safepoint region
[2022-02-07T17:27:52.350+0000][2173.375s][info ][safepoint     ] Total time for which application threads were stopped: 0.0002999 seconds, Stopping threads took: 0.0000692 seconds
[2022-02-07T17:27:53.350+0000][2174.376s][debug][safepoint     ] Safepoint synchronization initiated. (301 threads)
[2022-02-07T17:27:53.350+0000][2174.376s][info ][safepoint     ] Application time: 1.0001402 seconds
[2022-02-07T17:27:53.350+0000][2174.376s][info ][safepoint     ] Entering safepoint region: Cleanup
[2022-02-07T17:27:53.350+0000][2174.376s][info ][safepoint     ] Leaving safepoint region
[2022-02-07T17:27:53.350+0000][2174.376s][info ][safepoint     ] Total time for which application threads were stopped: 0.0003034 seconds, Stopping threads took: 0.0000713 seconds
[2022-02-07T17:27:54.350+0000][2175.376s][debug][safepoint     ] Safepoint synchronization initiated. (301 threads)
[2022-02-07T17:27:54.350+0000][2175.376s][info ][safepoint     ] Application time: 1.0001215 seconds
[2022-02-07T17:27:54.350+0000][2175.376s][info ][safepoint     ] Entering safepoint region: Cleanup
[2022-02-07T17:27:54.350+0000][2175.376s][info ][safepoint     ] Leaving safepoint region
[2022-02-07T17:27:54.350+0000][2175.376s][info ][safepoint     ] Total time for which application threads were stopped: 0.0003062 seconds, Stopping threads took: 0.0000715 seconds
[2022-02-07T17:27:55.351+0000][2176.376s][debug][safepoint     ] Safepoint synchronization initiated. (301 threads)
[2022-02-07T17:27:55.351+0000][2176.376s][info ][safepoint     ] Application time: 1.0001202 seconds
[2022-02-07T17:27:55.351+0000][2176.377s][info ][safepoint     ] Entering safepoint region: Cleanup
[2022-02-07T17:27:55.351+0000][2176.377s][info ][safepoint     ] Leaving safepoint region
[2022-02-07T17:27:55.351+0000][2176.377s][info ][safepoint     ] Total time for which application threads were stopped: 0.0003254 seconds, Stopping threads took: 0.0000697 seconds
[2022-02-07T17:27:56.351+0000][2177.377s][debug][safepoint     ] Safepoint synchronization initiated. (301 threads)
[2022-02-07T17:27:56.351+0000][2177.377s][info ][safepoint     ] Application time: 1.0001045 seconds
[2022-02-07T17:27:56.351+0000][2177.377s][info ][safepoint     ] Entering safepoint region: Cleanup
[2022-02-07T17:27:56.359+0000][2177.385s][info ][safepoint     ] Leaving safepoint region
[2022-02-07T17:27:56.359+0000][2177.385s][info ][safepoint     ] Total time for which application threads were stopped: 0.0081086 seconds, Stopping threads took: 0.0000636 seconds
[2022-02-07T17:27:57.359+0000][2178.385s][debug][safepoint     ] Safepoint synchronization initiated. (301 threads)
[2022-02-07T17:27:57.359+0000][2178.385s][info ][safepoint     ] Application time: 1.0000977 seconds
[2022-02-07T17:27:57.359+0000][2178.385s][info ][safepoint     ] Entering safepoint region: Cleanup
[2022-02-07T17:27:57.360+0000][2178.385s][info ][safepoint     ] Leaving safepoint region
[2022-02-07T17:27:57.360+0000][2178.385s][info ][safepoint     ] Total time for which application threads were stopped: 0.0002306 seconds, Stopping threads took: 0.0000622 seconds
[2022-02-07T17:27:58.360+0000][2179.385s][debug][safepoint     ] Safepoint synchronization initiated. (301 threads)
[2022-02-07T17:27:58.360+0000][2179.385s][info ][safepoint     ] Application time: 1.0001079 seconds
[2022-02-07T17:27:58.360+0000][2179.386s][info ][safepoint     ] Entering safepoint region: Cleanup
[2022-02-07T17:27:58.360+0000][2179.386s][info ][safepoint     ] Leaving safepoint region
[2022-02-07T17:27:58.360+0000][2179.386s][info ][safepoint     ] Total time for which application threads were stopped: 0.0002512 seconds, Stopping threads took: 0.0000630 seconds
[2022-02-07T17:27:59.360+0000][2180.386s][debug][safepoint     ] Safepoint synchronization initiated. (301 threads)
[2022-02-07T17:27:59.360+0000][2180.386s][info ][safepoint     ] Application time: 1.0001198 seconds
[2022-02-07T17:27:59.360+0000][2180.386s][info ][safepoint     ] Entering safepoint region: Cleanup
[2022-02-07T17:27:59.360+0000][2180.386s][info ][safepoint     ] Leaving safepoint region
[2022-02-07T17:27:59.360+0000][2180.386s][info ][safepoint     ] Total time for which application threads were stopped: 0.0003160 seconds, Stopping threads took: 0.0000666 seconds
[2022-02-07T17:28:00.360+0000][2181.386s][debug][safepoint     ] Safepoint synchronization initiated. (301 threads)
[2022-02-07T17:28:00.360+0000][2181.386s][info ][safepoint     ] Application time: 1.0001085 seconds
[2022-02-07T17:28:00.361+0000][2181.386s][info ][safepoint     ] Entering safepoint region: Cleanup
[2022-02-07T17:28:00.361+0000][2181.387s][info ][safepoint     ] Leaving safepoint region
[2022-02-07T17:28:00.361+0000][2181.387s][info ][safepoint     ] Total time for which application threads were stopped: 0.0003682 seconds, Stopping threads took: 0.0000864 seconds
[2022-02-07T17:28:01.361+0000][2182.387s][debug][safepoint     ] Safepoint synchronization initiated. (301 threads)
[2022-02-07T17:28:01.361+0000][2182.387s][info ][safepoint     ] Application time: 1.0001410 seconds
[2022-02-07T17:28:01.361+0000][2182.387s][info ][safepoint     ] Entering safepoint region: Cleanup
[2022-02-07T17:28:01.361+0000][2182.387s][info ][safepoint     ] Leaving safepoint region
[2022-02-07T17:28:01.361+0000][2182.387s][info ][safepoint     ] Total time for which application threads were stopped: 0.0003474 seconds, Stopping threads took: 0.0000795 seconds
[2022-02-07T17:28:02.361+0000][2183.387s][debug][safepoint     ] Safepoint synchronization initiated. (301 threads)
[2022-02-07T17:28:02.361+0000][2183.387s][info ][safepoint     ] Application time: 1.0001238 seconds
[2022-02-07T17:28:02.362+0000][2183.387s][info ][safepoint     ] Entering safepoint region: Cleanup
[2022-02-07T17:28:02.362+0000][2183.388s][info ][safepoint     ] Leaving safepoint region
[2022-02-07T17:28:02.362+0000][2183.388s][info ][safepoint     ] Total time for which application threads were stopped: 0.0003077 seconds, Stopping threads took: 0.0000717 seconds
[2022-02-07T17:28:03.362+0000][2184.388s][debug][safepoint     ] Safepoint synchronization initiated. (301 threads)
[2022-02-07T17:28:03.362+0000][2184.388s][info ][safepoint     ] Application time: 1.0001153 seconds
[2022-02-07T17:28:03.362+0000][2184.388s][info ][safepoint     ] Entering safepoint region: Cleanup
[2022-02-07T17:28:03.362+0000][2184.388s][info ][safepoint     ] Leaving safepoint region
[2022-02-07T17:28:03.362+0000][2184.388s][info ][safepoint     ] Total time for which application threads were stopped: 0.0004462 seconds, Stopping threads took: 0.0000719 seconds
[2022-02-07T17:28:04.362+0000][2185.388s][debug][safepoint     ] Safepoint synchronization initiated. (301 threads)
[2022-02-07T17:28:04.363+0000][2185.388s][info ][safepoint     ] Application time: 1.0001179 seconds
[2022-02-07T17:28:04.363+0000][2185.388s][info ][safepoint     ] Entering safepoint region: Cleanup
[2022-02-07T17:28:04.363+0000][2185.389s][info ][safepoint     ] Leaving safepoint region
[2022-02-07T17:28:04.363+0000][2185.389s][info ][safepoint     ] Total time for which application threads were stopped: 0.0004459 seconds, Stopping threads took: 0.0000696 seconds
[2022-02-07T17:28:05.363+0000][2186.389s][debug][safepoint     ] Safepoint synchronization initiated. (301 threads)
[2022-02-07T17:28:05.363+0000][2186.389s][info ][safepoint     ] Application time: 1.0001120 seconds
[2022-02-07T17:28:05.363+0000][2186.389s][info ][safepoint     ] Entering safepoint region: Cleanup
[2022-02-07T17:28:05.364+0000][2186.389s][info ][safepoint     ] Leaving safepoint region
[2022-02-07T17:28:05.364+0000][2186.389s][info ][safepoint     ] Total time for which application threads were stopped: 0.0004516 seconds, Stopping threads took: 0.0000678 seconds
[2022-02-07T17:28:06.364+0000][2187.389s][debug][safepoint     ] Safepoint synchronization initiated. (301 threads)
[2022-02-07T17:28:06.364+0000][2187.390s][info ][safepoint     ] Application time: 1.0001119 seconds
[2022-02-07T17:28:06.364+0000][2187.390s][info ][safepoint     ] Entering safepoint region: Cleanup
[2022-02-07T17:28:06.364+0000][2187.390s][info ][safepoint     ] Leaving safepoint region
[2022-02-07T17:28:06.364+0000][2187.390s][info ][safepoint     ] Total time for which application threads were stopped: 0.0003343 seconds, Stopping threads took: 0.0000682 seconds
[2022-02-07T17:28:07.364+0000][2188.390s][debug][safepoint     ] Safepoint synchronization initiated. (301 threads)
[2022-02-07T17:28:07.364+0000][2188.390s][info ][safepoint     ] Application time: 1.0001172 seconds
[2022-02-07T17:28:07.364+0000][2188.390s][info ][safepoint     ] Entering safepoint region: Cleanup
[2022-02-07T17:28:07.364+0000][2188.390s][info ][safepoint     ] Leaving safepoint region
[2022-02-07T17:28:07.364+0000][2188.390s][info ][safepoint     ] Total time for which application threads were stopped: 0.0003252 seconds, Stopping threads took: 0.0000702 seconds
[2022-02-07T17:28:08.125+0000][2189.151s][debug][safepoint     ] Safepoint synchronization initiated. (301 threads)
[2022-02-07T17:28:08.125+0000][2189.151s][info ][safepoint     ] Application time: 0.7604728 seconds
[2022-02-07T17:28:08.125+0000][2189.151s][info ][safepoint     ] Entering safepoint region: G1CollectForAllocation
[2022-02-07T17:28:08.125+0000][2189.151s][info ][gc,start      ] GC(180) Pause Young (Normal) (G1 Evacuation Pause)
[2022-02-07T17:28:08.125+0000][2189.151s][info ][gc,task       ] GC(180) Using 4 workers of 4 for evacuation
[2022-02-07T17:28:08.137+0000][2189.162s][info ][gc,phases     ] GC(180)   Pre Evacuate Collection Set: 0.0ms
[2022-02-07T17:28:08.137+0000][2189.162s][info ][gc,phases     ] GC(180)   Evacuate Collection Set: 5.8ms
[2022-02-07T17:28:08.137+0000][2189.162s][info ][gc,phases     ] GC(180)   Post Evacuate Collection Set: 5.2ms
[2022-02-07T17:28:08.137+0000][2189.163s][info ][gc,phases     ] GC(180)   Other: 0.3ms
[2022-02-07T17:28:08.137+0000][2189.163s][info ][gc,heap       ] GC(180) Eden regions: 235->0(235)
[2022-02-07T17:28:08.137+0000][2189.163s][info ][gc,heap       ] GC(180) Survivor regions: 1->1(30)
[2022-02-07T17:28:08.137+0000][2189.163s][info ][gc,heap       ] GC(180) Old regions: 149->149
[2022-02-07T17:28:08.137+0000][2189.163s][info ][gc,heap       ] GC(180) Humongous regions: 0->0
[2022-02-07T17:28:08.137+0000][2189.163s][info ][gc,metaspace  ] GC(180) Metaspace: 163367K->163367K(1206272K)
[2022-02-07T17:28:08.137+0000][2189.163s][info ][gc            ] GC(180) Pause Young (Normal) (G1 Evacuation Pause) 382M->147M(430M) 11.415ms
[2022-02-07T17:28:08.137+0000][2189.163s][info ][gc,cpu        ] GC(180) User=0.02s Sys=0.00s Real=0.01s
[2022-02-07T17:28:08.137+0000][2189.163s][info ][safepoint     ] Leaving safepoint region
[2022-02-07T17:28:08.137+0000][2189.163s][info ][safepoint     ] Total time for which application threads were stopped: 0.0118756 seconds, Stopping threads took: 0.0000784 seconds
[2022-02-07T17:28:08.137+0000][2189.163s][info ][gc,stringdedup] Concurrent String Deduplication (2189.163s)
[2022-02-07T17:28:08.137+0000][2189.163s][info ][gc,stringdedup] Concurrent String Deduplication 128.0B->0.0B(128.0B) avg 53.6% (2189.163s, 2189.163s) 0.019ms
[2022-02-07T17:28:09.137+0000][2190.163s][debug][safepoint     ] Safepoint synchronization initiated. (301 threads)
[2022-02-07T17:28:09.137+0000][2190.163s][info ][safepoint     ] Application time: 1.0001337 seconds
[2022-02-07T17:28:09.137+0000][2190.163s][info ][safepoint     ] Entering safepoint region: Cleanup
[2022-02-07T17:28:09.137+0000][2190.163s][info ][safepoint     ] Leaving safepoint region
[2022-02-07T17:28:09.137+0000][2190.163s][info ][safepoint     ] Total time for which application threads were stopped: 0.0003015 seconds, Stopping threads took: 0.0000717 seconds
[2022-02-07T17:28:10.137+0000][2191.163s][debug][safepoint     ] Safepoint synchronization initiated. (301 threads)
[2022-02-07T17:28:10.137+0000][2191.163s][info ][safepoint     ] Application time: 1.0001136 seconds
[2022-02-07T17:28:10.137+0000][2191.163s][info ][safepoint     ] Entering safepoint region: Cleanup
[2022-02-07T17:28:10.138+0000][2191.164s][info ][safepoint     ] Leaving safepoint region
[2022-02-07T17:28:10.138+0000][2191.164s][info ][safepoint     ] Total time for which application threads were stopped: 0.0003047 seconds, Stopping threads took: 0.0000742 seconds
[2022-02-07T17:28:11.138+0000][2192.164s][debug][safepoint     ] Safepoint synchronization initiated. (301 threads)
[2022-02-07T17:28:11.138+0000][2192.164s][info ][safepoint     ] Application time: 1.0001192 seconds
[2022-02-07T17:28:11.138+0000][2192.164s][debug][safepoint     ] ... found polling page return exception at pc = 0x00007f11b4fa9ec3, stub =0x00007f11ac8beb80
[2022-02-07T17:28:11.138+0000][2192.164s][debug][safepoint     ] Waiting for 1 thread(s) to block
[2022-02-07T17:28:11.138+0000][2192.164s][info ][safepoint     ] Entering safepoint region: Cleanup
[2022-02-07T17:28:11.138+0000][2192.164s][info ][safepoint     ] Leaving safepoint region
[2022-02-07T17:28:11.138+0000][2192.164s][info ][safepoint     ] Total time for which application threads were stopped: 0.0003474 seconds, Stopping threads took: 0.0001104 seconds
[2022-02-07T17:28:12.138+0000][2193.164s][debug][safepoint     ] Safepoint synchronization initiated. (301 threads)
[2022-02-07T17:28:12.138+0000][2193.164s][info ][safepoint     ] Application time: 1.0001249 seconds
[2022-02-07T17:28:12.138+0000][2193.164s][info ][safepoint     ] Entering safepoint region: Cleanup
[2022-02-07T17:28:12.139+0000][2193.164s][info ][safepoint     ] Leaving safepoint region
[2022-02-07T17:28:12.139+0000][2193.164s][info ][safepoint     ] Total time for which application threads were stopped: 0.0002446 seconds, Stopping threads took: 0.0000684 seconds
[2022-02-07T17:28:13.139+0000][2194.165s][debug][safepoint     ] Safepoint synchronization initiated. (301 threads)
[2022-02-07T17:28:13.139+0000][2194.165s][info ][safepoint     ] Application time: 1.0001098 seconds
[2022-02-07T17:28:13.139+0000][2194.165s][info ][safepoint     ] Entering safepoint region: Cleanup
[2022-02-07T17:28:13.139+0000][2194.165s][info ][safepoint     ] Leaving safepoint region
[2022-02-07T17:28:13.139+0000][2194.165s][info ][safepoint     ] Total time for which application threads were stopped: 0.0003199 seconds, Stopping threads took: 0.0000682 seconds
[2022-02-07T17:28:14.139+0000][2195.165s][debug][safepoint     ] Safepoint synchronization initiated. (301 threads)
[2022-02-07T17:28:14.139+0000][2195.165s][info ][safepoint     ] Application time: 1.0001968 seconds
[2022-02-07T17:28:14.139+0000][2195.165s][info ][safepoint     ] Entering safepoint region: Cleanup
[2022-02-07T17:28:14.140+0000][2195.165s][info ][safepoint     ] Leaving safepoint region
[2022-02-07T17:28:14.140+0000][2195.165s][info ][safepoint     ] Total time for which application threads were stopped: 0.0003477 seconds, Stopping threads took: 0.0000788 seconds
[2022-02-07T17:28:14.140+0000][2195.165s][debug][safepoint     ] ... found polling page return exception at pc = 0x00007f11b4fc1a06, stub =0x00007f11ac8beb80
[2022-02-07T17:28:15.140+0000][2196.166s][debug][safepoint     ] Safepoint synchronization initiated. (301 threads)
[2022-02-07T17:28:15.140+0000][2196.166s][info ][safepoint     ] Application time: 1.0001178 seconds
[2022-02-07T17:28:15.140+0000][2196.166s][debug][safepoint     ] ... found polling page return exception at pc = 0x00007f11b46688bb, stub =0x00007f11ac8beb80
[2022-02-07T17:28:15.140+0000][2196.166s][debug][safepoint     ] Waiting for 1 thread(s) to block
[2022-02-07T17:28:15.140+0000][2196.166s][info ][safepoint     ] Entering safepoint region: Cleanup
[2022-02-07T17:28:15.140+0000][2196.166s][info ][safepoint     ] Leaving safepoint region
[2022-02-07T17:28:15.140+0000][2196.166s][info ][safepoint     ] Total time for which application threads were stopped: 0.0003484 seconds, Stopping threads took: 0.0001061 seconds
[2022-02-07T17:28:16.140+0000][2197.166s][debug][safepoint     ] Safepoint synchronization initiated. (301 threads)
[2022-02-07T17:28:16.140+0000][2197.166s][info ][safepoint     ] Application time: 1.0001263 seconds
[2022-02-07T17:28:16.140+0000][2197.166s][info ][safepoint     ] Entering safepoint region: Cleanup
[2022-02-07T17:28:16.141+0000][2197.166s][info ][safepoint     ] Leaving safepoint region
[2022-02-07T17:28:16.141+0000][2197.166s][info ][safepoint     ] Total time for which application threads were stopped: 0.0002856 seconds, Stopping threads took: 0.0000784 seconds
[2022-02-07T17:28:17.141+0000][2198.166s][debug][safepoint     ] Safepoint synchronization initiated. (301 threads)
[2022-02-07T17:28:17.141+0000][2198.167s][info ][safepoint     ] Application time: 1.0001163 seconds
[2022-02-07T17:28:17.141+0000][2198.167s][info ][safepoint     ] Entering safepoint region: Cleanup
[2022-02-07T17:28:17.141+0000][2198.167s][info ][safepoint     ] Leaving safepoint region
[2022-02-07T17:28:17.141+0000][2198.167s][info ][safepoint     ] Total time for which application threads were stopped: 0.0004526 seconds, Stopping threads took: 0.0000726 seconds
[2022-02-07T17:28:18.141+0000][2199.167s][debug][safepoint     ] Safepoint synchronization initiated. (301 threads)
[2022-02-07T17:28:18.141+0000][2199.167s][info ][safepoint     ] Application time: 1.0001126 seconds
[2022-02-07T17:28:18.141+0000][2199.167s][info ][safepoint     ] Entering safepoint region: Cleanup
[2022-02-07T17:28:18.142+0000][2199.167s][info ][safepoint     ] Leaving safepoint region
[2022-02-07T17:28:18.142+0000][2199.167s][info ][safepoint     ] Total time for which application threads were stopped: 0.0003210 seconds, Stopping threads took: 0.0000690 seconds
[2022-02-07T17:28:19.142+0000][2200.168s][debug][safepoint     ] Safepoint synchronization initiated. (301 threads)
[2022-02-07T17:28:19.142+0000][2200.168s][info ][safepoint     ] Application time: 1.0001073 seconds
[2022-02-07T17:28:19.142+0000][2200.168s][info ][safepoint     ] Entering safepoint region: Cleanup
[2022-02-07T17:28:19.142+0000][2200.168s][info ][safepoint     ] Leaving safepoint region
[2022-02-07T17:28:19.142+0000][2200.168s][info ][safepoint     ] Total time for which application threads were stopped: 0.0003175 seconds, Stopping threads took: 0.0000791 seconds
[2022-02-07T17:28:20.142+0000][2201.168s][debug][safepoint     ] Safepoint synchronization initiated. (301 threads)
[2022-02-07T17:28:20.142+0000][2201.168s][info ][safepoint     ] Application time: 1.0001107 seconds
[2022-02-07T17:28:20.142+0000][2201.168s][info ][safepoint     ] Entering safepoint region: Cleanup
[2022-02-07T17:28:20.143+0000][2201.168s][info ][safepoint     ] Leaving safepoint region
[2022-02-07T17:28:20.143+0000][2201.168s][info ][safepoint     ] Total time for which application threads were stopped: 0.0004321 seconds, Stopping threads took: 0.0000694 seconds
[2022-02-07T17:28:21.143+0000][2202.169s][debug][safepoint     ] Safepoint synchronization initiated. (301 threads)
[2022-02-07T17:28:21.143+0000][2202.169s][info ][safepoint     ] Application time: 1.0001196 seconds
[2022-02-07T17:28:21.143+0000][2202.169s][info ][safepoint     ] Entering safepoint region: Cleanup
[2022-02-07T17:28:21.143+0000][2202.169s][info ][safepoint     ] Leaving safepoint region
[2022-02-07T17:28:21.143+0000][2202.169s][info ][safepoint     ] Total time for which application threads were stopped: 0.0004448 seconds, Stopping threads took: 0.0000702 seconds
[2022-02-07T17:28:21.492+0000][2202.518s][debug][safepoint     ] Safepoint synchronization initiated. (301 threads)
[2022-02-07T17:28:21.492+0000][2202.518s][info ][safepoint     ] Application time: 0.3486908 seconds
[2022-02-07T17:28:21.492+0000][2202.518s][info ][safepoint     ] Entering safepoint region: G1CollectForAllocation
[2022-02-07T17:28:21.492+0000][2202.518s][info ][gc,start      ] GC(181) Pause Young (Normal) (G1 Evacuation Pause)
[2022-02-07T17:28:21.492+0000][2202.518s][info ][gc,task       ] GC(181) Using 4 workers of 4 for evacuation
[2022-02-07T17:28:21.513+0000][2202.538s][info ][gc,phases     ] GC(181)   Pre Evacuate Collection Set: 0.0ms
[2022-02-07T17:28:21.513+0000][2202.538s][info ][gc,phases     ] GC(181)   Evacuate Collection Set: 11.0ms
[2022-02-07T17:28:21.513+0000][2202.538s][info ][gc,phases     ] GC(181)   Post Evacuate Collection Set: 9.0ms
[2022-02-07T17:28:21.513+0000][2202.538s][info ][gc,phases     ] GC(181)   Other: 0.2ms
[2022-02-07T17:28:21.513+0000][2202.538s][info ][gc,heap       ] GC(181) Eden regions: 235->0(235)
[2022-02-07T17:28:21.513+0000][2202.538s][info ][gc,heap       ] GC(181) Survivor regions: 1->1(30)
[2022-02-07T17:28:21.513+0000][2202.538s][info ][gc,heap       ] GC(181) Old regions: 149->149
[2022-02-07T17:28:21.513+0000][2202.538s][info ][gc,heap       ] GC(181) Humongous regions: 0->0
[2022-02-07T17:28:21.513+0000][2202.538s][info ][gc,metaspace  ] GC(181) Metaspace: 163367K->163367K(1206272K)
[2022-02-07T17:28:21.513+0000][2202.539s][info ][gc            ] GC(181) Pause Young (Normal) (G1 Evacuation Pause) 382M->147M(430M) 20.317ms
[2022-02-07T17:28:21.513+0000][2202.539s][info ][gc,cpu        ] GC(181) User=0.02s Sys=0.00s Real=0.02s
[2022-02-07T17:28:21.513+0000][2202.539s][info ][safepoint     ] Leaving safepoint region
[2022-02-07T17:28:21.513+0000][2202.539s][info ][safepoint     ] Total time for which application threads were stopped: 0.0208915 seconds, Stopping threads took: 0.0000696 seconds
[2022-02-07T17:28:21.513+0000][2202.539s][info ][gc,stringdedup] Concurrent String Deduplication (2202.539s)
[2022-02-07T17:28:21.513+0000][2202.539s][info ][gc,stringdedup] Concurrent String Deduplication 552.0B->0.0B(552.0B) avg 53.6% (2202.539s, 2202.539s) 0.030ms
[2022-02-07T17:28:22.513+0000][2203.539s][debug][safepoint     ] Safepoint synchronization initiated. (301 threads)
[2022-02-07T17:28:22.513+0000][2203.539s][info ][safepoint     ] Application time: 1.0001584 seconds
[2022-02-07T17:28:22.513+0000][2203.539s][info ][safepoint     ] Entering safepoint region: Cleanup
[2022-02-07T17:28:22.513+0000][2203.539s][info ][safepoint     ] Leaving safepoint region
[2022-02-07T17:28:22.513+0000][2203.539s][info ][safepoint     ] Total time for which application threads were stopped: 0.0004485 seconds, Stopping threads took: 0.0000739 seconds
[2022-02-07T17:28:23.513+0000][2204.539s][debug][safepoint     ] Safepoint synchronization initiated. (301 threads)
[2022-02-07T17:28:23.513+0000][2204.539s][info ][safepoint     ] Application time: 1.0001135 seconds
[2022-02-07T17:28:23.514+0000][2204.539s][info ][safepoint     ] Entering safepoint region: Cleanup
[2022-02-07T17:28:23.514+0000][2204.540s][info ][safepoint     ] Leaving safepoint region
[2022-02-07T17:28:23.514+0000][2204.540s][info ][safepoint     ] Total time for which application threads were stopped: 0.0004775 seconds, Stopping threads took: 0.0000702 seconds
[2022-02-07T17:28:24.514+0000][2205.540s][debug][safepoint     ] Safepoint synchronization initiated. (301 threads)
[2022-02-07T17:28:24.514+0000][2205.540s][info ][safepoint     ] Application time: 1.0001090 seconds
[2022-02-07T17:28:24.514+0000][2205.540s][info ][safepoint     ] Entering safepoint region: Cleanup
[2022-02-07T17:28:24.515+0000][2205.540s][info ][safepoint     ] Leaving safepoint region
[2022-02-07T17:28:24.515+0000][2205.540s][info ][safepoint     ] Total time for which application threads were stopped: 0.0004610 seconds, Stopping threads took: 0.0000760 seconds
[2022-02-07T17:28:25.515+0000][2206.541s][debug][safepoint     ] Safepoint synchronization initiated. (301 threads)
[2022-02-07T17:28:25.515+0000][2206.541s][info ][safepoint     ] Application time: 1.0001200 seconds
[2022-02-07T17:28:25.515+0000][2206.541s][info ][safepoint     ] Entering safepoint region: Cleanup
[2022-02-07T17:28:25.515+0000][2206.541s][info ][safepoint     ] Leaving safepoint region
[2022-02-07T17:28:25.515+0000][2206.541s][info ][safepoint     ] Total time for which application threads were stopped: 0.0002994 seconds, Stopping threads took: 0.0000713 seconds
[2022-02-07T17:28:26.515+0000][2207.541s][debug][safepoint     ] Safepoint synchronization initiated. (301 threads)
[2022-02-07T17:28:26.515+0000][2207.541s][info ][safepoint     ] Application time: 1.0001070 seconds
[2022-02-07T17:28:26.515+0000][2207.541s][info ][safepoint     ] Entering safepoint region: Cleanup
[2022-02-07T17:28:26.516+0000][2207.541s][info ][safepoint     ] Leaving safepoint region
[2022-02-07T17:28:26.516+0000][2207.541s][info ][safepoint     ] Total time for which application threads were stopped: 0.0004604 seconds, Stopping threads took: 0.0000886 seconds
[2022-02-07T17:28:27.516+0000][2208.542s][debug][safepoint     ] Safepoint synchronization initiated. (301 threads)
[2022-02-07T17:28:27.516+0000][2208.542s][info ][safepoint     ] Application time: 1.0001184 seconds
[2022-02-07T17:28:27.516+0000][2208.542s][info ][safepoint     ] Entering safepoint region: Cleanup
[2022-02-07T17:28:27.516+0000][2208.542s][info ][safepoint     ] Leaving safepoint region
[2022-02-07T17:28:27.516+0000][2208.542s][info ][safepoint     ] Total time for which application threads were stopped: 0.0004476 seconds, Stopping threads took: 0.0000678 seconds
[2022-02-07T17:28:28.516+0000][2209.542s][debug][safepoint     ] Safepoint synchronization initiated. (301 threads)
[2022-02-07T17:28:28.516+0000][2209.542s][info ][safepoint     ] Application time: 1.0001215 seconds
[2022-02-07T17:28:28.516+0000][2209.542s][info ][safepoint     ] Entering safepoint region: Cleanup
[2022-02-07T17:28:28.517+0000][2209.543s][info ][safepoint     ] Leaving safepoint region
[2022-02-07T17:28:28.517+0000][2209.543s][info ][safepoint     ] Total time for which application threads were stopped: 0.0004505 seconds, Stopping threads took: 0.0000700 seconds
[2022-02-07T17:28:29.517+0000][2210.543s][debug][safepoint     ] Safepoint synchronization initiated. (301 threads)
[2022-02-07T17:28:29.517+0000][2210.543s][info ][safepoint     ] Application time: 1.0001530 seconds
[2022-02-07T17:28:29.517+0000][2210.543s][info ][safepoint     ] Entering safepoint region: Cleanup
[2022-02-07T17:28:29.517+0000][2210.543s][info ][safepoint     ] Leaving safepoint region
[2022-02-07T17:28:29.517+0000][2210.543s][info ][safepoint     ] Total time for which application threads were stopped: 0.0004648 seconds, Stopping threads took: 0.0000734 seconds
[2022-02-07T17:28:30.518+0000][2211.543s][debug][safepoint     ] Safepoint synchronization initiated. (301 threads)
[2022-02-07T17:28:30.518+0000][2211.543s][info ][safepoint     ] Application time: 1.0001141 seconds
[2022-02-07T17:28:30.518+0000][2211.543s][info ][safepoint     ] Entering safepoint region: Cleanup
[2022-02-07T17:28:30.518+0000][2211.544s][info ][safepoint     ] Leaving safepoint region
[2022-02-07T17:28:30.518+0000][2211.544s][info ][safepoint     ] Total time for which application threads were stopped: 0.0005098 seconds, Stopping threads took: 0.0000750 seconds
[2022-02-07T17:28:31.518+0000][2212.544s][debug][safepoint     ] Safepoint synchronization initiated. (301 threads)
[2022-02-07T17:28:31.518+0000][2212.544s][info ][safepoint     ] Application time: 1.0001230 seconds
[2022-02-07T17:28:31.518+0000][2212.544s][info ][safepoint     ] Entering safepoint region: Cleanup
[2022-02-07T17:28:31.519+0000][2212.545s][info ][safepoint     ] Leaving safepoint region
[2022-02-07T17:28:31.519+0000][2212.545s][info ][safepoint     ] Total time for which application threads were stopped: 0.0004541 seconds, Stopping threads took: 0.0000713 seconds
[2022-02-07T17:28:32.519+0000][2213.545s][debug][safepoint     ] Safepoint synchronization initiated. (301 threads)
[2022-02-07T17:28:32.519+0000][2213.545s][info ][safepoint     ] Application time: 1.0001158 seconds
[2022-02-07T17:28:32.519+0000][2213.545s][info ][safepoint     ] Entering safepoint region: Cleanup
[2022-02-07T17:28:32.519+0000][2213.545s][info ][safepoint     ] Leaving safepoint region
[2022-02-07T17:28:32.519+0000][2213.545s][info ][safepoint     ] Total time for which application threads were stopped: 0.0003158 seconds, Stopping threads took: 0.0000694 seconds
[2022-02-07T17:28:33.519+0000][2214.545s][debug][safepoint     ] Safepoint synchronization initiated. (301 threads)
[2022-02-07T17:28:33.519+0000][2214.545s][info ][safepoint     ] Application time: 1.0001575 seconds
[2022-02-07T17:28:33.519+0000][2214.545s][info ][safepoint     ] Entering safepoint region: Cleanup
[2022-02-07T17:28:33.520+0000][2214.545s][info ][safepoint     ] Leaving safepoint region
[2022-02-07T17:28:33.520+0000][2214.545s][info ][safepoint     ] Total time for which application threads were stopped: 0.0003160 seconds, Stopping threads took: 0.0000696 seconds
[2022-02-07T17:28:34.520+0000][2215.546s][debug][safepoint     ] Safepoint synchronization initiated. (301 threads)
[2022-02-07T17:28:34.520+0000][2215.546s][info ][safepoint     ] Application time: 1.0001198 seconds
[2022-02-07T17:28:34.520+0000][2215.546s][info ][safepoint     ] Entering safepoint region: Cleanup
[2022-02-07T17:28:34.520+0000][2215.546s][info ][safepoint     ] Leaving safepoint region
[2022-02-07T17:28:34.520+0000][2215.546s][info ][safepoint     ] Total time for which application threads were stopped: 0.0003016 seconds, Stopping threads took: 0.0000731 seconds
[2022-02-07T17:28:35.520+0000][2216.546s][debug][safepoint     ] Safepoint synchronization initiated. (301 threads)
[2022-02-07T17:28:35.520+0000][2216.546s][info ][safepoint     ] Application time: 1.0001110 seconds
[2022-02-07T17:28:35.520+0000][2216.546s][info ][safepoint     ] Entering safepoint region: Cleanup
[2022-02-07T17:28:35.520+0000][2216.546s][info ][safepoint     ] Leaving safepoint region
[2022-02-07T17:28:35.520+0000][2216.546s][info ][safepoint     ] Total time for which application threads were stopped: 0.0002948 seconds, Stopping threads took: 0.0000752 seconds
[2022-02-07T17:28:36.286+0000][2217.312s][debug][safepoint     ] Safepoint synchronization initiated. (301 threads)
[2022-02-07T17:28:36.286+0000][2217.312s][info ][safepoint     ] Application time: 0.7655207 seconds
[2022-02-07T17:28:36.286+0000][2217.312s][info ][safepoint     ] Entering safepoint region: G1CollectForAllocation
[2022-02-07T17:28:36.286+0000][2217.312s][info ][gc,start      ] GC(182) Pause Young (Normal) (G1 Evacuation Pause)
[2022-02-07T17:28:36.286+0000][2217.312s][info ][gc,task       ] GC(182) Using 4 workers of 4 for evacuation
[2022-02-07T17:28:36.313+0000][2217.339s][info ][gc,phases     ] GC(182)   Pre Evacuate Collection Set: 0.0ms
[2022-02-07T17:28:36.313+0000][2217.339s][info ][gc,phases     ] GC(182)   Evacuate Collection Set: 19.2ms
[2022-02-07T17:28:36.313+0000][2217.339s][info ][gc,phases     ] GC(182)   Post Evacuate Collection Set: 7.6ms
[2022-02-07T17:28:36.313+0000][2217.339s][info ][gc,phases     ] GC(182)   Other: 0.3ms
[2022-02-07T17:28:36.313+0000][2217.339s][info ][gc,heap       ] GC(182) Eden regions: 235->0(235)
[2022-02-07T17:28:36.313+0000][2217.339s][info ][gc,heap       ] GC(182) Survivor regions: 1->1(30)
[2022-02-07T17:28:36.313+0000][2217.339s][info ][gc,heap       ] GC(182) Old regions: 149->149
[2022-02-07T17:28:36.313+0000][2217.339s][info ][gc,heap       ] GC(182) Humongous regions: 0->0
[2022-02-07T17:28:36.313+0000][2217.339s][info ][gc,metaspace  ] GC(182) Metaspace: 163367K->163367K(1206272K)
[2022-02-07T17:28:36.314+0000][2217.339s][info ][gc            ] GC(182) Pause Young (Normal) (G1 Evacuation Pause) 382M->147M(430M) 27.175ms
[2022-02-07T17:28:36.314+0000][2217.339s][info ][gc,cpu        ] GC(182) User=0.02s Sys=0.00s Real=0.03s
[2022-02-07T17:28:36.314+0000][2217.339s][info ][safepoint     ] Leaving safepoint region
[2022-02-07T17:28:36.314+0000][2217.339s][info ][safepoint     ] Total time for which application threads were stopped: 0.0276029 seconds, Stopping threads took: 0.0000705 seconds
[2022-02-07T17:28:36.314+0000][2217.340s][info ][gc,stringdedup] Concurrent String Deduplication (2217.340s)
[2022-02-07T17:28:36.314+0000][2217.340s][info ][gc,stringdedup] Concurrent String Deduplication 728.0B->0.0B(728.0B) avg 53.6% (2217.340s, 2217.340s) 0.021ms
[2022-02-07T17:28:37.314+0000][2218.340s][debug][safepoint     ] Safepoint synchronization initiated. (301 threads)
[2022-02-07T17:28:37.314+0000][2218.340s][info ][safepoint     ] Application time: 1.0001312 seconds
[2022-02-07T17:28:37.314+0000][2218.340s][info ][safepoint     ] Entering safepoint region: Cleanup
[2022-02-07T17:28:37.314+0000][2218.340s][info ][safepoint     ] Leaving safepoint region
[2022-02-07T17:28:37.314+0000][2218.340s][info ][safepoint     ] Total time for which application threads were stopped: 0.0004349 seconds, Stopping threads took: 0.0000699 seconds
[2022-02-07T17:28:38.314+0000][2219.340s][debug][safepoint     ] Safepoint synchronization initiated. (301 threads)
[2022-02-07T17:28:38.314+0000][2219.340s][info ][safepoint     ] Application time: 1.0001202 seconds
[2022-02-07T17:28:38.314+0000][2219.340s][info ][safepoint     ] Entering safepoint region: Cleanup
[2022-02-07T17:28:38.315+0000][2219.341s][info ][safepoint     ] Leaving safepoint region
[2022-02-07T17:28:38.315+0000][2219.341s][info ][safepoint     ] Total time for which application threads were stopped: 0.0004240 seconds, Stopping threads took: 0.0000686 seconds
[2022-02-07T17:28:39.315+0000][2220.341s][debug][safepoint     ] Safepoint synchronization initiated. (301 threads)
[2022-02-07T17:28:39.315+0000][2220.341s][info ][safepoint     ] Application time: 1.0001240 seconds
[2022-02-07T17:28:39.315+0000][2220.341s][info ][safepoint     ] Entering safepoint region: Cleanup
[2022-02-07T17:28:39.315+0000][2220.341s][info ][safepoint     ] Leaving safepoint region
[2022-02-07T17:28:39.315+0000][2220.341s][info ][safepoint     ] Total time for which application threads were stopped: 0.0004662 seconds, Stopping threads took: 0.0000702 seconds
[2022-02-07T17:28:40.315+0000][2221.341s][debug][safepoint     ] Safepoint synchronization initiated. (301 threads)
[2022-02-07T17:28:40.316+0000][2221.341s][info ][safepoint     ] Application time: 1.0001157 seconds
[2022-02-07T17:28:40.316+0000][2221.341s][info ][safepoint     ] Entering safepoint region: Cleanup
[2022-02-07T17:28:40.316+0000][2221.342s][info ][safepoint     ] Leaving safepoint region
[2022-02-07T17:28:40.316+0000][2221.342s][info ][safepoint     ] Total time for which application threads were stopped: 0.0004340 seconds, Stopping threads took: 0.0000690 seconds
[2022-02-07T17:28:41.316+0000][2222.342s][debug][safepoint     ] Safepoint synchronization initiated. (301 threads)
[2022-02-07T17:28:41.316+0000][2222.342s][info ][safepoint     ] Application time: 1.0001213 seconds
[2022-02-07T17:28:41.316+0000][2222.342s][info ][safepoint     ] Entering safepoint region: Cleanup
[2022-02-07T17:28:41.317+0000][2222.342s][info ][safepoint     ] Leaving safepoint region
[2022-02-07T17:28:41.317+0000][2222.342s][info ][safepoint     ] Total time for which application threads were stopped: 0.0004413 seconds, Stopping threads took: 0.0000702 seconds
[2022-02-07T17:28:42.317+0000][2223.342s][debug][safepoint     ] Safepoint synchronization initiated. (301 threads)
[2022-02-07T17:28:42.317+0000][2223.343s][info ][safepoint     ] Application time: 1.0001229 seconds
[2022-02-07T17:28:42.317+0000][2223.343s][info ][safepoint     ] Entering safepoint region: Cleanup
[2022-02-07T17:28:42.317+0000][2223.343s][info ][safepoint     ] Leaving safepoint region
[2022-02-07T17:28:42.317+0000][2223.343s][info ][safepoint     ] Total time for which application threads were stopped: 0.0004599 seconds, Stopping threads took: 0.0000737 seconds
[2022-02-07T17:28:43.317+0000][2224.343s][debug][safepoint     ] Safepoint synchronization initiated. (301 threads)
[2022-02-07T17:28:43.317+0000][2224.343s][info ][safepoint     ] Application time: 1.0001168 seconds
[2022-02-07T17:28:43.317+0000][2224.343s][info ][safepoint     ] Entering safepoint region: Cleanup
[2022-02-07T17:28:43.318+0000][2224.344s][info ][safepoint     ] Leaving safepoint region
[2022-02-07T17:28:43.318+0000][2224.344s][info ][safepoint     ] Total time for which application threads were stopped: 0.0004394 seconds, Stopping threads took: 0.0000689 seconds
[2022-02-07T17:28:44.318+0000][2225.344s][debug][safepoint     ] Safepoint synchronization initiated. (301 threads)
[2022-02-07T17:28:44.318+0000][2225.344s][info ][safepoint     ] Application time: 1.0001348 seconds
[2022-02-07T17:28:44.318+0000][2225.344s][info ][safepoint     ] Entering safepoint region: Cleanup
[2022-02-07T17:28:44.318+0000][2225.344s][info ][safepoint     ] Leaving safepoint region
[2022-02-07T17:28:44.318+0000][2225.344s][info ][safepoint     ] Total time for which application threads were stopped: 0.0002988 seconds, Stopping threads took: 0.0000703 seconds
[2022-02-07T17:28:45.318+0000][2226.344s][debug][safepoint     ] Safepoint synchronization initiated. (301 threads)
[2022-02-07T17:28:45.318+0000][2226.344s][info ][safepoint     ] Application time: 1.0001158 seconds
[2022-02-07T17:28:45.318+0000][2226.344s][info ][safepoint     ] Entering safepoint region: Cleanup
[2022-02-07T17:28:45.319+0000][2226.344s][info ][safepoint     ] Leaving safepoint region
[2022-02-07T17:28:45.319+0000][2226.344s][info ][safepoint     ] Total time for which application threads were stopped: 0.0003073 seconds, Stopping threads took: 0.0000689 seconds
[2022-02-07T17:28:46.319+0000][2227.345s][debug][safepoint     ] Safepoint synchronization initiated. (301 threads)
[2022-02-07T17:28:46.319+0000][2227.345s][info ][safepoint     ] Application time: 1.0001531 seconds
[2022-02-07T17:28:46.319+0000][2227.345s][info ][safepoint     ] Entering safepoint region: Cleanup
[2022-02-07T17:28:46.319+0000][2227.345s][info ][safepoint     ] Leaving safepoint region
[2022-02-07T17:28:46.319+0000][2227.345s][info ][safepoint     ] Total time for which application threads were stopped: 0.0003004 seconds, Stopping threads took: 0.0000704 seconds
[2022-02-07T17:28:47.319+0000][2228.345s][debug][safepoint     ] Safepoint synchronization initiated. (301 threads)
[2022-02-07T17:28:47.319+0000][2228.345s][info ][safepoint     ] Application time: 1.0001763 seconds
[2022-02-07T17:28:47.319+0000][2228.345s][info ][safepoint     ] Entering safepoint region: Cleanup
[2022-02-07T17:28:47.320+0000][2228.345s][info ][safepoint     ] Leaving safepoint region
[2022-02-07T17:28:47.320+0000][2228.345s][info ][safepoint     ] Total time for which application threads were stopped: 0.0003232 seconds, Stopping threads took: 0.0000729 seconds
[2022-02-07T17:28:48.320+0000][2229.346s][debug][safepoint     ] Safepoint synchronization initiated. (301 threads)
[2022-02-07T17:28:48.320+0000][2229.346s][info ][safepoint     ] Application time: 1.0001384 seconds
[2022-02-07T17:28:48.320+0000][2229.346s][info ][safepoint     ] Entering safepoint region: Cleanup
[2022-02-07T17:28:48.320+0000][2229.346s][info ][safepoint     ] Leaving safepoint region
[2022-02-07T17:28:48.320+0000][2229.346s][info ][safepoint     ] Total time for which application threads were stopped: 0.0003136 seconds, Stopping threads took: 0.0000726 seconds
[2022-02-07T17:28:49.320+0000][2230.346s][debug][safepoint     ] Safepoint synchronization initiated. (301 threads)
[2022-02-07T17:28:49.320+0000][2230.346s][info ][safepoint     ] Application time: 1.0001020 seconds
[2022-02-07T17:28:49.320+0000][2230.346s][info ][safepoint     ] Entering safepoint region: Cleanup
[2022-02-07T17:28:49.320+0000][2230.346s][info ][safepoint     ] Leaving safepoint region
[2022-02-07T17:28:49.320+0000][2230.346s][info ][safepoint     ] Total time for which application threads were stopped: 0.0002473 seconds, Stopping threads took: 0.0000608 seconds
[2022-02-07T17:28:50.321+0000][2231.346s][debug][safepoint     ] Safepoint synchronization initiated. (301 threads)
[2022-02-07T17:28:50.321+0000][2231.346s][info ][safepoint     ] Application time: 1.0001122 seconds
[2022-02-07T17:28:50.321+0000][2231.346s][info ][safepoint     ] Entering safepoint region: Cleanup
[2022-02-07T17:28:50.321+0000][2231.347s][info ][safepoint     ] Leaving safepoint region
[2022-02-07T17:28:50.321+0000][2231.347s][info ][safepoint     ] Total time for which application threads were stopped: 0.0003167 seconds, Stopping threads took: 0.0000707 seconds
[2022-02-07T17:28:51.321+0000][2232.347s][debug][safepoint     ] Safepoint synchronization initiated. (301 threads)
[2022-02-07T17:28:51.321+0000][2232.347s][info ][safepoint     ] Application time: 1.0001495 seconds
[2022-02-07T17:28:51.321+0000][2232.347s][info ][safepoint     ] Entering safepoint region: Cleanup
[2022-02-07T17:28:51.322+0000][2232.347s][info ][safepoint     ] Leaving safepoint region
[2022-02-07T17:28:51.322+0000][2232.347s][info ][safepoint     ] Total time for which application threads were stopped: 0.0004996 seconds, Stopping threads took: 0.0000759 seconds
[2022-02-07T17:28:52.322+0000][2233.348s][debug][safepoint     ] Safepoint synchronization initiated. (301 threads)
[2022-02-07T17:28:52.322+0000][2233.348s][info ][safepoint     ] Application time: 1.0001198 seconds
[2022-02-07T17:28:52.322+0000][2233.348s][info ][safepoint     ] Entering safepoint region: Cleanup
[2022-02-07T17:28:52.322+0000][2233.348s][info ][safepoint     ] Leaving safepoint region
[2022-02-07T17:28:52.322+0000][2233.348s][info ][safepoint     ] Total time for which application threads were stopped: 0.0003366 seconds, Stopping threads took: 0.0000686 seconds
[2022-02-07T17:28:53.322+0000][2234.348s][debug][safepoint     ] Safepoint synchronization initiated. (301 threads)
[2022-02-07T17:28:53.322+0000][2234.348s][info ][safepoint     ] Application time: 1.0001087 seconds
[2022-02-07T17:28:53.322+0000][2234.348s][info ][safepoint     ] Entering safepoint region: Cleanup
[2022-02-07T17:28:53.322+0000][2234.348s][info ][safepoint     ] Leaving safepoint region
[2022-02-07T17:28:53.323+0000][2234.348s][info ][safepoint     ] Total time for which application threads were stopped: 0.0003150 seconds, Stopping threads took: 0.0000712 seconds
[2022-02-07T17:28:54.323+0000][2235.348s][debug][safepoint     ] Safepoint synchronization initiated. (301 threads)
[2022-02-07T17:28:54.323+0000][2235.348s][info ][safepoint     ] Application time: 1.0001176 seconds
[2022-02-07T17:28:54.323+0000][2235.349s][info ][safepoint     ] Entering safepoint region: Cleanup
[2022-02-07T17:28:54.323+0000][2235.349s][info ][safepoint     ] Leaving safepoint region
[2022-02-07T17:28:54.323+0000][2235.349s][info ][safepoint     ] Total time for which application threads were stopped: 0.0003027 seconds, Stopping threads took: 0.0000718 seconds
[2022-02-07T17:28:55.323+0000][2236.349s][debug][safepoint     ] Safepoint synchronization initiated. (301 threads)
[2022-02-07T17:28:55.323+0000][2236.349s][info ][safepoint     ] Application time: 1.0001135 seconds
[2022-02-07T17:28:55.323+0000][2236.349s][info ][safepoint     ] Entering safepoint region: Cleanup
[2022-02-07T17:28:55.324+0000][2236.349s][info ][safepoint     ] Leaving safepoint region
[2022-02-07T17:28:55.324+0000][2236.349s][info ][safepoint     ] Total time for which application threads were stopped: 0.0004701 seconds, Stopping threads took: 0.0000695 seconds
[2022-02-07T17:28:55.330+0000][2236.356s][debug][safepoint     ] Safepoint synchronization initiated. (301 threads)
[2022-02-07T17:28:55.330+0000][2236.356s][info ][safepoint     ] Application time: 0.0067805 seconds
[2022-02-07T17:28:55.330+0000][2236.356s][info ][safepoint     ] Entering safepoint region: G1CollectForAllocation
[2022-02-07T17:28:55.331+0000][2236.357s][info ][gc,start      ] GC(183) Pause Young (Normal) (G1 Evacuation Pause)
[2022-02-07T17:28:55.331+0000][2236.357s][info ][gc,task       ] GC(183) Using 4 workers of 4 for evacuation
[2022-02-07T17:28:55.356+0000][2236.382s][info ][gc,phases     ] GC(183)   Pre Evacuate Collection Set: 0.0ms
[2022-02-07T17:28:55.356+0000][2236.382s][info ][gc,phases     ] GC(183)   Evacuate Collection Set: 20.2ms
[2022-02-07T17:28:55.356+0000][2236.382s][info ][gc,phases     ] GC(183)   Post Evacuate Collection Set: 4.4ms
[2022-02-07T17:28:55.356+0000][2236.382s][info ][gc,phases     ] GC(183)   Other: 0.3ms
[2022-02-07T17:28:55.356+0000][2236.382s][info ][gc,heap       ] GC(183) Eden regions: 235->0(235)
[2022-02-07T17:28:55.356+0000][2236.382s][info ][gc,heap       ] GC(183) Survivor regions: 1->1(30)
[2022-02-07T17:28:55.356+0000][2236.382s][info ][gc,heap       ] GC(183) Old regions: 149->149
[2022-02-07T17:28:55.356+0000][2236.382s][info ][gc,heap       ] GC(183) Humongous regions: 0->0
[2022-02-07T17:28:55.356+0000][2236.382s][info ][gc,metaspace  ] GC(183) Metaspace: 163367K->163367K(1206272K)
[2022-02-07T17:28:55.356+0000][2236.382s][info ][gc            ] GC(183) Pause Young (Normal) (G1 Evacuation Pause) 382M->148M(430M) 24.961ms
[2022-02-07T17:28:55.356+0000][2236.382s][info ][gc,cpu        ] GC(183) User=0.02s Sys=0.00s Real=0.02s
[2022-02-07T17:28:55.356+0000][2236.382s][info ][safepoint     ] Leaving safepoint region
[2022-02-07T17:28:55.356+0000][2236.382s][info ][safepoint     ] Total time for which application threads were stopped: 0.0258175 seconds, Stopping threads took: 0.0000629 seconds
[2022-02-07T17:28:55.358+0000][2236.384s][info ][gc,stringdedup] Concurrent String Deduplication (2236.384s)
[2022-02-07T17:28:55.358+0000][2236.384s][info ][gc,stringdedup] Concurrent String Deduplication 616.0B->0.0B(616.0B) avg 53.6% (2236.384s, 2236.384s) 0.036ms
[2022-02-07T17:28:56.356+0000][2237.382s][debug][safepoint     ] Safepoint synchronization initiated. (301 threads)
[2022-02-07T17:28:56.356+0000][2237.382s][info ][safepoint     ] Application time: 1.0001518 seconds
[2022-02-07T17:28:56.356+0000][2237.382s][info ][safepoint     ] Entering safepoint region: Cleanup
[2022-02-07T17:28:56.357+0000][2237.382s][info ][safepoint     ] Leaving safepoint region
[2022-02-07T17:28:56.357+0000][2237.383s][info ][safepoint     ] Total time for which application threads were stopped: 0.0003158 seconds, Stopping threads took: 0.0000726 seconds
[2022-02-07T17:28:57.357+0000][2238.383s][debug][safepoint     ] Safepoint synchronization initiated. (301 threads)
[2022-02-07T17:28:57.357+0000][2238.383s][info ][safepoint     ] Application time: 1.0001385 seconds
[2022-02-07T17:28:57.357+0000][2238.383s][info ][safepoint     ] Entering safepoint region: Cleanup
[2022-02-07T17:28:57.357+0000][2238.383s][info ][safepoint     ] Leaving safepoint region
[2022-02-07T17:28:57.357+0000][2238.383s][info ][safepoint     ] Total time for which application threads were stopped: 0.0004751 seconds, Stopping threads took: 0.0000739 seconds
[2022-02-07T17:28:58.357+0000][2239.383s][debug][safepoint     ] Safepoint synchronization initiated. (301 threads)
[2022-02-07T17:28:58.357+0000][2239.383s][info ][safepoint     ] Application time: 1.0001192 seconds
[2022-02-07T17:28:58.357+0000][2239.383s][info ][safepoint     ] Entering safepoint region: Cleanup
[2022-02-07T17:28:58.358+0000][2239.384s][info ][safepoint     ] Leaving safepoint region
[2022-02-07T17:28:58.358+0000][2239.384s][info ][safepoint     ] Total time for which application threads were stopped: 0.0003390 seconds, Stopping threads took: 0.0000711 seconds
[2022-02-07T17:28:59.358+0000][2240.384s][debug][safepoint     ] Safepoint synchronization initiated. (301 threads)
[2022-02-07T17:28:59.358+0000][2240.384s][info ][safepoint     ] Application time: 1.0001248 seconds
[2022-02-07T17:28:59.358+0000][2240.384s][info ][safepoint     ] Entering safepoint region: Cleanup
[2022-02-07T17:28:59.358+0000][2240.384s][info ][safepoint     ] Leaving safepoint region
[2022-02-07T17:28:59.358+0000][2240.384s][info ][safepoint     ] Total time for which application threads were stopped: 0.0004600 seconds, Stopping threads took: 0.0000703 seconds
[2022-02-07T17:29:00.358+0000][2241.384s][debug][safepoint     ] Safepoint synchronization initiated. (301 threads)
[2022-02-07T17:29:00.358+0000][2241.384s][info ][safepoint     ] Application time: 1.0001158 seconds
[2022-02-07T17:29:00.359+0000][2241.384s][info ][safepoint     ] Entering safepoint region: Cleanup
[2022-02-07T17:29:00.359+0000][2241.385s][info ][safepoint     ] Leaving safepoint region
[2022-02-07T17:29:00.359+0000][2241.385s][info ][safepoint     ] Total time for which application threads were stopped: 0.0004618 seconds, Stopping threads took: 0.0000748 seconds
[2022-02-07T17:29:01.359+0000][2242.385s][debug][safepoint     ] Safepoint synchronization initiated. (301 threads)
[2022-02-07T17:29:01.359+0000][2242.385s][info ][safepoint     ] Application time: 1.0001178 seconds
[2022-02-07T17:29:01.359+0000][2242.385s][info ][safepoint     ] Entering safepoint region: Cleanup
[2022-02-07T17:29:01.360+0000][2242.385s][info ][safepoint     ] Leaving safepoint region
[2022-02-07T17:29:01.360+0000][2242.385s][info ][safepoint     ] Total time for which application threads were stopped: 0.0004695 seconds, Stopping threads took: 0.0000721 seconds
[2022-02-07T17:29:02.360+0000][2243.386s][debug][safepoint     ] Safepoint synchronization initiated. (301 threads)
[2022-02-07T17:29:02.360+0000][2243.386s][info ][safepoint     ] Application time: 1.0001184 seconds
[2022-02-07T17:29:02.360+0000][2243.386s][info ][safepoint     ] Entering safepoint region: Cleanup
[2022-02-07T17:29:02.360+0000][2243.386s][info ][safepoint     ] Leaving safepoint region
[2022-02-07T17:29:02.360+0000][2243.386s][info ][safepoint     ] Total time for which application threads were stopped: 0.0003083 seconds, Stopping threads took: 0.0000682 seconds
[2022-02-07T17:29:03.361+0000][2244.386s][debug][safepoint     ] Safepoint synchronization initiated. (301 threads)
[2022-02-07T17:29:03.361+0000][2244.387s][info ][safepoint     ] Application time: 1.0006342 seconds
[2022-02-07T17:29:03.361+0000][2244.387s][info ][safepoint     ] Entering safepoint region: Cleanup
[2022-02-07T17:29:03.361+0000][2244.387s][info ][safepoint     ] Leaving safepoint region
[2022-02-07T17:29:03.361+0000][2244.387s][info ][safepoint     ] Total time for which application threads were stopped: 0.0005471 seconds, Stopping threads took: 0.0000856 seconds
[2022-02-07T17:29:04.361+0000][2245.387s][debug][safepoint     ] Safepoint synchronization initiated. (301 threads)
[2022-02-07T17:29:04.361+0000][2245.387s][info ][safepoint     ] Application time: 1.0001467 seconds
[2022-02-07T17:29:04.361+0000][2245.387s][info ][safepoint     ] Entering safepoint region: Cleanup
[2022-02-07T17:29:04.362+0000][2245.388s][info ][safepoint     ] Leaving safepoint region
[2022-02-07T17:29:04.362+0000][2245.388s][info ][safepoint     ] Total time for which application threads were stopped: 0.0003138 seconds, Stopping threads took: 0.0000674 seconds
[2022-02-07T17:29:05.362+0000][2246.388s][debug][safepoint     ] Safepoint synchronization initiated. (301 threads)
[2022-02-07T17:29:05.362+0000][2246.388s][info ][safepoint     ] Application time: 1.0001379 seconds
[2022-02-07T17:29:05.362+0000][2246.388s][info ][safepoint     ] Entering safepoint region: Cleanup
[2022-02-07T17:29:05.362+0000][2246.388s][info ][safepoint     ] Leaving safepoint region
[2022-02-07T17:29:05.362+0000][2246.388s][info ][safepoint     ] Total time for which application threads were stopped: 0.0003531 seconds, Stopping threads took: 0.0000689 seconds
[2022-02-07T17:29:06.362+0000][2247.388s][debug][safepoint     ] Safepoint synchronization initiated. (301 threads)
[2022-02-07T17:29:06.362+0000][2247.388s][info ][safepoint     ] Application time: 1.0001200 seconds
[2022-02-07T17:29:06.362+0000][2247.388s][info ][safepoint     ] Entering safepoint region: Cleanup
[2022-02-07T17:29:06.363+0000][2247.388s][info ][safepoint     ] Leaving safepoint region
[2022-02-07T17:29:06.363+0000][2247.389s][info ][safepoint     ] Total time for which application threads were stopped: 0.0002958 seconds, Stopping threads took: 0.0000715 seconds
[2022-02-07T17:29:07.363+0000][2248.389s][debug][safepoint     ] Safepoint synchronization initiated. (301 threads)
[2022-02-07T17:29:07.363+0000][2248.389s][info ][safepoint     ] Application time: 1.0001306 seconds
[2022-02-07T17:29:07.363+0000][2248.389s][debug][safepoint     ] ... found polling page loop exception at pc = 0x00007f11b537be09, stub =0x00007f11ac8be900
[2022-02-07T17:29:07.363+0000][2248.389s][debug][safepoint     ] Waiting for 1 thread(s) to block
[2022-02-07T17:29:07.363+0000][2248.389s][info ][safepoint     ] Entering safepoint region: Cleanup
[2022-02-07T17:29:07.363+0000][2248.389s][info ][safepoint     ] Leaving safepoint region
[2022-02-07T17:29:07.363+0000][2248.389s][info ][safepoint     ] Total time for which application threads were stopped: 0.0005724 seconds, Stopping threads took: 0.0001034 seconds
[2022-02-07T17:29:08.363+0000][2249.389s][debug][safepoint     ] Safepoint synchronization initiated. (301 threads)
[2022-02-07T17:29:08.363+0000][2249.389s][info ][safepoint     ] Application time: 1.0001188 seconds
[2022-02-07T17:29:08.364+0000][2249.389s][info ][safepoint     ] Entering safepoint region: Cleanup
[2022-02-07T17:29:08.364+0000][2249.390s][info ][safepoint     ] Leaving safepoint region
[2022-02-07T17:29:08.364+0000][2249.390s][info ][safepoint     ] Total time for which application threads were stopped: 0.0003607 seconds, Stopping threads took: 0.0000902 seconds
[2022-02-07T17:29:09.364+0000][2250.390s][debug][safepoint     ] Safepoint synchronization initiated. (301 threads)
[2022-02-07T17:29:09.364+0000][2250.390s][info ][safepoint     ] Application time: 1.0001314 seconds
[2022-02-07T17:29:09.364+0000][2250.390s][info ][safepoint     ] Entering safepoint region: Cleanup
[2022-02-07T17:29:09.364+0000][2250.390s][info ][safepoint     ] Leaving safepoint region
[2022-02-07T17:29:09.364+0000][2250.390s][info ][safepoint     ] Total time for which application threads were stopped: 0.0003105 seconds, Stopping threads took: 0.0000689 seconds
[2022-02-07T17:29:09.857+0000][2250.882s][debug][safepoint     ] Safepoint synchronization initiated. (301 threads)
[2022-02-07T17:29:09.857+0000][2250.882s][info ][safepoint     ] Application time: 0.4922882 seconds
[2022-02-07T17:29:09.857+0000][2250.883s][info ][safepoint     ] Entering safepoint region: G1CollectForAllocation
[2022-02-07T17:29:09.857+0000][2250.883s][info ][gc,start      ] GC(184) Pause Young (Normal) (G1 Evacuation Pause)
[2022-02-07T17:29:09.857+0000][2250.883s][info ][gc,task       ] GC(184) Using 4 workers of 4 for evacuation
[2022-02-07T17:29:09.882+0000][2250.908s][info ][gc,phases     ] GC(184)   Pre Evacuate Collection Set: 0.0ms
[2022-02-07T17:29:09.882+0000][2250.908s][info ][gc,phases     ] GC(184)   Evacuate Collection Set: 15.7ms
[2022-02-07T17:29:09.882+0000][2250.908s][info ][gc,phases     ] GC(184)   Post Evacuate Collection Set: 8.8ms
[2022-02-07T17:29:09.882+0000][2250.908s][info ][gc,phases     ] GC(184)   Other: 0.3ms
[2022-02-07T17:29:09.882+0000][2250.908s][info ][gc,heap       ] GC(184) Eden regions: 235->0(235)
[2022-02-07T17:29:09.882+0000][2250.908s][info ][gc,heap       ] GC(184) Survivor regions: 1->1(30)
[2022-02-07T17:29:09.882+0000][2250.908s][info ][gc,heap       ] GC(184) Old regions: 149->149
[2022-02-07T17:29:09.882+0000][2250.908s][info ][gc,heap       ] GC(184) Humongous regions: 0->0
[2022-02-07T17:29:09.882+0000][2250.908s][info ][gc,metaspace  ] GC(184) Metaspace: 163368K->163368K(1206272K)
[2022-02-07T17:29:09.882+0000][2250.908s][info ][gc            ] GC(184) Pause Young (Normal) (G1 Evacuation Pause) 383M->148M(430M) 24.905ms
[2022-02-07T17:29:09.882+0000][2250.908s][info ][gc,cpu        ] GC(184) User=0.02s Sys=0.00s Real=0.03s
[2022-02-07T17:29:09.882+0000][2250.908s][info ][safepoint     ] Leaving safepoint region
[2022-02-07T17:29:09.882+0000][2250.908s][info ][safepoint     ] Total time for which application threads were stopped: 0.0253499 seconds, Stopping threads took: 0.0000691 seconds
[2022-02-07T17:29:09.882+0000][2250.908s][info ][gc,stringdedup] Concurrent String Deduplication (2250.908s)
[2022-02-07T17:29:09.882+0000][2250.908s][info ][gc,stringdedup] Concurrent String Deduplication 456.0B->0.0B(456.0B) avg 53.6% (2250.908s, 2250.908s) 0.028ms
[2022-02-07T17:29:10.882+0000][2251.908s][debug][safepoint     ] Safepoint synchronization initiated. (301 threads)
[2022-02-07T17:29:10.882+0000][2251.908s][info ][safepoint     ] Application time: 1.0001299 seconds
[2022-02-07T17:29:10.882+0000][2251.908s][info ][safepoint     ] Entering safepoint region: Cleanup
[2022-02-07T17:29:10.882+0000][2251.908s][info ][safepoint     ] Leaving safepoint region
[2022-02-07T17:29:10.882+0000][2251.908s][info ][safepoint     ] Total time for which application threads were stopped: 0.0003136 seconds, Stopping threads took: 0.0000712 seconds
[2022-02-07T17:29:11.883+0000][2252.908s][debug][safepoint     ] Safepoint synchronization initiated. (301 threads)
[2022-02-07T17:29:11.883+0000][2252.908s][info ][safepoint     ] Application time: 1.0001193 seconds
[2022-02-07T17:29:11.883+0000][2252.909s][info ][safepoint     ] Entering safepoint region: Cleanup
[2022-02-07T17:29:11.883+0000][2252.909s][info ][safepoint     ] Leaving safepoint region
[2022-02-07T17:29:11.883+0000][2252.909s][info ][safepoint     ] Total time for which application threads were stopped: 0.0003352 seconds, Stopping threads took: 0.0000749 seconds
[2022-02-07T17:29:12.883+0000][2253.909s][debug][safepoint     ] Safepoint synchronization initiated. (301 threads)
[2022-02-07T17:29:12.883+0000][2253.909s][info ][safepoint     ] Application time: 1.0001068 seconds
[2022-02-07T17:29:12.883+0000][2253.909s][info ][safepoint     ] Entering safepoint region: Cleanup
[2022-02-07T17:29:12.883+0000][2253.909s][info ][safepoint     ] Leaving safepoint region
[2022-02-07T17:29:12.883+0000][2253.909s][info ][safepoint     ] Total time for which application threads were stopped: 0.0003216 seconds, Stopping threads took: 0.0000680 seconds
[2022-02-07T17:29:13.883+0000][2254.909s][debug][safepoint     ] Safepoint synchronization initiated. (301 threads)
[2022-02-07T17:29:13.884+0000][2254.909s][info ][safepoint     ] Application time: 1.0001344 seconds
[2022-02-07T17:29:13.884+0000][2254.909s][info ][safepoint     ] Entering safepoint region: Cleanup
[2022-02-07T17:29:13.884+0000][2254.910s][info ][safepoint     ] Leaving safepoint region
[2022-02-07T17:29:13.884+0000][2254.910s][info ][safepoint     ] Total time for which application threads were stopped: 0.0003232 seconds, Stopping threads took: 0.0000766 seconds
[2022-02-07T17:29:14.884+0000][2255.910s][debug][safepoint     ] Safepoint synchronization initiated. (301 threads)
[2022-02-07T17:29:14.884+0000][2255.910s][info ][safepoint     ] Application time: 1.0001218 seconds
[2022-02-07T17:29:14.884+0000][2255.910s][info ][safepoint     ] Entering safepoint region: Cleanup
[2022-02-07T17:29:14.884+0000][2255.910s][info ][safepoint     ] Leaving safepoint region
[2022-02-07T17:29:14.884+0000][2255.910s][info ][safepoint     ] Total time for which application threads were stopped: 0.0003089 seconds, Stopping threads took: 0.0000700 seconds
[2022-02-07T17:29:15.884+0000][2256.910s][debug][safepoint     ] Safepoint synchronization initiated. (301 threads)
[2022-02-07T17:29:15.884+0000][2256.910s][info ][safepoint     ] Application time: 1.0001219 seconds
[2022-02-07T17:29:15.884+0000][2256.910s][debug][safepoint     ] ... found polling page return exception at pc = 0x00007f11b4b0a670, stub =0x00007f11ac8beb80
[2022-02-07T17:29:15.884+0000][2256.910s][debug][safepoint     ] Waiting for 1 thread(s) to block
[2022-02-07T17:29:15.885+0000][2256.910s][info ][safepoint     ] Entering safepoint region: Cleanup
[2022-02-07T17:29:15.885+0000][2256.911s][info ][safepoint     ] Leaving safepoint region
[2022-02-07T17:29:15.885+0000][2256.911s][info ][safepoint     ] Total time for which application threads were stopped: 0.0003395 seconds, Stopping threads took: 0.0001085 seconds
[2022-02-07T17:29:16.885+0000][2257.911s][debug][safepoint     ] Safepoint synchronization initiated. (301 threads)
[2022-02-07T17:29:16.885+0000][2257.911s][info ][safepoint     ] Application time: 1.0001953 seconds
[2022-02-07T17:29:16.885+0000][2257.911s][info ][safepoint     ] Entering safepoint region: Cleanup
[2022-02-07T17:29:16.885+0000][2257.911s][info ][safepoint     ] Leaving safepoint region
[2022-02-07T17:29:16.885+0000][2257.911s][info ][safepoint     ] Total time for which application threads were stopped: 0.0003677 seconds, Stopping threads took: 0.0000890 seconds
[2022-02-07T17:29:17.885+0000][2258.911s][debug][safepoint     ] Safepoint synchronization initiated. (301 threads)
[2022-02-07T17:29:17.885+0000][2258.911s][info ][safepoint     ] Application time: 1.0001134 seconds
[2022-02-07T17:29:17.886+0000][2258.911s][info ][safepoint     ] Entering safepoint region: Cleanup
[2022-02-07T17:29:17.886+0000][2258.912s][info ][safepoint     ] Leaving safepoint region
[2022-02-07T17:29:17.886+0000][2258.912s][info ][safepoint     ] Total time for which application threads were stopped: 0.0004471 seconds, Stopping threads took: 0.0000764 seconds
[2022-02-07T17:29:18.886+0000][2259.912s][debug][safepoint     ] Safepoint synchronization initiated. (301 threads)
[2022-02-07T17:29:18.886+0000][2259.912s][info ][safepoint     ] Application time: 1.0001405 seconds
[2022-02-07T17:29:18.886+0000][2259.912s][info ][safepoint     ] Entering safepoint region: Cleanup
[2022-02-07T17:29:18.887+0000][2259.912s][info ][safepoint     ] Leaving safepoint region
[2022-02-07T17:29:18.887+0000][2259.912s][info ][safepoint     ] Total time for which application threads were stopped: 0.0004649 seconds, Stopping threads took: 0.0000729 seconds
[2022-02-07T17:29:19.887+0000][2260.912s][debug][safepoint     ] Safepoint synchronization initiated. (301 threads)
[2022-02-07T17:29:19.887+0000][2260.913s][info ][safepoint     ] Application time: 1.0001072 seconds
[2022-02-07T17:29:19.887+0000][2260.913s][info ][safepoint     ] Entering safepoint region: Cleanup
[2022-02-07T17:29:19.887+0000][2260.913s][info ][safepoint     ] Leaving safepoint region
[2022-02-07T17:29:19.887+0000][2260.913s][info ][safepoint     ] Total time for which application threads were stopped: 0.0004444 seconds, Stopping threads took: 0.0000705 seconds
[2022-02-07T17:29:20.887+0000][2261.913s][debug][safepoint     ] Safepoint synchronization initiated. (301 threads)
[2022-02-07T17:29:20.887+0000][2261.913s][info ][safepoint     ] Application time: 1.0001323 seconds
[2022-02-07T17:29:20.887+0000][2261.913s][info ][safepoint     ] Entering safepoint region: Cleanup
[2022-02-07T17:29:20.888+0000][2261.914s][info ][safepoint     ] Leaving safepoint region
[2022-02-07T17:29:20.888+0000][2261.914s][info ][safepoint     ] Total time for which application threads were stopped: 0.0004564 seconds, Stopping threads took: 0.0000750 seconds
[2022-02-07T17:29:21.888+0000][2262.914s][debug][safepoint     ] Safepoint synchronization initiated. (301 threads)
[2022-02-07T17:29:21.888+0000][2262.914s][info ][safepoint     ] Application time: 1.0001214 seconds
[2022-02-07T17:29:21.888+0000][2262.914s][info ][safepoint     ] Entering safepoint region: Cleanup
[2022-02-07T17:29:21.888+0000][2262.914s][info ][safepoint     ] Leaving safepoint region
[2022-02-07T17:29:21.888+0000][2262.914s][info ][safepoint     ] Total time for which application threads were stopped: 0.0004488 seconds, Stopping threads took: 0.0000705 seconds
[2022-02-07T17:29:22.888+0000][2263.914s][debug][safepoint     ] Safepoint synchronization initiated. (301 threads)
[2022-02-07T17:29:22.888+0000][2263.914s][info ][safepoint     ] Application time: 1.0001184 seconds
[2022-02-07T17:29:22.888+0000][2263.914s][info ][safepoint     ] Entering safepoint region: Cleanup
[2022-02-07T17:29:22.889+0000][2263.915s][info ][safepoint     ] Leaving safepoint region
[2022-02-07T17:29:22.889+0000][2263.915s][info ][safepoint     ] Total time for which application threads were stopped: 0.0004383 seconds, Stopping threads took: 0.0000686 seconds
[2022-02-07T17:29:23.889+0000][2264.915s][debug][safepoint     ] Safepoint synchronization initiated. (301 threads)
[2022-02-07T17:29:23.889+0000][2264.915s][info ][safepoint     ] Application time: 1.0001047 seconds
[2022-02-07T17:29:23.889+0000][2264.915s][info ][safepoint     ] Entering safepoint region: Cleanup
[2022-02-07T17:29:23.889+0000][2264.915s][info ][safepoint     ] Leaving safepoint region
[2022-02-07T17:29:23.889+0000][2264.915s][info ][safepoint     ] Total time for which application threads were stopped: 0.0004464 seconds, Stopping threads took: 0.0000687 seconds
[2022-02-07T17:29:24.890+0000][2265.915s][debug][safepoint     ] Safepoint synchronization initiated. (301 threads)
[2022-02-07T17:29:24.890+0000][2265.915s][info ][safepoint     ] Application time: 1.0001165 seconds
[2022-02-07T17:29:24.890+0000][2265.915s][info ][safepoint     ] Entering safepoint region: Cleanup
[2022-02-07T17:29:24.890+0000][2265.916s][info ][safepoint     ] Leaving safepoint region
[2022-02-07T17:29:24.890+0000][2265.916s][info ][safepoint     ] Total time for which application threads were stopped: 0.0004353 seconds, Stopping threads took: 0.0000680 seconds
[2022-02-07T17:29:25.890+0000][2266.916s][debug][safepoint     ] Safepoint synchronization initiated. (301 threads)
[2022-02-07T17:29:25.890+0000][2266.916s][info ][safepoint     ] Application time: 1.0001351 seconds
[2022-02-07T17:29:25.890+0000][2266.916s][info ][safepoint     ] Entering safepoint region: Cleanup
[2022-02-07T17:29:25.891+0000][2266.916s][info ][safepoint     ] Leaving safepoint region
[2022-02-07T17:29:25.891+0000][2266.916s][info ][safepoint     ] Total time for which application threads were stopped: 0.0004473 seconds, Stopping threads took: 0.0000701 seconds
[2022-02-07T17:29:26.429+0000][2267.455s][debug][safepoint     ] Safepoint synchronization initiated. (301 threads)
[2022-02-07T17:29:26.429+0000][2267.455s][info ][safepoint     ] Application time: 0.5382026 seconds
[2022-02-07T17:29:26.429+0000][2267.455s][info ][safepoint     ] Entering safepoint region: G1CollectForAllocation
[2022-02-07T17:29:26.429+0000][2267.455s][info ][gc,start      ] GC(185) Pause Young (Normal) (G1 Evacuation Pause)
[2022-02-07T17:29:26.429+0000][2267.455s][info ][gc,task       ] GC(185) Using 4 workers of 4 for evacuation
[2022-02-07T17:29:26.450+0000][2267.476s][info ][gc,phases     ] GC(185)   Pre Evacuate Collection Set: 0.0ms
[2022-02-07T17:29:26.451+0000][2267.476s][info ][gc,phases     ] GC(185)   Evacuate Collection Set: 12.2ms
[2022-02-07T17:29:26.451+0000][2267.476s][info ][gc,phases     ] GC(185)   Post Evacuate Collection Set: 8.6ms
[2022-02-07T17:29:26.451+0000][2267.476s][info ][gc,phases     ] GC(185)   Other: 0.3ms
[2022-02-07T17:29:26.451+0000][2267.476s][info ][gc,heap       ] GC(185) Eden regions: 235->0(235)
[2022-02-07T17:29:26.451+0000][2267.476s][info ][gc,heap       ] GC(185) Survivor regions: 1->1(30)
[2022-02-07T17:29:26.451+0000][2267.476s][info ][gc,heap       ] GC(185) Old regions: 149->149
[2022-02-07T17:29:26.451+0000][2267.476s][info ][gc,heap       ] GC(185) Humongous regions: 0->0
[2022-02-07T17:29:26.451+0000][2267.476s][info ][gc,metaspace  ] GC(185) Metaspace: 163378K->163378K(1206272K)
[2022-02-07T17:29:26.451+0000][2267.476s][info ][gc            ] GC(185) Pause Young (Normal) (G1 Evacuation Pause) 383M->148M(430M) 21.265ms
[2022-02-07T17:29:26.451+0000][2267.477s][info ][gc,cpu        ] GC(185) User=0.03s Sys=0.00s Real=0.02s
[2022-02-07T17:29:26.451+0000][2267.477s][info ][safepoint     ] Leaving safepoint region
[2022-02-07T17:29:26.451+0000][2267.477s][info ][safepoint     ] Total time for which application threads were stopped: 0.0218879 seconds, Stopping threads took: 0.0000731 seconds
[2022-02-07T17:29:26.451+0000][2267.477s][info ][gc,stringdedup] Concurrent String Deduplication (2267.477s)
[2022-02-07T17:29:26.451+0000][2267.477s][info ][gc,stringdedup] Concurrent String Deduplication 456.0B->0.0B(456.0B) avg 53.6% (2267.477s, 2267.477s) 0.046ms
[2022-02-07T17:29:27.451+0000][2268.477s][debug][safepoint     ] Safepoint synchronization initiated. (301 threads)
[2022-02-07T17:29:27.451+0000][2268.477s][info ][safepoint     ] Application time: 1.0001451 seconds
[2022-02-07T17:29:27.451+0000][2268.477s][info ][safepoint     ] Entering safepoint region: Cleanup
[2022-02-07T17:29:27.451+0000][2268.477s][info ][safepoint     ] Leaving safepoint region
[2022-02-07T17:29:27.451+0000][2268.477s][info ][safepoint     ] Total time for which application threads were stopped: 0.0004571 seconds, Stopping threads took: 0.0000735 seconds
[2022-02-07T17:29:28.451+0000][2269.477s][debug][safepoint     ] Safepoint synchronization initiated. (301 threads)
[2022-02-07T17:29:28.451+0000][2269.477s][info ][safepoint     ] Application time: 1.0001371 seconds
[2022-02-07T17:29:28.452+0000][2269.477s][info ][safepoint     ] Entering safepoint region: Cleanup
[2022-02-07T17:29:28.452+0000][2269.478s][info ][safepoint     ] Leaving safepoint region
[2022-02-07T17:29:28.452+0000][2269.478s][info ][safepoint     ] Total time for which application threads were stopped: 0.0004537 seconds, Stopping threads took: 0.0000739 seconds
[2022-02-07T17:29:29.452+0000][2270.478s][debug][safepoint     ] Safepoint synchronization initiated. (301 threads)
[2022-02-07T17:29:29.452+0000][2270.478s][info ][safepoint     ] Application time: 1.0001139 seconds
[2022-02-07T17:29:29.452+0000][2270.478s][info ][safepoint     ] Entering safepoint region: Cleanup
[2022-02-07T17:29:29.453+0000][2270.478s][info ][safepoint     ] Leaving safepoint region
[2022-02-07T17:29:29.453+0000][2270.478s][info ][safepoint     ] Total time for which application threads were stopped: 0.0004323 seconds, Stopping threads took: 0.0000692 seconds
[2022-02-07T17:29:30.453+0000][2271.478s][debug][safepoint     ] Safepoint synchronization initiated. (301 threads)
[2022-02-07T17:29:30.453+0000][2271.479s][info ][safepoint     ] Application time: 1.0001327 seconds
[2022-02-07T17:29:30.453+0000][2271.479s][info ][safepoint     ] Entering safepoint region: Cleanup
[2022-02-07T17:29:30.453+0000][2271.479s][info ][safepoint     ] Leaving safepoint region
[2022-02-07T17:29:30.453+0000][2271.479s][info ][safepoint     ] Total time for which application threads were stopped: 0.0004635 seconds, Stopping threads took: 0.0000731 seconds
[2022-02-07T17:29:31.453+0000][2272.479s][debug][safepoint     ] Safepoint synchronization initiated. (301 threads)
[2022-02-07T17:29:31.453+0000][2272.479s][info ][safepoint     ] Application time: 1.0001129 seconds
[2022-02-07T17:29:31.453+0000][2272.479s][info ][safepoint     ] Entering safepoint region: Cleanup
[2022-02-07T17:29:31.454+0000][2272.480s][info ][safepoint     ] Leaving safepoint region
[2022-02-07T17:29:31.454+0000][2272.480s][info ][safepoint     ] Total time for which application threads were stopped: 0.0004353 seconds, Stopping threads took: 0.0000684 seconds
[2022-02-07T17:29:32.454+0000][2273.480s][debug][safepoint     ] Safepoint synchronization initiated. (301 threads)
[2022-02-07T17:29:32.454+0000][2273.480s][info ][safepoint     ] Application time: 1.0001181 seconds
[2022-02-07T17:29:32.454+0000][2273.480s][info ][safepoint     ] Entering safepoint region: Cleanup
[2022-02-07T17:29:32.454+0000][2273.480s][info ][safepoint     ] Leaving safepoint region
[2022-02-07T17:29:32.454+0000][2273.480s][info ][safepoint     ] Total time for which application threads were stopped: 0.0004439 seconds, Stopping threads took: 0.0000709 seconds
[2022-02-07T17:29:33.454+0000][2274.480s][debug][safepoint     ] Safepoint synchronization initiated. (301 threads)
[2022-02-07T17:29:33.454+0000][2274.480s][info ][safepoint     ] Application time: 1.0001154 seconds
[2022-02-07T17:29:33.454+0000][2274.480s][info ][safepoint     ] Entering safepoint region: Cleanup
[2022-02-07T17:29:33.455+0000][2274.481s][info ][safepoint     ] Leaving safepoint region
[2022-02-07T17:29:33.455+0000][2274.481s][info ][safepoint     ] Total time for which application threads were stopped: 0.0004456 seconds, Stopping threads took: 0.0000705 seconds
[2022-02-07T17:29:34.455+0000][2275.481s][debug][safepoint     ] Safepoint synchronization initiated. (301 threads)
[2022-02-07T17:29:34.455+0000][2275.481s][info ][safepoint     ] Application time: 1.0001161 seconds
[2022-02-07T17:29:34.455+0000][2275.481s][info ][safepoint     ] Entering safepoint region: Cleanup
[2022-02-07T17:29:34.455+0000][2275.481s][info ][safepoint     ] Leaving safepoint region
[2022-02-07T17:29:34.455+0000][2275.481s][info ][safepoint     ] Total time for which application threads were stopped: 0.0004515 seconds, Stopping threads took: 0.0000680 seconds
[2022-02-07T17:29:35.456+0000][2276.481s][debug][safepoint     ] Safepoint synchronization initiated. (301 threads)
[2022-02-07T17:29:35.456+0000][2276.481s][info ][safepoint     ] Application time: 1.0001175 seconds
[2022-02-07T17:29:35.456+0000][2276.482s][info ][safepoint     ] Entering safepoint region: Cleanup
[2022-02-07T17:29:35.456+0000][2276.482s][info ][safepoint     ] Leaving safepoint region
[2022-02-07T17:29:35.456+0000][2276.482s][info ][safepoint     ] Total time for which application threads were stopped: 0.0004378 seconds, Stopping threads took: 0.0000696 seconds
[2022-02-07T17:29:36.456+0000][2277.482s][debug][safepoint     ] Safepoint synchronization initiated. (301 threads)
[2022-02-07T17:29:36.456+0000][2277.482s][info ][safepoint     ] Application time: 1.0001329 seconds
[2022-02-07T17:29:36.456+0000][2277.482s][info ][safepoint     ] Entering safepoint region: Cleanup
[2022-02-07T17:29:36.457+0000][2277.482s][info ][safepoint     ] Leaving safepoint region
[2022-02-07T17:29:36.457+0000][2277.482s][info ][safepoint     ] Total time for which application threads were stopped: 0.0004357 seconds, Stopping threads took: 0.0000688 seconds
[2022-02-07T17:29:37.457+0000][2278.483s][debug][safepoint     ] Safepoint synchronization initiated. (301 threads)
[2022-02-07T17:29:37.457+0000][2278.483s][info ][safepoint     ] Application time: 1.0001179 seconds
[2022-02-07T17:29:37.457+0000][2278.483s][info ][safepoint     ] Entering safepoint region: Cleanup
[2022-02-07T17:29:37.457+0000][2278.483s][info ][safepoint     ] Leaving safepoint region
[2022-02-07T17:29:37.457+0000][2278.483s][info ][safepoint     ] Total time for which application threads were stopped: 0.0004384 seconds, Stopping threads took: 0.0000711 seconds
[2022-02-07T17:29:38.457+0000][2279.483s][debug][safepoint     ] Safepoint synchronization initiated. (301 threads)
[2022-02-07T17:29:38.457+0000][2279.483s][info ][safepoint     ] Application time: 1.0001511 seconds
[2022-02-07T17:29:38.457+0000][2279.483s][info ][safepoint     ] Entering safepoint region: Cleanup
[2022-02-07T17:29:38.458+0000][2279.484s][info ][safepoint     ] Leaving safepoint region
[2022-02-07T17:29:38.458+0000][2279.484s][info ][safepoint     ] Total time for which application threads were stopped: 0.0003216 seconds, Stopping threads took: 0.0000707 seconds
[2022-02-07T17:29:39.458+0000][2280.484s][debug][safepoint     ] Safepoint synchronization initiated. (301 threads)
[2022-02-07T17:29:39.458+0000][2280.484s][info ][safepoint     ] Application time: 1.0001184 seconds
[2022-02-07T17:29:39.458+0000][2280.484s][info ][safepoint     ] Entering safepoint region: Cleanup
[2022-02-07T17:29:39.458+0000][2280.484s][info ][safepoint     ] Leaving safepoint region
[2022-02-07T17:29:39.458+0000][2280.484s][info ][safepoint     ] Total time for which application threads were stopped: 0.0002517 seconds, Stopping threads took: 0.0000627 seconds
[2022-02-07T17:29:40.458+0000][2281.484s][debug][safepoint     ] Safepoint synchronization initiated. (301 threads)
[2022-02-07T17:29:40.458+0000][2281.484s][info ][safepoint     ] Application time: 1.0001010 seconds
[2022-02-07T17:29:40.458+0000][2281.484s][info ][safepoint     ] Entering safepoint region: Cleanup
[2022-02-07T17:29:40.458+0000][2281.484s][info ][safepoint     ] Leaving safepoint region
[2022-02-07T17:29:40.458+0000][2281.484s][info ][safepoint     ] Total time for which application threads were stopped: 0.0002532 seconds, Stopping threads took: 0.0000604 seconds
[2022-02-07T17:29:41.459+0000][2282.484s][debug][safepoint     ] Safepoint synchronization initiated. (301 threads)
[2022-02-07T17:29:41.459+0000][2282.484s][info ][safepoint     ] Application time: 1.0001132 seconds
[2022-02-07T17:29:41.459+0000][2282.484s][info ][safepoint     ] Entering safepoint region: Cleanup
[2022-02-07T17:29:41.459+0000][2282.485s][info ][safepoint     ] Leaving safepoint region
[2022-02-07T17:29:41.459+0000][2282.485s][info ][safepoint     ] Total time for which application threads were stopped: 0.0002653 seconds, Stopping threads took: 0.0000649 seconds
[2022-02-07T17:29:42.459+0000][2283.485s][debug][safepoint     ] Safepoint synchronization initiated. (301 threads)
[2022-02-07T17:29:42.459+0000][2283.485s][info ][safepoint     ] Application time: 1.0001314 seconds
[2022-02-07T17:29:42.459+0000][2283.485s][debug][safepoint     ] Waiting for 1 thread(s) to block
[2022-02-07T17:29:42.459+0000][2283.485s][info ][safepoint     ] Entering safepoint region: Cleanup
[2022-02-07T17:29:42.459+0000][2283.485s][info ][safepoint     ] Leaving safepoint region
[2022-02-07T17:29:42.459+0000][2283.485s][info ][safepoint     ] Total time for which application threads were stopped: 0.0003292 seconds, Stopping threads took: 0.0000903 seconds
[2022-02-07T17:29:43.459+0000][2284.485s][debug][safepoint     ] Safepoint synchronization initiated. (301 threads)
[2022-02-07T17:29:43.459+0000][2284.485s][info ][safepoint     ] Application time: 1.0001379 seconds
[2022-02-07T17:29:43.460+0000][2284.485s][info ][safepoint     ] Entering safepoint region: Cleanup
[2022-02-07T17:29:43.460+0000][2284.486s][info ][safepoint     ] Leaving safepoint region
[2022-02-07T17:29:43.460+0000][2284.486s][info ][safepoint     ] Total time for which application threads were stopped: 0.0003198 seconds, Stopping threads took: 0.0000722 seconds
[2022-02-07T17:29:44.198+0000][2285.224s][debug][safepoint     ] Safepoint synchronization initiated. (301 threads)
[2022-02-07T17:29:44.198+0000][2285.224s][info ][safepoint     ] Application time: 0.7383160 seconds
[2022-02-07T17:29:44.198+0000][2285.224s][info ][safepoint     ] Entering safepoint region: G1CollectForAllocation
[2022-02-07T17:29:44.198+0000][2285.224s][info ][gc,start      ] GC(186) Pause Young (Normal) (G1 Evacuation Pause)
[2022-02-07T17:29:44.198+0000][2285.224s][info ][gc,task       ] GC(186) Using 4 workers of 4 for evacuation
[2022-02-07T17:29:44.206+0000][2285.232s][info ][gc,phases     ] GC(186)   Pre Evacuate Collection Set: 0.0ms
[2022-02-07T17:29:44.206+0000][2285.232s][info ][gc,phases     ] GC(186)   Evacuate Collection Set: 3.5ms
[2022-02-07T17:29:44.206+0000][2285.232s][info ][gc,phases     ] GC(186)   Post Evacuate Collection Set: 4.1ms
[2022-02-07T17:29:44.206+0000][2285.232s][info ][gc,phases     ] GC(186)   Other: 0.2ms
[2022-02-07T17:29:44.206+0000][2285.232s][info ][gc,heap       ] GC(186) Eden regions: 235->0(235)
[2022-02-07T17:29:44.206+0000][2285.232s][info ][gc,heap       ] GC(186) Survivor regions: 1->1(30)
[2022-02-07T17:29:44.206+0000][2285.232s][info ][gc,heap       ] GC(186) Old regions: 149->150
[2022-02-07T17:29:44.206+0000][2285.232s][info ][gc,heap       ] GC(186) Humongous regions: 0->0
[2022-02-07T17:29:44.206+0000][2285.232s][info ][gc,metaspace  ] GC(186) Metaspace: 163378K->163378K(1206272K)
[2022-02-07T17:29:44.206+0000][2285.232s][info ][gc            ] GC(186) Pause Young (Normal) (G1 Evacuation Pause) 383M->148M(430M) 7.951ms
[2022-02-07T17:29:44.206+0000][2285.232s][info ][gc,cpu        ] GC(186) User=0.01s Sys=0.00s Real=0.01s
[2022-02-07T17:29:44.206+0000][2285.232s][info ][safepoint     ] Leaving safepoint region
[2022-02-07T17:29:44.206+0000][2285.232s][info ][safepoint     ] Total time for which application threads were stopped: 0.0083232 seconds, Stopping threads took: 0.0000666 seconds
[2022-02-07T17:29:44.206+0000][2285.232s][info ][gc,stringdedup] Concurrent String Deduplication (2285.232s)
[2022-02-07T17:29:44.207+0000][2285.232s][info ][gc,stringdedup] Concurrent String Deduplication 296.0B->0.0B(296.0B) avg 53.6% (2285.232s, 2285.232s) 0.031ms
[2022-02-07T17:29:45.207+0000][2286.232s][debug][safepoint     ] Safepoint synchronization initiated. (301 threads)
[2022-02-07T17:29:45.207+0000][2286.232s][info ][safepoint     ] Application time: 1.0001418 seconds
[2022-02-07T17:29:45.207+0000][2286.233s][info ][safepoint     ] Entering safepoint region: Cleanup
[2022-02-07T17:29:45.207+0000][2286.233s][info ][safepoint     ] Leaving safepoint region
[2022-02-07T17:29:45.207+0000][2286.233s][info ][safepoint     ] Total time for which application threads were stopped: 0.0003173 seconds, Stopping threads took: 0.0000770 seconds
[2022-02-07T17:29:46.207+0000][2287.233s][debug][safepoint     ] Safepoint synchronization initiated. (301 threads)
[2022-02-07T17:29:46.207+0000][2287.233s][info ][safepoint     ] Application time: 1.0000993 seconds
[2022-02-07T17:29:46.207+0000][2287.233s][debug][safepoint     ] ... found polling page return exception at pc = 0x00007f11b523e430, stub =0x00007f11ac8beb80
[2022-02-07T17:29:46.207+0000][2287.233s][debug][safepoint     ] Waiting for 1 thread(s) to block
[2022-02-07T17:29:46.207+0000][2287.233s][info ][safepoint     ] Entering safepoint region: Cleanup
[2022-02-07T17:29:46.207+0000][2287.233s][info ][safepoint     ] Leaving safepoint region
[2022-02-07T17:29:46.207+0000][2287.233s][info ][safepoint     ] Total time for which application threads were stopped: 0.0003615 seconds, Stopping threads took: 0.0001060 seconds
[2022-02-07T17:29:47.208+0000][2288.233s][debug][safepoint     ] Safepoint synchronization initiated. (301 threads)
[2022-02-07T17:29:47.208+0000][2288.234s][info ][safepoint     ] Application time: 1.0002015 seconds
[2022-02-07T17:29:47.208+0000][2288.234s][debug][safepoint     ] ... found polling page return exception at pc = 0x00007f11b447f51b, stub =0x00007f11ac8beb80
[2022-02-07T17:29:47.208+0000][2288.234s][debug][safepoint     ] Waiting for 1 thread(s) to block
[2022-02-07T17:29:47.208+0000][2288.234s][info ][safepoint     ] Entering safepoint region: Cleanup
[2022-02-07T17:29:47.208+0000][2288.234s][info ][safepoint     ] Leaving safepoint region
[2022-02-07T17:29:47.208+0000][2288.234s][info ][safepoint     ] Total time for which application threads were stopped: 0.0003877 seconds, Stopping threads took: 0.0001557 seconds
[2022-02-07T17:29:48.208+0000][2289.234s][debug][safepoint     ] Safepoint synchronization initiated. (301 threads)
[2022-02-07T17:29:48.208+0000][2289.234s][info ][safepoint     ] Application time: 1.0001282 seconds
[2022-02-07T17:29:48.208+0000][2289.234s][info ][safepoint     ] Entering safepoint region: Cleanup
[2022-02-07T17:29:48.209+0000][2289.235s][info ][safepoint     ] Leaving safepoint region
[2022-02-07T17:29:48.209+0000][2289.235s][info ][safepoint     ] Total time for which application threads were stopped: 0.0004653 seconds, Stopping threads took: 0.0000766 seconds
[2022-02-07T17:29:49.209+0000][2290.235s][debug][safepoint     ] Safepoint synchronization initiated. (301 threads)
[2022-02-07T17:29:49.209+0000][2290.235s][info ][safepoint     ] Application time: 1.0001061 seconds
[2022-02-07T17:29:49.209+0000][2290.235s][info ][safepoint     ] Entering safepoint region: Cleanup
[2022-02-07T17:29:49.209+0000][2290.235s][info ][safepoint     ] Leaving safepoint region
[2022-02-07T17:29:49.209+0000][2290.235s][info ][safepoint     ] Total time for which application threads were stopped: 0.0003381 seconds, Stopping threads took: 0.0000754 seconds
[2022-02-07T17:29:50.209+0000][2291.235s][debug][safepoint     ] Safepoint synchronization initiated. (301 threads)
[2022-02-07T17:29:50.209+0000][2291.235s][info ][safepoint     ] Application time: 1.0001190 seconds
[2022-02-07T17:29:50.209+0000][2291.235s][debug][safepoint     ] ... found polling page return exception at pc = 0x00007f11b4b6d91b, stub =0x00007f11ac8beb80
[2022-02-07T17:29:50.209+0000][2291.235s][debug][safepoint     ] ... found polling page return exception at pc = 0x00007f11b493e341, stub =0x00007f11ac8beb80
[2022-02-07T17:29:50.209+0000][2291.235s][debug][safepoint     ] Waiting for 2 thread(s) to block
[2022-02-07T17:29:50.209+0000][2291.235s][info ][safepoint     ] Entering safepoint region: Cleanup
[2022-02-07T17:29:50.210+0000][2291.235s][info ][safepoint     ] Leaving safepoint region
[2022-02-07T17:29:50.210+0000][2291.236s][info ][safepoint     ] Total time for which application threads were stopped: 0.0003885 seconds, Stopping threads took: 0.0001320 seconds
[2022-02-07T17:29:51.210+0000][2292.236s][debug][safepoint     ] Safepoint synchronization initiated. (301 threads)
[2022-02-07T17:29:51.210+0000][2292.236s][info ][safepoint     ] Application time: 1.0001126 seconds
[2022-02-07T17:29:51.210+0000][2292.236s][info ][safepoint     ] Entering safepoint region: Cleanup
[2022-02-07T17:29:51.210+0000][2292.236s][info ][safepoint     ] Leaving safepoint region
[2022-02-07T17:29:51.210+0000][2292.236s][info ][safepoint     ] Total time for which application threads were stopped: 0.0003162 seconds, Stopping threads took: 0.0000716 seconds
[2022-02-07T17:29:52.210+0000][2293.236s][debug][safepoint     ] Safepoint synchronization initiated. (301 threads)
[2022-02-07T17:29:52.210+0000][2293.236s][info ][safepoint     ] Application time: 1.0001451 seconds
[2022-02-07T17:29:52.210+0000][2293.236s][info ][safepoint     ] Entering safepoint region: Cleanup
[2022-02-07T17:29:52.211+0000][2293.237s][info ][safepoint     ] Leaving safepoint region
[2022-02-07T17:29:52.211+0000][2293.237s][info ][safepoint     ] Total time for which application threads were stopped: 0.0004635 seconds, Stopping threads took: 0.0000863 seconds
[2022-02-07T17:29:53.211+0000][2294.237s][debug][safepoint     ] Safepoint synchronization initiated. (301 threads)
[2022-02-07T17:29:53.211+0000][2294.237s][info ][safepoint     ] Application time: 1.0001141 seconds
[2022-02-07T17:29:53.211+0000][2294.237s][info ][safepoint     ] Entering safepoint region: Cleanup
[2022-02-07T17:29:53.211+0000][2294.237s][info ][safepoint     ] Leaving safepoint region
[2022-02-07T17:29:53.211+0000][2294.237s][info ][safepoint     ] Total time for which application threads were stopped: 0.0004763 seconds, Stopping threads took: 0.0000691 seconds
[2022-02-07T17:29:54.212+0000][2295.238s][debug][safepoint     ] Safepoint synchronization initiated. (301 threads)
[2022-02-07T17:29:54.212+0000][2295.238s][info ][safepoint     ] Application time: 1.0004517 seconds
[2022-02-07T17:29:54.212+0000][2295.238s][info ][safepoint     ] Entering safepoint region: Cleanup
[2022-02-07T17:29:54.212+0000][2295.238s][info ][safepoint     ] Leaving safepoint region
[2022-02-07T17:29:54.212+0000][2295.238s][info ][safepoint     ] Total time for which application threads were stopped: 0.0002741 seconds, Stopping threads took: 0.0000772 seconds
[2022-02-07T17:29:55.212+0000][2296.238s][debug][safepoint     ] Safepoint synchronization initiated. (301 threads)
[2022-02-07T17:29:55.212+0000][2296.238s][info ][safepoint     ] Application time: 1.0001147 seconds
[2022-02-07T17:29:55.212+0000][2296.238s][info ][safepoint     ] Entering safepoint region: Cleanup
[2022-02-07T17:29:55.213+0000][2296.238s][info ][safepoint     ] Leaving safepoint region
[2022-02-07T17:29:55.213+0000][2296.238s][info ][safepoint     ] Total time for which application threads were stopped: 0.0003378 seconds, Stopping threads took: 0.0000712 seconds
[2022-02-07T17:29:56.213+0000][2297.238s][debug][safepoint     ] Safepoint synchronization initiated. (301 threads)
[2022-02-07T17:29:56.213+0000][2297.239s][info ][safepoint     ] Application time: 1.0001195 seconds
[2022-02-07T17:29:56.213+0000][2297.239s][info ][safepoint     ] Entering safepoint region: Cleanup
[2022-02-07T17:29:56.213+0000][2297.239s][info ][safepoint     ] Leaving safepoint region
[2022-02-07T17:29:56.213+0000][2297.239s][info ][safepoint     ] Total time for which application threads were stopped: 0.0004763 seconds, Stopping threads took: 0.0000797 seconds
[2022-02-07T17:29:57.213+0000][2298.239s][debug][safepoint     ] Safepoint synchronization initiated. (301 threads)
[2022-02-07T17:29:57.213+0000][2298.239s][info ][safepoint     ] Application time: 1.0001315 seconds
[2022-02-07T17:29:57.213+0000][2298.239s][info ][safepoint     ] Entering safepoint region: Cleanup
[2022-02-07T17:29:57.214+0000][2298.240s][info ][safepoint     ] Leaving safepoint region
[2022-02-07T17:29:57.214+0000][2298.240s][info ][safepoint     ] Total time for which application threads were stopped: 0.0004620 seconds, Stopping threads took: 0.0000720 seconds
[2022-02-07T17:29:58.214+0000][2299.240s][debug][safepoint     ] Safepoint synchronization initiated. (301 threads)
[2022-02-07T17:29:58.214+0000][2299.240s][info ][safepoint     ] Application time: 1.0001224 seconds
[2022-02-07T17:29:58.214+0000][2299.240s][info ][safepoint     ] Entering safepoint region: Cleanup
[2022-02-07T17:29:58.214+0000][2299.240s][info ][safepoint     ] Leaving safepoint region
[2022-02-07T17:29:58.214+0000][2299.240s][debug][safepoint     ] ... found polling page return exception at pc = 0x00007f11b4fc1a06, stub =0x00007f11ac8beb80
[2022-02-07T17:29:58.214+0000][2299.240s][info ][safepoint     ] Total time for which application threads were stopped: 0.0004474 seconds, Stopping threads took: 0.0000700 seconds
[2022-02-07T17:29:59.214+0000][2300.240s][debug][safepoint     ] Safepoint synchronization initiated. (301 threads)
[2022-02-07T17:29:59.215+0000][2300.240s][info ][safepoint     ] Application time: 1.0001232 seconds
[2022-02-07T17:29:59.215+0000][2300.240s][info ][safepoint     ] Entering safepoint region: Cleanup
[2022-02-07T17:29:59.215+0000][2300.241s][info ][safepoint     ] Leaving safepoint region
[2022-02-07T17:29:59.215+0000][2300.241s][info ][safepoint     ] Total time for which application threads were stopped: 0.0003210 seconds, Stopping threads took: 0.0000689 seconds
[2022-02-07T17:29:59.797+0000][2300.823s][debug][safepoint     ] Safepoint synchronization initiated. (301 threads)
[2022-02-07T17:29:59.797+0000][2300.823s][info ][safepoint     ] Application time: 0.5819899 seconds
[2022-02-07T17:29:59.797+0000][2300.823s][info ][safepoint     ] Entering safepoint region: G1CollectForAllocation
[2022-02-07T17:29:59.797+0000][2300.823s][info ][gc,start      ] GC(187) Pause Young (Normal) (G1 Evacuation Pause)
[2022-02-07T17:29:59.797+0000][2300.823s][info ][gc,task       ] GC(187) Using 4 workers of 4 for evacuation
[2022-02-07T17:29:59.805+0000][2300.831s][info ][gc,phases     ] GC(187)   Pre Evacuate Collection Set: 0.0ms
[2022-02-07T17:29:59.805+0000][2300.831s][info ][gc,phases     ] GC(187)   Evacuate Collection Set: 3.4ms
[2022-02-07T17:29:59.805+0000][2300.831s][info ][gc,phases     ] GC(187)   Post Evacuate Collection Set: 4.2ms
[2022-02-07T17:29:59.805+0000][2300.831s][info ][gc,phases     ] GC(187)   Other: 0.2ms
[2022-02-07T17:29:59.805+0000][2300.831s][info ][gc,heap       ] GC(187) Eden regions: 235->0(235)
[2022-02-07T17:29:59.805+0000][2300.831s][info ][gc,heap       ] GC(187) Survivor regions: 1->1(30)
[2022-02-07T17:29:59.805+0000][2300.831s][info ][gc,heap       ] GC(187) Old regions: 150->150
[2022-02-07T17:29:59.805+0000][2300.831s][info ][gc,heap       ] GC(187) Humongous regions: 0->0
[2022-02-07T17:29:59.805+0000][2300.831s][info ][gc,metaspace  ] GC(187) Metaspace: 163378K->163378K(1206272K)
[2022-02-07T17:29:59.805+0000][2300.831s][info ][gc            ] GC(187) Pause Young (Normal) (G1 Evacuation Pause) 383M->148M(430M) 7.934ms
[2022-02-07T17:29:59.805+0000][2300.831s][info ][gc,cpu        ] GC(187) User=0.01s Sys=0.00s Real=0.01s
[2022-02-07T17:29:59.805+0000][2300.831s][info ][safepoint     ] Leaving safepoint region
[2022-02-07T17:29:59.805+0000][2300.831s][info ][safepoint     ] Total time for which application threads were stopped: 0.0083463 seconds, Stopping threads took: 0.0000699 seconds
[2022-02-07T17:29:59.805+0000][2300.831s][info ][gc,stringdedup] Concurrent String Deduplication (2300.831s)
[2022-02-07T17:29:59.805+0000][2300.831s][info ][gc,stringdedup] Concurrent String Deduplication 1000.0B->0.0B(1000.0B) avg 53.6% (2300.831s, 2300.831s) 0.024ms
[2022-02-07T17:30:00.805+0000][2301.831s][debug][safepoint     ] Safepoint synchronization initiated. (301 threads)
[2022-02-07T17:30:00.805+0000][2301.831s][info ][safepoint     ] Application time: 1.0001270 seconds
[2022-02-07T17:30:00.805+0000][2301.831s][info ][safepoint     ] Entering safepoint region: Cleanup
[2022-02-07T17:30:00.806+0000][2301.832s][info ][safepoint     ] Leaving safepoint region
[2022-02-07T17:30:00.806+0000][2301.832s][info ][safepoint     ] Total time for which application threads were stopped: 0.0004391 seconds, Stopping threads took: 0.0000717 seconds
[2022-02-07T17:30:01.806+0000][2302.832s][debug][safepoint     ] Safepoint synchronization initiated. (301 threads)
[2022-02-07T17:30:01.806+0000][2302.832s][info ][safepoint     ] Application time: 1.0001151 seconds
[2022-02-07T17:30:01.806+0000][2302.832s][info ][safepoint     ] Entering safepoint region: Cleanup
[2022-02-07T17:30:01.806+0000][2302.832s][info ][safepoint     ] Leaving safepoint region
[2022-02-07T17:30:01.806+0000][2302.832s][info ][safepoint     ] Total time for which application threads were stopped: 0.0003036 seconds, Stopping threads took: 0.0000703 seconds
[2022-02-07T17:30:02.806+0000][2303.832s][debug][safepoint     ] Safepoint synchronization initiated. (301 threads)
[2022-02-07T17:30:02.806+0000][2303.832s][info ][safepoint     ] Application time: 1.0001143 seconds
[2022-02-07T17:30:02.806+0000][2303.832s][debug][safepoint     ] ... found polling page return exception at pc = 0x00007f11b467c494, stub =0x00007f11ac8beb80
[2022-02-07T17:30:02.806+0000][2303.832s][debug][safepoint     ] Waiting for 1 thread(s) to block
[2022-02-07T17:30:02.806+0000][2303.832s][info ][safepoint     ] Entering safepoint region: Cleanup
[2022-02-07T17:30:02.807+0000][2303.833s][info ][safepoint     ] Leaving safepoint region
[2022-02-07T17:30:02.807+0000][2303.833s][info ][safepoint     ] Total time for which application threads were stopped: 0.0002960 seconds, Stopping threads took: 0.0001139 seconds
[2022-02-07T17:30:03.807+0000][2304.833s][debug][safepoint     ] Safepoint synchronization initiated. (301 threads)
[2022-02-07T17:30:03.807+0000][2304.833s][info ][safepoint     ] Application time: 1.0001224 seconds
[2022-02-07T17:30:03.807+0000][2304.833s][info ][safepoint     ] Entering safepoint region: Cleanup
[2022-02-07T17:30:03.807+0000][2304.833s][info ][safepoint     ] Leaving safepoint region
[2022-02-07T17:30:03.807+0000][2304.833s][info ][safepoint     ] Total time for which application threads were stopped: 0.0002430 seconds, Stopping threads took: 0.0000698 seconds
[2022-02-07T17:30:03.807+0000][2304.833s][debug][safepoint     ] ... found polling page return exception at pc = 0x00007f11b4fc1a06, stub =0x00007f11ac8beb80
[2022-02-07T17:30:04.807+0000][2305.833s][debug][safepoint     ] Safepoint synchronization initiated. (301 threads)
[2022-02-07T17:30:04.807+0000][2305.833s][info ][safepoint     ] Application time: 1.0001224 seconds
[2022-02-07T17:30:04.807+0000][2305.833s][info ][safepoint     ] Entering safepoint region: Cleanup
[2022-02-07T17:30:04.807+0000][2305.833s][info ][safepoint     ] Leaving safepoint region
[2022-02-07T17:30:04.807+0000][2305.833s][info ][safepoint     ] Total time for which application threads were stopped: 0.0003135 seconds, Stopping threads took: 0.0000877 seconds
[2022-02-07T17:30:05.808+0000][2306.833s][debug][safepoint     ] Safepoint synchronization initiated. (301 threads)
[2022-02-07T17:30:05.808+0000][2306.833s][info ][safepoint     ] Application time: 1.0001035 seconds
[2022-02-07T17:30:05.808+0000][2306.834s][info ][safepoint     ] Entering safepoint region: Cleanup
[2022-02-07T17:30:05.808+0000][2306.834s][info ][safepoint     ] Leaving safepoint region
[2022-02-07T17:30:05.808+0000][2306.834s][info ][safepoint     ] Total time for which application threads were stopped: 0.0002996 seconds, Stopping threads took: 0.0000695 seconds
[2022-02-07T17:30:06.808+0000][2307.834s][debug][safepoint     ] Safepoint synchronization initiated. (301 threads)
[2022-02-07T17:30:06.808+0000][2307.834s][info ][safepoint     ] Application time: 1.0001169 seconds
[2022-02-07T17:30:06.808+0000][2307.834s][info ][safepoint     ] Entering safepoint region: Cleanup
[2022-02-07T17:30:06.808+0000][2307.834s][info ][safepoint     ] Leaving safepoint region
[2022-02-07T17:30:06.808+0000][2307.834s][info ][safepoint     ] Total time for which application threads were stopped: 0.0002617 seconds, Stopping threads took: 0.0000690 seconds
[2022-02-07T17:30:07.808+0000][2308.834s][debug][safepoint     ] Safepoint synchronization initiated. (301 threads)
[2022-02-07T17:30:07.808+0000][2308.834s][info ][safepoint     ] Application time: 1.0001070 seconds
[2022-02-07T17:30:07.808+0000][2308.834s][info ][safepoint     ] Entering safepoint region: Cleanup
[2022-02-07T17:30:07.809+0000][2308.835s][info ][safepoint     ] Leaving safepoint region
[2022-02-07T17:30:07.809+0000][2308.835s][info ][safepoint     ] Total time for which application threads were stopped: 0.0003023 seconds, Stopping threads took: 0.0000703 seconds
[2022-02-07T17:30:08.811+0000][2309.837s][debug][safepoint     ] Safepoint synchronization initiated. (301 threads)
[2022-02-07T17:30:08.811+0000][2309.837s][info ][safepoint     ] Application time: 1.0025720 seconds
[2022-02-07T17:30:08.811+0000][2309.837s][debug][safepoint     ] ... found polling page return exception at pc = 0x00007f11b4b6d91b, stub =0x00007f11ac8beb80
[2022-02-07T17:30:08.811+0000][2309.837s][debug][safepoint     ] Waiting for 1 thread(s) to block
[2022-02-07T17:30:08.811+0000][2309.837s][info ][safepoint     ] Entering safepoint region: Cleanup
[2022-02-07T17:30:08.812+0000][2309.838s][info ][safepoint     ] Leaving safepoint region
[2022-02-07T17:30:08.812+0000][2309.838s][info ][safepoint     ] Total time for which application threads were stopped: 0.0003734 seconds, Stopping threads took: 0.0001271 seconds
[2022-02-07T17:30:09.812+0000][2310.838s][debug][safepoint     ] Safepoint synchronization initiated. (301 threads)
[2022-02-07T17:30:09.812+0000][2310.838s][info ][safepoint     ] Application time: 1.0001293 seconds
[2022-02-07T17:30:09.812+0000][2310.838s][debug][safepoint     ] Waiting for 1 thread(s) to block
[2022-02-07T17:30:09.812+0000][2310.838s][info ][safepoint     ] Entering safepoint region: Cleanup
[2022-02-07T17:30:09.812+0000][2310.838s][info ][safepoint     ] Leaving safepoint region
[2022-02-07T17:30:09.812+0000][2310.838s][info ][safepoint     ] Total time for which application threads were stopped: 0.0003362 seconds, Stopping threads took: 0.0001056 seconds
[2022-02-07T17:30:10.812+0000][2311.838s][debug][safepoint     ] Safepoint synchronization initiated. (301 threads)
[2022-02-07T17:30:10.812+0000][2311.838s][info ][safepoint     ] Application time: 1.0001170 seconds
[2022-02-07T17:30:10.812+0000][2311.838s][info ][safepoint     ] Entering safepoint region: Cleanup
[2022-02-07T17:30:10.813+0000][2311.838s][info ][safepoint     ] Leaving safepoint region
[2022-02-07T17:30:10.813+0000][2311.839s][info ][safepoint     ] Total time for which application threads were stopped: 0.0003284 seconds, Stopping threads took: 0.0000809 seconds
[2022-02-07T17:30:11.813+0000][2312.839s][debug][safepoint     ] Safepoint synchronization initiated. (301 threads)
[2022-02-07T17:30:11.813+0000][2312.839s][info ][safepoint     ] Application time: 1.0001182 seconds
[2022-02-07T17:30:11.813+0000][2312.839s][info ][safepoint     ] Entering safepoint region: Cleanup
[2022-02-07T17:30:11.813+0000][2312.839s][info ][safepoint     ] Leaving safepoint region
[2022-02-07T17:30:11.813+0000][2312.839s][info ][safepoint     ] Total time for which application threads were stopped: 0.0003034 seconds, Stopping threads took: 0.0000706 seconds
[2022-02-07T17:30:12.813+0000][2313.839s][debug][safepoint     ] Safepoint synchronization initiated. (301 threads)
[2022-02-07T17:30:12.813+0000][2313.839s][info ][safepoint     ] Application time: 1.0001054 seconds
[2022-02-07T17:30:12.813+0000][2313.839s][info ][safepoint     ] Entering safepoint region: Cleanup
[2022-02-07T17:30:12.814+0000][2313.839s][info ][safepoint     ] Leaving safepoint region
[2022-02-07T17:30:12.814+0000][2313.839s][info ][safepoint     ] Total time for which application threads were stopped: 0.0003396 seconds, Stopping threads took: 0.0000681 seconds
[2022-02-07T17:30:13.814+0000][2314.839s][debug][safepoint     ] Safepoint synchronization initiated. (301 threads)
[2022-02-07T17:30:13.814+0000][2314.840s][info ][safepoint     ] Application time: 1.0001161 seconds
[2022-02-07T17:30:13.814+0000][2314.840s][info ][safepoint     ] Entering safepoint region: Cleanup
[2022-02-07T17:30:13.814+0000][2314.840s][info ][safepoint     ] Leaving safepoint region
[2022-02-07T17:30:13.814+0000][2314.840s][info ][safepoint     ] Total time for which application threads were stopped: 0.0002978 seconds, Stopping threads took: 0.0000681 seconds
[2022-02-07T17:30:14.622+0000][2315.648s][debug][safepoint     ] Safepoint synchronization initiated. (301 threads)
[2022-02-07T17:30:14.622+0000][2315.648s][info ][safepoint     ] Application time: 0.8083843 seconds
[2022-02-07T17:30:14.622+0000][2315.648s][info ][safepoint     ] Entering safepoint region: G1CollectForAllocation
[2022-02-07T17:30:14.623+0000][2315.649s][info ][gc,start      ] GC(188) Pause Young (Normal) (G1 Evacuation Pause)
[2022-02-07T17:30:14.623+0000][2315.649s][info ][gc,task       ] GC(188) Using 4 workers of 4 for evacuation
[2022-02-07T17:30:14.630+0000][2315.656s][info ][gc,phases     ] GC(188)   Pre Evacuate Collection Set: 0.0ms
[2022-02-07T17:30:14.630+0000][2315.656s][info ][gc,phases     ] GC(188)   Evacuate Collection Set: 3.3ms
[2022-02-07T17:30:14.630+0000][2315.656s][info ][gc,phases     ] GC(188)   Post Evacuate Collection Set: 4.0ms
[2022-02-07T17:30:14.630+0000][2315.656s][info ][gc,phases     ] GC(188)   Other: 0.3ms
[2022-02-07T17:30:14.630+0000][2315.656s][info ][gc,heap       ] GC(188) Eden regions: 235->0(235)
[2022-02-07T17:30:14.630+0000][2315.656s][info ][gc,heap       ] GC(188) Survivor regions: 1->1(30)
[2022-02-07T17:30:14.630+0000][2315.656s][info ][gc,heap       ] GC(188) Old regions: 150->150
[2022-02-07T17:30:14.630+0000][2315.656s][info ][gc,heap       ] GC(188) Humongous regions: 0->0
[2022-02-07T17:30:14.630+0000][2315.656s][info ][gc,metaspace  ] GC(188) Metaspace: 163395K->163395K(1206272K)
[2022-02-07T17:30:14.630+0000][2315.656s][info ][gc            ] GC(188) Pause Young (Normal) (G1 Evacuation Pause) 383M->148M(430M) 7.726ms
[2022-02-07T17:30:14.630+0000][2315.656s][info ][gc,cpu        ] GC(188) User=0.01s Sys=0.00s Real=0.01s
[2022-02-07T17:30:14.631+0000][2315.656s][info ][safepoint     ] Leaving safepoint region
[2022-02-07T17:30:14.631+0000][2315.656s][info ][safepoint     ] Total time for which application threads were stopped: 0.0081560 seconds, Stopping threads took: 0.0000697 seconds
[2022-02-07T17:30:14.631+0000][2315.656s][info ][gc,stringdedup] Concurrent String Deduplication (2315.656s)
[2022-02-07T17:30:14.631+0000][2315.656s][info ][gc,stringdedup] Concurrent String Deduplication 784.0B->0.0B(784.0B) avg 53.6% (2315.656s, 2315.656s) 0.034ms
[2022-02-07T17:30:15.631+0000][2316.657s][debug][safepoint     ] Safepoint synchronization initiated. (301 threads)
[2022-02-07T17:30:15.631+0000][2316.657s][info ][safepoint     ] Application time: 1.0001422 seconds
[2022-02-07T17:30:15.631+0000][2316.657s][info ][safepoint     ] Entering safepoint region: Cleanup
[2022-02-07T17:30:15.631+0000][2316.657s][info ][safepoint     ] Leaving safepoint region
[2022-02-07T17:30:15.631+0000][2316.657s][info ][safepoint     ] Total time for which application threads were stopped: 0.0003116 seconds, Stopping threads took: 0.0000740 seconds
[2022-02-07T17:30:16.631+0000][2317.657s][debug][safepoint     ] Safepoint synchronization initiated. (301 threads)
[2022-02-07T17:30:16.631+0000][2317.657s][info ][safepoint     ] Application time: 1.0001187 seconds
[2022-02-07T17:30:16.631+0000][2317.657s][info ][safepoint     ] Entering safepoint region: Cleanup
[2022-02-07T17:30:16.631+0000][2317.657s][info ][safepoint     ] Leaving safepoint region
[2022-02-07T17:30:16.631+0000][2317.657s][info ][safepoint     ] Total time for which application threads were stopped: 0.0003221 seconds, Stopping threads took: 0.0000821 seconds
[2022-02-07T17:30:17.632+0000][2318.657s][debug][safepoint     ] Safepoint synchronization initiated. (301 threads)
[2022-02-07T17:30:17.632+0000][2318.657s][info ][safepoint     ] Application time: 1.0001193 seconds
[2022-02-07T17:30:17.632+0000][2318.658s][info ][safepoint     ] Entering safepoint region: Cleanup
[2022-02-07T17:30:17.632+0000][2318.658s][info ][safepoint     ] Leaving safepoint region
[2022-02-07T17:30:17.632+0000][2318.658s][info ][safepoint     ] Total time for which application threads were stopped: 0.0003203 seconds, Stopping threads took: 0.0000701 seconds
[2022-02-07T17:30:18.632+0000][2319.658s][debug][safepoint     ] Safepoint synchronization initiated. (301 threads)
[2022-02-07T17:30:18.632+0000][2319.658s][info ][safepoint     ] Application time: 1.0001225 seconds
[2022-02-07T17:30:18.632+0000][2319.658s][debug][safepoint     ] ... found polling page return exception at pc = 0x00007f11b4575a68, stub =0x00007f11ac8beb80
[2022-02-07T17:30:18.632+0000][2319.658s][debug][safepoint     ] Waiting for 1 thread(s) to block
[2022-02-07T17:30:18.632+0000][2319.658s][info ][safepoint     ] Entering safepoint region: Cleanup
[2022-02-07T17:30:18.632+0000][2319.658s][info ][safepoint     ] Leaving safepoint region
[2022-02-07T17:30:18.632+0000][2319.658s][info ][safepoint     ] Total time for which application threads were stopped: 0.0003561 seconds, Stopping threads took: 0.0001110 seconds
[2022-02-07T17:30:19.633+0000][2320.658s][debug][safepoint     ] Safepoint synchronization initiated. (301 threads)
[2022-02-07T17:30:19.633+0000][2320.658s][info ][safepoint     ] Application time: 1.0001097 seconds
[2022-02-07T17:30:19.633+0000][2320.658s][info ][safepoint     ] Entering safepoint region: Cleanup
[2022-02-07T17:30:19.633+0000][2320.659s][info ][safepoint     ] Leaving safepoint region
[2022-02-07T17:30:19.633+0000][2320.659s][info ][safepoint     ] Total time for which application threads were stopped: 0.0003001 seconds, Stopping threads took: 0.0000714 seconds
[2022-02-07T17:30:20.633+0000][2321.659s][debug][safepoint     ] Safepoint synchronization initiated. (301 threads)
[2022-02-07T17:30:20.633+0000][2321.659s][info ][safepoint     ] Application time: 1.0001217 seconds
[2022-02-07T17:30:20.633+0000][2321.659s][info ][safepoint     ] Entering safepoint region: Cleanup
[2022-02-07T17:30:20.633+0000][2321.659s][info ][safepoint     ] Leaving safepoint region
[2022-02-07T17:30:20.633+0000][2321.659s][info ][safepoint     ] Total time for which application threads were stopped: 0.0003145 seconds, Stopping threads took: 0.0000702 seconds
[2022-02-07T17:30:21.633+0000][2322.659s][debug][safepoint     ] Safepoint synchronization initiated. (301 threads)
[2022-02-07T17:30:21.633+0000][2322.659s][info ][safepoint     ] Application time: 1.0001121 seconds
[2022-02-07T17:30:21.634+0000][2322.659s][info ][safepoint     ] Entering safepoint region: Cleanup
[2022-02-07T17:30:21.634+0000][2322.660s][info ][safepoint     ] Leaving safepoint region
[2022-02-07T17:30:21.634+0000][2322.660s][info ][safepoint     ] Total time for which application threads were stopped: 0.0003001 seconds, Stopping threads took: 0.0000692 seconds
[2022-02-07T17:30:22.634+0000][2323.660s][debug][safepoint     ] Safepoint synchronization initiated. (301 threads)
[2022-02-07T17:30:22.634+0000][2323.660s][info ][safepoint     ] Application time: 1.0001115 seconds
[2022-02-07T17:30:22.634+0000][2323.660s][info ][safepoint     ] Entering safepoint region: Cleanup
[2022-02-07T17:30:22.634+0000][2323.660s][info ][safepoint     ] Leaving safepoint region
[2022-02-07T17:30:22.634+0000][2323.660s][info ][safepoint     ] Total time for which application threads were stopped: 0.0003103 seconds, Stopping threads took: 0.0000702 seconds
[2022-02-07T17:30:23.634+0000][2324.660s][debug][safepoint     ] Safepoint synchronization initiated. (301 threads)
[2022-02-07T17:30:23.634+0000][2324.660s][info ][safepoint     ] Application time: 1.0001156 seconds
[2022-02-07T17:30:23.634+0000][2324.660s][info ][safepoint     ] Entering safepoint region: Cleanup
[2022-02-07T17:30:23.635+0000][2324.661s][info ][safepoint     ] Leaving safepoint region
[2022-02-07T17:30:23.635+0000][2324.661s][info ][safepoint     ] Total time for which application threads were stopped: 0.0004661 seconds, Stopping threads took: 0.0000737 seconds
[2022-02-07T17:30:24.635+0000][2325.661s][debug][safepoint     ] Safepoint synchronization initiated. (301 threads)
[2022-02-07T17:30:24.635+0000][2325.661s][info ][safepoint     ] Application time: 1.0001205 seconds
[2022-02-07T17:30:24.635+0000][2325.661s][info ][safepoint     ] Entering safepoint region: Cleanup
[2022-02-07T17:30:24.635+0000][2325.661s][info ][safepoint     ] Leaving safepoint region
[2022-02-07T17:30:24.635+0000][2325.661s][info ][safepoint     ] Total time for which application threads were stopped: 0.0004562 seconds, Stopping threads took: 0.0000708 seconds
[2022-02-07T17:30:25.635+0000][2326.661s][debug][safepoint     ] Safepoint synchronization initiated. (301 threads)
[2022-02-07T17:30:25.636+0000][2326.661s][info ][safepoint     ] Application time: 1.0001270 seconds
[2022-02-07T17:30:25.636+0000][2326.661s][info ][safepoint     ] Entering safepoint region: Cleanup
[2022-02-07T17:30:25.636+0000][2326.662s][info ][safepoint     ] Leaving safepoint region
[2022-02-07T17:30:25.636+0000][2326.662s][info ][safepoint     ] Total time for which application threads were stopped: 0.0004645 seconds, Stopping threads took: 0.0000731 seconds
[2022-02-07T17:30:26.636+0000][2327.662s][debug][safepoint     ] Safepoint synchronization initiated. (301 threads)
[2022-02-07T17:30:26.636+0000][2327.662s][info ][safepoint     ] Application time: 1.0001214 seconds
[2022-02-07T17:30:26.636+0000][2327.662s][info ][safepoint     ] Entering safepoint region: Cleanup
[2022-02-07T17:30:26.637+0000][2327.662s][info ][safepoint     ] Leaving safepoint region
[2022-02-07T17:30:26.637+0000][2327.662s][info ][safepoint     ] Total time for which application threads were stopped: 0.0004646 seconds, Stopping threads took: 0.0000729 seconds
[2022-02-07T17:30:27.637+0000][2328.663s][debug][safepoint     ] Safepoint synchronization initiated. (301 threads)
[2022-02-07T17:30:27.637+0000][2328.663s][info ][safepoint     ] Application time: 1.0001439 seconds
[2022-02-07T17:30:27.637+0000][2328.663s][info ][safepoint     ] Entering safepoint region: Cleanup
[2022-02-07T17:30:27.637+0000][2328.663s][info ][safepoint     ] Leaving safepoint region
[2022-02-07T17:30:27.637+0000][2328.663s][info ][safepoint     ] Total time for which application threads were stopped: 0.0003229 seconds, Stopping threads took: 0.0000706 seconds
[2022-02-07T17:30:28.637+0000][2329.663s][debug][safepoint     ] Safepoint synchronization initiated. (301 threads)
[2022-02-07T17:30:28.637+0000][2329.663s][info ][safepoint     ] Application time: 1.0001142 seconds
[2022-02-07T17:30:28.637+0000][2329.663s][info ][safepoint     ] Entering safepoint region: Cleanup
[2022-02-07T17:30:28.638+0000][2329.663s][info ][safepoint     ] Leaving safepoint region
[2022-02-07T17:30:28.638+0000][2329.663s][info ][safepoint     ] Total time for which application threads were stopped: 0.0002976 seconds, Stopping threads took: 0.0000706 seconds
[2022-02-07T17:30:29.638+0000][2330.663s][debug][safepoint     ] Safepoint synchronization initiated. (301 threads)
[2022-02-07T17:30:29.638+0000][2330.664s][info ][safepoint     ] Application time: 1.0001214 seconds
[2022-02-07T17:30:29.638+0000][2330.664s][debug][safepoint     ] ... found polling page return exception at pc = 0x00007f11b46688bb, stub =0x00007f11ac8beb80
[2022-02-07T17:30:29.638+0000][2330.664s][debug][safepoint     ] Waiting for 1 thread(s) to block
[2022-02-07T17:30:29.638+0000][2330.664s][info ][safepoint     ] Entering safepoint region: Cleanup
[2022-02-07T17:30:29.638+0000][2330.664s][info ][safepoint     ] Leaving safepoint region
[2022-02-07T17:30:29.638+0000][2330.664s][info ][safepoint     ] Total time for which application threads were stopped: 0.0003736 seconds, Stopping threads took: 0.0001311 seconds
[2022-02-07T17:30:30.638+0000][2331.664s][debug][safepoint     ] Safepoint synchronization initiated. (301 threads)
[2022-02-07T17:30:30.692+0000][2331.718s][info ][safepoint     ] Application time: 1.0538817 seconds
[2022-02-07T17:30:30.692+0000][2331.718s][info ][safepoint     ] Entering safepoint region: Cleanup
[2022-02-07T17:30:30.692+0000][2331.718s][info ][safepoint     ] Leaving safepoint region
[2022-02-07T17:30:30.692+0000][2331.718s][info ][safepoint     ] Total time for which application threads were stopped: 0.0003343 seconds, Stopping threads took: 0.0000644 seconds
[2022-02-07T17:30:31.692+0000][2332.718s][debug][safepoint     ] Safepoint synchronization initiated. (301 threads)
[2022-02-07T17:30:31.692+0000][2332.718s][info ][safepoint     ] Application time: 1.0001076 seconds
[2022-02-07T17:30:31.692+0000][2332.718s][info ][safepoint     ] Entering safepoint region: Cleanup
[2022-02-07T17:30:31.693+0000][2332.719s][info ][safepoint     ] Leaving safepoint region
[2022-02-07T17:30:31.693+0000][2332.719s][info ][safepoint     ] Total time for which application threads were stopped: 0.0002614 seconds, Stopping threads took: 0.0000634 seconds
[2022-02-07T17:30:32.493+0000][2333.519s][debug][safepoint     ] Safepoint synchronization initiated. (301 threads)
[2022-02-07T17:30:32.493+0000][2333.519s][info ][safepoint     ] Application time: 0.8000200 seconds
[2022-02-07T17:30:32.493+0000][2333.519s][debug][safepoint     ] ... found polling page return exception at pc = 0x00007f11b4f55643, stub =0x00007f11ac8beb80
[2022-02-07T17:30:32.493+0000][2333.519s][debug][safepoint     ] Waiting for 1 thread(s) to block
[2022-02-07T17:30:32.493+0000][2333.519s][info ][safepoint     ] Entering safepoint region: G1CollectForAllocation
[2022-02-07T17:30:32.493+0000][2333.519s][info ][gc,start      ] GC(189) Pause Young (Normal) (G1 Evacuation Pause)
[2022-02-07T17:30:32.493+0000][2333.519s][info ][gc,task       ] GC(189) Using 4 workers of 4 for evacuation
[2022-02-07T17:30:32.503+0000][2333.529s][info ][gc,phases     ] GC(189)   Pre Evacuate Collection Set: 0.0ms
[2022-02-07T17:30:32.503+0000][2333.529s][info ][gc,phases     ] GC(189)   Evacuate Collection Set: 5.6ms
[2022-02-07T17:30:32.503+0000][2333.529s][info ][gc,phases     ] GC(189)   Post Evacuate Collection Set: 3.9ms
[2022-02-07T17:30:32.503+0000][2333.529s][info ][gc,phases     ] GC(189)   Other: 0.3ms
[2022-02-07T17:30:32.503+0000][2333.529s][info ][gc,heap       ] GC(189) Eden regions: 235->0(235)
[2022-02-07T17:30:32.503+0000][2333.529s][info ][gc,heap       ] GC(189) Survivor regions: 1->1(30)
[2022-02-07T17:30:32.503+0000][2333.529s][info ][gc,heap       ] GC(189) Old regions: 150->150
[2022-02-07T17:30:32.503+0000][2333.529s][info ][gc,heap       ] GC(189) Humongous regions: 0->0
[2022-02-07T17:30:32.503+0000][2333.529s][info ][gc,metaspace  ] GC(189) Metaspace: 163395K->163395K(1206272K)
[2022-02-07T17:30:32.503+0000][2333.529s][info ][gc            ] GC(189) Pause Young (Normal) (G1 Evacuation Pause) 383M->148M(430M) 9.919ms
[2022-02-07T17:30:32.503+0000][2333.529s][info ][gc,cpu        ] GC(189) User=0.02s Sys=0.00s Real=0.01s
[2022-02-07T17:30:32.503+0000][2333.529s][info ][safepoint     ] Leaving safepoint region
[2022-02-07T17:30:32.503+0000][2333.529s][debug][safepoint     ] ... found polling page return exception at pc = 0x00007f11b4fc1a06, stub =0x00007f11ac8beb80
[2022-02-07T17:30:32.503+0000][2333.529s][info ][safepoint     ] Total time for which application threads were stopped: 0.0104184 seconds, Stopping threads took: 0.0001194 seconds
[2022-02-07T17:30:32.503+0000][2333.529s][info ][gc,stringdedup] Concurrent String Deduplication (2333.529s)
[2022-02-07T17:30:32.503+0000][2333.529s][info ][gc,stringdedup] Concurrent String Deduplication 400.0B->0.0B(400.0B) avg 53.6% (2333.529s, 2333.529s) 0.041ms
[2022-02-07T17:30:33.503+0000][2334.529s][debug][safepoint     ] Safepoint synchronization initiated. (301 threads)
[2022-02-07T17:30:33.503+0000][2334.529s][info ][safepoint     ] Application time: 1.0000913 seconds
[2022-02-07T17:30:33.503+0000][2334.529s][info ][safepoint     ] Entering safepoint region: Cleanup
[2022-02-07T17:30:33.504+0000][2334.529s][info ][safepoint     ] Leaving safepoint region
[2022-02-07T17:30:33.504+0000][2334.529s][info ][safepoint     ] Total time for which application threads were stopped: 0.0002569 seconds, Stopping threads took: 0.0000679 seconds
[2022-02-07T17:30:34.504+0000][2335.529s][debug][safepoint     ] Safepoint synchronization initiated. (301 threads)
[2022-02-07T17:30:34.504+0000][2335.530s][info ][safepoint     ] Application time: 1.0001093 seconds
[2022-02-07T17:30:34.504+0000][2335.530s][info ][safepoint     ] Entering safepoint region: Cleanup
[2022-02-07T17:30:34.504+0000][2335.530s][info ][safepoint     ] Leaving safepoint region
[2022-02-07T17:30:34.504+0000][2335.530s][info ][safepoint     ] Total time for which application threads were stopped: 0.0002524 seconds, Stopping threads took: 0.0000685 seconds
[2022-02-07T17:30:35.504+0000][2336.530s][debug][safepoint     ] Safepoint synchronization initiated. (301 threads)
[2022-02-07T17:30:35.504+0000][2336.530s][info ][safepoint     ] Application time: 1.0001305 seconds
[2022-02-07T17:30:35.504+0000][2336.530s][debug][safepoint     ] ... found polling page loop exception at pc = 0x00007f11b5309114, stub =0x00007f11ac8be900
[2022-02-07T17:30:35.504+0000][2336.530s][debug][safepoint     ] Waiting for 1 thread(s) to block
[2022-02-07T17:30:35.504+0000][2336.530s][info ][safepoint     ] Entering safepoint region: Cleanup
[2022-02-07T17:30:35.504+0000][2336.530s][info ][safepoint     ] Leaving safepoint region
[2022-02-07T17:30:35.504+0000][2336.530s][info ][safepoint     ] Total time for which application threads were stopped: 0.0003159 seconds, Stopping threads took: 0.0001183 seconds
[2022-02-07T17:30:36.504+0000][2337.530s][debug][safepoint     ] Safepoint synchronization initiated. (301 threads)
[2022-02-07T17:30:36.505+0000][2337.530s][info ][safepoint     ] Application time: 1.0001372 seconds
[2022-02-07T17:30:36.505+0000][2337.530s][info ][safepoint     ] Entering safepoint region: Cleanup
[2022-02-07T17:30:36.505+0000][2337.531s][info ][safepoint     ] Leaving safepoint region
[2022-02-07T17:30:36.505+0000][2337.531s][info ][safepoint     ] Total time for which application threads were stopped: 0.0002669 seconds, Stopping threads took: 0.0000683 seconds
[2022-02-07T17:30:37.505+0000][2338.531s][debug][safepoint     ] Safepoint synchronization initiated. (301 threads)
[2022-02-07T17:30:37.505+0000][2338.531s][info ][safepoint     ] Application time: 1.0001291 seconds
[2022-02-07T17:30:37.505+0000][2338.531s][info ][safepoint     ] Entering safepoint region: Cleanup
[2022-02-07T17:30:37.505+0000][2338.531s][info ][safepoint     ] Leaving safepoint region
[2022-02-07T17:30:37.505+0000][2338.531s][info ][safepoint     ] Total time for which application threads were stopped: 0.0003318 seconds, Stopping threads took: 0.0000683 seconds
[2022-02-07T17:30:38.505+0000][2339.531s][debug][safepoint     ] Safepoint synchronization initiated. (301 threads)
[2022-02-07T17:30:38.505+0000][2339.531s][info ][safepoint     ] Application time: 1.0001156 seconds
[2022-02-07T17:30:38.505+0000][2339.531s][info ][safepoint     ] Entering safepoint region: Cleanup
[2022-02-07T17:30:38.506+0000][2339.532s][info ][safepoint     ] Leaving safepoint region
[2022-02-07T17:30:38.506+0000][2339.532s][info ][safepoint     ] Total time for which application threads were stopped: 0.0003204 seconds, Stopping threads took: 0.0000712 seconds
[2022-02-07T17:30:39.506+0000][2340.532s][debug][safepoint     ] Safepoint synchronization initiated. (301 threads)
[2022-02-07T17:30:39.506+0000][2340.532s][info ][safepoint     ] Application time: 1.0001308 seconds
[2022-02-07T17:30:39.506+0000][2340.532s][info ][safepoint     ] Entering safepoint region: Cleanup
[2022-02-07T17:30:39.506+0000][2340.532s][info ][safepoint     ] Leaving safepoint region
[2022-02-07T17:30:39.506+0000][2340.532s][info ][safepoint     ] Total time for which application threads were stopped: 0.0003678 seconds, Stopping threads took: 0.0000934 seconds
[2022-02-07T17:30:40.506+0000][2341.532s][debug][safepoint     ] Safepoint synchronization initiated. (301 threads)
[2022-02-07T17:30:40.506+0000][2341.532s][info ][safepoint     ] Application time: 1.0001271 seconds
[2022-02-07T17:30:40.506+0000][2341.532s][info ][safepoint     ] Entering safepoint region: Cleanup
[2022-02-07T17:30:40.507+0000][2341.533s][info ][safepoint     ] Leaving safepoint region
[2022-02-07T17:30:40.507+0000][2341.533s][info ][safepoint     ] Total time for which application threads were stopped: 0.0004531 seconds, Stopping threads took: 0.0000693 seconds
[2022-02-07T17:30:41.507+0000][2342.533s][debug][safepoint     ] Safepoint synchronization initiated. (301 threads)
[2022-02-07T17:30:41.507+0000][2342.533s][info ][safepoint     ] Application time: 1.0001317 seconds
[2022-02-07T17:30:41.507+0000][2342.533s][info ][safepoint     ] Entering safepoint region: Cleanup
[2022-02-07T17:30:41.507+0000][2342.533s][info ][safepoint     ] Leaving safepoint region
[2022-02-07T17:30:41.507+0000][2342.533s][info ][safepoint     ] Total time for which application threads were stopped: 0.0003195 seconds, Stopping threads took: 0.0000728 seconds
[2022-02-07T17:30:42.507+0000][2343.533s][debug][safepoint     ] Safepoint synchronization initiated. (301 threads)
[2022-02-07T17:30:42.507+0000][2343.533s][info ][safepoint     ] Application time: 1.0001337 seconds
[2022-02-07T17:30:42.508+0000][2343.533s][info ][safepoint     ] Entering safepoint region: Cleanup
[2022-02-07T17:30:42.508+0000][2343.534s][info ][safepoint     ] Leaving safepoint region
[2022-02-07T17:30:42.508+0000][2343.534s][info ][safepoint     ] Total time for which application threads were stopped: 0.0002573 seconds, Stopping threads took: 0.0000715 seconds
[2022-02-07T17:30:43.508+0000][2344.534s][debug][safepoint     ] Safepoint synchronization initiated. (301 threads)
[2022-02-07T17:30:43.508+0000][2344.534s][info ][safepoint     ] Application time: 1.0001135 seconds
[2022-02-07T17:30:43.508+0000][2344.534s][info ][safepoint     ] Entering safepoint region: Cleanup
[2022-02-07T17:30:43.508+0000][2344.534s][info ][safepoint     ] Leaving safepoint region
[2022-02-07T17:30:43.508+0000][2344.534s][info ][safepoint     ] Total time for which application threads were stopped: 0.0002797 seconds, Stopping threads took: 0.0000778 seconds
[2022-02-07T17:30:44.508+0000][2345.534s][debug][safepoint     ] Safepoint synchronization initiated. (301 threads)
[2022-02-07T17:30:44.508+0000][2345.534s][info ][safepoint     ] Application time: 1.0001114 seconds
[2022-02-07T17:30:44.508+0000][2345.534s][info ][safepoint     ] Entering safepoint region: Cleanup
[2022-02-07T17:30:44.509+0000][2345.534s][info ][safepoint     ] Leaving safepoint region
[2022-02-07T17:30:44.509+0000][2345.534s][info ][safepoint     ] Total time for which application threads were stopped: 0.0003347 seconds, Stopping threads took: 0.0000692 seconds
[2022-02-07T17:30:45.509+0000][2346.535s][debug][safepoint     ] Safepoint synchronization initiated. (301 threads)
[2022-02-07T17:30:45.509+0000][2346.535s][info ][safepoint     ] Application time: 1.0001063 seconds
[2022-02-07T17:30:45.509+0000][2346.535s][info ][safepoint     ] Entering safepoint region: Cleanup
[2022-02-07T17:30:45.509+0000][2346.535s][info ][safepoint     ] Leaving safepoint region
[2022-02-07T17:30:45.509+0000][2346.535s][info ][safepoint     ] Total time for which application threads were stopped: 0.0003213 seconds, Stopping threads took: 0.0000667 seconds
[2022-02-07T17:30:46.509+0000][2347.535s][debug][safepoint     ] Safepoint synchronization initiated. (301 threads)
[2022-02-07T17:30:46.509+0000][2347.535s][info ][safepoint     ] Application time: 1.0001240 seconds
[2022-02-07T17:30:46.509+0000][2347.535s][info ][safepoint     ] Entering safepoint region: Cleanup
[2022-02-07T17:30:46.510+0000][2347.536s][info ][safepoint     ] Leaving safepoint region
[2022-02-07T17:30:46.510+0000][2347.536s][info ][safepoint     ] Total time for which application threads were stopped: 0.0004378 seconds, Stopping threads took: 0.0000676 seconds
[2022-02-07T17:30:47.510+0000][2348.536s][debug][safepoint     ] Safepoint synchronization initiated. (301 threads)
[2022-02-07T17:30:47.510+0000][2348.536s][info ][safepoint     ] Application time: 1.0001172 seconds
[2022-02-07T17:30:47.510+0000][2348.536s][debug][safepoint     ] ... found polling page return exception at pc = 0x00007f11b45ef5be, stub =0x00007f11ac8beb80
[2022-02-07T17:30:47.510+0000][2348.536s][debug][safepoint     ] Waiting for 1 thread(s) to block
[2022-02-07T17:30:47.510+0000][2348.536s][info ][safepoint     ] Entering safepoint region: Cleanup
[2022-02-07T17:30:47.510+0000][2348.536s][info ][safepoint     ] Leaving safepoint region
[2022-02-07T17:30:47.510+0000][2348.536s][info ][safepoint     ] Total time for which application threads were stopped: 0.0003712 seconds, Stopping threads took: 0.0001381 seconds
[2022-02-07T17:30:48.510+0000][2349.536s][debug][safepoint     ] Safepoint synchronization initiated. (301 threads)
[2022-02-07T17:30:48.510+0000][2349.536s][info ][safepoint     ] Application time: 1.0001256 seconds
[2022-02-07T17:30:48.510+0000][2349.536s][info ][safepoint     ] Entering safepoint region: Cleanup
[2022-02-07T17:30:48.511+0000][2349.536s][info ][safepoint     ] Leaving safepoint region
[2022-02-07T17:30:48.511+0000][2349.536s][info ][safepoint     ] Total time for which application threads were stopped: 0.0002999 seconds, Stopping threads took: 0.0000694 seconds
[2022-02-07T17:30:48.846+0000][2349.872s][debug][safepoint     ] Safepoint synchronization initiated. (301 threads)
[2022-02-07T17:30:48.846+0000][2349.872s][info ][safepoint     ] Application time: 0.3353445 seconds
[2022-02-07T17:30:48.846+0000][2349.872s][info ][safepoint     ] Entering safepoint region: G1CollectForAllocation
[2022-02-07T17:30:48.846+0000][2349.872s][info ][gc,start      ] GC(190) Pause Young (Normal) (G1 Evacuation Pause)
[2022-02-07T17:30:48.846+0000][2349.872s][info ][gc,task       ] GC(190) Using 4 workers of 4 for evacuation
[2022-02-07T17:30:48.860+0000][2349.886s][info ][gc,phases     ] GC(190)   Pre Evacuate Collection Set: 0.0ms
[2022-02-07T17:30:48.860+0000][2349.886s][info ][gc,phases     ] GC(190)   Evacuate Collection Set: 5.9ms
[2022-02-07T17:30:48.860+0000][2349.886s][info ][gc,phases     ] GC(190)   Post Evacuate Collection Set: 7.8ms
[2022-02-07T17:30:48.860+0000][2349.886s][info ][gc,phases     ] GC(190)   Other: 0.2ms
[2022-02-07T17:30:48.860+0000][2349.886s][info ][gc,heap       ] GC(190) Eden regions: 235->0(235)
[2022-02-07T17:30:48.860+0000][2349.886s][info ][gc,heap       ] GC(190) Survivor regions: 1->1(30)
[2022-02-07T17:30:48.860+0000][2349.886s][info ][gc,heap       ] GC(190) Old regions: 150->150
[2022-02-07T17:30:48.860+0000][2349.886s][info ][gc,heap       ] GC(190) Humongous regions: 0->0
[2022-02-07T17:30:48.860+0000][2349.886s][info ][gc,metaspace  ] GC(190) Metaspace: 163395K->163395K(1206272K)
[2022-02-07T17:30:48.860+0000][2349.886s][info ][gc            ] GC(190) Pause Young (Normal) (G1 Evacuation Pause) 383M->148M(430M) 14.053ms
[2022-02-07T17:30:48.860+0000][2349.886s][info ][gc,cpu        ] GC(190) User=0.01s Sys=0.00s Real=0.02s
[2022-02-07T17:30:48.860+0000][2349.886s][info ][safepoint     ] Leaving safepoint region
[2022-02-07T17:30:48.860+0000][2349.886s][info ][safepoint     ] Total time for which application threads were stopped: 0.0144723 seconds, Stopping threads took: 0.0000686 seconds
[2022-02-07T17:30:48.862+0000][2349.888s][info ][gc,stringdedup] Concurrent String Deduplication (2349.888s)
[2022-02-07T17:30:48.862+0000][2349.888s][info ][gc,stringdedup] Concurrent String Deduplication 808.0B->40.0B(768.0B) avg 53.6% (2349.888s, 2349.888s) 0.039ms
[2022-02-07T17:30:49.861+0000][2350.886s][debug][safepoint     ] Safepoint synchronization initiated. (301 threads)
[2022-02-07T17:30:49.861+0000][2350.886s][info ][safepoint     ] Application time: 1.0001362 seconds
[2022-02-07T17:30:49.861+0000][2350.887s][info ][safepoint     ] Entering safepoint region: Cleanup
[2022-02-07T17:30:49.861+0000][2350.887s][info ][safepoint     ] Leaving safepoint region
[2022-02-07T17:30:49.861+0000][2350.887s][info ][safepoint     ] Total time for which application threads were stopped: 0.0003191 seconds, Stopping threads took: 0.0000697 seconds
[2022-02-07T17:30:50.861+0000][2351.887s][debug][safepoint     ] Safepoint synchronization initiated. (301 threads)
[2022-02-07T17:30:50.861+0000][2351.887s][info ][safepoint     ] Application time: 1.0001062 seconds
[2022-02-07T17:30:50.861+0000][2351.887s][info ][safepoint     ] Entering safepoint region: Cleanup
[2022-02-07T17:30:50.861+0000][2351.887s][info ][safepoint     ] Leaving safepoint region
[2022-02-07T17:30:50.861+0000][2351.887s][info ][safepoint     ] Total time for which application threads were stopped: 0.0003100 seconds, Stopping threads took: 0.0000733 seconds
[2022-02-07T17:30:51.861+0000][2352.887s][debug][safepoint     ] Safepoint synchronization initiated. (301 threads)
[2022-02-07T17:30:51.861+0000][2352.887s][info ][safepoint     ] Application time: 1.0001093 seconds
[2022-02-07T17:30:51.862+0000][2352.887s][info ][safepoint     ] Entering safepoint region: Cleanup
[2022-02-07T17:30:51.862+0000][2352.888s][info ][safepoint     ] Leaving safepoint region
[2022-02-07T17:30:51.862+0000][2352.888s][info ][safepoint     ] Total time for which application threads were stopped: 0.0003289 seconds, Stopping threads took: 0.0000742 seconds
[2022-02-07T17:30:52.862+0000][2353.888s][debug][safepoint     ] Safepoint synchronization initiated. (301 threads)
[2022-02-07T17:30:52.862+0000][2353.888s][info ][safepoint     ] Application time: 1.0001112 seconds
[2022-02-07T17:30:52.862+0000][2353.888s][info ][safepoint     ] Entering safepoint region: Cleanup
[2022-02-07T17:30:52.862+0000][2353.888s][info ][safepoint     ] Leaving safepoint region
[2022-02-07T17:30:52.862+0000][2353.888s][info ][safepoint     ] Total time for which application threads were stopped: 0.0003212 seconds, Stopping threads took: 0.0000698 seconds
[2022-02-07T17:30:53.862+0000][2354.888s][debug][safepoint     ] Safepoint synchronization initiated. (301 threads)
[2022-02-07T17:30:53.862+0000][2354.888s][info ][safepoint     ] Application time: 1.0001097 seconds
[2022-02-07T17:30:53.862+0000][2354.888s][info ][safepoint     ] Entering safepoint region: Cleanup
[2022-02-07T17:30:53.863+0000][2354.889s][info ][safepoint     ] Leaving safepoint region
[2022-02-07T17:30:53.863+0000][2354.889s][info ][safepoint     ] Total time for which application threads were stopped: 0.0004833 seconds, Stopping threads took: 0.0000715 seconds
[2022-02-07T17:30:54.863+0000][2355.889s][debug][safepoint     ] Safepoint synchronization initiated. (301 threads)
[2022-02-07T17:30:54.863+0000][2355.889s][info ][safepoint     ] Application time: 1.0001202 seconds
[2022-02-07T17:30:54.863+0000][2355.889s][info ][safepoint     ] Entering safepoint region: Cleanup
[2022-02-07T17:30:54.863+0000][2355.889s][info ][safepoint     ] Leaving safepoint region
[2022-02-07T17:30:54.863+0000][2355.889s][info ][safepoint     ] Total time for which application threads were stopped: 0.0004588 seconds, Stopping threads took: 0.0000714 seconds
[2022-02-07T17:30:55.864+0000][2356.889s][debug][safepoint     ] Safepoint synchronization initiated. (301 threads)
[2022-02-07T17:30:55.864+0000][2356.889s][info ][safepoint     ] Application time: 1.0001212 seconds
[2022-02-07T17:30:55.864+0000][2356.890s][info ][safepoint     ] Entering safepoint region: Cleanup
[2022-02-07T17:30:55.864+0000][2356.890s][info ][safepoint     ] Leaving safepoint region
[2022-02-07T17:30:55.864+0000][2356.890s][info ][safepoint     ] Total time for which application threads were stopped: 0.0004608 seconds, Stopping threads took: 0.0000718 seconds
[2022-02-07T17:30:56.864+0000][2357.890s][debug][safepoint     ] Safepoint synchronization initiated. (301 threads)
[2022-02-07T17:30:56.864+0000][2357.890s][info ][safepoint     ] Application time: 1.0001399 seconds
[2022-02-07T17:30:56.864+0000][2357.890s][info ][safepoint     ] Entering safepoint region: Cleanup
[2022-02-07T17:30:56.865+0000][2357.891s][info ][safepoint     ] Leaving safepoint region
[2022-02-07T17:30:56.865+0000][2357.891s][info ][safepoint     ] Total time for which application threads were stopped: 0.0004552 seconds, Stopping threads took: 0.0000715 seconds
[2022-02-07T17:30:57.865+0000][2358.891s][debug][safepoint     ] Safepoint synchronization initiated. (301 threads)
[2022-02-07T17:30:57.865+0000][2358.891s][info ][safepoint     ] Application time: 1.0001270 seconds
[2022-02-07T17:30:57.865+0000][2358.891s][info ][safepoint     ] Entering safepoint region: Cleanup
[2022-02-07T17:30:57.865+0000][2358.891s][info ][safepoint     ] Leaving safepoint region
[2022-02-07T17:30:57.865+0000][2358.891s][info ][safepoint     ] Total time for which application threads were stopped: 0.0004777 seconds, Stopping threads took: 0.0000767 seconds
[2022-02-07T17:30:58.865+0000][2359.891s][debug][safepoint     ] Safepoint synchronization initiated. (301 threads)
[2022-02-07T17:30:58.865+0000][2359.891s][info ][safepoint     ] Application time: 1.0001132 seconds
[2022-02-07T17:30:58.866+0000][2359.891s][info ][safepoint     ] Entering safepoint region: Cleanup
[2022-02-07T17:30:58.866+0000][2359.892s][info ][safepoint     ] Leaving safepoint region
[2022-02-07T17:30:58.866+0000][2359.892s][info ][safepoint     ] Total time for which application threads were stopped: 0.0004453 seconds, Stopping threads took: 0.0000713 seconds
[2022-02-07T17:30:59.866+0000][2360.892s][debug][safepoint     ] Safepoint synchronization initiated. (301 threads)
[2022-02-07T17:30:59.866+0000][2360.892s][info ][safepoint     ] Application time: 1.0000854 seconds
[2022-02-07T17:30:59.866+0000][2360.892s][info ][safepoint     ] Entering safepoint region: Cleanup
[2022-02-07T17:30:59.866+0000][2360.892s][info ][safepoint     ] Leaving safepoint region
[2022-02-07T17:30:59.866+0000][2360.892s][info ][safepoint     ] Total time for which application threads were stopped: 0.0004550 seconds, Stopping threads took: 0.0000713 seconds
[2022-02-07T17:31:00.867+0000][2361.892s][debug][safepoint     ] Safepoint synchronization initiated. (301 threads)
[2022-02-07T17:31:00.867+0000][2361.892s][info ][safepoint     ] Application time: 1.0001367 seconds
[2022-02-07T17:31:00.867+0000][2361.893s][info ][safepoint     ] Entering safepoint region: Cleanup
[2022-02-07T17:31:00.867+0000][2361.893s][info ][safepoint     ] Leaving safepoint region
[2022-02-07T17:31:00.867+0000][2361.893s][info ][safepoint     ] Total time for which application threads were stopped: 0.0003301 seconds, Stopping threads took: 0.0000732 seconds
[2022-02-07T17:31:01.867+0000][2362.893s][debug][safepoint     ] Safepoint synchronization initiated. (301 threads)
[2022-02-07T17:31:01.867+0000][2362.893s][info ][safepoint     ] Application time: 1.0001095 seconds
[2022-02-07T17:31:01.867+0000][2362.893s][info ][safepoint     ] Entering safepoint region: Cleanup
[2022-02-07T17:31:01.867+0000][2362.893s][info ][safepoint     ] Leaving safepoint region
[2022-02-07T17:31:01.867+0000][2362.893s][info ][safepoint     ] Total time for which application threads were stopped: 0.0003143 seconds, Stopping threads took: 0.0000693 seconds
[2022-02-07T17:31:02.867+0000][2363.893s][debug][safepoint     ] Safepoint synchronization initiated. (301 threads)
[2022-02-07T17:31:02.868+0000][2363.893s][info ][safepoint     ] Application time: 1.0001133 seconds
[2022-02-07T17:31:02.868+0000][2363.893s][info ][safepoint     ] Entering safepoint region: Cleanup
[2022-02-07T17:31:02.868+0000][2363.894s][info ][safepoint     ] Leaving safepoint region
[2022-02-07T17:31:02.868+0000][2363.894s][info ][safepoint     ] Total time for which application threads were stopped: 0.0003392 seconds, Stopping threads took: 0.0000856 seconds
[2022-02-07T17:31:03.307+0000][2364.333s][debug][safepoint     ] Safepoint synchronization initiated. (301 threads)
[2022-02-07T17:31:03.307+0000][2364.333s][info ][safepoint     ] Application time: 0.4393836 seconds
[2022-02-07T17:31:03.307+0000][2364.333s][info ][safepoint     ] Entering safepoint region: G1CollectForAllocation
[2022-02-07T17:31:03.308+0000][2364.334s][info ][gc,start      ] GC(191) Pause Young (Normal) (G1 Evacuation Pause)
[2022-02-07T17:31:03.308+0000][2364.334s][info ][gc,task       ] GC(191) Using 4 workers of 4 for evacuation
[2022-02-07T17:31:03.319+0000][2364.345s][info ][gc,phases     ] GC(191)   Pre Evacuate Collection Set: 0.0ms
[2022-02-07T17:31:03.319+0000][2364.345s][info ][gc,phases     ] GC(191)   Evacuate Collection Set: 3.0ms
[2022-02-07T17:31:03.319+0000][2364.345s][info ][gc,phases     ] GC(191)   Post Evacuate Collection Set: 8.3ms
[2022-02-07T17:31:03.319+0000][2364.345s][info ][gc,phases     ] GC(191)   Other: 0.3ms
[2022-02-07T17:31:03.319+0000][2364.345s][info ][gc,heap       ] GC(191) Eden regions: 235->0(235)
[2022-02-07T17:31:03.319+0000][2364.345s][info ][gc,heap       ] GC(191) Survivor regions: 1->1(30)
[2022-02-07T17:31:03.319+0000][2364.345s][info ][gc,heap       ] GC(191) Old regions: 150->150
[2022-02-07T17:31:03.319+0000][2364.345s][info ][gc,heap       ] GC(191) Humongous regions: 0->0
[2022-02-07T17:31:03.319+0000][2364.345s][info ][gc,metaspace  ] GC(191) Metaspace: 163395K->163395K(1206272K)
[2022-02-07T17:31:03.319+0000][2364.345s][info ][gc            ] GC(191) Pause Young (Normal) (G1 Evacuation Pause) 383M->148M(430M) 11.710ms
[2022-02-07T17:31:03.319+0000][2364.345s][info ][gc,cpu        ] GC(191) User=0.01s Sys=0.00s Real=0.01s
[2022-02-07T17:31:03.319+0000][2364.345s][info ][safepoint     ] Leaving safepoint region
[2022-02-07T17:31:03.319+0000][2364.345s][info ][safepoint     ] Total time for which application threads were stopped: 0.0121808 seconds, Stopping threads took: 0.0000743 seconds
[2022-02-07T17:31:03.323+0000][2364.349s][info ][gc,stringdedup] Concurrent String Deduplication (2364.349s)
[2022-02-07T17:31:03.323+0000][2364.349s][info ][gc,stringdedup] Concurrent String Deduplication 1344.0B->0.0B(1344.0B) avg 53.6% (2364.349s, 2364.349s) 0.073ms
[2022-02-07T17:31:04.320+0000][2365.345s][debug][safepoint     ] Safepoint synchronization initiated. (301 threads)
[2022-02-07T17:31:04.320+0000][2365.345s][info ][safepoint     ] Application time: 1.0001342 seconds
[2022-02-07T17:31:04.320+0000][2365.346s][info ][safepoint     ] Entering safepoint region: Cleanup
[2022-02-07T17:31:04.320+0000][2365.346s][info ][safepoint     ] Leaving safepoint region
[2022-02-07T17:31:04.320+0000][2365.346s][info ][safepoint     ] Total time for which application threads were stopped: 0.0004557 seconds, Stopping threads took: 0.0000709 seconds
[2022-02-07T17:31:05.320+0000][2366.346s][debug][safepoint     ] Safepoint synchronization initiated. (301 threads)
[2022-02-07T17:31:05.320+0000][2366.346s][info ][safepoint     ] Application time: 1.0001196 seconds
[2022-02-07T17:31:05.320+0000][2366.346s][info ][safepoint     ] Entering safepoint region: Cleanup
[2022-02-07T17:31:05.321+0000][2366.347s][info ][safepoint     ] Leaving safepoint region
[2022-02-07T17:31:05.321+0000][2366.347s][info ][safepoint     ] Total time for which application threads were stopped: 0.0005329 seconds, Stopping threads took: 0.0000750 seconds
[2022-02-07T17:31:06.321+0000][2367.347s][debug][safepoint     ] Safepoint synchronization initiated. (301 threads)
[2022-02-07T17:31:06.321+0000][2367.347s][info ][safepoint     ] Application time: 1.0001033 seconds
[2022-02-07T17:31:06.321+0000][2367.347s][info ][safepoint     ] Entering safepoint region: Cleanup
[2022-02-07T17:31:06.321+0000][2367.347s][info ][safepoint     ] Leaving safepoint region
[2022-02-07T17:31:06.321+0000][2367.347s][info ][safepoint     ] Total time for which application threads were stopped: 0.0004608 seconds, Stopping threads took: 0.0000706 seconds
[2022-02-07T17:31:07.321+0000][2368.347s][debug][safepoint     ] Safepoint synchronization initiated. (301 threads)
[2022-02-07T17:31:07.321+0000][2368.347s][info ][safepoint     ] Application time: 1.0001260 seconds
[2022-02-07T17:31:07.322+0000][2368.347s][info ][safepoint     ] Entering safepoint region: Cleanup
[2022-02-07T17:31:07.322+0000][2368.348s][info ][safepoint     ] Leaving safepoint region
[2022-02-07T17:31:07.322+0000][2368.348s][info ][safepoint     ] Total time for which application threads were stopped: 0.0004629 seconds, Stopping threads took: 0.0000759 seconds
[2022-02-07T17:31:08.322+0000][2369.348s][debug][safepoint     ] Safepoint synchronization initiated. (301 threads)
[2022-02-07T17:31:08.322+0000][2369.348s][info ][safepoint     ] Application time: 1.0001207 seconds
[2022-02-07T17:31:08.322+0000][2369.348s][info ][safepoint     ] Entering safepoint region: Cleanup
[2022-02-07T17:31:08.322+0000][2369.348s][info ][safepoint     ] Leaving safepoint region
[2022-02-07T17:31:08.323+0000][2369.348s][info ][safepoint     ] Total time for which application threads were stopped: 0.0004413 seconds, Stopping threads took: 0.0000692 seconds
[2022-02-07T17:31:09.323+0000][2370.348s][debug][safepoint     ] Safepoint synchronization initiated. (301 threads)
[2022-02-07T17:31:09.323+0000][2370.348s][info ][safepoint     ] Application time: 1.0001164 seconds
[2022-02-07T17:31:09.323+0000][2370.349s][info ][safepoint     ] Entering safepoint region: Cleanup
[2022-02-07T17:31:09.323+0000][2370.349s][info ][safepoint     ] Leaving safepoint region
[2022-02-07T17:31:09.323+0000][2370.349s][info ][safepoint     ] Total time for which application threads were stopped: 0.0004458 seconds, Stopping threads took: 0.0000694 seconds
[2022-02-07T17:31:10.323+0000][2371.349s][debug][safepoint     ] Safepoint synchronization initiated. (301 threads)
[2022-02-07T17:31:10.323+0000][2371.349s][info ][safepoint     ] Application time: 1.0001310 seconds
[2022-02-07T17:31:10.323+0000][2371.349s][info ][safepoint     ] Entering safepoint region: Cleanup
[2022-02-07T17:31:10.324+0000][2371.350s][info ][safepoint     ] Leaving safepoint region
[2022-02-07T17:31:10.324+0000][2371.350s][info ][safepoint     ] Total time for which application threads were stopped: 0.0004648 seconds, Stopping threads took: 0.0000748 seconds
[2022-02-07T17:31:11.324+0000][2372.350s][debug][safepoint     ] Safepoint synchronization initiated. (301 threads)
[2022-02-07T17:31:11.324+0000][2372.350s][info ][safepoint     ] Application time: 1.0001221 seconds
[2022-02-07T17:31:11.324+0000][2372.350s][info ][safepoint     ] Entering safepoint region: Cleanup
[2022-02-07T17:31:11.324+0000][2372.350s][info ][safepoint     ] Leaving safepoint region
[2022-02-07T17:31:11.324+0000][2372.350s][info ][safepoint     ] Total time for which application threads were stopped: 0.0004467 seconds, Stopping threads took: 0.0000710 seconds
[2022-02-07T17:31:12.324+0000][2373.350s][debug][safepoint     ] Safepoint synchronization initiated. (301 threads)
[2022-02-07T17:31:12.324+0000][2373.350s][info ][safepoint     ] Application time: 1.0001502 seconds
[2022-02-07T17:31:12.325+0000][2373.350s][info ][safepoint     ] Entering safepoint region: Cleanup
[2022-02-07T17:31:12.325+0000][2373.351s][info ][safepoint     ] Leaving safepoint region
[2022-02-07T17:31:12.325+0000][2373.351s][info ][safepoint     ] Total time for which application threads were stopped: 0.0003159 seconds, Stopping threads took: 0.0000727 seconds
[2022-02-07T17:31:13.325+0000][2374.351s][debug][safepoint     ] Safepoint synchronization initiated. (301 threads)
[2022-02-07T17:31:13.325+0000][2374.351s][info ][safepoint     ] Application time: 1.0001167 seconds
[2022-02-07T17:31:13.325+0000][2374.351s][info ][safepoint     ] Entering safepoint region: Cleanup
[2022-02-07T17:31:13.325+0000][2374.351s][info ][safepoint     ] Leaving safepoint region
[2022-02-07T17:31:13.325+0000][2374.351s][info ][safepoint     ] Total time for which application threads were stopped: 0.0004359 seconds, Stopping threads took: 0.0000676 seconds
[2022-02-07T17:31:14.325+0000][2375.351s][debug][safepoint     ] Safepoint synchronization initiated. (301 threads)
[2022-02-07T17:31:14.325+0000][2375.351s][info ][safepoint     ] Application time: 1.0001055 seconds
[2022-02-07T17:31:14.326+0000][2375.351s][info ][safepoint     ] Entering safepoint region: Cleanup
[2022-02-07T17:31:14.326+0000][2375.352s][info ][safepoint     ] Leaving safepoint region
[2022-02-07T17:31:14.326+0000][2375.352s][info ][safepoint     ] Total time for which application threads were stopped: 0.0004351 seconds, Stopping threads took: 0.0000676 seconds
[2022-02-07T17:31:15.326+0000][2376.352s][debug][safepoint     ] Safepoint synchronization initiated. (301 threads)
[2022-02-07T17:31:15.326+0000][2376.352s][info ][safepoint     ] Application time: 1.0001422 seconds
[2022-02-07T17:31:15.326+0000][2376.352s][info ][safepoint     ] Entering safepoint region: Cleanup
[2022-02-07T17:31:15.326+0000][2376.352s][info ][safepoint     ] Leaving safepoint region
[2022-02-07T17:31:15.326+0000][2376.352s][info ][safepoint     ] Total time for which application threads were stopped: 0.0003081 seconds, Stopping threads took: 0.0000812 seconds
[2022-02-07T17:31:16.326+0000][2377.352s][debug][safepoint     ] Safepoint synchronization initiated. (301 threads)
[2022-02-07T17:31:16.327+0000][2377.352s][info ][safepoint     ] Application time: 1.0001177 seconds
[2022-02-07T17:31:16.327+0000][2377.352s][info ][safepoint     ] Entering safepoint region: Cleanup
[2022-02-07T17:31:16.327+0000][2377.353s][info ][safepoint     ] Leaving safepoint region
[2022-02-07T17:31:16.327+0000][2377.353s][info ][safepoint     ] Total time for which application threads were stopped: 0.0004451 seconds, Stopping threads took: 0.0000756 seconds
[2022-02-07T17:31:17.327+0000][2378.353s][debug][safepoint     ] Safepoint synchronization initiated. (301 threads)
[2022-02-07T17:31:17.327+0000][2378.353s][info ][safepoint     ] Application time: 1.0001274 seconds
[2022-02-07T17:31:17.327+0000][2378.353s][info ][safepoint     ] Entering safepoint region: Cleanup
[2022-02-07T17:31:17.328+0000][2378.353s][info ][safepoint     ] Leaving safepoint region
[2022-02-07T17:31:17.328+0000][2378.353s][info ][safepoint     ] Total time for which application threads were stopped: 0.0005067 seconds, Stopping threads took: 0.0000885 seconds
[2022-02-07T17:31:18.328+0000][2379.354s][debug][safepoint     ] Safepoint synchronization initiated. (301 threads)
[2022-02-07T17:31:18.328+0000][2379.354s][info ][safepoint     ] Application time: 1.0001049 seconds
[2022-02-07T17:31:18.328+0000][2379.354s][info ][safepoint     ] Entering safepoint region: Cleanup
[2022-02-07T17:31:18.328+0000][2379.354s][info ][safepoint     ] Leaving safepoint region
[2022-02-07T17:31:18.328+0000][2379.354s][info ][safepoint     ] Total time for which application threads were stopped: 0.0002567 seconds, Stopping threads took: 0.0000634 seconds
[2022-02-07T17:31:19.328+0000][2380.354s][debug][safepoint     ] Safepoint synchronization initiated. (301 threads)
[2022-02-07T17:31:19.328+0000][2380.354s][info ][safepoint     ] Application time: 1.0001068 seconds
[2022-02-07T17:31:19.328+0000][2380.354s][info ][safepoint     ] Entering safepoint region: Cleanup
[2022-02-07T17:31:19.328+0000][2380.354s][info ][safepoint     ] Leaving safepoint region
[2022-02-07T17:31:19.328+0000][2380.354s][info ][safepoint     ] Total time for which application threads were stopped: 0.0002782 seconds, Stopping threads took: 0.0000638 seconds
[2022-02-07T17:31:20.044+0000][2381.070s][debug][safepoint     ] Safepoint synchronization initiated. (301 threads)
[2022-02-07T17:31:20.044+0000][2381.070s][info ][safepoint     ] Application time: 0.7159174 seconds
[2022-02-07T17:31:20.044+0000][2381.070s][info ][safepoint     ] Entering safepoint region: G1CollectForAllocation
[2022-02-07T17:31:20.045+0000][2381.071s][info ][gc,start      ] GC(192) Pause Young (Normal) (G1 Evacuation Pause)
[2022-02-07T17:31:20.045+0000][2381.071s][info ][gc,task       ] GC(192) Using 4 workers of 4 for evacuation
[2022-02-07T17:31:20.052+0000][2381.078s][info ][gc,phases     ] GC(192)   Pre Evacuate Collection Set: 0.0ms
[2022-02-07T17:31:20.052+0000][2381.078s][info ][gc,phases     ] GC(192)   Evacuate Collection Set: 3.1ms
[2022-02-07T17:31:20.052+0000][2381.078s][info ][gc,phases     ] GC(192)   Post Evacuate Collection Set: 4.1ms
[2022-02-07T17:31:20.052+0000][2381.078s][info ][gc,phases     ] GC(192)   Other: 0.2ms
[2022-02-07T17:31:20.052+0000][2381.078s][info ][gc,heap       ] GC(192) Eden regions: 235->0(235)
[2022-02-07T17:31:20.052+0000][2381.078s][info ][gc,heap       ] GC(192) Survivor regions: 1->1(30)
[2022-02-07T17:31:20.052+0000][2381.078s][info ][gc,heap       ] GC(192) Old regions: 150->150
[2022-02-07T17:31:20.052+0000][2381.078s][info ][gc,heap       ] GC(192) Humongous regions: 0->0
[2022-02-07T17:31:20.052+0000][2381.078s][info ][gc,metaspace  ] GC(192) Metaspace: 163398K->163398K(1206272K)
[2022-02-07T17:31:20.052+0000][2381.078s][info ][gc            ] GC(192) Pause Young (Normal) (G1 Evacuation Pause) 383M->148M(430M) 7.545ms
[2022-02-07T17:31:20.052+0000][2381.078s][info ][gc,cpu        ] GC(192) User=0.01s Sys=0.00s Real=0.01s
[2022-02-07T17:31:20.052+0000][2381.078s][info ][safepoint     ] Leaving safepoint region
[2022-02-07T17:31:20.052+0000][2381.078s][info ][safepoint     ] Total time for which application threads were stopped: 0.0079198 seconds, Stopping threads took: 0.0000624 seconds
[2022-02-07T17:31:20.052+0000][2381.078s][info ][gc,stringdedup] Concurrent String Deduplication (2381.078s)
[2022-02-07T17:31:20.052+0000][2381.078s][info ][gc,stringdedup] Concurrent String Deduplication 552.0B->0.0B(552.0B) avg 53.6% (2381.078s, 2381.078s) 0.033ms
[2022-02-07T17:31:21.052+0000][2382.078s][debug][safepoint     ] Safepoint synchronization initiated. (301 threads)
[2022-02-07T17:31:21.052+0000][2382.078s][info ][safepoint     ] Application time: 1.0001629 seconds
[2022-02-07T17:31:21.053+0000][2382.078s][info ][safepoint     ] Entering safepoint region: Cleanup
[2022-02-07T17:31:21.053+0000][2382.079s][info ][safepoint     ] Leaving safepoint region
[2022-02-07T17:31:21.053+0000][2382.079s][info ][safepoint     ] Total time for which application threads were stopped: 0.0002321 seconds, Stopping threads took: 0.0000637 seconds
[2022-02-07T17:31:22.053+0000][2383.079s][debug][safepoint     ] Safepoint synchronization initiated. (301 threads)
[2022-02-07T17:31:22.053+0000][2383.079s][info ][safepoint     ] Application time: 1.0001313 seconds
[2022-02-07T17:31:22.053+0000][2383.079s][info ][safepoint     ] Entering safepoint region: Cleanup
[2022-02-07T17:31:22.053+0000][2383.079s][info ][safepoint     ] Leaving safepoint region
[2022-02-07T17:31:22.053+0000][2383.079s][info ][safepoint     ] Total time for which application threads were stopped: 0.0003528 seconds, Stopping threads took: 0.0000848 seconds
[2022-02-07T17:31:23.053+0000][2384.079s][debug][safepoint     ] Safepoint synchronization initiated. (301 threads)
[2022-02-07T17:31:23.053+0000][2384.079s][info ][safepoint     ] Application time: 1.0001058 seconds
[2022-02-07T17:31:23.053+0000][2384.079s][info ][safepoint     ] Entering safepoint region: Cleanup
[2022-02-07T17:31:23.054+0000][2384.080s][info ][safepoint     ] Leaving safepoint region
[2022-02-07T17:31:23.054+0000][2384.080s][info ][safepoint     ] Total time for which application threads were stopped: 0.0004687 seconds, Stopping threads took: 0.0000656 seconds
[2022-02-07T17:31:24.054+0000][2385.080s][debug][safepoint     ] Safepoint synchronization initiated. (301 threads)
[2022-02-07T17:31:24.054+0000][2385.080s][info ][safepoint     ] Application time: 1.0000871 seconds
[2022-02-07T17:31:24.054+0000][2385.080s][info ][safepoint     ] Entering safepoint region: Cleanup
[2022-02-07T17:31:24.054+0000][2385.080s][info ][safepoint     ] Leaving safepoint region
[2022-02-07T17:31:24.054+0000][2385.080s][info ][safepoint     ] Total time for which application threads were stopped: 0.0003793 seconds, Stopping threads took: 0.0000619 seconds
[2022-02-07T17:31:25.054+0000][2386.080s][debug][safepoint     ] Safepoint synchronization initiated. (301 threads)
[2022-02-07T17:31:25.054+0000][2386.080s][info ][safepoint     ] Application time: 1.0001497 seconds
[2022-02-07T17:31:25.055+0000][2386.080s][info ][safepoint     ] Entering safepoint region: Cleanup
[2022-02-07T17:31:25.055+0000][2386.081s][info ][safepoint     ] Leaving safepoint region
[2022-02-07T17:31:25.055+0000][2386.081s][info ][safepoint     ] Total time for which application threads were stopped: 0.0003279 seconds, Stopping threads took: 0.0000857 seconds
[2022-02-07T17:31:26.055+0000][2387.081s][debug][safepoint     ] Safepoint synchronization initiated. (301 threads)
[2022-02-07T17:31:26.055+0000][2387.081s][info ][safepoint     ] Application time: 1.0001230 seconds
[2022-02-07T17:31:26.055+0000][2387.081s][info ][safepoint     ] Entering safepoint region: Cleanup
[2022-02-07T17:31:26.055+0000][2387.081s][info ][safepoint     ] Leaving safepoint region
[2022-02-07T17:31:26.055+0000][2387.081s][info ][safepoint     ] Total time for which application threads were stopped: 0.0002668 seconds, Stopping threads took: 0.0000734 seconds
[2022-02-07T17:31:27.055+0000][2388.081s][debug][safepoint     ] Safepoint synchronization initiated. (301 threads)
[2022-02-07T17:31:27.055+0000][2388.081s][info ][safepoint     ] Application time: 1.0001504 seconds
[2022-02-07T17:31:27.055+0000][2388.081s][info ][safepoint     ] Entering safepoint region: Cleanup
[2022-02-07T17:31:27.056+0000][2388.082s][info ][safepoint     ] Leaving safepoint region
[2022-02-07T17:31:27.056+0000][2388.082s][info ][safepoint     ] Total time for which application threads were stopped: 0.0004868 seconds, Stopping threads took: 0.0000797 seconds
[2022-02-07T17:31:28.056+0000][2389.082s][debug][safepoint     ] Safepoint synchronization initiated. (301 threads)
[2022-02-07T17:31:28.056+0000][2389.082s][info ][safepoint     ] Application time: 1.0001368 seconds
[2022-02-07T17:31:28.056+0000][2389.082s][info ][safepoint     ] Entering safepoint region: Cleanup
[2022-02-07T17:31:28.056+0000][2389.082s][info ][safepoint     ] Leaving safepoint region
[2022-02-07T17:31:28.056+0000][2389.082s][info ][safepoint     ] Total time for which application threads were stopped: 0.0004601 seconds, Stopping threads took: 0.0000787 seconds
[2022-02-07T17:31:29.057+0000][2390.082s][debug][safepoint     ] Safepoint synchronization initiated. (301 threads)
[2022-02-07T17:31:29.057+0000][2390.082s][info ][safepoint     ] Application time: 1.0001171 seconds
[2022-02-07T17:31:29.057+0000][2390.082s][info ][safepoint     ] Entering safepoint region: Cleanup
[2022-02-07T17:31:29.057+0000][2390.083s][info ][safepoint     ] Leaving safepoint region
[2022-02-07T17:31:29.057+0000][2390.083s][info ][safepoint     ] Total time for which application threads were stopped: 0.0003040 seconds, Stopping threads took: 0.0000672 seconds
[2022-02-07T17:31:30.057+0000][2391.083s][debug][safepoint     ] Safepoint synchronization initiated. (301 threads)
[2022-02-07T17:31:30.057+0000][2391.083s][info ][safepoint     ] Application time: 1.0001299 seconds
[2022-02-07T17:31:30.057+0000][2391.083s][info ][safepoint     ] Entering safepoint region: Cleanup
[2022-02-07T17:31:30.057+0000][2391.083s][info ][safepoint     ] Leaving safepoint region
[2022-02-07T17:31:30.057+0000][2391.083s][info ][safepoint     ] Total time for which application threads were stopped: 0.0004541 seconds, Stopping threads took: 0.0000764 seconds
[2022-02-07T17:31:31.058+0000][2392.083s][debug][safepoint     ] Safepoint synchronization initiated. (301 threads)
[2022-02-07T17:31:31.058+0000][2392.083s][info ][safepoint     ] Application time: 1.0001133 seconds
[2022-02-07T17:31:31.058+0000][2392.084s][info ][safepoint     ] Entering safepoint region: Cleanup
[2022-02-07T17:31:31.058+0000][2392.084s][info ][safepoint     ] Leaving safepoint region
[2022-02-07T17:31:31.058+0000][2392.084s][info ][safepoint     ] Total time for which application threads were stopped: 0.0004531 seconds, Stopping threads took: 0.0000722 seconds
[2022-02-07T17:31:32.058+0000][2393.084s][debug][safepoint     ] Safepoint synchronization initiated. (301 threads)
[2022-02-07T17:31:32.058+0000][2393.084s][info ][safepoint     ] Application time: 1.0001212 seconds
[2022-02-07T17:31:32.058+0000][2393.084s][info ][safepoint     ] Entering safepoint region: Cleanup
[2022-02-07T17:31:32.059+0000][2393.085s][info ][safepoint     ] Leaving safepoint region
[2022-02-07T17:31:32.059+0000][2393.085s][info ][safepoint     ] Total time for which application threads were stopped: 0.0004616 seconds, Stopping threads took: 0.0000772 seconds
[2022-02-07T17:31:33.059+0000][2394.085s][debug][safepoint     ] Safepoint synchronization initiated. (301 threads)
[2022-02-07T17:31:33.059+0000][2394.085s][info ][safepoint     ] Application time: 1.0001171 seconds
[2022-02-07T17:31:33.059+0000][2394.085s][info ][safepoint     ] Entering safepoint region: Cleanup
[2022-02-07T17:31:33.059+0000][2394.085s][info ][safepoint     ] Leaving safepoint region
[2022-02-07T17:31:33.059+0000][2394.085s][info ][safepoint     ] Total time for which application threads were stopped: 0.0004596 seconds, Stopping threads took: 0.0000730 seconds
[2022-02-07T17:31:34.059+0000][2395.085s][debug][safepoint     ] Safepoint synchronization initiated. (301 threads)
[2022-02-07T17:31:34.059+0000][2395.085s][info ][safepoint     ] Application time: 1.0001132 seconds
[2022-02-07T17:31:34.059+0000][2395.085s][info ][safepoint     ] Entering safepoint region: Cleanup
[2022-02-07T17:31:34.060+0000][2395.086s][info ][safepoint     ] Leaving safepoint region
[2022-02-07T17:31:34.060+0000][2395.086s][info ][safepoint     ] Total time for which application threads were stopped: 0.0003304 seconds, Stopping threads took: 0.0000699 seconds
[2022-02-07T17:31:35.060+0000][2396.086s][debug][safepoint     ] Safepoint synchronization initiated. (301 threads)
[2022-02-07T17:31:35.060+0000][2396.086s][info ][safepoint     ] Application time: 1.0001267 seconds
[2022-02-07T17:31:35.060+0000][2396.086s][info ][safepoint     ] Entering safepoint region: Cleanup
[2022-02-07T17:31:35.060+0000][2396.086s][info ][safepoint     ] Leaving safepoint region
[2022-02-07T17:31:35.060+0000][2396.086s][info ][safepoint     ] Total time for which application threads were stopped: 0.0002536 seconds, Stopping threads took: 0.0000698 seconds
[2022-02-07T17:31:36.060+0000][2397.086s][debug][safepoint     ] Safepoint synchronization initiated. (301 threads)
[2022-02-07T17:31:36.060+0000][2397.086s][info ][safepoint     ] Application time: 1.0001258 seconds
[2022-02-07T17:31:36.060+0000][2397.086s][info ][safepoint     ] Entering safepoint region: Cleanup
[2022-02-07T17:31:36.061+0000][2397.086s][info ][safepoint     ] Leaving safepoint region
[2022-02-07T17:31:36.061+0000][2397.086s][info ][safepoint     ] Total time for which application threads were stopped: 0.0003085 seconds, Stopping threads took: 0.0000711 seconds
[2022-02-07T17:31:37.061+0000][2398.087s][debug][safepoint     ] Safepoint synchronization initiated. (301 threads)
[2022-02-07T17:31:37.061+0000][2398.087s][info ][safepoint     ] Application time: 1.0001137 seconds
[2022-02-07T17:31:37.061+0000][2398.087s][info ][safepoint     ] Entering safepoint region: Cleanup
[2022-02-07T17:31:37.061+0000][2398.087s][info ][safepoint     ] Leaving safepoint region
[2022-02-07T17:31:37.061+0000][2398.087s][info ][safepoint     ] Total time for which application threads were stopped: 0.0004450 seconds, Stopping threads took: 0.0000714 seconds
[2022-02-07T17:31:37.591+0000][2398.617s][debug][safepoint     ] Safepoint synchronization initiated. (301 threads)
[2022-02-07T17:31:37.591+0000][2398.617s][info ][safepoint     ] Application time: 0.5301018 seconds
[2022-02-07T17:31:37.591+0000][2398.617s][info ][safepoint     ] Entering safepoint region: G1CollectForAllocation
[2022-02-07T17:31:37.592+0000][2398.618s][info ][gc,start      ] GC(193) Pause Young (Normal) (G1 Evacuation Pause)
[2022-02-07T17:31:37.592+0000][2398.618s][info ][gc,task       ] GC(193) Using 4 workers of 4 for evacuation
[2022-02-07T17:31:37.608+0000][2398.634s][info ][gc,phases     ] GC(193)   Pre Evacuate Collection Set: 0.0ms
[2022-02-07T17:31:37.608+0000][2398.634s][info ][gc,phases     ] GC(193)   Evacuate Collection Set: 7.5ms
[2022-02-07T17:31:37.608+0000][2398.634s][info ][gc,phases     ] GC(193)   Post Evacuate Collection Set: 9.0ms
[2022-02-07T17:31:37.609+0000][2398.634s][info ][gc,phases     ] GC(193)   Other: 0.2ms
[2022-02-07T17:31:37.609+0000][2398.634s][info ][gc,heap       ] GC(193) Eden regions: 235->0(235)
[2022-02-07T17:31:37.609+0000][2398.634s][info ][gc,heap       ] GC(193) Survivor regions: 1->1(30)
[2022-02-07T17:31:37.609+0000][2398.634s][info ][gc,heap       ] GC(193) Old regions: 150->150
[2022-02-07T17:31:37.609+0000][2398.634s][info ][gc,heap       ] GC(193) Humongous regions: 0->0
[2022-02-07T17:31:37.609+0000][2398.634s][info ][gc,metaspace  ] GC(193) Metaspace: 163399K->163399K(1206272K)
[2022-02-07T17:31:37.609+0000][2398.634s][info ][gc            ] GC(193) Pause Young (Normal) (G1 Evacuation Pause) 383M->148M(430M) 16.833ms
[2022-02-07T17:31:37.609+0000][2398.634s][info ][gc,cpu        ] GC(193) User=0.01s Sys=0.00s Real=0.02s
[2022-02-07T17:31:37.609+0000][2398.635s][info ][safepoint     ] Leaving safepoint region
[2022-02-07T17:31:37.609+0000][2398.635s][info ][safepoint     ] Total time for which application threads were stopped: 0.0173928 seconds, Stopping threads took: 0.0000691 seconds
[2022-02-07T17:31:37.609+0000][2398.635s][info ][gc,stringdedup] Concurrent String Deduplication (2398.635s)
[2022-02-07T17:31:37.609+0000][2398.635s][info ][gc,stringdedup] Concurrent String Deduplication 200.0B->0.0B(200.0B) avg 53.6% (2398.635s, 2398.635s) 0.024ms
[2022-02-07T17:31:38.609+0000][2399.635s][debug][safepoint     ] Safepoint synchronization initiated. (301 threads)
[2022-02-07T17:31:38.609+0000][2399.635s][info ][safepoint     ] Application time: 1.0001464 seconds
[2022-02-07T17:31:38.609+0000][2399.635s][info ][safepoint     ] Entering safepoint region: Cleanup
[2022-02-07T17:31:38.609+0000][2399.635s][info ][safepoint     ] Leaving safepoint region
[2022-02-07T17:31:38.609+0000][2399.635s][info ][safepoint     ] Total time for which application threads were stopped: 0.0003209 seconds, Stopping threads took: 0.0000736 seconds
[2022-02-07T17:31:39.609+0000][2400.635s][debug][safepoint     ] Safepoint synchronization initiated. (301 threads)
[2022-02-07T17:31:39.609+0000][2400.635s][info ][safepoint     ] Application time: 1.0001087 seconds
[2022-02-07T17:31:39.609+0000][2400.635s][info ][safepoint     ] Entering safepoint region: Cleanup
[2022-02-07T17:31:39.610+0000][2400.635s][info ][safepoint     ] Leaving safepoint region
[2022-02-07T17:31:39.610+0000][2400.635s][info ][safepoint     ] Total time for which application threads were stopped: 0.0003096 seconds, Stopping threads took: 0.0000735 seconds
[2022-02-07T17:31:40.610+0000][2401.636s][debug][safepoint     ] Safepoint synchronization initiated. (301 threads)
[2022-02-07T17:31:40.610+0000][2401.636s][info ][safepoint     ] Application time: 1.0001194 seconds
[2022-02-07T17:31:40.610+0000][2401.636s][info ][safepoint     ] Entering safepoint region: Cleanup
[2022-02-07T17:31:40.610+0000][2401.636s][info ][safepoint     ] Leaving safepoint region
[2022-02-07T17:31:40.610+0000][2401.636s][info ][safepoint     ] Total time for which application threads were stopped: 0.0004374 seconds, Stopping threads took: 0.0000702 seconds
[2022-02-07T17:31:41.610+0000][2402.636s][debug][safepoint     ] Safepoint synchronization initiated. (301 threads)
[2022-02-07T17:31:41.610+0000][2402.636s][info ][safepoint     ] Application time: 1.0001564 seconds
[2022-02-07T17:31:41.610+0000][2402.636s][info ][safepoint     ] Entering safepoint region: Cleanup
[2022-02-07T17:31:41.611+0000][2402.637s][info ][safepoint     ] Leaving safepoint region
[2022-02-07T17:31:41.611+0000][2402.637s][info ][safepoint     ] Total time for which application threads were stopped: 0.0005010 seconds, Stopping threads took: 0.0000719 seconds
[2022-02-07T17:31:41.611+0000][2402.637s][debug][safepoint     ] ... found polling page return exception at pc = 0x00007f11b4fc1a06, stub =0x00007f11ac8beb80
[2022-02-07T17:31:42.611+0000][2403.637s][debug][safepoint     ] Safepoint synchronization initiated. (301 threads)
[2022-02-07T17:31:42.611+0000][2403.637s][info ][safepoint     ] Application time: 1.0001184 seconds
[2022-02-07T17:31:42.611+0000][2403.637s][info ][safepoint     ] Entering safepoint region: Cleanup
[2022-02-07T17:31:42.611+0000][2403.637s][info ][safepoint     ] Leaving safepoint region
[2022-02-07T17:31:42.611+0000][2403.637s][info ][safepoint     ] Total time for which application threads were stopped: 0.0003151 seconds, Stopping threads took: 0.0000694 seconds
[2022-02-07T17:31:43.611+0000][2404.637s][debug][safepoint     ] Safepoint synchronization initiated. (301 threads)
[2022-02-07T17:31:43.611+0000][2404.637s][info ][safepoint     ] Application time: 1.0001108 seconds
[2022-02-07T17:31:43.611+0000][2404.637s][info ][safepoint     ] Entering safepoint region: Cleanup
[2022-02-07T17:31:43.612+0000][2404.638s][info ][safepoint     ] Leaving safepoint region
[2022-02-07T17:31:43.612+0000][2404.638s][info ][safepoint     ] Total time for which application threads were stopped: 0.0002975 seconds, Stopping threads took: 0.0000708 seconds
[2022-02-07T17:31:44.612+0000][2405.638s][debug][safepoint     ] Safepoint synchronization initiated. (301 threads)
[2022-02-07T17:31:44.612+0000][2405.638s][info ][safepoint     ] Application time: 1.0001444 seconds
[2022-02-07T17:31:44.612+0000][2405.638s][info ][safepoint     ] Entering safepoint region: Cleanup
[2022-02-07T17:31:44.612+0000][2405.638s][info ][safepoint     ] Leaving safepoint region
[2022-02-07T17:31:44.612+0000][2405.638s][info ][safepoint     ] Total time for which application threads were stopped: 0.0003471 seconds, Stopping threads took: 0.0000837 seconds
[2022-02-07T17:31:45.612+0000][2406.638s][debug][safepoint     ] Safepoint synchronization initiated. (301 threads)
[2022-02-07T17:31:45.612+0000][2406.638s][info ][safepoint     ] Application time: 1.0001337 seconds
[2022-02-07T17:31:45.612+0000][2406.638s][info ][safepoint     ] Entering safepoint region: Cleanup
[2022-02-07T17:31:45.613+0000][2406.639s][info ][safepoint     ] Leaving safepoint region
[2022-02-07T17:31:45.613+0000][2406.639s][info ][safepoint     ] Total time for which application threads were stopped: 0.0003426 seconds, Stopping threads took: 0.0000775 seconds
[2022-02-07T17:31:46.613+0000][2407.639s][debug][safepoint     ] Safepoint synchronization initiated. (301 threads)
[2022-02-07T17:31:46.613+0000][2407.639s][info ][safepoint     ] Application time: 1.0001155 seconds
[2022-02-07T17:31:46.613+0000][2407.639s][info ][safepoint     ] Entering safepoint region: Cleanup
[2022-02-07T17:31:46.613+0000][2407.639s][info ][safepoint     ] Leaving safepoint region
[2022-02-07T17:31:46.613+0000][2407.639s][info ][safepoint     ] Total time for which application threads were stopped: 0.0003128 seconds, Stopping threads took: 0.0000715 seconds
[2022-02-07T17:31:47.613+0000][2408.639s][debug][safepoint     ] Safepoint synchronization initiated. (301 threads)
[2022-02-07T17:31:47.613+0000][2408.639s][info ][safepoint     ] Application time: 1.0001163 seconds
[2022-02-07T17:31:47.613+0000][2408.639s][info ][safepoint     ] Entering safepoint region: Cleanup
[2022-02-07T17:31:47.614+0000][2408.640s][info ][safepoint     ] Leaving safepoint region
[2022-02-07T17:31:47.614+0000][2408.640s][info ][safepoint     ] Total time for which application threads were stopped: 0.0003318 seconds, Stopping threads took: 0.0000794 seconds
[2022-02-07T17:31:48.614+0000][2409.640s][debug][safepoint     ] Safepoint synchronization initiated. (301 threads)
[2022-02-07T17:31:48.614+0000][2409.640s][info ][safepoint     ] Application time: 1.0001373 seconds
[2022-02-07T17:31:48.614+0000][2409.640s][info ][safepoint     ] Entering safepoint region: Cleanup
[2022-02-07T17:31:48.614+0000][2409.640s][info ][safepoint     ] Leaving safepoint region
[2022-02-07T17:31:48.614+0000][2409.640s][info ][safepoint     ] Total time for which application threads were stopped: 0.0003323 seconds, Stopping threads took: 0.0000800 seconds
[2022-02-07T17:31:49.614+0000][2410.640s][debug][safepoint     ] Safepoint synchronization initiated. (301 threads)
[2022-02-07T17:31:49.614+0000][2410.640s][info ][safepoint     ] Application time: 1.0001187 seconds
[2022-02-07T17:31:49.614+0000][2410.640s][info ][safepoint     ] Entering safepoint region: Cleanup
[2022-02-07T17:31:49.615+0000][2410.640s][info ][safepoint     ] Leaving safepoint region
[2022-02-07T17:31:49.615+0000][2410.640s][info ][safepoint     ] Total time for which application threads were stopped: 0.0003072 seconds, Stopping threads took: 0.0000722 seconds
[2022-02-07T17:31:50.615+0000][2411.641s][debug][safepoint     ] Safepoint synchronization initiated. (301 threads)
[2022-02-07T17:31:50.615+0000][2411.641s][info ][safepoint     ] Application time: 1.0001073 seconds
[2022-02-07T17:31:50.615+0000][2411.641s][info ][safepoint     ] Entering safepoint region: Cleanup
[2022-02-07T17:31:50.615+0000][2411.641s][info ][safepoint     ] Leaving safepoint region
[2022-02-07T17:31:50.615+0000][2411.641s][info ][safepoint     ] Total time for which application threads were stopped: 0.0003366 seconds, Stopping threads took: 0.0000692 seconds
[2022-02-07T17:31:51.615+0000][2412.641s][debug][safepoint     ] Safepoint synchronization initiated. (301 threads)
[2022-02-07T17:31:51.615+0000][2412.641s][info ][safepoint     ] Application time: 1.0001098 seconds
[2022-02-07T17:31:51.615+0000][2412.641s][info ][safepoint     ] Entering safepoint region: Cleanup
[2022-02-07T17:31:51.616+0000][2412.642s][info ][safepoint     ] Leaving safepoint region
[2022-02-07T17:31:51.616+0000][2412.642s][info ][safepoint     ] Total time for which application threads were stopped: 0.0005520 seconds, Stopping threads took: 0.0001785 seconds
[2022-02-07T17:31:52.616+0000][2413.642s][debug][safepoint     ] Safepoint synchronization initiated. (301 threads)
[2022-02-07T17:31:52.616+0000][2413.642s][info ][safepoint     ] Application time: 1.0001097 seconds
[2022-02-07T17:31:52.616+0000][2413.642s][info ][safepoint     ] Entering safepoint region: Cleanup
[2022-02-07T17:31:52.616+0000][2413.642s][info ][safepoint     ] Leaving safepoint region
[2022-02-07T17:31:52.616+0000][2413.642s][info ][safepoint     ] Total time for which application threads were stopped: 0.0004473 seconds, Stopping threads took: 0.0000718 seconds
[2022-02-07T17:31:53.204+0000][2414.230s][debug][safepoint     ] Safepoint synchronization initiated. (301 threads)
[2022-02-07T17:31:53.204+0000][2414.230s][info ][safepoint     ] Application time: 0.5880089 seconds
[2022-02-07T17:31:53.204+0000][2414.230s][debug][safepoint     ] ... found polling page return exception at pc = 0x00007f11b533f8a8, stub =0x00007f11ac8beb80
[2022-02-07T17:31:53.204+0000][2414.230s][debug][safepoint     ] Waiting for 1 thread(s) to block
[2022-02-07T17:31:53.204+0000][2414.230s][info ][safepoint     ] Entering safepoint region: G1CollectForAllocation
[2022-02-07T17:31:53.205+0000][2414.231s][info ][gc,start      ] GC(194) Pause Young (Normal) (G1 Evacuation Pause)
[2022-02-07T17:31:53.205+0000][2414.231s][info ][gc,task       ] GC(194) Using 4 workers of 4 for evacuation
[2022-02-07T17:31:53.216+0000][2414.242s][info ][gc,phases     ] GC(194)   Pre Evacuate Collection Set: 0.0ms
[2022-02-07T17:31:53.216+0000][2414.242s][info ][gc,phases     ] GC(194)   Evacuate Collection Set: 6.6ms
[2022-02-07T17:31:53.216+0000][2414.242s][info ][gc,phases     ] GC(194)   Post Evacuate Collection Set: 4.3ms
[2022-02-07T17:31:53.216+0000][2414.242s][info ][gc,phases     ] GC(194)   Other: 0.3ms
[2022-02-07T17:31:53.216+0000][2414.242s][info ][gc,heap       ] GC(194) Eden regions: 235->0(235)
[2022-02-07T17:31:53.216+0000][2414.242s][info ][gc,heap       ] GC(194) Survivor regions: 1->1(30)
[2022-02-07T17:31:53.216+0000][2414.242s][info ][gc,heap       ] GC(194) Old regions: 150->150
[2022-02-07T17:31:53.216+0000][2414.242s][info ][gc,heap       ] GC(194) Humongous regions: 0->0
[2022-02-07T17:31:53.216+0000][2414.242s][info ][gc,metaspace  ] GC(194) Metaspace: 163399K->163399K(1206272K)
[2022-02-07T17:31:53.216+0000][2414.242s][info ][gc            ] GC(194) Pause Young (Normal) (G1 Evacuation Pause) 383M->148M(430M) 11.230ms
[2022-02-07T17:31:53.216+0000][2414.242s][info ][gc,cpu        ] GC(194) User=0.02s Sys=0.00s Real=0.01s
[2022-02-07T17:31:53.216+0000][2414.242s][info ][safepoint     ] Leaving safepoint region
[2022-02-07T17:31:53.216+0000][2414.242s][info ][safepoint     ] Total time for which application threads were stopped: 0.0118772 seconds, Stopping threads took: 0.0001129 seconds
[2022-02-07T17:31:53.216+0000][2414.242s][info ][gc,stringdedup] Concurrent String Deduplication (2414.242s)
[2022-02-07T17:31:53.216+0000][2414.242s][info ][gc,stringdedup] Concurrent String Deduplication 1544.0B->0.0B(1544.0B) avg 53.6% (2414.242s, 2414.242s) 0.050ms
[2022-02-07T17:31:54.216+0000][2415.242s][debug][safepoint     ] Safepoint synchronization initiated. (301 threads)
[2022-02-07T17:31:54.216+0000][2415.242s][info ][safepoint     ] Application time: 1.0001303 seconds
[2022-02-07T17:31:54.216+0000][2415.242s][info ][safepoint     ] Entering safepoint region: Cleanup
[2022-02-07T17:31:54.217+0000][2415.243s][info ][safepoint     ] Leaving safepoint region
[2022-02-07T17:31:54.217+0000][2415.243s][info ][safepoint     ] Total time for which application threads were stopped: 0.0004441 seconds, Stopping threads took: 0.0000711 seconds
[2022-02-07T17:31:55.217+0000][2416.243s][debug][safepoint     ] Safepoint synchronization initiated. (301 threads)
[2022-02-07T17:31:55.217+0000][2416.243s][info ][safepoint     ] Application time: 1.0001128 seconds
[2022-02-07T17:31:55.217+0000][2416.243s][info ][safepoint     ] Entering safepoint region: Cleanup
[2022-02-07T17:31:55.217+0000][2416.243s][info ][safepoint     ] Leaving safepoint region
[2022-02-07T17:31:55.217+0000][2416.243s][info ][safepoint     ] Total time for which application threads were stopped: 0.0004501 seconds, Stopping threads took: 0.0000870 seconds
[2022-02-07T17:31:56.217+0000][2417.243s][debug][safepoint     ] Safepoint synchronization initiated. (301 threads)
[2022-02-07T17:31:56.217+0000][2417.243s][info ][safepoint     ] Application time: 1.0001055 seconds
[2022-02-07T17:31:56.218+0000][2417.243s][debug][safepoint     ] ... found polling page return exception at pc = 0x00007f11b4c764f2, stub =0x00007f11ac8beb80
[2022-02-07T17:31:56.218+0000][2417.243s][debug][safepoint     ] Waiting for 1 thread(s) to block
[2022-02-07T17:31:56.218+0000][2417.243s][info ][safepoint     ] Entering safepoint region: Cleanup
[2022-02-07T17:31:56.218+0000][2417.244s][info ][safepoint     ] Leaving safepoint region
[2022-02-07T17:31:56.218+0000][2417.244s][info ][safepoint     ] Total time for which application threads were stopped: 0.0004611 seconds, Stopping threads took: 0.0000975 seconds
[2022-02-07T17:31:57.218+0000][2418.244s][debug][safepoint     ] Safepoint synchronization initiated. (301 threads)
[2022-02-07T17:31:57.218+0000][2418.244s][info ][safepoint     ] Application time: 1.0001188 seconds
[2022-02-07T17:31:57.218+0000][2418.244s][info ][safepoint     ] Entering safepoint region: Cleanup
[2022-02-07T17:31:57.219+0000][2418.244s][info ][safepoint     ] Leaving safepoint region
[2022-02-07T17:31:57.219+0000][2418.244s][info ][safepoint     ] Total time for which application threads were stopped: 0.0004461 seconds, Stopping threads took: 0.0000702 seconds
[2022-02-07T17:31:58.219+0000][2419.245s][debug][safepoint     ] Safepoint synchronization initiated. (301 threads)
[2022-02-07T17:31:58.219+0000][2419.245s][info ][safepoint     ] Application time: 1.0001193 seconds
[2022-02-07T17:31:58.219+0000][2419.245s][info ][safepoint     ] Entering safepoint region: Cleanup
[2022-02-07T17:31:58.219+0000][2419.245s][info ][safepoint     ] Leaving safepoint region
[2022-02-07T17:31:58.219+0000][2419.245s][info ][safepoint     ] Total time for which application threads were stopped: 0.0004404 seconds, Stopping threads took: 0.0000703 seconds
[2022-02-07T17:31:59.219+0000][2420.245s][debug][safepoint     ] Safepoint synchronization initiated. (301 threads)
[2022-02-07T17:31:59.219+0000][2420.245s][info ][safepoint     ] Application time: 1.0001225 seconds
[2022-02-07T17:31:59.219+0000][2420.245s][debug][safepoint     ] ... found polling page return exception at pc = 0x00007f11b45ffec5, stub =0x00007f11ac8beb80
[2022-02-07T17:31:59.219+0000][2420.245s][debug][safepoint     ] Waiting for 1 thread(s) to block
[2022-02-07T17:31:59.219+0000][2420.245s][info ][safepoint     ] Entering safepoint region: Cleanup
[2022-02-07T17:31:59.220+0000][2420.246s][info ][safepoint     ] Leaving safepoint region
[2022-02-07T17:31:59.220+0000][2420.246s][info ][safepoint     ] Total time for which application threads were stopped: 0.0004778 seconds, Stopping threads took: 0.0001059 seconds
[2022-02-07T17:32:00.220+0000][2421.246s][debug][safepoint     ] Safepoint synchronization initiated. (301 threads)
[2022-02-07T17:32:00.220+0000][2421.246s][info ][safepoint     ] Application time: 1.0001158 seconds
[2022-02-07T17:32:00.220+0000][2421.246s][info ][safepoint     ] Entering safepoint region: Cleanup
[2022-02-07T17:32:00.220+0000][2421.246s][info ][safepoint     ] Leaving safepoint region
[2022-02-07T17:32:00.220+0000][2421.246s][info ][safepoint     ] Total time for which application threads were stopped: 0.0004374 seconds, Stopping threads took: 0.0000688 seconds
[2022-02-07T17:32:01.220+0000][2422.246s][debug][safepoint     ] Safepoint synchronization initiated. (301 threads)
[2022-02-07T17:32:01.220+0000][2422.246s][info ][safepoint     ] Application time: 1.0001122 seconds
[2022-02-07T17:32:01.221+0000][2422.246s][info ][safepoint     ] Entering safepoint region: Cleanup
[2022-02-07T17:32:01.221+0000][2422.247s][info ][safepoint     ] Leaving safepoint region
[2022-02-07T17:32:01.221+0000][2422.247s][info ][safepoint     ] Total time for which application threads were stopped: 0.0004713 seconds, Stopping threads took: 0.0000717 seconds
[2022-02-07T17:32:02.221+0000][2423.247s][debug][safepoint     ] Safepoint synchronization initiated. (301 threads)
[2022-02-07T17:32:02.221+0000][2423.247s][info ][safepoint     ] Application time: 1.0001384 seconds
[2022-02-07T17:32:02.221+0000][2423.247s][debug][safepoint     ] ... found polling page return exception at pc = 0x00007f11b4af0b58, stub =0x00007f11ac8beb80
[2022-02-07T17:32:02.221+0000][2423.247s][debug][safepoint     ] Waiting for 1 thread(s) to block
[2022-02-07T17:32:02.221+0000][2423.247s][info ][safepoint     ] Entering safepoint region: Cleanup
[2022-02-07T17:32:02.222+0000][2423.247s][info ][safepoint     ] Leaving safepoint region
[2022-02-07T17:32:02.222+0000][2423.247s][info ][safepoint     ] Total time for which application threads were stopped: 0.0004820 seconds, Stopping threads took: 0.0001077 seconds
[2022-02-07T17:32:03.222+0000][2424.248s][debug][safepoint     ] Safepoint synchronization initiated. (301 threads)
[2022-02-07T17:32:03.222+0000][2424.248s][info ][safepoint     ] Application time: 1.0001299 seconds
[2022-02-07T17:32:03.222+0000][2424.248s][info ][safepoint     ] Entering safepoint region: Cleanup
[2022-02-07T17:32:03.222+0000][2424.248s][info ][safepoint     ] Leaving safepoint region
[2022-02-07T17:32:03.222+0000][2424.248s][info ][safepoint     ] Total time for which application threads were stopped: 0.0004816 seconds, Stopping threads took: 0.0000757 seconds
[2022-02-07T17:32:04.222+0000][2425.248s][debug][safepoint     ] Safepoint synchronization initiated. (301 threads)
[2022-02-07T17:32:04.222+0000][2425.248s][info ][safepoint     ] Application time: 1.0001088 seconds
[2022-02-07T17:32:04.222+0000][2425.248s][info ][safepoint     ] Entering safepoint region: Cleanup
[2022-02-07T17:32:04.223+0000][2425.249s][info ][safepoint     ] Leaving safepoint region
[2022-02-07T17:32:04.223+0000][2425.249s][info ][safepoint     ] Total time for which application threads were stopped: 0.0004427 seconds, Stopping threads took: 0.0000701 seconds
[2022-02-07T17:32:05.223+0000][2426.249s][debug][safepoint     ] Safepoint synchronization initiated. (301 threads)
[2022-02-07T17:32:05.223+0000][2426.249s][info ][safepoint     ] Application time: 1.0001085 seconds
[2022-02-07T17:32:05.223+0000][2426.249s][info ][safepoint     ] Entering safepoint region: Cleanup
[2022-02-07T17:32:05.223+0000][2426.249s][info ][safepoint     ] Leaving safepoint region
[2022-02-07T17:32:05.223+0000][2426.249s][info ][safepoint     ] Total time for which application threads were stopped: 0.0004540 seconds, Stopping threads took: 0.0000683 seconds
[2022-02-07T17:32:05.882+0000][2426.908s][debug][safepoint     ] Safepoint synchronization initiated. (301 threads)
[2022-02-07T17:32:05.882+0000][2426.908s][info ][safepoint     ] Application time: 0.6589124 seconds
[2022-02-07T17:32:05.882+0000][2426.908s][info ][safepoint     ] Entering safepoint region: G1CollectForAllocation
[2022-02-07T17:32:05.883+0000][2426.909s][info ][gc,start      ] GC(195) Pause Young (Normal) (G1 Evacuation Pause)
[2022-02-07T17:32:05.883+0000][2426.909s][info ][gc,task       ] GC(195) Using 4 workers of 4 for evacuation
[2022-02-07T17:32:05.912+0000][2426.937s][info ][gc,phases     ] GC(195)   Pre Evacuate Collection Set: 0.0ms
[2022-02-07T17:32:05.912+0000][2426.937s][info ][gc,phases     ] GC(195)   Evacuate Collection Set: 21.0ms
[2022-02-07T17:32:05.912+0000][2426.937s][info ][gc,phases     ] GC(195)   Post Evacuate Collection Set: 7.6ms
[2022-02-07T17:32:05.912+0000][2426.937s][info ][gc,phases     ] GC(195)   Other: 0.2ms
[2022-02-07T17:32:05.912+0000][2426.937s][info ][gc,heap       ] GC(195) Eden regions: 235->0(235)
[2022-02-07T17:32:05.912+0000][2426.938s][info ][gc,heap       ] GC(195) Survivor regions: 1->1(30)
[2022-02-07T17:32:05.912+0000][2426.938s][info ][gc,heap       ] GC(195) Old regions: 150->150
[2022-02-07T17:32:05.912+0000][2426.938s][info ][gc,heap       ] GC(195) Humongous regions: 0->0
[2022-02-07T17:32:05.912+0000][2426.938s][info ][gc,metaspace  ] GC(195) Metaspace: 163399K->163399K(1206272K)
[2022-02-07T17:32:05.912+0000][2426.938s][info ][gc            ] GC(195) Pause Young (Normal) (G1 Evacuation Pause) 383M->148M(430M) 28.954ms
[2022-02-07T17:32:05.912+0000][2426.938s][info ][gc,cpu        ] GC(195) User=0.02s Sys=0.00s Real=0.03s
[2022-02-07T17:32:05.912+0000][2426.938s][info ][safepoint     ] Leaving safepoint region
[2022-02-07T17:32:05.912+0000][2426.938s][info ][safepoint     ] Total time for which application threads were stopped: 0.0295395 seconds, Stopping threads took: 0.0000916 seconds
[2022-02-07T17:32:05.912+0000][2426.938s][info ][gc,stringdedup] Concurrent String Deduplication (2426.938s)
[2022-02-07T17:32:05.912+0000][2426.938s][info ][gc,stringdedup] Concurrent String Deduplication 1920.0B->0.0B(1920.0B) avg 53.6% (2426.938s, 2426.938s) 0.040ms
[2022-02-07T17:32:06.912+0000][2427.938s][debug][safepoint     ] Safepoint synchronization initiated. (301 threads)
[2022-02-07T17:32:06.912+0000][2427.938s][info ][safepoint     ] Application time: 1.0001329 seconds
[2022-02-07T17:32:06.912+0000][2427.938s][info ][safepoint     ] Entering safepoint region: Cleanup
[2022-02-07T17:32:06.912+0000][2427.938s][info ][safepoint     ] Leaving safepoint region
[2022-02-07T17:32:06.912+0000][2427.938s][info ][safepoint     ] Total time for which application threads were stopped: 0.0003083 seconds, Stopping threads took: 0.0000694 seconds
[2022-02-07T17:32:07.912+0000][2428.938s][debug][safepoint     ] Safepoint synchronization initiated. (301 threads)
[2022-02-07T17:32:07.912+0000][2428.938s][info ][safepoint     ] Application time: 1.0001147 seconds
[2022-02-07T17:32:07.912+0000][2428.938s][info ][safepoint     ] Entering safepoint region: Cleanup
[2022-02-07T17:32:07.913+0000][2428.939s][info ][safepoint     ] Leaving safepoint region
[2022-02-07T17:32:07.913+0000][2428.939s][info ][safepoint     ] Total time for which application threads were stopped: 0.0002924 seconds, Stopping threads took: 0.0000693 seconds
[2022-02-07T17:32:08.913+0000][2429.939s][debug][safepoint     ] Safepoint synchronization initiated. (301 threads)
[2022-02-07T17:32:08.913+0000][2429.939s][info ][safepoint     ] Application time: 1.0001324 seconds
[2022-02-07T17:32:08.913+0000][2429.939s][debug][safepoint     ] ... found polling page loop exception at pc = 0x00007f11b537be09, stub =0x00007f11ac8be900
[2022-02-07T17:32:08.913+0000][2429.939s][debug][safepoint     ] Waiting for 1 thread(s) to block
[2022-02-07T17:32:08.913+0000][2429.939s][info ][safepoint     ] Entering safepoint region: Cleanup
[2022-02-07T17:32:08.913+0000][2429.939s][debug][safepoint     ] ... found polling page return exception at pc = 0x00007f11b4fc1a06, stub =0x00007f11ac8beb80
[2022-02-07T17:32:08.913+0000][2429.939s][info ][safepoint     ] Leaving safepoint region
[2022-02-07T17:32:08.913+0000][2429.939s][info ][safepoint     ] Total time for which application threads were stopped: 0.0003764 seconds, Stopping threads took: 0.0001043 seconds
[2022-02-07T17:32:09.913+0000][2430.939s][debug][safepoint     ] Safepoint synchronization initiated. (301 threads)
[2022-02-07T17:32:09.913+0000][2430.939s][info ][safepoint     ] Application time: 1.0001106 seconds
[2022-02-07T17:32:09.913+0000][2430.939s][info ][safepoint     ] Entering safepoint region: Cleanup
[2022-02-07T17:32:09.914+0000][2430.940s][info ][safepoint     ] Leaving safepoint region
[2022-02-07T17:32:09.914+0000][2430.940s][info ][safepoint     ] Total time for which application threads were stopped: 0.0003180 seconds, Stopping threads took: 0.0000797 seconds
[2022-02-07T17:32:10.914+0000][2431.940s][debug][safepoint     ] Safepoint synchronization initiated. (301 threads)
[2022-02-07T17:32:11.058+0000][2432.084s][info ][safepoint     ] Application time: 1.1442168 seconds
[2022-02-07T17:32:11.058+0000][2432.084s][info ][safepoint     ] Entering safepoint region: Cleanup
[2022-02-07T17:32:11.058+0000][2432.084s][info ][safepoint     ] Leaving safepoint region
[2022-02-07T17:32:11.058+0000][2432.084s][info ][safepoint     ] Total time for which application threads were stopped: 0.0002975 seconds, Stopping threads took: 0.0000734 seconds
[2022-02-07T17:32:12.058+0000][2433.084s][debug][safepoint     ] Safepoint synchronization initiated. (301 threads)
[2022-02-07T17:32:12.058+0000][2433.084s][info ][safepoint     ] Application time: 1.0002303 seconds
[2022-02-07T17:32:12.059+0000][2433.084s][info ][safepoint     ] Entering safepoint region: Cleanup
[2022-02-07T17:32:12.059+0000][2433.085s][info ][safepoint     ] Leaving safepoint region
[2022-02-07T17:32:12.059+0000][2433.085s][info ][safepoint     ] Total time for which application threads were stopped: 0.0002893 seconds, Stopping threads took: 0.0000656 seconds
[2022-02-07T17:32:13.059+0000][2434.085s][debug][safepoint     ] Safepoint synchronization initiated. (301 threads)
[2022-02-07T17:32:13.059+0000][2434.085s][info ][safepoint     ] Application time: 1.0001210 seconds
[2022-02-07T17:32:13.059+0000][2434.085s][info ][safepoint     ] Entering safepoint region: Cleanup
[2022-02-07T17:32:13.059+0000][2434.085s][info ][safepoint     ] Leaving safepoint region
[2022-02-07T17:32:13.059+0000][2434.085s][info ][safepoint     ] Total time for which application threads were stopped: 0.0002974 seconds, Stopping threads took: 0.0000690 seconds
[2022-02-07T17:32:14.059+0000][2435.085s][debug][safepoint     ] Safepoint synchronization initiated. (301 threads)
[2022-02-07T17:32:14.059+0000][2435.085s][info ][safepoint     ] Application time: 1.0001354 seconds
[2022-02-07T17:32:14.059+0000][2435.085s][info ][safepoint     ] Entering safepoint region: Cleanup
[2022-02-07T17:32:14.060+0000][2435.086s][info ][safepoint     ] Leaving safepoint region
[2022-02-07T17:32:14.060+0000][2435.086s][info ][safepoint     ] Total time for which application threads were stopped: 0.0003220 seconds, Stopping threads took: 0.0000692 seconds
[2022-02-07T17:32:15.060+0000][2436.086s][debug][safepoint     ] Safepoint synchronization initiated. (301 threads)
[2022-02-07T17:32:15.060+0000][2436.086s][info ][safepoint     ] Application time: 1.0001224 seconds
[2022-02-07T17:32:15.060+0000][2436.086s][info ][safepoint     ] Entering safepoint region: Cleanup
[2022-02-07T17:32:15.060+0000][2436.086s][info ][safepoint     ] Leaving safepoint region
[2022-02-07T17:32:15.060+0000][2436.086s][info ][safepoint     ] Total time for which application threads were stopped: 0.0002848 seconds, Stopping threads took: 0.0000619 seconds
[2022-02-07T17:32:16.060+0000][2437.086s][debug][safepoint     ] Safepoint synchronization initiated. (301 threads)
[2022-02-07T17:32:16.060+0000][2437.086s][info ][safepoint     ] Application time: 1.0001387 seconds
[2022-02-07T17:32:16.060+0000][2437.086s][info ][safepoint     ] Entering safepoint region: Cleanup
[2022-02-07T17:32:16.061+0000][2437.087s][info ][safepoint     ] Leaving safepoint region
[2022-02-07T17:32:16.061+0000][2437.087s][info ][safepoint     ] Total time for which application threads were stopped: 0.0004715 seconds, Stopping threads took: 0.0000869 seconds
[2022-02-07T17:32:17.061+0000][2438.087s][debug][safepoint     ] Safepoint synchronization initiated. (301 threads)
[2022-02-07T17:32:17.061+0000][2438.087s][info ][safepoint     ] Application time: 1.0001273 seconds
[2022-02-07T17:32:17.061+0000][2438.087s][info ][safepoint     ] Entering safepoint region: Cleanup
[2022-02-07T17:32:17.061+0000][2438.087s][info ][safepoint     ] Leaving safepoint region
[2022-02-07T17:32:17.061+0000][2438.087s][info ][safepoint     ] Total time for which application threads were stopped: 0.0003338 seconds, Stopping threads took: 0.0000772 seconds
[2022-02-07T17:32:18.061+0000][2439.087s][debug][safepoint     ] Safepoint synchronization initiated. (301 threads)
[2022-02-07T17:32:18.061+0000][2439.087s][info ][safepoint     ] Application time: 1.0001098 seconds
[2022-02-07T17:32:18.061+0000][2439.087s][info ][safepoint     ] Entering safepoint region: Cleanup
[2022-02-07T17:32:18.062+0000][2439.087s][info ][safepoint     ] Leaving safepoint region
[2022-02-07T17:32:18.062+0000][2439.088s][info ][safepoint     ] Total time for which application threads were stopped: 0.0003078 seconds, Stopping threads took: 0.0000693 seconds
[2022-02-07T17:32:19.062+0000][2440.088s][debug][safepoint     ] Safepoint synchronization initiated. (301 threads)
[2022-02-07T17:32:19.062+0000][2440.088s][info ][safepoint     ] Application time: 1.0001629 seconds
[2022-02-07T17:32:19.062+0000][2440.088s][info ][safepoint     ] Entering safepoint region: Cleanup
[2022-02-07T17:32:19.062+0000][2440.088s][info ][safepoint     ] Leaving safepoint region
[2022-02-07T17:32:19.062+0000][2440.088s][info ][safepoint     ] Total time for which application threads were stopped: 0.0003085 seconds, Stopping threads took: 0.0000743 seconds
[2022-02-07T17:32:20.062+0000][2441.088s][debug][safepoint     ] Safepoint synchronization initiated. (301 threads)
[2022-02-07T17:32:20.062+0000][2441.088s][info ][safepoint     ] Application time: 1.0001408 seconds
[2022-02-07T17:32:20.062+0000][2441.088s][info ][safepoint     ] Entering safepoint region: Cleanup
[2022-02-07T17:32:20.063+0000][2441.089s][info ][safepoint     ] Leaving safepoint region
[2022-02-07T17:32:20.063+0000][2441.089s][info ][safepoint     ] Total time for which application threads were stopped: 0.0004553 seconds, Stopping threads took: 0.0000703 seconds
[2022-02-07T17:32:21.063+0000][2442.089s][debug][safepoint     ] Safepoint synchronization initiated. (301 threads)
[2022-02-07T17:32:21.063+0000][2442.089s][info ][safepoint     ] Application time: 1.0001132 seconds
[2022-02-07T17:32:21.063+0000][2442.089s][info ][safepoint     ] Entering safepoint region: Cleanup
[2022-02-07T17:32:21.063+0000][2442.089s][info ][safepoint     ] Leaving safepoint region
[2022-02-07T17:32:21.063+0000][2442.089s][info ][safepoint     ] Total time for which application threads were stopped: 0.0004730 seconds, Stopping threads took: 0.0000738 seconds
[2022-02-07T17:32:22.063+0000][2443.089s][debug][safepoint     ] Safepoint synchronization initiated. (301 threads)
[2022-02-07T17:32:22.063+0000][2443.089s][info ][safepoint     ] Application time: 1.0001220 seconds
[2022-02-07T17:32:22.064+0000][2443.089s][info ][safepoint     ] Entering safepoint region: Cleanup
[2022-02-07T17:32:22.064+0000][2443.090s][info ][safepoint     ] Leaving safepoint region
[2022-02-07T17:32:22.064+0000][2443.090s][info ][safepoint     ] Total time for which application threads were stopped: 0.0004693 seconds, Stopping threads took: 0.0000733 seconds
[2022-02-07T17:32:23.064+0000][2444.090s][debug][safepoint     ] Safepoint synchronization initiated. (301 threads)
[2022-02-07T17:32:23.064+0000][2444.090s][info ][safepoint     ] Application time: 1.0001190 seconds
[2022-02-07T17:32:23.064+0000][2444.090s][debug][safepoint     ] ... found polling page return exception at pc = 0x00007f11b525e121, stub =0x00007f11ac8beb80
[2022-02-07T17:32:23.064+0000][2444.090s][debug][safepoint     ] ... found polling page return exception at pc = 0x00007f11b506ed7e, stub =0x00007f11ac8beb80
[2022-02-07T17:32:23.064+0000][2444.090s][debug][safepoint     ] Waiting for 2 thread(s) to block
[2022-02-07T17:32:23.064+0000][2444.090s][info ][safepoint     ] Entering safepoint region: Cleanup
[2022-02-07T17:32:23.065+0000][2444.090s][info ][safepoint     ] Leaving safepoint region
[2022-02-07T17:32:23.065+0000][2444.090s][info ][safepoint     ] Total time for which application threads were stopped: 0.0004139 seconds, Stopping threads took: 0.0001702 seconds
[2022-02-07T17:32:24.065+0000][2445.091s][debug][safepoint     ] Safepoint synchronization initiated. (301 threads)
[2022-02-07T17:32:24.065+0000][2445.091s][info ][safepoint     ] Application time: 1.0002619 seconds
[2022-02-07T17:32:24.065+0000][2445.091s][info ][safepoint     ] Entering safepoint region: Cleanup
[2022-02-07T17:32:24.065+0000][2445.091s][info ][safepoint     ] Leaving safepoint region
[2022-02-07T17:32:24.065+0000][2445.091s][info ][safepoint     ] Total time for which application threads were stopped: 0.0002905 seconds, Stopping threads took: 0.0000802 seconds
[2022-02-07T17:32:24.324+0000][2445.350s][debug][safepoint     ] Safepoint synchronization initiated. (301 threads)
[2022-02-07T17:32:24.324+0000][2445.350s][info ][safepoint     ] Application time: 0.2585935 seconds
[2022-02-07T17:32:24.324+0000][2445.350s][info ][safepoint     ] Entering safepoint region: G1CollectForAllocation
[2022-02-07T17:32:24.324+0000][2445.350s][info ][gc,start      ] GC(196) Pause Young (Normal) (G1 Evacuation Pause)
[2022-02-07T17:32:24.324+0000][2445.350s][info ][gc,task       ] GC(196) Using 4 workers of 4 for evacuation
[2022-02-07T17:32:24.338+0000][2445.364s][info ][gc,phases     ] GC(196)   Pre Evacuate Collection Set: 0.0ms
[2022-02-07T17:32:24.338+0000][2445.364s][info ][gc,phases     ] GC(196)   Evacuate Collection Set: 7.1ms
[2022-02-07T17:32:24.338+0000][2445.364s][info ][gc,phases     ] GC(196)   Post Evacuate Collection Set: 6.5ms
[2022-02-07T17:32:24.338+0000][2445.364s][info ][gc,phases     ] GC(196)   Other: 0.3ms
[2022-02-07T17:32:24.338+0000][2445.364s][info ][gc,heap       ] GC(196) Eden regions: 235->0(235)
[2022-02-07T17:32:24.338+0000][2445.364s][info ][gc,heap       ] GC(196) Survivor regions: 1->1(30)
[2022-02-07T17:32:24.338+0000][2445.364s][info ][gc,heap       ] GC(196) Old regions: 150->150
[2022-02-07T17:32:24.338+0000][2445.364s][info ][gc,heap       ] GC(196) Humongous regions: 0->0
[2022-02-07T17:32:24.338+0000][2445.364s][info ][gc,metaspace  ] GC(196) Metaspace: 163407K->163407K(1206272K)
[2022-02-07T17:32:24.338+0000][2445.364s][info ][gc            ] GC(196) Pause Young (Normal) (G1 Evacuation Pause) 383M->148M(430M) 13.959ms
[2022-02-07T17:32:24.338+0000][2445.364s][info ][gc,cpu        ] GC(196) User=0.02s Sys=0.00s Real=0.01s
[2022-02-07T17:32:24.338+0000][2445.364s][info ][safepoint     ] Leaving safepoint region
[2022-02-07T17:32:24.338+0000][2445.364s][info ][safepoint     ] Total time for which application threads were stopped: 0.0145495 seconds, Stopping threads took: 0.0000708 seconds
[2022-02-07T17:32:24.339+0000][2445.365s][info ][gc,stringdedup] Concurrent String Deduplication (2445.365s)
[2022-02-07T17:32:24.339+0000][2445.365s][info ][gc,stringdedup] Concurrent String Deduplication 688.0B->0.0B(688.0B) avg 53.6% (2445.365s, 2445.365s) 0.038ms
[2022-02-07T17:32:25.338+0000][2446.364s][debug][safepoint     ] Safepoint synchronization initiated. (301 threads)
[2022-02-07T17:32:25.338+0000][2446.364s][info ][safepoint     ] Application time: 1.0001228 seconds
[2022-02-07T17:32:25.338+0000][2446.364s][info ][safepoint     ] Entering safepoint region: Cleanup
[2022-02-07T17:32:25.339+0000][2446.365s][info ][safepoint     ] Leaving safepoint region
[2022-02-07T17:32:25.339+0000][2446.365s][info ][safepoint     ] Total time for which application threads were stopped: 0.0004477 seconds, Stopping threads took: 0.0000735 seconds
[2022-02-07T17:32:26.339+0000][2447.365s][debug][safepoint     ] Safepoint synchronization initiated. (301 threads)
[2022-02-07T17:32:26.339+0000][2447.365s][info ][safepoint     ] Application time: 1.0001222 seconds
[2022-02-07T17:32:26.339+0000][2447.365s][info ][safepoint     ] Entering safepoint region: Cleanup
[2022-02-07T17:32:26.339+0000][2447.365s][info ][safepoint     ] Leaving safepoint region
[2022-02-07T17:32:26.339+0000][2447.365s][info ][safepoint     ] Total time for which application threads were stopped: 0.0003929 seconds, Stopping threads took: 0.0000731 seconds
[2022-02-07T17:32:27.339+0000][2448.365s][debug][safepoint     ] Safepoint synchronization initiated. (301 threads)
[2022-02-07T17:32:27.340+0000][2448.365s][info ][safepoint     ] Application time: 1.0001131 seconds
[2022-02-07T17:32:27.340+0000][2448.365s][info ][safepoint     ] Entering safepoint region: Cleanup
[2022-02-07T17:32:27.340+0000][2448.366s][info ][safepoint     ] Leaving safepoint region
[2022-02-07T17:32:27.340+0000][2448.366s][info ][safepoint     ] Total time for which application threads were stopped: 0.0002441 seconds, Stopping threads took: 0.0000699 seconds
[2022-02-07T17:32:28.340+0000][2449.366s][debug][safepoint     ] Safepoint synchronization initiated. (301 threads)
[2022-02-07T17:32:28.340+0000][2449.366s][info ][safepoint     ] Application time: 1.0001433 seconds
[2022-02-07T17:32:28.340+0000][2449.366s][info ][safepoint     ] Entering safepoint region: Cleanup
[2022-02-07T17:32:28.340+0000][2449.366s][info ][safepoint     ] Leaving safepoint region
[2022-02-07T17:32:28.340+0000][2449.366s][info ][safepoint     ] Total time for which application threads were stopped: 0.0002978 seconds, Stopping threads took: 0.0000686 seconds
[2022-02-07T17:32:29.340+0000][2450.366s][debug][safepoint     ] Safepoint synchronization initiated. (301 threads)
[2022-02-07T17:32:29.340+0000][2450.366s][info ][safepoint     ] Application time: 1.0001135 seconds
[2022-02-07T17:32:29.340+0000][2450.366s][info ][safepoint     ] Entering safepoint region: Cleanup
[2022-02-07T17:32:29.341+0000][2450.367s][info ][safepoint     ] Leaving safepoint region
[2022-02-07T17:32:29.341+0000][2450.367s][info ][safepoint     ] Total time for which application threads were stopped: 0.0003330 seconds, Stopping threads took: 0.0000699 seconds
[2022-02-07T17:32:30.341+0000][2451.367s][debug][safepoint     ] Safepoint synchronization initiated. (301 threads)
[2022-02-07T17:32:30.341+0000][2451.367s][info ][safepoint     ] Application time: 1.0001193 seconds
[2022-02-07T17:32:30.341+0000][2451.367s][info ][safepoint     ] Entering safepoint region: Cleanup
[2022-02-07T17:32:30.341+0000][2451.367s][info ][safepoint     ] Leaving safepoint region
[2022-02-07T17:32:30.341+0000][2451.367s][info ][safepoint     ] Total time for which application threads were stopped: 0.0003091 seconds, Stopping threads took: 0.0000755 seconds
[2022-02-07T17:32:31.341+0000][2452.367s][debug][safepoint     ] Safepoint synchronization initiated. (301 threads)
[2022-02-07T17:32:31.341+0000][2452.367s][info ][safepoint     ] Application time: 1.0000994 seconds
[2022-02-07T17:32:31.341+0000][2452.367s][info ][safepoint     ] Entering safepoint region: Cleanup
[2022-02-07T17:32:31.342+0000][2452.367s][info ][safepoint     ] Leaving safepoint region
[2022-02-07T17:32:31.342+0000][2452.367s][info ][safepoint     ] Total time for which application threads were stopped: 0.0003053 seconds, Stopping threads took: 0.0000741 seconds
[2022-02-07T17:32:32.342+0000][2453.367s][debug][safepoint     ] Safepoint synchronization initiated. (301 threads)
[2022-02-07T17:32:32.342+0000][2453.368s][info ][safepoint     ] Application time: 1.0000979 seconds
[2022-02-07T17:32:32.342+0000][2453.368s][info ][safepoint     ] Entering safepoint region: Cleanup
[2022-02-07T17:32:32.342+0000][2453.368s][info ][safepoint     ] Leaving safepoint region
[2022-02-07T17:32:32.342+0000][2453.368s][info ][safepoint     ] Total time for which application threads were stopped: 0.0002730 seconds, Stopping threads took: 0.0000717 seconds
[2022-02-07T17:32:33.342+0000][2454.368s][debug][safepoint     ] Safepoint synchronization initiated. (301 threads)
[2022-02-07T17:32:33.342+0000][2454.368s][info ][safepoint     ] Application time: 1.0001180 seconds
[2022-02-07T17:32:33.342+0000][2454.368s][info ][safepoint     ] Entering safepoint region: Cleanup
[2022-02-07T17:32:33.342+0000][2454.368s][info ][safepoint     ] Leaving safepoint region
[2022-02-07T17:32:33.342+0000][2454.368s][info ][safepoint     ] Total time for which application threads were stopped: 0.0003185 seconds, Stopping threads took: 0.0000776 seconds
[2022-02-07T17:32:34.343+0000][2455.368s][debug][safepoint     ] Safepoint synchronization initiated. (301 threads)
[2022-02-07T17:32:34.343+0000][2455.368s][info ][safepoint     ] Application time: 1.0002146 seconds
[2022-02-07T17:32:34.343+0000][2455.369s][info ][safepoint     ] Entering safepoint region: Cleanup
[2022-02-07T17:32:34.343+0000][2455.369s][info ][safepoint     ] Leaving safepoint region
[2022-02-07T17:32:34.343+0000][2455.369s][info ][safepoint     ] Total time for which application threads were stopped: 0.0003023 seconds, Stopping threads took: 0.0000705 seconds
[2022-02-07T17:32:35.343+0000][2456.369s][debug][safepoint     ] Safepoint synchronization initiated. (301 threads)
[2022-02-07T17:32:35.343+0000][2456.369s][info ][safepoint     ] Application time: 1.0001134 seconds
[2022-02-07T17:32:35.343+0000][2456.369s][info ][safepoint     ] Entering safepoint region: Cleanup
[2022-02-07T17:32:35.343+0000][2456.369s][info ][safepoint     ] Leaving safepoint region
[2022-02-07T17:32:35.343+0000][2456.369s][info ][safepoint     ] Total time for which application threads were stopped: 0.0003243 seconds, Stopping threads took: 0.0000717 seconds
[2022-02-07T17:32:36.343+0000][2457.369s][debug][safepoint     ] Safepoint synchronization initiated. (301 threads)
[2022-02-07T17:32:36.344+0000][2457.369s][info ][safepoint     ] Application time: 1.0001057 seconds
[2022-02-07T17:32:36.344+0000][2457.369s][info ][safepoint     ] Entering safepoint region: Cleanup
[2022-02-07T17:32:36.344+0000][2457.370s][info ][safepoint     ] Leaving safepoint region
[2022-02-07T17:32:36.344+0000][2457.370s][info ][safepoint     ] Total time for which application threads were stopped: 0.0004648 seconds, Stopping threads took: 0.0000761 seconds
[2022-02-07T17:32:37.344+0000][2458.370s][debug][safepoint     ] Safepoint synchronization initiated. (301 threads)
[2022-02-07T17:32:37.344+0000][2458.370s][info ][safepoint     ] Application time: 1.0001168 seconds
[2022-02-07T17:32:37.344+0000][2458.370s][info ][safepoint     ] Entering safepoint region: Cleanup
[2022-02-07T17:32:37.345+0000][2458.370s][info ][safepoint     ] Leaving safepoint region
[2022-02-07T17:32:37.345+0000][2458.370s][info ][safepoint     ] Total time for which application threads were stopped: 0.0004371 seconds, Stopping threads took: 0.0000679 seconds
[2022-02-07T17:32:38.345+0000][2459.371s][debug][safepoint     ] Safepoint synchronization initiated. (301 threads)
[2022-02-07T17:32:38.345+0000][2459.371s][info ][safepoint     ] Application time: 1.0001173 seconds
[2022-02-07T17:32:38.345+0000][2459.371s][info ][safepoint     ] Entering safepoint region: Cleanup
[2022-02-07T17:32:38.345+0000][2459.371s][info ][safepoint     ] Leaving safepoint region
[2022-02-07T17:32:38.345+0000][2459.371s][info ][safepoint     ] Total time for which application threads were stopped: 0.0004404 seconds, Stopping threads took: 0.0000706 seconds
[2022-02-07T17:32:38.672+0000][2459.698s][debug][safepoint     ] Safepoint synchronization initiated. (301 threads)
[2022-02-07T17:32:38.673+0000][2459.698s][info ][safepoint     ] Application time: 0.3273525 seconds
[2022-02-07T17:32:38.673+0000][2459.698s][info ][safepoint     ] Entering safepoint region: G1CollectForAllocation
[2022-02-07T17:32:38.673+0000][2459.699s][info ][gc,start      ] GC(197) Pause Young (Normal) (G1 Evacuation Pause)
[2022-02-07T17:32:38.673+0000][2459.699s][info ][gc,task       ] GC(197) Using 4 workers of 4 for evacuation
[2022-02-07T17:32:38.696+0000][2459.722s][info ][gc,phases     ] GC(197)   Pre Evacuate Collection Set: 0.0ms
[2022-02-07T17:32:38.696+0000][2459.722s][info ][gc,phases     ] GC(197)   Evacuate Collection Set: 18.2ms
[2022-02-07T17:32:38.696+0000][2459.722s][info ][gc,phases     ] GC(197)   Post Evacuate Collection Set: 4.3ms
[2022-02-07T17:32:38.696+0000][2459.722s][info ][gc,phases     ] GC(197)   Other: 0.2ms
[2022-02-07T17:32:38.696+0000][2459.722s][info ][gc,heap       ] GC(197) Eden regions: 235->0(235)
[2022-02-07T17:32:38.696+0000][2459.722s][info ][gc,heap       ] GC(197) Survivor regions: 1->1(30)
[2022-02-07T17:32:38.696+0000][2459.722s][info ][gc,heap       ] GC(197) Old regions: 150->150
[2022-02-07T17:32:38.696+0000][2459.722s][info ][gc,heap       ] GC(197) Humongous regions: 0->0
[2022-02-07T17:32:38.696+0000][2459.722s][info ][gc,metaspace  ] GC(197) Metaspace: 163407K->163407K(1206272K)
[2022-02-07T17:32:38.696+0000][2459.722s][info ][gc            ] GC(197) Pause Young (Normal) (G1 Evacuation Pause) 383M->148M(430M) 22.850ms
[2022-02-07T17:32:38.696+0000][2459.722s][info ][gc,cpu        ] GC(197) User=0.02s Sys=0.00s Real=0.02s
[2022-02-07T17:32:38.696+0000][2459.722s][info ][safepoint     ] Leaving safepoint region
[2022-02-07T17:32:38.696+0000][2459.722s][info ][safepoint     ] Total time for which application threads were stopped: 0.0234341 seconds, Stopping threads took: 0.0000685 seconds
[2022-02-07T17:32:38.696+0000][2459.722s][info ][gc,stringdedup] Concurrent String Deduplication (2459.722s)
[2022-02-07T17:32:38.696+0000][2459.722s][info ][gc,stringdedup] Concurrent String Deduplication 6800.0B->0.0B(6800.0B) avg 53.6% (2459.722s, 2459.722s) 0.065ms
[2022-02-07T17:32:39.696+0000][2460.722s][debug][safepoint     ] Safepoint synchronization initiated. (301 threads)
[2022-02-07T17:32:39.696+0000][2460.722s][info ][safepoint     ] Application time: 1.0001264 seconds
[2022-02-07T17:32:39.696+0000][2460.722s][info ][safepoint     ] Entering safepoint region: Cleanup
[2022-02-07T17:32:39.697+0000][2460.722s][info ][safepoint     ] Leaving safepoint region
[2022-02-07T17:32:39.697+0000][2460.722s][info ][safepoint     ] Total time for which application threads were stopped: 0.0004476 seconds, Stopping threads took: 0.0000708 seconds
[2022-02-07T17:32:40.697+0000][2461.722s][debug][safepoint     ] Safepoint synchronization initiated. (301 threads)
[2022-02-07T17:32:40.697+0000][2461.723s][info ][safepoint     ] Application time: 1.0001174 seconds
[2022-02-07T17:32:40.697+0000][2461.723s][info ][safepoint     ] Entering safepoint region: Cleanup
[2022-02-07T17:32:40.697+0000][2461.723s][info ][safepoint     ] Leaving safepoint region
[2022-02-07T17:32:40.697+0000][2461.723s][info ][safepoint     ] Total time for which application threads were stopped: 0.0004420 seconds, Stopping threads took: 0.0000711 seconds
[2022-02-07T17:32:41.697+0000][2462.723s][debug][safepoint     ] Safepoint synchronization initiated. (301 threads)
[2022-02-07T17:32:41.697+0000][2462.723s][info ][safepoint     ] Application time: 1.0001306 seconds
[2022-02-07T17:32:41.697+0000][2462.723s][info ][safepoint     ] Entering safepoint region: Cleanup
[2022-02-07T17:32:41.698+0000][2462.723s][info ][safepoint     ] Leaving safepoint region
[2022-02-07T17:32:41.698+0000][2462.723s][info ][safepoint     ] Total time for which application threads were stopped: 0.0002973 seconds, Stopping threads took: 0.0000700 seconds
[2022-02-07T17:32:42.698+0000][2463.724s][debug][safepoint     ] Safepoint synchronization initiated. (301 threads)
[2022-02-07T17:32:42.698+0000][2463.724s][info ][safepoint     ] Application time: 1.0001223 seconds
[2022-02-07T17:32:42.698+0000][2463.724s][info ][safepoint     ] Entering safepoint region: Cleanup
[2022-02-07T17:32:42.698+0000][2463.724s][info ][safepoint     ] Leaving safepoint region
[2022-02-07T17:32:42.698+0000][2463.724s][info ][safepoint     ] Total time for which application threads were stopped: 0.0003021 seconds, Stopping threads took: 0.0000720 seconds
[2022-02-07T17:32:43.698+0000][2464.724s][debug][safepoint     ] Safepoint synchronization initiated. (301 threads)
[2022-02-07T17:32:43.698+0000][2464.724s][info ][safepoint     ] Application time: 1.0001154 seconds
[2022-02-07T17:32:43.698+0000][2464.724s][info ][safepoint     ] Entering safepoint region: Cleanup
[2022-02-07T17:32:43.699+0000][2464.724s][info ][safepoint     ] Leaving safepoint region
[2022-02-07T17:32:43.699+0000][2464.724s][info ][safepoint     ] Total time for which application threads were stopped: 0.0004475 seconds, Stopping threads took: 0.0000711 seconds
[2022-02-07T17:32:44.699+0000][2465.725s][debug][safepoint     ] Safepoint synchronization initiated. (301 threads)
[2022-02-07T17:32:44.699+0000][2465.725s][info ][safepoint     ] Application time: 1.0001154 seconds
[2022-02-07T17:32:44.699+0000][2465.725s][info ][safepoint     ] Entering safepoint region: Cleanup
[2022-02-07T17:32:44.699+0000][2465.725s][info ][safepoint     ] Leaving safepoint region
[2022-02-07T17:32:44.699+0000][2465.725s][info ][safepoint     ] Total time for which application threads were stopped: 0.0004551 seconds, Stopping threads took: 0.0000684 seconds
[2022-02-07T17:32:45.699+0000][2466.725s][debug][safepoint     ] Safepoint synchronization initiated. (301 threads)
[2022-02-07T17:32:45.699+0000][2466.725s][info ][safepoint     ] Application time: 1.0001090 seconds
[2022-02-07T17:32:45.699+0000][2466.725s][info ][safepoint     ] Entering safepoint region: Cleanup
[2022-02-07T17:32:45.700+0000][2466.726s][info ][safepoint     ] Leaving safepoint region
[2022-02-07T17:32:45.700+0000][2466.726s][info ][safepoint     ] Total time for which application threads were stopped: 0.0004471 seconds, Stopping threads took: 0.0000762 seconds
[2022-02-07T17:32:46.700+0000][2467.726s][debug][safepoint     ] Safepoint synchronization initiated. (301 threads)
[2022-02-07T17:32:46.700+0000][2467.726s][info ][safepoint     ] Application time: 1.0001192 seconds
[2022-02-07T17:32:46.700+0000][2467.726s][info ][safepoint     ] Entering safepoint region: Cleanup
[2022-02-07T17:32:46.700+0000][2467.726s][info ][safepoint     ] Leaving safepoint region
[2022-02-07T17:32:46.700+0000][2467.726s][info ][safepoint     ] Total time for which application threads were stopped: 0.0004382 seconds, Stopping threads took: 0.0000688 seconds
[2022-02-07T17:32:47.700+0000][2468.726s][debug][safepoint     ] Safepoint synchronization initiated. (301 threads)
[2022-02-07T17:32:47.700+0000][2468.726s][info ][safepoint     ] Application time: 1.0001145 seconds
[2022-02-07T17:32:47.701+0000][2468.726s][info ][safepoint     ] Entering safepoint region: Cleanup
[2022-02-07T17:32:47.701+0000][2468.727s][info ][safepoint     ] Leaving safepoint region
[2022-02-07T17:32:47.701+0000][2468.727s][info ][safepoint     ] Total time for which application threads were stopped: 0.0004428 seconds, Stopping threads took: 0.0000698 seconds
[2022-02-07T17:32:48.701+0000][2469.727s][debug][safepoint     ] Safepoint synchronization initiated. (301 threads)
[2022-02-07T17:32:48.701+0000][2469.727s][info ][safepoint     ] Application time: 1.0001228 seconds
[2022-02-07T17:32:48.706+0000][2469.732s][debug][safepoint     ] ... found polling page return exception at pc = 0x00007f11b4fe5b12, stub =0x00007f11ac8beb80
[2022-02-07T17:32:48.706+0000][2469.732s][debug][safepoint     ] Waiting for 1 thread(s) to block
[2022-02-07T17:32:48.706+0000][2469.732s][info ][safepoint     ] Entering safepoint region: Cleanup
[2022-02-07T17:32:48.707+0000][2469.733s][info ][safepoint     ] Leaving safepoint region
[2022-02-07T17:32:48.707+0000][2469.733s][info ][safepoint     ] Total time for which application threads were stopped: 0.0056287 seconds, Stopping threads took: 0.0052220 seconds
[2022-02-07T17:32:49.707+0000][2470.733s][debug][safepoint     ] Safepoint synchronization initiated. (301 threads)
[2022-02-07T17:32:49.707+0000][2470.733s][info ][safepoint     ] Application time: 1.0001196 seconds
[2022-02-07T17:32:49.707+0000][2470.733s][info ][safepoint     ] Entering safepoint region: Cleanup
[2022-02-07T17:32:49.707+0000][2470.733s][info ][safepoint     ] Leaving safepoint region
[2022-02-07T17:32:49.707+0000][2470.733s][info ][safepoint     ] Total time for which application threads were stopped: 0.0002984 seconds, Stopping threads took: 0.0000697 seconds
[2022-02-07T17:32:50.707+0000][2471.733s][debug][safepoint     ] Safepoint synchronization initiated. (301 threads)
[2022-02-07T17:32:50.707+0000][2471.733s][info ][safepoint     ] Application time: 1.0001689 seconds
[2022-02-07T17:32:50.707+0000][2471.733s][info ][safepoint     ] Entering safepoint region: Cleanup
[2022-02-07T17:32:50.708+0000][2471.733s][info ][safepoint     ] Leaving safepoint region
[2022-02-07T17:32:50.708+0000][2471.733s][info ][safepoint     ] Total time for which application threads were stopped: 0.0003186 seconds, Stopping threads took: 0.0000701 seconds
[2022-02-07T17:32:51.708+0000][2472.734s][debug][safepoint     ] Safepoint synchronization initiated. (301 threads)
[2022-02-07T17:32:51.708+0000][2472.734s][info ][safepoint     ] Application time: 1.0001155 seconds
[2022-02-07T17:32:51.708+0000][2472.734s][info ][safepoint     ] Entering safepoint region: Cleanup
[2022-02-07T17:32:51.708+0000][2472.734s][info ][safepoint     ] Leaving safepoint region
[2022-02-07T17:32:51.708+0000][2472.734s][info ][safepoint     ] Total time for which application threads were stopped: 0.0003127 seconds, Stopping threads took: 0.0000689 seconds
[2022-02-07T17:32:52.708+0000][2473.734s][debug][safepoint     ] Safepoint synchronization initiated. (301 threads)
[2022-02-07T17:32:52.708+0000][2473.734s][info ][safepoint     ] Application time: 1.0001142 seconds
[2022-02-07T17:32:52.708+0000][2473.734s][info ][safepoint     ] Entering safepoint region: Cleanup
[2022-02-07T17:32:52.708+0000][2473.734s][info ][safepoint     ] Leaving safepoint region
[2022-02-07T17:32:52.709+0000][2473.734s][info ][safepoint     ] Total time for which application threads were stopped: 0.0003206 seconds, Stopping threads took: 0.0000768 seconds
[2022-02-07T17:32:53.709+0000][2474.734s][debug][safepoint     ] Safepoint synchronization initiated. (301 threads)
[2022-02-07T17:32:53.709+0000][2474.734s][info ][safepoint     ] Application time: 1.0001146 seconds
[2022-02-07T17:32:53.709+0000][2474.735s][info ][safepoint     ] Entering safepoint region: Cleanup
[2022-02-07T17:32:53.709+0000][2474.735s][info ][safepoint     ] Leaving safepoint region
[2022-02-07T17:32:53.709+0000][2474.735s][info ][safepoint     ] Total time for which application threads were stopped: 0.0002951 seconds, Stopping threads took: 0.0000691 seconds
[2022-02-07T17:32:54.237+0000][2475.263s][debug][safepoint     ] Safepoint synchronization initiated. (301 threads)
[2022-02-07T17:32:54.237+0000][2475.263s][info ][safepoint     ] Application time: 0.5284589 seconds
[2022-02-07T17:32:54.237+0000][2475.263s][info ][safepoint     ] Entering safepoint region: G1CollectForAllocation
[2022-02-07T17:32:54.238+0000][2475.264s][info ][gc,start      ] GC(198) Pause Young (Normal) (G1 Evacuation Pause)
[2022-02-07T17:32:54.238+0000][2475.264s][info ][gc,task       ] GC(198) Using 4 workers of 4 for evacuation
[2022-02-07T17:32:54.245+0000][2475.271s][info ][gc,phases     ] GC(198)   Pre Evacuate Collection Set: 0.0ms
[2022-02-07T17:32:54.245+0000][2475.271s][info ][gc,phases     ] GC(198)   Evacuate Collection Set: 3.3ms
[2022-02-07T17:32:54.245+0000][2475.271s][info ][gc,phases     ] GC(198)   Post Evacuate Collection Set: 4.1ms
[2022-02-07T17:32:54.246+0000][2475.271s][info ][gc,phases     ] GC(198)   Other: 0.3ms
[2022-02-07T17:32:54.246+0000][2475.271s][info ][gc,heap       ] GC(198) Eden regions: 235->0(235)
[2022-02-07T17:32:54.246+0000][2475.271s][info ][gc,heap       ] GC(198) Survivor regions: 1->1(30)
[2022-02-07T17:32:54.246+0000][2475.271s][info ][gc,heap       ] GC(198) Old regions: 150->150
[2022-02-07T17:32:54.246+0000][2475.271s][info ][gc,heap       ] GC(198) Humongous regions: 0->0
[2022-02-07T17:32:54.246+0000][2475.271s][info ][gc,metaspace  ] GC(198) Metaspace: 163409K->163409K(1206272K)
[2022-02-07T17:32:54.246+0000][2475.271s][info ][gc            ] GC(198) Pause Young (Normal) (G1 Evacuation Pause) 383M->148M(430M) 7.831ms
[2022-02-07T17:32:54.246+0000][2475.271s][info ][gc,cpu        ] GC(198) User=0.02s Sys=0.00s Real=0.01s
[2022-02-07T17:32:54.246+0000][2475.272s][info ][safepoint     ] Leaving safepoint region
[2022-02-07T17:32:54.246+0000][2475.272s][info ][safepoint     ] Total time for which application threads were stopped: 0.0082569 seconds, Stopping threads took: 0.0000693 seconds
[2022-02-07T17:32:54.246+0000][2475.272s][info ][gc,stringdedup] Concurrent String Deduplication (2475.272s)
[2022-02-07T17:32:54.246+0000][2475.272s][info ][gc,stringdedup] Concurrent String Deduplication 1984.0B->0.0B(1984.0B) avg 53.6% (2475.272s, 2475.272s) 0.040ms
[2022-02-07T17:32:55.246+0000][2476.272s][debug][safepoint     ] Safepoint synchronization initiated. (301 threads)
[2022-02-07T17:32:55.246+0000][2476.272s][info ][safepoint     ] Application time: 1.0001393 seconds
[2022-02-07T17:32:55.246+0000][2476.272s][info ][safepoint     ] Entering safepoint region: Cleanup
[2022-02-07T17:32:55.246+0000][2476.272s][info ][safepoint     ] Leaving safepoint region
[2022-02-07T17:32:55.246+0000][2476.272s][info ][safepoint     ] Total time for which application threads were stopped: 0.0002545 seconds, Stopping threads took: 0.0000700 seconds
[2022-02-07T17:32:56.246+0000][2477.272s][debug][safepoint     ] Safepoint synchronization initiated. (301 threads)
[2022-02-07T17:32:56.246+0000][2477.272s][info ][safepoint     ] Application time: 1.0001263 seconds
[2022-02-07T17:32:56.246+0000][2477.272s][info ][safepoint     ] Entering safepoint region: Cleanup
[2022-02-07T17:32:56.247+0000][2477.272s][info ][safepoint     ] Leaving safepoint region
[2022-02-07T17:32:56.247+0000][2477.272s][info ][safepoint     ] Total time for which application threads were stopped: 0.0003074 seconds, Stopping threads took: 0.0000717 seconds
[2022-02-07T17:32:57.247+0000][2478.272s][debug][safepoint     ] Safepoint synchronization initiated. (301 threads)
[2022-02-07T17:32:57.247+0000][2478.273s][info ][safepoint     ] Application time: 1.0001114 seconds
[2022-02-07T17:32:57.247+0000][2478.273s][info ][safepoint     ] Entering safepoint region: Cleanup
[2022-02-07T17:32:57.247+0000][2478.273s][info ][safepoint     ] Leaving safepoint region
[2022-02-07T17:32:57.247+0000][2478.273s][info ][safepoint     ] Total time for which application threads were stopped: 0.0003076 seconds, Stopping threads took: 0.0000705 seconds
[2022-02-07T17:32:58.247+0000][2479.273s][debug][safepoint     ] Safepoint synchronization initiated. (301 threads)
[2022-02-07T17:32:58.247+0000][2479.273s][info ][safepoint     ] Application time: 1.0001167 seconds
[2022-02-07T17:32:58.247+0000][2479.273s][info ][safepoint     ] Entering safepoint region: Cleanup
[2022-02-07T17:32:58.247+0000][2479.273s][info ][safepoint     ] Leaving safepoint region
[2022-02-07T17:32:58.247+0000][2479.273s][info ][safepoint     ] Total time for which application threads were stopped: 0.0002809 seconds, Stopping threads took: 0.0000854 seconds
[2022-02-07T17:32:59.247+0000][2480.273s][debug][safepoint     ] Safepoint synchronization initiated. (301 threads)
[2022-02-07T17:32:59.248+0000][2480.273s][info ][safepoint     ] Application time: 1.0000913 seconds
[2022-02-07T17:32:59.248+0000][2480.273s][info ][safepoint     ] Entering safepoint region: Cleanup
[2022-02-07T17:32:59.248+0000][2480.274s][info ][safepoint     ] Leaving safepoint region
[2022-02-07T17:32:59.248+0000][2480.274s][info ][safepoint     ] Total time for which application threads were stopped: 0.0002614 seconds, Stopping threads took: 0.0000744 seconds
[2022-02-07T17:33:00.248+0000][2481.274s][debug][safepoint     ] Safepoint synchronization initiated. (301 threads)
[2022-02-07T17:33:00.248+0000][2481.274s][info ][safepoint     ] Application time: 1.0001489 seconds
[2022-02-07T17:33:00.248+0000][2481.274s][info ][safepoint     ] Entering safepoint region: Cleanup
[2022-02-07T17:33:00.248+0000][2481.274s][info ][safepoint     ] Leaving safepoint region
[2022-02-07T17:33:00.248+0000][2481.274s][info ][safepoint     ] Total time for which application threads were stopped: 0.0003456 seconds, Stopping threads took: 0.0000857 seconds
[2022-02-07T17:33:01.248+0000][2482.274s][debug][safepoint     ] Safepoint synchronization initiated. (301 threads)
[2022-02-07T17:33:01.248+0000][2482.274s][info ][safepoint     ] Application time: 1.0001140 seconds
[2022-02-07T17:33:01.248+0000][2482.274s][info ][safepoint     ] Entering safepoint region: Cleanup
[2022-02-07T17:33:01.249+0000][2482.275s][info ][safepoint     ] Leaving safepoint region
[2022-02-07T17:33:01.249+0000][2482.275s][info ][safepoint     ] Total time for which application threads were stopped: 0.0002502 seconds, Stopping threads took: 0.0000630 seconds
[2022-02-07T17:33:02.249+0000][2483.275s][debug][safepoint     ] Safepoint synchronization initiated. (301 threads)
[2022-02-07T17:33:02.249+0000][2483.275s][info ][safepoint     ] Application time: 1.0000996 seconds
[2022-02-07T17:33:02.249+0000][2483.275s][info ][safepoint     ] Entering safepoint region: Cleanup
[2022-02-07T17:33:02.249+0000][2483.275s][info ][safepoint     ] Leaving safepoint region
[2022-02-07T17:33:02.249+0000][2483.275s][info ][safepoint     ] Total time for which application threads were stopped: 0.0002436 seconds, Stopping threads took: 0.0000615 seconds
[2022-02-07T17:33:03.249+0000][2484.275s][debug][safepoint     ] Safepoint synchronization initiated. (301 threads)
[2022-02-07T17:33:03.249+0000][2484.275s][info ][safepoint     ] Application time: 1.0001195 seconds
[2022-02-07T17:33:03.249+0000][2484.275s][debug][safepoint     ] Waiting for 1 thread(s) to block
[2022-02-07T17:33:03.249+0000][2484.275s][info ][safepoint     ] Entering safepoint region: Cleanup
[2022-02-07T17:33:03.250+0000][2484.275s][info ][safepoint     ] Leaving safepoint region
[2022-02-07T17:33:03.250+0000][2484.275s][info ][safepoint     ] Total time for which application threads were stopped: 0.0003917 seconds, Stopping threads took: 0.0001829 seconds
[2022-02-07T17:33:04.250+0000][2485.276s][debug][safepoint     ] Safepoint synchronization initiated. (301 threads)
[2022-02-07T17:33:04.250+0000][2485.276s][info ][safepoint     ] Application time: 1.0001457 seconds
[2022-02-07T17:33:04.250+0000][2485.276s][debug][safepoint     ] Waiting for 1 thread(s) to block
[2022-02-07T17:33:04.250+0000][2485.276s][info ][safepoint     ] Entering safepoint region: Cleanup
[2022-02-07T17:33:04.250+0000][2485.276s][info ][safepoint     ] Leaving safepoint region
[2022-02-07T17:33:04.250+0000][2485.276s][info ][safepoint     ] Total time for which application threads were stopped: 0.0003792 seconds, Stopping threads took: 0.0001268 seconds
[2022-02-07T17:33:05.250+0000][2486.276s][debug][safepoint     ] Safepoint synchronization initiated. (301 threads)
[2022-02-07T17:33:05.250+0000][2486.276s][info ][safepoint     ] Application time: 1.0001277 seconds
[2022-02-07T17:33:05.250+0000][2486.276s][info ][safepoint     ] Entering safepoint region: Cleanup
[2022-02-07T17:33:05.251+0000][2486.276s][info ][safepoint     ] Leaving safepoint region
[2022-02-07T17:33:05.251+0000][2486.276s][info ][safepoint     ] Total time for which application threads were stopped: 0.0003166 seconds, Stopping threads took: 0.0000689 seconds
[2022-02-07T17:33:06.251+0000][2487.277s][debug][safepoint     ] Safepoint synchronization initiated. (301 threads)
[2022-02-07T17:33:06.251+0000][2487.277s][info ][safepoint     ] Application time: 1.0001297 seconds
[2022-02-07T17:33:06.251+0000][2487.277s][info ][safepoint     ] Entering safepoint region: Cleanup
[2022-02-07T17:33:06.251+0000][2487.277s][info ][safepoint     ] Leaving safepoint region
[2022-02-07T17:33:06.251+0000][2487.277s][info ][safepoint     ] Total time for which application threads were stopped: 0.0002959 seconds, Stopping threads took: 0.0000720 seconds
[2022-02-07T17:33:07.251+0000][2488.277s][debug][safepoint     ] Safepoint synchronization initiated. (301 threads)
[2022-02-07T17:33:07.251+0000][2488.277s][info ][safepoint     ] Application time: 1.0001148 seconds
[2022-02-07T17:33:07.251+0000][2488.277s][info ][safepoint     ] Entering safepoint region: Cleanup
[2022-02-07T17:33:07.252+0000][2488.277s][info ][safepoint     ] Leaving safepoint region
[2022-02-07T17:33:07.252+0000][2488.277s][info ][safepoint     ] Total time for which application threads were stopped: 0.0003416 seconds, Stopping threads took: 0.0000841 seconds
[2022-02-07T17:33:08.252+0000][2489.277s][debug][safepoint     ] Safepoint synchronization initiated. (301 threads)
[2022-02-07T17:33:08.252+0000][2489.278s][info ][safepoint     ] Application time: 1.0001251 seconds
[2022-02-07T17:33:08.252+0000][2489.278s][info ][safepoint     ] Entering safepoint region: Cleanup
[2022-02-07T17:33:08.252+0000][2489.278s][info ][safepoint     ] Leaving safepoint region
[2022-02-07T17:33:08.252+0000][2489.278s][info ][safepoint     ] Total time for which application threads were stopped: 0.0004743 seconds, Stopping threads took: 0.0000822 seconds
[2022-02-07T17:33:09.252+0000][2490.278s][debug][safepoint     ] Safepoint synchronization initiated. (301 threads)
[2022-02-07T17:33:09.252+0000][2490.278s][info ][safepoint     ] Application time: 1.0001293 seconds
[2022-02-07T17:33:09.252+0000][2490.278s][info ][safepoint     ] Entering safepoint region: Cleanup
[2022-02-07T17:33:09.253+0000][2490.278s][info ][safepoint     ] Leaving safepoint region
[2022-02-07T17:33:09.253+0000][2490.278s][info ][safepoint     ] Total time for which application threads were stopped: 0.0003323 seconds, Stopping threads took: 0.0000769 seconds
[2022-02-07T17:33:10.253+0000][2491.279s][debug][safepoint     ] Safepoint synchronization initiated. (301 threads)
[2022-02-07T17:33:10.253+0000][2491.279s][info ][safepoint     ] Application time: 1.0001414 seconds
[2022-02-07T17:33:10.253+0000][2491.279s][info ][safepoint     ] Entering safepoint region: Cleanup
[2022-02-07T17:33:10.253+0000][2491.279s][info ][safepoint     ] Leaving safepoint region
[2022-02-07T17:33:10.253+0000][2491.279s][info ][safepoint     ] Total time for which application threads were stopped: 0.0003376 seconds, Stopping threads took: 0.0000704 seconds
[2022-02-07T17:33:11.253+0000][2492.279s][debug][safepoint     ] Safepoint synchronization initiated. (301 threads)
[2022-02-07T17:33:11.253+0000][2492.279s][info ][safepoint     ] Application time: 1.0001053 seconds
[2022-02-07T17:33:11.253+0000][2492.279s][info ][safepoint     ] Entering safepoint region: Cleanup
[2022-02-07T17:33:11.254+0000][2492.280s][info ][safepoint     ] Leaving safepoint region
[2022-02-07T17:33:11.254+0000][2492.280s][info ][safepoint     ] Total time for which application threads were stopped: 0.0004477 seconds, Stopping threads took: 0.0000694 seconds
[2022-02-07T17:33:12.254+0000][2493.280s][debug][safepoint     ] Safepoint synchronization initiated. (301 threads)
[2022-02-07T17:33:12.254+0000][2493.280s][info ][safepoint     ] Application time: 1.0001065 seconds
[2022-02-07T17:33:12.254+0000][2493.280s][info ][safepoint     ] Entering safepoint region: Cleanup
[2022-02-07T17:33:12.254+0000][2493.280s][info ][safepoint     ] Leaving safepoint region
[2022-02-07T17:33:12.254+0000][2493.280s][info ][safepoint     ] Total time for which application threads were stopped: 0.0004432 seconds, Stopping threads took: 0.0000689 seconds
[2022-02-07T17:33:12.483+0000][2493.509s][debug][safepoint     ] Safepoint synchronization initiated. (301 threads)
[2022-02-07T17:33:12.483+0000][2493.509s][info ][safepoint     ] Application time: 0.2287497 seconds
[2022-02-07T17:33:12.483+0000][2493.509s][info ][safepoint     ] Entering safepoint region: G1CollectForAllocation
[2022-02-07T17:33:12.484+0000][2493.509s][info ][gc,start      ] GC(199) Pause Young (Normal) (G1 Evacuation Pause)
[2022-02-07T17:33:12.484+0000][2493.509s][info ][gc,task       ] GC(199) Using 4 workers of 4 for evacuation
[2022-02-07T17:33:12.504+0000][2493.530s][info ][gc,phases     ] GC(199)   Pre Evacuate Collection Set: 0.0ms
[2022-02-07T17:33:12.504+0000][2493.530s][info ][gc,phases     ] GC(199)   Evacuate Collection Set: 5.3ms
[2022-02-07T17:33:12.504+0000][2493.530s][info ][gc,phases     ] GC(199)   Post Evacuate Collection Set: 14.5ms
[2022-02-07T17:33:12.504+0000][2493.530s][info ][gc,phases     ] GC(199)   Other: 0.3ms
[2022-02-07T17:33:12.504+0000][2493.530s][info ][gc,heap       ] GC(199) Eden regions: 235->0(235)
[2022-02-07T17:33:12.504+0000][2493.530s][info ][gc,heap       ] GC(199) Survivor regions: 1->1(30)
[2022-02-07T17:33:12.504+0000][2493.530s][info ][gc,heap       ] GC(199) Old regions: 150->150
[2022-02-07T17:33:12.504+0000][2493.530s][info ][gc,heap       ] GC(199) Humongous regions: 0->0
[2022-02-07T17:33:12.504+0000][2493.530s][info ][gc,metaspace  ] GC(199) Metaspace: 163410K->163410K(1206272K)
[2022-02-07T17:33:12.504+0000][2493.530s][info ][gc            ] GC(199) Pause Young (Normal) (G1 Evacuation Pause) 383M->148M(430M) 20.222ms
[2022-02-07T17:33:12.504+0000][2493.530s][info ][gc,cpu        ] GC(199) User=0.02s Sys=0.00s Real=0.02s
[2022-02-07T17:33:12.504+0000][2493.530s][info ][safepoint     ] Leaving safepoint region
[2022-02-07T17:33:12.504+0000][2493.530s][info ][safepoint     ] Total time for which application threads were stopped: 0.0208379 seconds, Stopping threads took: 0.0000721 seconds
[2022-02-07T17:33:12.504+0000][2493.530s][info ][gc,stringdedup] Concurrent String Deduplication (2493.530s)
[2022-02-07T17:33:12.504+0000][2493.530s][info ][gc,stringdedup] Concurrent String Deduplication 328.0B->0.0B(328.0B) avg 53.6% (2493.530s, 2493.530s) 0.019ms
[2022-02-07T17:33:13.504+0000][2494.530s][debug][safepoint     ] Safepoint synchronization initiated. (301 threads)
[2022-02-07T17:33:13.504+0000][2494.530s][info ][safepoint     ] Application time: 1.0001566 seconds
[2022-02-07T17:33:13.504+0000][2494.530s][info ][safepoint     ] Entering safepoint region: Cleanup
[2022-02-07T17:33:13.505+0000][2494.530s][info ][safepoint     ] Leaving safepoint region
[2022-02-07T17:33:13.505+0000][2494.530s][info ][safepoint     ] Total time for which application threads were stopped: 0.0004710 seconds, Stopping threads took: 0.0000726 seconds
[2022-02-07T17:33:14.505+0000][2495.530s][debug][safepoint     ] Safepoint synchronization initiated. (301 threads)
[2022-02-07T17:33:14.505+0000][2495.531s][info ][safepoint     ] Application time: 1.0001248 seconds
[2022-02-07T17:33:14.505+0000][2495.531s][info ][safepoint     ] Entering safepoint region: Cleanup
[2022-02-07T17:33:14.505+0000][2495.531s][info ][safepoint     ] Leaving safepoint region
[2022-02-07T17:33:14.505+0000][2495.531s][info ][safepoint     ] Total time for which application threads were stopped: 0.0005142 seconds, Stopping threads took: 0.0000855 seconds
[2022-02-07T17:33:15.505+0000][2496.531s][debug][safepoint     ] Safepoint synchronization initiated. (301 threads)
[2022-02-07T17:33:15.505+0000][2496.531s][info ][safepoint     ] Application time: 1.0001153 seconds
[2022-02-07T17:33:15.505+0000][2496.531s][info ][safepoint     ] Entering safepoint region: Cleanup
[2022-02-07T17:33:15.506+0000][2496.531s][info ][safepoint     ] Leaving safepoint region
[2022-02-07T17:33:15.506+0000][2496.531s][info ][safepoint     ] Total time for which application threads were stopped: 0.0003203 seconds, Stopping threads took: 0.0000705 seconds
[2022-02-07T17:33:16.506+0000][2497.532s][debug][safepoint     ] Safepoint synchronization initiated. (301 threads)
[2022-02-07T17:33:16.506+0000][2497.532s][info ][safepoint     ] Application time: 1.0001164 seconds
[2022-02-07T17:33:16.506+0000][2497.532s][info ][safepoint     ] Entering safepoint region: Cleanup
[2022-02-07T17:33:16.506+0000][2497.532s][info ][safepoint     ] Leaving safepoint region
[2022-02-07T17:33:16.506+0000][2497.532s][info ][safepoint     ] Total time for which application threads were stopped: 0.0004513 seconds, Stopping threads took: 0.0000748 seconds
[2022-02-07T17:33:17.506+0000][2498.532s][debug][safepoint     ] Safepoint synchronization initiated. (301 threads)
[2022-02-07T17:33:17.506+0000][2498.532s][info ][safepoint     ] Application time: 1.0001373 seconds
[2022-02-07T17:33:17.506+0000][2498.532s][info ][safepoint     ] Entering safepoint region: Cleanup
[2022-02-07T17:33:17.507+0000][2498.533s][info ][safepoint     ] Leaving safepoint region
[2022-02-07T17:33:17.507+0000][2498.533s][info ][safepoint     ] Total time for which application threads were stopped: 0.0003568 seconds, Stopping threads took: 0.0000699 seconds
[2022-02-07T17:33:18.507+0000][2499.533s][debug][safepoint     ] Safepoint synchronization initiated. (301 threads)
[2022-02-07T17:33:18.507+0000][2499.533s][info ][safepoint     ] Application time: 1.0001313 seconds
[2022-02-07T17:33:18.507+0000][2499.533s][debug][safepoint     ] ... found polling page loop exception at pc = 0x00007f11b537be09, stub =0x00007f11ac8be900
[2022-02-07T17:33:18.507+0000][2499.533s][debug][safepoint     ] Waiting for 1 thread(s) to block
[2022-02-07T17:33:18.507+0000][2499.533s][info ][safepoint     ] Entering safepoint region: Cleanup
[2022-02-07T17:33:18.507+0000][2499.533s][info ][safepoint     ] Leaving safepoint region
[2022-02-07T17:33:18.507+0000][2499.533s][info ][safepoint     ] Total time for which application threads were stopped: 0.0003790 seconds, Stopping threads took: 0.0001228 seconds
[2022-02-07T17:33:19.507+0000][2500.533s][debug][safepoint     ] Safepoint synchronization initiated. (301 threads)
[2022-02-07T17:33:19.507+0000][2500.533s][info ][safepoint     ] Application time: 1.0001356 seconds
[2022-02-07T17:33:19.507+0000][2500.533s][info ][safepoint     ] Entering safepoint region: Cleanup
[2022-02-07T17:33:19.508+0000][2500.534s][info ][safepoint     ] Leaving safepoint region
[2022-02-07T17:33:19.508+0000][2500.534s][info ][safepoint     ] Total time for which application threads were stopped: 0.0002407 seconds, Stopping threads took: 0.0000690 seconds
[2022-02-07T17:33:20.508+0000][2501.534s][debug][safepoint     ] Safepoint synchronization initiated. (301 threads)
[2022-02-07T17:33:20.508+0000][2501.534s][info ][safepoint     ] Application time: 1.0001244 seconds
[2022-02-07T17:33:20.508+0000][2501.534s][info ][safepoint     ] Entering safepoint region: Cleanup
[2022-02-07T17:33:20.508+0000][2501.534s][info ][safepoint     ] Leaving safepoint region
[2022-02-07T17:33:20.508+0000][2501.534s][info ][safepoint     ] Total time for which application threads were stopped: 0.0003459 seconds, Stopping threads took: 0.0000789 seconds
[2022-02-07T17:33:21.508+0000][2502.534s][debug][safepoint     ] Safepoint synchronization initiated. (301 threads)
[2022-02-07T17:33:21.508+0000][2502.534s][info ][safepoint     ] Application time: 1.0001163 seconds
[2022-02-07T17:33:21.508+0000][2502.534s][info ][safepoint     ] Entering safepoint region: Cleanup
[2022-02-07T17:33:21.509+0000][2502.534s][info ][safepoint     ] Leaving safepoint region
[2022-02-07T17:33:21.509+0000][2502.534s][info ][safepoint     ] Total time for which application threads were stopped: 0.0002664 seconds, Stopping threads took: 0.0000680 seconds
[2022-02-07T17:33:22.509+0000][2503.535s][debug][safepoint     ] Safepoint synchronization initiated. (301 threads)
[2022-02-07T17:33:22.509+0000][2503.535s][info ][safepoint     ] Application time: 1.0001245 seconds
[2022-02-07T17:33:22.509+0000][2503.535s][info ][safepoint     ] Entering safepoint region: Cleanup
[2022-02-07T17:33:22.509+0000][2503.535s][info ][safepoint     ] Leaving safepoint region
[2022-02-07T17:33:22.509+0000][2503.535s][info ][safepoint     ] Total time for which application threads were stopped: 0.0002602 seconds, Stopping threads took: 0.0000789 seconds
[2022-02-07T17:33:23.509+0000][2504.535s][debug][safepoint     ] Safepoint synchronization initiated. (301 threads)
[2022-02-07T17:33:23.509+0000][2504.535s][info ][safepoint     ] Application time: 1.0001229 seconds
[2022-02-07T17:33:23.509+0000][2504.535s][info ][safepoint     ] Entering safepoint region: Cleanup
[2022-02-07T17:33:23.510+0000][2504.535s][info ][safepoint     ] Leaving safepoint region
[2022-02-07T17:33:23.510+0000][2504.535s][info ][safepoint     ] Total time for which application threads were stopped: 0.0004418 seconds, Stopping threads took: 0.0000667 seconds
[2022-02-07T17:33:24.510+0000][2505.535s][debug][safepoint     ] Safepoint synchronization initiated. (301 threads)
[2022-02-07T17:33:24.510+0000][2505.536s][info ][safepoint     ] Application time: 1.0001222 seconds
[2022-02-07T17:33:24.510+0000][2505.536s][debug][safepoint     ] ... found polling page loop exception at pc = 0x00007f11b4d562ca, stub =0x00007f11ac8be900
[2022-02-07T17:33:24.510+0000][2505.536s][debug][safepoint     ] Waiting for 1 thread(s) to block
[2022-02-07T17:33:24.511+0000][2505.537s][info ][safepoint     ] Entering safepoint region: Cleanup
[2022-02-07T17:33:24.512+0000][2505.538s][info ][safepoint     ] Leaving safepoint region
[2022-02-07T17:33:24.512+0000][2505.538s][info ][safepoint     ] Total time for which application threads were stopped: 0.0020490 seconds, Stopping threads took: 0.0016009 seconds
[2022-02-07T17:33:25.512+0000][2506.538s][debug][safepoint     ] Safepoint synchronization initiated. (301 threads)
[2022-02-07T17:33:25.512+0000][2506.538s][info ][safepoint     ] Application time: 1.0001145 seconds
[2022-02-07T17:33:25.512+0000][2506.538s][info ][safepoint     ] Entering safepoint region: Cleanup
[2022-02-07T17:33:25.512+0000][2506.538s][info ][safepoint     ] Leaving safepoint region
[2022-02-07T17:33:25.512+0000][2506.538s][info ][safepoint     ] Total time for which application threads were stopped: 0.0004597 seconds, Stopping threads took: 0.0000688 seconds
[2022-02-07T17:33:26.512+0000][2507.538s][debug][safepoint     ] Safepoint synchronization initiated. (301 threads)
[2022-02-07T17:33:26.512+0000][2507.538s][info ][safepoint     ] Application time: 1.0001681 seconds
[2022-02-07T17:33:26.513+0000][2507.538s][info ][safepoint     ] Entering safepoint region: Cleanup
[2022-02-07T17:33:26.513+0000][2507.539s][info ][safepoint     ] Leaving safepoint region
[2022-02-07T17:33:26.513+0000][2507.539s][info ][safepoint     ] Total time for which application threads were stopped: 0.0004493 seconds, Stopping threads took: 0.0000736 seconds
[2022-02-07T17:33:27.513+0000][2508.539s][debug][safepoint     ] Safepoint synchronization initiated. (301 threads)
[2022-02-07T17:33:27.513+0000][2508.539s][info ][safepoint     ] Application time: 1.0001144 seconds
