[2022-02-04T14:43:58.215+0000][0.003s][info][gc,heap] Heap region size: 1M
[2022-02-04T14:43:58.220+0000][0.008s][info][gc     ] Using G1
[2022-02-04T14:43:58.220+0000][0.008s][info][gc,heap,coops] Heap address: 0x0000000084600000, size: 1978 MB, Compressed Oops mode: 32-bit
[2022-02-04T14:43:58.220+0000][0.008s][info][gc,cds       ] Mark closed archive regions in map: [0x00000000ffc00000, 0x00000000ffc6aff8]
[2022-02-04T14:43:58.220+0000][0.008s][info][gc,cds       ] Mark open archive regions in map: [0x00000000ff800000, 0x00000000ff846ff8]
[2022-02-04T14:43:58.282+0000][0.070s][debug][safepoint    ] Safepoint synchronization initiated. (9 threads)
[2022-02-04T14:43:58.282+0000][0.070s][info ][safepoint    ] Application time: 0.0330991 seconds
[2022-02-04T14:43:58.282+0000][0.070s][info ][safepoint    ] Entering safepoint region: Deoptimize
[2022-02-04T14:43:58.282+0000][0.070s][info ][safepoint    ] Leaving safepoint region
[2022-02-04T14:43:58.282+0000][0.070s][info ][safepoint    ] Total time for which application threads were stopped: 0.0000795 seconds, Stopping threads took: 0.0000114 seconds
[2022-02-04T14:43:58.580+0000][0.368s][debug][safepoint    ] Safepoint synchronization initiated. (10 threads)
[2022-02-04T14:43:58.580+0000][0.368s][info ][safepoint    ] Application time: 0.2978431 seconds
[2022-02-04T14:43:58.580+0000][0.368s][info ][safepoint    ] Entering safepoint region: G1CollectForAllocation
[2022-02-04T14:43:58.580+0000][0.368s][info ][gc,start     ] GC(0) Pause Young (Normal) (G1 Evacuation Pause)
[2022-02-04T14:43:58.580+0000][0.368s][info ][gc,task      ] GC(0) Using 3 workers of 4 for evacuation
[2022-02-04T14:43:58.590+0000][0.378s][info ][gc,phases    ] GC(0)   Pre Evacuate Collection Set: 0.0ms
[2022-02-04T14:43:58.590+0000][0.378s][info ][gc,phases    ] GC(0)   Evacuate Collection Set: 7.9ms
[2022-02-04T14:43:58.590+0000][0.378s][info ][gc,phases    ] GC(0)   Post Evacuate Collection Set: 1.7ms
[2022-02-04T14:43:58.590+0000][0.378s][info ][gc,phases    ] GC(0)   Other: 0.3ms
[2022-02-04T14:43:58.590+0000][0.378s][info ][gc,heap      ] GC(0) Eden regions: 38->0(69)
[2022-02-04T14:43:58.590+0000][0.378s][info ][gc,heap      ] GC(0) Survivor regions: 0->5(5)
[2022-02-04T14:43:58.590+0000][0.378s][info ][gc,heap      ] GC(0) Old regions: 2->3
[2022-02-04T14:43:58.590+0000][0.378s][info ][gc,heap      ] GC(0) Humongous regions: 1->0
[2022-02-04T14:43:58.590+0000][0.378s][info ][gc,metaspace ] GC(0) Metaspace: 1607K->1607K(1056768K)
[2022-02-04T14:43:58.590+0000][0.378s][info ][gc           ] GC(0) Pause Young (Normal) (G1 Evacuation Pause) 39M->6M(126M) 10.013ms
[2022-02-04T14:43:58.590+0000][0.378s][info ][gc,cpu       ] GC(0) User=0.02s Sys=0.00s Real=0.01s
[2022-02-04T14:43:58.590+0000][0.378s][info ][safepoint    ] Leaving safepoint region
[2022-02-04T14:43:58.590+0000][0.378s][info ][safepoint    ] Total time for which application threads were stopped: 0.0101590 seconds, Stopping threads took: 0.0000092 seconds
[2022-02-04T14:43:58.590+0000][0.378s][info ][gc,stringdedup] Concurrent String Deduplication (0.378s)
[2022-02-04T14:43:58.590+0000][0.378s][info ][gc,stringdedup] Concurrent String Deduplication 10616.0B->7240.0B(3376.0B) avg 1.2% (0.378s, 0.378s) 0.063ms
[2022-02-04T14:43:58.984+0000][0.771s][debug][safepoint     ] Safepoint synchronization initiated. (10 threads)
[2022-02-04T14:43:58.984+0000][0.771s][info ][safepoint     ] Application time: 0.3933158 seconds
[2022-02-04T14:43:58.984+0000][0.771s][info ][safepoint     ] Entering safepoint region: G1CollectForAllocation
[2022-02-04T14:43:58.984+0000][0.771s][info ][gc,start      ] GC(1) Pause Young (Normal) (G1 Evacuation Pause)
[2022-02-04T14:43:58.984+0000][0.771s][info ][gc,task       ] GC(1) Using 3 workers of 4 for evacuation
[2022-02-04T14:43:58.994+0000][0.781s][info ][gc,phases     ] GC(1)   Pre Evacuate Collection Set: 0.0ms
[2022-02-04T14:43:58.994+0000][0.781s][info ][gc,phases     ] GC(1)   Evacuate Collection Set: 9.3ms
[2022-02-04T14:43:58.994+0000][0.781s][info ][gc,phases     ] GC(1)   Post Evacuate Collection Set: 0.5ms
[2022-02-04T14:43:58.994+0000][0.781s][info ][gc,phases     ] GC(1)   Other: 0.1ms
[2022-02-04T14:43:58.994+0000][0.781s][info ][gc,heap       ] GC(1) Eden regions: 69->0(67)
[2022-02-04T14:43:58.994+0000][0.781s][info ][gc,heap       ] GC(1) Survivor regions: 5->7(10)
[2022-02-04T14:43:58.994+0000][0.781s][info ][gc,heap       ] GC(1) Old regions: 3->3
[2022-02-04T14:43:58.994+0000][0.781s][info ][gc,heap       ] GC(1) Humongous regions: 0->0
[2022-02-04T14:43:58.994+0000][0.781s][info ][gc,metaspace  ] GC(1) Metaspace: 2246K->2246K(1056768K)
[2022-02-04T14:43:58.994+0000][0.781s][info ][gc            ] GC(1) Pause Young (Normal) (G1 Evacuation Pause) 75M->7M(126M) 10.045ms
[2022-02-04T14:43:58.994+0000][0.781s][info ][gc,cpu        ] GC(1) User=0.02s Sys=0.00s Real=0.00s
[2022-02-04T14:43:58.994+0000][0.781s][info ][safepoint     ] Leaving safepoint region
[2022-02-04T14:43:58.994+0000][0.781s][info ][safepoint     ] Total time for which application threads were stopped: 0.0101823 seconds, Stopping threads took: 0.0000093 seconds
[2022-02-04T14:43:59.206+0000][0.994s][debug][safepoint     ] Safepoint synchronization initiated. (10 threads)
[2022-02-04T14:43:59.206+0000][0.994s][info ][safepoint     ] Application time: 0.2120667 seconds
[2022-02-04T14:43:59.206+0000][0.994s][debug][safepoint     ] Waiting for 1 thread(s) to block
[2022-02-04T14:43:59.206+0000][0.994s][info ][safepoint     ] Entering safepoint region: Deoptimize
[2022-02-04T14:43:59.206+0000][0.994s][info ][safepoint     ] Leaving safepoint region
[2022-02-04T14:43:59.206+0000][0.994s][info ][safepoint     ] Total time for which application threads were stopped: 0.0001740 seconds, Stopping threads took: 0.0000284 seconds
[2022-02-04T14:43:59.231+0000][1.018s][debug][safepoint     ] Safepoint synchronization initiated. (10 threads)
[2022-02-04T14:43:59.231+0000][1.018s][info ][safepoint     ] Application time: 0.0246770 seconds
[2022-02-04T14:43:59.231+0000][1.018s][debug][safepoint     ] Waiting for 1 thread(s) to block
[2022-02-04T14:43:59.231+0000][1.018s][info ][safepoint     ] Entering safepoint region: Deoptimize
[2022-02-04T14:43:59.231+0000][1.019s][info ][safepoint     ] Leaving safepoint region
[2022-02-04T14:43:59.231+0000][1.019s][info ][safepoint     ] Total time for which application threads were stopped: 0.0001687 seconds, Stopping threads took: 0.0000318 seconds
[2022-02-04T14:43:59.458+0000][1.246s][debug][safepoint     ] Safepoint synchronization initiated. (10 threads)
[2022-02-04T14:43:59.458+0000][1.246s][info ][safepoint     ] Application time: 0.2269866 seconds
[2022-02-04T14:43:59.458+0000][1.246s][debug][safepoint     ] Waiting for 1 thread(s) to block
[2022-02-04T14:43:59.458+0000][1.246s][info ][safepoint     ] Entering safepoint region: Deoptimize
[2022-02-04T14:43:59.458+0000][1.246s][info ][safepoint     ] Leaving safepoint region
[2022-02-04T14:43:59.458+0000][1.246s][info ][safepoint     ] Total time for which application threads were stopped: 0.0001778 seconds, Stopping threads took: 0.0000288 seconds
[2022-02-04T14:43:59.493+0000][1.281s][debug][safepoint     ] Safepoint synchronization initiated. (10 threads)
[2022-02-04T14:43:59.493+0000][1.281s][info ][safepoint     ] Application time: 0.0352446 seconds
[2022-02-04T14:43:59.493+0000][1.281s][debug][safepoint     ] Waiting for 1 thread(s) to block
[2022-02-04T14:43:59.493+0000][1.281s][info ][safepoint     ] Entering safepoint region: Deoptimize
[2022-02-04T14:43:59.494+0000][1.281s][info ][safepoint     ] Leaving safepoint region
[2022-02-04T14:43:59.494+0000][1.281s][info ][safepoint     ] Total time for which application threads were stopped: 0.0002075 seconds, Stopping threads took: 0.0000276 seconds
[2022-02-04T14:43:59.813+0000][1.601s][debug][safepoint     ] Safepoint synchronization initiated. (11 threads)
[2022-02-04T14:43:59.813+0000][1.601s][info ][safepoint     ] Application time: 0.3196728 seconds
[2022-02-04T14:43:59.813+0000][1.601s][info ][safepoint     ] Entering safepoint region: G1CollectForAllocation
[2022-02-04T14:43:59.813+0000][1.601s][info ][gc,start      ] GC(2) Pause Young (Normal) (G1 Evacuation Pause)
[2022-02-04T14:43:59.813+0000][1.601s][info ][gc,task       ] GC(2) Using 3 workers of 4 for evacuation
[2022-02-04T14:43:59.826+0000][1.613s][info ][gc,phases     ] GC(2)   Pre Evacuate Collection Set: 0.0ms
[2022-02-04T14:43:59.826+0000][1.613s][info ][gc,phases     ] GC(2)   Evacuate Collection Set: 11.2ms
[2022-02-04T14:43:59.826+0000][1.613s][info ][gc,phases     ] GC(2)   Post Evacuate Collection Set: 1.0ms
[2022-02-04T14:43:59.826+0000][1.613s][info ][gc,phases     ] GC(2)   Other: 0.1ms
[2022-02-04T14:43:59.826+0000][1.613s][info ][gc,heap       ] GC(2) Eden regions: 67->0(72)
[2022-02-04T14:43:59.826+0000][1.613s][info ][gc,heap       ] GC(2) Survivor regions: 7->2(10)
[2022-02-04T14:43:59.826+0000][1.613s][info ][gc,heap       ] GC(2) Old regions: 3->8
[2022-02-04T14:43:59.826+0000][1.613s][info ][gc,heap       ] GC(2) Humongous regions: 0->0
[2022-02-04T14:43:59.826+0000][1.613s][info ][gc,metaspace  ] GC(2) Metaspace: 5133K->5133K(1056768K)
[2022-02-04T14:43:59.826+0000][1.614s][info ][gc            ] GC(2) Pause Young (Normal) (G1 Evacuation Pause) 74M->8M(126M) 12.456ms
[2022-02-04T14:43:59.826+0000][1.614s][info ][gc,cpu        ] GC(2) User=0.03s Sys=0.00s Real=0.02s
[2022-02-04T14:43:59.826+0000][1.614s][info ][safepoint     ] Leaving safepoint region
[2022-02-04T14:43:59.826+0000][1.614s][info ][safepoint     ] Total time for which application threads were stopped: 0.0125791 seconds, Stopping threads took: 0.0000091 seconds
[2022-02-04T14:43:59.826+0000][1.614s][info ][gc,stringdedup] Concurrent String Deduplication (1.614s)
[2022-02-04T14:43:59.831+0000][1.619s][info ][gc,stringdedup] Concurrent String Deduplication 1225.0K->1155.4K(71248.0B) avg 4.8% (1.614s, 1.619s) 4.981ms
[2022-02-04T14:44:00.378+0000][2.166s][debug][safepoint     ] Safepoint synchronization initiated. (11 threads)
[2022-02-04T14:44:00.378+0000][2.166s][info ][safepoint     ] Application time: 0.5525612 seconds
[2022-02-04T14:44:00.378+0000][2.166s][debug][safepoint     ] Waiting for 1 thread(s) to block
[2022-02-04T14:44:00.378+0000][2.166s][info ][safepoint     ] Entering safepoint region: G1CollectForAllocation
[2022-02-04T14:44:00.379+0000][2.166s][info ][gc,start      ] GC(3) Pause Young (Normal) (G1 Evacuation Pause)
[2022-02-04T14:44:00.379+0000][2.166s][info ][gc,task       ] GC(3) Using 3 workers of 4 for evacuation
[2022-02-04T14:44:00.385+0000][2.173s][info ][gc,phases     ] GC(3)   Pre Evacuate Collection Set: 0.0ms
[2022-02-04T14:44:00.385+0000][2.173s][info ][gc,phases     ] GC(3)   Evacuate Collection Set: 5.2ms
[2022-02-04T14:44:00.385+0000][2.173s][info ][gc,phases     ] GC(3)   Post Evacuate Collection Set: 1.0ms
[2022-02-04T14:44:00.385+0000][2.173s][info ][gc,phases     ] GC(3)   Other: 0.1ms
[2022-02-04T14:44:00.385+0000][2.173s][info ][gc,heap       ] GC(3) Eden regions: 72->0(70)
[2022-02-04T14:44:00.385+0000][2.173s][info ][gc,heap       ] GC(3) Survivor regions: 2->4(10)
[2022-02-04T14:44:00.385+0000][2.173s][info ][gc,heap       ] GC(3) Old regions: 8->8
[2022-02-04T14:44:00.385+0000][2.173s][info ][gc,heap       ] GC(3) Humongous regions: 0->0
[2022-02-04T14:44:00.385+0000][2.173s][info ][gc,metaspace  ] GC(3) Metaspace: 7964K->7964K(1058816K)
[2022-02-04T14:44:00.385+0000][2.173s][info ][gc            ] GC(3) Pause Young (Normal) (G1 Evacuation Pause) 80M->9M(126M) 6.475ms
[2022-02-04T14:44:00.385+0000][2.173s][info ][gc,cpu        ] GC(3) User=0.03s Sys=0.00s Real=0.01s
[2022-02-04T14:44:00.385+0000][2.173s][info ][safepoint     ] Leaving safepoint region
[2022-02-04T14:44:00.385+0000][2.173s][info ][safepoint     ] Total time for which application threads were stopped: 0.0066579 seconds, Stopping threads took: 0.0000281 seconds
[2022-02-04T14:44:00.385+0000][2.173s][info ][gc,stringdedup] Concurrent String Deduplication (2.173s)
[2022-02-04T14:44:00.387+0000][2.174s][info ][gc,stringdedup] Concurrent String Deduplication 541.1K->472.3K(70424.0B) avg 6.9% (2.173s, 2.174s) 1.549ms
[2022-02-04T14:44:00.678+0000][2.465s][debug][safepoint     ] Safepoint synchronization initiated. (11 threads)
[2022-02-04T14:44:00.678+0000][2.465s][info ][safepoint     ] Application time: 0.2926930 seconds
[2022-02-04T14:44:00.678+0000][2.465s][debug][safepoint     ] Waiting for 1 thread(s) to block
[2022-02-04T14:44:00.678+0000][2.466s][info ][safepoint     ] Entering safepoint region: G1CollectForAllocation
[2022-02-04T14:44:00.679+0000][2.466s][info ][gc,start      ] GC(4) Pause Young (Normal) (G1 Evacuation Pause)
[2022-02-04T14:44:00.679+0000][2.466s][info ][gc,task       ] GC(4) Using 3 workers of 4 for evacuation
[2022-02-04T14:44:00.686+0000][2.474s][info ][gc,phases     ] GC(4)   Pre Evacuate Collection Set: 0.0ms
[2022-02-04T14:44:00.686+0000][2.474s][info ][gc,phases     ] GC(4)   Evacuate Collection Set: 5.5ms
[2022-02-04T14:44:00.686+0000][2.474s][info ][gc,phases     ] GC(4)   Post Evacuate Collection Set: 2.1ms
[2022-02-04T14:44:00.686+0000][2.474s][info ][gc,phases     ] GC(4)   Other: 0.1ms
[2022-02-04T14:44:00.687+0000][2.474s][info ][gc,heap       ] GC(4) Eden regions: 70->0(88)
[2022-02-04T14:44:00.687+0000][2.474s][info ][gc,heap       ] GC(4) Survivor regions: 4->4(10)
[2022-02-04T14:44:00.687+0000][2.474s][info ][gc,heap       ] GC(4) Old regions: 8->8
[2022-02-04T14:44:00.687+0000][2.474s][info ][gc,heap       ] GC(4) Humongous regions: 0->0
[2022-02-04T14:44:00.687+0000][2.474s][info ][gc,metaspace  ] GC(4) Metaspace: 10072K->10072K(1058816K)
[2022-02-04T14:44:00.687+0000][2.474s][info ][gc            ] GC(4) Pause Young (Normal) (G1 Evacuation Pause) 79M->9M(165M) 7.815ms
[2022-02-04T14:44:00.687+0000][2.474s][info ][gc,cpu        ] GC(4) User=0.01s Sys=0.00s Real=0.01s
[2022-02-04T14:44:00.687+0000][2.474s][info ][safepoint     ] Leaving safepoint region
[2022-02-04T14:44:00.687+0000][2.474s][info ][safepoint     ] Total time for which application threads were stopped: 0.0088108 seconds, Stopping threads took: 0.0000286 seconds
[2022-02-04T14:44:00.687+0000][2.474s][info ][gc,stringdedup] Concurrent String Deduplication (2.474s)
[2022-02-04T14:44:00.687+0000][2.475s][info ][gc,stringdedup] Concurrent String Deduplication 54296.0B->21216.0B(33080.0B) avg 8.3% (2.474s, 2.475s) 0.332ms
[2022-02-04T14:44:00.915+0000][2.703s][debug][safepoint     ] Safepoint synchronization initiated. (11 threads)
[2022-02-04T14:44:00.915+0000][2.703s][info ][safepoint     ] Application time: 0.2285636 seconds
[2022-02-04T14:44:00.915+0000][2.703s][info ][safepoint     ] Entering safepoint region: Deoptimize
[2022-02-04T14:44:00.915+0000][2.703s][info ][safepoint     ] Leaving safepoint region
[2022-02-04T14:44:00.915+0000][2.703s][info ][safepoint     ] Total time for which application threads were stopped: 0.0002343 seconds, Stopping threads took: 0.0000090 seconds
[2022-02-04T14:44:01.323+0000][3.111s][debug][safepoint     ] Safepoint synchronization initiated. (12 threads)
[2022-02-04T14:44:01.323+0000][3.111s][info ][safepoint     ] Application time: 0.4080657 seconds
[2022-02-04T14:44:01.324+0000][3.111s][debug][safepoint     ] ... found polling page loop exception at pc = 0x00007f255043c62d, stub =0x00007f25488be900
[2022-02-04T14:44:01.324+0000][3.112s][debug][safepoint     ] Waiting for 2 thread(s) to block
[2022-02-04T14:44:01.324+0000][3.112s][info ][safepoint     ] Entering safepoint region: G1CollectForAllocation
[2022-02-04T14:44:01.324+0000][3.112s][info ][gc,start      ] GC(5) Pause Young (Normal) (G1 Evacuation Pause)
[2022-02-04T14:44:01.324+0000][3.112s][info ][gc,task       ] GC(5) Using 4 workers of 4 for evacuation
[2022-02-04T14:44:01.358+0000][3.146s][info ][gc,phases     ] GC(5)   Pre Evacuate Collection Set: 0.0ms
[2022-02-04T14:44:01.358+0000][3.146s][info ][gc,phases     ] GC(5)   Evacuate Collection Set: 32.0ms
[2022-02-04T14:44:01.358+0000][3.146s][info ][gc,phases     ] GC(5)   Post Evacuate Collection Set: 1.7ms
[2022-02-04T14:44:01.358+0000][3.146s][info ][gc,phases     ] GC(5)   Other: 0.2ms
[2022-02-04T14:44:01.358+0000][3.146s][info ][gc,heap       ] GC(5) Eden regions: 88->0(94)
[2022-02-04T14:44:01.358+0000][3.146s][info ][gc,heap       ] GC(5) Survivor regions: 4->5(12)
[2022-02-04T14:44:01.358+0000][3.146s][info ][gc,heap       ] GC(5) Old regions: 8->8
[2022-02-04T14:44:01.358+0000][3.146s][info ][gc,heap       ] GC(5) Humongous regions: 0->0
[2022-02-04T14:44:01.358+0000][3.146s][info ][gc,metaspace  ] GC(5) Metaspace: 12873K->12873K(1060864K)
[2022-02-04T14:44:01.358+0000][3.146s][info ][gc            ] GC(5) Pause Young (Normal) (G1 Evacuation Pause) 97M->10M(165M) 34.116ms
[2022-02-04T14:44:01.358+0000][3.146s][info ][gc,cpu        ] GC(5) User=0.06s Sys=0.00s Real=0.03s
[2022-02-04T14:44:01.358+0000][3.146s][info ][safepoint     ] Leaving safepoint region
[2022-02-04T14:44:01.358+0000][3.146s][info ][safepoint     ] Total time for which application threads were stopped: 0.0348448 seconds, Stopping threads took: 0.0005617 seconds
[2022-02-04T14:44:01.358+0000][3.146s][info ][gc,stringdedup] Concurrent String Deduplication (3.146s)
[2022-02-04T14:44:01.363+0000][3.151s][info ][gc,stringdedup] Concurrent String Deduplication 158.0K->64360.0B(97416.0B) avg 11.9% (3.146s, 3.151s) 4.969ms
[2022-02-04T14:44:01.797+0000][3.585s][debug][safepoint     ] Safepoint synchronization initiated. (12 threads)
[2022-02-04T14:44:01.797+0000][3.585s][info ][safepoint     ] Application time: 0.4385416 seconds
[2022-02-04T14:44:01.797+0000][3.585s][info ][safepoint     ] Entering safepoint region: G1CollectForAllocation
[2022-02-04T14:44:01.797+0000][3.585s][info ][safepoint     ] Leaving safepoint region
[2022-02-04T14:44:01.797+0000][3.585s][info ][safepoint     ] Total time for which application threads were stopped: 0.0000954 seconds, Stopping threads took: 0.0000099 seconds
[2022-02-04T14:44:01.797+0000][3.585s][debug][safepoint     ] Safepoint synchronization initiated. (12 threads)
[2022-02-04T14:44:01.797+0000][3.585s][info ][safepoint     ] Application time: 0.0000449 seconds
[2022-02-04T14:44:01.797+0000][3.585s][debug][safepoint     ] ... found polling page loop exception at pc = 0x00007f25503fc438, stub =0x00007f25488be900
[2022-02-04T14:44:01.797+0000][3.585s][debug][safepoint     ] Waiting for 2 thread(s) to block
[2022-02-04T14:44:01.797+0000][3.585s][info ][safepoint     ] Entering safepoint region: G1CollectForAllocation
[2022-02-04T14:44:01.797+0000][3.585s][info ][gc,start      ] GC(6) Pause Young (Normal) (GCLocker Initiated GC)
[2022-02-04T14:44:01.797+0000][3.585s][info ][gc,task       ] GC(6) Using 4 workers of 4 for evacuation
[2022-02-04T14:44:01.804+0000][3.592s][info ][gc,phases     ] GC(6)   Pre Evacuate Collection Set: 0.0ms
[2022-02-04T14:44:01.804+0000][3.592s][info ][gc,phases     ] GC(6)   Evacuate Collection Set: 5.8ms
[2022-02-04T14:44:01.804+0000][3.592s][info ][gc,phases     ] GC(6)   Post Evacuate Collection Set: 0.9ms
[2022-02-04T14:44:01.804+0000][3.592s][info ][gc,phases     ] GC(6)   Other: 0.1ms
[2022-02-04T14:44:01.804+0000][3.592s][info ][gc,heap       ] GC(6) Eden regions: 95->0(93)
[2022-02-04T14:44:01.804+0000][3.592s][info ][gc,heap       ] GC(6) Survivor regions: 5->6(13)
[2022-02-04T14:44:01.804+0000][3.592s][info ][gc,heap       ] GC(6) Old regions: 8->8
[2022-02-04T14:44:01.804+0000][3.592s][info ][gc,heap       ] GC(6) Humongous regions: 0->0
[2022-02-04T14:44:01.804+0000][3.592s][info ][gc,metaspace  ] GC(6) Metaspace: 15177K->15177K(1062912K)
[2022-02-04T14:44:01.804+0000][3.592s][info ][gc            ] GC(6) Pause Young (Normal) (GCLocker Initiated GC) 105M->11M(165M) 7.003ms
[2022-02-04T14:44:01.804+0000][3.592s][info ][gc,cpu        ] GC(6) User=0.02s Sys=0.00s Real=0.01s
[2022-02-04T14:44:01.804+0000][3.592s][info ][safepoint     ] Leaving safepoint region
[2022-02-04T14:44:01.804+0000][3.592s][info ][safepoint     ] Total time for which application threads were stopped: 0.0071395 seconds, Stopping threads took: 0.0000574 seconds
[2022-02-04T14:44:01.804+0000][3.592s][info ][gc,stringdedup] Concurrent String Deduplication (3.592s)
[2022-02-04T14:44:01.804+0000][3.592s][info ][gc,stringdedup] Concurrent String Deduplication 57896.0B->17456.0B(40440.0B) avg 13.3% (3.592s, 3.592s) 0.287ms
[2022-02-04T14:44:01.886+0000][3.674s][debug][safepoint     ] Safepoint synchronization initiated. (12 threads)
[2022-02-04T14:44:01.886+0000][3.674s][info ][safepoint     ] Application time: 0.0819417 seconds
[2022-02-04T14:44:01.886+0000][3.674s][debug][safepoint     ] Waiting for 1 thread(s) to block
[2022-02-04T14:44:01.886+0000][3.674s][info ][safepoint     ] Entering safepoint region: Deoptimize
[2022-02-04T14:44:01.886+0000][3.674s][info ][safepoint     ] Leaving safepoint region
[2022-02-04T14:44:01.886+0000][3.674s][info ][safepoint     ] Total time for which application threads were stopped: 0.0002611 seconds, Stopping threads took: 0.0000353 seconds
[2022-02-04T14:44:02.030+0000][3.817s][debug][safepoint     ] Safepoint synchronization initiated. (12 threads)
[2022-02-04T14:44:02.030+0000][3.817s][info ][safepoint     ] Application time: 0.1432269 seconds
[2022-02-04T14:44:02.030+0000][3.817s][debug][safepoint     ] ... found polling page return exception at pc = 0x00007f2548ec0794, stub =0x00007f25488beb80
[2022-02-04T14:44:02.030+0000][3.817s][debug][safepoint     ] Waiting for 1 thread(s) to block
[2022-02-04T14:44:02.030+0000][3.817s][info ][safepoint     ] Entering safepoint region: Deoptimize
[2022-02-04T14:44:02.030+0000][3.818s][info ][safepoint     ] Leaving safepoint region
[2022-02-04T14:44:02.030+0000][3.818s][info ][safepoint     ] Total time for which application threads were stopped: 0.0003237 seconds, Stopping threads took: 0.0000668 seconds
[2022-02-04T14:44:02.189+0000][3.977s][debug][safepoint     ] Safepoint synchronization initiated. (12 threads)
[2022-02-04T14:44:02.189+0000][3.977s][info ][safepoint     ] Application time: 0.1590204 seconds
[2022-02-04T14:44:02.189+0000][3.977s][debug][safepoint     ] Waiting for 1 thread(s) to block
[2022-02-04T14:44:02.190+0000][3.978s][info ][safepoint     ] Entering safepoint region: G1CollectForAllocation
[2022-02-04T14:44:02.190+0000][3.978s][info ][gc,start      ] GC(7) Pause Young (Normal) (G1 Evacuation Pause)
[2022-02-04T14:44:02.190+0000][3.978s][info ][gc,task       ] GC(7) Using 4 workers of 4 for evacuation
[2022-02-04T14:44:02.201+0000][3.989s][info ][gc,phases     ] GC(7)   Pre Evacuate Collection Set: 0.0ms
[2022-02-04T14:44:02.201+0000][3.989s][info ][gc,phases     ] GC(7)   Evacuate Collection Set: 8.9ms
[2022-02-04T14:44:02.201+0000][3.989s][info ][gc,phases     ] GC(7)   Post Evacuate Collection Set: 1.7ms
[2022-02-04T14:44:02.201+0000][3.989s][info ][gc,phases     ] GC(7)   Other: 0.1ms
[2022-02-04T14:44:02.201+0000][3.989s][info ][gc,heap       ] GC(7) Eden regions: 93->0(92)
[2022-02-04T14:44:02.201+0000][3.989s][info ][gc,heap       ] GC(7) Survivor regions: 6->7(13)
[2022-02-04T14:44:02.201+0000][3.989s][info ][gc,heap       ] GC(7) Old regions: 8->8
[2022-02-04T14:44:02.201+0000][3.989s][info ][gc,heap       ] GC(7) Humongous regions: 0->0
[2022-02-04T14:44:02.201+0000][3.989s][info ][gc,metaspace  ] GC(7) Metaspace: 17541K->17541K(1064960K)
[2022-02-04T14:44:02.201+0000][3.989s][info ][gc            ] GC(7) Pause Young (Normal) (G1 Evacuation Pause) 104M->13M(165M) 10.866ms
[2022-02-04T14:44:02.201+0000][3.989s][info ][gc,cpu        ] GC(7) User=0.02s Sys=0.01s Real=0.01s
[2022-02-04T14:44:02.201+0000][3.989s][info ][safepoint     ] Leaving safepoint region
[2022-02-04T14:44:02.201+0000][3.989s][info ][safepoint     ] Total time for which application threads were stopped: 0.0123366 seconds, Stopping threads took: 0.0013315 seconds
[2022-02-04T14:44:02.201+0000][3.989s][info ][gc,stringdedup] Concurrent String Deduplication (3.989s)
[2022-02-04T14:44:02.207+0000][3.995s][info ][gc,stringdedup] Concurrent String Deduplication 125.5K->86544.0B(41920.0B) avg 14.3% (3.989s, 3.995s) 5.987ms
[2022-02-04T14:44:02.521+0000][4.309s][debug][safepoint     ] Safepoint synchronization initiated. (12 threads)
[2022-02-04T14:44:02.522+0000][4.309s][info ][safepoint     ] Application time: 0.3203622 seconds
[2022-02-04T14:44:02.522+0000][4.310s][debug][safepoint     ] ... found polling page return exception at pc = 0x00007f25504f3abd, stub =0x00007f25488beb80
[2022-02-04T14:44:02.522+0000][4.310s][debug][safepoint     ] Waiting for 1 thread(s) to block
[2022-02-04T14:44:02.522+0000][4.310s][info ][safepoint     ] Entering safepoint region: CollectForMetadataAllocation
[2022-02-04T14:44:02.523+0000][4.311s][info ][gc,start      ] GC(8) Pause Young (Concurrent Start) (Metadata GC Threshold)
[2022-02-04T14:44:02.523+0000][4.311s][info ][gc,task       ] GC(8) Using 4 workers of 4 for evacuation
[2022-02-04T14:44:02.536+0000][4.324s][info ][gc,phases     ] GC(8)   Pre Evacuate Collection Set: 0.0ms
[2022-02-04T14:44:02.536+0000][4.324s][info ][gc,phases     ] GC(8)   Evacuate Collection Set: 11.5ms
[2022-02-04T14:44:02.536+0000][4.324s][info ][gc,phases     ] GC(8)   Post Evacuate Collection Set: 1.8ms
[2022-02-04T14:44:02.536+0000][4.324s][info ][gc,phases     ] GC(8)   Other: 0.2ms
[2022-02-04T14:44:02.536+0000][4.324s][info ][gc,heap       ] GC(8) Eden regions: 47->0(110)
[2022-02-04T14:44:02.536+0000][4.324s][info ][gc,heap       ] GC(8) Survivor regions: 7->8(13)
[2022-02-04T14:44:02.536+0000][4.324s][info ][gc,heap       ] GC(8) Old regions: 8->8
[2022-02-04T14:44:02.536+0000][4.324s][info ][gc,heap       ] GC(8) Humongous regions: 0->0
[2022-02-04T14:44:02.536+0000][4.324s][info ][gc,metaspace  ] GC(8) Metaspace: 20552K->20552K(1067008K)
[2022-02-04T14:44:02.536+0000][4.324s][info ][gc            ] GC(8) Pause Young (Concurrent Start) (Metadata GC Threshold) 59M->13M(209M) 13.661ms
[2022-02-04T14:44:02.536+0000][4.324s][info ][gc,cpu        ] GC(8) User=0.02s Sys=0.00s Real=0.02s
[2022-02-04T14:44:02.537+0000][4.324s][info ][gc            ] GC(9) Concurrent Cycle
[2022-02-04T14:44:02.537+0000][4.324s][info ][safepoint     ] Leaving safepoint region
[2022-02-04T14:44:02.537+0000][4.324s][info ][gc,marking    ] GC(9) Concurrent Clear Claimed Marks
[2022-02-04T14:44:02.537+0000][4.324s][info ][safepoint     ] Total time for which application threads were stopped: 0.0146885 seconds, Stopping threads took: 0.0002721 seconds
[2022-02-04T14:44:02.537+0000][4.324s][info ][gc,stringdedup] Concurrent String Deduplication (4.324s)
[2022-02-04T14:44:02.537+0000][4.325s][info ][gc,stringdedup] Concurrent String Deduplication 94864.0B->13704.0B(81160.0B) avg 16.9% (4.324s, 4.325s) 0.537ms
[2022-02-04T14:44:02.537+0000][4.325s][info ][gc,marking    ] GC(9) Concurrent Clear Claimed Marks 0.042ms
[2022-02-04T14:44:02.537+0000][4.325s][info ][gc,marking    ] GC(9) Concurrent Scan Root Regions
[2022-02-04T14:44:02.542+0000][4.330s][info ][gc,marking    ] GC(9) Concurrent Scan Root Regions 4.475ms
[2022-02-04T14:44:02.542+0000][4.330s][info ][gc,marking    ] GC(9) Concurrent Mark (4.330s)
[2022-02-04T14:44:02.542+0000][4.330s][info ][gc,marking    ] GC(9) Concurrent Mark From Roots
[2022-02-04T14:44:02.542+0000][4.330s][info ][gc,task       ] GC(9) Using 1 workers of 1 for marking
[2022-02-04T14:44:02.553+0000][4.340s][info ][gc,marking    ] GC(9) Concurrent Mark From Roots 10.685ms
[2022-02-04T14:44:02.553+0000][4.340s][info ][gc,marking    ] GC(9) Concurrent Preclean
[2022-02-04T14:44:02.553+0000][4.340s][info ][gc,marking    ] GC(9) Concurrent Preclean 0.054ms
[2022-02-04T14:44:02.553+0000][4.340s][info ][gc,marking    ] GC(9) Concurrent Mark (4.330s, 4.340s) 10.796ms
[2022-02-04T14:44:02.553+0000][4.340s][debug][safepoint     ] Safepoint synchronization initiated. (12 threads)
[2022-02-04T14:44:02.553+0000][4.340s][info ][safepoint     ] Application time: 0.0161486 seconds
[2022-02-04T14:44:02.553+0000][4.340s][debug][safepoint     ] Waiting for 1 thread(s) to block
[2022-02-04T14:44:02.553+0000][4.340s][info ][safepoint     ] Entering safepoint region: CGC_Operation
[2022-02-04T14:44:02.553+0000][4.341s][info ][gc,start      ] GC(9) Pause Remark
[2022-02-04T14:44:02.563+0000][4.351s][info ][gc,stringtable] GC(9) Cleaned string and symbol table, strings: 8076 processed, 8 removed, symbols: 56251 processed, 100 removed
[2022-02-04T14:44:02.564+0000][4.351s][info ][gc            ] GC(9) Pause Remark 15M->15M(209M) 10.751ms
[2022-02-04T14:44:02.564+0000][4.351s][info ][gc,cpu        ] GC(9) User=0.02s Sys=0.00s Real=0.02s
[2022-02-04T14:44:02.564+0000][4.351s][info ][safepoint     ] Leaving safepoint region
[2022-02-04T14:44:02.564+0000][4.351s][info ][safepoint     ] Total time for which application threads were stopped: 0.0109178 seconds, Stopping threads took: 0.0000275 seconds
[2022-02-04T14:44:02.564+0000][4.351s][info ][gc,marking    ] GC(9) Concurrent Rebuild Remembered Sets
[2022-02-04T14:44:02.568+0000][4.355s][info ][gc,marking    ] GC(9) Concurrent Rebuild Remembered Sets 3.939ms
[2022-02-04T14:44:02.568+0000][4.355s][debug][safepoint     ] Safepoint synchronization initiated. (12 threads)
[2022-02-04T14:44:02.568+0000][4.355s][info ][safepoint     ] Application time: 0.0040094 seconds
[2022-02-04T14:44:02.568+0000][4.355s][debug][safepoint     ] ... found polling page loop exception at pc = 0x00007f25504d6b97, stub =0x00007f25488be900
[2022-02-04T14:44:02.568+0000][4.355s][debug][safepoint     ] Waiting for 3 thread(s) to block
[2022-02-04T14:44:02.568+0000][4.355s][info ][safepoint     ] Entering safepoint region: CGC_Operation
[2022-02-04T14:44:02.568+0000][4.356s][info ][gc,start      ] GC(9) Pause Cleanup
[2022-02-04T14:44:02.568+0000][4.356s][info ][gc            ] GC(9) Pause Cleanup 15M->15M(209M) 0.083ms
[2022-02-04T14:44:02.568+0000][4.356s][info ][gc,cpu        ] GC(9) User=0.00s Sys=0.00s Real=0.00s
[2022-02-04T14:44:02.568+0000][4.356s][info ][safepoint     ] Leaving safepoint region
[2022-02-04T14:44:02.568+0000][4.356s][info ][safepoint     ] Total time for which application threads were stopped: 0.0002894 seconds, Stopping threads took: 0.0001228 seconds
[2022-02-04T14:44:02.568+0000][4.356s][info ][gc,marking    ] GC(9) Concurrent Cleanup for Next Mark
[2022-02-04T14:44:02.569+0000][4.357s][info ][gc,marking    ] GC(9) Concurrent Cleanup for Next Mark 1.383ms
[2022-02-04T14:44:02.569+0000][4.357s][info ][gc            ] GC(9) Concurrent Cycle 32.880ms
[2022-02-04T14:44:02.806+0000][4.594s][debug][safepoint     ] Safepoint synchronization initiated. (12 threads)
[2022-02-04T14:44:02.806+0000][4.594s][info ][safepoint     ] Application time: 0.2384729 seconds
[2022-02-04T14:44:02.806+0000][4.594s][debug][safepoint     ] Waiting for 1 thread(s) to block
[2022-02-04T14:44:02.806+0000][4.594s][info ][safepoint     ] Entering safepoint region: Deoptimize
[2022-02-04T14:44:02.807+0000][4.595s][info ][safepoint     ] Leaving safepoint region
[2022-02-04T14:44:02.807+0000][4.595s][info ][safepoint     ] Total time for which application threads were stopped: 0.0003898 seconds, Stopping threads took: 0.0000303 seconds
[2022-02-04T14:44:03.277+0000][5.064s][debug][safepoint     ] Safepoint synchronization initiated. (11 threads)
[2022-02-04T14:44:03.277+0000][5.064s][info ][safepoint     ] Application time: 0.4697201 seconds
[2022-02-04T14:44:03.277+0000][5.064s][info ][safepoint     ] Entering safepoint region: G1CollectForAllocation
[2022-02-04T14:44:03.277+0000][5.064s][info ][gc,start      ] GC(10) Pause Young (Normal) (G1 Evacuation Pause)
[2022-02-04T14:44:03.277+0000][5.064s][info ][gc,task       ] GC(10) Using 4 workers of 4 for evacuation
[2022-02-04T14:44:03.303+0000][5.091s][info ][gc,phases     ] GC(10)   Pre Evacuate Collection Set: 0.0ms
[2022-02-04T14:44:03.304+0000][5.092s][info ][gc,phases     ] GC(10)   Evacuate Collection Set: 25.2ms
[2022-02-04T14:44:03.304+0000][5.092s][info ][gc,phases     ] GC(10)   Post Evacuate Collection Set: 1.5ms
[2022-02-04T14:44:03.304+0000][5.092s][info ][gc,phases     ] GC(10)   Other: 0.1ms
[2022-02-04T14:44:03.304+0000][5.092s][info ][gc,heap       ] GC(10) Eden regions: 110->0(115)
[2022-02-04T14:44:03.304+0000][5.092s][info ][gc,heap       ] GC(10) Survivor regions: 8->10(15)
[2022-02-04T14:44:03.304+0000][5.092s][info ][gc,heap       ] GC(10) Old regions: 8->8
[2022-02-04T14:44:03.304+0000][5.092s][info ][gc,heap       ] GC(10) Humongous regions: 0->0
[2022-02-04T14:44:03.304+0000][5.092s][info ][gc,metaspace  ] GC(10) Metaspace: 22872K->22872K(1069056K)
[2022-02-04T14:44:03.304+0000][5.092s][info ][gc            ] GC(10) Pause Young (Normal) (G1 Evacuation Pause) 123M->15M(209M) 27.286ms
[2022-02-04T14:44:03.304+0000][5.092s][info ][gc,cpu        ] GC(10) User=0.03s Sys=0.00s Real=0.03s
[2022-02-04T14:44:03.304+0000][5.092s][info ][safepoint     ] Leaving safepoint region
[2022-02-04T14:44:03.304+0000][5.092s][info ][safepoint     ] Total time for which application threads were stopped: 0.0274903 seconds, Stopping threads took: 0.0000094 seconds
[2022-02-04T14:44:03.304+0000][5.092s][info ][gc,stringdedup] Concurrent String Deduplication (5.092s)
[2022-02-04T14:44:03.306+0000][5.094s][info ][gc,stringdedup] Concurrent String Deduplication 471.8K->420.2K(52848.0B) avg 16.0% (5.092s, 5.094s) 2.140ms
[2022-02-04T14:44:04.092+0000][5.880s][debug][safepoint     ] Safepoint synchronization initiated. (11 threads)
[2022-02-04T14:44:04.092+0000][5.880s][info ][safepoint     ] Application time: 0.7877848 seconds
[2022-02-04T14:44:04.092+0000][5.880s][info ][safepoint     ] Entering safepoint region: G1CollectForAllocation
[2022-02-04T14:44:04.092+0000][5.880s][info ][gc,start      ] GC(11) Pause Young (Normal) (G1 Evacuation Pause)
[2022-02-04T14:44:04.092+0000][5.880s][info ][gc,task       ] GC(11) Using 4 workers of 4 for evacuation
[2022-02-04T14:44:04.122+0000][5.909s][info ][gc,phases     ] GC(11)   Pre Evacuate Collection Set: 0.0ms
[2022-02-04T14:44:04.122+0000][5.910s][info ][gc,phases     ] GC(11)   Evacuate Collection Set: 27.5ms
[2022-02-04T14:44:04.122+0000][5.910s][info ][gc,phases     ] GC(11)   Post Evacuate Collection Set: 2.1ms
[2022-02-04T14:44:04.122+0000][5.910s][info ][gc,phases     ] GC(11)   Other: 0.1ms
[2022-02-04T14:44:04.122+0000][5.910s][info ][gc,heap       ] GC(11) Eden regions: 115->0(113)
[2022-02-04T14:44:04.122+0000][5.910s][info ][gc,heap       ] GC(11) Survivor regions: 10->12(16)
[2022-02-04T14:44:04.122+0000][5.910s][info ][gc,heap       ] GC(11) Old regions: 8->9
[2022-02-04T14:44:04.122+0000][5.910s][info ][gc,heap       ] GC(11) Humongous regions: 0->0
[2022-02-04T14:44:04.122+0000][5.910s][info ][gc,metaspace  ] GC(11) Metaspace: 23418K->23418K(1071104K)
[2022-02-04T14:44:04.122+0000][5.910s][info ][gc            ] GC(11) Pause Young (Normal) (G1 Evacuation Pause) 130M->18M(209M) 29.889ms
[2022-02-04T14:44:04.122+0000][5.910s][info ][gc,cpu        ] GC(11) User=0.05s Sys=0.00s Real=0.03s
[2022-02-04T14:44:04.122+0000][5.910s][info ][safepoint     ] Leaving safepoint region
[2022-02-04T14:44:04.122+0000][5.910s][info ][safepoint     ] Total time for which application threads were stopped: 0.0300729 seconds, Stopping threads took: 0.0000097 seconds
[2022-02-04T14:44:04.122+0000][5.910s][info ][gc,stringdedup] Concurrent String Deduplication (5.910s)
[2022-02-04T14:44:04.123+0000][5.910s][info ][gc,stringdedup] Concurrent String Deduplication 149.2K->115.2K(34816.0B) avg 16.3% (5.910s, 5.910s) 0.786ms
[2022-02-04T14:44:04.755+0000][6.543s][debug][safepoint     ] Safepoint synchronization initiated. (11 threads)
[2022-02-04T14:44:04.755+0000][6.543s][info ][safepoint     ] Application time: 0.6329422 seconds
[2022-02-04T14:44:04.755+0000][6.543s][debug][safepoint     ] Waiting for 1 thread(s) to block
[2022-02-04T14:44:04.755+0000][6.543s][info ][safepoint     ] Entering safepoint region: G1CollectForAllocation
[2022-02-04T14:44:04.755+0000][6.543s][info ][gc,start      ] GC(12) Pause Young (Normal) (G1 Evacuation Pause)
[2022-02-04T14:44:04.755+0000][6.543s][info ][gc,task       ] GC(12) Using 4 workers of 4 for evacuation
[2022-02-04T14:44:04.788+0000][6.575s][info ][gc,phases     ] GC(12)   Pre Evacuate Collection Set: 0.0ms
[2022-02-04T14:44:04.788+0000][6.575s][info ][gc,phases     ] GC(12)   Evacuate Collection Set: 30.5ms
[2022-02-04T14:44:04.788+0000][6.575s][info ][gc,phases     ] GC(12)   Post Evacuate Collection Set: 1.9ms
[2022-02-04T14:44:04.788+0000][6.575s][info ][gc,phases     ] GC(12)   Other: 0.1ms
[2022-02-04T14:44:04.788+0000][6.575s][info ][gc,heap       ] GC(12) Eden regions: 113->0(114)
[2022-02-04T14:44:04.788+0000][6.575s][info ][gc,heap       ] GC(12) Survivor regions: 12->11(16)
[2022-02-04T14:44:04.788+0000][6.575s][info ][gc,heap       ] GC(12) Old regions: 9->12
[2022-02-04T14:44:04.788+0000][6.575s][info ][gc,heap       ] GC(12) Humongous regions: 0->0
[2022-02-04T14:44:04.788+0000][6.575s][info ][gc,metaspace  ] GC(12) Metaspace: 23797K->23797K(1071104K)
[2022-02-04T14:44:04.788+0000][6.575s][info ][gc            ] GC(12) Pause Young (Normal) (G1 Evacuation Pause) 131M->20M(209M) 32.650ms
[2022-02-04T14:44:04.788+0000][6.575s][info ][gc,cpu        ] GC(12) User=0.09s Sys=0.00s Real=0.04s
[2022-02-04T14:44:04.788+0000][6.575s][info ][safepoint     ] Leaving safepoint region
[2022-02-04T14:44:04.788+0000][6.575s][info ][safepoint     ] Total time for which application threads were stopped: 0.0328438 seconds, Stopping threads took: 0.0000292 seconds
[2022-02-04T14:44:04.788+0000][6.575s][info ][gc,stringdedup] Concurrent String Deduplication (6.575s)
[2022-02-04T14:44:04.790+0000][6.578s][info ][gc,stringdedup] Concurrent String Deduplication 587.3K->343.4K(243.9K) avg 20.3% (6.575s, 6.578s) 2.112ms
[2022-02-04T14:44:05.277+0000][7.065s][debug][safepoint     ] Safepoint synchronization initiated. (12 threads)
[2022-02-04T14:44:05.277+0000][7.065s][info ][safepoint     ] Application time: 0.4895682 seconds
[2022-02-04T14:44:05.277+0000][7.065s][debug][safepoint     ] Waiting for 1 thread(s) to block
[2022-02-04T14:44:05.277+0000][7.065s][info ][safepoint     ] Entering safepoint region: G1CollectForAllocation
[2022-02-04T14:44:05.277+0000][7.065s][info ][gc,start      ] GC(13) Pause Young (Normal) (G1 Evacuation Pause)
[2022-02-04T14:44:05.277+0000][7.065s][info ][gc,task       ] GC(13) Using 4 workers of 4 for evacuation
[2022-02-04T14:44:05.302+0000][7.089s][info ][gc,phases     ] GC(13)   Pre Evacuate Collection Set: 0.0ms
[2022-02-04T14:44:05.302+0000][7.089s][info ][gc,phases     ] GC(13)   Evacuate Collection Set: 20.8ms
[2022-02-04T14:44:05.302+0000][7.089s][info ][gc,phases     ] GC(13)   Post Evacuate Collection Set: 3.3ms
[2022-02-04T14:44:05.302+0000][7.089s][info ][gc,phases     ] GC(13)   Other: 0.1ms
[2022-02-04T14:44:05.302+0000][7.089s][info ][gc,heap       ] GC(13) Eden regions: 114->0(168)
[2022-02-04T14:44:05.302+0000][7.089s][info ][gc,heap       ] GC(13) Survivor regions: 11->10(16)
[2022-02-04T14:44:05.302+0000][7.089s][info ][gc,heap       ] GC(13) Old regions: 12->14
[2022-02-04T14:44:05.302+0000][7.089s][info ][gc,heap       ] GC(13) Humongous regions: 0->0
[2022-02-04T14:44:05.302+0000][7.089s][info ][gc,metaspace  ] GC(13) Metaspace: 24710K->24710K(1071104K)
[2022-02-04T14:44:05.302+0000][7.089s][info ][gc            ] GC(13) Pause Young (Normal) (G1 Evacuation Pause) 134M->21M(297M) 24.297ms
[2022-02-04T14:44:05.302+0000][7.090s][info ][gc,cpu        ] GC(13) User=0.05s Sys=0.00s Real=0.02s
[2022-02-04T14:44:05.302+0000][7.090s][info ][safepoint     ] Leaving safepoint region
[2022-02-04T14:44:05.302+0000][7.090s][info ][safepoint     ] Total time for which application threads were stopped: 0.0245130 seconds, Stopping threads took: 0.0000678 seconds
[2022-02-04T14:44:05.302+0000][7.090s][info ][gc,stringdedup] Concurrent String Deduplication (7.090s)
[2022-02-04T14:44:05.305+0000][7.093s][info ][gc,stringdedup] Concurrent String Deduplication 824.7K->343.7K(481.0K) avg 27.2% (7.090s, 7.093s) 3.045ms
[2022-02-04T14:44:05.755+0000][7.543s][debug][safepoint     ] Safepoint synchronization initiated. (12 threads)
[2022-02-04T14:44:05.755+0000][7.543s][info ][safepoint     ] Application time: 0.4531226 seconds
[2022-02-04T14:44:05.755+0000][7.543s][info ][safepoint     ] Entering safepoint region: G1CollectForAllocation
[2022-02-04T14:44:05.755+0000][7.543s][info ][gc,start      ] GC(14) Pause Young (Normal) (G1 Evacuation Pause)
[2022-02-04T14:44:05.755+0000][7.543s][info ][gc,task       ] GC(14) Using 4 workers of 4 for evacuation
[2022-02-04T14:44:05.766+0000][7.554s][info ][gc,phases     ] GC(14)   Pre Evacuate Collection Set: 0.0ms
[2022-02-04T14:44:05.766+0000][7.554s][info ][gc,phases     ] GC(14)   Evacuate Collection Set: 9.4ms
[2022-02-04T14:44:05.766+0000][7.554s][info ][gc,phases     ] GC(14)   Post Evacuate Collection Set: 1.7ms
[2022-02-04T14:44:05.766+0000][7.554s][info ][gc,phases     ] GC(14)   Other: 0.2ms
[2022-02-04T14:44:05.766+0000][7.554s][info ][gc,heap       ] GC(14) Eden regions: 168->0(170)
[2022-02-04T14:44:05.766+0000][7.554s][info ][gc,heap       ] GC(14) Survivor regions: 10->8(23)
[2022-02-04T14:44:05.766+0000][7.554s][info ][gc,heap       ] GC(14) Old regions: 14->14
[2022-02-04T14:44:05.766+0000][7.554s][info ][gc,heap       ] GC(14) Humongous regions: 0->0
[2022-02-04T14:44:05.766+0000][7.554s][info ][gc,metaspace  ] GC(14) Metaspace: 25182K->25182K(1071104K)
[2022-02-04T14:44:05.766+0000][7.554s][info ][gc            ] GC(14) Pause Young (Normal) (G1 Evacuation Pause) 189M->20M(297M) 11.379ms
[2022-02-04T14:44:05.766+0000][7.554s][info ][gc,cpu        ] GC(14) User=0.02s Sys=0.00s Real=0.02s
[2022-02-04T14:44:05.766+0000][7.554s][info ][safepoint     ] Leaving safepoint region
[2022-02-04T14:44:05.766+0000][7.554s][info ][safepoint     ] Total time for which application threads were stopped: 0.0115150 seconds, Stopping threads took: 0.0000103 seconds
[2022-02-04T14:44:05.767+0000][7.554s][info ][gc,stringdedup] Concurrent String Deduplication (7.554s)
[2022-02-04T14:44:05.769+0000][7.557s][info ][gc,stringdedup] Concurrent String Deduplication 1025.5K->213.2K(812.3K) avg 36.7% (7.554s, 7.557s) 2.383ms
[2022-02-04T14:44:06.176+0000][7.964s][debug][safepoint     ] Safepoint synchronization initiated. (12 threads)
[2022-02-04T14:44:06.176+0000][7.964s][info ][safepoint     ] Application time: 0.4096076 seconds
[2022-02-04T14:44:06.176+0000][7.964s][debug][safepoint     ] Waiting for 1 thread(s) to block
[2022-02-04T14:44:06.176+0000][7.964s][info ][safepoint     ] Entering safepoint region: G1CollectForAllocation
[2022-02-04T14:44:06.176+0000][7.964s][info ][gc,start      ] GC(15) Pause Young (Normal) (G1 Evacuation Pause)
[2022-02-04T14:44:06.176+0000][7.964s][info ][gc,task       ] GC(15) Using 4 workers of 4 for evacuation
[2022-02-04T14:44:06.188+0000][7.976s][info ][gc,phases     ] GC(15)   Pre Evacuate Collection Set: 0.0ms
[2022-02-04T14:44:06.188+0000][7.976s][info ][gc,phases     ] GC(15)   Evacuate Collection Set: 9.1ms
[2022-02-04T14:44:06.188+0000][7.976s][info ][gc,phases     ] GC(15)   Post Evacuate Collection Set: 2.4ms
[2022-02-04T14:44:06.188+0000][7.976s][info ][gc,phases     ] GC(15)   Other: 0.1ms
[2022-02-04T14:44:06.188+0000][7.976s][info ][gc,heap       ] GC(15) Eden regions: 170->0(170)
[2022-02-04T14:44:06.188+0000][7.976s][info ][gc,heap       ] GC(15) Survivor regions: 8->8(23)
[2022-02-04T14:44:06.188+0000][7.976s][info ][gc,heap       ] GC(15) Old regions: 14->14
[2022-02-04T14:44:06.188+0000][7.976s][info ][gc,heap       ] GC(15) Humongous regions: 0->0
[2022-02-04T14:44:06.188+0000][7.976s][info ][gc,metaspace  ] GC(15) Metaspace: 25187K->25187K(1071104K)
[2022-02-04T14:44:06.188+0000][7.976s][info ][gc            ] GC(15) Pause Young (Normal) (G1 Evacuation Pause) 190M->20M(297M) 11.789ms
[2022-02-04T14:44:06.188+0000][7.976s][info ][gc,cpu        ] GC(15) User=0.02s Sys=0.00s Real=0.01s
[2022-02-04T14:44:06.188+0000][7.976s][info ][safepoint     ] Leaving safepoint region
[2022-02-04T14:44:06.188+0000][7.976s][info ][safepoint     ] Total time for which application threads were stopped: 0.0120206 seconds, Stopping threads took: 0.0000513 seconds
[2022-02-04T14:44:06.188+0000][7.976s][info ][gc,stringdedup] Concurrent String Deduplication (7.976s)
[2022-02-04T14:44:06.189+0000][7.977s][info ][gc,stringdedup] Concurrent String Deduplication 285.9K->27592.0B(258.9K) avg 39.3% (7.976s, 7.977s) 0.707ms
[2022-02-04T14:44:06.914+0000][8.702s][debug][safepoint     ] Safepoint synchronization initiated. (11 threads)
[2022-02-04T14:44:06.914+0000][8.702s][info ][safepoint     ] Application time: 0.7263525 seconds
[2022-02-04T14:44:06.914+0000][8.702s][debug][safepoint     ] Waiting for 1 thread(s) to block
[2022-02-04T14:44:06.914+0000][8.702s][info ][safepoint     ] Entering safepoint region: G1CollectForAllocation
[2022-02-04T14:44:06.915+0000][8.702s][info ][gc,start      ] GC(16) Pause Young (Normal) (G1 Evacuation Pause)
[2022-02-04T14:44:06.915+0000][8.702s][info ][gc,task       ] GC(16) Using 4 workers of 4 for evacuation
[2022-02-04T14:44:06.926+0000][8.714s][info ][gc,phases     ] GC(16)   Pre Evacuate Collection Set: 0.0ms
[2022-02-04T14:44:06.926+0000][8.714s][info ][gc,phases     ] GC(16)   Evacuate Collection Set: 8.9ms
[2022-02-04T14:44:06.926+0000][8.714s][info ][gc,phases     ] GC(16)   Post Evacuate Collection Set: 2.7ms
[2022-02-04T14:44:06.926+0000][8.714s][info ][gc,phases     ] GC(16)   Other: 0.1ms
[2022-02-04T14:44:06.926+0000][8.714s][info ][gc,heap       ] GC(16) Eden regions: 170->0(169)
[2022-02-04T14:44:06.926+0000][8.714s][info ][gc,heap       ] GC(16) Survivor regions: 8->9(23)
[2022-02-04T14:44:06.926+0000][8.714s][info ][gc,heap       ] GC(16) Old regions: 14->14
[2022-02-04T14:44:06.926+0000][8.714s][info ][gc,heap       ] GC(16) Humongous regions: 0->0
[2022-02-04T14:44:06.926+0000][8.714s][info ][gc,metaspace  ] GC(16) Metaspace: 29006K->29006K(1075200K)
[2022-02-04T14:44:06.926+0000][8.714s][info ][gc            ] GC(16) Pause Young (Normal) (G1 Evacuation Pause) 190M->21M(297M) 11.821ms
[2022-02-04T14:44:06.926+0000][8.714s][info ][gc,cpu        ] GC(16) User=0.03s Sys=0.00s Real=0.02s
[2022-02-04T14:44:06.926+0000][8.714s][info ][safepoint     ] Leaving safepoint region
[2022-02-04T14:44:06.926+0000][8.714s][info ][safepoint     ] Total time for which application threads were stopped: 0.0120059 seconds, Stopping threads took: 0.0000274 seconds
[2022-02-04T14:44:06.927+0000][8.714s][info ][gc,stringdedup] Concurrent String Deduplication (8.714s)
[2022-02-04T14:44:06.927+0000][8.714s][info ][gc,stringdedup] Concurrent String Deduplication 16176.0B->7824.0B(8352.0B) avg 39.4% (8.714s, 8.714s) 0.107ms
[2022-02-04T14:44:07.596+0000][9.384s][debug][safepoint     ] Safepoint synchronization initiated. (11 threads)
[2022-02-04T14:44:07.596+0000][9.384s][info ][safepoint     ] Application time: 0.6693581 seconds
[2022-02-04T14:44:07.596+0000][9.384s][info ][safepoint     ] Entering safepoint region: G1CollectForAllocation
[2022-02-04T14:44:07.596+0000][9.384s][info ][gc,start      ] GC(17) Pause Young (Normal) (G1 Evacuation Pause)
[2022-02-04T14:44:07.596+0000][9.384s][info ][gc,task       ] GC(17) Using 4 workers of 4 for evacuation
[2022-02-04T14:44:07.617+0000][9.405s][info ][gc,phases     ] GC(17)   Pre Evacuate Collection Set: 0.0ms
[2022-02-04T14:44:07.617+0000][9.405s][info ][gc,phases     ] GC(17)   Evacuate Collection Set: 19.4ms
[2022-02-04T14:44:07.617+0000][9.405s][info ][gc,phases     ] GC(17)   Post Evacuate Collection Set: 1.5ms
[2022-02-04T14:44:07.617+0000][9.405s][info ][gc,phases     ] GC(17)   Other: 0.1ms
[2022-02-04T14:44:07.617+0000][9.405s][info ][gc,heap       ] GC(17) Eden regions: 169->0(167)
[2022-02-04T14:44:07.617+0000][9.405s][info ][gc,heap       ] GC(17) Survivor regions: 9->11(23)
[2022-02-04T14:44:07.617+0000][9.405s][info ][gc,heap       ] GC(17) Old regions: 14->14
[2022-02-04T14:44:07.617+0000][9.405s][info ][gc,heap       ] GC(17) Humongous regions: 0->0
[2022-02-04T14:44:07.617+0000][9.405s][info ][gc,metaspace  ] GC(17) Metaspace: 30278K->30278K(1077248K)
[2022-02-04T14:44:07.617+0000][9.405s][info ][gc            ] GC(17) Pause Young (Normal) (G1 Evacuation Pause) 190M->22M(297M) 21.177ms
[2022-02-04T14:44:07.617+0000][9.405s][info ][gc,cpu        ] GC(17) User=0.05s Sys=0.00s Real=0.02s
[2022-02-04T14:44:07.617+0000][9.405s][info ][safepoint     ] Leaving safepoint region
[2022-02-04T14:44:07.617+0000][9.405s][info ][safepoint     ] Total time for which application threads were stopped: 0.0213517 seconds, Stopping threads took: 0.0000092 seconds
[2022-02-04T14:44:07.621+0000][9.409s][info ][gc,stringdedup] Concurrent String Deduplication (9.409s)
[2022-02-04T14:44:07.622+0000][9.409s][info ][gc,stringdedup] Concurrent String Deduplication 221.1K->0.0B(221.1K) avg 41.6% (9.409s, 9.409s) 0.628ms
[2022-02-04T14:44:07.864+0000][9.652s][debug][safepoint     ] Safepoint synchronization initiated. (11 threads)
[2022-02-04T14:44:07.864+0000][9.652s][info ][safepoint     ] Application time: 0.2472567 seconds
[2022-02-04T14:44:07.864+0000][9.652s][debug][safepoint     ] Waiting for 1 thread(s) to block
[2022-02-04T14:44:07.865+0000][9.652s][info ][safepoint     ] Entering safepoint region: Deoptimize
[2022-02-04T14:44:07.865+0000][9.653s][info ][safepoint     ] Leaving safepoint region
[2022-02-04T14:44:07.865+0000][9.653s][info ][safepoint     ] Total time for which application threads were stopped: 0.0004322 seconds, Stopping threads took: 0.0000288 seconds
[2022-02-04T14:44:08.168+0000][9.956s][debug][safepoint     ] Safepoint synchronization initiated. (11 threads)
[2022-02-04T14:44:08.168+0000][9.956s][info ][safepoint     ] Application time: 0.3033694 seconds
[2022-02-04T14:44:08.168+0000][9.956s][debug][safepoint     ] Waiting for 1 thread(s) to block
[2022-02-04T14:44:08.168+0000][9.956s][info ][safepoint     ] Entering safepoint region: G1CollectForAllocation
[2022-02-04T14:44:08.169+0000][9.956s][info ][gc,start      ] GC(18) Pause Young (Normal) (G1 Evacuation Pause)
[2022-02-04T14:44:08.169+0000][9.956s][info ][gc,task       ] GC(18) Using 4 workers of 4 for evacuation
[2022-02-04T14:44:08.188+0000][9.976s][info ][gc,phases     ] GC(18)   Pre Evacuate Collection Set: 0.0ms
[2022-02-04T14:44:08.188+0000][9.976s][info ][gc,phases     ] GC(18)   Evacuate Collection Set: 14.8ms
[2022-02-04T14:44:08.188+0000][9.976s][info ][gc,phases     ] GC(18)   Post Evacuate Collection Set: 4.4ms
[2022-02-04T14:44:08.188+0000][9.976s][info ][gc,phases     ] GC(18)   Other: 0.2ms
[2022-02-04T14:44:08.188+0000][9.976s][info ][gc,heap       ] GC(18) Eden regions: 167->0(167)
[2022-02-04T14:44:08.188+0000][9.976s][info ][gc,heap       ] GC(18) Survivor regions: 11->11(23)
[2022-02-04T14:44:08.188+0000][9.976s][info ][gc,heap       ] GC(18) Old regions: 14->14
[2022-02-04T14:44:08.188+0000][9.976s][info ][gc,heap       ] GC(18) Humongous regions: 0->0
[2022-02-04T14:44:08.188+0000][9.976s][info ][gc,metaspace  ] GC(18) Metaspace: 31650K->31650K(1077248K)
[2022-02-04T14:44:08.188+0000][9.976s][info ][gc            ] GC(18) Pause Young (Normal) (G1 Evacuation Pause) 189M->23M(297M) 19.477ms
[2022-02-04T14:44:08.188+0000][9.976s][info ][gc,cpu        ] GC(18) User=0.04s Sys=0.00s Real=0.02s
[2022-02-04T14:44:08.188+0000][9.976s][info ][safepoint     ] Leaving safepoint region
[2022-02-04T14:44:08.188+0000][9.976s][info ][safepoint     ] Total time for which application threads were stopped: 0.0198700 seconds, Stopping threads took: 0.0000278 seconds
[2022-02-04T14:44:08.188+0000][9.976s][info ][gc,stringdedup] Concurrent String Deduplication (9.976s)
[2022-02-04T14:44:08.189+0000][9.977s][info ][gc,stringdedup] Concurrent String Deduplication 170.3K->54696.0B(116.9K) avg 42.3% (9.976s, 9.977s) 0.866ms
[2022-02-04T14:44:08.263+0000][10.051s][debug][safepoint     ] Safepoint synchronization initiated. (11 threads)
[2022-02-04T14:44:08.263+0000][10.051s][info ][safepoint     ] Application time: 0.0748687 seconds
[2022-02-04T14:44:08.263+0000][10.051s][debug][safepoint     ] Waiting for 1 thread(s) to block
[2022-02-04T14:44:08.263+0000][10.051s][info ][safepoint     ] Entering safepoint region: Deoptimize
[2022-02-04T14:44:08.264+0000][10.052s][info ][safepoint     ] Leaving safepoint region
[2022-02-04T14:44:08.264+0000][10.052s][info ][safepoint     ] Total time for which application threads were stopped: 0.0007721 seconds, Stopping threads took: 0.0003614 seconds
[2022-02-04T14:44:08.301+0000][10.088s][debug][safepoint     ] Safepoint synchronization initiated. (11 threads)
[2022-02-04T14:44:08.301+0000][10.088s][info ][safepoint     ] Application time: 0.0369435 seconds
[2022-02-04T14:44:08.301+0000][10.089s][info ][safepoint     ] Entering safepoint region: Deoptimize
[2022-02-04T14:44:08.301+0000][10.089s][info ][safepoint     ] Leaving safepoint region
[2022-02-04T14:44:08.301+0000][10.089s][info ][safepoint     ] Total time for which application threads were stopped: 0.0003739 seconds, Stopping threads took: 0.0000094 seconds
[2022-02-04T14:44:08.422+0000][10.209s][debug][safepoint     ] Safepoint synchronization initiated. (11 threads)
[2022-02-04T14:44:08.422+0000][10.210s][info ][safepoint     ] Application time: 0.1206587 seconds
[2022-02-04T14:44:08.422+0000][10.210s][info ][safepoint     ] Entering safepoint region: Deoptimize
[2022-02-04T14:44:08.422+0000][10.210s][info ][safepoint     ] Leaving safepoint region
[2022-02-04T14:44:08.422+0000][10.210s][info ][safepoint     ] Total time for which application threads were stopped: 0.0004185 seconds, Stopping threads took: 0.0000088 seconds
[2022-02-04T14:44:09.011+0000][10.799s][debug][safepoint     ] Safepoint synchronization initiated. (11 threads)
[2022-02-04T14:44:09.011+0000][10.799s][info ][safepoint     ] Application time: 0.5888321 seconds
[2022-02-04T14:44:09.011+0000][10.799s][info ][safepoint     ] Entering safepoint region: G1CollectForAllocation
[2022-02-04T14:44:09.011+0000][10.799s][info ][gc,start      ] GC(19) Pause Young (Normal) (G1 Evacuation Pause)
[2022-02-04T14:44:09.011+0000][10.799s][info ][gc,task       ] GC(19) Using 4 workers of 4 for evacuation
[2022-02-04T14:44:09.034+0000][10.822s][info ][gc,phases     ] GC(19)   Pre Evacuate Collection Set: 0.0ms
[2022-02-04T14:44:09.034+0000][10.822s][info ][gc,phases     ] GC(19)   Evacuate Collection Set: 19.4ms
[2022-02-04T14:44:09.034+0000][10.822s][info ][gc,phases     ] GC(19)   Post Evacuate Collection Set: 3.2ms
[2022-02-04T14:44:09.034+0000][10.822s][info ][gc,phases     ] GC(19)   Other: 0.1ms
[2022-02-04T14:44:09.034+0000][10.822s][info ][gc,heap       ] GC(19) Eden regions: 167->0(167)
[2022-02-04T14:44:09.034+0000][10.822s][info ][gc,heap       ] GC(19) Survivor regions: 11->11(23)
[2022-02-04T14:44:09.034+0000][10.822s][info ][gc,heap       ] GC(19) Old regions: 14->15
[2022-02-04T14:44:09.034+0000][10.822s][info ][gc,heap       ] GC(19) Humongous regions: 0->0
[2022-02-04T14:44:09.034+0000][10.822s][info ][gc,metaspace  ] GC(19) Metaspace: 34133K->34133K(1079296K)
[2022-02-04T14:44:09.034+0000][10.822s][info ][gc            ] GC(19) Pause Young (Normal) (G1 Evacuation Pause) 190M->23M(297M) 22.912ms
[2022-02-04T14:44:09.034+0000][10.822s][info ][gc,cpu        ] GC(19) User=0.06s Sys=0.00s Real=0.02s
[2022-02-04T14:44:09.034+0000][10.822s][info ][safepoint     ] Leaving safepoint region
[2022-02-04T14:44:09.034+0000][10.822s][info ][safepoint     ] Total time for which application threads were stopped: 0.0231082 seconds, Stopping threads took: 0.0000114 seconds
[2022-02-04T14:44:09.034+0000][10.822s][info ][gc,stringdedup] Concurrent String Deduplication (10.822s)
[2022-02-04T14:44:09.035+0000][10.823s][info ][gc,stringdedup] Concurrent String Deduplication 337.7K->159.3K(178.5K) avg 42.8% (10.822s, 10.823s) 1.103ms
[2022-02-04T14:44:09.264+0000][11.052s][debug][safepoint     ] Safepoint synchronization initiated. (11 threads)
[2022-02-04T14:44:09.264+0000][11.052s][info ][safepoint     ] Application time: 0.2298304 seconds
[2022-02-04T14:44:09.264+0000][11.052s][debug][safepoint     ] Waiting for 1 thread(s) to block
[2022-02-04T14:44:09.264+0000][11.052s][info ][safepoint     ] Entering safepoint region: Deoptimize
[2022-02-04T14:44:09.265+0000][11.052s][info ][safepoint     ] Leaving safepoint region
[2022-02-04T14:44:09.265+0000][11.052s][info ][safepoint     ] Total time for which application threads were stopped: 0.0005083 seconds, Stopping threads took: 0.0000280 seconds
[2022-02-04T14:44:09.433+0000][11.221s][debug][safepoint     ] Safepoint synchronization initiated. (11 threads)
[2022-02-04T14:44:09.433+0000][11.221s][info ][safepoint     ] Application time: 0.1687557 seconds
[2022-02-04T14:44:09.433+0000][11.221s][debug][safepoint     ] Waiting for 1 thread(s) to block
[2022-02-04T14:44:09.433+0000][11.221s][info ][safepoint     ] Entering safepoint region: CollectForMetadataAllocation
[2022-02-04T14:44:09.433+0000][11.221s][info ][gc,start      ] GC(20) Pause Young (Concurrent Start) (Metadata GC Threshold)
[2022-02-04T14:44:09.433+0000][11.221s][info ][gc,task       ] GC(20) Using 4 workers of 4 for evacuation
[2022-02-04T14:44:09.458+0000][11.245s][info ][gc,phases     ] GC(20)   Pre Evacuate Collection Set: 0.1ms
[2022-02-04T14:44:09.458+0000][11.245s][info ][gc,phases     ] GC(20)   Evacuate Collection Set: 21.8ms
[2022-02-04T14:44:09.458+0000][11.245s][info ][gc,phases     ] GC(20)   Post Evacuate Collection Set: 2.2ms
[2022-02-04T14:44:09.458+0000][11.245s][info ][gc,phases     ] GC(20)   Other: 0.2ms
[2022-02-04T14:44:09.458+0000][11.245s][info ][gc,heap       ] GC(20) Eden regions: 81->0(194)
[2022-02-04T14:44:09.458+0000][11.245s][info ][gc,heap       ] GC(20) Survivor regions: 11->11(23)
[2022-02-04T14:44:09.458+0000][11.246s][info ][gc,heap       ] GC(20) Old regions: 15->16
[2022-02-04T14:44:09.458+0000][11.246s][info ][gc,heap       ] GC(20) Humongous regions: 0->0
[2022-02-04T14:44:09.458+0000][11.246s][info ][gc,metaspace  ] GC(20) Metaspace: 34865K->34865K(1081344K)
[2022-02-04T14:44:09.458+0000][11.246s][info ][gc            ] GC(20) Pause Young (Concurrent Start) (Metadata GC Threshold) 104M->25M(357M) 24.354ms
[2022-02-04T14:44:09.458+0000][11.246s][info ][gc,cpu        ] GC(20) User=0.06s Sys=0.00s Real=0.03s
[2022-02-04T14:44:09.458+0000][11.246s][info ][gc            ] GC(21) Concurrent Cycle
[2022-02-04T14:44:09.458+0000][11.246s][info ][safepoint     ] Leaving safepoint region
[2022-02-04T14:44:09.458+0000][11.246s][info ][gc,marking    ] GC(21) Concurrent Clear Claimed Marks
[2022-02-04T14:44:09.458+0000][11.246s][info ][safepoint     ] Total time for which application threads were stopped: 0.0245734 seconds, Stopping threads took: 0.0000368 seconds
[2022-02-04T14:44:09.458+0000][11.246s][info ][gc,stringdedup] Concurrent String Deduplication (11.246s)
[2022-02-04T14:44:09.458+0000][11.246s][info ][gc,marking    ] GC(21) Concurrent Clear Claimed Marks 0.071ms
[2022-02-04T14:44:09.458+0000][11.246s][info ][gc,marking    ] GC(21) Concurrent Scan Root Regions
[2022-02-04T14:44:09.459+0000][11.247s][info ][gc,stringdedup] Concurrent String Deduplication 205.8K->91496.0B(116.4K) avg 43.2% (11.246s, 11.247s) 1.110ms
[2022-02-04T14:44:09.465+0000][11.252s][info ][gc,marking    ] GC(21) Concurrent Scan Root Regions 6.628ms
[2022-02-04T14:44:09.465+0000][11.252s][info ][gc,marking    ] GC(21) Concurrent Mark (11.252s)
[2022-02-04T14:44:09.465+0000][11.252s][info ][gc,marking    ] GC(21) Concurrent Mark From Roots
[2022-02-04T14:44:09.465+0000][11.252s][info ][gc,task       ] GC(21) Using 1 workers of 1 for marking
[2022-02-04T14:44:09.510+0000][11.298s][info ][gc,marking    ] GC(21) Concurrent Mark From Roots 45.298ms
[2022-02-04T14:44:09.510+0000][11.298s][info ][gc,marking    ] GC(21) Concurrent Preclean
[2022-02-04T14:44:09.510+0000][11.298s][info ][gc,marking    ] GC(21) Concurrent Preclean 0.079ms
[2022-02-04T14:44:09.510+0000][11.298s][info ][gc,marking    ] GC(21) Concurrent Mark (11.252s, 11.298s) 45.440ms
[2022-02-04T14:44:09.510+0000][11.298s][debug][safepoint     ] Safepoint synchronization initiated. (11 threads)
[2022-02-04T14:44:09.510+0000][11.298s][info ][safepoint     ] Application time: 0.0522061 seconds
[2022-02-04T14:44:09.510+0000][11.298s][debug][safepoint     ] ... found polling page loop exception at pc = 0x00007f25504d4b35, stub =0x00007f25488be900
[2022-02-04T14:44:09.510+0000][11.298s][debug][safepoint     ] Waiting for 1 thread(s) to block
[2022-02-04T14:44:09.510+0000][11.298s][info ][safepoint     ] Entering safepoint region: CGC_Operation
[2022-02-04T14:44:09.510+0000][11.298s][info ][gc,start      ] GC(21) Pause Remark
[2022-02-04T14:44:09.517+0000][11.305s][info ][gc,stringtable] GC(21) Cleaned string and symbol table, strings: 12515 processed, 30 removed, symbols: 115982 processed, 293 removed
[2022-02-04T14:44:09.518+0000][11.305s][info ][gc            ] GC(21) Pause Remark 31M->31M(357M) 7.414ms
[2022-02-04T14:44:09.518+0000][11.305s][info ][gc,cpu        ] GC(21) User=0.02s Sys=0.00s Real=0.01s
[2022-02-04T14:44:09.518+0000][11.305s][info ][safepoint     ] Leaving safepoint region
[2022-02-04T14:44:09.518+0000][11.305s][info ][safepoint     ] Total time for which application threads were stopped: 0.0076020 seconds, Stopping threads took: 0.0000883 seconds
[2022-02-04T14:44:09.518+0000][11.305s][info ][gc,marking    ] GC(21) Concurrent Rebuild Remembered Sets
[2022-02-04T14:44:09.552+0000][11.340s][info ][gc,marking    ] GC(21) Concurrent Rebuild Remembered Sets 34.457ms
[2022-02-04T14:44:09.552+0000][11.340s][debug][safepoint     ] Safepoint synchronization initiated. (11 threads)
[2022-02-04T14:44:09.552+0000][11.340s][info ][safepoint     ] Application time: 0.0345549 seconds
[2022-02-04T14:44:09.552+0000][11.340s][debug][safepoint     ] Waiting for 1 thread(s) to block
[2022-02-04T14:44:09.552+0000][11.340s][info ][safepoint     ] Entering safepoint region: CGC_Operation
[2022-02-04T14:44:09.553+0000][11.340s][info ][gc,start      ] GC(21) Pause Cleanup
[2022-02-04T14:44:09.553+0000][11.340s][info ][gc            ] GC(21) Pause Cleanup 36M->36M(357M) 0.113ms
[2022-02-04T14:44:09.553+0000][11.340s][info ][gc,cpu        ] GC(21) User=0.00s Sys=0.00s Real=0.00s
[2022-02-04T14:44:09.553+0000][11.340s][info ][safepoint     ] Leaving safepoint region
[2022-02-04T14:44:09.553+0000][11.340s][info ][safepoint     ] Total time for which application threads were stopped: 0.0003438 seconds, Stopping threads took: 0.0001540 seconds
[2022-02-04T14:44:09.553+0000][11.340s][info ][gc,marking    ] GC(21) Concurrent Cleanup for Next Mark
[2022-02-04T14:44:09.555+0000][11.343s][info ][gc,marking    ] GC(21) Concurrent Cleanup for Next Mark 2.641ms
[2022-02-04T14:44:09.555+0000][11.343s][info ][gc            ] GC(21) Concurrent Cycle 97.500ms
[2022-02-04T14:44:10.275+0000][12.063s][debug][safepoint     ] Safepoint synchronization initiated. (11 threads)
[2022-02-04T14:44:10.275+0000][12.063s][info ][safepoint     ] Application time: 0.7222257 seconds
[2022-02-04T14:44:10.275+0000][12.063s][info ][safepoint     ] Entering safepoint region: Deoptimize
[2022-02-04T14:44:10.275+0000][12.063s][info ][safepoint     ] Leaving safepoint region
[2022-02-04T14:44:10.275+0000][12.063s][info ][safepoint     ] Total time for which application threads were stopped: 0.0005354 seconds, Stopping threads took: 0.0000094 seconds
[2022-02-04T14:44:10.281+0000][12.068s][debug][safepoint     ] Safepoint synchronization initiated. (11 threads)
[2022-02-04T14:44:10.281+0000][12.069s][info ][safepoint     ] Application time: 0.0053455 seconds
[2022-02-04T14:44:10.281+0000][12.069s][info ][safepoint     ] Entering safepoint region: Deoptimize
[2022-02-04T14:44:10.281+0000][12.069s][info ][safepoint     ] Leaving safepoint region
[2022-02-04T14:44:10.281+0000][12.069s][info ][safepoint     ] Total time for which application threads were stopped: 0.0004104 seconds, Stopping threads took: 0.0000090 seconds
[2022-02-04T14:44:10.901+0000][12.688s][debug][safepoint     ] Safepoint synchronization initiated. (11 threads)
[2022-02-04T14:44:10.901+0000][12.688s][info ][safepoint     ] Application time: 0.6193098 seconds
[2022-02-04T14:44:10.901+0000][12.688s][debug][safepoint     ] Waiting for 1 thread(s) to block
[2022-02-04T14:44:10.901+0000][12.688s][info ][safepoint     ] Entering safepoint region: G1CollectForAllocation
[2022-02-04T14:44:10.901+0000][12.689s][info ][gc,start      ] GC(22) Pause Young (Normal) (G1 Evacuation Pause)
[2022-02-04T14:44:10.901+0000][12.689s][info ][gc,task       ] GC(22) Using 4 workers of 4 for evacuation
[2022-02-04T14:44:10.916+0000][12.704s][info ][gc,phases     ] GC(22)   Pre Evacuate Collection Set: 0.0ms
[2022-02-04T14:44:10.916+0000][12.704s][info ][gc,phases     ] GC(22)   Evacuate Collection Set: 13.0ms
[2022-02-04T14:44:10.916+0000][12.704s][info ][gc,phases     ] GC(22)   Post Evacuate Collection Set: 1.8ms
[2022-02-04T14:44:10.916+0000][12.704s][info ][gc,phases     ] GC(22)   Other: 0.2ms
[2022-02-04T14:44:10.916+0000][12.704s][info ][gc,heap       ] GC(22) Eden regions: 194->0(205)
[2022-02-04T14:44:10.916+0000][12.704s][info ][gc,heap       ] GC(22) Survivor regions: 11->9(26)
[2022-02-04T14:44:10.916+0000][12.704s][info ][gc,heap       ] GC(22) Old regions: 16->19
[2022-02-04T14:44:10.916+0000][12.704s][info ][gc,heap       ] GC(22) Humongous regions: 0->0
[2022-02-04T14:44:10.916+0000][12.704s][info ][gc,metaspace  ] GC(22) Metaspace: 37741K->37741K(1083392K)
[2022-02-04T14:44:10.916+0000][12.704s][info ][gc            ] GC(22) Pause Young (Normal) (G1 Evacuation Pause) 219M->25M(357M) 15.170ms
[2022-02-04T14:44:10.916+0000][12.704s][info ][gc,cpu        ] GC(22) User=0.04s Sys=0.00s Real=0.02s
[2022-02-04T14:44:10.916+0000][12.704s][info ][safepoint     ] Leaving safepoint region
[2022-02-04T14:44:10.916+0000][12.704s][info ][safepoint     ] Total time for which application threads were stopped: 0.0154707 seconds, Stopping threads took: 0.0001138 seconds
[2022-02-04T14:44:10.916+0000][12.704s][info ][gc,stringdedup] Concurrent String Deduplication (12.704s)
[2022-02-04T14:44:10.917+0000][12.704s][info ][gc,stringdedup] Concurrent String Deduplication 100.9K->28808.0B(74528.0B) avg 43.7% (12.704s, 12.704s) 0.427ms
[2022-02-04T14:44:11.315+0000][13.103s][debug][safepoint     ] Safepoint synchronization initiated. (12 threads)
[2022-02-04T14:44:11.315+0000][13.103s][info ][safepoint     ] Application time: 0.3990143 seconds
[2022-02-04T14:44:11.315+0000][13.103s][info ][safepoint     ] Entering safepoint region: Deoptimize
[2022-02-04T14:44:11.316+0000][13.103s][info ][safepoint     ] Leaving safepoint region
[2022-02-04T14:44:11.316+0000][13.103s][info ][safepoint     ] Total time for which application threads were stopped: 0.0005079 seconds, Stopping threads took: 0.0000099 seconds
[2022-02-04T14:44:11.377+0000][13.165s][debug][safepoint     ] Safepoint synchronization initiated. (12 threads)
[2022-02-04T14:44:11.377+0000][13.165s][info ][safepoint     ] Application time: 0.0615933 seconds
[2022-02-04T14:44:11.377+0000][13.165s][info ][safepoint     ] Entering safepoint region: Deoptimize
[2022-02-04T14:44:11.378+0000][13.165s][info ][safepoint     ] Leaving safepoint region
[2022-02-04T14:44:11.378+0000][13.165s][info ][safepoint     ] Total time for which application threads were stopped: 0.0004393 seconds, Stopping threads took: 0.0000104 seconds
[2022-02-04T14:44:11.382+0000][13.170s][debug][safepoint     ] Safepoint synchronization initiated. (12 threads)
[2022-02-04T14:44:11.382+0000][13.170s][info ][safepoint     ] Application time: 0.0046428 seconds
[2022-02-04T14:44:11.382+0000][13.170s][debug][safepoint     ] Waiting for 1 thread(s) to block
[2022-02-04T14:44:11.383+0000][13.171s][info ][safepoint     ] Entering safepoint region: Deoptimize
[2022-02-04T14:44:11.387+0000][13.174s][info ][safepoint     ] Leaving safepoint region
[2022-02-04T14:44:11.387+0000][13.175s][info ][safepoint     ] Total time for which application threads were stopped: 0.0045489 seconds, Stopping threads took: 0.0009224 seconds
[2022-02-04T14:44:11.790+0000][13.577s][debug][safepoint     ] Safepoint synchronization initiated. (12 threads)
[2022-02-04T14:44:11.790+0000][13.577s][info ][safepoint     ] Application time: 0.4028506 seconds
[2022-02-04T14:44:11.790+0000][13.577s][debug][safepoint     ] Waiting for 1 thread(s) to block
[2022-02-04T14:44:11.790+0000][13.578s][info ][safepoint     ] Entering safepoint region: Deoptimize
[2022-02-04T14:44:11.792+0000][13.580s][info ][safepoint     ] Leaving safepoint region
[2022-02-04T14:44:11.792+0000][13.580s][info ][safepoint     ] Total time for which application threads were stopped: 0.0022513 seconds, Stopping threads took: 0.0001886 seconds
[2022-02-04T14:44:11.793+0000][13.581s][debug][safepoint     ] Safepoint synchronization initiated. (12 threads)
[2022-02-04T14:44:11.793+0000][13.581s][info ][safepoint     ] Application time: 0.0014961 seconds
[2022-02-04T14:44:11.793+0000][13.581s][info ][safepoint     ] Entering safepoint region: Deoptimize
[2022-02-04T14:44:11.794+0000][13.582s][info ][safepoint     ] Leaving safepoint region
[2022-02-04T14:44:11.794+0000][13.582s][info ][safepoint     ] Total time for which application threads were stopped: 0.0004136 seconds, Stopping threads took: 0.0000118 seconds
[2022-02-04T14:44:12.028+0000][13.815s][debug][safepoint     ] Safepoint synchronization initiated. (12 threads)
[2022-02-04T14:44:12.028+0000][13.815s][info ][safepoint     ] Application time: 0.2338861 seconds
[2022-02-04T14:44:12.028+0000][13.815s][info ][safepoint     ] Entering safepoint region: Deoptimize
[2022-02-04T14:44:12.028+0000][13.816s][info ][safepoint     ] Leaving safepoint region
[2022-02-04T14:44:12.028+0000][13.816s][info ][safepoint     ] Total time for which application threads were stopped: 0.0004373 seconds, Stopping threads took: 0.0000089 seconds
[2022-02-04T14:44:12.746+0000][14.533s][debug][safepoint     ] Safepoint synchronization initiated. (12 threads)
[2022-02-04T14:44:12.746+0000][14.533s][info ][safepoint     ] Application time: 0.7173616 seconds
[2022-02-04T14:44:12.746+0000][14.533s][debug][safepoint     ] Waiting for 1 thread(s) to block
[2022-02-04T14:44:12.746+0000][14.533s][info ][safepoint     ] Entering safepoint region: Deoptimize
[2022-02-04T14:44:12.746+0000][14.534s][info ][safepoint     ] Leaving safepoint region
[2022-02-04T14:44:12.746+0000][14.534s][info ][safepoint     ] Total time for which application threads were stopped: 0.0005701 seconds, Stopping threads took: 0.0000286 seconds
[2022-02-04T14:44:12.809+0000][14.596s][debug][safepoint     ] Safepoint synchronization initiated. (12 threads)
[2022-02-04T14:44:12.809+0000][14.596s][info ][safepoint     ] Application time: 0.0624810 seconds
[2022-02-04T14:44:12.809+0000][14.596s][info ][safepoint     ] Entering safepoint region: Deoptimize
[2022-02-04T14:44:12.809+0000][14.597s][info ][safepoint     ] Leaving safepoint region
[2022-02-04T14:44:12.809+0000][14.597s][info ][safepoint     ] Total time for which application threads were stopped: 0.0004576 seconds, Stopping threads took: 0.0000095 seconds
[2022-02-04T14:44:12.850+0000][14.638s][debug][safepoint     ] Safepoint synchronization initiated. (12 threads)
[2022-02-04T14:44:12.850+0000][14.638s][info ][safepoint     ] Application time: 0.0409496 seconds
[2022-02-04T14:44:12.850+0000][14.638s][debug][safepoint     ] Waiting for 1 thread(s) to block
[2022-02-04T14:44:12.850+0000][14.638s][info ][safepoint     ] Entering safepoint region: G1CollectForAllocation
[2022-02-04T14:44:12.850+0000][14.638s][info ][gc,start      ] GC(23) Pause Young (Normal) (G1 Evacuation Pause)
[2022-02-04T14:44:12.850+0000][14.638s][info ][gc,task       ] GC(23) Using 4 workers of 4 for evacuation
[2022-02-04T14:44:12.877+0000][14.665s][info ][gc,phases     ] GC(23)   Pre Evacuate Collection Set: 0.0ms
[2022-02-04T14:44:12.877+0000][14.665s][info ][gc,phases     ] GC(23)   Evacuate Collection Set: 25.3ms
[2022-02-04T14:44:12.877+0000][14.665s][info ][gc,phases     ] GC(23)   Post Evacuate Collection Set: 1.8ms
[2022-02-04T14:44:12.877+0000][14.665s][info ][gc,phases     ] GC(23)   Other: 0.1ms
[2022-02-04T14:44:12.877+0000][14.665s][info ][gc,heap       ] GC(23) Eden regions: 205->0(203)
[2022-02-04T14:44:12.877+0000][14.665s][info ][gc,heap       ] GC(23) Survivor regions: 9->11(27)
[2022-02-04T14:44:12.877+0000][14.665s][info ][gc,heap       ] GC(23) Old regions: 19->20
[2022-02-04T14:44:12.877+0000][14.665s][info ][gc,heap       ] GC(23) Humongous regions: 0->0
[2022-02-04T14:44:12.878+0000][14.665s][info ][gc,metaspace  ] GC(23) Metaspace: 42181K->42181K(1087488K)
[2022-02-04T14:44:12.878+0000][14.665s][info ][gc            ] GC(23) Pause Young (Normal) (G1 Evacuation Pause) 230M->29M(357M) 27.353ms
[2022-02-04T14:44:12.878+0000][14.665s][info ][gc,cpu        ] GC(23) User=0.07s Sys=0.01s Real=0.03s
[2022-02-04T14:44:12.878+0000][14.665s][info ][safepoint     ] Leaving safepoint region
[2022-02-04T14:44:12.878+0000][14.665s][info ][safepoint     ] Total time for which application threads were stopped: 0.0274834 seconds, Stopping threads took: 0.0000292 seconds
[2022-02-04T14:44:12.878+0000][14.665s][info ][gc,stringdedup] Concurrent String Deduplication (14.665s)
[2022-02-04T14:44:12.878+0000][14.666s][info ][gc,stringdedup] Concurrent String Deduplication 134.5K->30504.0B(104.7K) avg 44.3% (14.665s, 14.666s) 0.471ms
[2022-02-04T14:44:13.032+0000][14.820s][debug][safepoint     ] Safepoint synchronization initiated. (12 threads)
[2022-02-04T14:44:13.033+0000][14.820s][info ][safepoint     ] Application time: 0.1549786 seconds
[2022-02-04T14:44:13.033+0000][14.820s][debug][safepoint     ] Waiting for 1 thread(s) to block
[2022-02-04T14:44:13.033+0000][14.820s][info ][safepoint     ] Entering safepoint region: Deoptimize
[2022-02-04T14:44:13.033+0000][14.821s][info ][safepoint     ] Leaving safepoint region
[2022-02-04T14:44:13.033+0000][14.821s][info ][safepoint     ] Total time for which application threads were stopped: 0.0005701 seconds, Stopping threads took: 0.0000289 seconds
[2022-02-04T14:44:13.304+0000][15.092s][debug][safepoint     ] Safepoint synchronization initiated. (12 threads)
[2022-02-04T14:44:13.304+0000][15.092s][info ][safepoint     ] Application time: 0.2712727 seconds
[2022-02-04T14:44:13.304+0000][15.092s][debug][safepoint     ] Waiting for 2 thread(s) to block
[2022-02-04T14:44:13.304+0000][15.092s][info ][safepoint     ] Entering safepoint region: ICBufferFull
[2022-02-04T14:44:13.305+0000][15.092s][info ][safepoint     ] Leaving safepoint region
[2022-02-04T14:44:13.305+0000][15.092s][info ][safepoint     ] Total time for which application threads were stopped: 0.0002361 seconds, Stopping threads took: 0.0000520 seconds
[2022-02-04T14:44:13.513+0000][15.301s][debug][safepoint     ] Safepoint synchronization initiated. (12 threads)
[2022-02-04T14:44:13.513+0000][15.301s][info ][safepoint     ] Application time: 0.2082095 seconds
[2022-02-04T14:44:13.513+0000][15.301s][info ][safepoint     ] Entering safepoint region: Deoptimize
[2022-02-04T14:44:13.513+0000][15.301s][info ][safepoint     ] Leaving safepoint region
[2022-02-04T14:44:13.513+0000][15.301s][info ][safepoint     ] Total time for which application threads were stopped: 0.0005816 seconds, Stopping threads took: 0.0000105 seconds
[2022-02-04T14:44:14.053+0000][15.841s][debug][safepoint     ] Safepoint synchronization initiated. (12 threads)
[2022-02-04T14:44:14.053+0000][15.841s][info ][safepoint     ] Application time: 0.5397719 seconds
[2022-02-04T14:44:14.053+0000][15.841s][debug][safepoint     ] Waiting for 1 thread(s) to block
[2022-02-04T14:44:14.053+0000][15.841s][info ][safepoint     ] Entering safepoint region: ICBufferFull
[2022-02-04T14:44:14.054+0000][15.841s][info ][safepoint     ] Leaving safepoint region
[2022-02-04T14:44:14.054+0000][15.841s][info ][safepoint     ] Total time for which application threads were stopped: 0.0002722 seconds, Stopping threads took: 0.0000786 seconds
[2022-02-04T14:44:14.511+0000][16.299s][debug][safepoint     ] Safepoint synchronization initiated. (12 threads)
[2022-02-04T14:44:14.511+0000][16.299s][info ][safepoint     ] Application time: 0.4574696 seconds
[2022-02-04T14:44:14.511+0000][16.299s][info ][safepoint     ] Entering safepoint region: G1CollectForAllocation
[2022-02-04T14:44:14.511+0000][16.299s][info ][gc,start      ] GC(24) Pause Young (Normal) (G1 Evacuation Pause)
[2022-02-04T14:44:14.511+0000][16.299s][info ][gc,task       ] GC(24) Using 4 workers of 4 for evacuation
[2022-02-04T14:44:14.537+0000][16.325s][info ][gc,phases     ] GC(24)   Pre Evacuate Collection Set: 0.0ms
[2022-02-04T14:44:14.537+0000][16.325s][info ][gc,phases     ] GC(24)   Evacuate Collection Set: 23.8ms
[2022-02-04T14:44:14.537+0000][16.325s][info ][gc,phases     ] GC(24)   Post Evacuate Collection Set: 2.3ms
[2022-02-04T14:44:14.537+0000][16.325s][info ][gc,phases     ] GC(24)   Other: 0.1ms
[2022-02-04T14:44:14.537+0000][16.325s][info ][gc,heap       ] GC(24) Eden regions: 203->0(201)
[2022-02-04T14:44:14.537+0000][16.325s][info ][gc,heap       ] GC(24) Survivor regions: 11->13(27)
[2022-02-04T14:44:14.537+0000][16.325s][info ][gc,heap       ] GC(24) Old regions: 20->20
[2022-02-04T14:44:14.537+0000][16.325s][info ][gc,heap       ] GC(24) Humongous regions: 0->0
[2022-02-04T14:44:14.537+0000][16.325s][info ][gc,metaspace  ] GC(24) Metaspace: 47707K->47707K(1091584K)
[2022-02-04T14:44:14.537+0000][16.325s][info ][gc            ] GC(24) Pause Young (Normal) (G1 Evacuation Pause) 232M->31M(357M) 26.352ms
[2022-02-04T14:44:14.538+0000][16.325s][info ][gc,cpu        ] GC(24) User=0.05s Sys=0.00s Real=0.03s
[2022-02-04T14:44:14.538+0000][16.325s][info ][safepoint     ] Leaving safepoint region
[2022-02-04T14:44:14.538+0000][16.325s][info ][safepoint     ] Total time for which application threads were stopped: 0.0265124 seconds, Stopping threads took: 0.0000098 seconds
[2022-02-04T14:44:14.538+0000][16.325s][info ][gc,stringdedup] Concurrent String Deduplication (16.325s)
[2022-02-04T14:44:14.545+0000][16.333s][info ][gc,stringdedup] Concurrent String Deduplication 201.5K->84112.0B(119.4K) avg 44.7% (16.325s, 16.333s) 7.434ms
[2022-02-04T14:44:15.538+0000][17.325s][debug][safepoint     ] Safepoint synchronization initiated. (11 threads)
[2022-02-04T14:44:15.538+0000][17.325s][info ][safepoint     ] Application time: 1.0001302 seconds
[2022-02-04T14:44:15.538+0000][17.325s][info ][safepoint     ] Entering safepoint region: Cleanup
[2022-02-04T14:44:15.538+0000][17.326s][info ][safepoint     ] Leaving safepoint region
[2022-02-04T14:44:15.538+0000][17.326s][info ][safepoint     ] Total time for which application threads were stopped: 0.0001538 seconds, Stopping threads took: 0.0000099 seconds
[2022-02-04T14:44:16.218+0000][18.006s][debug][safepoint     ] Safepoint synchronization initiated. (11 threads)
[2022-02-04T14:44:16.218+0000][18.006s][info ][safepoint     ] Application time: 0.6805363 seconds
[2022-02-04T14:44:16.218+0000][18.006s][debug][safepoint     ] Waiting for 1 thread(s) to block
[2022-02-04T14:44:16.218+0000][18.006s][info ][safepoint     ] Entering safepoint region: G1CollectForAllocation
[2022-02-04T14:44:16.219+0000][18.006s][info ][gc,start      ] GC(25) Pause Young (Normal) (G1 Evacuation Pause)
[2022-02-04T14:44:16.219+0000][18.006s][info ][gc,task       ] GC(25) Using 4 workers of 4 for evacuation
[2022-02-04T14:44:16.256+0000][18.044s][info ][gc,phases     ] GC(25)   Pre Evacuate Collection Set: 0.0ms
[2022-02-04T14:44:16.256+0000][18.044s][info ][gc,phases     ] GC(25)   Evacuate Collection Set: 30.6ms
[2022-02-04T14:44:16.256+0000][18.044s][info ][gc,phases     ] GC(25)   Post Evacuate Collection Set: 6.8ms
[2022-02-04T14:44:16.256+0000][18.044s][info ][gc,phases     ] GC(25)   Other: 0.1ms
[2022-02-04T14:44:16.256+0000][18.044s][info ][gc,heap       ] GC(25) Eden regions: 201->0(200)
[2022-02-04T14:44:16.256+0000][18.044s][info ][gc,heap       ] GC(25) Survivor regions: 13->14(27)
[2022-02-04T14:44:16.256+0000][18.044s][info ][gc,heap       ] GC(25) Old regions: 20->21
[2022-02-04T14:44:16.256+0000][18.044s][info ][gc,heap       ] GC(25) Humongous regions: 0->0
[2022-02-04T14:44:16.256+0000][18.044s][info ][gc,metaspace  ] GC(25) Metaspace: 52144K->52144K(1095680K)
[2022-02-04T14:44:16.256+0000][18.044s][info ][gc            ] GC(25) Pause Young (Normal) (G1 Evacuation Pause) 232M->32M(357M) 37.687ms
[2022-02-04T14:44:16.256+0000][18.044s][info ][gc,cpu        ] GC(25) User=0.06s Sys=0.00s Real=0.04s
[2022-02-04T14:44:16.256+0000][18.044s][info ][safepoint     ] Leaving safepoint region
[2022-02-04T14:44:16.256+0000][18.044s][info ][safepoint     ] Total time for which application threads were stopped: 0.0378632 seconds, Stopping threads took: 0.0000465 seconds
[2022-02-04T14:44:16.256+0000][18.044s][info ][gc,stringdedup] Concurrent String Deduplication (18.044s)
[2022-02-04T14:44:16.258+0000][18.045s][info ][gc,stringdedup] Concurrent String Deduplication 243.4K->106.8K(136.6K) avg 45.1% (18.044s, 18.045s) 1.276ms
[2022-02-04T14:44:16.656+0000][18.443s][debug][safepoint     ] Safepoint synchronization initiated. (12 threads)
[2022-02-04T14:44:16.656+0000][18.443s][info ][safepoint     ] Application time: 0.3993149 seconds
[2022-02-04T14:44:16.656+0000][18.443s][info ][safepoint     ] Entering safepoint region: Deoptimize
[2022-02-04T14:44:16.656+0000][18.444s][info ][safepoint     ] Leaving safepoint region
[2022-02-04T14:44:16.656+0000][18.444s][info ][safepoint     ] Total time for which application threads were stopped: 0.0006504 seconds, Stopping threads took: 0.0000100 seconds
[2022-02-04T14:44:16.786+0000][18.574s][debug][safepoint     ] Safepoint synchronization initiated. (12 threads)
[2022-02-04T14:44:16.786+0000][18.574s][info ][safepoint     ] Application time: 0.1299376 seconds
[2022-02-04T14:44:16.786+0000][18.574s][debug][safepoint     ] Waiting for 1 thread(s) to block
[2022-02-04T14:44:16.786+0000][18.574s][info ][safepoint     ] Entering safepoint region: Deoptimize
[2022-02-04T14:44:16.788+0000][18.575s][info ][safepoint     ] Leaving safepoint region
[2022-02-04T14:44:16.788+0000][18.575s][info ][safepoint     ] Total time for which application threads were stopped: 0.0013382 seconds, Stopping threads took: 0.0001743 seconds
[2022-02-04T14:44:17.269+0000][19.057s][debug][safepoint     ] Safepoint synchronization initiated. (12 threads)
[2022-02-04T14:44:17.269+0000][19.057s][info ][safepoint     ] Application time: 0.4817173 seconds
[2022-02-04T14:44:17.269+0000][19.057s][info ][safepoint     ] Entering safepoint region: ICBufferFull
[2022-02-04T14:44:17.269+0000][19.057s][info ][safepoint     ] Leaving safepoint region
[2022-02-04T14:44:17.269+0000][19.057s][info ][safepoint     ] Total time for which application threads were stopped: 0.0001470 seconds, Stopping threads took: 0.0000099 seconds
[2022-02-04T14:44:17.708+0000][19.495s][debug][safepoint     ] Safepoint synchronization initiated. (12 threads)
[2022-02-04T14:44:17.708+0000][19.495s][info ][safepoint     ] Application time: 0.4381148 seconds
[2022-02-04T14:44:17.708+0000][19.495s][info ][safepoint     ] Entering safepoint region: G1CollectForAllocation
[2022-02-04T14:44:17.708+0000][19.496s][info ][gc,start      ] GC(26) Pause Young (Normal) (G1 Evacuation Pause)
[2022-02-04T14:44:17.708+0000][19.496s][info ][gc,task       ] GC(26) Using 4 workers of 4 for evacuation
[2022-02-04T14:44:17.740+0000][19.528s][info ][gc,phases     ] GC(26)   Pre Evacuate Collection Set: 0.1ms
[2022-02-04T14:44:17.740+0000][19.528s][info ][gc,phases     ] GC(26)   Evacuate Collection Set: 25.4ms
[2022-02-04T14:44:17.740+0000][19.528s][info ][gc,phases     ] GC(26)   Post Evacuate Collection Set: 5.3ms
[2022-02-04T14:44:17.740+0000][19.528s][info ][gc,phases     ] GC(26)   Other: 1.6ms
[2022-02-04T14:44:17.740+0000][19.528s][info ][gc,heap       ] GC(26) Eden regions: 200->0(236)
[2022-02-04T14:44:17.740+0000][19.528s][info ][gc,heap       ] GC(26) Survivor regions: 14->17(27)
[2022-02-04T14:44:17.740+0000][19.528s][info ][gc,heap       ] GC(26) Old regions: 21->21
[2022-02-04T14:44:17.740+0000][19.528s][info ][gc,heap       ] GC(26) Humongous regions: 0->0
[2022-02-04T14:44:17.740+0000][19.528s][info ][gc,metaspace  ] GC(26) Metaspace: 57702K->57702K(1099776K)
[2022-02-04T14:44:17.740+0000][19.528s][info ][gc            ] GC(26) Pause Young (Normal) (G1 Evacuation Pause) 232M->35M(422M) 32.336ms
[2022-02-04T14:44:17.740+0000][19.528s][info ][gc,cpu        ] GC(26) User=0.06s Sys=0.00s Real=0.03s
[2022-02-04T14:44:17.740+0000][19.528s][info ][safepoint     ] Leaving safepoint region
[2022-02-04T14:44:17.740+0000][19.528s][info ][safepoint     ] Total time for which application threads were stopped: 0.0328092 seconds, Stopping threads took: 0.0000104 seconds
[2022-02-04T14:44:17.741+0000][19.529s][info ][gc,stringdedup] Concurrent String Deduplication (19.529s)
[2022-02-04T14:44:17.745+0000][19.533s][info ][gc,stringdedup] Concurrent String Deduplication 257.6K->113.7K(143.9K) avg 45.5% (19.529s, 19.533s) 4.378ms
[2022-02-04T14:44:18.183+0000][19.971s][debug][safepoint     ] Safepoint synchronization initiated. (12 threads)
[2022-02-04T14:44:18.183+0000][19.971s][info ][safepoint     ] Application time: 0.4427053 seconds
[2022-02-04T14:44:18.183+0000][19.971s][info ][safepoint     ] Entering safepoint region: CollectForMetadataAllocation
[2022-02-04T14:44:18.183+0000][19.971s][info ][gc,start      ] GC(27) Pause Young (Concurrent Start) (Metadata GC Threshold)
[2022-02-04T14:44:18.183+0000][19.971s][info ][gc,task       ] GC(27) Using 4 workers of 4 for evacuation
[2022-02-04T14:44:18.211+0000][19.999s][info ][gc,phases     ] GC(27)   Pre Evacuate Collection Set: 0.1ms
[2022-02-04T14:44:18.211+0000][19.999s][info ][gc,phases     ] GC(27)   Evacuate Collection Set: 24.7ms
[2022-02-04T14:44:18.211+0000][19.999s][info ][gc,phases     ] GC(27)   Post Evacuate Collection Set: 2.8ms
[2022-02-04T14:44:18.211+0000][19.999s][info ][gc,phases     ] GC(27)   Other: 0.2ms
[2022-02-04T14:44:18.211+0000][19.999s][info ][gc,heap       ] GC(27) Eden regions: 78->0(237)
[2022-02-04T14:44:18.211+0000][19.999s][info ][gc,heap       ] GC(27) Survivor regions: 17->16(32)
[2022-02-04T14:44:18.211+0000][19.999s][info ][gc,heap       ] GC(27) Old regions: 21->21
[2022-02-04T14:44:18.211+0000][19.999s][info ][gc,heap       ] GC(27) Humongous regions: 0->0
[2022-02-04T14:44:18.211+0000][19.999s][info ][gc,metaspace  ] GC(27) Metaspace: 58896K->58896K(1101824K)
[2022-02-04T14:44:18.211+0000][19.999s][info ][gc            ] GC(27) Pause Young (Concurrent Start) (Metadata GC Threshold) 112M->35M(422M) 27.864ms
[2022-02-04T14:44:18.211+0000][19.999s][info ][gc,cpu        ] GC(27) User=0.06s Sys=0.00s Real=0.03s
[2022-02-04T14:44:18.211+0000][19.999s][info ][gc            ] GC(28) Concurrent Cycle
[2022-02-04T14:44:18.211+0000][19.999s][info ][gc,marking    ] GC(28) Concurrent Clear Claimed Marks
[2022-02-04T14:44:18.211+0000][19.999s][info ][safepoint     ] Leaving safepoint region
[2022-02-04T14:44:18.211+0000][19.999s][info ][safepoint     ] Total time for which application threads were stopped: 0.0280669 seconds, Stopping threads took: 0.0000093 seconds
[2022-02-04T14:44:18.211+0000][19.999s][info ][gc,marking    ] GC(28) Concurrent Clear Claimed Marks 0.076ms
[2022-02-04T14:44:18.211+0000][19.999s][info ][gc,marking    ] GC(28) Concurrent Scan Root Regions
[2022-02-04T14:44:18.211+0000][19.999s][info ][gc,stringdedup] Concurrent String Deduplication (19.999s)
[2022-02-04T14:44:18.212+0000][20.000s][info ][gc,stringdedup] Concurrent String Deduplication 87560.0B->15816.0B(71744.0B) avg 45.8% (19.999s, 20.000s) 0.914ms
[2022-02-04T14:44:18.224+0000][20.012s][info ][gc,marking    ] GC(28) Concurrent Scan Root Regions 12.761ms
[2022-02-04T14:44:18.224+0000][20.012s][info ][gc,marking    ] GC(28) Concurrent Mark (20.012s)
[2022-02-04T14:44:18.224+0000][20.012s][info ][gc,marking    ] GC(28) Concurrent Mark From Roots
[2022-02-04T14:44:18.224+0000][20.012s][info ][gc,task       ] GC(28) Using 1 workers of 1 for marking
[2022-02-04T14:44:18.258+0000][20.046s][info ][gc,marking    ] GC(28) Concurrent Mark From Roots 34.040ms
[2022-02-04T14:44:18.258+0000][20.046s][info ][gc,marking    ] GC(28) Concurrent Preclean
[2022-02-04T14:44:18.258+0000][20.046s][info ][gc,marking    ] GC(28) Concurrent Preclean 0.052ms
[2022-02-04T14:44:18.258+0000][20.046s][info ][gc,marking    ] GC(28) Concurrent Mark (20.012s, 20.046s) 34.151ms
[2022-02-04T14:44:18.258+0000][20.046s][debug][safepoint     ] Safepoint synchronization initiated. (11 threads)
[2022-02-04T14:44:18.258+0000][20.046s][info ][safepoint     ] Application time: 0.0470579 seconds
[2022-02-04T14:44:18.258+0000][20.046s][debug][safepoint     ] Waiting for 1 thread(s) to block
[2022-02-04T14:44:18.258+0000][20.046s][info ][safepoint     ] Entering safepoint region: CGC_Operation
[2022-02-04T14:44:18.258+0000][20.046s][info ][gc,start      ] GC(28) Pause Remark
[2022-02-04T14:44:18.269+0000][20.057s][info ][gc,stringtable] GC(28) Cleaned string and symbol table, strings: 24386 processed, 5 removed, symbols: 184737 processed, 174 removed
[2022-02-04T14:44:18.269+0000][20.057s][info ][gc            ] GC(28) Pause Remark 46M->46M(422M) 10.906ms
[2022-02-04T14:44:18.269+0000][20.057s][info ][gc,cpu        ] GC(28) User=0.02s Sys=0.00s Real=0.01s
[2022-02-04T14:44:18.269+0000][20.057s][info ][safepoint     ] Leaving safepoint region
[2022-02-04T14:44:18.269+0000][20.057s][info ][safepoint     ] Total time for which application threads were stopped: 0.0110247 seconds, Stopping threads took: 0.0000317 seconds
[2022-02-04T14:44:18.269+0000][20.057s][info ][gc,marking    ] GC(28) Concurrent Rebuild Remembered Sets
[2022-02-04T14:44:18.289+0000][20.077s][info ][gc,marking    ] GC(28) Concurrent Rebuild Remembered Sets 19.797ms
[2022-02-04T14:44:18.289+0000][20.077s][debug][safepoint     ] Safepoint synchronization initiated. (11 threads)
[2022-02-04T14:44:18.289+0000][20.077s][info ][safepoint     ] Application time: 0.0199883 seconds
[2022-02-04T14:44:18.291+0000][20.079s][debug][safepoint     ] ... found polling page loop exception at pc = 0x00007f25503fc438, stub =0x00007f25488be900
[2022-02-04T14:44:18.292+0000][20.080s][debug][safepoint     ] Waiting for 1 thread(s) to block
[2022-02-04T14:44:18.292+0000][20.080s][info ][safepoint     ] Entering safepoint region: CGC_Operation
[2022-02-04T14:44:18.292+0000][20.080s][info ][gc,start      ] GC(28) Pause Cleanup
[2022-02-04T14:44:18.292+0000][20.080s][info ][gc            ] GC(28) Pause Cleanup 51M->51M(422M) 0.197ms
[2022-02-04T14:44:18.292+0000][20.080s][info ][gc,cpu        ] GC(28) User=0.00s Sys=0.00s Real=0.00s
[2022-02-04T14:44:18.292+0000][20.080s][info ][safepoint     ] Leaving safepoint region
[2022-02-04T14:44:18.292+0000][20.080s][info ][safepoint     ] Total time for which application threads were stopped: 0.0031452 seconds, Stopping threads took: 0.0028183 seconds
[2022-02-04T14:44:18.292+0000][20.080s][info ][gc,marking    ] GC(28) Concurrent Cleanup for Next Mark
[2022-02-04T14:44:18.294+0000][20.082s][info ][gc,marking    ] GC(28) Concurrent Cleanup for Next Mark 1.987ms
[2022-02-04T14:44:18.294+0000][20.082s][info ][gc            ] GC(28) Concurrent Cycle 83.356ms
[2022-02-04T14:44:18.524+0000][20.311s][debug][safepoint     ] Safepoint synchronization initiated. (12 threads)
[2022-02-04T14:44:18.524+0000][20.311s][info ][safepoint     ] Application time: 0.2312735 seconds
[2022-02-04T14:44:18.524+0000][20.311s][debug][safepoint     ] Waiting for 1 thread(s) to block
[2022-02-04T14:44:18.524+0000][20.311s][info ][safepoint     ] Entering safepoint region: ICBufferFull
[2022-02-04T14:44:18.524+0000][20.312s][info ][safepoint     ] Leaving safepoint region
[2022-02-04T14:44:18.524+0000][20.312s][info ][safepoint     ] Total time for which application threads were stopped: 0.0001761 seconds, Stopping threads took: 0.0000268 seconds
[2022-02-04T14:44:18.697+0000][20.485s][debug][safepoint     ] Safepoint synchronization initiated. (12 threads)
[2022-02-04T14:44:18.697+0000][20.485s][info ][safepoint     ] Application time: 0.1734246 seconds
[2022-02-04T14:44:18.697+0000][20.485s][debug][safepoint     ] Waiting for 1 thread(s) to block
[2022-02-04T14:44:18.697+0000][20.485s][info ][safepoint     ] Entering safepoint region: ICBufferFull
[2022-02-04T14:44:18.698+0000][20.485s][info ][safepoint     ] Leaving safepoint region
[2022-02-04T14:44:18.698+0000][20.485s][info ][safepoint     ] Total time for which application threads were stopped: 0.0003742 seconds, Stopping threads took: 0.0000450 seconds
[2022-02-04T14:44:18.866+0000][20.654s][debug][safepoint     ] Safepoint synchronization initiated. (12 threads)
[2022-02-04T14:44:18.866+0000][20.654s][info ][safepoint     ] Application time: 0.1686433 seconds
[2022-02-04T14:44:18.866+0000][20.654s][debug][safepoint     ] Waiting for 2 thread(s) to block
[2022-02-04T14:44:18.866+0000][20.654s][info ][safepoint     ] Entering safepoint region: ICBufferFull
[2022-02-04T14:44:18.867+0000][20.654s][info ][safepoint     ] Leaving safepoint region
[2022-02-04T14:44:18.867+0000][20.655s][info ][safepoint     ] Total time for which application threads were stopped: 0.0004152 seconds, Stopping threads took: 0.0000267 seconds
[2022-02-04T14:44:19.153+0000][20.941s][debug][safepoint     ] Safepoint synchronization initiated. (12 threads)
[2022-02-04T14:44:19.153+0000][20.941s][info ][safepoint     ] Application time: 0.2859149 seconds
[2022-02-04T14:44:19.153+0000][20.941s][debug][safepoint     ] Waiting for 1 thread(s) to block
[2022-02-04T14:44:19.153+0000][20.941s][info ][safepoint     ] Entering safepoint region: ICBufferFull
[2022-02-04T14:44:19.153+0000][20.941s][info ][safepoint     ] Leaving safepoint region
[2022-02-04T14:44:19.153+0000][20.941s][info ][safepoint     ] Total time for which application threads were stopped: 0.0001564 seconds, Stopping threads took: 0.0000282 seconds
[2022-02-04T14:44:19.704+0000][21.492s][debug][safepoint     ] Safepoint synchronization initiated. (12 threads)
[2022-02-04T14:44:19.704+0000][21.492s][info ][safepoint     ] Application time: 0.5514437 seconds
[2022-02-04T14:44:19.704+0000][21.492s][info ][safepoint     ] Entering safepoint region: ICBufferFull
[2022-02-04T14:44:19.705+0000][21.492s][info ][safepoint     ] Leaving safepoint region
[2022-02-04T14:44:19.705+0000][21.492s][info ][safepoint     ] Total time for which application threads were stopped: 0.0001554 seconds, Stopping threads took: 0.0000104 seconds
[2022-02-04T14:44:19.784+0000][21.572s][debug][safepoint     ] Safepoint synchronization initiated. (12 threads)
[2022-02-04T14:44:19.784+0000][21.572s][info ][safepoint     ] Application time: 0.0792796 seconds
[2022-02-04T14:44:19.784+0000][21.572s][info ][safepoint     ] Entering safepoint region: Deoptimize
[2022-02-04T14:44:19.785+0000][21.572s][info ][safepoint     ] Leaving safepoint region
[2022-02-04T14:44:19.785+0000][21.572s][info ][safepoint     ] Total time for which application threads were stopped: 0.0006665 seconds, Stopping threads took: 0.0000099 seconds
[2022-02-04T14:44:19.827+0000][21.615s][debug][safepoint     ] Safepoint synchronization initiated. (12 threads)
[2022-02-04T14:44:19.827+0000][21.615s][info ][safepoint     ] Application time: 0.0428344 seconds
[2022-02-04T14:44:19.827+0000][21.615s][debug][safepoint     ] Waiting for 2 thread(s) to block
[2022-02-04T14:44:19.828+0000][21.615s][info ][safepoint     ] Entering safepoint region: G1CollectForAllocation
[2022-02-04T14:44:19.828+0000][21.616s][info ][gc,start      ] GC(29) Pause Young (Normal) (G1 Evacuation Pause)
[2022-02-04T14:44:19.828+0000][21.616s][info ][gc,task       ] GC(29) Using 4 workers of 4 for evacuation
[2022-02-04T14:44:19.858+0000][21.646s][info ][gc,phases     ] GC(29)   Pre Evacuate Collection Set: 0.0ms
[2022-02-04T14:44:19.858+0000][21.646s][info ][gc,phases     ] GC(29)   Evacuate Collection Set: 27.7ms
[2022-02-04T14:44:19.858+0000][21.646s][info ][gc,phases     ] GC(29)   Post Evacuate Collection Set: 2.5ms
[2022-02-04T14:44:19.858+0000][21.646s][info ][gc,phases     ] GC(29)   Other: 0.2ms
[2022-02-04T14:44:19.858+0000][21.646s][info ][gc,heap       ] GC(29) Eden regions: 237->0(238)
[2022-02-04T14:44:19.858+0000][21.646s][info ][gc,heap       ] GC(29) Survivor regions: 16->15(32)
[2022-02-04T14:44:19.858+0000][21.646s][info ][gc,heap       ] GC(29) Old regions: 21->23
[2022-02-04T14:44:19.858+0000][21.646s][info ][gc,heap       ] GC(29) Humongous regions: 0->0
[2022-02-04T14:44:19.858+0000][21.646s][info ][gc,metaspace  ] GC(29) Metaspace: 63560K->63560K(1105920K)
[2022-02-04T14:44:19.858+0000][21.646s][info ][gc            ] GC(29) Pause Young (Normal) (G1 Evacuation Pause) 272M->35M(422M) 30.430ms
[2022-02-04T14:44:19.858+0000][21.646s][info ][gc,cpu        ] GC(29) User=0.06s Sys=0.00s Real=0.03s
[2022-02-04T14:44:19.858+0000][21.646s][info ][safepoint     ] Leaving safepoint region
[2022-02-04T14:44:19.858+0000][21.646s][info ][safepoint     ] Total time for which application threads were stopped: 0.0308255 seconds, Stopping threads took: 0.0002524 seconds
[2022-02-04T14:44:19.858+0000][21.646s][info ][gc,stringdedup] Concurrent String Deduplication (21.646s)
[2022-02-04T14:44:19.859+0000][21.648s][info ][gc,stringdedup] Concurrent String Deduplication 183.8K->46136.0B(138.8K) avg 46.5% (21.646s, 21.647s) 1.190ms
[2022-02-04T14:44:19.913+0000][21.701s][debug][safepoint     ] Safepoint synchronization initiated. (12 threads)
[2022-02-04T14:44:19.914+0000][21.701s][info ][safepoint     ] Application time: 0.0552572 seconds
[2022-02-04T14:44:19.914+0000][21.701s][debug][safepoint     ] Waiting for 1 thread(s) to block
[2022-02-04T14:44:19.914+0000][21.701s][info ][safepoint     ] Entering safepoint region: Deoptimize
[2022-02-04T14:44:19.914+0000][21.702s][info ][safepoint     ] Leaving safepoint region
[2022-02-04T14:44:19.914+0000][21.702s][info ][safepoint     ] Total time for which application threads were stopped: 0.0007080 seconds, Stopping threads took: 0.0000357 seconds
[2022-02-04T14:44:20.465+0000][22.252s][debug][safepoint     ] Safepoint synchronization initiated. (12 threads)
[2022-02-04T14:44:20.465+0000][22.252s][info ][safepoint     ] Application time: 0.5504687 seconds
[2022-02-04T14:44:20.465+0000][22.252s][info ][safepoint     ] Entering safepoint region: ICBufferFull
[2022-02-04T14:44:20.465+0000][22.253s][info ][safepoint     ] Leaving safepoint region
[2022-02-04T14:44:20.465+0000][22.253s][info ][safepoint     ] Total time for which application threads were stopped: 0.0001500 seconds, Stopping threads took: 0.0000102 seconds
[2022-02-04T14:44:20.523+0000][22.311s][debug][safepoint     ] Safepoint synchronization initiated. (12 threads)
[2022-02-04T14:44:20.523+0000][22.311s][info ][safepoint     ] Application time: 0.0579747 seconds
[2022-02-04T14:44:20.523+0000][22.311s][debug][safepoint     ] Waiting for 1 thread(s) to block
[2022-02-04T14:44:20.523+0000][22.311s][info ][safepoint     ] Entering safepoint region: Deoptimize
[2022-02-04T14:44:20.524+0000][22.311s][info ][safepoint     ] Leaving safepoint region
[2022-02-04T14:44:20.524+0000][22.311s][info ][safepoint     ] Total time for which application threads were stopped: 0.0007885 seconds, Stopping threads took: 0.0000281 seconds
[2022-02-04T14:44:20.691+0000][22.479s][debug][safepoint     ] Safepoint synchronization initiated. (12 threads)
[2022-02-04T14:44:20.691+0000][22.479s][info ][safepoint     ] Application time: 0.1673593 seconds
[2022-02-04T14:44:20.691+0000][22.479s][debug][safepoint     ] Waiting for 1 thread(s) to block
[2022-02-04T14:44:20.691+0000][22.479s][info ][safepoint     ] Entering safepoint region: Deoptimize
[2022-02-04T14:44:20.692+0000][22.479s][info ][safepoint     ] Leaving safepoint region
[2022-02-04T14:44:20.692+0000][22.479s][info ][safepoint     ] Total time for which application threads were stopped: 0.0006936 seconds, Stopping threads took: 0.0000278 seconds
[2022-02-04T14:44:21.103+0000][22.891s][debug][safepoint     ] Safepoint synchronization initiated. (13 threads)
[2022-02-04T14:44:21.103+0000][22.891s][info ][safepoint     ] Application time: 0.4114460 seconds
[2022-02-04T14:44:21.107+0000][22.894s][info ][safepoint     ] Entering safepoint region: ICBufferFull
[2022-02-04T14:44:21.107+0000][22.895s][info ][safepoint     ] Leaving safepoint region
[2022-02-04T14:44:21.107+0000][22.895s][info ][safepoint     ] Total time for which application threads were stopped: 0.0036534 seconds, Stopping threads took: 0.0034999 seconds
[2022-02-04T14:44:21.664+0000][23.452s][debug][safepoint     ] Safepoint synchronization initiated. (13 threads)
[2022-02-04T14:44:21.664+0000][23.452s][info ][safepoint     ] Application time: 0.5570175 seconds
[2022-02-04T14:44:21.664+0000][23.452s][debug][safepoint     ] Waiting for 1 thread(s) to block
[2022-02-04T14:44:21.664+0000][23.452s][info ][safepoint     ] Entering safepoint region: ICBufferFull
[2022-02-04T14:44:21.664+0000][23.452s][info ][safepoint     ] Leaving safepoint region
[2022-02-04T14:44:21.664+0000][23.452s][info ][safepoint     ] Total time for which application threads were stopped: 0.0002832 seconds, Stopping threads took: 0.0000904 seconds
[2022-02-04T14:44:22.256+0000][24.044s][debug][safepoint     ] Safepoint synchronization initiated. (13 threads)
[2022-02-04T14:44:22.256+0000][24.044s][info ][safepoint     ] Application time: 0.5922268 seconds
[2022-02-04T14:44:22.256+0000][24.044s][debug][safepoint     ] Waiting for 1 thread(s) to block
[2022-02-04T14:44:22.256+0000][24.044s][info ][safepoint     ] Entering safepoint region: ICBufferFull
[2022-02-04T14:44:22.257+0000][24.044s][info ][safepoint     ] Leaving safepoint region
[2022-02-04T14:44:22.257+0000][24.044s][info ][safepoint     ] Total time for which application threads were stopped: 0.0002012 seconds, Stopping threads took: 0.0000293 seconds
[2022-02-04T14:44:22.468+0000][24.256s][debug][safepoint     ] Safepoint synchronization initiated. (13 threads)
[2022-02-04T14:44:22.468+0000][24.256s][info ][safepoint     ] Application time: 0.2114401 seconds
[2022-02-04T14:44:22.468+0000][24.256s][info ][safepoint     ] Entering safepoint region: ICBufferFull
[2022-02-04T14:44:22.468+0000][24.256s][info ][safepoint     ] Leaving safepoint region
[2022-02-04T14:44:22.469+0000][24.257s][info ][safepoint     ] Total time for which application threads were stopped: 0.0013415 seconds, Stopping threads took: 0.0000105 seconds
[2022-02-04T14:44:22.583+0000][24.370s][debug][safepoint     ] Safepoint synchronization initiated. (13 threads)
[2022-02-04T14:44:22.583+0000][24.370s][info ][safepoint     ] Application time: 0.1131419 seconds
[2022-02-04T14:44:22.583+0000][24.370s][info ][safepoint     ] Entering safepoint region: G1CollectForAllocation
[2022-02-04T14:44:22.583+0000][24.370s][info ][gc,start      ] GC(30) Pause Young (Normal) (G1 Evacuation Pause)
[2022-02-04T14:44:22.583+0000][24.371s][info ][gc,task       ] GC(30) Using 4 workers of 4 for evacuation
[2022-02-04T14:44:22.620+0000][24.408s][info ][gc,phases     ] GC(30)   Pre Evacuate Collection Set: 0.0ms
[2022-02-04T14:44:22.620+0000][24.408s][info ][gc,phases     ] GC(30)   Evacuate Collection Set: 34.5ms
[2022-02-04T14:44:22.620+0000][24.408s][info ][gc,phases     ] GC(30)   Post Evacuate Collection Set: 2.6ms
[2022-02-04T14:44:22.620+0000][24.408s][info ][gc,phases     ] GC(30)   Other: 0.2ms
[2022-02-04T14:44:22.620+0000][24.408s][info ][gc,heap       ] GC(30) Eden regions: 238->0(232)
[2022-02-04T14:44:22.620+0000][24.408s][info ][gc,heap       ] GC(30) Survivor regions: 15->21(32)
[2022-02-04T14:44:22.620+0000][24.408s][info ][gc,heap       ] GC(30) Old regions: 23->23
[2022-02-04T14:44:22.620+0000][24.408s][info ][gc,heap       ] GC(30) Humongous regions: 0->0
[2022-02-04T14:44:22.620+0000][24.408s][info ][gc,metaspace  ] GC(30) Metaspace: 68839K->68839K(1110016K)
[2022-02-04T14:44:22.620+0000][24.408s][info ][gc            ] GC(30) Pause Young (Normal) (G1 Evacuation Pause) 273M->42M(422M) 37.376ms
[2022-02-04T14:44:22.620+0000][24.408s][info ][gc,cpu        ] GC(30) User=0.09s Sys=0.00s Real=0.04s
[2022-02-04T14:44:22.620+0000][24.408s][info ][safepoint     ] Leaving safepoint region
[2022-02-04T14:44:22.620+0000][24.408s][info ][safepoint     ] Total time for which application threads were stopped: 0.0376051 seconds, Stopping threads took: 0.0000101 seconds
[2022-02-04T14:44:22.621+0000][24.409s][info ][gc,stringdedup] Concurrent String Deduplication (24.409s)
[2022-02-04T14:44:22.621+0000][24.409s][info ][gc,stringdedup] Concurrent String Deduplication 22440.0B->656.0B(21784.0B) avg 46.7% (24.409s, 24.409s) 0.185ms
[2022-02-04T14:44:22.658+0000][24.446s][debug][safepoint     ] Safepoint synchronization initiated. (13 threads)
[2022-02-04T14:44:22.658+0000][24.446s][info ][safepoint     ] Application time: 0.0378135 seconds
[2022-02-04T14:44:22.658+0000][24.446s][info ][safepoint     ] Entering safepoint region: Deoptimize
[2022-02-04T14:44:22.659+0000][24.446s][info ][safepoint     ] Leaving safepoint region
[2022-02-04T14:44:22.659+0000][24.446s][info ][safepoint     ] Total time for which application threads were stopped: 0.0007529 seconds, Stopping threads took: 0.0000097 seconds
[2022-02-04T14:44:22.873+0000][24.660s][debug][safepoint     ] Safepoint synchronization initiated. (13 threads)
[2022-02-04T14:44:22.873+0000][24.660s][info ][safepoint     ] Application time: 0.2139159 seconds
[2022-02-04T14:44:22.873+0000][24.660s][info ][safepoint     ] Entering safepoint region: Deoptimize
[2022-02-04T14:44:22.874+0000][24.662s][info ][safepoint     ] Leaving safepoint region
[2022-02-04T14:44:22.874+0000][24.662s][info ][safepoint     ] Total time for which application threads were stopped: 0.0015238 seconds, Stopping threads took: 0.0000112 seconds
[2022-02-04T14:44:22.935+0000][24.723s][debug][safepoint     ] Safepoint synchronization initiated. (13 threads)
[2022-02-04T14:44:22.935+0000][24.723s][info ][safepoint     ] Application time: 0.0606660 seconds
[2022-02-04T14:44:22.935+0000][24.723s][info ][safepoint     ] Entering safepoint region: Deoptimize
[2022-02-04T14:44:22.936+0000][24.723s][info ][safepoint     ] Leaving safepoint region
[2022-02-04T14:44:22.936+0000][24.723s][info ][safepoint     ] Total time for which application threads were stopped: 0.0007910 seconds, Stopping threads took: 0.0000105 seconds
[2022-02-04T14:44:23.155+0000][24.943s][debug][safepoint     ] Safepoint synchronization initiated. (13 threads)
[2022-02-04T14:44:23.155+0000][24.943s][info ][safepoint     ] Application time: 0.2193086 seconds
[2022-02-04T14:44:23.155+0000][24.943s][info ][safepoint     ] Entering safepoint region: ICBufferFull
[2022-02-04T14:44:23.155+0000][24.943s][info ][safepoint     ] Leaving safepoint region
[2022-02-04T14:44:23.155+0000][24.943s][info ][safepoint     ] Total time for which application threads were stopped: 0.0001404 seconds, Stopping threads took: 0.0000103 seconds
[2022-02-04T14:44:23.553+0000][25.340s][debug][safepoint     ] Safepoint synchronization initiated. (13 threads)
[2022-02-04T14:44:23.553+0000][25.341s][info ][safepoint     ] Application time: 0.3975828 seconds
[2022-02-04T14:44:23.553+0000][25.341s][debug][safepoint     ] Waiting for 1 thread(s) to block
[2022-02-04T14:44:23.553+0000][25.341s][info ][safepoint     ] Entering safepoint region: ICBufferFull
[2022-02-04T14:44:23.553+0000][25.341s][info ][safepoint     ] Leaving safepoint region
[2022-02-04T14:44:23.553+0000][25.341s][info ][safepoint     ] Total time for which application threads were stopped: 0.0002138 seconds, Stopping threads took: 0.0000546 seconds
[2022-02-04T14:44:23.594+0000][25.382s][debug][safepoint     ] Safepoint synchronization initiated. (13 threads)
[2022-02-04T14:44:23.594+0000][25.382s][info ][safepoint     ] Application time: 0.0412940 seconds
[2022-02-04T14:44:23.594+0000][25.382s][info ][safepoint     ] Entering safepoint region: ICBufferFull
[2022-02-04T14:44:23.594+0000][25.382s][info ][safepoint     ] Leaving safepoint region
[2022-02-04T14:44:23.595+0000][25.382s][info ][safepoint     ] Total time for which application threads were stopped: 0.0001730 seconds, Stopping threads took: 0.0000103 seconds
[2022-02-04T14:44:23.973+0000][25.761s][debug][safepoint     ] Safepoint synchronization initiated. (13 threads)
[2022-02-04T14:44:23.973+0000][25.761s][info ][safepoint     ] Application time: 0.3788969 seconds
[2022-02-04T14:44:23.973+0000][25.761s][info ][safepoint     ] Entering safepoint region: ICBufferFull
[2022-02-04T14:44:23.974+0000][25.762s][info ][safepoint     ] Leaving safepoint region
[2022-02-04T14:44:23.974+0000][25.762s][info ][safepoint     ] Total time for which application threads were stopped: 0.0004141 seconds, Stopping threads took: 0.0000099 seconds
[2022-02-04T14:44:24.004+0000][25.792s][debug][safepoint     ] Safepoint synchronization initiated. (13 threads)
[2022-02-04T14:44:24.004+0000][25.792s][info ][safepoint     ] Application time: 0.0300158 seconds
[2022-02-04T14:44:24.004+0000][25.792s][info ][safepoint     ] Entering safepoint region: Deoptimize
[2022-02-04T14:44:24.005+0000][25.792s][info ][safepoint     ] Leaving safepoint region
[2022-02-04T14:44:24.005+0000][25.792s][info ][safepoint     ] Total time for which application threads were stopped: 0.0007697 seconds, Stopping threads took: 0.0000099 seconds
[2022-02-04T14:44:24.197+0000][25.985s][debug][safepoint     ] Safepoint synchronization initiated. (13 threads)
[2022-02-04T14:44:24.197+0000][25.985s][info ][safepoint     ] Application time: 0.1924363 seconds
[2022-02-04T14:44:24.197+0000][25.985s][info ][safepoint     ] Entering safepoint region: Deoptimize
[2022-02-04T14:44:24.198+0000][25.986s][info ][safepoint     ] Leaving safepoint region
[2022-02-04T14:44:24.198+0000][25.986s][info ][safepoint     ] Total time for which application threads were stopped: 0.0008217 seconds, Stopping threads took: 0.0000095 seconds
[2022-02-04T14:44:24.653+0000][26.441s][debug][safepoint     ] Safepoint synchronization initiated. (22 threads)
[2022-02-04T14:44:24.653+0000][26.441s][info ][safepoint     ] Application time: 0.4554351 seconds
[2022-02-04T14:44:24.653+0000][26.441s][debug][safepoint     ] Waiting for 2 thread(s) to block
[2022-02-04T14:44:24.653+0000][26.441s][info ][safepoint     ] Entering safepoint region: ICBufferFull
[2022-02-04T14:44:24.654+0000][26.441s][info ][safepoint     ] Leaving safepoint region
[2022-02-04T14:44:24.654+0000][26.441s][info ][safepoint     ] Total time for which application threads were stopped: 0.0001984 seconds, Stopping threads took: 0.0000325 seconds
[2022-02-04T14:44:24.657+0000][26.445s][debug][safepoint     ] Safepoint synchronization initiated. (22 threads)
[2022-02-04T14:44:24.657+0000][26.445s][info ][safepoint     ] Application time: 0.0035418 seconds
[2022-02-04T14:44:24.657+0000][26.445s][debug][safepoint     ] Waiting for 1 thread(s) to block
[2022-02-04T14:44:24.657+0000][26.445s][info ][safepoint     ] Entering safepoint region: Deoptimize
[2022-02-04T14:44:24.658+0000][26.446s][info ][safepoint     ] Leaving safepoint region
[2022-02-04T14:44:24.658+0000][26.446s][info ][safepoint     ] Total time for which application threads were stopped: 0.0009085 seconds, Stopping threads took: 0.0000284 seconds
[2022-02-04T14:44:24.659+0000][26.447s][debug][safepoint     ] Safepoint synchronization initiated. (22 threads)
[2022-02-04T14:44:24.659+0000][26.447s][info ][safepoint     ] Application time: 0.0013044 seconds
[2022-02-04T14:44:24.659+0000][26.447s][debug][safepoint     ] Waiting for 1 thread(s) to block
[2022-02-04T14:44:24.659+0000][26.447s][info ][safepoint     ] Entering safepoint region: Deoptimize
[2022-02-04T14:44:24.661+0000][26.448s][info ][safepoint     ] Leaving safepoint region
[2022-02-04T14:44:24.661+0000][26.448s][info ][safepoint     ] Total time for which application threads were stopped: 0.0012317 seconds, Stopping threads took: 0.0000282 seconds
[2022-02-04T14:44:24.672+0000][26.459s][debug][safepoint     ] Safepoint synchronization initiated. (22 threads)
[2022-02-04T14:44:24.672+0000][26.459s][info ][safepoint     ] Application time: 0.0109534 seconds
[2022-02-04T14:44:24.672+0000][26.459s][debug][safepoint     ] Waiting for 1 thread(s) to block
[2022-02-04T14:44:24.672+0000][26.459s][info ][safepoint     ] Entering safepoint region: Deoptimize
[2022-02-04T14:44:24.672+0000][26.460s][info ][safepoint     ] Leaving safepoint region
[2022-02-04T14:44:24.673+0000][26.460s][info ][safepoint     ] Total time for which application threads were stopped: 0.0009674 seconds, Stopping threads took: 0.0000603 seconds
[2022-02-04T14:44:24.803+0000][26.590s][debug][safepoint     ] Safepoint synchronization initiated. (22 threads)
[2022-02-04T14:44:24.803+0000][26.590s][info ][safepoint     ] Application time: 0.1299961 seconds
[2022-02-04T14:44:24.803+0000][26.590s][info ][safepoint     ] Entering safepoint region: G1CollectForAllocation
[2022-02-04T14:44:24.803+0000][26.590s][info ][gc,start      ] GC(31) Pause Young (Normal) (G1 Evacuation Pause)
[2022-02-04T14:44:24.803+0000][26.590s][info ][gc,task       ] GC(31) Using 4 workers of 4 for evacuation
[2022-02-04T14:44:24.835+0000][26.623s][info ][gc,phases     ] GC(31)   Pre Evacuate Collection Set: 0.0ms
[2022-02-04T14:44:24.835+0000][26.623s][info ][gc,phases     ] GC(31)   Evacuate Collection Set: 29.3ms
[2022-02-04T14:44:24.835+0000][26.623s][info ][gc,phases     ] GC(31)   Post Evacuate Collection Set: 2.9ms
[2022-02-04T14:44:24.835+0000][26.623s][info ][gc,phases     ] GC(31)   Other: 0.2ms
[2022-02-04T14:44:24.835+0000][26.623s][info ][gc,heap       ] GC(31) Eden regions: 232->0(230)
[2022-02-04T14:44:24.835+0000][26.623s][info ][gc,heap       ] GC(31) Survivor regions: 21->23(32)
[2022-02-04T14:44:24.835+0000][26.623s][info ][gc,heap       ] GC(31) Old regions: 23->29
[2022-02-04T14:44:24.835+0000][26.623s][info ][gc,heap       ] GC(31) Humongous regions: 0->0
[2022-02-04T14:44:24.835+0000][26.623s][info ][gc,metaspace  ] GC(31) Metaspace: 73062K->73062K(1114112K)
[2022-02-04T14:44:24.835+0000][26.623s][info ][gc            ] GC(31) Pause Young (Normal) (G1 Evacuation Pause) 274M->50M(422M) 32.494ms
[2022-02-04T14:44:24.835+0000][26.623s][info ][gc,cpu        ] GC(31) User=0.09s Sys=0.00s Real=0.03s
[2022-02-04T14:44:24.835+0000][26.623s][info ][safepoint     ] Leaving safepoint region
[2022-02-04T14:44:24.835+0000][26.623s][info ][safepoint     ] Total time for which application threads were stopped: 0.0326898 seconds, Stopping threads took: 0.0000110 seconds
[2022-02-04T14:44:24.836+0000][26.623s][info ][gc,stringdedup] Concurrent String Deduplication (26.623s)
[2022-02-04T14:44:24.837+0000][26.625s][info ][gc,stringdedup] Concurrent String Deduplication 255.1K->155.5K(101984.0B) avg 46.4% (26.623s, 26.625s) 1.371ms
[2022-02-04T14:44:25.080+0000][26.868s][debug][safepoint     ] Safepoint synchronization initiated. (22 threads)
[2022-02-04T14:44:25.080+0000][26.868s][info ][safepoint     ] Application time: 0.2446288 seconds
[2022-02-04T14:44:25.080+0000][26.868s][info ][safepoint     ] Entering safepoint region: ICBufferFull
[2022-02-04T14:44:25.080+0000][26.868s][info ][safepoint     ] Leaving safepoint region
[2022-02-04T14:44:25.080+0000][26.868s][info ][safepoint     ] Total time for which application threads were stopped: 0.0001640 seconds, Stopping threads took: 0.0000108 seconds
[2022-02-04T14:44:25.440+0000][27.227s][debug][safepoint     ] Safepoint synchronization initiated. (22 threads)
[2022-02-04T14:44:25.440+0000][27.227s][info ][safepoint     ] Application time: 0.3595080 seconds
[2022-02-04T14:44:25.440+0000][27.227s][info ][safepoint     ] Entering safepoint region: Deoptimize
[2022-02-04T14:44:25.440+0000][27.228s][info ][safepoint     ] Leaving safepoint region
[2022-02-04T14:44:25.440+0000][27.228s][info ][safepoint     ] Total time for which application threads were stopped: 0.0008536 seconds, Stopping threads took: 0.0000101 seconds
[2022-02-04T14:44:25.447+0000][27.235s][debug][safepoint     ] Safepoint synchronization initiated. (22 threads)
[2022-02-04T14:44:25.447+0000][27.235s][info ][safepoint     ] Application time: 0.0067730 seconds
[2022-02-04T14:44:25.447+0000][27.235s][info ][safepoint     ] Entering safepoint region: Deoptimize
[2022-02-04T14:44:25.449+0000][27.236s][info ][safepoint     ] Leaving safepoint region
[2022-02-04T14:44:25.449+0000][27.236s][info ][safepoint     ] Total time for which application threads were stopped: 0.0014070 seconds, Stopping threads took: 0.0000116 seconds
[2022-02-04T14:44:25.668+0000][27.456s][debug][safepoint     ] Safepoint synchronization initiated. (23 threads)
[2022-02-04T14:44:25.668+0000][27.456s][info ][safepoint     ] Application time: 0.2196182 seconds
[2022-02-04T14:44:25.668+0000][27.456s][debug][safepoint     ] Waiting for 1 thread(s) to block
[2022-02-04T14:44:25.671+0000][27.459s][info ][safepoint     ] Entering safepoint region: Deoptimize
[2022-02-04T14:44:25.676+0000][27.464s][info ][safepoint     ] Leaving safepoint region
[2022-02-04T14:44:25.676+0000][27.464s][info ][safepoint     ] Total time for which application threads were stopped: 0.0078725 seconds, Stopping threads took: 0.0030020 seconds
[2022-02-04T14:44:26.087+0000][27.874s][debug][safepoint     ] Safepoint synchronization initiated. (25 threads)
[2022-02-04T14:44:26.087+0000][27.874s][info ][safepoint     ] Application time: 0.4103160 seconds
[2022-02-04T14:44:26.087+0000][27.874s][info ][safepoint     ] Entering safepoint region: Deoptimize
[2022-02-04T14:44:26.088+0000][27.876s][info ][safepoint     ] Leaving safepoint region
[2022-02-04T14:44:26.088+0000][27.876s][info ][safepoint     ] Total time for which application threads were stopped: 0.0014922 seconds, Stopping threads took: 0.0000110 seconds
[2022-02-04T14:44:26.241+0000][28.028s][debug][safepoint     ] Safepoint synchronization initiated. (25 threads)
[2022-02-04T14:44:26.241+0000][28.028s][info ][safepoint     ] Application time: 0.1526795 seconds
[2022-02-04T14:44:26.243+0000][28.031s][debug][safepoint     ] Waiting for 2 thread(s) to block
[2022-02-04T14:44:26.243+0000][28.031s][info ][safepoint     ] Entering safepoint region: Deoptimize
[2022-02-04T14:44:26.244+0000][28.032s][info ][safepoint     ] Leaving safepoint region
[2022-02-04T14:44:26.244+0000][28.032s][info ][safepoint     ] Total time for which application threads were stopped: 0.0034375 seconds, Stopping threads took: 0.0026130 seconds
[2022-02-04T14:44:26.914+0000][28.702s][debug][safepoint     ] Safepoint synchronization initiated. (40 threads)
[2022-02-04T14:44:26.914+0000][28.702s][info ][safepoint     ] Application time: 0.6697790 seconds
[2022-02-04T14:44:26.914+0000][28.702s][debug][safepoint     ] Waiting for 1 thread(s) to block
[2022-02-04T14:44:26.914+0000][28.702s][info ][safepoint     ] Entering safepoint region: Deoptimize
[2022-02-04T14:44:26.923+0000][28.711s][info ][safepoint     ] Leaving safepoint region
[2022-02-04T14:44:26.923+0000][28.711s][info ][safepoint     ] Total time for which application threads were stopped: 0.0091966 seconds, Stopping threads took: 0.0013865 seconds
[2022-02-04T14:44:27.592+0000][29.380s][debug][safepoint     ] Safepoint synchronization initiated. (46 threads)
[2022-02-04T14:44:27.592+0000][29.380s][info ][safepoint     ] Application time: 0.6688724 seconds
[2022-02-04T14:44:27.592+0000][29.380s][info ][safepoint     ] Entering safepoint region: G1CollectForAllocation
[2022-02-04T14:44:27.592+0000][29.380s][info ][gc,start      ] GC(32) Pause Young (Normal) (G1 Evacuation Pause)
[2022-02-04T14:44:27.592+0000][29.380s][info ][gc,task       ] GC(32) Using 4 workers of 4 for evacuation
[2022-02-04T14:44:27.632+0000][29.419s][info ][gc,phases     ] GC(32)   Pre Evacuate Collection Set: 0.0ms
[2022-02-04T14:44:27.632+0000][29.419s][info ][gc,phases     ] GC(32)   Evacuate Collection Set: 35.5ms
[2022-02-04T14:44:27.632+0000][29.419s][info ][gc,phases     ] GC(32)   Post Evacuate Collection Set: 3.6ms
[2022-02-04T14:44:27.632+0000][29.419s][info ][gc,phases     ] GC(32)   Other: 0.2ms
[2022-02-04T14:44:27.632+0000][29.419s][info ][gc,heap       ] GC(32) Eden regions: 230->0(230)
[2022-02-04T14:44:27.632+0000][29.419s][info ][gc,heap       ] GC(32) Survivor regions: 23->23(32)
[2022-02-04T14:44:27.632+0000][29.419s][info ][gc,heap       ] GC(32) Old regions: 29->37
[2022-02-04T14:44:27.632+0000][29.419s][info ][gc,heap       ] GC(32) Humongous regions: 0->0
[2022-02-04T14:44:27.632+0000][29.419s][info ][gc,metaspace  ] GC(32) Metaspace: 85966K->85966K(1126400K)
[2022-02-04T14:44:27.632+0000][29.420s][info ][gc            ] GC(32) Pause Young (Normal) (G1 Evacuation Pause) 280M->58M(422M) 39.375ms
[2022-02-04T14:44:27.632+0000][29.420s][info ][gc,cpu        ] GC(32) User=0.10s Sys=0.01s Real=0.04s
[2022-02-04T14:44:27.632+0000][29.420s][info ][safepoint     ] Leaving safepoint region
[2022-02-04T14:44:27.632+0000][29.420s][info ][safepoint     ] Total time for which application threads were stopped: 0.0396186 seconds, Stopping threads took: 0.0000177 seconds
[2022-02-04T14:44:27.633+0000][29.420s][info ][gc,stringdedup] Concurrent String Deduplication (29.420s)
[2022-02-04T14:44:27.641+0000][29.428s][info ][gc,stringdedup] Concurrent String Deduplication 725.8K->204.4K(521.4K) avg 48.5% (29.420s, 29.428s) 7.958ms
[2022-02-04T14:44:27.864+0000][29.652s][debug][safepoint     ] Safepoint synchronization initiated. (46 threads)
[2022-02-04T14:44:27.864+0000][29.652s][info ][safepoint     ] Application time: 0.2325545 seconds
[2022-02-04T14:44:27.864+0000][29.652s][info ][safepoint     ] Entering safepoint region: Deoptimize
[2022-02-04T14:44:27.865+0000][29.653s][info ][safepoint     ] Leaving safepoint region
[2022-02-04T14:44:27.865+0000][29.653s][info ][safepoint     ] Total time for which application threads were stopped: 0.0008781 seconds, Stopping threads took: 0.0000197 seconds
[2022-02-04T14:44:28.032+0000][29.819s][debug][safepoint     ] Safepoint synchronization initiated. (46 threads)
[2022-02-04T14:44:28.032+0000][29.819s][info ][safepoint     ] Application time: 0.1663680 seconds
[2022-02-04T14:44:28.032+0000][29.819s][info ][safepoint     ] Entering safepoint region: Deoptimize
[2022-02-04T14:44:28.033+0000][29.820s][info ][safepoint     ] Leaving safepoint region
[2022-02-04T14:44:28.033+0000][29.820s][info ][safepoint     ] Total time for which application threads were stopped: 0.0009172 seconds, Stopping threads took: 0.0000179 seconds
[2022-02-04T14:44:28.190+0000][29.978s][debug][safepoint     ] Safepoint synchronization initiated. (46 threads)
[2022-02-04T14:44:28.190+0000][29.978s][info ][safepoint     ] Application time: 0.1575840 seconds
[2022-02-04T14:44:28.190+0000][29.978s][debug][safepoint     ] Waiting for 1 thread(s) to block
[2022-02-04T14:44:28.190+0000][29.978s][info ][safepoint     ] Entering safepoint region: Deoptimize
[2022-02-04T14:44:28.191+0000][29.979s][info ][safepoint     ] Leaving safepoint region
[2022-02-04T14:44:28.191+0000][29.979s][info ][safepoint     ] Total time for which application threads were stopped: 0.0009521 seconds, Stopping threads took: 0.0000379 seconds
[2022-02-04T14:44:28.760+0000][30.548s][debug][safepoint     ] Safepoint synchronization initiated. (46 threads)
[2022-02-04T14:44:28.761+0000][30.548s][info ][safepoint     ] Application time: 0.5693284 seconds
[2022-02-04T14:44:28.761+0000][30.548s][debug][safepoint     ] Waiting for 1 thread(s) to block
[2022-02-04T14:44:28.761+0000][30.548s][info ][safepoint     ] Entering safepoint region: ICBufferFull
[2022-02-04T14:44:28.761+0000][30.548s][info ][safepoint     ] Leaving safepoint region
[2022-02-04T14:44:28.761+0000][30.548s][info ][safepoint     ] Total time for which application threads were stopped: 0.0002271 seconds, Stopping threads took: 0.0000472 seconds
[2022-02-04T14:44:29.117+0000][30.904s][debug][safepoint     ] Safepoint synchronization initiated. (46 threads)
[2022-02-04T14:44:29.117+0000][30.904s][info ][safepoint     ] Application time: 0.3560195 seconds
[2022-02-04T14:44:29.117+0000][30.905s][info ][safepoint     ] Entering safepoint region: ICBufferFull
[2022-02-04T14:44:29.117+0000][30.905s][info ][safepoint     ] Leaving safepoint region
[2022-02-04T14:44:29.117+0000][30.905s][info ][safepoint     ] Total time for which application threads were stopped: 0.0001862 seconds, Stopping threads took: 0.0000175 seconds
[2022-02-04T14:44:29.455+0000][31.243s][debug][safepoint     ] Safepoint synchronization initiated. (47 threads)
[2022-02-04T14:44:29.456+0000][31.243s][info ][safepoint     ] Application time: 0.3385396 seconds
[2022-02-04T14:44:29.456+0000][31.243s][debug][safepoint     ] Waiting for 1 thread(s) to block
[2022-02-04T14:44:29.456+0000][31.243s][info ][safepoint     ] Entering safepoint region: Deoptimize
[2022-02-04T14:44:29.456+0000][31.244s][info ][safepoint     ] Leaving safepoint region
[2022-02-04T14:44:29.456+0000][31.244s][info ][safepoint     ] Total time for which application threads were stopped: 0.0009464 seconds, Stopping threads took: 0.0000372 seconds
[2022-02-04T14:44:29.613+0000][31.401s][debug][safepoint     ] Safepoint synchronization initiated. (47 threads)
[2022-02-04T14:44:29.613+0000][31.401s][info ][safepoint     ] Application time: 0.1568187 seconds
[2022-02-04T14:44:29.613+0000][31.401s][info ][safepoint     ] Entering safepoint region: Deoptimize
[2022-02-04T14:44:29.614+0000][31.402s][info ][safepoint     ] Leaving safepoint region
[2022-02-04T14:44:29.614+0000][31.402s][info ][safepoint     ] Total time for which application threads were stopped: 0.0009317 seconds, Stopping threads took: 0.0000187 seconds
[2022-02-04T14:44:29.643+0000][31.430s][debug][safepoint     ] Safepoint synchronization initiated. (47 threads)
[2022-02-04T14:44:29.643+0000][31.430s][info ][safepoint     ] Application time: 0.0284953 seconds
[2022-02-04T14:44:29.643+0000][31.430s][info ][safepoint     ] Entering safepoint region: G1CollectForAllocation
[2022-02-04T14:44:29.643+0000][31.431s][info ][gc,start      ] GC(33) Pause Young (Normal) (G1 Evacuation Pause)
[2022-02-04T14:44:29.643+0000][31.431s][info ][gc,task       ] GC(33) Using 4 workers of 4 for evacuation
[2022-02-04T14:44:29.685+0000][31.472s][info ][gc,phases     ] GC(33)   Pre Evacuate Collection Set: 0.0ms
[2022-02-04T14:44:29.685+0000][31.472s][info ][gc,phases     ] GC(33)   Evacuate Collection Set: 39.0ms
[2022-02-04T14:44:29.685+0000][31.472s][info ][gc,phases     ] GC(33)   Post Evacuate Collection Set: 2.6ms
[2022-02-04T14:44:29.685+0000][31.472s][info ][gc,phases     ] GC(33)   Other: 0.2ms
[2022-02-04T14:44:29.685+0000][31.472s][info ][gc,heap       ] GC(33) Eden regions: 230->0(232)
[2022-02-04T14:44:29.685+0000][31.472s][info ][gc,heap       ] GC(33) Survivor regions: 23->21(32)
[2022-02-04T14:44:29.685+0000][31.472s][info ][gc,heap       ] GC(33) Old regions: 37->43
[2022-02-04T14:44:29.685+0000][31.472s][info ][gc,heap       ] GC(33) Humongous regions: 0->0
[2022-02-04T14:44:29.685+0000][31.472s][info ][gc,metaspace  ] GC(33) Metaspace: 90316K->90316K(1130496K)
[2022-02-04T14:44:29.685+0000][31.473s][info ][gc            ] GC(33) Pause Young (Normal) (G1 Evacuation Pause) 288M->62M(422M) 41.911ms
[2022-02-04T14:44:29.685+0000][31.473s][info ][gc,cpu        ] GC(33) User=0.12s Sys=0.00s Real=0.05s
[2022-02-04T14:44:29.685+0000][31.473s][info ][safepoint     ] Leaving safepoint region
[2022-02-04T14:44:29.685+0000][31.473s][info ][safepoint     ] Total time for which application threads were stopped: 0.0420724 seconds, Stopping threads took: 0.0000188 seconds
[2022-02-04T14:44:29.685+0000][31.473s][info ][gc,stringdedup] Concurrent String Deduplication (31.473s)
[2022-02-04T14:44:29.689+0000][31.477s][info ][gc,stringdedup] Concurrent String Deduplication 846.5K->247.9K(598.6K) avg 50.4% (31.473s, 31.477s) 3.982ms
[2022-02-04T14:44:30.685+0000][32.473s][debug][safepoint     ] Safepoint synchronization initiated. (46 threads)
[2022-02-04T14:44:30.685+0000][32.473s][info ][safepoint     ] Application time: 1.0001248 seconds
[2022-02-04T14:44:30.685+0000][32.473s][info ][safepoint     ] Entering safepoint region: Cleanup
[2022-02-04T14:44:30.685+0000][32.473s][info ][safepoint     ] Leaving safepoint region
[2022-02-04T14:44:30.685+0000][32.473s][info ][safepoint     ] Total time for which application threads were stopped: 0.0001501 seconds, Stopping threads took: 0.0000212 seconds
[2022-02-04T14:44:31.109+0000][32.896s][debug][safepoint     ] Safepoint synchronization initiated. (49 threads)
[2022-02-04T14:44:31.109+0000][32.896s][info ][safepoint     ] Application time: 0.4234856 seconds
[2022-02-04T14:44:31.109+0000][32.896s][info ][safepoint     ] Entering safepoint region: ThreadDump
[2022-02-04T14:44:31.109+0000][32.897s][info ][safepoint     ] Leaving safepoint region
[2022-02-04T14:44:31.109+0000][32.897s][info ][safepoint     ] Total time for which application threads were stopped: 0.0002003 seconds, Stopping threads took: 0.0000336 seconds
[2022-02-04T14:44:31.109+0000][32.897s][debug][safepoint     ] Safepoint synchronization initiated. (49 threads)
[2022-02-04T14:44:31.109+0000][32.897s][info ][safepoint     ] Application time: 0.0001532 seconds
[2022-02-04T14:44:31.109+0000][32.897s][info ][safepoint     ] Entering safepoint region: ThreadDump
[2022-02-04T14:44:31.109+0000][32.897s][info ][safepoint     ] Leaving safepoint region
[2022-02-04T14:44:31.109+0000][32.897s][info ][safepoint     ] Total time for which application threads were stopped: 0.0001083 seconds, Stopping threads took: 0.0000102 seconds
[2022-02-04T14:44:31.236+0000][33.024s][info ][gc,heap,exit  ] Heap
[2022-02-04T14:44:31.236+0000][33.024s][info ][gc,heap,exit  ]  garbage-first heap   total 432128K, used 162973K [0x0000000084600000, 0x0000000100000000)
[2022-02-04T14:44:31.236+0000][33.024s][info ][gc,heap,exit  ]   region size 1024K, 119 young (121856K), 21 survivors (21504K)
[2022-02-04T14:44:31.236+0000][33.024s][info ][gc,heap,exit  ]  Metaspace       used 92723K, capacity 95527K, committed 95820K, reserved 1132544K
[2022-02-04T14:44:31.236+0000][33.024s][info ][gc,heap,exit  ]   class space    used 11497K, capacity 12542K, committed 12620K, reserved 1048576K
[2022-02-04T14:44:31.240+0000][33.027s][debug][safepoint     ] Safepoint synchronization initiated. (20 threads)
[2022-02-04T14:44:31.240+0000][33.027s][info ][safepoint     ] Application time: 0.1304357 seconds
[2022-02-04T14:44:31.240+0000][33.027s][info ][safepoint     ] Entering safepoint region: Halt
