[2022-02-04T14:42:51.566+0000][0.003s][info][gc,heap] Heap region size: 1M
[2022-02-04T14:42:51.568+0000][0.006s][info][gc     ] Using G1
[2022-02-04T14:42:51.568+0000][0.006s][info][gc,heap,coops] Heap address: 0x0000000084600000, size: 1978 MB, Compressed Oops mode: 32-bit
[2022-02-04T14:42:51.569+0000][0.006s][info][gc,cds       ] Mark closed archive regions in map: [0x00000000ffc00000, 0x00000000ffc6aff8]
[2022-02-04T14:42:51.569+0000][0.006s][info][gc,cds       ] Mark open archive regions in map: [0x00000000ff800000, 0x00000000ff846ff8]
[2022-02-04T14:42:51.628+0000][0.065s][debug][safepoint    ] Safepoint synchronization initiated. (9 threads)
[2022-02-04T14:42:51.628+0000][0.065s][info ][safepoint    ] Application time: 0.0328162 seconds
[2022-02-04T14:42:51.628+0000][0.065s][info ][safepoint    ] Entering safepoint region: Deoptimize
[2022-02-04T14:42:51.628+0000][0.065s][info ][safepoint    ] Leaving safepoint region
[2022-02-04T14:42:51.628+0000][0.065s][info ][safepoint    ] Total time for which application threads were stopped: 0.0000795 seconds, Stopping threads took: 0.0000093 seconds
[2022-02-04T14:42:51.921+0000][0.358s][debug][safepoint    ] Safepoint synchronization initiated. (10 threads)
[2022-02-04T14:42:51.921+0000][0.358s][info ][safepoint    ] Application time: 0.2933376 seconds
[2022-02-04T14:42:51.921+0000][0.358s][debug][safepoint    ] Waiting for 1 thread(s) to block
[2022-02-04T14:42:51.921+0000][0.358s][info ][safepoint    ] Entering safepoint region: G1CollectForAllocation
[2022-02-04T14:42:51.921+0000][0.358s][info ][gc,start     ] GC(0) Pause Young (Normal) (G1 Evacuation Pause)
[2022-02-04T14:42:51.924+0000][0.361s][info ][gc,task      ] GC(0) Using 3 workers of 4 for evacuation
[2022-02-04T14:42:51.931+0000][0.369s][info ][gc,phases    ] GC(0)   Pre Evacuate Collection Set: 0.0ms
[2022-02-04T14:42:51.932+0000][0.369s][info ][gc,phases    ] GC(0)   Evacuate Collection Set: 6.9ms
[2022-02-04T14:42:51.932+0000][0.369s][info ][gc,phases    ] GC(0)   Post Evacuate Collection Set: 0.6ms
[2022-02-04T14:42:51.932+0000][0.369s][info ][gc,phases    ] GC(0)   Other: 2.8ms
[2022-02-04T14:42:51.932+0000][0.369s][info ][gc,heap      ] GC(0) Eden regions: 38->0(69)
[2022-02-04T14:42:51.932+0000][0.369s][info ][gc,heap      ] GC(0) Survivor regions: 0->5(5)
[2022-02-04T14:42:51.932+0000][0.369s][info ][gc,heap      ] GC(0) Old regions: 2->3
[2022-02-04T14:42:51.932+0000][0.369s][info ][gc,heap      ] GC(0) Humongous regions: 1->0
[2022-02-04T14:42:51.932+0000][0.369s][info ][gc,metaspace ] GC(0) Metaspace: 1623K->1623K(1056768K)
[2022-02-04T14:42:51.932+0000][0.369s][info ][gc           ] GC(0) Pause Young (Normal) (G1 Evacuation Pause) 39M->6M(126M) 10.416ms
[2022-02-04T14:42:51.932+0000][0.369s][info ][gc,cpu       ] GC(0) User=0.02s Sys=0.00s Real=0.01s
[2022-02-04T14:42:51.932+0000][0.369s][info ][safepoint    ] Leaving safepoint region
[2022-02-04T14:42:51.932+0000][0.369s][info ][safepoint    ] Total time for which application threads were stopped: 0.0105749 seconds, Stopping threads took: 0.0000276 seconds
[2022-02-04T14:42:51.932+0000][0.369s][info ][gc,stringdedup] Concurrent String Deduplication (0.369s)
[2022-02-04T14:42:51.932+0000][0.369s][info ][gc,stringdedup] Concurrent String Deduplication 97344.0B->92896.0B(4448.0B) avg 1.2% (0.369s, 0.369s) 0.327ms
[2022-02-04T14:42:52.244+0000][0.682s][debug][safepoint     ] Safepoint synchronization initiated. (10 threads)
[2022-02-04T14:42:52.244+0000][0.682s][info ][safepoint     ] Application time: 0.3127857 seconds
[2022-02-04T14:42:52.244+0000][0.682s][debug][safepoint     ] Waiting for 2 thread(s) to block
[2022-02-04T14:42:52.245+0000][0.682s][info ][safepoint     ] Entering safepoint region: G1CollectForAllocation
[2022-02-04T14:42:52.245+0000][0.682s][info ][gc,start      ] GC(1) Pause Young (Normal) (G1 Evacuation Pause)
[2022-02-04T14:42:52.245+0000][0.682s][info ][gc,task       ] GC(1) Using 3 workers of 4 for evacuation
[2022-02-04T14:42:52.256+0000][0.693s][info ][gc,phases     ] GC(1)   Pre Evacuate Collection Set: 0.0ms
[2022-02-04T14:42:52.256+0000][0.693s][info ][gc,phases     ] GC(1)   Evacuate Collection Set: 10.4ms
[2022-02-04T14:42:52.256+0000][0.693s][info ][gc,phases     ] GC(1)   Post Evacuate Collection Set: 0.7ms
[2022-02-04T14:42:52.256+0000][0.693s][info ][gc,phases     ] GC(1)   Other: 0.1ms
[2022-02-04T14:42:52.256+0000][0.693s][info ][gc,heap       ] GC(1) Eden regions: 69->0(67)
[2022-02-04T14:42:52.256+0000][0.693s][info ][gc,heap       ] GC(1) Survivor regions: 5->7(10)
[2022-02-04T14:42:52.256+0000][0.693s][info ][gc,heap       ] GC(1) Old regions: 3->3
[2022-02-04T14:42:52.256+0000][0.693s][info ][gc,heap       ] GC(1) Humongous regions: 0->0
[2022-02-04T14:42:52.256+0000][0.693s][info ][gc,metaspace  ] GC(1) Metaspace: 2243K->2243K(1056768K)
[2022-02-04T14:42:52.256+0000][0.693s][info ][gc            ] GC(1) Pause Young (Normal) (G1 Evacuation Pause) 75M->7M(126M) 11.305ms
[2022-02-04T14:42:52.256+0000][0.693s][info ][gc,cpu        ] GC(1) User=0.02s Sys=0.00s Real=0.01s
[2022-02-04T14:42:52.256+0000][0.693s][info ][safepoint     ] Leaving safepoint region
[2022-02-04T14:42:52.256+0000][0.693s][info ][safepoint     ] Total time for which application threads were stopped: 0.0116712 seconds, Stopping threads took: 0.0002063 seconds
[2022-02-04T14:42:52.469+0000][0.906s][debug][safepoint     ] Safepoint synchronization initiated. (10 threads)
[2022-02-04T14:42:52.469+0000][0.906s][info ][safepoint     ] Application time: 0.2124091 seconds
[2022-02-04T14:42:52.469+0000][0.906s][debug][safepoint     ] Waiting for 1 thread(s) to block
[2022-02-04T14:42:52.469+0000][0.906s][info ][safepoint     ] Entering safepoint region: Deoptimize
[2022-02-04T14:42:52.469+0000][0.906s][info ][safepoint     ] Leaving safepoint region
[2022-02-04T14:42:52.469+0000][0.906s][info ][safepoint     ] Total time for which application threads were stopped: 0.0001665 seconds, Stopping threads took: 0.0000285 seconds
[2022-02-04T14:42:52.483+0000][0.920s][debug][safepoint     ] Safepoint synchronization initiated. (10 threads)
[2022-02-04T14:42:52.483+0000][0.920s][info ][safepoint     ] Application time: 0.0143373 seconds
[2022-02-04T14:42:52.483+0000][0.920s][debug][safepoint     ] Waiting for 1 thread(s) to block
[2022-02-04T14:42:52.483+0000][0.920s][info ][safepoint     ] Entering safepoint region: Deoptimize
[2022-02-04T14:42:52.483+0000][0.921s][info ][safepoint     ] Leaving safepoint region
[2022-02-04T14:42:52.483+0000][0.921s][info ][safepoint     ] Total time for which application threads were stopped: 0.0002195 seconds, Stopping threads took: 0.0000769 seconds
[2022-02-04T14:42:52.626+0000][1.063s][debug][safepoint     ] Safepoint synchronization initiated. (10 threads)
[2022-02-04T14:42:52.626+0000][1.063s][info ][safepoint     ] Application time: 0.1429415 seconds
[2022-02-04T14:42:52.626+0000][1.063s][info ][safepoint     ] Entering safepoint region: Deoptimize
[2022-02-04T14:42:52.626+0000][1.064s][info ][safepoint     ] Leaving safepoint region
[2022-02-04T14:42:52.626+0000][1.064s][info ][safepoint     ] Total time for which application threads were stopped: 0.0001981 seconds, Stopping threads took: 0.0000089 seconds
[2022-02-04T14:42:52.644+0000][1.082s][debug][safepoint     ] Safepoint synchronization initiated. (10 threads)
[2022-02-04T14:42:52.644+0000][1.082s][info ][safepoint     ] Application time: 0.0178532 seconds
[2022-02-04T14:42:52.644+0000][1.082s][debug][safepoint     ] Waiting for 1 thread(s) to block
[2022-02-04T14:42:52.644+0000][1.082s][info ][safepoint     ] Entering safepoint region: Deoptimize
[2022-02-04T14:42:52.644+0000][1.082s][info ][safepoint     ] Leaving safepoint region
[2022-02-04T14:42:52.644+0000][1.082s][info ][safepoint     ] Total time for which application threads were stopped: 0.0001671 seconds, Stopping threads took: 0.0000275 seconds
[2022-02-04T14:42:52.996+0000][1.433s][debug][safepoint     ] Safepoint synchronization initiated. (11 threads)
[2022-02-04T14:42:52.996+0000][1.433s][info ][safepoint     ] Application time: 0.3510819 seconds
[2022-02-04T14:42:52.996+0000][1.433s][info ][safepoint     ] Entering safepoint region: G1CollectForAllocation
[2022-02-04T14:42:52.996+0000][1.433s][info ][gc,start      ] GC(2) Pause Young (Normal) (G1 Evacuation Pause)
[2022-02-04T14:42:52.996+0000][1.433s][info ][gc,task       ] GC(2) Using 3 workers of 4 for evacuation
[2022-02-04T14:42:53.010+0000][1.447s][info ][gc,phases     ] GC(2)   Pre Evacuate Collection Set: 0.0ms
[2022-02-04T14:42:53.010+0000][1.447s][info ][gc,phases     ] GC(2)   Evacuate Collection Set: 13.0ms
[2022-02-04T14:42:53.010+0000][1.447s][info ][gc,phases     ] GC(2)   Post Evacuate Collection Set: 0.9ms
[2022-02-04T14:42:53.010+0000][1.447s][info ][gc,phases     ] GC(2)   Other: 0.1ms
[2022-02-04T14:42:53.010+0000][1.447s][info ][gc,heap       ] GC(2) Eden regions: 67->0(71)
[2022-02-04T14:42:53.010+0000][1.447s][info ][gc,heap       ] GC(2) Survivor regions: 7->3(10)
[2022-02-04T14:42:53.010+0000][1.447s][info ][gc,heap       ] GC(2) Old regions: 3->8
[2022-02-04T14:42:53.010+0000][1.447s][info ][gc,heap       ] GC(2) Humongous regions: 0->0
[2022-02-04T14:42:53.010+0000][1.447s][info ][gc,metaspace  ] GC(2) Metaspace: 5059K->5059K(1056768K)
[2022-02-04T14:42:53.010+0000][1.447s][info ][gc            ] GC(2) Pause Young (Normal) (G1 Evacuation Pause) 74M->8M(126M) 14.152ms
[2022-02-04T14:42:53.010+0000][1.447s][info ][gc,cpu        ] GC(2) User=0.03s Sys=0.00s Real=0.01s
[2022-02-04T14:42:53.010+0000][1.447s][info ][safepoint     ] Leaving safepoint region
[2022-02-04T14:42:53.010+0000][1.447s][info ][safepoint     ] Total time for which application threads were stopped: 0.0142852 seconds, Stopping threads took: 0.0000243 seconds
[2022-02-04T14:42:53.010+0000][1.447s][info ][gc,stringdedup] Concurrent String Deduplication (1.447s)
[2022-02-04T14:42:53.014+0000][1.452s][info ][gc,stringdedup] Concurrent String Deduplication 1140.2K->1071.7K(70152.0B) avg 4.8% (1.447s, 1.452s) 4.439ms
[2022-02-04T14:42:53.720+0000][2.157s][debug][safepoint     ] Safepoint synchronization initiated. (11 threads)
[2022-02-04T14:42:53.720+0000][2.157s][info ][safepoint     ] Application time: 0.7100738 seconds
[2022-02-04T14:42:53.720+0000][2.157s][debug][safepoint     ] Waiting for 1 thread(s) to block
[2022-02-04T14:42:53.720+0000][2.157s][info ][safepoint     ] Entering safepoint region: G1CollectForAllocation
[2022-02-04T14:42:53.720+0000][2.157s][info ][gc,start      ] GC(3) Pause Young (Normal) (G1 Evacuation Pause)
[2022-02-04T14:42:53.720+0000][2.157s][info ][gc,task       ] GC(3) Using 3 workers of 4 for evacuation
[2022-02-04T14:42:53.728+0000][2.165s][info ][gc,phases     ] GC(3)   Pre Evacuate Collection Set: 0.0ms
[2022-02-04T14:42:53.728+0000][2.165s][info ][gc,phases     ] GC(3)   Evacuate Collection Set: 6.7ms
[2022-02-04T14:42:53.728+0000][2.165s][info ][gc,phases     ] GC(3)   Post Evacuate Collection Set: 1.1ms
[2022-02-04T14:42:53.728+0000][2.165s][info ][gc,phases     ] GC(3)   Other: 0.1ms
[2022-02-04T14:42:53.728+0000][2.165s][info ][gc,heap       ] GC(3) Eden regions: 71->0(71)
[2022-02-04T14:42:53.728+0000][2.165s][info ][gc,heap       ] GC(3) Survivor regions: 3->3(10)
[2022-02-04T14:42:53.728+0000][2.165s][info ][gc,heap       ] GC(3) Old regions: 8->8
[2022-02-04T14:42:53.728+0000][2.165s][info ][gc,heap       ] GC(3) Humongous regions: 0->0
[2022-02-04T14:42:53.728+0000][2.165s][info ][gc,metaspace  ] GC(3) Metaspace: 7269K->7269K(1056768K)
[2022-02-04T14:42:53.728+0000][2.165s][info ][gc            ] GC(3) Pause Young (Normal) (G1 Evacuation Pause) 79M->9M(126M) 8.005ms
[2022-02-04T14:42:53.728+0000][2.165s][info ][gc,cpu        ] GC(3) User=0.02s Sys=0.00s Real=0.01s
[2022-02-04T14:42:53.728+0000][2.165s][info ][safepoint     ] Leaving safepoint region
[2022-02-04T14:42:53.728+0000][2.165s][info ][safepoint     ] Total time for which application threads were stopped: 0.0081758 seconds, Stopping threads took: 0.0000278 seconds
[2022-02-04T14:42:53.728+0000][2.165s][info ][gc,stringdedup] Concurrent String Deduplication (2.165s)
[2022-02-04T14:42:53.730+0000][2.168s][info ][gc,stringdedup] Concurrent String Deduplication 541.7K->472.8K(70592.0B) avg 6.9% (2.165s, 2.168s) 2.162ms
[2022-02-04T14:42:54.053+0000][2.491s][debug][safepoint     ] Safepoint synchronization initiated. (11 threads)
[2022-02-04T14:42:54.054+0000][2.491s][info ][safepoint     ] Application time: 0.3253641 seconds
[2022-02-04T14:42:54.054+0000][2.491s][info ][safepoint     ] Entering safepoint region: G1CollectForAllocation
[2022-02-04T14:42:54.054+0000][2.491s][info ][gc,start      ] GC(4) Pause Young (Normal) (G1 Evacuation Pause)
[2022-02-04T14:42:54.054+0000][2.491s][info ][gc,task       ] GC(4) Using 3 workers of 4 for evacuation
[2022-02-04T14:42:54.061+0000][2.498s][info ][gc,phases     ] GC(4)   Pre Evacuate Collection Set: 0.0ms
[2022-02-04T14:42:54.061+0000][2.498s][info ][gc,phases     ] GC(4)   Evacuate Collection Set: 5.3ms
[2022-02-04T14:42:54.061+0000][2.498s][info ][gc,phases     ] GC(4)   Post Evacuate Collection Set: 1.4ms
[2022-02-04T14:42:54.061+0000][2.498s][info ][gc,phases     ] GC(4)   Other: 0.1ms
[2022-02-04T14:42:54.061+0000][2.498s][info ][gc,heap       ] GC(4) Eden regions: 71->0(98)
[2022-02-04T14:42:54.061+0000][2.498s][info ][gc,heap       ] GC(4) Survivor regions: 3->4(10)
[2022-02-04T14:42:54.061+0000][2.498s][info ][gc,heap       ] GC(4) Old regions: 8->8
[2022-02-04T14:42:54.061+0000][2.498s][info ][gc,heap       ] GC(4) Humongous regions: 0->0
[2022-02-04T14:42:54.061+0000][2.498s][info ][gc,metaspace  ] GC(4) Metaspace: 9864K->9864K(1058816K)
[2022-02-04T14:42:54.061+0000][2.498s][info ][gc            ] GC(4) Pause Young (Normal) (G1 Evacuation Pause) 80M->9M(170M) 6.979ms
[2022-02-04T14:42:54.061+0000][2.498s][info ][gc,cpu        ] GC(4) User=0.02s Sys=0.00s Real=0.01s
[2022-02-04T14:42:54.061+0000][2.498s][info ][safepoint     ] Leaving safepoint region
[2022-02-04T14:42:54.061+0000][2.498s][info ][safepoint     ] Total time for which application threads were stopped: 0.0071524 seconds, Stopping threads took: 0.0000108 seconds
[2022-02-04T14:42:54.061+0000][2.498s][info ][gc,stringdedup] Concurrent String Deduplication (2.498s)
[2022-02-04T14:42:54.061+0000][2.498s][info ][gc,stringdedup] Concurrent String Deduplication 50600.0B->19920.0B(30680.0B) avg 8.2% (2.498s, 2.498s) 0.292ms
[2022-02-04T14:42:54.410+0000][2.847s][debug][safepoint     ] Safepoint synchronization initiated. (11 threads)
[2022-02-04T14:42:54.410+0000][2.847s][info ][safepoint     ] Application time: 0.3491883 seconds
[2022-02-04T14:42:54.410+0000][2.847s][info ][safepoint     ] Entering safepoint region: ICBufferFull
[2022-02-04T14:42:54.410+0000][2.847s][info ][safepoint     ] Leaving safepoint region
[2022-02-04T14:42:54.410+0000][2.847s][info ][safepoint     ] Total time for which application threads were stopped: 0.0001852 seconds, Stopping threads took: 0.0000091 seconds
[2022-02-04T14:42:54.562+0000][2.999s][debug][safepoint     ] Safepoint synchronization initiated. (12 threads)
[2022-02-04T14:42:54.562+0000][2.999s][info ][safepoint     ] Application time: 0.1518265 seconds
[2022-02-04T14:42:54.562+0000][2.999s][debug][safepoint     ] Waiting for 2 thread(s) to block
[2022-02-04T14:42:54.562+0000][2.999s][info ][safepoint     ] Entering safepoint region: G1CollectForAllocation
[2022-02-04T14:42:54.562+0000][2.999s][info ][gc,start      ] GC(5) Pause Young (Normal) (G1 Evacuation Pause)
[2022-02-04T14:42:54.562+0000][2.999s][info ][gc,task       ] GC(5) Using 4 workers of 4 for evacuation
[2022-02-04T14:42:54.571+0000][3.008s][info ][gc,phases     ] GC(5)   Pre Evacuate Collection Set: 0.0ms
[2022-02-04T14:42:54.571+0000][3.008s][info ][gc,phases     ] GC(5)   Evacuate Collection Set: 7.6ms
[2022-02-04T14:42:54.571+0000][3.008s][info ][gc,phases     ] GC(5)   Post Evacuate Collection Set: 1.1ms
[2022-02-04T14:42:54.571+0000][3.008s][info ][gc,phases     ] GC(5)   Other: 0.3ms
[2022-02-04T14:42:54.571+0000][3.008s][info ][gc,heap       ] GC(5) Eden regions: 98->0(97)
[2022-02-04T14:42:54.571+0000][3.008s][info ][gc,heap       ] GC(5) Survivor regions: 4->5(13)
[2022-02-04T14:42:54.571+0000][3.008s][info ][gc,heap       ] GC(5) Old regions: 8->8
[2022-02-04T14:42:54.571+0000][3.008s][info ][gc,heap       ] GC(5) Humongous regions: 0->0
[2022-02-04T14:42:54.571+0000][3.008s][info ][gc,metaspace  ] GC(5) Metaspace: 12819K->12819K(1060864K)
[2022-02-04T14:42:54.571+0000][3.008s][info ][gc            ] GC(5) Pause Young (Normal) (G1 Evacuation Pause) 107M->10M(170M) 9.125ms
[2022-02-04T14:42:54.571+0000][3.008s][info ][gc,cpu        ] GC(5) User=0.02s Sys=0.00s Real=0.01s
[2022-02-04T14:42:54.571+0000][3.008s][info ][safepoint     ] Leaving safepoint region
[2022-02-04T14:42:54.571+0000][3.008s][info ][safepoint     ] Total time for which application threads were stopped: 0.0093028 seconds, Stopping threads took: 0.0000317 seconds
[2022-02-04T14:42:54.571+0000][3.008s][info ][gc,stringdedup] Concurrent String Deduplication (3.008s)
[2022-02-04T14:42:54.572+0000][3.010s][info ][gc,stringdedup] Concurrent String Deduplication 138.0K->57344.0B(83936.0B) avg 11.4% (3.008s, 3.010s) 1.044ms
[2022-02-04T14:42:54.771+0000][3.209s][debug][safepoint     ] Safepoint synchronization initiated. (12 threads)
[2022-02-04T14:42:54.771+0000][3.209s][info ][safepoint     ] Application time: 0.2001951 seconds
[2022-02-04T14:42:54.771+0000][3.209s][debug][safepoint     ] ... found polling page return exception at pc = 0x00007f98a50d123d, stub =0x00007f98a48beb80
[2022-02-04T14:42:54.771+0000][3.209s][debug][safepoint     ] Waiting for 2 thread(s) to block
[2022-02-04T14:42:54.771+0000][3.209s][info ][safepoint     ] Entering safepoint region: G1CollectForAllocation
[2022-02-04T14:42:54.772+0000][3.209s][info ][gc,start      ] GC(6) Pause Young (Normal) (G1 Evacuation Pause)
[2022-02-04T14:42:54.772+0000][3.209s][info ][gc,task       ] GC(6) Using 4 workers of 4 for evacuation
[2022-02-04T14:42:54.778+0000][3.215s][info ][gc,phases     ] GC(6)   Pre Evacuate Collection Set: 0.0ms
[2022-02-04T14:42:54.778+0000][3.215s][info ][gc,phases     ] GC(6)   Evacuate Collection Set: 5.4ms
[2022-02-04T14:42:54.778+0000][3.215s][info ][gc,phases     ] GC(6)   Post Evacuate Collection Set: 1.0ms
[2022-02-04T14:42:54.778+0000][3.215s][info ][gc,phases     ] GC(6)   Other: 0.1ms
[2022-02-04T14:42:54.778+0000][3.215s][info ][gc,heap       ] GC(6) Eden regions: 97->0(96)
[2022-02-04T14:42:54.778+0000][3.215s][info ][gc,heap       ] GC(6) Survivor regions: 5->6(13)
[2022-02-04T14:42:54.778+0000][3.215s][info ][gc,heap       ] GC(6) Old regions: 8->8
[2022-02-04T14:42:54.778+0000][3.215s][info ][gc,heap       ] GC(6) Humongous regions: 0->0
[2022-02-04T14:42:54.778+0000][3.215s][info ][gc,metaspace  ] GC(6) Metaspace: 15096K->15096K(1062912K)
[2022-02-04T14:42:54.778+0000][3.215s][info ][gc            ] GC(6) Pause Young (Normal) (G1 Evacuation Pause) 107M->11M(170M) 6.556ms
[2022-02-04T14:42:54.778+0000][3.215s][info ][gc,cpu        ] GC(6) User=0.02s Sys=0.00s Real=0.01s
[2022-02-04T14:42:54.778+0000][3.215s][info ][safepoint     ] Leaving safepoint region
[2022-02-04T14:42:54.778+0000][3.215s][info ][safepoint     ] Total time for which application threads were stopped: 0.0067908 seconds, Stopping threads took: 0.0000743 seconds
[2022-02-04T14:42:54.778+0000][3.215s][info ][gc,stringdedup] Concurrent String Deduplication (3.215s)
[2022-02-04T14:42:54.779+0000][3.216s][info ][gc,stringdedup] Concurrent String Deduplication 79088.0B->24856.0B(54232.0B) avg 13.3% (3.215s, 3.216s) 0.329ms
[2022-02-04T14:42:54.849+0000][3.286s][debug][safepoint     ] Safepoint synchronization initiated. (12 threads)
[2022-02-04T14:42:54.849+0000][3.286s][info ][safepoint     ] Application time: 0.0703453 seconds
[2022-02-04T14:42:54.849+0000][3.286s][info ][safepoint     ] Entering safepoint region: Deoptimize
[2022-02-04T14:42:54.849+0000][3.286s][info ][safepoint     ] Leaving safepoint region
[2022-02-04T14:42:54.849+0000][3.286s][info ][safepoint     ] Total time for which application threads were stopped: 0.0002459 seconds, Stopping threads took: 0.0000113 seconds
[2022-02-04T14:42:54.928+0000][3.365s][debug][safepoint     ] Safepoint synchronization initiated. (12 threads)
[2022-02-04T14:42:54.928+0000][3.365s][info ][safepoint     ] Application time: 0.0790152 seconds
[2022-02-04T14:42:54.928+0000][3.365s][debug][safepoint     ] ... found polling page loop exception at pc = 0x00007f98a529d2ba, stub =0x00007f98a48be900
[2022-02-04T14:42:54.928+0000][3.365s][debug][safepoint     ] Waiting for 2 thread(s) to block
[2022-02-04T14:42:54.928+0000][3.365s][info ][safepoint     ] Entering safepoint region: Deoptimize
[2022-02-04T14:42:54.928+0000][3.365s][info ][safepoint     ] Leaving safepoint region
[2022-02-04T14:42:54.928+0000][3.365s][info ][safepoint     ] Total time for which application threads were stopped: 0.0003400 seconds, Stopping threads took: 0.0000754 seconds
[2022-02-04T14:42:55.132+0000][3.569s][debug][safepoint     ] Safepoint synchronization initiated. (12 threads)
[2022-02-04T14:42:55.132+0000][3.569s][info ][safepoint     ] Application time: 0.2038766 seconds
[2022-02-04T14:42:55.132+0000][3.569s][info ][safepoint     ] Entering safepoint region: G1CollectForAllocation
[2022-02-04T14:42:55.132+0000][3.569s][info ][gc,start      ] GC(7) Pause Young (Normal) (G1 Evacuation Pause)
[2022-02-04T14:42:55.132+0000][3.569s][info ][gc,task       ] GC(7) Using 4 workers of 4 for evacuation
[2022-02-04T14:42:55.144+0000][3.581s][info ][gc,phases     ] GC(7)   Pre Evacuate Collection Set: 0.0ms
[2022-02-04T14:42:55.144+0000][3.581s][info ][gc,phases     ] GC(7)   Evacuate Collection Set: 9.6ms
[2022-02-04T14:42:55.144+0000][3.581s][info ][gc,phases     ] GC(7)   Post Evacuate Collection Set: 2.1ms
[2022-02-04T14:42:55.144+0000][3.581s][info ][gc,phases     ] GC(7)   Other: 0.1ms
[2022-02-04T14:42:55.144+0000][3.581s][info ][gc,heap       ] GC(7) Eden regions: 96->0(94)
[2022-02-04T14:42:55.144+0000][3.581s][info ][gc,heap       ] GC(7) Survivor regions: 6->8(13)
[2022-02-04T14:42:55.144+0000][3.581s][info ][gc,heap       ] GC(7) Old regions: 8->8
[2022-02-04T14:42:55.144+0000][3.581s][info ][gc,heap       ] GC(7) Humongous regions: 0->0
[2022-02-04T14:42:55.144+0000][3.581s][info ][gc,metaspace  ] GC(7) Metaspace: 17945K->17945K(1064960K)
[2022-02-04T14:42:55.144+0000][3.581s][info ][gc            ] GC(7) Pause Young (Normal) (G1 Evacuation Pause) 107M->13M(170M) 12.014ms
[2022-02-04T14:42:55.144+0000][3.581s][info ][gc,cpu        ] GC(7) User=0.02s Sys=0.00s Real=0.02s
[2022-02-04T14:42:55.144+0000][3.581s][info ][safepoint     ] Leaving safepoint region
[2022-02-04T14:42:55.144+0000][3.581s][info ][safepoint     ] Total time for which application threads were stopped: 0.0121706 seconds, Stopping threads took: 0.0000491 seconds
[2022-02-04T14:42:55.144+0000][3.582s][info ][gc,stringdedup] Concurrent String Deduplication (3.582s)
[2022-02-04T14:42:55.145+0000][3.582s][info ][gc,stringdedup] Concurrent String Deduplication 128.1K->88856.0B(42352.0B) avg 14.3% (3.582s, 3.582s) 0.784ms
[2022-02-04T14:42:55.444+0000][3.881s][debug][safepoint     ] Safepoint synchronization initiated. (12 threads)
[2022-02-04T14:42:55.444+0000][3.881s][info ][safepoint     ] Application time: 0.2993098 seconds
[2022-02-04T14:42:55.444+0000][3.881s][info ][safepoint     ] Entering safepoint region: CollectForMetadataAllocation
[2022-02-04T14:42:55.444+0000][3.881s][info ][gc,start      ] GC(8) Pause Young (Concurrent Start) (Metadata GC Threshold)
[2022-02-04T14:42:55.444+0000][3.881s][info ][gc,task       ] GC(8) Using 4 workers of 4 for evacuation
[2022-02-04T14:42:55.454+0000][3.892s][info ][gc,phases     ] GC(8)   Pre Evacuate Collection Set: 0.0ms
[2022-02-04T14:42:55.454+0000][3.892s][info ][gc,phases     ] GC(8)   Evacuate Collection Set: 8.8ms
[2022-02-04T14:42:55.454+0000][3.892s][info ][gc,phases     ] GC(8)   Post Evacuate Collection Set: 1.7ms
[2022-02-04T14:42:55.455+0000][3.892s][info ][gc,phases     ] GC(8)   Other: 0.2ms
[2022-02-04T14:42:55.455+0000][3.892s][info ][gc,heap       ] GC(8) Eden regions: 46->0(115)
[2022-02-04T14:42:55.455+0000][3.892s][info ][gc,heap       ] GC(8) Survivor regions: 8->7(13)
[2022-02-04T14:42:55.455+0000][3.892s][info ][gc,heap       ] GC(8) Old regions: 8->9
[2022-02-04T14:42:55.455+0000][3.892s][info ][gc,heap       ] GC(8) Humongous regions: 0->0
[2022-02-04T14:42:55.455+0000][3.892s][info ][gc,metaspace  ] GC(8) Metaspace: 20522K->20522K(1067008K)
[2022-02-04T14:42:55.455+0000][3.892s][info ][gc            ] GC(8) Pause Young (Concurrent Start) (Metadata GC Threshold) 59M->13M(204M) 10.821ms
[2022-02-04T14:42:55.455+0000][3.892s][info ][gc,cpu        ] GC(8) User=0.02s Sys=0.00s Real=0.00s
[2022-02-04T14:42:55.455+0000][3.892s][info ][gc            ] GC(9) Concurrent Cycle
[2022-02-04T14:42:55.455+0000][3.892s][info ][safepoint     ] Leaving safepoint region
[2022-02-04T14:42:55.455+0000][3.892s][info ][safepoint     ] Total time for which application threads were stopped: 0.0111199 seconds, Stopping threads took: 0.0000091 seconds
[2022-02-04T14:42:55.455+0000][3.892s][info ][gc,marking    ] GC(9) Concurrent Clear Claimed Marks
[2022-02-04T14:42:55.455+0000][3.892s][info ][gc,marking    ] GC(9) Concurrent Clear Claimed Marks 0.073ms
[2022-02-04T14:42:55.455+0000][3.892s][debug][safepoint     ] Safepoint synchronization initiated. (12 threads)
[2022-02-04T14:42:55.455+0000][3.892s][info ][safepoint     ] Application time: 0.0000717 seconds
[2022-02-04T14:42:55.455+0000][3.892s][info ][gc,marking    ] GC(9) Concurrent Scan Root Regions
[2022-02-04T14:42:55.455+0000][3.892s][debug][safepoint     ] Waiting for 3 thread(s) to block
[2022-02-04T14:42:55.455+0000][3.892s][info ][safepoint     ] Entering safepoint region: CollectForMetadataAllocation
[2022-02-04T14:42:55.455+0000][3.892s][info ][safepoint     ] Leaving safepoint region
[2022-02-04T14:42:55.455+0000][3.892s][info ][safepoint     ] Total time for which application threads were stopped: 0.0003385 seconds, Stopping threads took: 0.0002648 seconds
[2022-02-04T14:42:55.456+0000][3.894s][info ][gc,stringdedup] Concurrent String Deduplication (3.894s)
[2022-02-04T14:42:55.457+0000][3.894s][info ][gc,stringdedup] Concurrent String Deduplication 104.9K->11040.0B(96360.0B) avg 17.4% (3.894s, 3.894s) 0.746ms
[2022-02-04T14:42:55.459+0000][3.897s][info ][gc,marking    ] GC(9) Concurrent Scan Root Regions 4.569ms
[2022-02-04T14:42:55.459+0000][3.897s][info ][gc,marking    ] GC(9) Concurrent Mark (3.897s)
[2022-02-04T14:42:55.459+0000][3.897s][info ][gc,marking    ] GC(9) Concurrent Mark From Roots
[2022-02-04T14:42:55.459+0000][3.897s][info ][gc,task       ] GC(9) Using 1 workers of 1 for marking
[2022-02-04T14:42:55.469+0000][3.906s][info ][gc,marking    ] GC(9) Concurrent Mark From Roots 9.707ms
[2022-02-04T14:42:55.469+0000][3.906s][info ][gc,marking    ] GC(9) Concurrent Preclean
[2022-02-04T14:42:55.469+0000][3.906s][info ][gc,marking    ] GC(9) Concurrent Preclean 0.055ms
[2022-02-04T14:42:55.469+0000][3.906s][info ][gc,marking    ] GC(9) Concurrent Mark (3.897s, 3.906s) 9.817ms
[2022-02-04T14:42:55.469+0000][3.906s][debug][safepoint     ] Safepoint synchronization initiated. (12 threads)
[2022-02-04T14:42:55.469+0000][3.906s][info ][safepoint     ] Application time: 0.0140975 seconds
[2022-02-04T14:42:55.469+0000][3.906s][debug][safepoint     ] Waiting for 1 thread(s) to block
[2022-02-04T14:42:55.469+0000][3.907s][info ][safepoint     ] Entering safepoint region: CGC_Operation
[2022-02-04T14:42:55.469+0000][3.907s][info ][gc,start      ] GC(9) Pause Remark
[2022-02-04T14:42:55.473+0000][3.910s][info ][gc,stringtable] GC(9) Cleaned string and symbol table, strings: 8111 processed, 8 removed, symbols: 56235 processed, 100 removed
[2022-02-04T14:42:55.473+0000][3.910s][info ][gc            ] GC(9) Pause Remark 15M->15M(204M) 3.444ms
[2022-02-04T14:42:55.473+0000][3.910s][info ][gc,cpu        ] GC(9) User=0.01s Sys=0.00s Real=0.00s
[2022-02-04T14:42:55.473+0000][3.910s][info ][safepoint     ] Leaving safepoint region
[2022-02-04T14:42:55.473+0000][3.910s][info ][safepoint     ] Total time for which application threads were stopped: 0.0035774 seconds, Stopping threads took: 0.0000276 seconds
[2022-02-04T14:42:55.473+0000][3.910s][info ][gc,marking    ] GC(9) Concurrent Rebuild Remembered Sets
[2022-02-04T14:42:55.485+0000][3.923s][info ][gc,marking    ] GC(9) Concurrent Rebuild Remembered Sets 12.500ms
[2022-02-04T14:42:55.485+0000][3.923s][debug][safepoint     ] Safepoint synchronization initiated. (12 threads)
[2022-02-04T14:42:55.485+0000][3.923s][info ][safepoint     ] Application time: 0.0126197 seconds
[2022-02-04T14:42:55.485+0000][3.923s][debug][safepoint     ] Waiting for 1 thread(s) to block
[2022-02-04T14:42:55.486+0000][3.923s][info ][safepoint     ] Entering safepoint region: CGC_Operation
[2022-02-04T14:42:55.486+0000][3.923s][info ][gc,start      ] GC(9) Pause Cleanup
[2022-02-04T14:42:55.486+0000][3.923s][info ][gc            ] GC(9) Pause Cleanup 17M->17M(204M) 0.119ms
[2022-02-04T14:42:55.486+0000][3.923s][info ][gc,cpu        ] GC(9) User=0.00s Sys=0.00s Real=0.00s
[2022-02-04T14:42:55.486+0000][3.923s][info ][safepoint     ] Leaving safepoint region
[2022-02-04T14:42:55.486+0000][3.923s][info ][safepoint     ] Total time for which application threads were stopped: 0.0006609 seconds, Stopping threads took: 0.0004608 seconds
[2022-02-04T14:42:55.486+0000][3.923s][info ][gc,marking    ] GC(9) Concurrent Cleanup for Next Mark
[2022-02-04T14:42:55.488+0000][3.925s][info ][gc,marking    ] GC(9) Concurrent Cleanup for Next Mark 1.415ms
[2022-02-04T14:42:55.488+0000][3.925s][info ][gc            ] GC(9) Concurrent Cycle 32.949ms
[2022-02-04T14:42:55.693+0000][4.131s][debug][safepoint     ] Safepoint synchronization initiated. (12 threads)
[2022-02-04T14:42:55.693+0000][4.131s][info ][safepoint     ] Application time: 0.2073573 seconds
[2022-02-04T14:42:55.693+0000][4.131s][debug][safepoint     ] Waiting for 1 thread(s) to block
[2022-02-04T14:42:55.694+0000][4.131s][info ][safepoint     ] Entering safepoint region: Deoptimize
[2022-02-04T14:42:55.694+0000][4.131s][info ][safepoint     ] Leaving safepoint region
[2022-02-04T14:42:55.694+0000][4.131s][info ][safepoint     ] Total time for which application threads were stopped: 0.0004297 seconds, Stopping threads took: 0.0000743 seconds
[2022-02-04T14:42:55.882+0000][4.319s][debug][safepoint     ] Safepoint synchronization initiated. (11 threads)
[2022-02-04T14:42:55.882+0000][4.319s][info ][safepoint     ] Application time: 0.1880524 seconds
[2022-02-04T14:42:55.882+0000][4.319s][debug][safepoint     ] Waiting for 2 thread(s) to block
[2022-02-04T14:42:55.882+0000][4.319s][info ][safepoint     ] Entering safepoint region: G1CollectForAllocation
[2022-02-04T14:42:55.882+0000][4.319s][info ][gc,start      ] GC(10) Pause Young (Normal) (G1 Evacuation Pause)
[2022-02-04T14:42:55.882+0000][4.319s][info ][gc,task       ] GC(10) Using 4 workers of 4 for evacuation
[2022-02-04T14:42:55.895+0000][4.333s][info ][gc,phases     ] GC(10)   Pre Evacuate Collection Set: 0.0ms
[2022-02-04T14:42:55.895+0000][4.333s][info ][gc,phases     ] GC(10)   Evacuate Collection Set: 11.7ms
[2022-02-04T14:42:55.895+0000][4.333s][info ][gc,phases     ] GC(10)   Post Evacuate Collection Set: 1.4ms
[2022-02-04T14:42:55.895+0000][4.333s][info ][gc,phases     ] GC(10)   Other: 0.1ms
[2022-02-04T14:42:55.895+0000][4.333s][info ][gc,heap       ] GC(10) Eden regions: 115->0(113)
[2022-02-04T14:42:55.895+0000][4.333s][info ][gc,heap       ] GC(10) Survivor regions: 7->9(16)
[2022-02-04T14:42:55.895+0000][4.333s][info ][gc,heap       ] GC(10) Old regions: 9->9
[2022-02-04T14:42:55.895+0000][4.333s][info ][gc,heap       ] GC(10) Humongous regions: 0->0
[2022-02-04T14:42:55.896+0000][4.333s][info ][gc,metaspace  ] GC(10) Metaspace: 22766K->22766K(1069056K)
[2022-02-04T14:42:55.896+0000][4.333s][info ][gc            ] GC(10) Pause Young (Normal) (G1 Evacuation Pause) 128M->15M(204M) 13.404ms
[2022-02-04T14:42:55.896+0000][4.333s][info ][gc,cpu        ] GC(10) User=0.03s Sys=0.00s Real=0.02s
[2022-02-04T14:42:55.896+0000][4.333s][info ][safepoint     ] Leaving safepoint region
[2022-02-04T14:42:55.896+0000][4.333s][info ][safepoint     ] Total time for which application threads were stopped: 0.0136004 seconds, Stopping threads took: 0.0000318 seconds
[2022-02-04T14:42:55.896+0000][4.333s][info ][gc,stringdedup] Concurrent String Deduplication (4.333s)
[2022-02-04T14:42:55.897+0000][4.335s][info ][gc,stringdedup] Concurrent String Deduplication 540.2K->498.9K(42304.0B) avg 15.7% (4.333s, 4.335s) 1.803ms
[2022-02-04T14:42:56.531+0000][4.969s][debug][safepoint     ] Safepoint synchronization initiated. (11 threads)
[2022-02-04T14:42:56.531+0000][4.969s][info ][safepoint     ] Application time: 0.6358499 seconds
[2022-02-04T14:42:56.531+0000][4.969s][debug][safepoint     ] Waiting for 1 thread(s) to block
[2022-02-04T14:42:56.531+0000][4.969s][info ][safepoint     ] Entering safepoint region: G1CollectForAllocation
[2022-02-04T14:42:56.532+0000][4.969s][info ][gc,start      ] GC(11) Pause Young (Normal) (G1 Evacuation Pause)
[2022-02-04T14:42:56.532+0000][4.969s][info ][gc,task       ] GC(11) Using 4 workers of 4 for evacuation
[2022-02-04T14:42:56.550+0000][4.987s][info ][gc,phases     ] GC(11)   Pre Evacuate Collection Set: 0.0ms
[2022-02-04T14:42:56.550+0000][4.987s][info ][gc,phases     ] GC(11)   Evacuate Collection Set: 16.3ms
[2022-02-04T14:42:56.550+0000][4.987s][info ][gc,phases     ] GC(11)   Post Evacuate Collection Set: 1.6ms
[2022-02-04T14:42:56.550+0000][4.987s][info ][gc,phases     ] GC(11)   Other: 0.1ms
[2022-02-04T14:42:56.550+0000][4.987s][info ][gc,heap       ] GC(11) Eden regions: 113->0(111)
[2022-02-04T14:42:56.550+0000][4.987s][info ][gc,heap       ] GC(11) Survivor regions: 9->11(16)
[2022-02-04T14:42:56.550+0000][4.987s][info ][gc,heap       ] GC(11) Old regions: 9->9
[2022-02-04T14:42:56.550+0000][4.987s][info ][gc,heap       ] GC(11) Humongous regions: 0->0
[2022-02-04T14:42:56.550+0000][4.987s][info ][gc,metaspace  ] GC(11) Metaspace: 23411K->23411K(1071104K)
[2022-02-04T14:42:56.550+0000][4.987s][info ][gc            ] GC(11) Pause Young (Normal) (G1 Evacuation Pause) 128M->18M(204M) 18.118ms
[2022-02-04T14:42:56.550+0000][4.987s][info ][gc,cpu        ] GC(11) User=0.05s Sys=0.00s Real=0.02s
[2022-02-04T14:42:56.550+0000][4.987s][info ][safepoint     ] Leaving safepoint region
[2022-02-04T14:42:56.550+0000][4.987s][info ][safepoint     ] Total time for which application threads were stopped: 0.0183106 seconds, Stopping threads took: 0.0000277 seconds
[2022-02-04T14:42:56.550+0000][4.987s][info ][gc,stringdedup] Concurrent String Deduplication (4.987s)
[2022-02-04T14:42:56.550+0000][4.988s][info ][gc,stringdedup] Concurrent String Deduplication 87368.0B->49040.0B(38328.0B) avg 16.4% (4.987s, 4.988s) 0.551ms
[2022-02-04T14:42:57.104+0000][5.541s][debug][safepoint     ] Safepoint synchronization initiated. (11 threads)
[2022-02-04T14:42:57.104+0000][5.541s][info ][safepoint     ] Application time: 0.5540844 seconds
[2022-02-04T14:42:57.104+0000][5.541s][debug][safepoint     ] Waiting for 1 thread(s) to block
[2022-02-04T14:42:57.104+0000][5.541s][info ][safepoint     ] Entering safepoint region: G1CollectForAllocation
[2022-02-04T14:42:57.105+0000][5.542s][info ][gc,start      ] GC(12) Pause Young (Normal) (G1 Evacuation Pause)
[2022-02-04T14:42:57.105+0000][5.542s][info ][gc,task       ] GC(12) Using 4 workers of 4 for evacuation
[2022-02-04T14:42:57.122+0000][5.560s][info ][gc,phases     ] GC(12)   Pre Evacuate Collection Set: 0.0ms
[2022-02-04T14:42:57.122+0000][5.560s][info ][gc,phases     ] GC(12)   Evacuate Collection Set: 15.2ms
[2022-02-04T14:42:57.122+0000][5.560s][info ][gc,phases     ] GC(12)   Post Evacuate Collection Set: 2.5ms
[2022-02-04T14:42:57.122+0000][5.560s][info ][gc,phases     ] GC(12)   Other: 0.1ms
[2022-02-04T14:42:57.122+0000][5.560s][info ][gc,heap       ] GC(12) Eden regions: 111->0(112)
[2022-02-04T14:42:57.122+0000][5.560s][info ][gc,heap       ] GC(12) Survivor regions: 11->10(16)
[2022-02-04T14:42:57.122+0000][5.560s][info ][gc,heap       ] GC(12) Old regions: 9->12
[2022-02-04T14:42:57.122+0000][5.560s][info ][gc,heap       ] GC(12) Humongous regions: 0->0
[2022-02-04T14:42:57.122+0000][5.560s][info ][gc,metaspace  ] GC(12) Metaspace: 23695K->23695K(1071104K)
[2022-02-04T14:42:57.122+0000][5.560s][info ][gc            ] GC(12) Pause Young (Normal) (G1 Evacuation Pause) 129M->20M(204M) 17.939ms
[2022-02-04T14:42:57.122+0000][5.560s][info ][gc,cpu        ] GC(12) User=0.05s Sys=0.00s Real=0.01s
[2022-02-04T14:42:57.122+0000][5.560s][info ][safepoint     ] Leaving safepoint region
[2022-02-04T14:42:57.123+0000][5.560s][info ][safepoint     ] Total time for which application threads were stopped: 0.0186352 seconds, Stopping threads took: 0.0000284 seconds
[2022-02-04T14:42:57.123+0000][5.560s][info ][gc,stringdedup] Concurrent String Deduplication (5.560s)
[2022-02-04T14:42:57.125+0000][5.562s][info ][gc,stringdedup] Concurrent String Deduplication 644.9K->365.3K(279.6K) avg 21.0% (5.560s, 5.562s) 2.372ms
[2022-02-04T14:42:57.498+0000][5.935s][debug][safepoint     ] Safepoint synchronization initiated. (12 threads)
[2022-02-04T14:42:57.498+0000][5.935s][info ][safepoint     ] Application time: 0.3755367 seconds
[2022-02-04T14:42:57.498+0000][5.935s][debug][safepoint     ] Waiting for 1 thread(s) to block
[2022-02-04T14:42:57.498+0000][5.935s][info ][safepoint     ] Entering safepoint region: G1CollectForAllocation
[2022-02-04T14:42:57.498+0000][5.935s][info ][gc,start      ] GC(13) Pause Young (Normal) (G1 Evacuation Pause)
[2022-02-04T14:42:57.498+0000][5.936s][info ][gc,task       ] GC(13) Using 4 workers of 4 for evacuation
[2022-02-04T14:42:57.508+0000][5.946s][info ][gc,phases     ] GC(13)   Pre Evacuate Collection Set: 0.0ms
[2022-02-04T14:42:57.508+0000][5.946s][info ][gc,phases     ] GC(13)   Evacuate Collection Set: 8.1ms
[2022-02-04T14:42:57.508+0000][5.946s][info ][gc,phases     ] GC(13)   Post Evacuate Collection Set: 1.9ms
[2022-02-04T14:42:57.508+0000][5.946s][info ][gc,phases     ] GC(13)   Other: 0.1ms
[2022-02-04T14:42:57.508+0000][5.946s][info ][gc,heap       ] GC(13) Eden regions: 112->0(141)
[2022-02-04T14:42:57.508+0000][5.946s][info ][gc,heap       ] GC(13) Survivor regions: 10->9(16)
[2022-02-04T14:42:57.508+0000][5.946s][info ][gc,heap       ] GC(13) Old regions: 12->14
[2022-02-04T14:42:57.508+0000][5.946s][info ][gc,heap       ] GC(13) Humongous regions: 0->0
[2022-02-04T14:42:57.508+0000][5.946s][info ][gc,metaspace  ] GC(13) Metaspace: 24666K->24666K(1071104K)
[2022-02-04T14:42:57.509+0000][5.946s][info ][gc            ] GC(13) Pause Young (Normal) (G1 Evacuation Pause) 132M->21M(251M) 10.264ms
[2022-02-04T14:42:57.509+0000][5.946s][info ][gc,cpu        ] GC(13) User=0.02s Sys=0.00s Real=0.01s
[2022-02-04T14:42:57.509+0000][5.946s][info ][safepoint     ] Leaving safepoint region
[2022-02-04T14:42:57.509+0000][5.946s][info ][safepoint     ] Total time for which application threads were stopped: 0.0104980 seconds, Stopping threads took: 0.0000560 seconds
[2022-02-04T14:42:57.509+0000][5.946s][info ][gc,stringdedup] Concurrent String Deduplication (5.946s)
[2022-02-04T14:42:57.512+0000][5.949s][info ][gc,stringdedup] Concurrent String Deduplication 756.9K->314.1K(442.7K) avg 27.2% (5.946s, 5.949s) 3.235ms
[2022-02-04T14:42:57.891+0000][6.329s][debug][safepoint     ] Safepoint synchronization initiated. (12 threads)
[2022-02-04T14:42:57.891+0000][6.329s][info ][safepoint     ] Application time: 0.3827546 seconds
[2022-02-04T14:42:57.891+0000][6.329s][debug][safepoint     ] Waiting for 1 thread(s) to block
[2022-02-04T14:42:57.891+0000][6.329s][info ][safepoint     ] Entering safepoint region: G1CollectForAllocation
[2022-02-04T14:42:57.891+0000][6.329s][info ][gc,start      ] GC(14) Pause Young (Normal) (G1 Evacuation Pause)
[2022-02-04T14:42:57.891+0000][6.329s][info ][gc,task       ] GC(14) Using 4 workers of 4 for evacuation
[2022-02-04T14:42:57.901+0000][6.338s][info ][gc,phases     ] GC(14)   Pre Evacuate Collection Set: 0.0ms
[2022-02-04T14:42:57.901+0000][6.338s][info ][gc,phases     ] GC(14)   Evacuate Collection Set: 6.2ms
[2022-02-04T14:42:57.901+0000][6.338s][info ][gc,phases     ] GC(14)   Post Evacuate Collection Set: 3.1ms
[2022-02-04T14:42:57.901+0000][6.338s][info ][gc,phases     ] GC(14)   Other: 0.1ms
[2022-02-04T14:42:57.901+0000][6.338s][info ][gc,heap       ] GC(14) Eden regions: 141->0(141)
[2022-02-04T14:42:57.901+0000][6.338s][info ][gc,heap       ] GC(14) Survivor regions: 9->9(19)
[2022-02-04T14:42:57.901+0000][6.338s][info ][gc,heap       ] GC(14) Old regions: 14->14
[2022-02-04T14:42:57.901+0000][6.338s][info ][gc,heap       ] GC(14) Humongous regions: 0->0
[2022-02-04T14:42:57.901+0000][6.338s][info ][gc,metaspace  ] GC(14) Metaspace: 25083K->25083K(1071104K)
[2022-02-04T14:42:57.901+0000][6.338s][info ][gc            ] GC(14) Pause Young (Normal) (G1 Evacuation Pause) 162M->20M(251M) 9.682ms
[2022-02-04T14:42:57.901+0000][6.338s][info ][gc,cpu        ] GC(14) User=0.02s Sys=0.00s Real=0.01s
[2022-02-04T14:42:57.901+0000][6.338s][info ][safepoint     ] Leaving safepoint region
[2022-02-04T14:42:57.901+0000][6.338s][info ][safepoint     ] Total time for which application threads were stopped: 0.0098193 seconds, Stopping threads took: 0.0000304 seconds
[2022-02-04T14:42:57.901+0000][6.338s][info ][gc,stringdedup] Concurrent String Deduplication (6.338s)
[2022-02-04T14:42:57.904+0000][6.341s][info ][gc,stringdedup] Concurrent String Deduplication 1250.4K->213.1K(1037.3K) avg 39.2% (6.338s, 6.341s) 2.746ms
[2022-02-04T14:42:58.178+0000][6.615s][debug][safepoint     ] Safepoint synchronization initiated. (11 threads)
[2022-02-04T14:42:58.178+0000][6.615s][info ][safepoint     ] Application time: 0.2768366 seconds
[2022-02-04T14:42:58.178+0000][6.615s][info ][safepoint     ] Entering safepoint region: G1CollectForAllocation
[2022-02-04T14:42:58.178+0000][6.615s][info ][gc,start      ] GC(15) Pause Young (Normal) (G1 Evacuation Pause)
[2022-02-04T14:42:58.178+0000][6.615s][info ][gc,task       ] GC(15) Using 4 workers of 4 for evacuation
[2022-02-04T14:42:58.185+0000][6.622s][info ][gc,phases     ] GC(15)   Pre Evacuate Collection Set: 0.0ms
[2022-02-04T14:42:58.185+0000][6.622s][info ][gc,phases     ] GC(15)   Evacuate Collection Set: 5.7ms
[2022-02-04T14:42:58.185+0000][6.622s][info ][gc,phases     ] GC(15)   Post Evacuate Collection Set: 1.2ms
[2022-02-04T14:42:58.185+0000][6.622s][info ][gc,phases     ] GC(15)   Other: 0.1ms
[2022-02-04T14:42:58.185+0000][6.623s][info ][gc,heap       ] GC(15) Eden regions: 141->0(143)
[2022-02-04T14:42:58.185+0000][6.623s][info ][gc,heap       ] GC(15) Survivor regions: 9->7(19)
[2022-02-04T14:42:58.185+0000][6.623s][info ][gc,heap       ] GC(15) Old regions: 14->14
[2022-02-04T14:42:58.185+0000][6.623s][info ][gc,heap       ] GC(15) Humongous regions: 0->0
[2022-02-04T14:42:58.185+0000][6.623s][info ][gc,metaspace  ] GC(15) Metaspace: 25088K->25088K(1071104K)
[2022-02-04T14:42:58.185+0000][6.623s][info ][gc            ] GC(15) Pause Young (Normal) (G1 Evacuation Pause) 161M->19M(251M) 7.218ms
[2022-02-04T14:42:58.185+0000][6.623s][info ][gc,cpu        ] GC(15) User=0.02s Sys=0.00s Real=0.01s
[2022-02-04T14:42:58.185+0000][6.623s][info ][safepoint     ] Leaving safepoint region
[2022-02-04T14:42:58.185+0000][6.623s][info ][safepoint     ] Total time for which application threads were stopped: 0.0073509 seconds, Stopping threads took: 0.0000096 seconds
[2022-02-04T14:42:58.185+0000][6.623s][info ][gc,stringdedup] Concurrent String Deduplication (6.623s)
[2022-02-04T14:42:58.186+0000][6.623s][info ][gc,stringdedup] Concurrent String Deduplication 57184.0B->25848.0B(31336.0B) avg 39.3% (6.623s, 6.623s) 0.271ms
[2022-02-04T14:42:58.614+0000][7.052s][debug][safepoint     ] Safepoint synchronization initiated. (11 threads)
[2022-02-04T14:42:58.614+0000][7.052s][info ][safepoint     ] Application time: 0.4289968 seconds
[2022-02-04T14:42:58.614+0000][7.052s][info ][safepoint     ] Entering safepoint region: G1CollectForAllocation
[2022-02-04T14:42:58.615+0000][7.052s][info ][gc,start      ] GC(16) Pause Young (Normal) (G1 Evacuation Pause)
[2022-02-04T14:42:58.615+0000][7.052s][info ][gc,task       ] GC(16) Using 4 workers of 4 for evacuation
[2022-02-04T14:42:58.626+0000][7.063s][info ][gc,phases     ] GC(16)   Pre Evacuate Collection Set: 0.0ms
[2022-02-04T14:42:58.626+0000][7.063s][info ][gc,phases     ] GC(16)   Evacuate Collection Set: 9.9ms
[2022-02-04T14:42:58.626+0000][7.063s][info ][gc,phases     ] GC(16)   Post Evacuate Collection Set: 1.7ms
[2022-02-04T14:42:58.626+0000][7.064s][info ][gc,phases     ] GC(16)   Other: 0.1ms
[2022-02-04T14:42:58.626+0000][7.064s][info ][gc,heap       ] GC(16) Eden regions: 143->0(141)
[2022-02-04T14:42:58.626+0000][7.064s][info ][gc,heap       ] GC(16) Survivor regions: 7->9(19)
[2022-02-04T14:42:58.626+0000][7.064s][info ][gc,heap       ] GC(16) Old regions: 14->14
[2022-02-04T14:42:58.626+0000][7.064s][info ][gc,heap       ] GC(16) Humongous regions: 0->0
[2022-02-04T14:42:58.626+0000][7.064s][info ][gc,metaspace  ] GC(16) Metaspace: 27017K->27017K(1073152K)
[2022-02-04T14:42:58.626+0000][7.064s][info ][gc            ] GC(16) Pause Young (Normal) (G1 Evacuation Pause) 162M->20M(251M) 11.838ms
[2022-02-04T14:42:58.626+0000][7.064s][info ][gc,cpu        ] GC(16) User=0.03s Sys=0.00s Real=0.02s
[2022-02-04T14:42:58.626+0000][7.064s][info ][safepoint     ] Leaving safepoint region
[2022-02-04T14:42:58.626+0000][7.064s][info ][safepoint     ] Total time for which application threads were stopped: 0.0120290 seconds, Stopping threads took: 0.0000095 seconds
[2022-02-04T14:42:58.626+0000][7.064s][info ][gc,stringdedup] Concurrent String Deduplication (7.064s)
[2022-02-04T14:42:58.627+0000][7.064s][info ][gc,stringdedup] Concurrent String Deduplication 15080.0B->7384.0B(7696.0B) avg 39.4% (7.064s, 7.064s) 0.090ms
[2022-02-04T14:42:59.229+0000][7.666s][debug][safepoint     ] Safepoint synchronization initiated. (11 threads)
[2022-02-04T14:42:59.229+0000][7.666s][info ][safepoint     ] Application time: 0.6022993 seconds
[2022-02-04T14:42:59.229+0000][7.666s][info ][safepoint     ] Entering safepoint region: G1CollectForAllocation
[2022-02-04T14:42:59.229+0000][7.666s][info ][gc,start      ] GC(17) Pause Young (Normal) (G1 Evacuation Pause)
[2022-02-04T14:42:59.229+0000][7.666s][info ][gc,task       ] GC(17) Using 4 workers of 4 for evacuation
[2022-02-04T14:42:59.242+0000][7.679s][info ][gc,phases     ] GC(17)   Pre Evacuate Collection Set: 0.0ms
[2022-02-04T14:42:59.242+0000][7.679s][info ][gc,phases     ] GC(17)   Evacuate Collection Set: 10.6ms
[2022-02-04T14:42:59.242+0000][7.679s][info ][gc,phases     ] GC(17)   Post Evacuate Collection Set: 2.0ms
[2022-02-04T14:42:59.242+0000][7.679s][info ][gc,phases     ] GC(17)   Other: 0.1ms
[2022-02-04T14:42:59.242+0000][7.679s][info ][gc,heap       ] GC(17) Eden regions: 141->0(141)
[2022-02-04T14:42:59.242+0000][7.679s][info ][gc,heap       ] GC(17) Survivor regions: 9->9(19)
[2022-02-04T14:42:59.242+0000][7.679s][info ][gc,heap       ] GC(17) Old regions: 14->14
[2022-02-04T14:42:59.242+0000][7.679s][info ][gc,heap       ] GC(17) Humongous regions: 0->0
[2022-02-04T14:42:59.242+0000][7.679s][info ][gc,metaspace  ] GC(17) Metaspace: 29871K->29871K(1077248K)
[2022-02-04T14:42:59.242+0000][7.679s][info ][gc            ] GC(17) Pause Young (Normal) (G1 Evacuation Pause) 161M->21M(251M) 12.891ms
[2022-02-04T14:42:59.242+0000][7.679s][info ][gc,cpu        ] GC(17) User=0.03s Sys=0.00s Real=0.01s
[2022-02-04T14:42:59.242+0000][7.679s][info ][safepoint     ] Leaving safepoint region
[2022-02-04T14:42:59.242+0000][7.679s][info ][safepoint     ] Total time for which application threads were stopped: 0.0131083 seconds, Stopping threads took: 0.0000088 seconds
[2022-02-04T14:42:59.242+0000][7.679s][info ][gc,stringdedup] Concurrent String Deduplication (7.679s)
[2022-02-04T14:42:59.242+0000][7.679s][info ][gc,stringdedup] Concurrent String Deduplication 0.0B->0.0B(0.0B) avg 39.4% (7.679s, 7.679s) 0.023ms
[2022-02-04T14:42:59.759+0000][8.196s][debug][safepoint     ] Safepoint synchronization initiated. (11 threads)
[2022-02-04T14:42:59.759+0000][8.196s][info ][safepoint     ] Application time: 0.5173208 seconds
[2022-02-04T14:42:59.759+0000][8.196s][info ][safepoint     ] Entering safepoint region: G1CollectForAllocation
[2022-02-04T14:42:59.759+0000][8.197s][info ][gc,start      ] GC(18) Pause Young (Normal) (G1 Evacuation Pause)
[2022-02-04T14:42:59.759+0000][8.197s][info ][gc,task       ] GC(18) Using 4 workers of 4 for evacuation
[2022-02-04T14:42:59.777+0000][8.214s][info ][gc,phases     ] GC(18)   Pre Evacuate Collection Set: 0.0ms
[2022-02-04T14:42:59.777+0000][8.214s][info ][gc,phases     ] GC(18)   Evacuate Collection Set: 14.6ms
[2022-02-04T14:42:59.777+0000][8.214s][info ][gc,phases     ] GC(18)   Post Evacuate Collection Set: 3.0ms
[2022-02-04T14:42:59.777+0000][8.214s][info ][gc,phases     ] GC(18)   Other: 0.1ms
[2022-02-04T14:42:59.777+0000][8.214s][info ][gc,heap       ] GC(18) Eden regions: 141->0(170)
[2022-02-04T14:42:59.777+0000][8.214s][info ][gc,heap       ] GC(18) Survivor regions: 9->11(19)
[2022-02-04T14:42:59.777+0000][8.214s][info ][gc,heap       ] GC(18) Old regions: 14->14
[2022-02-04T14:42:59.777+0000][8.214s][info ][gc,heap       ] GC(18) Humongous regions: 0->0
[2022-02-04T14:42:59.777+0000][8.214s][info ][gc,metaspace  ] GC(18) Metaspace: 30219K->30219K(1077248K)
[2022-02-04T14:42:59.777+0000][8.214s][info ][gc            ] GC(18) Pause Young (Normal) (G1 Evacuation Pause) 162M->22M(302M) 17.888ms
[2022-02-04T14:42:59.777+0000][8.214s][info ][gc,cpu        ] GC(18) User=0.05s Sys=0.00s Real=0.02s
[2022-02-04T14:42:59.777+0000][8.214s][info ][safepoint     ] Leaving safepoint region
[2022-02-04T14:42:59.777+0000][8.214s][info ][safepoint     ] Total time for which application threads were stopped: 0.0180346 seconds, Stopping threads took: 0.0000093 seconds
[2022-02-04T14:42:59.777+0000][8.214s][info ][gc,stringdedup] Concurrent String Deduplication (8.214s)
[2022-02-04T14:42:59.778+0000][8.216s][info ][gc,stringdedup] Concurrent String Deduplication 519.6K->21952.0B(498.1K) avg 43.9% (8.214s, 8.216s) 1.178ms
[2022-02-04T14:42:59.995+0000][8.433s][debug][safepoint     ] Safepoint synchronization initiated. (11 threads)
[2022-02-04T14:42:59.995+0000][8.433s][info ][safepoint     ] Application time: 0.2181947 seconds
[2022-02-04T14:42:59.995+0000][8.433s][debug][safepoint     ] Waiting for 1 thread(s) to block
[2022-02-04T14:42:59.995+0000][8.433s][info ][safepoint     ] Entering safepoint region: Deoptimize
[2022-02-04T14:42:59.996+0000][8.433s][info ][safepoint     ] Leaving safepoint region
[2022-02-04T14:42:59.996+0000][8.433s][info ][safepoint     ] Total time for which application threads were stopped: 0.0004261 seconds, Stopping threads took: 0.0000281 seconds
[2022-02-04T14:43:00.338+0000][8.775s][debug][safepoint     ] Safepoint synchronization initiated. (11 threads)
[2022-02-04T14:43:00.338+0000][8.775s][info ][safepoint     ] Application time: 0.3420789 seconds
[2022-02-04T14:43:00.338+0000][8.775s][info ][safepoint     ] Entering safepoint region: Deoptimize
[2022-02-04T14:43:00.338+0000][8.776s][info ][safepoint     ] Leaving safepoint region
[2022-02-04T14:43:00.338+0000][8.776s][info ][safepoint     ] Total time for which application threads were stopped: 0.0004274 seconds, Stopping threads took: 0.0000093 seconds
[2022-02-04T14:43:00.398+0000][8.835s][debug][safepoint     ] Safepoint synchronization initiated. (11 threads)
[2022-02-04T14:43:00.398+0000][8.835s][info ][safepoint     ] Application time: 0.0598272 seconds
[2022-02-04T14:43:00.398+0000][8.835s][info ][safepoint     ] Entering safepoint region: Deoptimize
[2022-02-04T14:43:00.399+0000][8.836s][info ][safepoint     ] Leaving safepoint region
[2022-02-04T14:43:00.399+0000][8.836s][info ][safepoint     ] Total time for which application threads were stopped: 0.0004198 seconds, Stopping threads took: 0.0000103 seconds
[2022-02-04T14:43:00.548+0000][8.985s][debug][safepoint     ] Safepoint synchronization initiated. (11 threads)
[2022-02-04T14:43:00.548+0000][8.985s][info ][safepoint     ] Application time: 0.1493936 seconds
[2022-02-04T14:43:00.548+0000][8.985s][info ][safepoint     ] Entering safepoint region: G1CollectForAllocation
[2022-02-04T14:43:00.548+0000][8.985s][info ][gc,start      ] GC(19) Pause Young (Normal) (G1 Evacuation Pause)
[2022-02-04T14:43:00.548+0000][8.985s][info ][gc,task       ] GC(19) Using 4 workers of 4 for evacuation
[2022-02-04T14:43:00.567+0000][9.004s][info ][gc,phases     ] GC(19)   Pre Evacuate Collection Set: 0.0ms
[2022-02-04T14:43:00.567+0000][9.004s][info ][gc,phases     ] GC(19)   Evacuate Collection Set: 15.6ms
[2022-02-04T14:43:00.567+0000][9.004s][info ][gc,phases     ] GC(19)   Post Evacuate Collection Set: 3.2ms
[2022-02-04T14:43:00.567+0000][9.004s][info ][gc,phases     ] GC(19)   Other: 0.1ms
[2022-02-04T14:43:00.567+0000][9.004s][info ][gc,heap       ] GC(19) Eden regions: 170->0(170)
[2022-02-04T14:43:00.567+0000][9.004s][info ][gc,heap       ] GC(19) Survivor regions: 11->11(23)
[2022-02-04T14:43:00.567+0000][9.004s][info ][gc,heap       ] GC(19) Old regions: 14->15
[2022-02-04T14:43:00.567+0000][9.004s][info ][gc,heap       ] GC(19) Humongous regions: 0->0
[2022-02-04T14:43:00.567+0000][9.004s][info ][gc,metaspace  ] GC(19) Metaspace: 32051K->32051K(1077248K)
[2022-02-04T14:43:00.567+0000][9.004s][info ][gc            ] GC(19) Pause Young (Normal) (G1 Evacuation Pause) 192M->23M(302M) 19.091ms
[2022-02-04T14:43:00.567+0000][9.004s][info ][gc,cpu        ] GC(19) User=0.04s Sys=0.00s Real=0.02s
[2022-02-04T14:43:00.567+0000][9.004s][info ][safepoint     ] Leaving safepoint region
[2022-02-04T14:43:00.567+0000][9.004s][info ][safepoint     ] Total time for which application threads were stopped: 0.0192178 seconds, Stopping threads took: 0.0000096 seconds
[2022-02-04T14:43:00.567+0000][9.005s][info ][gc,stringdedup] Concurrent String Deduplication (9.004s)
[2022-02-04T14:43:00.568+0000][9.005s][info ][gc,stringdedup] Concurrent String Deduplication 195.2K->82152.0B(115.0K) avg 44.4% (9.004s, 9.005s) 0.793ms
[2022-02-04T14:43:00.588+0000][9.025s][debug][safepoint     ] Safepoint synchronization initiated. (11 threads)
[2022-02-04T14:43:00.588+0000][9.025s][info ][safepoint     ] Application time: 0.0203335 seconds
[2022-02-04T14:43:00.588+0000][9.025s][info ][safepoint     ] Entering safepoint region: Deoptimize
[2022-02-04T14:43:00.588+0000][9.025s][info ][safepoint     ] Leaving safepoint region
[2022-02-04T14:43:00.588+0000][9.025s][info ][safepoint     ] Total time for which application threads were stopped: 0.0004629 seconds, Stopping threads took: 0.0000106 seconds
[2022-02-04T14:43:01.309+0000][9.747s][debug][safepoint     ] Safepoint synchronization initiated. (11 threads)
[2022-02-04T14:43:01.309+0000][9.747s][info ][safepoint     ] Application time: 0.7213812 seconds
[2022-02-04T14:43:01.309+0000][9.747s][info ][safepoint     ] Entering safepoint region: G1CollectForAllocation
[2022-02-04T14:43:01.310+0000][9.747s][info ][gc,start      ] GC(20) Pause Young (Normal) (G1 Evacuation Pause)
[2022-02-04T14:43:01.310+0000][9.747s][info ][gc,task       ] GC(20) Using 4 workers of 4 for evacuation
[2022-02-04T14:43:01.321+0000][9.759s][info ][gc,phases     ] GC(20)   Pre Evacuate Collection Set: 0.0ms
[2022-02-04T14:43:01.321+0000][9.759s][info ][gc,phases     ] GC(20)   Evacuate Collection Set: 9.9ms
[2022-02-04T14:43:01.321+0000][9.759s][info ][gc,phases     ] GC(20)   Post Evacuate Collection Set: 1.8ms
[2022-02-04T14:43:01.322+0000][9.759s][info ][gc,phases     ] GC(20)   Other: 0.1ms
[2022-02-04T14:43:01.322+0000][9.759s][info ][gc,heap       ] GC(20) Eden regions: 170->0(171)
[2022-02-04T14:43:01.322+0000][9.759s][info ][gc,heap       ] GC(20) Survivor regions: 11->10(23)
[2022-02-04T14:43:01.322+0000][9.759s][info ][gc,heap       ] GC(20) Old regions: 15->16
[2022-02-04T14:43:01.322+0000][9.759s][info ][gc,heap       ] GC(20) Humongous regions: 0->0
[2022-02-04T14:43:01.322+0000][9.759s][info ][gc,metaspace  ] GC(20) Metaspace: 34401K->34401K(1079296K)
[2022-02-04T14:43:01.322+0000][9.759s][info ][gc            ] GC(20) Pause Young (Normal) (G1 Evacuation Pause) 193M->24M(302M) 11.942ms
[2022-02-04T14:43:01.322+0000][9.759s][info ][gc,cpu        ] GC(20) User=0.03s Sys=0.00s Real=0.01s
[2022-02-04T14:43:01.322+0000][9.759s][info ][safepoint     ] Leaving safepoint region
[2022-02-04T14:43:01.322+0000][9.759s][info ][safepoint     ] Total time for which application threads were stopped: 0.0121384 seconds, Stopping threads took: 0.0000109 seconds
[2022-02-04T14:43:01.322+0000][9.759s][info ][gc,stringdedup] Concurrent String Deduplication (9.759s)
[2022-02-04T14:43:01.323+0000][9.760s][info ][gc,stringdedup] Concurrent String Deduplication 292.3K->139.7K(152.5K) avg 44.7% (9.759s, 9.760s) 1.035ms
[2022-02-04T14:43:01.419+0000][9.856s][debug][safepoint     ] Safepoint synchronization initiated. (11 threads)
[2022-02-04T14:43:01.419+0000][9.856s][info ][safepoint     ] Application time: 0.0970555 seconds
[2022-02-04T14:43:01.419+0000][9.856s][info ][safepoint     ] Entering safepoint region: Deoptimize
[2022-02-04T14:43:01.419+0000][9.856s][info ][safepoint     ] Leaving safepoint region
[2022-02-04T14:43:01.419+0000][9.856s][info ][safepoint     ] Total time for which application threads were stopped: 0.0004620 seconds, Stopping threads took: 0.0000090 seconds
[2022-02-04T14:43:01.587+0000][10.024s][debug][safepoint     ] Safepoint synchronization initiated. (11 threads)
[2022-02-04T14:43:01.587+0000][10.024s][info ][safepoint     ] Application time: 0.1679301 seconds
[2022-02-04T14:43:01.587+0000][10.024s][debug][safepoint     ] Waiting for 1 thread(s) to block
[2022-02-04T14:43:01.587+0000][10.024s][info ][safepoint     ] Entering safepoint region: CollectForMetadataAllocation
[2022-02-04T14:43:01.587+0000][10.024s][info ][gc,start      ] GC(21) Pause Young (Concurrent Start) (Metadata GC Threshold)
[2022-02-04T14:43:01.587+0000][10.024s][info ][gc,task       ] GC(21) Using 4 workers of 4 for evacuation
[2022-02-04T14:43:01.601+0000][10.038s][info ][gc,phases     ] GC(21)   Pre Evacuate Collection Set: 0.1ms
[2022-02-04T14:43:01.601+0000][10.038s][info ][gc,phases     ] GC(21)   Evacuate Collection Set: 12.0ms
[2022-02-04T14:43:01.601+0000][10.038s][info ][gc,phases     ] GC(21)   Post Evacuate Collection Set: 1.6ms
[2022-02-04T14:43:01.601+0000][10.038s][info ][gc,phases     ] GC(21)   Other: 0.2ms
[2022-02-04T14:43:01.601+0000][10.038s][info ][gc,heap       ] GC(21) Eden regions: 62->0(173)
[2022-02-04T14:43:01.601+0000][10.038s][info ][gc,heap       ] GC(21) Survivor regions: 10->8(23)
[2022-02-04T14:43:01.601+0000][10.038s][info ][gc,heap       ] GC(21) Old regions: 16->19
[2022-02-04T14:43:01.601+0000][10.038s][info ][gc,heap       ] GC(21) Humongous regions: 0->0
[2022-02-04T14:43:01.601+0000][10.038s][info ][gc,metaspace  ] GC(21) Metaspace: 35038K->35038K(1081344K)
[2022-02-04T14:43:01.601+0000][10.038s][info ][gc            ] GC(21) Pause Young (Concurrent Start) (Metadata GC Threshold) 85M->24M(302M) 13.966ms
[2022-02-04T14:43:01.601+0000][10.038s][info ][gc,cpu        ] GC(21) User=0.03s Sys=0.01s Real=0.01s
[2022-02-04T14:43:01.601+0000][10.038s][info ][safepoint     ] Leaving safepoint region
[2022-02-04T14:43:01.601+0000][10.039s][info ][gc            ] GC(22) Concurrent Cycle
[2022-02-04T14:43:01.601+0000][10.039s][info ][safepoint     ] Total time for which application threads were stopped: 0.0141877 seconds, Stopping threads took: 0.0000295 seconds
[2022-02-04T14:43:01.601+0000][10.039s][info ][gc,marking    ] GC(22) Concurrent Clear Claimed Marks
[2022-02-04T14:43:01.601+0000][10.039s][info ][gc,marking    ] GC(22) Concurrent Clear Claimed Marks 0.069ms
[2022-02-04T14:43:01.601+0000][10.039s][info ][gc,marking    ] GC(22) Concurrent Scan Root Regions
[2022-02-04T14:43:01.602+0000][10.039s][info ][gc,stringdedup] Concurrent String Deduplication (10.039s)
[2022-02-04T14:43:01.602+0000][10.040s][info ][gc,stringdedup] Concurrent String Deduplication 184.1K->72296.0B(113.5K) avg 45.1% (10.039s, 10.040s) 0.890ms
[2022-02-04T14:43:01.607+0000][10.044s][info ][gc,marking    ] GC(22) Concurrent Scan Root Regions 5.233ms
[2022-02-04T14:43:01.607+0000][10.044s][info ][gc,marking    ] GC(22) Concurrent Mark (10.044s)
[2022-02-04T14:43:01.607+0000][10.044s][info ][gc,marking    ] GC(22) Concurrent Mark From Roots
[2022-02-04T14:43:01.607+0000][10.044s][info ][gc,task       ] GC(22) Using 1 workers of 1 for marking
[2022-02-04T14:43:01.637+0000][10.075s][info ][gc,marking    ] GC(22) Concurrent Mark From Roots 30.714ms
[2022-02-04T14:43:01.637+0000][10.075s][info ][gc,marking    ] GC(22) Concurrent Preclean
[2022-02-04T14:43:01.637+0000][10.075s][info ][gc,marking    ] GC(22) Concurrent Preclean 0.055ms
[2022-02-04T14:43:01.637+0000][10.075s][info ][gc,marking    ] GC(22) Concurrent Mark (10.044s, 10.075s) 30.840ms
[2022-02-04T14:43:01.638+0000][10.075s][debug][safepoint     ] Safepoint synchronization initiated. (11 threads)
[2022-02-04T14:43:01.638+0000][10.075s][info ][safepoint     ] Application time: 0.0362418 seconds
[2022-02-04T14:43:01.638+0000][10.075s][debug][safepoint     ] Waiting for 1 thread(s) to block
[2022-02-04T14:43:01.638+0000][10.075s][info ][safepoint     ] Entering safepoint region: CGC_Operation
[2022-02-04T14:43:01.638+0000][10.075s][info ][gc,start      ] GC(22) Pause Remark
[2022-02-04T14:43:01.643+0000][10.080s][info ][gc,stringtable] GC(22) Cleaned string and symbol table, strings: 12704 processed, 34 removed, symbols: 117491 processed, 294 removed
[2022-02-04T14:43:01.643+0000][10.080s][info ][gc            ] GC(22) Pause Remark 28M->28M(302M) 5.517ms
[2022-02-04T14:43:01.643+0000][10.080s][info ][gc,cpu        ] GC(22) User=0.02s Sys=0.00s Real=0.00s
[2022-02-04T14:43:01.643+0000][10.080s][info ][safepoint     ] Leaving safepoint region
[2022-02-04T14:43:01.643+0000][10.080s][info ][safepoint     ] Total time for which application threads were stopped: 0.0056824 seconds, Stopping threads took: 0.0000622 seconds
[2022-02-04T14:43:01.643+0000][10.081s][info ][gc,marking    ] GC(22) Concurrent Rebuild Remembered Sets
[2022-02-04T14:43:01.661+0000][10.098s][info ][gc,marking    ] GC(22) Concurrent Rebuild Remembered Sets 17.684ms
[2022-02-04T14:43:01.661+0000][10.098s][debug][safepoint     ] Safepoint synchronization initiated. (11 threads)
[2022-02-04T14:43:01.661+0000][10.098s][info ][safepoint     ] Application time: 0.0177874 seconds
[2022-02-04T14:43:01.661+0000][10.098s][debug][safepoint     ] ... found polling page return exception at pc = 0x00007f98ac36abf2, stub =0x00007f98a48beb80
[2022-02-04T14:43:01.661+0000][10.098s][debug][safepoint     ] Waiting for 1 thread(s) to block
[2022-02-04T14:43:01.661+0000][10.098s][info ][safepoint     ] Entering safepoint region: CGC_Operation
[2022-02-04T14:43:01.661+0000][10.098s][info ][gc,start      ] GC(22) Pause Cleanup
[2022-02-04T14:43:01.661+0000][10.099s][info ][gc            ] GC(22) Pause Cleanup 30M->30M(302M) 0.102ms
[2022-02-04T14:43:01.661+0000][10.099s][info ][gc,cpu        ] GC(22) User=0.00s Sys=0.00s Real=0.00s
[2022-02-04T14:43:01.661+0000][10.099s][info ][safepoint     ] Leaving safepoint region
[2022-02-04T14:43:01.661+0000][10.099s][info ][safepoint     ] Total time for which application threads were stopped: 0.0002794 seconds, Stopping threads took: 0.0000864 seconds
[2022-02-04T14:43:01.661+0000][10.099s][info ][gc,marking    ] GC(22) Concurrent Cleanup for Next Mark
[2022-02-04T14:43:01.663+0000][10.101s][info ][gc,marking    ] GC(22) Concurrent Cleanup for Next Mark 1.989ms
[2022-02-04T14:43:01.663+0000][10.101s][info ][gc            ] GC(22) Concurrent Cycle 62.106ms
[2022-02-04T14:43:02.170+0000][10.607s][debug][safepoint     ] Safepoint synchronization initiated. (11 threads)
[2022-02-04T14:43:02.170+0000][10.607s][info ][safepoint     ] Application time: 0.5083723 seconds
[2022-02-04T14:43:02.170+0000][10.607s][info ][safepoint     ] Entering safepoint region: Deoptimize
[2022-02-04T14:43:02.170+0000][10.607s][info ][safepoint     ] Leaving safepoint region
[2022-02-04T14:43:02.170+0000][10.607s][info ][safepoint     ] Total time for which application threads were stopped: 0.0004908 seconds, Stopping threads took: 0.0000104 seconds
[2022-02-04T14:43:02.171+0000][10.608s][debug][safepoint     ] Safepoint synchronization initiated. (11 threads)
[2022-02-04T14:43:02.171+0000][10.608s][info ][safepoint     ] Application time: 0.0009976 seconds
[2022-02-04T14:43:02.171+0000][10.608s][debug][safepoint     ] Waiting for 1 thread(s) to block
[2022-02-04T14:43:02.171+0000][10.608s][info ][safepoint     ] Entering safepoint region: Deoptimize
[2022-02-04T14:43:02.172+0000][10.609s][info ][safepoint     ] Leaving safepoint region
[2022-02-04T14:43:02.172+0000][10.609s][info ][safepoint     ] Total time for which application threads were stopped: 0.0004319 seconds, Stopping threads took: 0.0000273 seconds
[2022-02-04T14:43:02.656+0000][11.094s][debug][safepoint     ] Safepoint synchronization initiated. (11 threads)
[2022-02-04T14:43:02.656+0000][11.094s][info ][safepoint     ] Application time: 0.4847303 seconds
[2022-02-04T14:43:02.656+0000][11.094s][debug][safepoint     ] Waiting for 1 thread(s) to block
[2022-02-04T14:43:02.657+0000][11.094s][info ][safepoint     ] Entering safepoint region: G1CollectForAllocation
[2022-02-04T14:43:02.657+0000][11.094s][info ][gc,start      ] GC(23) Pause Young (Normal) (G1 Evacuation Pause)
[2022-02-04T14:43:02.657+0000][11.094s][info ][gc,task       ] GC(23) Using 4 workers of 4 for evacuation
[2022-02-04T14:43:02.679+0000][11.117s][info ][gc,phases     ] GC(23)   Pre Evacuate Collection Set: 0.0ms
[2022-02-04T14:43:02.679+0000][11.117s][info ][gc,phases     ] GC(23)   Evacuate Collection Set: 20.9ms
[2022-02-04T14:43:02.679+0000][11.117s][info ][gc,phases     ] GC(23)   Post Evacuate Collection Set: 1.7ms
[2022-02-04T14:43:02.679+0000][11.117s][info ][gc,phases     ] GC(23)   Other: 0.1ms
[2022-02-04T14:43:02.679+0000][11.117s][info ][gc,heap       ] GC(23) Eden regions: 173->0(173)
[2022-02-04T14:43:02.679+0000][11.117s][info ][gc,heap       ] GC(23) Survivor regions: 8->8(23)
[2022-02-04T14:43:02.679+0000][11.117s][info ][gc,heap       ] GC(23) Old regions: 19->20
[2022-02-04T14:43:02.679+0000][11.117s][info ][gc,heap       ] GC(23) Humongous regions: 0->0
[2022-02-04T14:43:02.679+0000][11.117s][info ][gc,metaspace  ] GC(23) Metaspace: 37554K->37554K(1083392K)
[2022-02-04T14:43:02.679+0000][11.117s][info ][gc            ] GC(23) Pause Young (Normal) (G1 Evacuation Pause) 197M->25M(302M) 22.856ms
[2022-02-04T14:43:02.680+0000][11.117s][info ][gc,cpu        ] GC(23) User=0.05s Sys=0.01s Real=0.02s
[2022-02-04T14:43:02.680+0000][11.117s][info ][safepoint     ] Leaving safepoint region
[2022-02-04T14:43:02.680+0000][11.117s][info ][safepoint     ] Total time for which application threads were stopped: 0.0230581 seconds, Stopping threads took: 0.0000298 seconds
[2022-02-04T14:43:02.680+0000][11.117s][info ][gc,stringdedup] Concurrent String Deduplication (11.117s)
[2022-02-04T14:43:02.681+0000][11.118s][info ][gc,stringdedup] Concurrent String Deduplication 89344.0B->26960.0B(62384.0B) avg 45.4% (11.117s, 11.118s) 0.473ms
[2022-02-04T14:43:03.074+0000][11.511s][debug][safepoint     ] Safepoint synchronization initiated. (11 threads)
[2022-02-04T14:43:03.074+0000][11.511s][info ][safepoint     ] Application time: 0.3941443 seconds
[2022-02-04T14:43:03.074+0000][11.511s][debug][safepoint     ] Waiting for 1 thread(s) to block
[2022-02-04T14:43:03.074+0000][11.511s][info ][safepoint     ] Entering safepoint region: Deoptimize
[2022-02-04T14:43:03.074+0000][11.511s][info ][safepoint     ] Leaving safepoint region
[2022-02-04T14:43:03.074+0000][11.511s][info ][safepoint     ] Total time for which application threads were stopped: 0.0005118 seconds, Stopping threads took: 0.0000296 seconds
[2022-02-04T14:43:03.155+0000][11.592s][debug][safepoint     ] Safepoint synchronization initiated. (11 threads)
[2022-02-04T14:43:03.155+0000][11.592s][info ][safepoint     ] Application time: 0.0809246 seconds
[2022-02-04T14:43:03.155+0000][11.592s][debug][safepoint     ] Waiting for 1 thread(s) to block
[2022-02-04T14:43:03.155+0000][11.592s][info ][safepoint     ] Entering safepoint region: Deoptimize
[2022-02-04T14:43:03.156+0000][11.593s][info ][safepoint     ] Leaving safepoint region
[2022-02-04T14:43:03.156+0000][11.593s][info ][safepoint     ] Total time for which application threads were stopped: 0.0004899 seconds, Stopping threads took: 0.0000321 seconds
[2022-02-04T14:43:03.160+0000][11.597s][debug][safepoint     ] Safepoint synchronization initiated. (11 threads)
[2022-02-04T14:43:03.160+0000][11.597s][info ][safepoint     ] Application time: 0.0045974 seconds
[2022-02-04T14:43:03.160+0000][11.598s][debug][safepoint     ] Waiting for 1 thread(s) to block
[2022-02-04T14:43:03.160+0000][11.598s][info ][safepoint     ] Entering safepoint region: Deoptimize
[2022-02-04T14:43:03.161+0000][11.598s][info ][safepoint     ] Leaving safepoint region
[2022-02-04T14:43:03.161+0000][11.598s][info ][safepoint     ] Total time for which application threads were stopped: 0.0004603 seconds, Stopping threads took: 0.0000284 seconds
[2022-02-04T14:43:03.302+0000][11.739s][debug][safepoint     ] Safepoint synchronization initiated. (11 threads)
[2022-02-04T14:43:03.302+0000][11.739s][info ][safepoint     ] Application time: 0.1410311 seconds
[2022-02-04T14:43:03.302+0000][11.739s][info ][safepoint     ] Entering safepoint region: Deoptimize
[2022-02-04T14:43:03.302+0000][11.740s][info ][safepoint     ] Leaving safepoint region
[2022-02-04T14:43:03.302+0000][11.740s][info ][safepoint     ] Total time for which application threads were stopped: 0.0004951 seconds, Stopping threads took: 0.0000133 seconds
[2022-02-04T14:43:03.303+0000][11.740s][debug][safepoint     ] Safepoint synchronization initiated. (11 threads)
[2022-02-04T14:43:03.303+0000][11.740s][info ][safepoint     ] Application time: 0.0008465 seconds
[2022-02-04T14:43:03.303+0000][11.740s][debug][safepoint     ] Waiting for 1 thread(s) to block
[2022-02-04T14:43:03.303+0000][11.740s][info ][safepoint     ] Entering safepoint region: Deoptimize
[2022-02-04T14:43:03.304+0000][11.741s][info ][safepoint     ] Leaving safepoint region
[2022-02-04T14:43:03.304+0000][11.741s][info ][safepoint     ] Total time for which application threads were stopped: 0.0003988 seconds, Stopping threads took: 0.0000270 seconds
[2022-02-04T14:43:03.476+0000][11.913s][debug][safepoint     ] Safepoint synchronization initiated. (11 threads)
[2022-02-04T14:43:03.476+0000][11.913s][info ][safepoint     ] Application time: 0.1725238 seconds
[2022-02-04T14:43:03.476+0000][11.913s][debug][safepoint     ] Waiting for 1 thread(s) to block
[2022-02-04T14:43:03.476+0000][11.913s][info ][safepoint     ] Entering safepoint region: Deoptimize
[2022-02-04T14:43:03.477+0000][11.914s][info ][safepoint     ] Leaving safepoint region
[2022-02-04T14:43:03.477+0000][11.914s][info ][safepoint     ] Total time for which application threads were stopped: 0.0005038 seconds, Stopping threads took: 0.0000280 seconds
[2022-02-04T14:43:03.980+0000][12.417s][debug][safepoint     ] Safepoint synchronization initiated. (11 threads)
[2022-02-04T14:43:03.980+0000][12.417s][info ][safepoint     ] Application time: 0.5029656 seconds
[2022-02-04T14:43:03.980+0000][12.417s][info ][safepoint     ] Entering safepoint region: G1CollectForAllocation
[2022-02-04T14:43:03.980+0000][12.417s][info ][gc,start      ] GC(24) Pause Young (Normal) (G1 Evacuation Pause)
[2022-02-04T14:43:03.980+0000][12.417s][info ][gc,task       ] GC(24) Using 4 workers of 4 for evacuation
[2022-02-04T14:43:04.009+0000][12.446s][info ][gc,phases     ] GC(24)   Pre Evacuate Collection Set: 0.0ms
[2022-02-04T14:43:04.009+0000][12.446s][info ][gc,phases     ] GC(24)   Evacuate Collection Set: 26.2ms
[2022-02-04T14:43:04.009+0000][12.446s][info ][gc,phases     ] GC(24)   Post Evacuate Collection Set: 2.9ms
[2022-02-04T14:43:04.009+0000][12.446s][info ][gc,phases     ] GC(24)   Other: 0.1ms
[2022-02-04T14:43:04.009+0000][12.446s][info ][gc,heap       ] GC(24) Eden regions: 173->0(207)
[2022-02-04T14:43:04.009+0000][12.446s][info ][gc,heap       ] GC(24) Survivor regions: 8->10(23)
[2022-02-04T14:43:04.009+0000][12.446s][info ][gc,heap       ] GC(24) Old regions: 20->20
[2022-02-04T14:43:04.009+0000][12.446s][info ][gc,heap       ] GC(24) Humongous regions: 0->0
[2022-02-04T14:43:04.009+0000][12.446s][info ][gc,metaspace  ] GC(24) Metaspace: 41564K->41564K(1087488K)
[2022-02-04T14:43:04.009+0000][12.446s][info ][gc            ] GC(24) Pause Young (Normal) (G1 Evacuation Pause) 198M->28M(363M) 29.399ms
[2022-02-04T14:43:04.009+0000][12.446s][info ][gc,cpu        ] GC(24) User=0.06s Sys=0.00s Real=0.03s
[2022-02-04T14:43:04.009+0000][12.446s][info ][safepoint     ] Leaving safepoint region
[2022-02-04T14:43:04.009+0000][12.446s][info ][safepoint     ] Total time for which application threads were stopped: 0.0295857 seconds, Stopping threads took: 0.0000103 seconds
[2022-02-04T14:43:04.012+0000][12.449s][info ][gc,stringdedup] Concurrent String Deduplication (12.449s)
[2022-02-04T14:43:04.013+0000][12.450s][info ][gc,stringdedup] Concurrent String Deduplication 130.9K->28120.0B(103.4K) avg 46.0% (12.449s, 12.450s) 0.594ms
[2022-02-04T14:43:04.206+0000][12.643s][debug][safepoint     ] Safepoint synchronization initiated. (11 threads)
[2022-02-04T14:43:04.206+0000][12.643s][info ][safepoint     ] Application time: 0.1966710 seconds
[2022-02-04T14:43:04.206+0000][12.643s][info ][safepoint     ] Entering safepoint region: Deoptimize
[2022-02-04T14:43:04.206+0000][12.644s][info ][safepoint     ] Leaving safepoint region
[2022-02-04T14:43:04.206+0000][12.644s][info ][safepoint     ] Total time for which application threads were stopped: 0.0004796 seconds, Stopping threads took: 0.0000097 seconds
[2022-02-04T14:43:04.247+0000][12.684s][debug][safepoint     ] Safepoint synchronization initiated. (11 threads)
[2022-02-04T14:43:04.247+0000][12.684s][info ][safepoint     ] Application time: 0.0401805 seconds
[2022-02-04T14:43:04.247+0000][12.684s][info ][safepoint     ] Entering safepoint region: Deoptimize
[2022-02-04T14:43:04.247+0000][12.684s][info ][safepoint     ] Leaving safepoint region
[2022-02-04T14:43:04.247+0000][12.684s][info ][safepoint     ] Total time for which application threads were stopped: 0.0004893 seconds, Stopping threads took: 0.0000092 seconds
[2022-02-04T14:43:04.445+0000][12.882s][debug][safepoint     ] Safepoint synchronization initiated. (12 threads)
[2022-02-04T14:43:04.445+0000][12.882s][info ][safepoint     ] Application time: 0.1974953 seconds
[2022-02-04T14:43:04.445+0000][12.882s][info ][safepoint     ] Entering safepoint region: Deoptimize
[2022-02-04T14:43:04.445+0000][12.882s][info ][safepoint     ] Leaving safepoint region
[2022-02-04T14:43:04.445+0000][12.882s][info ][safepoint     ] Total time for which application threads were stopped: 0.0005004 seconds, Stopping threads took: 0.0000092 seconds
[2022-02-04T14:43:04.830+0000][13.267s][debug][safepoint     ] Safepoint synchronization initiated. (12 threads)
[2022-02-04T14:43:04.830+0000][13.267s][info ][safepoint     ] Application time: 0.3850495 seconds
[2022-02-04T14:43:04.830+0000][13.267s][info ][safepoint     ] Entering safepoint region: Deoptimize
[2022-02-04T14:43:04.831+0000][13.268s][info ][safepoint     ] Leaving safepoint region
[2022-02-04T14:43:04.831+0000][13.268s][info ][safepoint     ] Total time for which application threads were stopped: 0.0005782 seconds, Stopping threads took: 0.0000098 seconds
[2022-02-04T14:43:05.350+0000][13.788s][debug][safepoint     ] Safepoint synchronization initiated. (12 threads)
[2022-02-04T14:43:05.350+0000][13.788s][info ][safepoint     ] Application time: 0.5197331 seconds
[2022-02-04T14:43:05.350+0000][13.788s][info ][safepoint     ] Entering safepoint region: ICBufferFull
[2022-02-04T14:43:05.354+0000][13.791s][info ][safepoint     ] Leaving safepoint region
[2022-02-04T14:43:05.354+0000][13.791s][info ][safepoint     ] Total time for which application threads were stopped: 0.0034676 seconds, Stopping threads took: 0.0000104 seconds
[2022-02-04T14:43:05.742+0000][14.179s][debug][safepoint     ] Safepoint synchronization initiated. (12 threads)
[2022-02-04T14:43:05.742+0000][14.179s][info ][safepoint     ] Application time: 0.3878880 seconds
[2022-02-04T14:43:05.742+0000][14.179s][info ][safepoint     ] Entering safepoint region: G1CollectForAllocation
[2022-02-04T14:43:05.742+0000][14.179s][info ][gc,start      ] GC(25) Pause Young (Normal) (G1 Evacuation Pause)
[2022-02-04T14:43:05.742+0000][14.179s][info ][gc,task       ] GC(25) Using 4 workers of 4 for evacuation
[2022-02-04T14:43:05.757+0000][14.194s][info ][gc,phases     ] GC(25)   Pre Evacuate Collection Set: 0.0ms
[2022-02-04T14:43:05.757+0000][14.194s][info ][gc,phases     ] GC(25)   Evacuate Collection Set: 13.3ms
[2022-02-04T14:43:05.757+0000][14.194s][info ][gc,phases     ] GC(25)   Post Evacuate Collection Set: 1.6ms
[2022-02-04T14:43:05.757+0000][14.194s][info ][gc,phases     ] GC(25)   Other: 0.2ms
[2022-02-04T14:43:05.757+0000][14.194s][info ][gc,heap       ] GC(25) Eden regions: 207->0(204)
[2022-02-04T14:43:05.757+0000][14.194s][info ][gc,heap       ] GC(25) Survivor regions: 10->13(28)
[2022-02-04T14:43:05.757+0000][14.194s][info ][gc,heap       ] GC(25) Old regions: 20->20
[2022-02-04T14:43:05.757+0000][14.194s][info ][gc,heap       ] GC(25) Humongous regions: 0->0
[2022-02-04T14:43:05.757+0000][14.194s][info ][gc,metaspace  ] GC(25) Metaspace: 47280K->47280K(1091584K)
[2022-02-04T14:43:05.757+0000][14.194s][info ][gc            ] GC(25) Pause Young (Normal) (G1 Evacuation Pause) 235M->30M(363M) 15.235ms
[2022-02-04T14:43:05.757+0000][14.195s][info ][gc,cpu        ] GC(25) User=0.04s Sys=0.00s Real=0.02s
[2022-02-04T14:43:05.757+0000][14.195s][info ][safepoint     ] Leaving safepoint region
[2022-02-04T14:43:05.757+0000][14.195s][info ][safepoint     ] Total time for which application threads were stopped: 0.0154642 seconds, Stopping threads took: 0.0000098 seconds
[2022-02-04T14:43:05.758+0000][14.195s][info ][gc,stringdedup] Concurrent String Deduplication (14.195s)
[2022-02-04T14:43:05.759+0000][14.196s][info ][gc,stringdedup] Concurrent String Deduplication 177.5K->75976.0B(103.3K) avg 46.3% (14.195s, 14.196s) 0.888ms
[2022-02-04T14:43:06.443+0000][14.880s][debug][safepoint     ] Safepoint synchronization initiated. (12 threads)
[2022-02-04T14:43:06.443+0000][14.881s][info ][safepoint     ] Application time: 0.6859960 seconds
[2022-02-04T14:43:06.443+0000][14.881s][info ][safepoint     ] Entering safepoint region: G1CollectForAllocation
[2022-02-04T14:43:06.444+0000][14.881s][info ][gc,start      ] GC(26) Pause Young (Normal) (G1 Evacuation Pause)
[2022-02-04T14:43:06.444+0000][14.881s][info ][gc,task       ] GC(26) Using 4 workers of 4 for evacuation
[2022-02-04T14:43:06.466+0000][14.903s][info ][gc,phases     ] GC(26)   Pre Evacuate Collection Set: 0.0ms
[2022-02-04T14:43:06.466+0000][14.903s][info ][gc,phases     ] GC(26)   Evacuate Collection Set: 19.9ms
[2022-02-04T14:43:06.466+0000][14.903s][info ][gc,phases     ] GC(26)   Post Evacuate Collection Set: 2.1ms
[2022-02-04T14:43:06.466+0000][14.903s][info ][gc,phases     ] GC(26)   Other: 0.3ms
[2022-02-04T14:43:06.466+0000][14.903s][info ][gc,heap       ] GC(26) Eden regions: 204->0(203)
[2022-02-04T14:43:06.466+0000][14.903s][info ][gc,heap       ] GC(26) Survivor regions: 13->14(28)
[2022-02-04T14:43:06.466+0000][14.903s][info ][gc,heap       ] GC(26) Old regions: 20->20
[2022-02-04T14:43:06.466+0000][14.903s][info ][gc,heap       ] GC(26) Humongous regions: 0->0
[2022-02-04T14:43:06.466+0000][14.903s][info ][gc,metaspace  ] GC(26) Metaspace: 50766K->50766K(1093632K)
[2022-02-04T14:43:06.466+0000][14.903s][info ][gc            ] GC(26) Pause Young (Normal) (G1 Evacuation Pause) 234M->32M(363M) 22.251ms
[2022-02-04T14:43:06.466+0000][14.903s][info ][gc,cpu        ] GC(26) User=0.06s Sys=0.00s Real=0.02s
[2022-02-04T14:43:06.466+0000][14.903s][info ][safepoint     ] Leaving safepoint region
[2022-02-04T14:43:06.466+0000][14.903s][info ][safepoint     ] Total time for which application threads were stopped: 0.0225747 seconds, Stopping threads took: 0.0000104 seconds
[2022-02-04T14:43:06.467+0000][14.904s][info ][gc,stringdedup] Concurrent String Deduplication (14.904s)
[2022-02-04T14:43:06.468+0000][14.905s][info ][gc,stringdedup] Concurrent String Deduplication 202.8K->89512.0B(115.4K) avg 46.6% (14.904s, 14.905s) 1.362ms
[2022-02-04T14:43:07.466+0000][15.903s][debug][safepoint     ] Safepoint synchronization initiated. (12 threads)
[2022-02-04T14:43:07.466+0000][15.903s][info ][safepoint     ] Application time: 1.0001727 seconds
[2022-02-04T14:43:07.466+0000][15.903s][info ][safepoint     ] Entering safepoint region: Cleanup
[2022-02-04T14:43:07.466+0000][15.903s][info ][safepoint     ] Leaving safepoint region
[2022-02-04T14:43:07.466+0000][15.903s][info ][safepoint     ] Total time for which application threads were stopped: 0.0001488 seconds, Stopping threads took: 0.0000174 seconds
[2022-02-04T14:43:08.007+0000][16.444s][debug][safepoint     ] Safepoint synchronization initiated. (12 threads)
[2022-02-04T14:43:08.007+0000][16.444s][info ][safepoint     ] Application time: 0.5409588 seconds
[2022-02-04T14:43:08.007+0000][16.444s][info ][safepoint     ] Entering safepoint region: Deoptimize
[2022-02-04T14:43:08.008+0000][16.445s][info ][safepoint     ] Leaving safepoint region
[2022-02-04T14:43:08.008+0000][16.445s][info ][safepoint     ] Total time for which application threads were stopped: 0.0005918 seconds, Stopping threads took: 0.0000102 seconds
[2022-02-04T14:43:08.599+0000][17.037s][debug][safepoint     ] Safepoint synchronization initiated. (12 threads)
[2022-02-04T14:43:08.599+0000][17.037s][info ][safepoint     ] Application time: 0.5915456 seconds
[2022-02-04T14:43:08.599+0000][17.037s][info ][safepoint     ] Entering safepoint region: ICBufferFull
[2022-02-04T14:43:08.600+0000][17.037s][info ][safepoint     ] Leaving safepoint region
[2022-02-04T14:43:08.600+0000][17.037s][info ][safepoint     ] Total time for which application threads were stopped: 0.0001809 seconds, Stopping threads took: 0.0000100 seconds
[2022-02-04T14:43:08.733+0000][17.170s][debug][safepoint     ] Safepoint synchronization initiated. (12 threads)
[2022-02-04T14:43:08.733+0000][17.170s][info ][safepoint     ] Application time: 0.1335795 seconds
[2022-02-04T14:43:08.733+0000][17.170s][info ][safepoint     ] Entering safepoint region: G1CollectForAllocation
[2022-02-04T14:43:08.733+0000][17.170s][info ][gc,start      ] GC(27) Pause Young (Normal) (G1 Evacuation Pause)
[2022-02-04T14:43:08.733+0000][17.170s][info ][gc,task       ] GC(27) Using 4 workers of 4 for evacuation
[2022-02-04T14:43:08.768+0000][17.205s][info ][gc,phases     ] GC(27)   Pre Evacuate Collection Set: 0.0ms
[2022-02-04T14:43:08.768+0000][17.205s][info ][gc,phases     ] GC(27)   Evacuate Collection Set: 30.2ms
[2022-02-04T14:43:08.768+0000][17.205s][info ][gc,phases     ] GC(27)   Post Evacuate Collection Set: 4.4ms
[2022-02-04T14:43:08.768+0000][17.205s][info ][gc,phases     ] GC(27)   Other: 0.1ms
[2022-02-04T14:43:08.768+0000][17.205s][info ][gc,heap       ] GC(27) Eden regions: 203->0(201)
[2022-02-04T14:43:08.768+0000][17.205s][info ][gc,heap       ] GC(27) Survivor regions: 14->16(28)
[2022-02-04T14:43:08.768+0000][17.205s][info ][gc,heap       ] GC(27) Old regions: 20->21
[2022-02-04T14:43:08.768+0000][17.205s][info ][gc,heap       ] GC(27) Humongous regions: 0->0
[2022-02-04T14:43:08.768+0000][17.205s][info ][gc,metaspace  ] GC(27) Metaspace: 56680K->56680K(1099776K)
[2022-02-04T14:43:08.768+0000][17.205s][info ][gc            ] GC(27) Pause Young (Normal) (G1 Evacuation Pause) 235M->34M(363M) 34.922ms
[2022-02-04T14:43:08.768+0000][17.205s][info ][gc,cpu        ] GC(27) User=0.09s Sys=0.01s Real=0.04s
[2022-02-04T14:43:08.768+0000][17.205s][info ][safepoint     ] Leaving safepoint region
[2022-02-04T14:43:08.768+0000][17.205s][info ][safepoint     ] Total time for which application threads were stopped: 0.0350616 seconds, Stopping threads took: 0.0000107 seconds
[2022-02-04T14:43:08.769+0000][17.206s][info ][gc,stringdedup] Concurrent String Deduplication (17.206s)
[2022-02-04T14:43:08.771+0000][17.208s][info ][gc,stringdedup] Concurrent String Deduplication 294.6K->136.6K(158.0K) avg 46.9% (17.206s, 17.208s) 2.155ms
[2022-02-04T14:43:09.194+0000][17.631s][debug][safepoint     ] Safepoint synchronization initiated. (12 threads)
[2022-02-04T14:43:09.194+0000][17.631s][info ][safepoint     ] Application time: 0.4253967 seconds
[2022-02-04T14:43:09.194+0000][17.631s][debug][safepoint     ] Waiting for 2 thread(s) to block
[2022-02-04T14:43:09.194+0000][17.631s][info ][safepoint     ] Entering safepoint region: CollectForMetadataAllocation
[2022-02-04T14:43:09.194+0000][17.631s][info ][gc,start      ] GC(28) Pause Young (Concurrent Start) (Metadata GC Threshold)
[2022-02-04T14:43:09.194+0000][17.631s][info ][gc,task       ] GC(28) Using 4 workers of 4 for evacuation
[2022-02-04T14:43:09.227+0000][17.665s][info ][gc,phases     ] GC(28)   Pre Evacuate Collection Set: 0.1ms
[2022-02-04T14:43:09.227+0000][17.665s][info ][gc,phases     ] GC(28)   Evacuate Collection Set: 30.3ms
[2022-02-04T14:43:09.227+0000][17.665s][info ][gc,phases     ] GC(28)   Post Evacuate Collection Set: 3.1ms
[2022-02-04T14:43:09.228+0000][17.665s][info ][gc,phases     ] GC(28)   Other: 0.2ms
[2022-02-04T14:43:09.228+0000][17.665s][info ][gc,heap       ] GC(28) Eden regions: 133->0(203)
[2022-02-04T14:43:09.228+0000][17.665s][info ][gc,heap       ] GC(28) Survivor regions: 16->14(28)
[2022-02-04T14:43:09.228+0000][17.665s][info ][gc,heap       ] GC(28) Old regions: 21->22
[2022-02-04T14:43:09.228+0000][17.665s][info ][gc,heap       ] GC(28) Humongous regions: 0->0
[2022-02-04T14:43:09.228+0000][17.665s][info ][gc,metaspace  ] GC(28) Metaspace: 59181K->59181K(1101824K)
[2022-02-04T14:43:09.228+0000][17.665s][info ][gc            ] GC(28) Pause Young (Concurrent Start) (Metadata GC Threshold) 167M->34M(363M) 33.820ms
[2022-02-04T14:43:09.228+0000][17.665s][info ][gc,cpu        ] GC(28) User=0.09s Sys=0.00s Real=0.04s
[2022-02-04T14:43:09.228+0000][17.665s][info ][safepoint     ] Leaving safepoint region
[2022-02-04T14:43:09.228+0000][17.665s][info ][safepoint     ] Total time for which application threads were stopped: 0.0340439 seconds, Stopping threads took: 0.0000502 seconds
[2022-02-04T14:43:09.228+0000][17.665s][info ][gc            ] GC(29) Concurrent Cycle
[2022-02-04T14:43:09.228+0000][17.665s][info ][gc,marking    ] GC(29) Concurrent Clear Claimed Marks
[2022-02-04T14:43:09.228+0000][17.665s][info ][gc,marking    ] GC(29) Concurrent Clear Claimed Marks 0.082ms
[2022-02-04T14:43:09.228+0000][17.665s][info ][gc,marking    ] GC(29) Concurrent Scan Root Regions
[2022-02-04T14:43:09.230+0000][17.667s][info ][gc,stringdedup] Concurrent String Deduplication (17.667s)
[2022-02-04T14:43:09.230+0000][17.668s][info ][gc,stringdedup] Concurrent String Deduplication 77752.0B->10504.0B(67248.0B) avg 47.2% (17.667s, 17.668s) 0.749ms
[2022-02-04T14:43:09.239+0000][17.676s][info ][gc,marking    ] GC(29) Concurrent Scan Root Regions 11.415ms
[2022-02-04T14:43:09.239+0000][17.676s][info ][gc,marking    ] GC(29) Concurrent Mark (17.676s)
[2022-02-04T14:43:09.239+0000][17.677s][info ][gc,marking    ] GC(29) Concurrent Mark From Roots
[2022-02-04T14:43:09.239+0000][17.677s][info ][gc,task       ] GC(29) Using 1 workers of 1 for marking
[2022-02-04T14:43:09.288+0000][17.725s][info ][gc,marking    ] GC(29) Concurrent Mark From Roots 48.912ms
[2022-02-04T14:43:09.288+0000][17.725s][info ][gc,marking    ] GC(29) Concurrent Preclean
[2022-02-04T14:43:09.288+0000][17.726s][info ][gc,marking    ] GC(29) Concurrent Preclean 0.054ms
[2022-02-04T14:43:09.288+0000][17.726s][info ][gc,marking    ] GC(29) Concurrent Mark (17.676s, 17.726s) 49.038ms
[2022-02-04T14:43:09.288+0000][17.726s][debug][safepoint     ] Safepoint synchronization initiated. (12 threads)
[2022-02-04T14:43:09.288+0000][17.726s][info ][safepoint     ] Application time: 0.0606913 seconds
[2022-02-04T14:43:09.288+0000][17.726s][debug][safepoint     ] Waiting for 1 thread(s) to block
[2022-02-04T14:43:09.288+0000][17.726s][info ][safepoint     ] Entering safepoint region: CGC_Operation
[2022-02-04T14:43:09.289+0000][17.726s][info ][gc,start      ] GC(29) Pause Remark
[2022-02-04T14:43:09.306+0000][17.743s][info ][gc,stringtable] GC(29) Cleaned string and symbol table, strings: 24452 processed, 1 removed, symbols: 184959 processed, 173 removed
[2022-02-04T14:43:09.306+0000][17.744s][info ][gc            ] GC(29) Pause Remark 42M->42M(363M) 17.953ms
[2022-02-04T14:43:09.307+0000][17.744s][info ][gc,cpu        ] GC(29) User=0.04s Sys=0.00s Real=0.02s
[2022-02-04T14:43:09.307+0000][17.744s][info ][safepoint     ] Leaving safepoint region
[2022-02-04T14:43:09.307+0000][17.744s][info ][safepoint     ] Total time for which application threads were stopped: 0.0181787 seconds, Stopping threads took: 0.0001098 seconds
[2022-02-04T14:43:09.307+0000][17.745s][info ][gc,marking    ] GC(29) Concurrent Rebuild Remembered Sets
[2022-02-04T14:43:09.329+0000][17.766s][info ][gc,marking    ] GC(29) Concurrent Rebuild Remembered Sets 21.726ms
[2022-02-04T14:43:09.329+0000][17.766s][debug][safepoint     ] Safepoint synchronization initiated. (12 threads)
[2022-02-04T14:43:09.329+0000][17.767s][info ][safepoint     ] Application time: 0.0227206 seconds
[2022-02-04T14:43:09.331+0000][17.768s][debug][safepoint     ] ... found polling page return exception at pc = 0x00007f98ac3c2fc2, stub =0x00007f98a48beb80
[2022-02-04T14:43:09.332+0000][17.769s][debug][safepoint     ] Waiting for 1 thread(s) to block
[2022-02-04T14:43:09.332+0000][17.769s][info ][safepoint     ] Entering safepoint region: CGC_Operation
[2022-02-04T14:43:09.332+0000][17.769s][info ][gc,start      ] GC(29) Pause Cleanup
[2022-02-04T14:43:09.332+0000][17.769s][info ][gc            ] GC(29) Pause Cleanup 49M->49M(363M) 0.200ms
[2022-02-04T14:43:09.332+0000][17.769s][info ][gc,cpu        ] GC(29) User=0.00s Sys=0.00s Real=0.00s
[2022-02-04T14:43:09.332+0000][17.769s][info ][safepoint     ] Leaving safepoint region
[2022-02-04T14:43:09.332+0000][17.769s][info ][safepoint     ] Total time for which application threads were stopped: 0.0028106 seconds, Stopping threads took: 0.0024517 seconds
[2022-02-04T14:43:09.332+0000][17.769s][info ][gc,marking    ] GC(29) Concurrent Cleanup for Next Mark
[2022-02-04T14:43:09.334+0000][17.771s][info ][gc,marking    ] GC(29) Concurrent Cleanup for Next Mark 1.462ms
[2022-02-04T14:43:09.334+0000][17.771s][info ][gc            ] GC(29) Concurrent Cycle 105.966ms
[2022-02-04T14:43:09.468+0000][17.906s][debug][safepoint     ] Safepoint synchronization initiated. (12 threads)
[2022-02-04T14:43:09.469+0000][17.906s][info ][safepoint     ] Application time: 0.1364086 seconds
[2022-02-04T14:43:09.469+0000][17.906s][debug][safepoint     ] Waiting for 1 thread(s) to block
[2022-02-04T14:43:09.469+0000][17.906s][info ][safepoint     ] Entering safepoint region: ICBufferFull
[2022-02-04T14:43:09.469+0000][17.906s][info ][safepoint     ] Leaving safepoint region
[2022-02-04T14:43:09.469+0000][17.906s][info ][safepoint     ] Total time for which application threads were stopped: 0.0002154 seconds, Stopping threads took: 0.0000283 seconds
[2022-02-04T14:43:09.571+0000][18.008s][debug][safepoint     ] Safepoint synchronization initiated. (12 threads)
[2022-02-04T14:43:09.571+0000][18.008s][info ][safepoint     ] Application time: 0.1023550 seconds
[2022-02-04T14:43:09.571+0000][18.008s][info ][safepoint     ] Entering safepoint region: ICBufferFull
[2022-02-04T14:43:09.571+0000][18.008s][info ][safepoint     ] Leaving safepoint region
[2022-02-04T14:43:09.571+0000][18.008s][info ][safepoint     ] Total time for which application threads were stopped: 0.0001310 seconds, Stopping threads took: 0.0000098 seconds
[2022-02-04T14:43:09.697+0000][18.134s][debug][safepoint     ] Safepoint synchronization initiated. (12 threads)
[2022-02-04T14:43:09.697+0000][18.134s][info ][safepoint     ] Application time: 0.1255950 seconds
[2022-02-04T14:43:09.697+0000][18.134s][debug][safepoint     ] Waiting for 1 thread(s) to block
[2022-02-04T14:43:09.697+0000][18.134s][info ][safepoint     ] Entering safepoint region: ICBufferFull
[2022-02-04T14:43:09.697+0000][18.134s][info ][safepoint     ] Leaving safepoint region
[2022-02-04T14:43:09.697+0000][18.134s][info ][safepoint     ] Total time for which application threads were stopped: 0.0002430 seconds, Stopping threads took: 0.0000553 seconds
[2022-02-04T14:43:10.116+0000][18.553s][debug][safepoint     ] Safepoint synchronization initiated. (12 threads)
[2022-02-04T14:43:10.116+0000][18.553s][info ][safepoint     ] Application time: 0.4190366 seconds
[2022-02-04T14:43:10.116+0000][18.553s][info ][safepoint     ] Entering safepoint region: ICBufferFull
[2022-02-04T14:43:10.116+0000][18.554s][info ][safepoint     ] Leaving safepoint region
[2022-02-04T14:43:10.116+0000][18.554s][info ][safepoint     ] Total time for which application threads were stopped: 0.0001900 seconds, Stopping threads took: 0.0000116 seconds
[2022-02-04T14:43:10.383+0000][18.821s][debug][safepoint     ] Safepoint synchronization initiated. (12 threads)
[2022-02-04T14:43:10.383+0000][18.821s][info ][safepoint     ] Application time: 0.2670357 seconds
[2022-02-04T14:43:10.383+0000][18.821s][debug][safepoint     ] Waiting for 1 thread(s) to block
[2022-02-04T14:43:10.383+0000][18.821s][info ][safepoint     ] Entering safepoint region: G1CollectForAllocation
[2022-02-04T14:43:10.385+0000][18.822s][info ][gc,start      ] GC(30) Pause Young (Normal) (G1 Evacuation Pause)
[2022-02-04T14:43:10.385+0000][18.822s][info ][gc,task       ] GC(30) Using 4 workers of 4 for evacuation
[2022-02-04T14:43:10.414+0000][18.852s][info ][gc,phases     ] GC(30)   Pre Evacuate Collection Set: 0.0ms
[2022-02-04T14:43:10.414+0000][18.852s][info ][gc,phases     ] GC(30)   Evacuate Collection Set: 26.8ms
[2022-02-04T14:43:10.414+0000][18.852s][info ][gc,phases     ] GC(30)   Post Evacuate Collection Set: 3.0ms
[2022-02-04T14:43:10.415+0000][18.852s][info ][gc,phases     ] GC(30)   Other: 0.2ms
[2022-02-04T14:43:10.415+0000][18.852s][info ][gc,heap       ] GC(30) Eden regions: 203->0(201)
[2022-02-04T14:43:10.415+0000][18.852s][info ][gc,heap       ] GC(30) Survivor regions: 14->16(28)
[2022-02-04T14:43:10.415+0000][18.852s][info ][gc,heap       ] GC(30) Old regions: 22->22
[2022-02-04T14:43:10.415+0000][18.852s][info ][gc,heap       ] GC(30) Humongous regions: 0->0
[2022-02-04T14:43:10.415+0000][18.852s][info ][gc,metaspace  ] GC(30) Metaspace: 63197K->63197K(1105920K)
[2022-02-04T14:43:10.415+0000][18.852s][info ][gc            ] GC(30) Pause Young (Normal) (G1 Evacuation Pause) 237M->36M(363M) 30.058ms
[2022-02-04T14:43:10.415+0000][18.852s][info ][gc,cpu        ] GC(30) User=0.05s Sys=0.00s Real=0.02s
[2022-02-04T14:43:10.415+0000][18.852s][info ][safepoint     ] Leaving safepoint region
[2022-02-04T14:43:10.415+0000][18.852s][info ][safepoint     ] Total time for which application threads were stopped: 0.0311909 seconds, Stopping threads took: 0.0000305 seconds
[2022-02-04T14:43:10.415+0000][18.852s][info ][gc,stringdedup] Concurrent String Deduplication (18.852s)
[2022-02-04T14:43:10.416+0000][18.853s][info ][gc,stringdedup] Concurrent String Deduplication 192.7K->50856.0B(143.1K) avg 47.9% (18.852s, 18.853s) 1.445ms
[2022-02-04T14:43:10.521+0000][18.959s][debug][safepoint     ] Safepoint synchronization initiated. (12 threads)
[2022-02-04T14:43:10.521+0000][18.959s][info ][safepoint     ] Application time: 0.1067237 seconds
[2022-02-04T14:43:10.521+0000][18.959s][debug][safepoint     ] Waiting for 1 thread(s) to block
[2022-02-04T14:43:10.521+0000][18.959s][info ][safepoint     ] Entering safepoint region: Deoptimize
[2022-02-04T14:43:10.522+0000][18.959s][info ][safepoint     ] Leaving safepoint region
[2022-02-04T14:43:10.522+0000][18.959s][info ][safepoint     ] Total time for which application threads were stopped: 0.0006866 seconds, Stopping threads took: 0.0000300 seconds
[2022-02-04T14:43:11.020+0000][19.457s][debug][safepoint     ] Safepoint synchronization initiated. (12 threads)
[2022-02-04T14:43:11.020+0000][19.458s][info ][safepoint     ] Application time: 0.4982307 seconds
[2022-02-04T14:43:11.020+0000][19.458s][debug][safepoint     ] Waiting for 1 thread(s) to block
[2022-02-04T14:43:11.020+0000][19.458s][info ][safepoint     ] Entering safepoint region: ICBufferFull
[2022-02-04T14:43:11.020+0000][19.458s][info ][safepoint     ] Leaving safepoint region
[2022-02-04T14:43:11.020+0000][19.458s][info ][safepoint     ] Total time for which application threads were stopped: 0.0001559 seconds, Stopping threads took: 0.0000274 seconds
[2022-02-04T14:43:11.096+0000][19.533s][debug][safepoint     ] Safepoint synchronization initiated. (12 threads)
[2022-02-04T14:43:11.096+0000][19.533s][info ][safepoint     ] Application time: 0.0752903 seconds
[2022-02-04T14:43:11.096+0000][19.533s][debug][safepoint     ] Waiting for 1 thread(s) to block
[2022-02-04T14:43:11.096+0000][19.533s][info ][safepoint     ] Entering safepoint region: Deoptimize
[2022-02-04T14:43:11.097+0000][19.534s][info ][safepoint     ] Leaving safepoint region
[2022-02-04T14:43:11.097+0000][19.534s][info ][safepoint     ] Total time for which application threads were stopped: 0.0009698 seconds, Stopping threads took: 0.0000296 seconds
[2022-02-04T14:43:11.241+0000][19.679s][debug][safepoint     ] Safepoint synchronization initiated. (12 threads)
[2022-02-04T14:43:11.241+0000][19.679s][info ][safepoint     ] Application time: 0.1445797 seconds
[2022-02-04T14:43:11.241+0000][19.679s][debug][safepoint     ] Waiting for 1 thread(s) to block
[2022-02-04T14:43:11.241+0000][19.679s][info ][safepoint     ] Entering safepoint region: Deoptimize
[2022-02-04T14:43:11.242+0000][19.679s][info ][safepoint     ] Leaving safepoint region
[2022-02-04T14:43:11.242+0000][19.679s][info ][safepoint     ] Total time for which application threads were stopped: 0.0008417 seconds, Stopping threads took: 0.0000287 seconds
[2022-02-04T14:43:11.657+0000][20.094s][debug][safepoint     ] Safepoint synchronization initiated. (12 threads)
[2022-02-04T14:43:11.657+0000][20.094s][info ][safepoint     ] Application time: 0.4147199 seconds
[2022-02-04T14:43:11.657+0000][20.094s][debug][safepoint     ] Waiting for 1 thread(s) to block
[2022-02-04T14:43:11.657+0000][20.094s][info ][safepoint     ] Entering safepoint region: ICBufferFull
[2022-02-04T14:43:11.657+0000][20.094s][info ][safepoint     ] Leaving safepoint region
[2022-02-04T14:43:11.657+0000][20.094s][info ][safepoint     ] Total time for which application threads were stopped: 0.0002315 seconds, Stopping threads took: 0.0000515 seconds
[2022-02-04T14:43:12.094+0000][20.531s][debug][safepoint     ] Safepoint synchronization initiated. (12 threads)
[2022-02-04T14:43:12.094+0000][20.531s][info ][safepoint     ] Application time: 0.4366243 seconds
[2022-02-04T14:43:12.094+0000][20.531s][debug][safepoint     ] Waiting for 1 thread(s) to block
[2022-02-04T14:43:12.094+0000][20.531s][info ][safepoint     ] Entering safepoint region: ICBufferFull
[2022-02-04T14:43:12.094+0000][20.531s][info ][safepoint     ] Leaving safepoint region
[2022-02-04T14:43:12.094+0000][20.531s][info ][safepoint     ] Total time for which application threads were stopped: 0.0001592 seconds, Stopping threads took: 0.0000285 seconds
[2022-02-04T14:43:12.196+0000][20.633s][debug][safepoint     ] Safepoint synchronization initiated. (12 threads)
[2022-02-04T14:43:12.196+0000][20.634s][info ][safepoint     ] Application time: 0.1023132 seconds
[2022-02-04T14:43:12.196+0000][20.634s][debug][safepoint     ] Waiting for 1 thread(s) to block
[2022-02-04T14:43:12.196+0000][20.634s][info ][safepoint     ] Entering safepoint region: G1CollectForAllocation
[2022-02-04T14:43:12.196+0000][20.634s][info ][gc,start      ] GC(31) Pause Young (Normal) (G1 Evacuation Pause)
[2022-02-04T14:43:12.196+0000][20.634s][info ][gc,task       ] GC(31) Using 4 workers of 4 for evacuation
[2022-02-04T14:43:12.222+0000][20.660s][info ][gc,phases     ] GC(31)   Pre Evacuate Collection Set: 0.0ms
[2022-02-04T14:43:12.222+0000][20.660s][info ][gc,phases     ] GC(31)   Evacuate Collection Set: 23.9ms
[2022-02-04T14:43:12.222+0000][20.660s][info ][gc,phases     ] GC(31)   Post Evacuate Collection Set: 2.0ms
[2022-02-04T14:43:12.222+0000][20.660s][info ][gc,phases     ] GC(31)   Other: 0.1ms
[2022-02-04T14:43:12.223+0000][20.660s][info ][gc,heap       ] GC(31) Eden regions: 201->0(198)
[2022-02-04T14:43:12.223+0000][20.660s][info ][gc,heap       ] GC(31) Survivor regions: 16->19(28)
[2022-02-04T14:43:12.223+0000][20.660s][info ][gc,heap       ] GC(31) Old regions: 22->23
[2022-02-04T14:43:12.223+0000][20.660s][info ][gc,heap       ] GC(31) Humongous regions: 0->0
[2022-02-04T14:43:12.223+0000][20.660s][info ][gc,metaspace  ] GC(31) Metaspace: 68288K->68288K(1110016K)
[2022-02-04T14:43:12.223+0000][20.660s][info ][gc            ] GC(31) Pause Young (Normal) (G1 Evacuation Pause) 237M->39M(363M) 26.169ms
[2022-02-04T14:43:12.223+0000][20.660s][info ][gc,cpu        ] GC(31) User=0.07s Sys=0.00s Real=0.02s
[2022-02-04T14:43:12.223+0000][20.660s][info ][safepoint     ] Leaving safepoint region
[2022-02-04T14:43:12.223+0000][20.660s][info ][safepoint     ] Total time for which application threads were stopped: 0.0263027 seconds, Stopping threads took: 0.0000301 seconds
[2022-02-04T14:43:12.223+0000][20.660s][info ][gc,stringdedup] Concurrent String Deduplication (20.660s)
[2022-02-04T14:43:12.223+0000][20.660s][info ][gc,stringdedup] Concurrent String Deduplication 40664.0B->1640.0B(39024.0B) avg 48.1% (20.660s, 20.660s) 0.268ms
[2022-02-04T14:43:12.966+0000][21.403s][debug][safepoint     ] Safepoint synchronization initiated. (12 threads)
[2022-02-04T14:43:12.966+0000][21.403s][info ][safepoint     ] Application time: 0.7431044 seconds
[2022-02-04T14:43:12.966+0000][21.403s][info ][safepoint     ] Entering safepoint region: ICBufferFull
[2022-02-04T14:43:12.966+0000][21.403s][info ][safepoint     ] Leaving safepoint region
[2022-02-04T14:43:12.966+0000][21.403s][info ][safepoint     ] Total time for which application threads were stopped: 0.0001574 seconds, Stopping threads took: 0.0000104 seconds
[2022-02-04T14:43:12.983+0000][21.420s][debug][safepoint     ] Safepoint synchronization initiated. (12 threads)
[2022-02-04T14:43:12.983+0000][21.421s][info ][safepoint     ] Application time: 0.0173701 seconds
[2022-02-04T14:43:12.983+0000][21.421s][info ][safepoint     ] Entering safepoint region: Deoptimize
[2022-02-04T14:43:12.984+0000][21.421s][info ][safepoint     ] Leaving safepoint region
[2022-02-04T14:43:12.984+0000][21.421s][info ][safepoint     ] Total time for which application threads were stopped: 0.0007857 seconds, Stopping threads took: 0.0000097 seconds
[2022-02-04T14:43:13.312+0000][21.750s][debug][safepoint     ] Safepoint synchronization initiated. (12 threads)
[2022-02-04T14:43:13.313+0000][21.750s][info ][safepoint     ] Application time: 0.3284640 seconds
[2022-02-04T14:43:13.313+0000][21.750s][info ][safepoint     ] Entering safepoint region: Deoptimize
[2022-02-04T14:43:13.313+0000][21.751s][info ][safepoint     ] Leaving safepoint region
[2022-02-04T14:43:13.313+0000][21.751s][info ][safepoint     ] Total time for which application threads were stopped: 0.0008101 seconds, Stopping threads took: 0.0000102 seconds
[2022-02-04T14:43:13.767+0000][22.204s][debug][safepoint     ] Safepoint synchronization initiated. (12 threads)
[2022-02-04T14:43:13.767+0000][22.204s][info ][safepoint     ] Application time: 0.4533027 seconds
[2022-02-04T14:43:13.767+0000][22.204s][info ][safepoint     ] Entering safepoint region: ICBufferFull
[2022-02-04T14:43:13.767+0000][22.204s][info ][safepoint     ] Leaving safepoint region
[2022-02-04T14:43:13.767+0000][22.204s][info ][safepoint     ] Total time for which application threads were stopped: 0.0001662 seconds, Stopping threads took: 0.0000103 seconds
[2022-02-04T14:43:14.231+0000][22.668s][debug][safepoint     ] Safepoint synchronization initiated. (12 threads)
[2022-02-04T14:43:14.231+0000][22.668s][info ][safepoint     ] Application time: 0.4642090 seconds
[2022-02-04T14:43:14.231+0000][22.668s][debug][safepoint     ] Waiting for 1 thread(s) to block
[2022-02-04T14:43:14.231+0000][22.668s][info ][safepoint     ] Entering safepoint region: ICBufferFull
[2022-02-04T14:43:14.231+0000][22.668s][info ][safepoint     ] Leaving safepoint region
[2022-02-04T14:43:14.231+0000][22.668s][info ][safepoint     ] Total time for which application threads were stopped: 0.0001945 seconds, Stopping threads took: 0.0000570 seconds
[2022-02-04T14:43:14.249+0000][22.686s][debug][safepoint     ] Safepoint synchronization initiated. (12 threads)
[2022-02-04T14:43:14.249+0000][22.686s][info ][safepoint     ] Application time: 0.0177158 seconds
[2022-02-04T14:43:14.249+0000][22.686s][info ][safepoint     ] Entering safepoint region: G1CollectForAllocation
[2022-02-04T14:43:14.249+0000][22.686s][info ][gc,start      ] GC(32) Pause Young (Normal) (G1 Evacuation Pause)
[2022-02-04T14:43:14.249+0000][22.686s][info ][gc,task       ] GC(32) Using 4 workers of 4 for evacuation
[2022-02-04T14:43:14.280+0000][22.717s][info ][gc,phases     ] GC(32)   Pre Evacuate Collection Set: 0.0ms
[2022-02-04T14:43:14.280+0000][22.717s][info ][gc,phases     ] GC(32)   Evacuate Collection Set: 28.3ms
[2022-02-04T14:43:14.280+0000][22.717s][info ][gc,phases     ] GC(32)   Post Evacuate Collection Set: 2.6ms
[2022-02-04T14:43:14.280+0000][22.718s][info ][gc,phases     ] GC(32)   Other: 0.1ms
[2022-02-04T14:43:14.280+0000][22.718s][info ][gc,heap       ] GC(32) Eden regions: 198->0(196)
[2022-02-04T14:43:14.280+0000][22.718s][info ][gc,heap       ] GC(32) Survivor regions: 19->21(28)
[2022-02-04T14:43:14.280+0000][22.718s][info ][gc,heap       ] GC(32) Old regions: 23->29
[2022-02-04T14:43:14.280+0000][22.718s][info ][gc,heap       ] GC(32) Humongous regions: 0->0
[2022-02-04T14:43:14.280+0000][22.718s][info ][gc,metaspace  ] GC(32) Metaspace: 70999K->70999K(1112064K)
[2022-02-04T14:43:14.280+0000][22.718s][info ][gc            ] GC(32) Pause Young (Normal) (G1 Evacuation Pause) 237M->47M(363M) 31.235ms
[2022-02-04T14:43:14.280+0000][22.718s][info ][gc,cpu        ] GC(32) User=0.09s Sys=0.00s Real=0.03s
[2022-02-04T14:43:14.280+0000][22.718s][info ][safepoint     ] Leaving safepoint region
[2022-02-04T14:43:14.280+0000][22.718s][info ][safepoint     ] Total time for which application threads were stopped: 0.0313752 seconds, Stopping threads took: 0.0000096 seconds
[2022-02-04T14:43:14.280+0000][22.718s][info ][gc,stringdedup] Concurrent String Deduplication (22.718s)
[2022-02-04T14:43:14.282+0000][22.719s][info ][gc,stringdedup] Concurrent String Deduplication 231.7K->148.1K(85592.0B) avg 47.8% (22.718s, 22.719s) 1.158ms
[2022-02-04T14:43:14.304+0000][22.741s][debug][safepoint     ] Safepoint synchronization initiated. (12 threads)
[2022-02-04T14:43:14.304+0000][22.741s][info ][safepoint     ] Application time: 0.0233117 seconds
[2022-02-04T14:43:14.304+0000][22.741s][debug][safepoint     ] Waiting for 1 thread(s) to block
[2022-02-04T14:43:14.304+0000][22.741s][info ][safepoint     ] Entering safepoint region: Deoptimize
[2022-02-04T14:43:14.305+0000][22.742s][info ][safepoint     ] Leaving safepoint region
[2022-02-04T14:43:14.305+0000][22.742s][info ][safepoint     ] Total time for which application threads were stopped: 0.0008389 seconds, Stopping threads took: 0.0000583 seconds
[2022-02-04T14:43:14.479+0000][22.917s][debug][safepoint     ] Safepoint synchronization initiated. (13 threads)
[2022-02-04T14:43:14.479+0000][22.917s][info ][safepoint     ] Application time: 0.1748409 seconds
[2022-02-04T14:43:14.479+0000][22.917s][info ][safepoint     ] Entering safepoint region: Deoptimize
[2022-02-04T14:43:14.480+0000][22.917s][info ][safepoint     ] Leaving safepoint region
[2022-02-04T14:43:14.480+0000][22.917s][info ][safepoint     ] Total time for which application threads were stopped: 0.0008138 seconds, Stopping threads took: 0.0000098 seconds
[2022-02-04T14:43:14.689+0000][23.126s][debug][safepoint     ] Safepoint synchronization initiated. (18 threads)
[2022-02-04T14:43:14.689+0000][23.126s][info ][safepoint     ] Application time: 0.2084262 seconds
[2022-02-04T14:43:14.689+0000][23.126s][info ][safepoint     ] Entering safepoint region: ICBufferFull
[2022-02-04T14:43:14.689+0000][23.126s][info ][safepoint     ] Leaving safepoint region
[2022-02-04T14:43:14.689+0000][23.126s][info ][safepoint     ] Total time for which application threads were stopped: 0.0001384 seconds, Stopping threads took: 0.0000110 seconds
[2022-02-04T14:43:14.840+0000][23.277s][debug][safepoint     ] Safepoint synchronization initiated. (22 threads)
[2022-02-04T14:43:14.840+0000][23.277s][info ][safepoint     ] Application time: 0.1509628 seconds
[2022-02-04T14:43:14.840+0000][23.277s][debug][safepoint     ] Waiting for 2 thread(s) to block
[2022-02-04T14:43:14.840+0000][23.277s][info ][safepoint     ] Entering safepoint region: Deoptimize
[2022-02-04T14:43:14.841+0000][23.278s][info ][safepoint     ] Leaving safepoint region
[2022-02-04T14:43:14.841+0000][23.278s][info ][safepoint     ] Total time for which application threads were stopped: 0.0008350 seconds, Stopping threads took: 0.0000322 seconds
[2022-02-04T14:43:14.842+0000][23.279s][debug][safepoint     ] Safepoint synchronization initiated. (22 threads)
[2022-02-04T14:43:14.842+0000][23.279s][info ][safepoint     ] Application time: 0.0012082 seconds
[2022-02-04T14:43:14.842+0000][23.279s][debug][safepoint     ] Waiting for 2 thread(s) to block
[2022-02-04T14:43:14.842+0000][23.279s][info ][safepoint     ] Entering safepoint region: Deoptimize
[2022-02-04T14:43:14.843+0000][23.280s][info ][safepoint     ] Leaving safepoint region
[2022-02-04T14:43:14.843+0000][23.280s][info ][safepoint     ] Total time for which application threads were stopped: 0.0007477 seconds, Stopping threads took: 0.0000551 seconds
[2022-02-04T14:43:14.850+0000][23.287s][debug][safepoint     ] Safepoint synchronization initiated. (22 threads)
[2022-02-04T14:43:14.850+0000][23.287s][info ][safepoint     ] Application time: 0.0072881 seconds
[2022-02-04T14:43:14.852+0000][23.289s][debug][safepoint     ] ... found polling page return exception at pc = 0x00007f98a5e4e4a7, stub =0x00007f98a48beb80
[2022-02-04T14:43:14.852+0000][23.290s][debug][safepoint     ] Waiting for 2 thread(s) to block
[2022-02-04T14:43:14.852+0000][23.290s][info ][safepoint     ] Entering safepoint region: ICBufferFull
[2022-02-04T14:43:14.853+0000][23.290s][info ][safepoint     ] Leaving safepoint region
[2022-02-04T14:43:14.853+0000][23.290s][info ][safepoint     ] Total time for which application threads were stopped: 0.0028169 seconds, Stopping threads took: 0.0025933 seconds
[2022-02-04T14:43:14.862+0000][23.299s][debug][safepoint     ] Safepoint synchronization initiated. (22 threads)
[2022-02-04T14:43:14.862+0000][23.299s][info ][safepoint     ] Application time: 0.0089985 seconds
[2022-02-04T14:43:14.862+0000][23.299s][info ][safepoint     ] Entering safepoint region: Deoptimize
[2022-02-04T14:43:14.863+0000][23.300s][info ][safepoint     ] Leaving safepoint region
[2022-02-04T14:43:14.863+0000][23.300s][info ][safepoint     ] Total time for which application threads were stopped: 0.0008372 seconds, Stopping threads took: 0.0000118 seconds
[2022-02-04T14:43:15.264+0000][23.701s][debug][safepoint     ] Safepoint synchronization initiated. (22 threads)
[2022-02-04T14:43:15.264+0000][23.701s][info ][safepoint     ] Application time: 0.4009567 seconds
[2022-02-04T14:43:15.264+0000][23.701s][info ][safepoint     ] Entering safepoint region: ICBufferFull
[2022-02-04T14:43:15.264+0000][23.701s][info ][safepoint     ] Leaving safepoint region
[2022-02-04T14:43:15.264+0000][23.701s][info ][safepoint     ] Total time for which application threads were stopped: 0.0001503 seconds, Stopping threads took: 0.0000111 seconds
[2022-02-04T14:43:15.283+0000][23.720s][debug][safepoint     ] Safepoint synchronization initiated. (22 threads)
[2022-02-04T14:43:15.283+0000][23.720s][info ][safepoint     ] Application time: 0.0190855 seconds
[2022-02-04T14:43:15.283+0000][23.720s][debug][safepoint     ] Waiting for 1 thread(s) to block
[2022-02-04T14:43:15.283+0000][23.720s][info ][safepoint     ] Entering safepoint region: ICBufferFull
[2022-02-04T14:43:15.283+0000][23.720s][info ][safepoint     ] Leaving safepoint region
[2022-02-04T14:43:15.283+0000][23.720s][info ][safepoint     ] Total time for which application threads were stopped: 0.0001789 seconds, Stopping threads took: 0.0000509 seconds
[2022-02-04T14:43:15.565+0000][24.002s][debug][safepoint     ] Safepoint synchronization initiated. (22 threads)
[2022-02-04T14:43:15.565+0000][24.002s][info ][safepoint     ] Application time: 0.2817110 seconds
[2022-02-04T14:43:15.565+0000][24.002s][info ][safepoint     ] Entering safepoint region: Deoptimize
[2022-02-04T14:43:15.566+0000][24.003s][info ][safepoint     ] Leaving safepoint region
[2022-02-04T14:43:15.566+0000][24.003s][info ][safepoint     ] Total time for which application threads were stopped: 0.0008521 seconds, Stopping threads took: 0.0000107 seconds
[2022-02-04T14:43:15.573+0000][24.010s][debug][safepoint     ] Safepoint synchronization initiated. (22 threads)
[2022-02-04T14:43:15.573+0000][24.010s][info ][safepoint     ] Application time: 0.0074703 seconds
[2022-02-04T14:43:15.573+0000][24.010s][info ][safepoint     ] Entering safepoint region: Deoptimize
[2022-02-04T14:43:15.574+0000][24.011s][info ][safepoint     ] Leaving safepoint region
[2022-02-04T14:43:15.574+0000][24.011s][info ][safepoint     ] Total time for which application threads were stopped: 0.0008381 seconds, Stopping threads took: 0.0000218 seconds
[2022-02-04T14:43:15.780+0000][24.217s][debug][safepoint     ] Safepoint synchronization initiated. (23 threads)
[2022-02-04T14:43:15.780+0000][24.217s][info ][safepoint     ] Application time: 0.2056557 seconds
[2022-02-04T14:43:15.780+0000][24.217s][debug][safepoint     ] Waiting for 2 thread(s) to block
[2022-02-04T14:43:15.781+0000][24.218s][info ][safepoint     ] Entering safepoint region: Deoptimize
[2022-02-04T14:43:15.782+0000][24.219s][info ][safepoint     ] Leaving safepoint region
[2022-02-04T14:43:15.782+0000][24.219s][info ][safepoint     ] Total time for which application threads were stopped: 0.0022264 seconds, Stopping threads took: 0.0010728 seconds
[2022-02-04T14:43:15.973+0000][24.411s][debug][safepoint     ] Safepoint synchronization initiated. (25 threads)
[2022-02-04T14:43:15.974+0000][24.411s][info ][safepoint     ] Application time: 0.1917014 seconds
[2022-02-04T14:43:15.974+0000][24.411s][debug][safepoint     ] Waiting for 1 thread(s) to block
[2022-02-04T14:43:15.974+0000][24.411s][info ][safepoint     ] Entering safepoint region: G1CollectForAllocation
[2022-02-04T14:43:15.974+0000][24.411s][info ][gc,start      ] GC(33) Pause Young (Normal) (G1 Evacuation Pause)
[2022-02-04T14:43:15.974+0000][24.411s][info ][gc,task       ] GC(33) Using 4 workers of 4 for evacuation
[2022-02-04T14:43:16.006+0000][24.443s][info ][gc,phases     ] GC(33)   Pre Evacuate Collection Set: 0.0ms
[2022-02-04T14:43:16.006+0000][24.443s][info ][gc,phases     ] GC(33)   Evacuate Collection Set: 27.9ms
[2022-02-04T14:43:16.006+0000][24.443s][info ][gc,phases     ] GC(33)   Post Evacuate Collection Set: 3.8ms
[2022-02-04T14:43:16.006+0000][24.443s][info ][gc,phases     ] GC(33)   Other: 0.2ms
[2022-02-04T14:43:16.006+0000][24.443s][info ][gc,heap       ] GC(33) Eden regions: 196->0(196)
[2022-02-04T14:43:16.006+0000][24.443s][info ][gc,heap       ] GC(33) Survivor regions: 21->21(28)
[2022-02-04T14:43:16.006+0000][24.443s][info ][gc,heap       ] GC(33) Old regions: 29->34
[2022-02-04T14:43:16.006+0000][24.443s][info ][gc,heap       ] GC(33) Humongous regions: 0->0
[2022-02-04T14:43:16.006+0000][24.443s][info ][gc,metaspace  ] GC(33) Metaspace: 79609K->79609K(1120256K)
[2022-02-04T14:43:16.006+0000][24.443s][info ][gc            ] GC(33) Pause Young (Normal) (G1 Evacuation Pause) 243M->52M(363M) 32.034ms
[2022-02-04T14:43:16.006+0000][24.443s][info ][gc,cpu        ] GC(33) User=0.08s Sys=0.00s Real=0.04s
[2022-02-04T14:43:16.006+0000][24.443s][info ][safepoint     ] Leaving safepoint region
[2022-02-04T14:43:16.006+0000][24.443s][info ][safepoint     ] Total time for which application threads were stopped: 0.0323042 seconds, Stopping threads took: 0.0000639 seconds
[2022-02-04T14:43:16.006+0000][24.443s][info ][gc,stringdedup] Concurrent String Deduplication (24.443s)
[2022-02-04T14:43:16.009+0000][24.446s][info ][gc,stringdedup] Concurrent String Deduplication 462.3K->149.7K(312.6K) avg 48.8% (24.443s, 24.446s) 2.743ms
[2022-02-04T14:43:16.113+0000][24.551s][debug][safepoint     ] Safepoint synchronization initiated. (25 threads)
[2022-02-04T14:43:16.114+0000][24.551s][info ][safepoint     ] Application time: 0.1076823 seconds
[2022-02-04T14:43:16.114+0000][24.551s][info ][safepoint     ] Entering safepoint region: Deoptimize
[2022-02-04T14:43:16.114+0000][24.552s][info ][safepoint     ] Leaving safepoint region
[2022-02-04T14:43:16.114+0000][24.552s][info ][safepoint     ] Total time for which application threads were stopped: 0.0009391 seconds, Stopping threads took: 0.0000115 seconds
[2022-02-04T14:43:16.274+0000][24.711s][debug][safepoint     ] Safepoint synchronization initiated. (25 threads)
[2022-02-04T14:43:16.274+0000][24.711s][info ][safepoint     ] Application time: 0.1596930 seconds
[2022-02-04T14:43:16.274+0000][24.711s][debug][safepoint     ] Waiting for 2 thread(s) to block
[2022-02-04T14:43:16.274+0000][24.711s][info ][safepoint     ] Entering safepoint region: Deoptimize
[2022-02-04T14:43:16.275+0000][24.712s][info ][safepoint     ] Leaving safepoint region
[2022-02-04T14:43:16.275+0000][24.712s][info ][safepoint     ] Total time for which application threads were stopped: 0.0009318 seconds, Stopping threads took: 0.0000513 seconds
[2022-02-04T14:43:16.760+0000][25.198s][debug][safepoint     ] Safepoint synchronization initiated. (40 threads)
[2022-02-04T14:43:16.760+0000][25.198s][info ][safepoint     ] Application time: 0.4852676 seconds
[2022-02-04T14:43:16.760+0000][25.198s][debug][safepoint     ] Waiting for 1 thread(s) to block
[2022-02-04T14:43:16.760+0000][25.198s][info ][safepoint     ] Entering safepoint region: Deoptimize
[2022-02-04T14:43:16.761+0000][25.199s][info ][safepoint     ] Leaving safepoint region
[2022-02-04T14:43:16.761+0000][25.199s][info ][safepoint     ] Total time for which application threads were stopped: 0.0009855 seconds, Stopping threads took: 0.0000363 seconds
[2022-02-04T14:43:17.701+0000][26.138s][debug][safepoint     ] Safepoint synchronization initiated. (46 threads)
[2022-02-04T14:43:17.701+0000][26.138s][info ][safepoint     ] Application time: 0.9398200 seconds
[2022-02-04T14:43:17.701+0000][26.138s][info ][safepoint     ] Entering safepoint region: Deoptimize
[2022-02-04T14:43:17.702+0000][26.139s][info ][safepoint     ] Leaving safepoint region
[2022-02-04T14:43:17.702+0000][26.139s][info ][safepoint     ] Total time for which application threads were stopped: 0.0009515 seconds, Stopping threads took: 0.0000186 seconds
[2022-02-04T14:43:17.800+0000][26.237s][debug][safepoint     ] Safepoint synchronization initiated. (46 threads)
[2022-02-04T14:43:17.800+0000][26.237s][info ][safepoint     ] Application time: 0.0975365 seconds
[2022-02-04T14:43:17.800+0000][26.237s][info ][safepoint     ] Entering safepoint region: Deoptimize
[2022-02-04T14:43:17.801+0000][26.238s][info ][safepoint     ] Leaving safepoint region
[2022-02-04T14:43:17.801+0000][26.238s][info ][safepoint     ] Total time for which application threads were stopped: 0.0010021 seconds, Stopping threads took: 0.0000188 seconds
[2022-02-04T14:43:17.888+0000][26.325s][debug][safepoint     ] Safepoint synchronization initiated. (46 threads)
[2022-02-04T14:43:17.888+0000][26.325s][info ][safepoint     ] Application time: 0.0873810 seconds
[2022-02-04T14:43:17.888+0000][26.325s][debug][safepoint     ] Waiting for 2 thread(s) to block
[2022-02-04T14:43:17.888+0000][26.325s][info ][safepoint     ] Entering safepoint region: G1CollectForAllocation
[2022-02-04T14:43:17.888+0000][26.326s][info ][gc,start      ] GC(34) Pause Young (Normal) (G1 Evacuation Pause)
[2022-02-04T14:43:17.888+0000][26.326s][info ][gc,task       ] GC(34) Using 4 workers of 4 for evacuation
[2022-02-04T14:43:17.942+0000][26.380s][info ][gc,phases     ] GC(34)   Pre Evacuate Collection Set: 0.0ms
[2022-02-04T14:43:17.943+0000][26.380s][info ][gc,phases     ] GC(34)   Evacuate Collection Set: 51.1ms
[2022-02-04T14:43:17.943+0000][26.380s][info ][gc,phases     ] GC(34)   Post Evacuate Collection Set: 2.9ms
[2022-02-04T14:43:17.943+0000][26.380s][info ][gc,phases     ] GC(34)   Other: 0.2ms
[2022-02-04T14:43:17.943+0000][26.380s][info ][gc,heap       ] GC(34) Eden regions: 196->0(197)
[2022-02-04T14:43:17.943+0000][26.380s][info ][gc,heap       ] GC(34) Survivor regions: 21->20(28)
[2022-02-04T14:43:17.943+0000][26.380s][info ][gc,heap       ] GC(34) Old regions: 34->41
[2022-02-04T14:43:17.943+0000][26.380s][info ][gc,heap       ] GC(34) Humongous regions: 0->0
[2022-02-04T14:43:17.943+0000][26.380s][info ][gc,metaspace  ] GC(34) Metaspace: 88087K->88087K(1128448K)
[2022-02-04T14:43:17.943+0000][26.380s][info ][gc            ] GC(34) Pause Young (Normal) (G1 Evacuation Pause) 248M->58M(363M) 54.272ms
[2022-02-04T14:43:17.943+0000][26.380s][info ][gc,cpu        ] GC(34) User=0.12s Sys=0.00s Real=0.05s
[2022-02-04T14:43:17.943+0000][26.380s][info ][safepoint     ] Leaving safepoint region
[2022-02-04T14:43:17.943+0000][26.380s][info ][safepoint     ] Total time for which application threads were stopped: 0.0545623 seconds, Stopping threads took: 0.0001233 seconds
[2022-02-04T14:43:17.943+0000][26.380s][info ][gc,stringdedup] Concurrent String Deduplication (26.380s)
[2022-02-04T14:43:17.948+0000][26.385s][info ][gc,stringdedup] Concurrent String Deduplication 828.4K->214.7K(613.7K) avg 50.9% (26.380s, 26.385s) 4.949ms
[2022-02-04T14:43:18.458+0000][26.896s][debug][safepoint     ] Safepoint synchronization initiated. (46 threads)
[2022-02-04T14:43:18.458+0000][26.896s][info ][safepoint     ] Application time: 0.5157535 seconds
[2022-02-04T14:43:18.458+0000][26.896s][debug][safepoint     ] Waiting for 2 thread(s) to block
[2022-02-04T14:43:18.459+0000][26.896s][info ][safepoint     ] Entering safepoint region: ICBufferFull
[2022-02-04T14:43:18.459+0000][26.896s][info ][safepoint     ] Leaving safepoint region
[2022-02-04T14:43:18.459+0000][26.896s][info ][safepoint     ] Total time for which application threads were stopped: 0.0002208 seconds, Stopping threads took: 0.0000529 seconds
[2022-02-04T14:43:19.100+0000][27.537s][debug][safepoint     ] Safepoint synchronization initiated. (47 threads)
[2022-02-04T14:43:19.100+0000][27.537s][info ][safepoint     ] Application time: 0.6413639 seconds
[2022-02-04T14:43:19.100+0000][27.537s][info ][safepoint     ] Entering safepoint region: Deoptimize
[2022-02-04T14:43:19.101+0000][27.538s][info ][safepoint     ] Leaving safepoint region
[2022-02-04T14:43:19.101+0000][27.538s][info ][safepoint     ] Total time for which application threads were stopped: 0.0010809 seconds, Stopping threads took: 0.0000191 seconds
[2022-02-04T14:43:19.271+0000][27.709s][debug][safepoint     ] Safepoint synchronization initiated. (47 threads)
[2022-02-04T14:43:19.271+0000][27.709s][info ][safepoint     ] Application time: 0.1702788 seconds
[2022-02-04T14:43:19.271+0000][27.709s][info ][safepoint     ] Entering safepoint region: Deoptimize
[2022-02-04T14:43:19.273+0000][27.710s][info ][safepoint     ] Leaving safepoint region
[2022-02-04T14:43:19.273+0000][27.710s][info ][safepoint     ] Total time for which application threads were stopped: 0.0012202 seconds, Stopping threads took: 0.0000191 seconds
[2022-02-04T14:43:19.514+0000][27.951s][debug][safepoint     ] Safepoint synchronization initiated. (47 threads)
[2022-02-04T14:43:19.514+0000][27.951s][info ][safepoint     ] Application time: 0.2410410 seconds
[2022-02-04T14:43:19.514+0000][27.951s][debug][safepoint     ] Waiting for 2 thread(s) to block
[2022-02-04T14:43:19.514+0000][27.951s][info ][safepoint     ] Entering safepoint region: G1CollectForAllocation
[2022-02-04T14:43:19.514+0000][27.951s][info ][gc,start      ] GC(35) Pause Young (Normal) (G1 Evacuation Pause)
[2022-02-04T14:43:19.514+0000][27.951s][info ][gc,task       ] GC(35) Using 4 workers of 4 for evacuation
[2022-02-04T14:43:19.548+0000][27.985s][info ][gc,phases     ] GC(35)   Pre Evacuate Collection Set: 0.0ms
[2022-02-04T14:43:19.548+0000][27.986s][info ][gc,phases     ] GC(35)   Evacuate Collection Set: 31.5ms
[2022-02-04T14:43:19.548+0000][27.986s][info ][gc,phases     ] GC(35)   Post Evacuate Collection Set: 2.7ms
[2022-02-04T14:43:19.548+0000][27.986s][info ][gc,phases     ] GC(35)   Other: 0.2ms
[2022-02-04T14:43:19.548+0000][27.986s][info ][gc,heap       ] GC(35) Eden regions: 197->0(240)
[2022-02-04T14:43:19.548+0000][27.986s][info ][gc,heap       ] GC(35) Survivor regions: 20->16(28)
[2022-02-04T14:43:19.548+0000][27.986s][info ][gc,heap       ] GC(35) Old regions: 41->48
[2022-02-04T14:43:19.548+0000][27.986s][info ][gc,heap       ] GC(35) Humongous regions: 0->0
[2022-02-04T14:43:19.548+0000][27.986s][info ][gc,metaspace  ] GC(35) Metaspace: 91007K->91007K(1130496K)
[2022-02-04T14:43:19.548+0000][27.986s][info ][gc            ] GC(35) Pause Young (Normal) (G1 Evacuation Pause) 255M->62M(428M) 34.453ms
[2022-02-04T14:43:19.548+0000][27.986s][info ][gc,cpu        ] GC(35) User=0.07s Sys=0.00s Real=0.04s
[2022-02-04T14:43:19.548+0000][27.986s][info ][safepoint     ] Leaving safepoint region
[2022-02-04T14:43:19.548+0000][27.986s][info ][safepoint     ] Total time for which application threads were stopped: 0.0347061 seconds, Stopping threads took: 0.0000745 seconds
[2022-02-04T14:43:19.548+0000][27.986s][info ][gc,stringdedup] Concurrent String Deduplication (27.986s)
[2022-02-04T14:43:19.551+0000][27.988s][info ][gc,stringdedup] Concurrent String Deduplication 551.8K->172.4K(379.4K) avg 51.9% (27.986s, 27.988s) 2.721ms
[2022-02-04T14:43:20.552+0000][28.989s][debug][safepoint     ] Safepoint synchronization initiated. (46 threads)
[2022-02-04T14:43:20.552+0000][28.989s][info ][safepoint     ] Application time: 1.0032713 seconds
[2022-02-04T14:43:20.552+0000][28.989s][debug][safepoint     ] Waiting for 2 thread(s) to block
[2022-02-04T14:43:20.552+0000][28.989s][info ][safepoint     ] Entering safepoint region: Cleanup
[2022-02-04T14:43:20.552+0000][28.989s][info ][safepoint     ] Leaving safepoint region
[2022-02-04T14:43:20.552+0000][28.989s][info ][safepoint     ] Total time for which application threads were stopped: 0.0002808 seconds, Stopping threads took: 0.0001188 seconds
[2022-02-04T14:43:20.830+0000][29.267s][debug][safepoint     ] Safepoint synchronization initiated. (49 threads)
[2022-02-04T14:43:20.830+0000][29.267s][info ][safepoint     ] Application time: 0.2776591 seconds
[2022-02-04T14:43:20.830+0000][29.267s][info ][safepoint     ] Entering safepoint region: ThreadDump
[2022-02-04T14:43:20.830+0000][29.267s][info ][safepoint     ] Leaving safepoint region
[2022-02-04T14:43:20.830+0000][29.267s][info ][safepoint     ] Total time for which application threads were stopped: 0.0001378 seconds, Stopping threads took: 0.0000183 seconds
[2022-02-04T14:43:20.830+0000][29.267s][debug][safepoint     ] Safepoint synchronization initiated. (49 threads)
[2022-02-04T14:43:20.830+0000][29.267s][info ][safepoint     ] Application time: 0.0001317 seconds
[2022-02-04T14:43:20.830+0000][29.267s][debug][safepoint     ] Waiting for 1 thread(s) to block
[2022-02-04T14:43:20.830+0000][29.267s][info ][safepoint     ] Entering safepoint region: ThreadDump
[2022-02-04T14:43:20.830+0000][29.267s][info ][safepoint     ] Leaving safepoint region
[2022-02-04T14:43:20.830+0000][29.267s][info ][safepoint     ] Total time for which application threads were stopped: 0.0000858 seconds, Stopping threads took: 0.0000274 seconds
[2022-02-04T14:43:21.072+0000][29.509s][info ][gc,heap,exit  ] Heap
[2022-02-04T14:43:21.072+0000][29.509s][info ][gc,heap,exit  ]  garbage-first heap   total 438272K, used 124496K [0x0000000084600000, 0x0000000100000000)
[2022-02-04T14:43:21.072+0000][29.509s][info ][gc,heap,exit  ]   region size 1024K, 76 young (77824K), 16 survivors (16384K)
[2022-02-04T14:43:21.072+0000][29.509s][info ][gc,heap,exit  ]  Metaspace       used 92714K, capacity 95536K, committed 95824K, reserved 1132544K
[2022-02-04T14:43:21.072+0000][29.509s][info ][gc,heap,exit  ]   class space    used 11502K, capacity 12542K, committed 12624K, reserved 1048576K
[2022-02-04T14:43:21.072+0000][29.509s][debug][safepoint     ] Safepoint synchronization initiated. (19 threads)
[2022-02-04T14:43:21.072+0000][29.509s][info ][safepoint     ] Application time: 0.2417498 seconds
[2022-02-04T14:43:21.072+0000][29.509s][info ][safepoint     ] Entering safepoint region: Halt
