[2022-02-07T16:48:57.821+0000][11.652s][info][gc,heap] Heap region size: 1M
[2022-02-07T16:48:57.931+0000][11.762s][info][gc     ] Using G1
[2022-02-07T16:48:57.931+0000][11.762s][info][gc,heap,coops] Heap address: 0x0000000084600000, size: 1978 MB, Compressed Oops mode: 32-bit
[2022-02-07T16:48:58.325+0000][12.156s][info][gc,cds       ] Mark closed archive regions in map: [0x00000000ffc00000, 0x00000000ffc6aff8]
[2022-02-07T16:48:58.325+0000][12.156s][info][gc,cds       ] Mark open archive regions in map: [0x00000000ff800000, 0x00000000ff846ff8]
[2022-02-07T16:49:09.099+0000][22.930s][debug][safepoint    ] Safepoint synchronization initiated. (9 threads)
[2022-02-07T16:49:09.099+0000][22.930s][info ][safepoint    ] Application time: 0.9286043 seconds
[2022-02-07T16:49:09.099+0000][22.930s][debug][safepoint    ] Waiting for 1 thread(s) to block
[2022-02-07T16:49:09.118+0000][22.949s][info ][safepoint    ] Entering safepoint region: Cleanup
[2022-02-07T16:49:09.118+0000][22.949s][info ][safepoint    ] Leaving safepoint region
[2022-02-07T16:49:09.118+0000][22.949s][info ][safepoint    ] Total time for which application threads were stopped: 0.0187661 seconds, Stopping threads took: 0.0186745 seconds
[2022-02-07T16:49:13.118+0000][26.949s][debug][safepoint    ] Safepoint synchronization initiated. (9 threads)
[2022-02-07T16:49:13.118+0000][26.949s][info ][safepoint    ] Application time: 4.0003066 seconds
[2022-02-07T16:49:13.118+0000][26.949s][debug][safepoint    ] Waiting for 1 thread(s) to block
[2022-02-07T16:49:13.404+0000][27.235s][info ][safepoint    ] Entering safepoint region: Cleanup
[2022-02-07T16:49:13.405+0000][27.236s][info ][safepoint    ] Leaving safepoint region
[2022-02-07T16:49:13.405+0000][27.236s][info ][safepoint    ] Total time for which application threads were stopped: 0.2861155 seconds, Stopping threads took: 0.2860625 seconds
[2022-02-07T16:49:14.405+0000][28.236s][debug][safepoint    ] Safepoint synchronization initiated. (9 threads)
[2022-02-07T16:49:14.405+0000][28.236s][info ][safepoint    ] Application time: 1.0001091 seconds
[2022-02-07T16:49:14.405+0000][28.236s][debug][safepoint    ] Waiting for 1 thread(s) to block
[2022-02-07T16:49:14.418+0000][28.249s][info ][safepoint    ] Entering safepoint region: Cleanup
[2022-02-07T16:49:14.419+0000][28.250s][info ][safepoint    ] Leaving safepoint region
[2022-02-07T16:49:14.419+0000][28.250s][info ][safepoint    ] Total time for which application threads were stopped: 0.0139727 seconds, Stopping threads took: 0.0138575 seconds
[2022-02-07T16:49:14.686+0000][28.517s][debug][safepoint    ] Safepoint synchronization initiated. (9 threads)
[2022-02-07T16:49:14.686+0000][28.517s][info ][safepoint    ] Application time: 0.2675562 seconds
[2022-02-07T16:49:14.686+0000][28.517s][info ][safepoint    ] Entering safepoint region: Deoptimize
[2022-02-07T16:49:14.686+0000][28.517s][info ][safepoint    ] Leaving safepoint region
[2022-02-07T16:49:14.686+0000][28.517s][info ][safepoint    ] Total time for which application threads were stopped: 0.0001377 seconds, Stopping threads took: 0.0000103 seconds
[2022-02-07T16:49:15.686+0000][29.517s][debug][safepoint    ] Safepoint synchronization initiated. (9 threads)
[2022-02-07T16:49:15.686+0000][29.518s][info ][safepoint    ] Application time: 1.0001528 seconds
[2022-02-07T16:49:15.687+0000][29.518s][debug][safepoint    ] Waiting for 1 thread(s) to block
[2022-02-07T16:49:15.688+0000][29.520s][info ][safepoint    ] Entering safepoint region: Cleanup
[2022-02-07T16:49:15.689+0000][29.520s][info ][safepoint    ] Leaving safepoint region
[2022-02-07T16:49:15.689+0000][29.520s][info ][safepoint    ] Total time for which application threads were stopped: 0.0020792 seconds, Stopping threads took: 0.0020064 seconds
[2022-02-07T16:49:17.689+0000][31.520s][debug][safepoint    ] Safepoint synchronization initiated. (9 threads)
[2022-02-07T16:49:17.689+0000][31.520s][info ][safepoint    ] Application time: 2.0002012 seconds
[2022-02-07T16:49:17.689+0000][31.520s][debug][safepoint    ] Waiting for 1 thread(s) to block
[2022-02-07T16:49:17.705+0000][31.536s][info ][safepoint    ] Entering safepoint region: Cleanup
[2022-02-07T16:49:17.705+0000][31.536s][info ][safepoint    ] Leaving safepoint region
[2022-02-07T16:49:17.705+0000][31.536s][info ][safepoint    ] Total time for which application threads were stopped: 0.0159345 seconds, Stopping threads took: 0.0158506 seconds
[2022-02-07T16:49:19.705+0000][33.536s][debug][safepoint    ] Safepoint synchronization initiated. (9 threads)
[2022-02-07T16:49:19.705+0000][33.536s][info ][safepoint    ] Application time: 2.0001957 seconds
[2022-02-07T16:49:19.705+0000][33.536s][debug][safepoint    ] Waiting for 1 thread(s) to block
[2022-02-07T16:49:19.753+0000][33.584s][info ][safepoint    ] Entering safepoint region: Cleanup
[2022-02-07T16:49:19.753+0000][33.584s][info ][safepoint    ] Leaving safepoint region
[2022-02-07T16:49:19.753+0000][33.584s][info ][safepoint    ] Total time for which application threads were stopped: 0.0478405 seconds, Stopping threads took: 0.0477858 seconds
[2022-02-07T16:49:20.753+0000][34.584s][debug][safepoint    ] Safepoint synchronization initiated. (9 threads)
[2022-02-07T16:49:20.753+0000][34.584s][info ][safepoint    ] Application time: 1.0001089 seconds
[2022-02-07T16:49:20.753+0000][34.584s][info ][safepoint    ] Entering safepoint region: Cleanup
[2022-02-07T16:49:20.753+0000][34.584s][info ][safepoint    ] Leaving safepoint region
[2022-02-07T16:49:20.753+0000][34.584s][info ][safepoint    ] Total time for which application threads were stopped: 0.0000800 seconds, Stopping threads took: 0.0000100 seconds
[2022-02-07T16:49:31.754+0000][45.585s][debug][safepoint    ] Safepoint synchronization initiated. (9 threads)
[2022-02-07T16:49:31.754+0000][45.585s][info ][safepoint    ] Application time: 11.0008687 seconds
[2022-02-07T16:49:31.754+0000][45.585s][info ][safepoint    ] Entering safepoint region: Cleanup
[2022-02-07T16:49:31.754+0000][45.585s][info ][safepoint    ] Leaving safepoint region
[2022-02-07T16:49:31.754+0000][45.585s][info ][safepoint    ] Total time for which application threads were stopped: 0.0000828 seconds, Stopping threads took: 0.0000120 seconds
[2022-02-07T16:49:53.756+0000][67.587s][debug][safepoint    ] Safepoint synchronization initiated. (9 threads)
[2022-02-07T16:49:53.756+0000][67.587s][info ][safepoint    ] Application time: 22.0017065 seconds
[2022-02-07T16:49:53.756+0000][67.587s][info ][safepoint    ] Entering safepoint region: Cleanup
[2022-02-07T16:49:53.756+0000][67.587s][info ][safepoint    ] Leaving safepoint region
[2022-02-07T16:49:53.756+0000][67.587s][info ][safepoint    ] Total time for which application threads were stopped: 0.0001068 seconds, Stopping threads took: 0.0000103 seconds
[2022-02-07T16:50:02.756+0000][76.587s][debug][safepoint    ] Safepoint synchronization initiated. (9 threads)
[2022-02-07T16:50:02.756+0000][76.587s][info ][safepoint    ] Application time: 9.0006657 seconds
[2022-02-07T16:50:02.756+0000][76.587s][info ][safepoint    ] Entering safepoint region: Cleanup
[2022-02-07T16:50:02.757+0000][76.588s][info ][safepoint    ] Leaving safepoint region
[2022-02-07T16:50:02.757+0000][76.588s][info ][safepoint    ] Total time for which application threads were stopped: 0.0001172 seconds, Stopping threads took: 0.0000100 seconds
[2022-02-07T16:50:03.757+0000][77.588s][debug][safepoint    ] Safepoint synchronization initiated. (9 threads)
[2022-02-07T16:50:03.757+0000][77.588s][info ][safepoint    ] Application time: 1.0001322 seconds
[2022-02-07T16:50:03.757+0000][77.588s][info ][safepoint    ] Entering safepoint region: Cleanup
[2022-02-07T16:50:03.757+0000][77.588s][info ][safepoint    ] Leaving safepoint region
[2022-02-07T16:50:03.757+0000][77.588s][info ][safepoint    ] Total time for which application threads were stopped: 0.0001223 seconds, Stopping threads took: 0.0000119 seconds
[2022-02-07T16:50:04.417+0000][78.248s][debug][safepoint    ] Safepoint synchronization initiated. (10 threads)
[2022-02-07T16:50:04.417+0000][78.248s][info ][safepoint    ] Application time: 0.6605031 seconds
[2022-02-07T16:50:04.417+0000][78.248s][info ][safepoint    ] Entering safepoint region: G1CollectForAllocation
[2022-02-07T16:50:04.418+0000][78.249s][info ][gc,start     ] GC(0) Pause Young (Normal) (G1 Evacuation Pause)
[2022-02-07T16:50:04.418+0000][78.249s][info ][gc,task      ] GC(0) Using 3 workers of 4 for evacuation
[2022-02-07T16:50:04.427+0000][78.258s][info ][gc,phases    ] GC(0)   Pre Evacuate Collection Set: 0.0ms
[2022-02-07T16:50:04.427+0000][78.258s][info ][gc,phases    ] GC(0)   Evacuate Collection Set: 8.0ms
[2022-02-07T16:50:04.427+0000][78.258s][info ][gc,phases    ] GC(0)   Post Evacuate Collection Set: 0.9ms
[2022-02-07T16:50:04.427+0000][78.258s][info ][gc,phases    ] GC(0)   Other: 0.5ms
[2022-02-07T16:50:04.427+0000][78.258s][info ][gc,heap      ] GC(0) Eden regions: 38->0(69)
[2022-02-07T16:50:04.427+0000][78.258s][info ][gc,heap      ] GC(0) Survivor regions: 0->5(5)
[2022-02-07T16:50:04.427+0000][78.258s][info ][gc,heap      ] GC(0) Old regions: 2->3
[2022-02-07T16:50:04.427+0000][78.258s][info ][gc,heap      ] GC(0) Humongous regions: 1->0
[2022-02-07T16:50:04.427+0000][78.258s][info ][gc,metaspace ] GC(0) Metaspace: 1659K->1659K(1056768K)
[2022-02-07T16:50:04.427+0000][78.258s][info ][gc           ] GC(0) Pause Young (Normal) (G1 Evacuation Pause) 39M->6M(126M) 9.435ms
[2022-02-07T16:50:04.427+0000][78.258s][info ][gc,cpu       ] GC(0) User=0.02s Sys=0.00s Real=0.01s
[2022-02-07T16:50:04.427+0000][78.258s][info ][safepoint    ] Leaving safepoint region
[2022-02-07T16:50:04.427+0000][78.258s][info ][safepoint    ] Total time for which application threads were stopped: 0.0096298 seconds, Stopping threads took: 0.0000217 seconds
[2022-02-07T16:50:04.427+0000][78.258s][info ][gc,stringdedup] Concurrent String Deduplication (78.258s)
[2022-02-07T16:50:04.427+0000][78.258s][info ][gc,stringdedup] Concurrent String Deduplication 12040.0B->8008.0B(4032.0B) avg 1.4% (78.258s, 78.258s) 0.090ms
[2022-02-07T16:50:05.427+0000][79.258s][debug][safepoint     ] Safepoint synchronization initiated. (9 threads)
[2022-02-07T16:50:05.427+0000][79.258s][info ][safepoint     ] Application time: 1.0002213 seconds
[2022-02-07T16:50:05.427+0000][79.258s][info ][safepoint     ] Entering safepoint region: Cleanup
[2022-02-07T16:50:05.427+0000][79.258s][info ][safepoint     ] Leaving safepoint region
[2022-02-07T16:50:05.427+0000][79.258s][info ][safepoint     ] Total time for which application threads were stopped: 0.0001139 seconds, Stopping threads took: 0.0000115 seconds
[2022-02-07T16:50:06.427+0000][80.258s][debug][safepoint     ] Safepoint synchronization initiated. (9 threads)
[2022-02-07T16:50:06.428+0000][80.259s][info ][safepoint     ] Application time: 1.0001204 seconds
[2022-02-07T16:50:06.428+0000][80.259s][info ][safepoint     ] Entering safepoint region: Cleanup
[2022-02-07T16:50:06.428+0000][80.259s][info ][safepoint     ] Leaving safepoint region
[2022-02-07T16:50:06.428+0000][80.259s][info ][safepoint     ] Total time for which application threads were stopped: 0.0000972 seconds, Stopping threads took: 0.0000116 seconds
[2022-02-07T16:50:07.428+0000][81.259s][debug][safepoint     ] Safepoint synchronization initiated. (10 threads)
[2022-02-07T16:50:07.428+0000][81.259s][info ][safepoint     ] Application time: 1.0001201 seconds
[2022-02-07T16:50:07.428+0000][81.259s][debug][safepoint     ] Waiting for 1 thread(s) to block
[2022-02-07T16:50:07.435+0000][81.266s][info ][safepoint     ] Entering safepoint region: Cleanup
[2022-02-07T16:50:07.435+0000][81.266s][info ][safepoint     ] Leaving safepoint region
[2022-02-07T16:50:07.435+0000][81.266s][info ][safepoint     ] Total time for which application threads were stopped: 0.0070583 seconds, Stopping threads took: 0.0069919 seconds
[2022-02-07T16:50:08.435+0000][82.266s][debug][safepoint     ] Safepoint synchronization initiated. (10 threads)
[2022-02-07T16:50:08.435+0000][82.266s][info ][safepoint     ] Application time: 1.0004475 seconds
[2022-02-07T16:50:08.435+0000][82.266s][info ][safepoint     ] Entering safepoint region: Cleanup
[2022-02-07T16:50:08.435+0000][82.266s][info ][safepoint     ] Leaving safepoint region
[2022-02-07T16:50:08.435+0000][82.266s][info ][safepoint     ] Total time for which application threads were stopped: 0.0000982 seconds, Stopping threads took: 0.0000137 seconds
[2022-02-07T16:50:09.435+0000][83.266s][debug][safepoint     ] Safepoint synchronization initiated. (9 threads)
[2022-02-07T16:50:09.436+0000][83.267s][info ][safepoint     ] Application time: 1.0001087 seconds
[2022-02-07T16:50:09.436+0000][83.267s][info ][safepoint     ] Entering safepoint region: Cleanup
[2022-02-07T16:50:09.436+0000][83.267s][info ][safepoint     ] Leaving safepoint region
[2022-02-07T16:50:09.436+0000][83.267s][info ][safepoint     ] Total time for which application threads were stopped: 0.0000821 seconds, Stopping threads took: 0.0000107 seconds
[2022-02-07T16:50:09.487+0000][83.318s][debug][safepoint     ] Safepoint synchronization initiated. (9 threads)
[2022-02-07T16:50:09.487+0000][83.318s][info ][safepoint     ] Application time: 0.0510495 seconds
[2022-02-07T16:50:09.487+0000][83.318s][info ][safepoint     ] Entering safepoint region: G1CollectForAllocation
[2022-02-07T16:50:09.487+0000][83.318s][info ][gc,start      ] GC(1) Pause Young (Normal) (G1 Evacuation Pause)
[2022-02-07T16:50:09.487+0000][83.318s][info ][gc,task       ] GC(1) Using 3 workers of 4 for evacuation
[2022-02-07T16:50:09.495+0000][83.326s][info ][gc,phases     ] GC(1)   Pre Evacuate Collection Set: 0.0ms
[2022-02-07T16:50:09.495+0000][83.326s][info ][gc,phases     ] GC(1)   Evacuate Collection Set: 7.5ms
[2022-02-07T16:50:09.495+0000][83.326s][info ][gc,phases     ] GC(1)   Post Evacuate Collection Set: 0.5ms
[2022-02-07T16:50:09.495+0000][83.326s][info ][gc,phases     ] GC(1)   Other: 0.1ms
[2022-02-07T16:50:09.495+0000][83.326s][info ][gc,heap       ] GC(1) Eden regions: 69->0(67)
[2022-02-07T16:50:09.495+0000][83.326s][info ][gc,heap       ] GC(1) Survivor regions: 5->7(10)
[2022-02-07T16:50:09.495+0000][83.326s][info ][gc,heap       ] GC(1) Old regions: 3->3
[2022-02-07T16:50:09.495+0000][83.326s][info ][gc,heap       ] GC(1) Humongous regions: 0->0
[2022-02-07T16:50:09.495+0000][83.326s][info ][gc,metaspace  ] GC(1) Metaspace: 2344K->2344K(1056768K)
[2022-02-07T16:50:09.495+0000][83.326s][info ][gc            ] GC(1) Pause Young (Normal) (G1 Evacuation Pause) 75M->7M(126M) 8.214ms
[2022-02-07T16:50:09.495+0000][83.326s][info ][gc,cpu        ] GC(1) User=0.02s Sys=0.00s Real=0.01s
[2022-02-07T16:50:09.495+0000][83.326s][info ][safepoint     ] Leaving safepoint region
[2022-02-07T16:50:09.495+0000][83.326s][info ][safepoint     ] Total time for which application threads were stopped: 0.0083063 seconds, Stopping threads took: 0.0000078 seconds
[2022-02-07T16:50:10.495+0000][84.326s][debug][safepoint     ] Safepoint synchronization initiated. (9 threads)
[2022-02-07T16:50:10.495+0000][84.326s][info ][safepoint     ] Application time: 1.0001264 seconds
[2022-02-07T16:50:10.495+0000][84.326s][debug][safepoint     ] Waiting for 1 thread(s) to block
[2022-02-07T16:50:10.752+0000][84.583s][info ][safepoint     ] Entering safepoint region: Cleanup
[2022-02-07T16:50:10.752+0000][84.583s][info ][safepoint     ] Leaving safepoint region
[2022-02-07T16:50:10.752+0000][84.583s][info ][safepoint     ] Total time for which application threads were stopped: 0.2568822 seconds, Stopping threads took: 0.2567835 seconds
[2022-02-07T16:50:11.752+0000][85.583s][debug][safepoint     ] Safepoint synchronization initiated. (9 threads)
[2022-02-07T16:50:11.752+0000][85.583s][info ][safepoint     ] Application time: 1.0001157 seconds
[2022-02-07T16:50:11.752+0000][85.583s][debug][safepoint     ] Waiting for 1 thread(s) to block
[2022-02-07T16:50:11.764+0000][85.595s][info ][safepoint     ] Entering safepoint region: Cleanup
[2022-02-07T16:50:11.764+0000][85.595s][info ][safepoint     ] Leaving safepoint region
[2022-02-07T16:50:11.764+0000][85.595s][info ][safepoint     ] Total time for which application threads were stopped: 0.0120883 seconds, Stopping threads took: 0.0120240 seconds
[2022-02-07T16:50:12.764+0000][86.595s][debug][safepoint     ] Safepoint synchronization initiated. (9 threads)
[2022-02-07T16:50:12.764+0000][86.595s][info ][safepoint     ] Application time: 1.0001559 seconds
[2022-02-07T16:50:12.764+0000][86.595s][info ][safepoint     ] Entering safepoint region: Cleanup
[2022-02-07T16:50:12.764+0000][86.596s][info ][safepoint     ] Leaving safepoint region
[2022-02-07T16:50:12.765+0000][86.596s][info ][safepoint     ] Total time for which application threads were stopped: 0.0001080 seconds, Stopping threads took: 0.0000134 seconds
[2022-02-07T16:50:13.765+0000][87.596s][debug][safepoint     ] Safepoint synchronization initiated. (9 threads)
[2022-02-07T16:50:13.765+0000][87.596s][info ][safepoint     ] Application time: 1.0001087 seconds
[2022-02-07T16:50:13.765+0000][87.596s][debug][safepoint     ] Waiting for 1 thread(s) to block
[2022-02-07T16:50:13.805+0000][87.636s][info ][safepoint     ] Entering safepoint region: Cleanup
[2022-02-07T16:50:13.805+0000][87.636s][info ][safepoint     ] Leaving safepoint region
[2022-02-07T16:50:13.805+0000][87.636s][info ][safepoint     ] Total time for which application threads were stopped: 0.0404204 seconds, Stopping threads took: 0.0403467 seconds
[2022-02-07T16:50:13.847+0000][87.678s][debug][safepoint     ] Safepoint synchronization initiated. (9 threads)
[2022-02-07T16:50:13.847+0000][87.678s][info ][safepoint     ] Application time: 0.0419874 seconds
[2022-02-07T16:50:13.847+0000][87.678s][info ][safepoint     ] Entering safepoint region: Deoptimize
[2022-02-07T16:50:13.847+0000][87.678s][info ][safepoint     ] Leaving safepoint region
[2022-02-07T16:50:13.847+0000][87.678s][info ][safepoint     ] Total time for which application threads were stopped: 0.0001506 seconds, Stopping threads took: 0.0000105 seconds
[2022-02-07T16:50:14.015+0000][87.846s][debug][safepoint     ] Safepoint synchronization initiated. (9 threads)
[2022-02-07T16:50:14.015+0000][87.846s][info ][safepoint     ] Application time: 0.1682482 seconds
[2022-02-07T16:50:14.015+0000][87.847s][info ][safepoint     ] Entering safepoint region: Deoptimize
[2022-02-07T16:50:14.016+0000][87.847s][info ][safepoint     ] Leaving safepoint region
[2022-02-07T16:50:14.016+0000][87.847s][info ][safepoint     ] Total time for which application threads were stopped: 0.0001375 seconds, Stopping threads took: 0.0000090 seconds
[2022-02-07T16:50:15.016+0000][88.847s][debug][safepoint     ] Safepoint synchronization initiated. (9 threads)
[2022-02-07T16:50:15.016+0000][88.847s][info ][safepoint     ] Application time: 1.0001120 seconds
[2022-02-07T16:50:15.016+0000][88.847s][info ][safepoint     ] Entering safepoint region: Cleanup
[2022-02-07T16:50:15.016+0000][88.847s][info ][safepoint     ] Leaving safepoint region
[2022-02-07T16:50:15.016+0000][88.847s][info ][safepoint     ] Total time for which application threads were stopped: 0.0001326 seconds, Stopping threads took: 0.0000103 seconds
[2022-02-07T16:50:15.912+0000][89.743s][debug][safepoint     ] Safepoint synchronization initiated. (9 threads)
[2022-02-07T16:50:15.912+0000][89.743s][info ][safepoint     ] Application time: 0.8965765 seconds
[2022-02-07T16:50:15.912+0000][89.744s][info ][safepoint     ] Entering safepoint region: Deoptimize
[2022-02-07T16:50:15.913+0000][89.744s][info ][safepoint     ] Leaving safepoint region
[2022-02-07T16:50:15.913+0000][89.744s][info ][safepoint     ] Total time for which application threads were stopped: 0.0001783 seconds, Stopping threads took: 0.0000111 seconds
[2022-02-07T16:50:15.921+0000][89.752s][debug][safepoint     ] Safepoint synchronization initiated. (9 threads)
[2022-02-07T16:50:15.921+0000][89.752s][info ][safepoint     ] Application time: 0.0082401 seconds
[2022-02-07T16:50:15.921+0000][89.752s][info ][safepoint     ] Entering safepoint region: Deoptimize
[2022-02-07T16:50:15.921+0000][89.752s][info ][safepoint     ] Leaving safepoint region
[2022-02-07T16:50:15.921+0000][89.752s][info ][safepoint     ] Total time for which application threads were stopped: 0.0001484 seconds, Stopping threads took: 0.0000089 seconds
[2022-02-07T16:50:16.921+0000][90.752s][debug][safepoint     ] Safepoint synchronization initiated. (9 threads)
[2022-02-07T16:50:16.921+0000][90.752s][info ][safepoint     ] Application time: 1.0000984 seconds
[2022-02-07T16:50:16.921+0000][90.752s][info ][safepoint     ] Entering safepoint region: Cleanup
[2022-02-07T16:50:16.921+0000][90.752s][info ][safepoint     ] Leaving safepoint region
[2022-02-07T16:50:16.921+0000][90.752s][info ][safepoint     ] Total time for which application threads were stopped: 0.0000998 seconds, Stopping threads took: 0.0000108 seconds
[2022-02-07T16:50:18.921+0000][92.753s][debug][safepoint     ] Safepoint synchronization initiated. (10 threads)
[2022-02-07T16:50:18.922+0000][92.753s][info ][safepoint     ] Application time: 2.0002311 seconds
[2022-02-07T16:50:18.922+0000][92.753s][debug][safepoint     ] Waiting for 1 thread(s) to block
[2022-02-07T16:50:19.006+0000][92.837s][info ][safepoint     ] Entering safepoint region: Cleanup
[2022-02-07T16:50:19.006+0000][92.837s][info ][safepoint     ] Leaving safepoint region
[2022-02-07T16:50:19.006+0000][92.838s][info ][safepoint     ] Total time for which application threads were stopped: 0.0849409 seconds, Stopping threads took: 0.0848663 seconds
[2022-02-07T16:50:19.417+0000][93.248s][debug][safepoint     ] Safepoint synchronization initiated. (10 threads)
[2022-02-07T16:50:19.417+0000][93.248s][info ][safepoint     ] Application time: 0.4107276 seconds
[2022-02-07T16:50:19.417+0000][93.248s][info ][safepoint     ] Entering safepoint region: G1CollectForAllocation
[2022-02-07T16:50:19.417+0000][93.248s][info ][gc,start      ] GC(2) Pause Young (Normal) (G1 Evacuation Pause)
[2022-02-07T16:50:19.417+0000][93.248s][info ][gc,task       ] GC(2) Using 3 workers of 4 for evacuation
[2022-02-07T16:50:19.428+0000][93.259s][info ][gc,phases     ] GC(2)   Pre Evacuate Collection Set: 0.0ms
[2022-02-07T16:50:19.428+0000][93.259s][info ][gc,phases     ] GC(2)   Evacuate Collection Set: 9.8ms
[2022-02-07T16:50:19.428+0000][93.259s][info ][gc,phases     ] GC(2)   Post Evacuate Collection Set: 0.8ms
[2022-02-07T16:50:19.428+0000][93.259s][info ][gc,phases     ] GC(2)   Other: 0.1ms
[2022-02-07T16:50:19.428+0000][93.259s][info ][gc,heap       ] GC(2) Eden regions: 67->0(71)
[2022-02-07T16:50:19.428+0000][93.259s][info ][gc,heap       ] GC(2) Survivor regions: 7->3(10)
[2022-02-07T16:50:19.428+0000][93.259s][info ][gc,heap       ] GC(2) Old regions: 3->8
[2022-02-07T16:50:19.428+0000][93.259s][info ][gc,heap       ] GC(2) Humongous regions: 0->0
[2022-02-07T16:50:19.428+0000][93.259s][info ][gc,metaspace  ] GC(2) Metaspace: 5694K->5694K(1056768K)
[2022-02-07T16:50:19.428+0000][93.259s][info ][gc            ] GC(2) Pause Young (Normal) (G1 Evacuation Pause) 74M->8M(126M) 10.772ms
[2022-02-07T16:50:19.428+0000][93.259s][info ][gc,cpu        ] GC(2) User=0.02s Sys=0.00s Real=0.02s
[2022-02-07T16:50:19.428+0000][93.259s][info ][safepoint     ] Leaving safepoint region
[2022-02-07T16:50:19.428+0000][93.259s][info ][safepoint     ] Total time for which application threads were stopped: 0.0108909 seconds, Stopping threads took: 0.0000093 seconds
[2022-02-07T16:50:19.428+0000][93.259s][info ][gc,stringdedup] Concurrent String Deduplication (93.259s)
[2022-02-07T16:50:19.433+0000][93.264s][info ][gc,stringdedup] Concurrent String Deduplication 1223.5K->1136.9K(88696.0B) avg 6.0% (93.259s, 93.264s) 4.804ms
[2022-02-07T16:50:20.428+0000][94.259s][debug][safepoint     ] Safepoint synchronization initiated. (10 threads)
[2022-02-07T16:50:20.428+0000][94.259s][info ][safepoint     ] Application time: 1.0001344 seconds
[2022-02-07T16:50:20.428+0000][94.259s][info ][safepoint     ] Entering safepoint region: Cleanup
[2022-02-07T16:50:20.428+0000][94.259s][info ][safepoint     ] Leaving safepoint region
[2022-02-07T16:50:20.428+0000][94.259s][info ][safepoint     ] Total time for which application threads were stopped: 0.0000701 seconds, Stopping threads took: 0.0000105 seconds
[2022-02-07T16:50:21.428+0000][95.259s][debug][safepoint     ] Safepoint synchronization initiated. (10 threads)
[2022-02-07T16:50:21.428+0000][95.259s][info ][safepoint     ] Application time: 1.0001209 seconds
[2022-02-07T16:50:21.428+0000][95.260s][info ][safepoint     ] Entering safepoint region: Cleanup
[2022-02-07T16:50:21.429+0000][95.260s][info ][safepoint     ] Leaving safepoint region
[2022-02-07T16:50:21.429+0000][95.260s][info ][safepoint     ] Total time for which application threads were stopped: 0.0001301 seconds, Stopping threads took: 0.0000101 seconds
[2022-02-07T16:50:22.429+0000][96.260s][debug][safepoint     ] Safepoint synchronization initiated. (10 threads)
[2022-02-07T16:50:22.429+0000][96.260s][info ][safepoint     ] Application time: 1.0001350 seconds
[2022-02-07T16:50:22.429+0000][96.260s][info ][safepoint     ] Entering safepoint region: Cleanup
[2022-02-07T16:50:22.429+0000][96.260s][info ][safepoint     ] Leaving safepoint region
[2022-02-07T16:50:22.429+0000][96.260s][info ][safepoint     ] Total time for which application threads were stopped: 0.0000717 seconds, Stopping threads took: 0.0000120 seconds
[2022-02-07T16:50:23.429+0000][97.260s][debug][safepoint     ] Safepoint synchronization initiated. (10 threads)
[2022-02-07T16:50:23.429+0000][97.260s][info ][safepoint     ] Application time: 1.0000983 seconds
[2022-02-07T16:50:23.429+0000][97.260s][info ][safepoint     ] Entering safepoint region: Cleanup
[2022-02-07T16:50:23.429+0000][97.260s][info ][safepoint     ] Leaving safepoint region
[2022-02-07T16:50:23.429+0000][97.260s][info ][safepoint     ] Total time for which application threads were stopped: 0.0001004 seconds, Stopping threads took: 0.0000102 seconds
[2022-02-07T16:50:24.429+0000][98.260s][debug][safepoint     ] Safepoint synchronization initiated. (10 threads)
[2022-02-07T16:50:24.429+0000][98.260s][info ][safepoint     ] Application time: 1.0001093 seconds
[2022-02-07T16:50:24.429+0000][98.260s][info ][safepoint     ] Entering safepoint region: Cleanup
[2022-02-07T16:50:24.429+0000][98.260s][info ][safepoint     ] Leaving safepoint region
[2022-02-07T16:50:24.429+0000][98.260s][info ][safepoint     ] Total time for which application threads were stopped: 0.0000854 seconds, Stopping threads took: 0.0000121 seconds
[2022-02-07T16:50:25.429+0000][99.260s][debug][safepoint     ] Safepoint synchronization initiated. (10 threads)
[2022-02-07T16:50:25.429+0000][99.260s][info ][safepoint     ] Application time: 1.0001008 seconds
[2022-02-07T16:50:25.429+0000][99.260s][info ][safepoint     ] Entering safepoint region: Cleanup
[2022-02-07T16:50:25.429+0000][99.260s][info ][safepoint     ] Leaving safepoint region
[2022-02-07T16:50:25.430+0000][99.261s][info ][safepoint     ] Total time for which application threads were stopped: 0.0001013 seconds, Stopping threads took: 0.0000100 seconds
[2022-02-07T16:50:26.430+0000][100.261s][debug][safepoint     ] Safepoint synchronization initiated. (10 threads)
[2022-02-07T16:50:26.430+0000][100.261s][info ][safepoint     ] Application time: 1.0001340 seconds
[2022-02-07T16:50:26.430+0000][100.261s][info ][safepoint     ] Entering safepoint region: Cleanup
[2022-02-07T16:50:26.430+0000][100.261s][info ][safepoint     ] Leaving safepoint region
[2022-02-07T16:50:26.430+0000][100.261s][info ][safepoint     ] Total time for which application threads were stopped: 0.0000924 seconds, Stopping threads took: 0.0000127 seconds
[2022-02-07T16:50:27.430+0000][101.261s][debug][safepoint     ] Safepoint synchronization initiated. (10 threads)
[2022-02-07T16:50:27.430+0000][101.261s][info ][safepoint     ] Application time: 1.0001297 seconds
[2022-02-07T16:50:27.430+0000][101.261s][info ][safepoint     ] Entering safepoint region: Cleanup
[2022-02-07T16:50:27.430+0000][101.261s][info ][safepoint     ] Leaving safepoint region
[2022-02-07T16:50:27.430+0000][101.261s][info ][safepoint     ] Total time for which application threads were stopped: 0.0000776 seconds, Stopping threads took: 0.0000128 seconds
[2022-02-07T16:50:27.643+0000][101.474s][debug][safepoint     ] Safepoint synchronization initiated. (10 threads)
[2022-02-07T16:50:27.643+0000][101.474s][info ][safepoint     ] Application time: 0.2125493 seconds
[2022-02-07T16:50:27.643+0000][101.474s][info ][safepoint     ] Entering safepoint region: G1CollectForAllocation
[2022-02-07T16:50:27.643+0000][101.474s][info ][gc,start      ] GC(3) Pause Young (Normal) (G1 Evacuation Pause)
[2022-02-07T16:50:27.643+0000][101.474s][info ][gc,task       ] GC(3) Using 3 workers of 4 for evacuation
[2022-02-07T16:50:27.649+0000][101.480s][info ][gc,phases     ] GC(3)   Pre Evacuate Collection Set: 0.0ms
[2022-02-07T16:50:27.649+0000][101.480s][info ][gc,phases     ] GC(3)   Evacuate Collection Set: 5.3ms
[2022-02-07T16:50:27.649+0000][101.480s][info ][gc,phases     ] GC(3)   Post Evacuate Collection Set: 1.2ms
[2022-02-07T16:50:27.649+0000][101.480s][info ][gc,phases     ] GC(3)   Other: 0.1ms
[2022-02-07T16:50:27.649+0000][101.480s][info ][gc,heap       ] GC(3) Eden regions: 71->0(70)
[2022-02-07T16:50:27.649+0000][101.480s][info ][gc,heap       ] GC(3) Survivor regions: 3->4(10)
[2022-02-07T16:50:27.649+0000][101.480s][info ][gc,heap       ] GC(3) Old regions: 8->8
[2022-02-07T16:50:27.649+0000][101.480s][info ][gc,heap       ] GC(3) Humongous regions: 0->0
[2022-02-07T16:50:27.649+0000][101.480s][info ][gc,metaspace  ] GC(3) Metaspace: 8801K->8801K(1058816K)
[2022-02-07T16:50:27.649+0000][101.480s][info ][gc            ] GC(3) Pause Young (Normal) (G1 Evacuation Pause) 79M->9M(126M) 6.802ms
[2022-02-07T16:50:27.649+0000][101.480s][info ][gc,cpu        ] GC(3) User=0.02s Sys=0.00s Real=0.01s
[2022-02-07T16:50:27.649+0000][101.480s][info ][safepoint     ] Leaving safepoint region
[2022-02-07T16:50:27.649+0000][101.480s][info ][safepoint     ] Total time for which application threads were stopped: 0.0069046 seconds, Stopping threads took: 0.0000115 seconds
[2022-02-07T16:50:27.650+0000][101.481s][info ][gc,stringdedup] Concurrent String Deduplication (101.481s)
[2022-02-07T16:50:27.651+0000][101.482s][info ][gc,stringdedup] Concurrent String Deduplication 542.3K->472.5K(71512.0B) avg 7.8% (101.481s, 101.482s) 1.436ms
[2022-02-07T16:50:28.650+0000][102.481s][debug][safepoint     ] Safepoint synchronization initiated. (11 threads)
[2022-02-07T16:50:28.650+0000][102.481s][info ][safepoint     ] Application time: 1.0001167 seconds
[2022-02-07T16:50:28.650+0000][102.481s][info ][safepoint     ] Entering safepoint region: Cleanup
[2022-02-07T16:50:28.650+0000][102.481s][info ][safepoint     ] Leaving safepoint region
[2022-02-07T16:50:28.650+0000][102.481s][info ][safepoint     ] Total time for which application threads were stopped: 0.0001127 seconds, Stopping threads took: 0.0000110 seconds
[2022-02-07T16:50:29.650+0000][103.481s][debug][safepoint     ] Safepoint synchronization initiated. (11 threads)
[2022-02-07T16:50:29.650+0000][103.481s][info ][safepoint     ] Application time: 1.0001031 seconds
[2022-02-07T16:50:29.650+0000][103.481s][debug][safepoint     ] Waiting for 1 thread(s) to block
[2022-02-07T16:50:29.673+0000][103.504s][info ][safepoint     ] Entering safepoint region: Cleanup
[2022-02-07T16:50:29.673+0000][103.504s][info ][safepoint     ] Leaving safepoint region
[2022-02-07T16:50:29.673+0000][103.504s][info ][safepoint     ] Total time for which application threads were stopped: 0.0230478 seconds, Stopping threads took: 0.0229658 seconds
[2022-02-07T16:50:30.019+0000][103.850s][debug][safepoint     ] Safepoint synchronization initiated. (12 threads)
[2022-02-07T16:50:30.019+0000][103.850s][info ][safepoint     ] Application time: 0.3462438 seconds
[2022-02-07T16:50:30.019+0000][103.850s][info ][safepoint     ] Entering safepoint region: G1CollectForAllocation
[2022-02-07T16:50:30.020+0000][103.851s][info ][gc,start      ] GC(4) Pause Young (Normal) (G1 Evacuation Pause)
[2022-02-07T16:50:30.020+0000][103.851s][info ][gc,task       ] GC(4) Using 3 workers of 4 for evacuation
[2022-02-07T16:50:30.029+0000][103.860s][info ][gc,phases     ] GC(4)   Pre Evacuate Collection Set: 0.0ms
[2022-02-07T16:50:30.029+0000][103.860s][info ][gc,phases     ] GC(4)   Evacuate Collection Set: 8.6ms
[2022-02-07T16:50:30.029+0000][103.860s][info ][gc,phases     ] GC(4)   Post Evacuate Collection Set: 0.9ms
[2022-02-07T16:50:30.029+0000][103.860s][info ][gc,phases     ] GC(4)   Other: 0.1ms
[2022-02-07T16:50:30.029+0000][103.860s][info ][gc,heap       ] GC(4) Eden regions: 70->0(69)
[2022-02-07T16:50:30.029+0000][103.860s][info ][gc,heap       ] GC(4) Survivor regions: 4->5(10)
[2022-02-07T16:50:30.029+0000][103.860s][info ][gc,heap       ] GC(4) Old regions: 8->8
[2022-02-07T16:50:30.029+0000][103.860s][info ][gc,heap       ] GC(4) Humongous regions: 0->0
[2022-02-07T16:50:30.029+0000][103.860s][info ][gc,metaspace  ] GC(4) Metaspace: 10378K->10378K(1058816K)
[2022-02-07T16:50:30.029+0000][103.860s][info ][gc            ] GC(4) Pause Young (Normal) (G1 Evacuation Pause) 79M->10M(126M) 9.694ms
[2022-02-07T16:50:30.029+0000][103.860s][info ][gc,cpu        ] GC(4) User=0.01s Sys=0.00s Real=0.01s
[2022-02-07T16:50:30.029+0000][103.860s][info ][safepoint     ] Leaving safepoint region
[2022-02-07T16:50:30.029+0000][103.860s][info ][safepoint     ] Total time for which application threads were stopped: 0.0101071 seconds, Stopping threads took: 0.0000096 seconds
[2022-02-07T16:50:30.029+0000][103.860s][info ][gc,stringdedup] Concurrent String Deduplication (103.860s)
[2022-02-07T16:50:30.030+0000][103.861s][info ][gc,stringdedup] Concurrent String Deduplication 113.1K->33776.0B(82024.0B) avg 11.1% (103.860s, 103.861s) 0.737ms
[2022-02-07T16:50:30.033+0000][103.864s][debug][safepoint     ] Safepoint synchronization initiated. (12 threads)
[2022-02-07T16:50:30.033+0000][103.864s][info ][safepoint     ] Application time: 0.0038048 seconds
[2022-02-07T16:50:30.033+0000][103.864s][info ][safepoint     ] Entering safepoint region: Deoptimize
[2022-02-07T16:50:30.033+0000][103.864s][info ][safepoint     ] Leaving safepoint region
[2022-02-07T16:50:30.033+0000][103.864s][info ][safepoint     ] Total time for which application threads were stopped: 0.0002001 seconds, Stopping threads took: 0.0000099 seconds
[2022-02-07T16:50:31.033+0000][104.864s][debug][safepoint     ] Safepoint synchronization initiated. (11 threads)
[2022-02-07T16:50:31.033+0000][104.864s][info ][safepoint     ] Application time: 1.0001213 seconds
[2022-02-07T16:50:31.033+0000][104.864s][info ][safepoint     ] Entering safepoint region: Cleanup
[2022-02-07T16:50:31.034+0000][104.865s][info ][safepoint     ] Leaving safepoint region
[2022-02-07T16:50:31.034+0000][104.865s][info ][safepoint     ] Total time for which application threads were stopped: 0.0001586 seconds, Stopping threads took: 0.0000101 seconds
[2022-02-07T16:50:32.034+0000][105.865s][debug][safepoint     ] Safepoint synchronization initiated. (11 threads)
[2022-02-07T16:50:32.034+0000][105.865s][info ][safepoint     ] Application time: 1.0001195 seconds
[2022-02-07T16:50:32.034+0000][105.865s][debug][safepoint     ] Waiting for 1 thread(s) to block
[2022-02-07T16:50:32.063+0000][105.894s][info ][safepoint     ] Entering safepoint region: Cleanup
[2022-02-07T16:50:32.063+0000][105.894s][info ][safepoint     ] Leaving safepoint region
[2022-02-07T16:50:32.063+0000][105.894s][info ][safepoint     ] Total time for which application threads were stopped: 0.0290826 seconds, Stopping threads took: 0.0289956 seconds
[2022-02-07T16:50:33.063+0000][106.894s][debug][safepoint     ] Safepoint synchronization initiated. (11 threads)
[2022-02-07T16:50:33.063+0000][106.894s][info ][safepoint     ] Application time: 1.0001183 seconds
[2022-02-07T16:50:33.063+0000][106.894s][debug][safepoint     ] Waiting for 1 thread(s) to block
[2022-02-07T16:50:33.077+0000][106.908s][info ][safepoint     ] Entering safepoint region: Cleanup
[2022-02-07T16:50:33.077+0000][106.908s][info ][safepoint     ] Leaving safepoint region
[2022-02-07T16:50:33.077+0000][106.908s][info ][safepoint     ] Total time for which application threads were stopped: 0.0140119 seconds, Stopping threads took: 0.0138802 seconds
[2022-02-07T16:50:34.077+0000][107.908s][debug][safepoint     ] Safepoint synchronization initiated. (11 threads)
[2022-02-07T16:50:34.077+0000][107.908s][info ][safepoint     ] Application time: 1.0001410 seconds
[2022-02-07T16:50:34.077+0000][107.908s][info ][safepoint     ] Entering safepoint region: Cleanup
[2022-02-07T16:50:34.077+0000][107.908s][info ][safepoint     ] Leaving safepoint region
[2022-02-07T16:50:34.077+0000][107.908s][info ][safepoint     ] Total time for which application threads were stopped: 0.0000843 seconds, Stopping threads took: 0.0000137 seconds
[2022-02-07T16:50:35.077+0000][108.908s][debug][safepoint     ] Safepoint synchronization initiated. (11 threads)
[2022-02-07T16:50:35.077+0000][108.908s][info ][safepoint     ] Application time: 1.0001274 seconds
[2022-02-07T16:50:35.077+0000][108.908s][debug][safepoint     ] Waiting for 1 thread(s) to block
[2022-02-07T16:50:35.080+0000][108.911s][info ][safepoint     ] Entering safepoint region: Cleanup
[2022-02-07T16:50:35.080+0000][108.911s][info ][safepoint     ] Leaving safepoint region
[2022-02-07T16:50:35.080+0000][108.911s][info ][safepoint     ] Total time for which application threads were stopped: 0.0025514 seconds, Stopping threads took: 0.0024791 seconds
[2022-02-07T16:50:35.130+0000][108.961s][debug][safepoint     ] Safepoint synchronization initiated. (11 threads)
[2022-02-07T16:50:35.130+0000][108.961s][info ][safepoint     ] Application time: 0.0505207 seconds
[2022-02-07T16:50:35.130+0000][108.961s][info ][safepoint     ] Entering safepoint region: G1CollectForAllocation
[2022-02-07T16:50:35.131+0000][108.962s][info ][gc,start      ] GC(5) Pause Young (Normal) (G1 Evacuation Pause)
[2022-02-07T16:50:35.131+0000][108.962s][info ][gc,task       ] GC(5) Using 4 workers of 4 for evacuation
[2022-02-07T16:50:35.139+0000][108.970s][info ][gc,phases     ] GC(5)   Pre Evacuate Collection Set: 0.0ms
[2022-02-07T16:50:35.139+0000][108.970s][info ][gc,phases     ] GC(5)   Evacuate Collection Set: 7.2ms
[2022-02-07T16:50:35.139+0000][108.970s][info ][gc,phases     ] GC(5)   Post Evacuate Collection Set: 1.1ms
[2022-02-07T16:50:35.139+0000][108.970s][info ][gc,phases     ] GC(5)   Other: 0.2ms
[2022-02-07T16:50:35.139+0000][108.970s][info ][gc,heap       ] GC(5) Eden regions: 69->0(69)
[2022-02-07T16:50:35.139+0000][108.970s][info ][gc,heap       ] GC(5) Survivor regions: 5->5(10)
[2022-02-07T16:50:35.139+0000][108.970s][info ][gc,heap       ] GC(5) Old regions: 8->8
[2022-02-07T16:50:35.139+0000][108.970s][info ][gc,heap       ] GC(5) Humongous regions: 0->0
[2022-02-07T16:50:35.139+0000][108.970s][info ][gc,metaspace  ] GC(5) Metaspace: 12760K->12760K(1060864K)
[2022-02-07T16:50:35.139+0000][108.970s][info ][gc            ] GC(5) Pause Young (Normal) (G1 Evacuation Pause) 79M->11M(126M) 8.566ms
[2022-02-07T16:50:35.139+0000][108.970s][info ][gc,cpu        ] GC(5) User=0.02s Sys=0.00s Real=0.00s
[2022-02-07T16:50:35.139+0000][108.970s][info ][safepoint     ] Leaving safepoint region
[2022-02-07T16:50:35.139+0000][108.970s][info ][safepoint     ] Total time for which application threads were stopped: 0.0086737 seconds, Stopping threads took: 0.0000113 seconds
[2022-02-07T16:50:35.139+0000][108.970s][info ][gc,stringdedup] Concurrent String Deduplication (108.970s)
[2022-02-07T16:50:35.140+0000][108.971s][info ][gc,stringdedup] Concurrent String Deduplication 122.9K->54904.0B(70896.0B) avg 13.6% (108.970s, 108.971s) 0.673ms
[2022-02-07T16:50:36.139+0000][109.970s][debug][safepoint     ] Safepoint synchronization initiated. (11 threads)
[2022-02-07T16:50:36.139+0000][109.970s][info ][safepoint     ] Application time: 1.0001260 seconds
[2022-02-07T16:50:36.139+0000][109.970s][info ][safepoint     ] Entering safepoint region: Cleanup
[2022-02-07T16:50:36.139+0000][109.970s][info ][safepoint     ] Leaving safepoint region
[2022-02-07T16:50:36.139+0000][109.970s][info ][safepoint     ] Total time for which application threads were stopped: 0.0001194 seconds, Stopping threads took: 0.0000104 seconds
[2022-02-07T16:50:37.139+0000][110.970s][debug][safepoint     ] Safepoint synchronization initiated. (11 threads)
[2022-02-07T16:50:37.140+0000][110.971s][info ][safepoint     ] Application time: 1.0001079 seconds
[2022-02-07T16:50:37.140+0000][110.971s][info ][safepoint     ] Entering safepoint region: Cleanup
[2022-02-07T16:50:37.140+0000][110.971s][info ][safepoint     ] Leaving safepoint region
[2022-02-07T16:50:37.140+0000][110.971s][info ][safepoint     ] Total time for which application threads were stopped: 0.0001072 seconds, Stopping threads took: 0.0000125 seconds
[2022-02-07T16:50:37.696+0000][111.527s][debug][safepoint     ] Safepoint synchronization initiated. (11 threads)
[2022-02-07T16:50:37.696+0000][111.527s][info ][safepoint     ] Application time: 0.5562766 seconds
[2022-02-07T16:50:37.696+0000][111.527s][debug][safepoint     ] ... found polling page return exception at pc = 0x00007f81d836a972, stub =0x00007f81d08beb80
[2022-02-07T16:50:37.696+0000][111.527s][debug][safepoint     ] Waiting for 2 thread(s) to block
[2022-02-07T16:50:37.696+0000][111.527s][info ][safepoint     ] Entering safepoint region: G1CollectForAllocation
[2022-02-07T16:50:37.696+0000][111.527s][info ][gc,start      ] GC(6) Pause Young (Normal) (G1 Evacuation Pause)
[2022-02-07T16:50:37.696+0000][111.527s][info ][gc,task       ] GC(6) Using 4 workers of 4 for evacuation
[2022-02-07T16:50:37.707+0000][111.538s][info ][gc,phases     ] GC(6)   Pre Evacuate Collection Set: 0.0ms
[2022-02-07T16:50:37.707+0000][111.538s][info ][gc,phases     ] GC(6)   Evacuate Collection Set: 9.5ms
[2022-02-07T16:50:37.707+0000][111.538s][info ][gc,phases     ] GC(6)   Post Evacuate Collection Set: 1.0ms
[2022-02-07T16:50:37.707+0000][111.538s][info ][gc,phases     ] GC(6)   Other: 0.1ms
[2022-02-07T16:50:37.707+0000][111.538s][info ][gc,heap       ] GC(6) Eden regions: 69->0(68)
[2022-02-07T16:50:37.707+0000][111.538s][info ][gc,heap       ] GC(6) Survivor regions: 5->6(10)
[2022-02-07T16:50:37.707+0000][111.538s][info ][gc,heap       ] GC(6) Old regions: 8->8
[2022-02-07T16:50:37.707+0000][111.538s][info ][gc,heap       ] GC(6) Humongous regions: 0->0
[2022-02-07T16:50:37.707+0000][111.538s][info ][gc,metaspace  ] GC(6) Metaspace: 14635K->14635K(1062912K)
[2022-02-07T16:50:37.707+0000][111.538s][info ][gc            ] GC(6) Pause Young (Normal) (G1 Evacuation Pause) 80M->11M(126M) 10.745ms
[2022-02-07T16:50:37.707+0000][111.538s][info ][gc,cpu        ] GC(6) User=0.02s Sys=0.00s Real=0.01s
[2022-02-07T16:50:37.707+0000][111.538s][info ][safepoint     ] Leaving safepoint region
[2022-02-07T16:50:37.707+0000][111.538s][info ][safepoint     ] Total time for which application threads were stopped: 0.0109073 seconds, Stopping threads took: 0.0000692 seconds
[2022-02-07T16:50:37.707+0000][111.538s][info ][gc,stringdedup] Concurrent String Deduplication (111.538s)
[2022-02-07T16:50:37.707+0000][111.538s][info ][gc,stringdedup] Concurrent String Deduplication 71424.0B->50984.0B(20440.0B) avg 14.0% (111.538s, 111.538s) 0.361ms
[2022-02-07T16:50:38.545+0000][112.376s][debug][safepoint     ] Safepoint synchronization initiated. (11 threads)
[2022-02-07T16:50:38.545+0000][112.376s][info ][safepoint     ] Application time: 0.8382416 seconds
[2022-02-07T16:50:38.545+0000][112.376s][info ][safepoint     ] Entering safepoint region: G1CollectForAllocation
[2022-02-07T16:50:38.545+0000][112.376s][info ][gc,start      ] GC(7) Pause Young (Normal) (G1 Evacuation Pause)
[2022-02-07T16:50:38.545+0000][112.376s][info ][gc,task       ] GC(7) Using 4 workers of 4 for evacuation
[2022-02-07T16:50:38.552+0000][112.383s][info ][gc,phases     ] GC(7)   Pre Evacuate Collection Set: 0.0ms
[2022-02-07T16:50:38.552+0000][112.384s][info ][gc,phases     ] GC(7)   Evacuate Collection Set: 5.9ms
[2022-02-07T16:50:38.553+0000][112.384s][info ][gc,phases     ] GC(7)   Post Evacuate Collection Set: 1.2ms
[2022-02-07T16:50:38.553+0000][112.384s][info ][gc,phases     ] GC(7)   Other: 0.1ms
[2022-02-07T16:50:38.553+0000][112.384s][info ][gc,heap       ] GC(7) Eden regions: 68->0(68)
[2022-02-07T16:50:38.553+0000][112.384s][info ][gc,heap       ] GC(7) Survivor regions: 6->6(10)
[2022-02-07T16:50:38.553+0000][112.384s][info ][gc,heap       ] GC(7) Old regions: 8->8
[2022-02-07T16:50:38.553+0000][112.384s][info ][gc,heap       ] GC(7) Humongous regions: 0->0
[2022-02-07T16:50:38.553+0000][112.384s][info ][gc,metaspace  ] GC(7) Metaspace: 16137K->16137K(1064960K)
[2022-02-07T16:50:38.553+0000][112.384s][info ][gc            ] GC(7) Pause Young (Normal) (G1 Evacuation Pause) 79M->12M(126M) 7.374ms
[2022-02-07T16:50:38.553+0000][112.384s][info ][gc,cpu        ] GC(7) User=0.02s Sys=0.00s Real=0.01s
[2022-02-07T16:50:38.553+0000][112.384s][info ][safepoint     ] Leaving safepoint region
[2022-02-07T16:50:38.553+0000][112.384s][info ][safepoint     ] Total time for which application threads were stopped: 0.0075201 seconds, Stopping threads took: 0.0000100 seconds
[2022-02-07T16:50:38.553+0000][112.384s][info ][gc,stringdedup] Concurrent String Deduplication (112.384s)
[2022-02-07T16:50:38.553+0000][112.384s][info ][gc,stringdedup] Concurrent String Deduplication 77064.0B->46240.0B(30824.0B) avg 14.8% (112.384s, 112.384s) 0.399ms
[2022-02-07T16:50:38.571+0000][112.402s][debug][safepoint     ] Safepoint synchronization initiated. (11 threads)
[2022-02-07T16:50:38.571+0000][112.402s][info ][safepoint     ] Application time: 0.0182180 seconds
[2022-02-07T16:50:38.571+0000][112.402s][debug][safepoint     ] Waiting for 1 thread(s) to block
[2022-02-07T16:50:38.571+0000][112.402s][info ][safepoint     ] Entering safepoint region: Deoptimize
[2022-02-07T16:50:38.571+0000][112.402s][info ][safepoint     ] Leaving safepoint region
[2022-02-07T16:50:38.571+0000][112.402s][info ][safepoint     ] Total time for which application threads were stopped: 0.0003221 seconds, Stopping threads took: 0.0000793 seconds
[2022-02-07T16:50:39.186+0000][113.017s][debug][safepoint     ] Safepoint synchronization initiated. (11 threads)
[2022-02-07T16:50:39.186+0000][113.017s][info ][safepoint     ] Application time: 0.6146622 seconds
[2022-02-07T16:50:39.186+0000][113.017s][info ][safepoint     ] Entering safepoint region: Deoptimize
[2022-02-07T16:50:39.186+0000][113.017s][info ][safepoint     ] Leaving safepoint region
[2022-02-07T16:50:39.186+0000][113.017s][info ][safepoint     ] Total time for which application threads were stopped: 0.0003285 seconds, Stopping threads took: 0.0000094 seconds
[2022-02-07T16:50:40.186+0000][114.017s][debug][safepoint     ] Safepoint synchronization initiated. (11 threads)
[2022-02-07T16:50:40.186+0000][114.017s][info ][safepoint     ] Application time: 1.0001058 seconds
[2022-02-07T16:50:40.186+0000][114.017s][debug][safepoint     ] Waiting for 1 thread(s) to block
[2022-02-07T16:50:40.236+0000][114.067s][info ][safepoint     ] Entering safepoint region: Cleanup
[2022-02-07T16:50:40.236+0000][114.067s][info ][safepoint     ] Leaving safepoint region
[2022-02-07T16:50:40.236+0000][114.067s][info ][safepoint     ] Total time for which application threads were stopped: 0.0500306 seconds, Stopping threads took: 0.0499223 seconds
[2022-02-07T16:50:40.580+0000][114.411s][debug][safepoint     ] Safepoint synchronization initiated. (11 threads)
[2022-02-07T16:50:40.580+0000][114.411s][info ][safepoint     ] Application time: 0.3432646 seconds
[2022-02-07T16:50:40.580+0000][114.411s][debug][safepoint     ] Waiting for 1 thread(s) to block
[2022-02-07T16:50:40.640+0000][114.471s][info ][safepoint     ] Entering safepoint region: G1CollectForAllocation
[2022-02-07T16:50:40.641+0000][114.472s][info ][gc,start      ] GC(8) Pause Young (Normal) (G1 Evacuation Pause)
[2022-02-07T16:50:40.641+0000][114.472s][info ][gc,task       ] GC(8) Using 4 workers of 4 for evacuation
[2022-02-07T16:50:40.649+0000][114.480s][info ][gc,phases     ] GC(8)   Pre Evacuate Collection Set: 0.0ms
[2022-02-07T16:50:40.649+0000][114.480s][info ][gc,phases     ] GC(8)   Evacuate Collection Set: 6.9ms
[2022-02-07T16:50:40.649+0000][114.480s][info ][gc,phases     ] GC(8)   Post Evacuate Collection Set: 1.1ms
[2022-02-07T16:50:40.649+0000][114.480s][info ][gc,phases     ] GC(8)   Other: 0.1ms
[2022-02-07T16:50:40.649+0000][114.480s][info ][gc,heap       ] GC(8) Eden regions: 68->0(67)
[2022-02-07T16:50:40.649+0000][114.480s][info ][gc,heap       ] GC(8) Survivor regions: 6->7(10)
[2022-02-07T16:50:40.649+0000][114.480s][info ][gc,heap       ] GC(8) Old regions: 8->9
[2022-02-07T16:50:40.649+0000][114.480s][info ][gc,heap       ] GC(8) Humongous regions: 0->0
[2022-02-07T16:50:40.649+0000][114.480s][info ][gc,metaspace  ] GC(8) Metaspace: 18210K->18210K(1064960K)
[2022-02-07T16:50:40.649+0000][114.480s][info ][gc            ] GC(8) Pause Young (Normal) (G1 Evacuation Pause) 80M->13M(126M) 8.261ms
[2022-02-07T16:50:40.649+0000][114.480s][info ][gc,cpu        ] GC(8) User=0.03s Sys=0.00s Real=0.01s
[2022-02-07T16:50:40.649+0000][114.480s][info ][safepoint     ] Leaving safepoint region
[2022-02-07T16:50:40.649+0000][114.480s][info ][safepoint     ] Total time for which application threads were stopped: 0.0691798 seconds, Stopping threads took: 0.0607706 seconds
[2022-02-07T16:50:40.649+0000][114.480s][info ][gc,stringdedup] Concurrent String Deduplication (114.480s)
[2022-02-07T16:50:40.649+0000][114.480s][info ][gc,stringdedup] Concurrent String Deduplication 59088.0B->15984.0B(43104.0B) avg 16.2% (114.480s, 114.480s) 0.365ms
[2022-02-07T16:50:41.649+0000][115.480s][debug][safepoint     ] Safepoint synchronization initiated. (11 threads)
[2022-02-07T16:50:41.649+0000][115.480s][info ][safepoint     ] Application time: 1.0001345 seconds
[2022-02-07T16:50:41.649+0000][115.480s][info ][safepoint     ] Entering safepoint region: Cleanup
[2022-02-07T16:50:41.649+0000][115.480s][info ][safepoint     ] Leaving safepoint region
[2022-02-07T16:50:41.649+0000][115.480s][info ][safepoint     ] Total time for which application threads were stopped: 0.0001525 seconds, Stopping threads took: 0.0000105 seconds
[2022-02-07T16:50:42.649+0000][116.480s][debug][safepoint     ] Safepoint synchronization initiated. (12 threads)
[2022-02-07T16:50:42.649+0000][116.480s][info ][safepoint     ] Application time: 1.0001106 seconds
[2022-02-07T16:50:42.649+0000][116.480s][debug][safepoint     ] Waiting for 1 thread(s) to block
[2022-02-07T16:50:42.692+0000][116.523s][info ][safepoint     ] Entering safepoint region: Cleanup
[2022-02-07T16:50:42.692+0000][116.523s][info ][safepoint     ] Leaving safepoint region
[2022-02-07T16:50:42.692+0000][116.523s][info ][safepoint     ] Total time for which application threads were stopped: 0.0430997 seconds, Stopping threads took: 0.0429216 seconds
[2022-02-07T16:50:43.632+0000][117.463s][debug][safepoint     ] Safepoint synchronization initiated. (12 threads)
[2022-02-07T16:50:43.632+0000][117.463s][info ][safepoint     ] Application time: 0.9401006 seconds
[2022-02-07T16:50:43.634+0000][117.465s][debug][safepoint     ] ... found polling page loop exception at pc = 0x00007f81d13b022a, stub =0x00007f81d08be900
[2022-02-07T16:50:43.635+0000][117.466s][debug][safepoint     ] Waiting for 1 thread(s) to block
[2022-02-07T16:50:43.635+0000][117.466s][info ][safepoint     ] Entering safepoint region: CollectForMetadataAllocation
[2022-02-07T16:50:43.635+0000][117.466s][info ][gc,start      ] GC(9) Pause Young (Concurrent Start) (Metadata GC Threshold)
[2022-02-07T16:50:43.635+0000][117.466s][info ][gc,task       ] GC(9) Using 4 workers of 4 for evacuation
[2022-02-07T16:50:43.645+0000][117.476s][info ][gc,phases     ] GC(9)   Pre Evacuate Collection Set: 0.0ms
[2022-02-07T16:50:43.645+0000][117.476s][info ][gc,phases     ] GC(9)   Evacuate Collection Set: 8.7ms
[2022-02-07T16:50:43.645+0000][117.476s][info ][gc,phases     ] GC(9)   Post Evacuate Collection Set: 1.1ms
[2022-02-07T16:50:43.645+0000][117.476s][info ][gc,phases     ] GC(9)   Other: 0.2ms
[2022-02-07T16:50:43.645+0000][117.476s][info ][gc,heap       ] GC(9) Eden regions: 55->0(68)
[2022-02-07T16:50:43.645+0000][117.476s][info ][gc,heap       ] GC(9) Survivor regions: 7->6(10)
[2022-02-07T16:50:43.645+0000][117.476s][info ][gc,heap       ] GC(9) Old regions: 9->10
[2022-02-07T16:50:43.645+0000][117.476s][info ][gc,heap       ] GC(9) Humongous regions: 0->0
[2022-02-07T16:50:43.645+0000][117.476s][info ][gc,metaspace  ] GC(9) Metaspace: 20492K->20492K(1067008K)
[2022-02-07T16:50:43.645+0000][117.476s][info ][gc            ] GC(9) Pause Young (Concurrent Start) (Metadata GC Threshold) 67M->14M(126M) 10.071ms
[2022-02-07T16:50:43.645+0000][117.476s][info ][gc,cpu        ] GC(9) User=0.02s Sys=0.00s Real=0.01s
[2022-02-07T16:50:43.645+0000][117.476s][info ][gc            ] GC(10) Concurrent Cycle
[2022-02-07T16:50:43.645+0000][117.476s][info ][gc,marking    ] GC(10) Concurrent Clear Claimed Marks
[2022-02-07T16:50:43.645+0000][117.476s][info ][safepoint     ] Leaving safepoint region
[2022-02-07T16:50:43.645+0000][117.476s][info ][gc,marking    ] GC(10) Concurrent Clear Claimed Marks 0.029ms
[2022-02-07T16:50:43.645+0000][117.476s][info ][safepoint     ] Total time for which application threads were stopped: 0.0127238 seconds, Stopping threads took: 0.0024430 seconds
[2022-02-07T16:50:43.645+0000][117.476s][info ][gc,marking    ] GC(10) Concurrent Scan Root Regions
[2022-02-07T16:50:43.645+0000][117.476s][info ][gc,stringdedup] Concurrent String Deduplication (117.476s)
[2022-02-07T16:50:43.646+0000][117.477s][info ][gc,stringdedup] Concurrent String Deduplication 90688.0B->10496.0B(80192.0B) avg 18.7% (117.476s, 117.477s) 0.422ms
[2022-02-07T16:50:43.649+0000][117.480s][info ][gc,marking    ] GC(10) Concurrent Scan Root Regions 3.746ms
[2022-02-07T16:50:43.649+0000][117.480s][info ][gc,marking    ] GC(10) Concurrent Mark (117.480s)
[2022-02-07T16:50:43.649+0000][117.480s][info ][gc,marking    ] GC(10) Concurrent Mark From Roots
[2022-02-07T16:50:43.649+0000][117.480s][info ][gc,task       ] GC(10) Using 1 workers of 1 for marking
[2022-02-07T16:50:43.661+0000][117.492s][info ][gc,marking    ] GC(10) Concurrent Mark From Roots 11.925ms
[2022-02-07T16:50:43.661+0000][117.492s][info ][gc,marking    ] GC(10) Concurrent Preclean
[2022-02-07T16:50:43.661+0000][117.492s][info ][gc,marking    ] GC(10) Concurrent Preclean 0.059ms
[2022-02-07T16:50:43.661+0000][117.492s][info ][gc,marking    ] GC(10) Concurrent Mark (117.480s, 117.492s) 12.043ms
[2022-02-07T16:50:43.661+0000][117.492s][debug][safepoint     ] Safepoint synchronization initiated. (12 threads)
[2022-02-07T16:50:43.661+0000][117.492s][info ][safepoint     ] Application time: 0.0158646 seconds
[2022-02-07T16:50:43.661+0000][117.492s][debug][safepoint     ] ... found polling page return exception at pc = 0x00007f81d83fb843, stub =0x00007f81d08beb80
[2022-02-07T16:50:43.662+0000][117.493s][debug][safepoint     ] ... found polling page return exception at pc = 0x00007f81d8524c94, stub =0x00007f81d08beb80
[2022-02-07T16:50:43.662+0000][117.493s][debug][safepoint     ] Waiting for 2 thread(s) to block
[2022-02-07T16:50:43.662+0000][117.493s][info ][safepoint     ] Entering safepoint region: CGC_Operation
[2022-02-07T16:50:43.662+0000][117.493s][info ][gc,start      ] GC(10) Pause Remark
[2022-02-07T16:50:43.667+0000][117.498s][info ][gc,stringtable] GC(10) Cleaned string and symbol table, strings: 8015 processed, 8 removed, symbols: 55386 processed, 99 removed
[2022-02-07T16:50:43.668+0000][117.499s][info ][gc            ] GC(10) Pause Remark 18M->18M(126M) 5.553ms
[2022-02-07T16:50:43.668+0000][117.499s][info ][gc,cpu        ] GC(10) User=0.01s Sys=0.00s Real=0.01s
[2022-02-07T16:50:43.668+0000][117.499s][info ][safepoint     ] Leaving safepoint region
[2022-02-07T16:50:43.668+0000][117.499s][info ][safepoint     ] Total time for which application threads were stopped: 0.0064927 seconds, Stopping threads took: 0.0008312 seconds
[2022-02-07T16:50:43.668+0000][117.499s][info ][gc,marking    ] GC(10) Concurrent Rebuild Remembered Sets
[2022-02-07T16:50:43.677+0000][117.508s][info ][gc,marking    ] GC(10) Concurrent Rebuild Remembered Sets 9.361ms
[2022-02-07T16:50:43.677+0000][117.508s][debug][safepoint     ] Safepoint synchronization initiated. (12 threads)
[2022-02-07T16:50:43.677+0000][117.508s][info ][safepoint     ] Application time: 0.0094891 seconds
[2022-02-07T16:50:43.677+0000][117.508s][info ][safepoint     ] Entering safepoint region: CGC_Operation
[2022-02-07T16:50:43.677+0000][117.508s][info ][gc,start      ] GC(10) Pause Cleanup
[2022-02-07T16:50:43.677+0000][117.508s][info ][gc            ] GC(10) Pause Cleanup 19M->19M(126M) 0.094ms
[2022-02-07T16:50:43.677+0000][117.508s][info ][gc,cpu        ] GC(10) User=0.00s Sys=0.00s Real=0.00s
[2022-02-07T16:50:43.677+0000][117.508s][info ][safepoint     ] Leaving safepoint region
[2022-02-07T16:50:43.677+0000][117.508s][info ][safepoint     ] Total time for which application threads were stopped: 0.0001977 seconds, Stopping threads took: 0.0000111 seconds
[2022-02-07T16:50:43.677+0000][117.508s][info ][gc,marking    ] GC(10) Concurrent Cleanup for Next Mark
[2022-02-07T16:50:43.688+0000][117.519s][info ][gc,marking    ] GC(10) Concurrent Cleanup for Next Mark 10.191ms
[2022-02-07T16:50:43.688+0000][117.519s][info ][gc            ] GC(10) Concurrent Cycle 42.412ms
[2022-02-07T16:50:44.483+0000][118.314s][debug][safepoint     ] Safepoint synchronization initiated. (13 threads)
[2022-02-07T16:50:44.483+0000][118.314s][info ][safepoint     ] Application time: 0.8054360 seconds
[2022-02-07T16:50:44.483+0000][118.314s][debug][safepoint     ] ... found polling page return exception at pc = 0x00007f81d84bb8f0, stub =0x00007f81d08beb80
[2022-02-07T16:50:44.483+0000][118.314s][debug][safepoint     ] Waiting for 2 thread(s) to block
[2022-02-07T16:50:44.483+0000][118.314s][info ][safepoint     ] Entering safepoint region: G1CollectForAllocation
[2022-02-07T16:50:44.483+0000][118.314s][info ][gc,start      ] GC(11) Pause Young (Normal) (G1 Evacuation Pause)
[2022-02-07T16:50:44.483+0000][118.314s][info ][gc,task       ] GC(11) Using 4 workers of 4 for evacuation
[2022-02-07T16:50:44.499+0000][118.330s][info ][gc,phases     ] GC(11)   Pre Evacuate Collection Set: 0.0ms
[2022-02-07T16:50:44.499+0000][118.330s][info ][gc,phases     ] GC(11)   Evacuate Collection Set: 14.1ms
[2022-02-07T16:50:44.499+0000][118.330s][info ][gc,phases     ] GC(11)   Post Evacuate Collection Set: 1.3ms
[2022-02-07T16:50:44.499+0000][118.330s][info ][gc,phases     ] GC(11)   Other: 0.1ms
[2022-02-07T16:50:44.499+0000][118.330s][info ][gc,heap       ] GC(11) Eden regions: 68->0(67)
[2022-02-07T16:50:44.499+0000][118.330s][info ][gc,heap       ] GC(11) Survivor regions: 6->7(10)
[2022-02-07T16:50:44.499+0000][118.330s][info ][gc,heap       ] GC(11) Old regions: 10->11
[2022-02-07T16:50:44.499+0000][118.330s][info ][gc,heap       ] GC(11) Humongous regions: 0->0
[2022-02-07T16:50:44.499+0000][118.330s][info ][gc,metaspace  ] GC(11) Metaspace: 22257K->22257K(1069056K)
[2022-02-07T16:50:44.499+0000][118.330s][info ][gc            ] GC(11) Pause Young (Normal) (G1 Evacuation Pause) 82M->15M(126M) 15.657ms
[2022-02-07T16:50:44.499+0000][118.330s][info ][gc,cpu        ] GC(11) User=0.04s Sys=0.00s Real=0.01s
[2022-02-07T16:50:44.499+0000][118.330s][info ][safepoint     ] Leaving safepoint region
[2022-02-07T16:50:44.499+0000][118.330s][info ][safepoint     ] Total time for which application threads were stopped: 0.0161650 seconds, Stopping threads took: 0.0003577 seconds
[2022-02-07T16:50:44.499+0000][118.330s][info ][gc,stringdedup] Concurrent String Deduplication (118.330s)
[2022-02-07T16:50:44.501+0000][118.332s][info ][gc,stringdedup] Concurrent String Deduplication 536.7K->508.6K(28688.0B) avg 16.3% (118.330s, 118.332s) 1.628ms
[2022-02-07T16:50:44.745+0000][118.576s][debug][safepoint     ] Safepoint synchronization initiated. (13 threads)
[2022-02-07T16:50:44.745+0000][118.576s][info ][safepoint     ] Application time: 0.2461893 seconds
[2022-02-07T16:50:44.745+0000][118.576s][debug][safepoint     ] Waiting for 1 thread(s) to block
[2022-02-07T16:50:44.745+0000][118.576s][info ][safepoint     ] Entering safepoint region: Deoptimize
[2022-02-07T16:50:44.745+0000][118.576s][info ][safepoint     ] Leaving safepoint region
[2022-02-07T16:50:44.745+0000][118.576s][info ][safepoint     ] Total time for which application threads were stopped: 0.0003684 seconds, Stopping threads took: 0.0000446 seconds
[2022-02-07T16:50:45.746+0000][119.577s][debug][safepoint     ] Safepoint synchronization initiated. (11 threads)
[2022-02-07T16:50:45.746+0000][119.577s][info ][safepoint     ] Application time: 1.0001447 seconds
[2022-02-07T16:50:45.746+0000][119.577s][info ][safepoint     ] Entering safepoint region: Cleanup
[2022-02-07T16:50:45.746+0000][119.577s][info ][safepoint     ] Leaving safepoint region
[2022-02-07T16:50:45.746+0000][119.577s][info ][safepoint     ] Total time for which application threads were stopped: 0.0001364 seconds, Stopping threads took: 0.0000123 seconds
[2022-02-07T16:50:46.334+0000][120.165s][debug][safepoint     ] Safepoint synchronization initiated. (11 threads)
[2022-02-07T16:50:46.334+0000][120.165s][info ][safepoint     ] Application time: 0.5884237 seconds
[2022-02-07T16:50:46.334+0000][120.165s][info ][safepoint     ] Entering safepoint region: G1CollectForAllocation
[2022-02-07T16:50:46.334+0000][120.165s][info ][gc,start      ] GC(12) Pause Young (Normal) (G1 Evacuation Pause)
[2022-02-07T16:50:46.334+0000][120.165s][info ][gc,task       ] GC(12) Using 3 workers of 4 for evacuation
[2022-02-07T16:50:46.342+0000][120.173s][info ][gc,phases     ] GC(12)   Pre Evacuate Collection Set: 0.0ms
[2022-02-07T16:50:46.342+0000][120.173s][info ][gc,phases     ] GC(12)   Evacuate Collection Set: 6.3ms
[2022-02-07T16:50:46.342+0000][120.173s][info ][gc,phases     ] GC(12)   Post Evacuate Collection Set: 1.3ms
[2022-02-07T16:50:46.342+0000][120.173s][info ][gc,phases     ] GC(12)   Other: 0.1ms
[2022-02-07T16:50:46.342+0000][120.173s][info ][gc,heap       ] GC(12) Eden regions: 67->0(68)
[2022-02-07T16:50:46.342+0000][120.173s][info ][gc,heap       ] GC(12) Survivor regions: 7->6(10)
[2022-02-07T16:50:46.342+0000][120.173s][info ][gc,heap       ] GC(12) Old regions: 11->12
[2022-02-07T16:50:46.342+0000][120.173s][info ][gc,heap       ] GC(12) Humongous regions: 0->0
[2022-02-07T16:50:46.342+0000][120.173s][info ][gc,metaspace  ] GC(12) Metaspace: 23093K->23093K(1071104K)
[2022-02-07T16:50:46.342+0000][120.173s][info ][gc            ] GC(12) Pause Young (Normal) (G1 Evacuation Pause) 82M->16M(126M) 7.737ms
[2022-02-07T16:50:46.342+0000][120.173s][info ][gc,cpu        ] GC(12) User=0.03s Sys=0.00s Real=0.01s
[2022-02-07T16:50:46.342+0000][120.173s][info ][safepoint     ] Leaving safepoint region
[2022-02-07T16:50:46.342+0000][120.173s][info ][safepoint     ] Total time for which application threads were stopped: 0.0078480 seconds, Stopping threads took: 0.0000103 seconds
[2022-02-07T16:50:46.342+0000][120.173s][info ][gc,stringdedup] Concurrent String Deduplication (120.173s)
[2022-02-07T16:50:46.343+0000][120.174s][info ][gc,stringdedup] Concurrent String Deduplication 233.5K->156.1K(79248.0B) avg 17.5% (120.173s, 120.174s) 0.820ms
[2022-02-07T16:50:47.342+0000][121.173s][debug][safepoint     ] Safepoint synchronization initiated. (12 threads)
[2022-02-07T16:50:47.342+0000][121.173s][info ][safepoint     ] Application time: 1.0001476 seconds
[2022-02-07T16:50:47.342+0000][121.173s][info ][safepoint     ] Entering safepoint region: Cleanup
[2022-02-07T16:50:47.342+0000][121.173s][info ][safepoint     ] Leaving safepoint region
[2022-02-07T16:50:47.342+0000][121.173s][info ][safepoint     ] Total time for which application threads were stopped: 0.0000908 seconds, Stopping threads took: 0.0000134 seconds
[2022-02-07T16:50:47.911+0000][121.742s][debug][safepoint     ] Safepoint synchronization initiated. (12 threads)
[2022-02-07T16:50:47.911+0000][121.742s][info ][safepoint     ] Application time: 0.5686117 seconds
[2022-02-07T16:50:47.911+0000][121.742s][debug][safepoint     ] Waiting for 1 thread(s) to block
[2022-02-07T16:50:47.911+0000][121.742s][info ][safepoint     ] Entering safepoint region: G1CollectForAllocation
[2022-02-07T16:50:47.911+0000][121.742s][info ][gc,start      ] GC(13) Pause Young (Normal) (G1 Evacuation Pause)
[2022-02-07T16:50:47.911+0000][121.742s][info ][gc,task       ] GC(13) Using 3 workers of 4 for evacuation
[2022-02-07T16:50:47.927+0000][121.758s][info ][gc,phases     ] GC(13)   Pre Evacuate Collection Set: 0.0ms
[2022-02-07T16:50:47.927+0000][121.758s][info ][gc,phases     ] GC(13)   Evacuate Collection Set: 13.3ms
[2022-02-07T16:50:47.927+0000][121.758s][info ][gc,phases     ] GC(13)   Post Evacuate Collection Set: 2.0ms
[2022-02-07T16:50:47.927+0000][121.758s][info ][gc,phases     ] GC(13)   Other: 0.1ms
[2022-02-07T16:50:47.927+0000][121.758s][info ][gc,heap       ] GC(13) Eden regions: 68->0(67)
[2022-02-07T16:50:47.927+0000][121.758s][info ][gc,heap       ] GC(13) Survivor regions: 6->7(10)
[2022-02-07T16:50:47.927+0000][121.758s][info ][gc,heap       ] GC(13) Old regions: 12->13
[2022-02-07T16:50:47.927+0000][121.758s][info ][gc,heap       ] GC(13) Humongous regions: 0->0
[2022-02-07T16:50:47.927+0000][121.758s][info ][gc,metaspace  ] GC(13) Metaspace: 23400K->23400K(1071104K)
[2022-02-07T16:50:47.927+0000][121.758s][info ][gc            ] GC(13) Pause Young (Normal) (G1 Evacuation Pause) 84M->17M(126M) 15.619ms
[2022-02-07T16:50:47.927+0000][121.758s][info ][gc,cpu        ] GC(13) User=0.04s Sys=0.00s Real=0.01s
[2022-02-07T16:50:47.927+0000][121.758s][info ][safepoint     ] Leaving safepoint region
[2022-02-07T16:50:47.927+0000][121.758s][info ][safepoint     ] Total time for which application threads were stopped: 0.0157841 seconds, Stopping threads took: 0.0000291 seconds
[2022-02-07T16:50:47.927+0000][121.758s][info ][gc,stringdedup] Concurrent String Deduplication (121.758s)
[2022-02-07T16:50:47.928+0000][121.759s][info ][gc,stringdedup] Concurrent String Deduplication 364.9K->201.0K(163.8K) avg 20.2% (121.758s, 121.759s) 1.347ms
[2022-02-07T16:50:48.939+0000][122.770s][debug][safepoint     ] Safepoint synchronization initiated. (12 threads)
[2022-02-07T16:50:48.939+0000][122.770s][info ][safepoint     ] Application time: 1.0125809 seconds
[2022-02-07T16:50:48.939+0000][122.770s][info ][safepoint     ] Entering safepoint region: Cleanup
[2022-02-07T16:50:48.939+0000][122.770s][info ][safepoint     ] Leaving safepoint region
[2022-02-07T16:50:48.939+0000][122.770s][info ][safepoint     ] Total time for which application threads were stopped: 0.0001198 seconds, Stopping threads took: 0.0000121 seconds
[2022-02-07T16:50:49.765+0000][123.596s][debug][safepoint     ] Safepoint synchronization initiated. (11 threads)
[2022-02-07T16:50:49.765+0000][123.596s][info ][safepoint     ] Application time: 0.8258461 seconds
[2022-02-07T16:50:49.765+0000][123.596s][info ][safepoint     ] Entering safepoint region: G1CollectForAllocation
[2022-02-07T16:50:49.765+0000][123.596s][info ][gc,start      ] GC(14) Pause Young (Normal) (G1 Evacuation Pause)
[2022-02-07T16:50:49.766+0000][123.597s][info ][gc,task       ] GC(14) Using 3 workers of 4 for evacuation
[2022-02-07T16:50:49.778+0000][123.609s][info ][gc,phases     ] GC(14)   Pre Evacuate Collection Set: 0.0ms
[2022-02-07T16:50:49.778+0000][123.609s][info ][gc,phases     ] GC(14)   Evacuate Collection Set: 11.2ms
[2022-02-07T16:50:49.778+0000][123.609s][info ][gc,phases     ] GC(14)   Post Evacuate Collection Set: 1.3ms
[2022-02-07T16:50:49.778+0000][123.609s][info ][gc,phases     ] GC(14)   Other: 0.1ms
[2022-02-07T16:50:49.778+0000][123.609s][info ][gc,heap       ] GC(14) Eden regions: 67->0(68)
[2022-02-07T16:50:49.778+0000][123.609s][info ][gc,heap       ] GC(14) Survivor regions: 7->6(10)
[2022-02-07T16:50:49.778+0000][123.609s][info ][gc,heap       ] GC(14) Old regions: 13->16
[2022-02-07T16:50:49.778+0000][123.609s][info ][gc,heap       ] GC(14) Humongous regions: 0->0
[2022-02-07T16:50:49.778+0000][123.609s][info ][gc,metaspace  ] GC(14) Metaspace: 23680K->23680K(1071104K)
[2022-02-07T16:50:49.778+0000][123.609s][info ][gc            ] GC(14) Pause Young (Normal) (G1 Evacuation Pause) 84M->19M(126M) 12.726ms
[2022-02-07T16:50:49.778+0000][123.609s][info ][gc,cpu        ] GC(14) User=0.02s Sys=0.00s Real=0.01s
[2022-02-07T16:50:49.778+0000][123.609s][info ][safepoint     ] Leaving safepoint region
[2022-02-07T16:50:49.778+0000][123.609s][info ][safepoint     ] Total time for which application threads were stopped: 0.0129199 seconds, Stopping threads took: 0.0000098 seconds
[2022-02-07T16:50:49.778+0000][123.609s][info ][gc,stringdedup] Concurrent String Deduplication (123.609s)
[2022-02-07T16:50:49.780+0000][123.611s][info ][gc,stringdedup] Concurrent String Deduplication 377.2K->164.7K(212.5K) avg 23.5% (123.609s, 123.611s) 1.540ms
[2022-02-07T16:50:50.165+0000][123.996s][debug][safepoint     ] Safepoint synchronization initiated. (13 threads)
[2022-02-07T16:50:50.165+0000][123.996s][info ][safepoint     ] Application time: 0.3868178 seconds
[2022-02-07T16:50:50.168+0000][123.999s][debug][safepoint     ] Waiting for 1 thread(s) to block
[2022-02-07T16:50:50.168+0000][123.999s][info ][safepoint     ] Entering safepoint region: G1CollectForAllocation
[2022-02-07T16:50:50.168+0000][123.999s][info ][gc,start      ] GC(15) Pause Young (Normal) (G1 Evacuation Pause)
[2022-02-07T16:50:50.168+0000][123.999s][info ][gc,task       ] GC(15) Using 4 workers of 4 for evacuation
[2022-02-07T16:50:50.188+0000][124.019s][info ][gc,phases     ] GC(15)   Pre Evacuate Collection Set: 0.0ms
[2022-02-07T16:50:50.188+0000][124.019s][info ][gc,phases     ] GC(15)   Evacuate Collection Set: 19.6ms
[2022-02-07T16:50:50.188+0000][124.019s][info ][gc,phases     ] GC(15)   Post Evacuate Collection Set: 1.0ms
[2022-02-07T16:50:50.188+0000][124.019s][info ][gc,phases     ] GC(15)   Other: 0.1ms
[2022-02-07T16:50:50.188+0000][124.019s][info ][gc,heap       ] GC(15) Eden regions: 68->0(67)
[2022-02-07T16:50:50.188+0000][124.019s][info ][gc,heap       ] GC(15) Survivor regions: 6->7(10)
[2022-02-07T16:50:50.188+0000][124.019s][info ][gc,heap       ] GC(15) Old regions: 16->16
[2022-02-07T16:50:50.188+0000][124.019s][info ][gc,heap       ] GC(15) Humongous regions: 0->0
[2022-02-07T16:50:50.188+0000][124.019s][info ][gc,metaspace  ] GC(15) Metaspace: 23886K->23886K(1071104K)
[2022-02-07T16:50:50.189+0000][124.020s][info ][gc            ] GC(15) Pause Young (Normal) (G1 Evacuation Pause) 87M->20M(126M) 20.805ms
[2022-02-07T16:50:50.189+0000][124.020s][info ][gc,cpu        ] GC(15) User=0.05s Sys=0.00s Real=0.02s
[2022-02-07T16:50:50.189+0000][124.020s][info ][safepoint     ] Leaving safepoint region
[2022-02-07T16:50:50.189+0000][124.020s][info ][safepoint     ] Total time for which application threads were stopped: 0.0234614 seconds, Stopping threads took: 0.0025043 seconds
[2022-02-07T16:50:50.189+0000][124.020s][info ][gc,stringdedup] Concurrent String Deduplication (124.020s)
[2022-02-07T16:50:50.190+0000][124.021s][info ][gc,stringdedup] Concurrent String Deduplication 473.3K->183.8K(289.5K) avg 27.4% (124.020s, 124.021s) 1.791ms
[2022-02-07T16:50:51.189+0000][125.020s][debug][safepoint     ] Safepoint synchronization initiated. (12 threads)
[2022-02-07T16:50:51.189+0000][125.020s][info ][safepoint     ] Application time: 1.0001586 seconds
[2022-02-07T16:50:51.189+0000][125.020s][info ][safepoint     ] Entering safepoint region: Cleanup
[2022-02-07T16:50:51.189+0000][125.020s][info ][safepoint     ] Leaving safepoint region
[2022-02-07T16:50:51.189+0000][125.020s][info ][safepoint     ] Total time for which application threads were stopped: 0.0000918 seconds, Stopping threads took: 0.0000140 seconds
[2022-02-07T16:50:52.189+0000][126.020s][debug][safepoint     ] Safepoint synchronization initiated. (12 threads)
[2022-02-07T16:50:52.189+0000][126.020s][info ][safepoint     ] Application time: 1.0001162 seconds
[2022-02-07T16:50:52.189+0000][126.020s][info ][safepoint     ] Entering safepoint region: Cleanup
[2022-02-07T16:50:52.189+0000][126.020s][info ][safepoint     ] Leaving safepoint region
[2022-02-07T16:50:52.189+0000][126.020s][info ][safepoint     ] Total time for which application threads were stopped: 0.0000702 seconds, Stopping threads took: 0.0000106 seconds
[2022-02-07T16:50:52.229+0000][126.060s][debug][safepoint     ] Safepoint synchronization initiated. (12 threads)
[2022-02-07T16:50:52.229+0000][126.060s][info ][safepoint     ] Application time: 0.0401844 seconds
[2022-02-07T16:50:52.229+0000][126.060s][debug][safepoint     ] Waiting for 1 thread(s) to block
[2022-02-07T16:50:52.230+0000][126.061s][info ][safepoint     ] Entering safepoint region: G1CollectForAllocation
[2022-02-07T16:50:52.230+0000][126.061s][info ][gc,start      ] GC(16) Pause Young (Normal) (G1 Evacuation Pause)
[2022-02-07T16:50:52.230+0000][126.061s][info ][gc,task       ] GC(16) Using 4 workers of 4 for evacuation
[2022-02-07T16:50:52.236+0000][126.067s][info ][gc,phases     ] GC(16)   Pre Evacuate Collection Set: 0.0ms
[2022-02-07T16:50:52.236+0000][126.067s][info ][gc,phases     ] GC(16)   Evacuate Collection Set: 5.5ms
[2022-02-07T16:50:52.236+0000][126.067s][info ][gc,phases     ] GC(16)   Post Evacuate Collection Set: 1.1ms
[2022-02-07T16:50:52.236+0000][126.067s][info ][gc,phases     ] GC(16)   Other: 0.1ms
[2022-02-07T16:50:52.236+0000][126.067s][info ][gc,heap       ] GC(16) Eden regions: 67->0(69)
[2022-02-07T16:50:52.236+0000][126.068s][info ][gc,heap       ] GC(16) Survivor regions: 7->5(10)
[2022-02-07T16:50:52.237+0000][126.068s][info ][gc,heap       ] GC(16) Old regions: 16->18
[2022-02-07T16:50:52.237+0000][126.068s][info ][gc,heap       ] GC(16) Humongous regions: 0->0
[2022-02-07T16:50:52.237+0000][126.068s][info ][gc,metaspace  ] GC(16) Metaspace: 24502K->24502K(1071104K)
[2022-02-07T16:50:52.237+0000][126.068s][info ][gc            ] GC(16) Pause Young (Normal) (G1 Evacuation Pause) 87M->20M(126M) 6.792ms
[2022-02-07T16:50:52.237+0000][126.068s][info ][gc,cpu        ] GC(16) User=0.02s Sys=0.00s Real=0.00s
[2022-02-07T16:50:52.237+0000][126.068s][info ][safepoint     ] Leaving safepoint region
[2022-02-07T16:50:52.237+0000][126.068s][info ][safepoint     ] Total time for which application threads were stopped: 0.0073402 seconds, Stopping threads took: 0.0004273 seconds
[2022-02-07T16:50:52.237+0000][126.068s][info ][gc,stringdedup] Concurrent String Deduplication (126.068s)
[2022-02-07T16:50:52.238+0000][126.069s][info ][gc,stringdedup] Concurrent String Deduplication 291.3K->35272.0B(256.8K) avg 31.1% (126.068s, 126.069s) 0.878ms
[2022-02-07T16:50:54.062+0000][127.893s][debug][safepoint     ] Safepoint synchronization initiated. (13 threads)
[2022-02-07T16:50:54.062+0000][127.893s][info ][safepoint     ] Application time: 1.8249760 seconds
[2022-02-07T16:50:54.062+0000][127.893s][info ][safepoint     ] Entering safepoint region: G1CollectForAllocation
[2022-02-07T16:50:54.062+0000][127.893s][info ][gc,start      ] GC(17) Pause Young (Normal) (G1 Evacuation Pause)
[2022-02-07T16:50:54.062+0000][127.893s][info ][gc,task       ] GC(17) Using 4 workers of 4 for evacuation
[2022-02-07T16:50:54.067+0000][127.898s][info ][gc,phases     ] GC(17)   Pre Evacuate Collection Set: 0.0ms
[2022-02-07T16:50:54.067+0000][127.898s][info ][gc,phases     ] GC(17)   Evacuate Collection Set: 3.8ms
[2022-02-07T16:50:54.067+0000][127.898s][info ][gc,phases     ] GC(17)   Post Evacuate Collection Set: 1.3ms
[2022-02-07T16:50:54.067+0000][127.898s][info ][gc,phases     ] GC(17)   Other: 0.1ms
[2022-02-07T16:50:54.067+0000][127.898s][info ][gc,heap       ] GC(17) Eden regions: 69->0(69)
[2022-02-07T16:50:54.067+0000][127.898s][info ][gc,heap       ] GC(17) Survivor regions: 5->5(10)
[2022-02-07T16:50:54.067+0000][127.898s][info ][gc,heap       ] GC(17) Old regions: 18->18
[2022-02-07T16:50:54.067+0000][127.898s][info ][gc,heap       ] GC(17) Humongous regions: 0->0
[2022-02-07T16:50:54.067+0000][127.898s][info ][gc,metaspace  ] GC(17) Metaspace: 25180K->25180K(1073152K)
[2022-02-07T16:50:54.067+0000][127.898s][info ][gc            ] GC(17) Pause Young (Normal) (G1 Evacuation Pause) 89M->20M(126M) 5.354ms
[2022-02-07T16:50:54.067+0000][127.898s][info ][gc,cpu        ] GC(17) User=0.02s Sys=0.00s Real=0.00s
[2022-02-07T16:50:54.067+0000][127.898s][info ][safepoint     ] Leaving safepoint region
[2022-02-07T16:50:54.067+0000][127.898s][info ][safepoint     ] Total time for which application threads were stopped: 0.0055191 seconds, Stopping threads took: 0.0000101 seconds
[2022-02-07T16:50:54.067+0000][127.898s][info ][gc,stringdedup] Concurrent String Deduplication (127.898s)
[2022-02-07T16:50:54.069+0000][127.900s][info ][gc,stringdedup] Concurrent String Deduplication 997.6K->192.7K(804.9K) avg 39.6% (127.898s, 127.900s) 1.944ms
[2022-02-07T16:50:54.196+0000][128.027s][debug][safepoint     ] Safepoint synchronization initiated. (13 threads)
[2022-02-07T16:50:54.196+0000][128.027s][info ][safepoint     ] Application time: 0.1290255 seconds
[2022-02-07T16:50:54.196+0000][128.027s][info ][safepoint     ] Entering safepoint region: G1CollectForAllocation
[2022-02-07T16:50:54.196+0000][128.027s][info ][gc,start      ] GC(18) Pause Young (Normal) (G1 Evacuation Pause)
[2022-02-07T16:50:54.196+0000][128.027s][info ][gc,task       ] GC(18) Using 4 workers of 4 for evacuation
[2022-02-07T16:50:54.206+0000][128.037s][info ][gc,phases     ] GC(18)   Pre Evacuate Collection Set: 0.0ms
[2022-02-07T16:50:54.206+0000][128.037s][info ][gc,phases     ] GC(18)   Evacuate Collection Set: 8.5ms
[2022-02-07T16:50:54.206+0000][128.037s][info ][gc,phases     ] GC(18)   Post Evacuate Collection Set: 1.2ms
[2022-02-07T16:50:54.206+0000][128.037s][info ][gc,phases     ] GC(18)   Other: 0.1ms
[2022-02-07T16:50:54.206+0000][128.037s][info ][gc,heap       ] GC(18) Eden regions: 69->0(70)
[2022-02-07T16:50:54.206+0000][128.037s][info ][gc,heap       ] GC(18) Survivor regions: 5->4(10)
[2022-02-07T16:50:54.206+0000][128.037s][info ][gc,heap       ] GC(18) Old regions: 18->18
[2022-02-07T16:50:54.206+0000][128.037s][info ][gc,heap       ] GC(18) Humongous regions: 0->0
[2022-02-07T16:50:54.206+0000][128.037s][info ][gc,metaspace  ] GC(18) Metaspace: 25187K->25187K(1073152K)
[2022-02-07T16:50:54.206+0000][128.037s][info ][gc            ] GC(18) Pause Young (Normal) (G1 Evacuation Pause) 89M->19M(126M) 9.888ms
[2022-02-07T16:50:54.206+0000][128.037s][info ][gc,cpu        ] GC(18) User=0.03s Sys=0.00s Real=0.01s
[2022-02-07T16:50:54.206+0000][128.037s][info ][safepoint     ] Leaving safepoint region
[2022-02-07T16:50:54.206+0000][128.037s][info ][safepoint     ] Total time for which application threads were stopped: 0.0100579 seconds, Stopping threads took: 0.0000097 seconds
[2022-02-07T16:50:54.206+0000][128.037s][info ][gc,stringdedup] Concurrent String Deduplication (128.037s)
[2022-02-07T16:50:54.206+0000][128.037s][info ][gc,stringdedup] Concurrent String Deduplication 26848.0B->14328.0B(12520.0B) avg 39.6% (128.037s, 128.037s) 0.141ms
[2022-02-07T16:50:54.366+0000][128.197s][debug][safepoint     ] Safepoint synchronization initiated. (13 threads)
[2022-02-07T16:50:54.366+0000][128.197s][info ][safepoint     ] Application time: 0.1601781 seconds
[2022-02-07T16:50:54.366+0000][128.197s][debug][safepoint     ] ... found polling page loop exception at pc = 0x00007f81d83e7605, stub =0x00007f81d08be900
[2022-02-07T16:50:54.366+0000][128.197s][debug][safepoint     ] Waiting for 1 thread(s) to block
[2022-02-07T16:50:54.366+0000][128.197s][info ][safepoint     ] Entering safepoint region: G1CollectForAllocation
[2022-02-07T16:50:54.367+0000][128.198s][info ][gc,start      ] GC(19) Pause Young (Normal) (G1 Evacuation Pause)
[2022-02-07T16:50:54.367+0000][128.198s][info ][gc,task       ] GC(19) Using 4 workers of 4 for evacuation
[2022-02-07T16:50:54.374+0000][128.205s][info ][gc,phases     ] GC(19)   Pre Evacuate Collection Set: 0.0ms
[2022-02-07T16:50:54.374+0000][128.205s][info ][gc,phases     ] GC(19)   Evacuate Collection Set: 5.7ms
[2022-02-07T16:50:54.374+0000][128.205s][info ][gc,phases     ] GC(19)   Post Evacuate Collection Set: 1.2ms
[2022-02-07T16:50:54.374+0000][128.205s][info ][gc,phases     ] GC(19)   Other: 0.1ms
[2022-02-07T16:50:54.374+0000][128.205s][info ][gc,heap       ] GC(19) Eden regions: 70->0(70)
[2022-02-07T16:50:54.374+0000][128.205s][info ][gc,heap       ] GC(19) Survivor regions: 4->4(10)
[2022-02-07T16:50:54.374+0000][128.205s][info ][gc,heap       ] GC(19) Old regions: 18->18
[2022-02-07T16:50:54.374+0000][128.205s][info ][gc,heap       ] GC(19) Humongous regions: 0->0
[2022-02-07T16:50:54.374+0000][128.205s][info ][gc,metaspace  ] GC(19) Metaspace: 25191K->25191K(1073152K)
[2022-02-07T16:50:54.374+0000][128.205s][info ][gc            ] GC(19) Pause Young (Normal) (G1 Evacuation Pause) 89M->19M(126M) 7.139ms
[2022-02-07T16:50:54.374+0000][128.205s][info ][gc,cpu        ] GC(19) User=0.02s Sys=0.00s Real=0.01s
[2022-02-07T16:50:54.374+0000][128.205s][info ][safepoint     ] Leaving safepoint region
[2022-02-07T16:50:54.374+0000][128.205s][info ][safepoint     ] Total time for which application threads were stopped: 0.0073572 seconds, Stopping threads took: 0.0000749 seconds
[2022-02-07T16:50:54.374+0000][128.205s][info ][gc,stringdedup] Concurrent String Deduplication (128.205s)
[2022-02-07T16:50:54.374+0000][128.205s][info ][gc,stringdedup] Concurrent String Deduplication 26280.0B->13592.0B(12688.0B) avg 39.6% (128.205s, 128.205s) 0.144ms
[2022-02-07T16:50:54.511+0000][128.342s][debug][safepoint     ] Safepoint synchronization initiated. (13 threads)
[2022-02-07T16:50:54.511+0000][128.342s][info ][safepoint     ] Application time: 0.1376138 seconds
[2022-02-07T16:50:54.511+0000][128.342s][info ][safepoint     ] Entering safepoint region: G1CollectForAllocation
[2022-02-07T16:50:54.511+0000][128.342s][info ][gc,start      ] GC(20) Pause Young (Normal) (G1 Evacuation Pause)
[2022-02-07T16:50:54.511+0000][128.342s][info ][gc,task       ] GC(20) Using 4 workers of 4 for evacuation
[2022-02-07T16:50:54.516+0000][128.347s][info ][gc,phases     ] GC(20)   Pre Evacuate Collection Set: 0.0ms
[2022-02-07T16:50:54.516+0000][128.347s][info ][gc,phases     ] GC(20)   Evacuate Collection Set: 3.5ms
[2022-02-07T16:50:54.516+0000][128.347s][info ][gc,phases     ] GC(20)   Post Evacuate Collection Set: 1.3ms
[2022-02-07T16:50:54.516+0000][128.347s][info ][gc,phases     ] GC(20)   Other: 0.1ms
[2022-02-07T16:50:54.516+0000][128.347s][info ][gc,heap       ] GC(20) Eden regions: 70->0(70)
[2022-02-07T16:50:54.516+0000][128.347s][info ][gc,heap       ] GC(20) Survivor regions: 4->4(10)
[2022-02-07T16:50:54.516+0000][128.347s][info ][gc,heap       ] GC(20) Old regions: 18->18
[2022-02-07T16:50:54.516+0000][128.347s][info ][gc,heap       ] GC(20) Humongous regions: 0->0
[2022-02-07T16:50:54.516+0000][128.347s][info ][gc,metaspace  ] GC(20) Metaspace: 25196K->25196K(1073152K)
[2022-02-07T16:50:54.516+0000][128.347s][info ][gc            ] GC(20) Pause Young (Normal) (G1 Evacuation Pause) 89M->19M(126M) 5.008ms
[2022-02-07T16:50:54.516+0000][128.347s][info ][gc,cpu        ] GC(20) User=0.01s Sys=0.00s Real=0.00s
[2022-02-07T16:50:54.516+0000][128.347s][info ][safepoint     ] Leaving safepoint region
[2022-02-07T16:50:54.516+0000][128.348s][info ][safepoint     ] Total time for which application threads were stopped: 0.0051246 seconds, Stopping threads took: 0.0000112 seconds
[2022-02-07T16:50:54.517+0000][128.348s][info ][gc,stringdedup] Concurrent String Deduplication (128.348s)
[2022-02-07T16:50:54.517+0000][128.348s][info ][gc,stringdedup] Concurrent String Deduplication 0.0B->0.0B(0.0B) avg 39.6% (128.348s, 128.348s) 0.024ms
[2022-02-07T16:50:54.658+0000][128.489s][debug][safepoint     ] Safepoint synchronization initiated. (13 threads)
[2022-02-07T16:50:54.658+0000][128.489s][info ][safepoint     ] Application time: 0.1418213 seconds
[2022-02-07T16:50:54.658+0000][128.489s][debug][safepoint     ] ... found polling page return exception at pc = 0x00007f81d83fb843, stub =0x00007f81d08beb80
[2022-02-07T16:50:54.658+0000][128.489s][debug][safepoint     ] Waiting for 1 thread(s) to block
[2022-02-07T16:50:54.658+0000][128.489s][info ][safepoint     ] Entering safepoint region: G1CollectForAllocation
[2022-02-07T16:50:54.659+0000][128.490s][info ][gc,start      ] GC(21) Pause Young (Normal) (G1 Evacuation Pause)
[2022-02-07T16:50:54.659+0000][128.490s][info ][gc,task       ] GC(21) Using 4 workers of 4 for evacuation
[2022-02-07T16:50:54.667+0000][128.498s][info ][gc,phases     ] GC(21)   Pre Evacuate Collection Set: 0.0ms
[2022-02-07T16:50:54.667+0000][128.498s][info ][gc,phases     ] GC(21)   Evacuate Collection Set: 7.5ms
[2022-02-07T16:50:54.667+0000][128.498s][info ][gc,phases     ] GC(21)   Post Evacuate Collection Set: 1.3ms
[2022-02-07T16:50:54.667+0000][128.498s][info ][gc,phases     ] GC(21)   Other: 0.1ms
[2022-02-07T16:50:54.667+0000][128.498s][info ][gc,heap       ] GC(21) Eden regions: 70->0(70)
[2022-02-07T16:50:54.667+0000][128.498s][info ][gc,heap       ] GC(21) Survivor regions: 4->4(10)
[2022-02-07T16:50:54.667+0000][128.498s][info ][gc,heap       ] GC(21) Old regions: 18->18
[2022-02-07T16:50:54.667+0000][128.498s][info ][gc,heap       ] GC(21) Humongous regions: 0->0
[2022-02-07T16:50:54.667+0000][128.498s][info ][gc,metaspace  ] GC(21) Metaspace: 25196K->25196K(1073152K)
[2022-02-07T16:50:54.668+0000][128.499s][info ][gc            ] GC(21) Pause Young (Normal) (G1 Evacuation Pause) 89M->19M(126M) 8.983ms
[2022-02-07T16:50:54.668+0000][128.499s][info ][gc,cpu        ] GC(21) User=0.01s Sys=0.01s Real=0.02s
[2022-02-07T16:50:54.668+0000][128.499s][info ][safepoint     ] Leaving safepoint region
[2022-02-07T16:50:54.668+0000][128.499s][info ][safepoint     ] Total time for which application threads were stopped: 0.0092126 seconds, Stopping threads took: 0.0000877 seconds
[2022-02-07T16:50:54.668+0000][128.499s][info ][gc,stringdedup] Concurrent String Deduplication (128.499s)
[2022-02-07T16:50:54.668+0000][128.499s][info ][gc,stringdedup] Concurrent String Deduplication 0.0B->0.0B(0.0B) avg 39.6% (128.499s, 128.499s) 0.027ms
[2022-02-07T16:50:54.871+0000][128.702s][debug][safepoint     ] Safepoint synchronization initiated. (13 threads)
[2022-02-07T16:50:54.871+0000][128.702s][info ][safepoint     ] Application time: 0.2030481 seconds
[2022-02-07T16:50:54.871+0000][128.702s][info ][safepoint     ] Entering safepoint region: G1CollectForAllocation
[2022-02-07T16:50:54.871+0000][128.702s][info ][gc,start      ] GC(22) Pause Young (Normal) (G1 Evacuation Pause)
[2022-02-07T16:50:54.871+0000][128.702s][info ][gc,task       ] GC(22) Using 3 workers of 4 for evacuation
[2022-02-07T16:50:54.878+0000][128.709s][info ][gc,phases     ] GC(22)   Pre Evacuate Collection Set: 0.0ms
[2022-02-07T16:50:54.878+0000][128.709s][info ][gc,phases     ] GC(22)   Evacuate Collection Set: 5.5ms
[2022-02-07T16:50:54.878+0000][128.709s][info ][gc,phases     ] GC(22)   Post Evacuate Collection Set: 1.2ms
[2022-02-07T16:50:54.878+0000][128.709s][info ][gc,phases     ] GC(22)   Other: 0.1ms
[2022-02-07T16:50:54.878+0000][128.709s][info ][gc,heap       ] GC(22) Eden regions: 70->0(69)
[2022-02-07T16:50:54.878+0000][128.709s][info ][gc,heap       ] GC(22) Survivor regions: 4->5(10)
[2022-02-07T16:50:54.878+0000][128.709s][info ][gc,heap       ] GC(22) Old regions: 18->18
[2022-02-07T16:50:54.878+0000][128.709s][info ][gc,heap       ] GC(22) Humongous regions: 0->0
[2022-02-07T16:50:54.878+0000][128.709s][info ][gc,metaspace  ] GC(22) Metaspace: 25293K->25293K(1073152K)
[2022-02-07T16:50:54.878+0000][128.709s][info ][gc            ] GC(22) Pause Young (Normal) (G1 Evacuation Pause) 89M->20M(126M) 7.030ms
[2022-02-07T16:50:54.878+0000][128.709s][info ][gc,cpu        ] GC(22) User=0.01s Sys=0.00s Real=0.00s
[2022-02-07T16:50:54.878+0000][128.709s][info ][safepoint     ] Leaving safepoint region
[2022-02-07T16:50:54.878+0000][128.709s][info ][safepoint     ] Total time for which application threads were stopped: 0.0071667 seconds, Stopping threads took: 0.0000114 seconds
[2022-02-07T16:50:54.878+0000][128.709s][info ][gc,stringdedup] Concurrent String Deduplication (128.709s)
[2022-02-07T16:50:54.878+0000][128.709s][info ][gc,stringdedup] Concurrent String Deduplication 0.0B->0.0B(0.0B) avg 39.6% (128.709s, 128.709s) 0.024ms
[2022-02-07T16:50:55.206+0000][129.037s][debug][safepoint     ] Safepoint synchronization initiated. (12 threads)
[2022-02-07T16:50:55.206+0000][129.038s][info ][safepoint     ] Application time: 0.3287108 seconds
[2022-02-07T16:50:55.207+0000][129.038s][info ][safepoint     ] Entering safepoint region: G1CollectForAllocation
[2022-02-07T16:50:55.207+0000][129.038s][info ][gc,start      ] GC(23) Pause Young (Normal) (G1 Evacuation Pause)
[2022-02-07T16:50:55.207+0000][129.038s][info ][gc,task       ] GC(23) Using 3 workers of 4 for evacuation
[2022-02-07T16:50:55.215+0000][129.046s][info ][gc,phases     ] GC(23)   Pre Evacuate Collection Set: 0.0ms
[2022-02-07T16:50:55.215+0000][129.046s][info ][gc,phases     ] GC(23)   Evacuate Collection Set: 7.0ms
[2022-02-07T16:50:55.215+0000][129.046s][info ][gc,phases     ] GC(23)   Post Evacuate Collection Set: 1.6ms
[2022-02-07T16:50:55.215+0000][129.046s][info ][gc,phases     ] GC(23)   Other: 0.1ms
[2022-02-07T16:50:55.215+0000][129.046s][info ][gc,heap       ] GC(23) Eden regions: 69->0(70)
[2022-02-07T16:50:55.215+0000][129.046s][info ][gc,heap       ] GC(23) Survivor regions: 5->4(10)
[2022-02-07T16:50:55.215+0000][129.046s][info ][gc,heap       ] GC(23) Old regions: 18->19
[2022-02-07T16:50:55.215+0000][129.046s][info ][gc,heap       ] GC(23) Humongous regions: 0->0
[2022-02-07T16:50:55.215+0000][129.046s][info ][gc,metaspace  ] GC(23) Metaspace: 28008K->28008K(1075200K)
[2022-02-07T16:50:55.215+0000][129.046s][info ][gc            ] GC(23) Pause Young (Normal) (G1 Evacuation Pause) 89M->21M(126M) 8.820ms
[2022-02-07T16:50:55.215+0000][129.046s][info ][gc,cpu        ] GC(23) User=0.01s Sys=0.00s Real=0.01s
[2022-02-07T16:50:55.215+0000][129.046s][info ][safepoint     ] Leaving safepoint region
[2022-02-07T16:50:55.215+0000][129.046s][info ][safepoint     ] Total time for which application threads were stopped: 0.0089652 seconds, Stopping threads took: 0.0000109 seconds
[2022-02-07T16:50:55.215+0000][129.047s][info ][gc,stringdedup] Concurrent String Deduplication (129.047s)
[2022-02-07T16:50:55.216+0000][129.047s][info ][gc,stringdedup] Concurrent String Deduplication 221.1K->0.0B(221.1K) avg 41.8% (129.047s, 129.047s) 0.414ms
[2022-02-07T16:50:55.779+0000][129.610s][debug][safepoint     ] Safepoint synchronization initiated. (12 threads)
[2022-02-07T16:50:55.779+0000][129.610s][info ][safepoint     ] Application time: 0.5635805 seconds
[2022-02-07T16:50:55.779+0000][129.610s][info ][safepoint     ] Entering safepoint region: G1CollectForAllocation
[2022-02-07T16:50:55.779+0000][129.610s][info ][gc,start      ] GC(24) Pause Young (Normal) (G1 Evacuation Pause)
[2022-02-07T16:50:55.779+0000][129.610s][info ][gc,task       ] GC(24) Using 3 workers of 4 for evacuation
[2022-02-07T16:50:55.797+0000][129.628s][info ][gc,phases     ] GC(24)   Pre Evacuate Collection Set: 0.0ms
[2022-02-07T16:50:55.797+0000][129.628s][info ][gc,phases     ] GC(24)   Evacuate Collection Set: 12.0ms
[2022-02-07T16:50:55.797+0000][129.628s][info ][gc,phases     ] GC(24)   Post Evacuate Collection Set: 5.2ms
[2022-02-07T16:50:55.797+0000][129.628s][info ][gc,phases     ] GC(24)   Other: 0.1ms
[2022-02-07T16:50:55.797+0000][129.628s][info ][gc,heap       ] GC(24) Eden regions: 70->0(70)
[2022-02-07T16:50:55.797+0000][129.628s][info ][gc,heap       ] GC(24) Survivor regions: 4->4(10)
[2022-02-07T16:50:55.797+0000][129.628s][info ][gc,heap       ] GC(24) Old regions: 19->20
[2022-02-07T16:50:55.797+0000][129.628s][info ][gc,heap       ] GC(24) Humongous regions: 0->0
[2022-02-07T16:50:55.797+0000][129.628s][info ][gc,metaspace  ] GC(24) Metaspace: 29184K->29184K(1075200K)
[2022-02-07T16:50:55.797+0000][129.628s][info ][gc            ] GC(24) Pause Young (Normal) (G1 Evacuation Pause) 91M->21M(126M) 17.476ms
[2022-02-07T16:50:55.797+0000][129.628s][info ][gc,cpu        ] GC(24) User=0.02s Sys=0.00s Real=0.01s
[2022-02-07T16:50:55.797+0000][129.628s][info ][safepoint     ] Leaving safepoint region
[2022-02-07T16:50:55.797+0000][129.628s][info ][safepoint     ] Total time for which application threads were stopped: 0.0176476 seconds, Stopping threads took: 0.0000103 seconds
[2022-02-07T16:50:55.797+0000][129.628s][info ][gc,stringdedup] Concurrent String Deduplication (129.628s)
[2022-02-07T16:50:55.797+0000][129.628s][info ][gc,stringdedup] Concurrent String Deduplication 246.6K->12568.0B(234.4K) avg 43.9% (129.628s, 129.628s) 0.602ms
[2022-02-07T16:50:56.370+0000][130.201s][debug][safepoint     ] Safepoint synchronization initiated. (13 threads)
[2022-02-07T16:50:56.370+0000][130.201s][info ][safepoint     ] Application time: 0.5733093 seconds
[2022-02-07T16:50:56.370+0000][130.201s][debug][safepoint     ] Waiting for 1 thread(s) to block
[2022-02-07T16:50:56.370+0000][130.201s][info ][safepoint     ] Entering safepoint region: G1CollectForAllocation
[2022-02-07T16:50:56.370+0000][130.201s][info ][gc,start      ] GC(25) Pause Young (Normal) (G1 Evacuation Pause)
[2022-02-07T16:50:56.370+0000][130.201s][info ][gc,task       ] GC(25) Using 3 workers of 4 for evacuation
[2022-02-07T16:50:56.387+0000][130.218s][info ][gc,phases     ] GC(25)   Pre Evacuate Collection Set: 0.0ms
[2022-02-07T16:50:56.387+0000][130.218s][info ][gc,phases     ] GC(25)   Evacuate Collection Set: 15.4ms
[2022-02-07T16:50:56.387+0000][130.218s][info ][gc,phases     ] GC(25)   Post Evacuate Collection Set: 1.4ms
[2022-02-07T16:50:56.387+0000][130.218s][info ][gc,phases     ] GC(25)   Other: 0.1ms
[2022-02-07T16:50:56.387+0000][130.218s][info ][gc,heap       ] GC(25) Eden regions: 70->0(71)
[2022-02-07T16:50:56.387+0000][130.218s][info ][gc,heap       ] GC(25) Survivor regions: 4->3(10)
[2022-02-07T16:50:56.387+0000][130.218s][info ][gc,heap       ] GC(25) Old regions: 20->21
[2022-02-07T16:50:56.387+0000][130.218s][info ][gc,heap       ] GC(25) Humongous regions: 0->0
[2022-02-07T16:50:56.387+0000][130.218s][info ][gc,metaspace  ] GC(25) Metaspace: 30072K->30072K(1077248K)
[2022-02-07T16:50:56.387+0000][130.218s][info ][gc            ] GC(25) Pause Young (Normal) (G1 Evacuation Pause) 91M->21M(126M) 17.051ms
[2022-02-07T16:50:56.387+0000][130.218s][info ][gc,cpu        ] GC(25) User=0.04s Sys=0.00s Real=0.02s
[2022-02-07T16:50:56.387+0000][130.218s][info ][safepoint     ] Leaving safepoint region
[2022-02-07T16:50:56.387+0000][130.218s][info ][safepoint     ] Total time for which application threads were stopped: 0.0172169 seconds, Stopping threads took: 0.0000288 seconds
[2022-02-07T16:50:56.387+0000][130.218s][info ][gc,stringdedup] Concurrent String Deduplication (130.218s)
[2022-02-07T16:50:56.388+0000][130.219s][info ][gc,stringdedup] Concurrent String Deduplication 74736.0B->11640.0B(63096.0B) avg 44.3% (130.218s, 130.219s) 0.339ms
[2022-02-07T16:50:56.807+0000][130.638s][debug][safepoint     ] Safepoint synchronization initiated. (13 threads)
[2022-02-07T16:50:56.807+0000][130.638s][info ][safepoint     ] Application time: 0.4200440 seconds
[2022-02-07T16:50:56.807+0000][130.638s][info ][safepoint     ] Entering safepoint region: G1CollectForAllocation
[2022-02-07T16:50:56.807+0000][130.638s][info ][gc,start      ] GC(26) Pause Young (Normal) (G1 Evacuation Pause)
[2022-02-07T16:50:56.807+0000][130.638s][info ][gc,task       ] GC(26) Using 3 workers of 4 for evacuation
[2022-02-07T16:50:56.844+0000][130.675s][info ][gc,phases     ] GC(26)   Pre Evacuate Collection Set: 0.0ms
[2022-02-07T16:50:56.844+0000][130.675s][info ][gc,phases     ] GC(26)   Evacuate Collection Set: 31.7ms
[2022-02-07T16:50:56.844+0000][130.675s][info ][gc,phases     ] GC(26)   Post Evacuate Collection Set: 4.3ms
[2022-02-07T16:50:56.844+0000][130.675s][info ][gc,phases     ] GC(26)   Other: 0.1ms
[2022-02-07T16:50:56.844+0000][130.675s][info ][gc,heap       ] GC(26) Eden regions: 71->0(88)
[2022-02-07T16:50:56.844+0000][130.675s][info ][gc,heap       ] GC(26) Survivor regions: 3->3(10)
[2022-02-07T16:50:56.844+0000][130.675s][info ][gc,heap       ] GC(26) Old regions: 21->21
[2022-02-07T16:50:56.844+0000][130.675s][info ][gc,heap       ] GC(26) Humongous regions: 0->0
[2022-02-07T16:50:56.844+0000][130.675s][info ][gc,metaspace  ] GC(26) Metaspace: 30295K->30295K(1077248K)
[2022-02-07T16:50:56.844+0000][130.675s][info ][gc            ] GC(26) Pause Young (Normal) (G1 Evacuation Pause) 92M->22M(152M) 36.264ms
[2022-02-07T16:50:56.844+0000][130.675s][info ][gc,cpu        ] GC(26) User=0.05s Sys=0.00s Real=0.03s
[2022-02-07T16:50:56.844+0000][130.675s][info ][safepoint     ] Leaving safepoint region
[2022-02-07T16:50:56.844+0000][130.675s][info ][safepoint     ] Total time for which application threads were stopped: 0.0363955 seconds, Stopping threads took: 0.0000101 seconds
[2022-02-07T16:50:56.844+0000][130.675s][info ][gc,stringdedup] Concurrent String Deduplication (130.675s)
[2022-02-07T16:50:56.844+0000][130.675s][info ][gc,stringdedup] Concurrent String Deduplication 107.6K->45696.0B(64520.0B) avg 44.6% (130.675s, 130.675s) 0.461ms
[2022-02-07T16:50:57.351+0000][131.182s][debug][safepoint     ] Safepoint synchronization initiated. (13 threads)
[2022-02-07T16:50:57.351+0000][131.182s][info ][safepoint     ] Application time: 0.5075772 seconds
[2022-02-07T16:50:57.351+0000][131.182s][debug][safepoint     ] Waiting for 1 thread(s) to block
[2022-02-07T16:50:57.351+0000][131.182s][info ][safepoint     ] Entering safepoint region: G1CollectForAllocation
[2022-02-07T16:50:57.355+0000][131.186s][info ][gc,start      ] GC(27) Pause Young (Normal) (G1 Evacuation Pause)
[2022-02-07T16:50:57.355+0000][131.186s][info ][gc,task       ] GC(27) Using 3 workers of 4 for evacuation
[2022-02-07T16:50:57.377+0000][131.208s][info ][gc,phases     ] GC(27)   Pre Evacuate Collection Set: 0.0ms
[2022-02-07T16:50:57.378+0000][131.209s][info ][gc,phases     ] GC(27)   Evacuate Collection Set: 19.9ms
[2022-02-07T16:50:57.378+0000][131.209s][info ][gc,phases     ] GC(27)   Post Evacuate Collection Set: 2.2ms
[2022-02-07T16:50:57.378+0000][131.209s][info ][gc,phases     ] GC(27)   Other: 0.1ms
[2022-02-07T16:50:57.378+0000][131.209s][info ][gc,heap       ] GC(27) Eden regions: 88->0(87)
[2022-02-07T16:50:57.378+0000][131.209s][info ][gc,heap       ] GC(27) Survivor regions: 3->4(12)
[2022-02-07T16:50:57.378+0000][131.209s][info ][gc,heap       ] GC(27) Old regions: 21->21
[2022-02-07T16:50:57.378+0000][131.209s][info ][gc,heap       ] GC(27) Humongous regions: 0->0
[2022-02-07T16:50:57.378+0000][131.209s][info ][gc,metaspace  ] GC(27) Metaspace: 30401K->30401K(1077248K)
[2022-02-07T16:50:57.378+0000][131.209s][info ][gc            ] GC(27) Pause Young (Normal) (G1 Evacuation Pause) 110M->23M(152M) 22.363ms
[2022-02-07T16:50:57.378+0000][131.209s][info ][gc,cpu        ] GC(27) User=0.02s Sys=0.00s Real=0.02s
[2022-02-07T16:50:57.378+0000][131.209s][info ][safepoint     ] Leaving safepoint region
[2022-02-07T16:50:57.378+0000][131.209s][info ][safepoint     ] Total time for which application threads were stopped: 0.0263299 seconds, Stopping threads took: 0.0000285 seconds
[2022-02-07T16:50:57.378+0000][131.209s][info ][gc,stringdedup] Concurrent String Deduplication (131.209s)
[2022-02-07T16:50:57.378+0000][131.209s][info ][gc,stringdedup] Concurrent String Deduplication 129.2K->62128.0B(70168.0B) avg 44.7% (131.209s, 131.209s) 0.437ms
[2022-02-07T16:50:57.410+0000][131.241s][debug][safepoint     ] Safepoint synchronization initiated. (13 threads)
[2022-02-07T16:50:57.410+0000][131.241s][info ][safepoint     ] Application time: 0.0321415 seconds
[2022-02-07T16:50:57.410+0000][131.241s][debug][safepoint     ] Waiting for 1 thread(s) to block
[2022-02-07T16:50:57.410+0000][131.241s][info ][safepoint     ] Entering safepoint region: Deoptimize
[2022-02-07T16:50:57.410+0000][131.241s][info ][safepoint     ] Leaving safepoint region
[2022-02-07T16:50:57.410+0000][131.241s][info ][safepoint     ] Total time for which application threads were stopped: 0.0004518 seconds, Stopping threads took: 0.0000302 seconds
[2022-02-07T16:50:57.941+0000][131.772s][debug][safepoint     ] Safepoint synchronization initiated. (13 threads)
[2022-02-07T16:50:57.941+0000][131.772s][info ][safepoint     ] Application time: 0.5307008 seconds
[2022-02-07T16:50:57.941+0000][131.772s][info ][safepoint     ] Entering safepoint region: G1CollectForAllocation
[2022-02-07T16:50:57.942+0000][131.773s][info ][gc,start      ] GC(28) Pause Young (Normal) (G1 Evacuation Pause)
[2022-02-07T16:50:57.942+0000][131.773s][info ][gc,task       ] GC(28) Using 3 workers of 4 for evacuation
[2022-02-07T16:50:57.953+0000][131.784s][info ][gc,phases     ] GC(28)   Pre Evacuate Collection Set: 0.0ms
[2022-02-07T16:50:57.953+0000][131.784s][info ][gc,phases     ] GC(28)   Evacuate Collection Set: 9.2ms
[2022-02-07T16:50:57.953+0000][131.784s][info ][gc,phases     ] GC(28)   Post Evacuate Collection Set: 2.3ms
[2022-02-07T16:50:57.953+0000][131.784s][info ][gc,phases     ] GC(28)   Other: 0.2ms
[2022-02-07T16:50:57.953+0000][131.784s][info ][gc,heap       ] GC(28) Eden regions: 87->0(87)
[2022-02-07T16:50:57.953+0000][131.784s][info ][gc,heap       ] GC(28) Survivor regions: 4->4(12)
[2022-02-07T16:50:57.954+0000][131.785s][info ][gc,heap       ] GC(28) Old regions: 21->21
[2022-02-07T16:50:57.954+0000][131.785s][info ][gc,heap       ] GC(28) Humongous regions: 0->0
[2022-02-07T16:50:57.954+0000][131.785s][info ][gc,metaspace  ] GC(28) Metaspace: 31641K->31641K(1077248K)
[2022-02-07T16:50:57.954+0000][131.785s][info ][gc            ] GC(28) Pause Young (Normal) (G1 Evacuation Pause) 110M->23M(152M) 11.729ms
[2022-02-07T16:50:57.954+0000][131.785s][info ][gc,cpu        ] GC(28) User=0.01s Sys=0.00s Real=0.01s
[2022-02-07T16:50:57.954+0000][131.785s][info ][safepoint     ] Leaving safepoint region
[2022-02-07T16:50:57.954+0000][131.785s][info ][safepoint     ] Total time for which application threads were stopped: 0.0126071 seconds, Stopping threads took: 0.0000095 seconds
[2022-02-07T16:50:57.954+0000][131.785s][info ][gc,stringdedup] Concurrent String Deduplication (131.785s)
[2022-02-07T16:50:57.954+0000][131.785s][info ][gc,stringdedup] Concurrent String Deduplication 167.7K->85192.0B(86544.0B) avg 44.9% (131.785s, 131.785s) 0.576ms
[2022-02-07T16:50:58.196+0000][132.027s][debug][safepoint     ] Safepoint synchronization initiated. (13 threads)
[2022-02-07T16:50:58.196+0000][132.027s][info ][safepoint     ] Application time: 0.2421024 seconds
[2022-02-07T16:50:58.196+0000][132.027s][info ][safepoint     ] Entering safepoint region: Deoptimize
[2022-02-07T16:50:58.196+0000][132.027s][info ][safepoint     ] Leaving safepoint region
[2022-02-07T16:50:58.196+0000][132.027s][info ][safepoint     ] Total time for which application threads were stopped: 0.0004125 seconds, Stopping threads took: 0.0000101 seconds
[2022-02-07T16:50:58.236+0000][132.067s][debug][safepoint     ] Safepoint synchronization initiated. (13 threads)
[2022-02-07T16:50:58.236+0000][132.067s][info ][safepoint     ] Application time: 0.0401585 seconds
[2022-02-07T16:50:58.236+0000][132.067s][info ][safepoint     ] Entering safepoint region: Deoptimize
[2022-02-07T16:50:58.237+0000][132.068s][info ][safepoint     ] Leaving safepoint region
[2022-02-07T16:50:58.237+0000][132.068s][info ][safepoint     ] Total time for which application threads were stopped: 0.0004027 seconds, Stopping threads took: 0.0000103 seconds
[2022-02-07T16:50:58.330+0000][132.161s][debug][safepoint     ] Safepoint synchronization initiated. (13 threads)
[2022-02-07T16:50:58.330+0000][132.161s][info ][safepoint     ] Application time: 0.0929258 seconds
[2022-02-07T16:50:58.330+0000][132.161s][info ][safepoint     ] Entering safepoint region: Deoptimize
[2022-02-07T16:50:58.330+0000][132.161s][info ][safepoint     ] Leaving safepoint region
[2022-02-07T16:50:58.330+0000][132.161s][info ][safepoint     ] Total time for which application threads were stopped: 0.0004027 seconds, Stopping threads took: 0.0000104 seconds
[2022-02-07T16:50:58.629+0000][132.461s][debug][safepoint     ] Safepoint synchronization initiated. (12 threads)
[2022-02-07T16:50:58.630+0000][132.461s][info ][safepoint     ] Application time: 0.2995042 seconds
[2022-02-07T16:50:58.630+0000][132.461s][info ][safepoint     ] Entering safepoint region: G1CollectForAllocation
[2022-02-07T16:50:58.630+0000][132.461s][info ][gc,start      ] GC(29) Pause Young (Normal) (G1 Evacuation Pause)
[2022-02-07T16:50:58.630+0000][132.461s][info ][gc,task       ] GC(29) Using 3 workers of 4 for evacuation
[2022-02-07T16:50:58.640+0000][132.471s][info ][gc,phases     ] GC(29)   Pre Evacuate Collection Set: 0.0ms
[2022-02-07T16:50:58.640+0000][132.471s][info ][gc,phases     ] GC(29)   Evacuate Collection Set: 8.2ms
[2022-02-07T16:50:58.640+0000][132.471s][info ][gc,phases     ] GC(29)   Post Evacuate Collection Set: 2.0ms
[2022-02-07T16:50:58.640+0000][132.471s][info ][gc,phases     ] GC(29)   Other: 0.1ms
[2022-02-07T16:50:58.640+0000][132.471s][info ][gc,heap       ] GC(29) Eden regions: 87->0(86)
[2022-02-07T16:50:58.640+0000][132.471s][info ][gc,heap       ] GC(29) Survivor regions: 4->5(12)
[2022-02-07T16:50:58.640+0000][132.471s][info ][gc,heap       ] GC(29) Old regions: 21->21
[2022-02-07T16:50:58.640+0000][132.471s][info ][gc,heap       ] GC(29) Humongous regions: 0->0
[2022-02-07T16:50:58.640+0000][132.471s][info ][gc,metaspace  ] GC(29) Metaspace: 33297K->33297K(1079296K)
[2022-02-07T16:50:58.640+0000][132.471s][info ][gc            ] GC(29) Pause Young (Normal) (G1 Evacuation Pause) 110M->23M(152M) 10.438ms
[2022-02-07T16:50:58.640+0000][132.471s][info ][gc,cpu        ] GC(29) User=0.02s Sys=0.00s Real=0.01s
[2022-02-07T16:50:58.640+0000][132.471s][info ][safepoint     ] Leaving safepoint region
[2022-02-07T16:50:58.640+0000][132.471s][info ][safepoint     ] Total time for which application threads were stopped: 0.0105744 seconds, Stopping threads took: 0.0000096 seconds
[2022-02-07T16:50:58.641+0000][132.472s][info ][gc,stringdedup] Concurrent String Deduplication (132.472s)
[2022-02-07T16:50:58.641+0000][132.472s][info ][gc,stringdedup] Concurrent String Deduplication 162.5K->78104.0B(88336.0B) avg 45.1% (132.472s, 132.472s) 0.586ms
[2022-02-07T16:50:59.140+0000][132.971s][debug][safepoint     ] Safepoint synchronization initiated. (13 threads)
[2022-02-07T16:50:59.140+0000][132.971s][info ][safepoint     ] Application time: 0.4997449 seconds
[2022-02-07T16:50:59.140+0000][132.971s][info ][safepoint     ] Entering safepoint region: G1CollectForAllocation
[2022-02-07T16:50:59.140+0000][132.971s][info ][gc,start      ] GC(30) Pause Young (Normal) (G1 Evacuation Pause)
[2022-02-07T16:50:59.140+0000][132.971s][info ][gc,task       ] GC(30) Using 3 workers of 4 for evacuation
[2022-02-07T16:50:59.166+0000][132.997s][info ][gc,phases     ] GC(30)   Pre Evacuate Collection Set: 0.0ms
[2022-02-07T16:50:59.166+0000][132.997s][info ][gc,phases     ] GC(30)   Evacuate Collection Set: 23.2ms
[2022-02-07T16:50:59.166+0000][132.997s][info ][gc,phases     ] GC(30)   Post Evacuate Collection Set: 2.3ms
[2022-02-07T16:50:59.166+0000][132.997s][info ][gc,phases     ] GC(30)   Other: 0.1ms
[2022-02-07T16:50:59.166+0000][132.997s][info ][gc,heap       ] GC(30) Eden regions: 86->0(122)
[2022-02-07T16:50:59.166+0000][132.997s][info ][gc,heap       ] GC(30) Survivor regions: 5->5(12)
[2022-02-07T16:50:59.166+0000][132.997s][info ][gc,heap       ] GC(30) Old regions: 21->21
[2022-02-07T16:50:59.166+0000][132.997s][info ][gc,heap       ] GC(30) Humongous regions: 0->0
[2022-02-07T16:50:59.166+0000][132.997s][info ][gc,metaspace  ] GC(30) Metaspace: 34231K->34231K(1079296K)
[2022-02-07T16:50:59.166+0000][132.997s][info ][gc            ] GC(30) Pause Young (Normal) (G1 Evacuation Pause) 109M->24M(228M) 25.783ms
[2022-02-07T16:50:59.166+0000][132.997s][info ][gc,cpu        ] GC(30) User=0.03s Sys=0.00s Real=0.02s
[2022-02-07T16:50:59.166+0000][132.997s][info ][safepoint     ] Leaving safepoint region
[2022-02-07T16:50:59.166+0000][132.997s][info ][safepoint     ] Total time for which application threads were stopped: 0.0259236 seconds, Stopping threads took: 0.0000096 seconds
[2022-02-07T16:50:59.166+0000][132.997s][info ][gc,stringdedup] Concurrent String Deduplication (132.997s)
[2022-02-07T16:50:59.166+0000][132.997s][info ][gc,stringdedup] Concurrent String Deduplication 53848.0B->15544.0B(38304.0B) avg 45.2% (132.997s, 132.997s) 0.328ms
[2022-02-07T16:50:59.534+0000][133.365s][debug][safepoint     ] Safepoint synchronization initiated. (13 threads)
[2022-02-07T16:50:59.534+0000][133.365s][info ][safepoint     ] Application time: 0.3681225 seconds
[2022-02-07T16:50:59.534+0000][133.365s][debug][safepoint     ] Waiting for 1 thread(s) to block
[2022-02-07T16:50:59.534+0000][133.365s][info ][safepoint     ] Entering safepoint region: Deoptimize
[2022-02-07T16:50:59.535+0000][133.366s][info ][safepoint     ] Leaving safepoint region
[2022-02-07T16:50:59.535+0000][133.366s][info ][safepoint     ] Total time for which application threads were stopped: 0.0007922 seconds, Stopping threads took: 0.0000292 seconds
[2022-02-07T16:50:59.623+0000][133.454s][debug][safepoint     ] Safepoint synchronization initiated. (13 threads)
[2022-02-07T16:50:59.623+0000][133.454s][info ][safepoint     ] Application time: 0.0887196 seconds
[2022-02-07T16:50:59.624+0000][133.455s][debug][safepoint     ] ... found polling page loop exception at pc = 0x00007f81d846fbf6, stub =0x00007f81d08be900
[2022-02-07T16:50:59.624+0000][133.455s][debug][safepoint     ] Waiting for 1 thread(s) to block
[2022-02-07T16:50:59.626+0000][133.457s][info ][safepoint     ] Entering safepoint region: CollectForMetadataAllocation
[2022-02-07T16:50:59.626+0000][133.457s][info ][gc,start      ] GC(31) Pause Young (Concurrent Start) (Metadata GC Threshold)
[2022-02-07T16:50:59.626+0000][133.457s][info ][gc,task       ] GC(31) Using 4 workers of 4 for evacuation
[2022-02-07T16:50:59.668+0000][133.499s][info ][gc,phases     ] GC(31)   Pre Evacuate Collection Set: 0.1ms
[2022-02-07T16:50:59.668+0000][133.499s][info ][gc,phases     ] GC(31)   Evacuate Collection Set: 39.6ms
[2022-02-07T16:50:59.668+0000][133.499s][info ][gc,phases     ] GC(31)   Post Evacuate Collection Set: 1.5ms
[2022-02-07T16:50:59.668+0000][133.499s][info ][gc,phases     ] GC(31)   Other: 0.2ms
[2022-02-07T16:50:59.668+0000][133.499s][info ][gc,heap       ] GC(31) Eden regions: 66->0(118)
[2022-02-07T16:50:59.668+0000][133.499s][info ][gc,heap       ] GC(31) Survivor regions: 5->5(16)
[2022-02-07T16:50:59.668+0000][133.499s][info ][gc,heap       ] GC(31) Old regions: 21->21
[2022-02-07T16:50:59.668+0000][133.499s][info ][gc,heap       ] GC(31) Humongous regions: 0->0
[2022-02-07T16:50:59.668+0000][133.499s][info ][gc,metaspace  ] GC(31) Metaspace: 34837K->34837K(1081344K)
[2022-02-07T16:50:59.668+0000][133.499s][info ][gc            ] GC(31) Pause Young (Concurrent Start) (Metadata GC Threshold) 89M->24M(228M) 41.470ms
[2022-02-07T16:50:59.668+0000][133.499s][info ][gc,cpu        ] GC(31) User=0.07s Sys=0.00s Real=0.05s
[2022-02-07T16:50:59.668+0000][133.499s][info ][safepoint     ] Leaving safepoint region
[2022-02-07T16:50:59.668+0000][133.499s][info ][safepoint     ] Total time for which application threads were stopped: 0.0442667 seconds, Stopping threads took: 0.0026168 seconds
[2022-02-07T16:50:59.668+0000][133.499s][info ][gc,stringdedup] Concurrent String Deduplication (133.499s)
[2022-02-07T16:50:59.668+0000][133.499s][info ][gc,stringdedup] Concurrent String Deduplication 64936.0B->18072.0B(46864.0B) avg 45.5% (133.499s, 133.499s) 0.385ms
[2022-02-07T16:50:59.675+0000][133.506s][info ][gc            ] GC(32) Concurrent Cycle
[2022-02-07T16:50:59.675+0000][133.506s][info ][gc,marking    ] GC(32) Concurrent Clear Claimed Marks
[2022-02-07T16:50:59.675+0000][133.506s][info ][gc,marking    ] GC(32) Concurrent Clear Claimed Marks 0.070ms
[2022-02-07T16:50:59.675+0000][133.506s][info ][gc,marking    ] GC(32) Concurrent Scan Root Regions
[2022-02-07T16:50:59.688+0000][133.519s][info ][gc,marking    ] GC(32) Concurrent Scan Root Regions 12.401ms
[2022-02-07T16:50:59.688+0000][133.519s][info ][gc,marking    ] GC(32) Concurrent Mark (133.519s)
[2022-02-07T16:50:59.688+0000][133.519s][info ][gc,marking    ] GC(32) Concurrent Mark From Roots
[2022-02-07T16:50:59.688+0000][133.519s][info ][gc,task       ] GC(32) Using 1 workers of 1 for marking
[2022-02-07T16:50:59.778+0000][133.609s][info ][gc,marking    ] GC(32) Concurrent Mark From Roots 90.249ms
[2022-02-07T16:50:59.778+0000][133.609s][info ][gc,marking    ] GC(32) Concurrent Preclean
[2022-02-07T16:50:59.778+0000][133.609s][info ][gc,marking    ] GC(32) Concurrent Preclean 0.052ms
[2022-02-07T16:50:59.778+0000][133.609s][info ][gc,marking    ] GC(32) Concurrent Mark (133.519s, 133.609s) 90.366ms
[2022-02-07T16:50:59.778+0000][133.609s][debug][safepoint     ] Safepoint synchronization initiated. (13 threads)
[2022-02-07T16:50:59.778+0000][133.609s][info ][safepoint     ] Application time: 0.1105447 seconds
[2022-02-07T16:50:59.778+0000][133.609s][debug][safepoint     ] Waiting for 1 thread(s) to block
[2022-02-07T16:50:59.789+0000][133.620s][info ][safepoint     ] Entering safepoint region: CGC_Operation
[2022-02-07T16:50:59.789+0000][133.620s][info ][gc,start      ] GC(32) Pause Remark
[2022-02-07T16:50:59.803+0000][133.634s][info ][gc,stringtable] GC(32) Cleaned string and symbol table, strings: 12528 processed, 35 removed, symbols: 115654 processed, 291 removed
[2022-02-07T16:50:59.809+0000][133.640s][info ][gc            ] GC(32) Pause Remark 36M->36M(228M) 19.582ms
[2022-02-07T16:50:59.809+0000][133.640s][info ][gc,cpu        ] GC(32) User=0.02s Sys=0.00s Real=0.02s
[2022-02-07T16:50:59.809+0000][133.640s][info ][safepoint     ] Leaving safepoint region
[2022-02-07T16:50:59.809+0000][133.640s][info ][safepoint     ] Total time for which application threads were stopped: 0.0303730 seconds, Stopping threads took: 0.0106635 seconds
[2022-02-07T16:50:59.809+0000][133.640s][info ][gc,marking    ] GC(32) Concurrent Rebuild Remembered Sets
[2022-02-07T16:50:59.851+0000][133.682s][info ][gc,marking    ] GC(32) Concurrent Rebuild Remembered Sets 42.051ms
[2022-02-07T16:50:59.851+0000][133.682s][debug][safepoint     ] Safepoint synchronization initiated. (12 threads)
[2022-02-07T16:50:59.851+0000][133.682s][info ][safepoint     ] Application time: 0.0421602 seconds
[2022-02-07T16:50:59.851+0000][133.682s][debug][safepoint     ] Waiting for 1 thread(s) to block
[2022-02-07T16:50:59.851+0000][133.682s][info ][safepoint     ] Entering safepoint region: CGC_Operation
[2022-02-07T16:50:59.851+0000][133.682s][info ][gc,start      ] GC(32) Pause Cleanup
[2022-02-07T16:50:59.851+0000][133.682s][info ][gc            ] GC(32) Pause Cleanup 40M->40M(228M) 0.099ms
[2022-02-07T16:50:59.851+0000][133.682s][info ][gc,cpu        ] GC(32) User=0.00s Sys=0.00s Real=0.00s
[2022-02-07T16:50:59.851+0000][133.682s][info ][safepoint     ] Leaving safepoint region
[2022-02-07T16:50:59.851+0000][133.682s][info ][safepoint     ] Total time for which application threads were stopped: 0.0002066 seconds, Stopping threads took: 0.0000353 seconds
[2022-02-07T16:50:59.851+0000][133.682s][info ][gc,marking    ] GC(32) Concurrent Cleanup for Next Mark
[2022-02-07T16:50:59.854+0000][133.685s][info ][gc,marking    ] GC(32) Concurrent Cleanup for Next Mark 2.590ms
[2022-02-07T16:50:59.854+0000][133.685s][info ][gc            ] GC(32) Concurrent Cycle 178.506ms
[2022-02-07T16:51:00.851+0000][134.682s][debug][safepoint     ] Safepoint synchronization initiated. (13 threads)
[2022-02-07T16:51:00.851+0000][134.682s][info ][safepoint     ] Application time: 1.0001615 seconds
[2022-02-07T16:51:00.851+0000][134.682s][info ][safepoint     ] Entering safepoint region: Cleanup
[2022-02-07T16:51:00.851+0000][134.682s][info ][safepoint     ] Leaving safepoint region
[2022-02-07T16:51:00.851+0000][134.682s][info ][safepoint     ] Total time for which application threads were stopped: 0.0001189 seconds, Stopping threads took: 0.0000133 seconds
[2022-02-07T16:51:01.202+0000][135.033s][debug][safepoint     ] Safepoint synchronization initiated. (13 threads)
[2022-02-07T16:51:01.202+0000][135.033s][info ][safepoint     ] Application time: 0.3503112 seconds
[2022-02-07T16:51:01.202+0000][135.033s][debug][safepoint     ] Waiting for 1 thread(s) to block
[2022-02-07T16:51:01.211+0000][135.042s][info ][safepoint     ] Entering safepoint region: Deoptimize
[2022-02-07T16:51:01.212+0000][135.043s][info ][safepoint     ] Leaving safepoint region
[2022-02-07T16:51:01.212+0000][135.043s][info ][safepoint     ] Total time for which application threads were stopped: 0.0101535 seconds, Stopping threads took: 0.0096446 seconds
[2022-02-07T16:51:01.213+0000][135.044s][debug][safepoint     ] Safepoint synchronization initiated. (13 threads)
[2022-02-07T16:51:01.213+0000][135.044s][info ][safepoint     ] Application time: 0.0010359 seconds
[2022-02-07T16:51:01.213+0000][135.044s][debug][safepoint     ] Waiting for 1 thread(s) to block
[2022-02-07T16:51:01.213+0000][135.044s][info ][safepoint     ] Entering safepoint region: Deoptimize
[2022-02-07T16:51:01.213+0000][135.044s][info ][safepoint     ] Leaving safepoint region
[2022-02-07T16:51:01.213+0000][135.044s][info ][safepoint     ] Total time for which application threads were stopped: 0.0004416 seconds, Stopping threads took: 0.0000263 seconds
[2022-02-07T16:51:01.260+0000][135.091s][debug][safepoint     ] Safepoint synchronization initiated. (13 threads)
[2022-02-07T16:51:01.260+0000][135.091s][info ][safepoint     ] Application time: 0.0462999 seconds
[2022-02-07T16:51:01.260+0000][135.091s][debug][safepoint     ] Waiting for 1 thread(s) to block
[2022-02-07T16:51:01.260+0000][135.091s][info ][safepoint     ] Entering safepoint region: G1CollectForAllocation
[2022-02-07T16:51:01.260+0000][135.091s][info ][gc,start      ] GC(33) Pause Young (Normal) (G1 Evacuation Pause)
[2022-02-07T16:51:01.260+0000][135.091s][info ][gc,task       ] GC(33) Using 4 workers of 4 for evacuation
[2022-02-07T16:51:01.297+0000][135.128s][info ][gc,phases     ] GC(33)   Pre Evacuate Collection Set: 0.0ms
[2022-02-07T16:51:01.297+0000][135.128s][info ][gc,phases     ] GC(33)   Evacuate Collection Set: 35.4ms
[2022-02-07T16:51:01.297+0000][135.128s][info ][gc,phases     ] GC(33)   Post Evacuate Collection Set: 1.5ms
[2022-02-07T16:51:01.297+0000][135.128s][info ][gc,phases     ] GC(33)   Other: 0.1ms
[2022-02-07T16:51:01.297+0000][135.128s][info ][gc,heap       ] GC(33) Eden regions: 118->0(130)
[2022-02-07T16:51:01.297+0000][135.128s][info ][gc,heap       ] GC(33) Survivor regions: 5->6(16)
[2022-02-07T16:51:01.297+0000][135.128s][info ][gc,heap       ] GC(33) Old regions: 21->22
[2022-02-07T16:51:01.297+0000][135.128s][info ][gc,heap       ] GC(33) Humongous regions: 0->0
[2022-02-07T16:51:01.297+0000][135.128s][info ][gc,metaspace  ] GC(33) Metaspace: 36825K->36825K(1083392K)
[2022-02-07T16:51:01.297+0000][135.128s][info ][gc            ] GC(33) Pause Young (Normal) (G1 Evacuation Pause) 142M->25M(228M) 37.126ms
[2022-02-07T16:51:01.297+0000][135.128s][info ][gc,cpu        ] GC(33) User=0.03s Sys=0.00s Real=0.03s
[2022-02-07T16:51:01.297+0000][135.128s][info ][safepoint     ] Leaving safepoint region
[2022-02-07T16:51:01.297+0000][135.128s][info ][safepoint     ] Total time for which application threads were stopped: 0.0372663 seconds, Stopping threads took: 0.0000292 seconds
[2022-02-07T16:51:01.297+0000][135.128s][info ][gc,stringdedup] Concurrent String Deduplication (135.128s)
[2022-02-07T16:51:01.297+0000][135.128s][info ][gc,stringdedup] Concurrent String Deduplication 44424.0B->14000.0B(30424.0B) avg 45.6% (135.128s, 135.128s) 0.191ms
[2022-02-07T16:51:02.311+0000][136.142s][debug][safepoint     ] Safepoint synchronization initiated. (13 threads)
[2022-02-07T16:51:02.311+0000][136.142s][info ][safepoint     ] Application time: 1.0144009 seconds
[2022-02-07T16:51:02.311+0000][136.142s][debug][safepoint     ] Waiting for 1 thread(s) to block
[2022-02-07T16:51:02.311+0000][136.142s][info ][safepoint     ] Entering safepoint region: Cleanup
[2022-02-07T16:51:02.311+0000][136.142s][info ][safepoint     ] Leaving safepoint region
[2022-02-07T16:51:02.311+0000][136.142s][info ][safepoint     ] Total time for which application threads were stopped: 0.0001259 seconds, Stopping threads took: 0.0000200 seconds
[2022-02-07T16:51:02.621+0000][136.452s][debug][safepoint     ] Safepoint synchronization initiated. (14 threads)
[2022-02-07T16:51:02.621+0000][136.452s][info ][safepoint     ] Application time: 0.3094284 seconds
[2022-02-07T16:51:02.621+0000][136.452s][info ][safepoint     ] Entering safepoint region: G1CollectForAllocation
[2022-02-07T16:51:02.627+0000][136.458s][info ][gc,start      ] GC(34) Pause Young (Normal) (G1 Evacuation Pause)
[2022-02-07T16:51:02.627+0000][136.458s][info ][gc,task       ] GC(34) Using 4 workers of 4 for evacuation
[2022-02-07T16:51:02.647+0000][136.478s][info ][gc,phases     ] GC(34)   Pre Evacuate Collection Set: 0.0ms
[2022-02-07T16:51:02.647+0000][136.478s][info ][gc,phases     ] GC(34)   Evacuate Collection Set: 16.4ms
[2022-02-07T16:51:02.647+0000][136.478s][info ][gc,phases     ] GC(34)   Post Evacuate Collection Set: 3.1ms
[2022-02-07T16:51:02.647+0000][136.478s][info ][gc,phases     ] GC(34)   Other: 0.2ms
[2022-02-07T16:51:02.647+0000][136.478s][info ][gc,heap       ] GC(34) Eden regions: 130->0(129)
[2022-02-07T16:51:02.647+0000][136.478s][info ][gc,heap       ] GC(34) Survivor regions: 6->7(17)
[2022-02-07T16:51:02.647+0000][136.478s][info ][gc,heap       ] GC(34) Old regions: 22->22
[2022-02-07T16:51:02.647+0000][136.478s][info ][gc,heap       ] GC(34) Humongous regions: 0->0
[2022-02-07T16:51:02.647+0000][136.478s][info ][gc,metaspace  ] GC(34) Metaspace: 38255K->38255K(1083392K)
[2022-02-07T16:51:02.647+0000][136.478s][info ][gc            ] GC(34) Pause Young (Normal) (G1 Evacuation Pause) 155M->27M(228M) 19.797ms
[2022-02-07T16:51:02.647+0000][136.478s][info ][gc,cpu        ] GC(34) User=0.05s Sys=0.00s Real=0.01s
[2022-02-07T16:51:02.647+0000][136.478s][info ][safepoint     ] Leaving safepoint region
[2022-02-07T16:51:02.647+0000][136.478s][info ][safepoint     ] Total time for which application threads were stopped: 0.0261523 seconds, Stopping threads took: 0.0000100 seconds
[2022-02-07T16:51:02.647+0000][136.478s][info ][gc,stringdedup] Concurrent String Deduplication (136.478s)
[2022-02-07T16:51:02.648+0000][136.479s][info ][gc,stringdedup] Concurrent String Deduplication 125.7K->29776.0B(98936.0B) avg 46.2% (136.478s, 136.479s) 0.518ms
[2022-02-07T16:51:02.981+0000][136.812s][debug][safepoint     ] Safepoint synchronization initiated. (14 threads)
[2022-02-07T16:51:02.981+0000][136.812s][info ][safepoint     ] Application time: 0.3343485 seconds
[2022-02-07T16:51:02.981+0000][136.812s][info ][safepoint     ] Entering safepoint region: Deoptimize
[2022-02-07T16:51:02.982+0000][136.813s][info ][safepoint     ] Leaving safepoint region
[2022-02-07T16:51:02.982+0000][136.813s][info ][safepoint     ] Total time for which application threads were stopped: 0.0004612 seconds, Stopping threads took: 0.0000097 seconds
[2022-02-07T16:51:03.149+0000][136.980s][debug][safepoint     ] Safepoint synchronization initiated. (14 threads)
[2022-02-07T16:51:03.149+0000][136.980s][info ][safepoint     ] Application time: 0.1667372 seconds
[2022-02-07T16:51:03.149+0000][136.980s][debug][safepoint     ] Waiting for 1 thread(s) to block
[2022-02-07T16:51:03.159+0000][136.990s][info ][safepoint     ] Entering safepoint region: Deoptimize
[2022-02-07T16:51:03.161+0000][136.992s][info ][safepoint     ] Leaving safepoint region
[2022-02-07T16:51:03.161+0000][136.992s][info ][safepoint     ] Total time for which application threads were stopped: 0.0124508 seconds, Stopping threads took: 0.0106129 seconds
[2022-02-07T16:51:03.419+0000][137.250s][debug][safepoint     ] Safepoint synchronization initiated. (14 threads)
[2022-02-07T16:51:03.419+0000][137.250s][info ][safepoint     ] Application time: 0.2578646 seconds
[2022-02-07T16:51:03.419+0000][137.250s][debug][safepoint     ] Waiting for 1 thread(s) to block
[2022-02-07T16:51:03.419+0000][137.250s][info ][safepoint     ] Entering safepoint region: Deoptimize
[2022-02-07T16:51:03.420+0000][137.251s][info ][safepoint     ] Leaving safepoint region
[2022-02-07T16:51:03.420+0000][137.251s][info ][safepoint     ] Total time for which application threads were stopped: 0.0005343 seconds, Stopping threads took: 0.0000314 seconds
[2022-02-07T16:51:03.421+0000][137.252s][debug][safepoint     ] Safepoint synchronization initiated. (14 threads)
[2022-02-07T16:51:03.421+0000][137.252s][info ][safepoint     ] Application time: 0.0013820 seconds
[2022-02-07T16:51:03.421+0000][137.252s][info ][safepoint     ] Entering safepoint region: Deoptimize
[2022-02-07T16:51:03.421+0000][137.252s][info ][safepoint     ] Leaving safepoint region
[2022-02-07T16:51:03.421+0000][137.252s][info ][safepoint     ] Total time for which application threads were stopped: 0.0004245 seconds, Stopping threads took: 0.0000094 seconds
[2022-02-07T16:51:03.700+0000][137.531s][debug][safepoint     ] Safepoint synchronization initiated. (14 threads)
[2022-02-07T16:51:03.700+0000][137.531s][info ][safepoint     ] Application time: 0.2786221 seconds
[2022-02-07T16:51:03.700+0000][137.531s][debug][safepoint     ] Waiting for 1 thread(s) to block
[2022-02-07T16:51:03.701+0000][137.532s][info ][safepoint     ] Entering safepoint region: Deoptimize
[2022-02-07T16:51:03.701+0000][137.532s][info ][safepoint     ] Leaving safepoint region
[2022-02-07T16:51:03.701+0000][137.532s][info ][safepoint     ] Total time for which application threads were stopped: 0.0011542 seconds, Stopping threads took: 0.0007006 seconds
[2022-02-07T16:51:04.707+0000][138.538s][debug][safepoint     ] Safepoint synchronization initiated. (14 threads)
[2022-02-07T16:51:04.707+0000][138.538s][info ][safepoint     ] Application time: 1.0054091 seconds
[2022-02-07T16:51:04.707+0000][138.538s][debug][safepoint     ] ... found polling page return exception at pc = 0x00007f81d863a9de, stub =0x00007f81d08beb80
[2022-02-07T16:51:04.715+0000][138.546s][debug][safepoint     ] Waiting for 1 thread(s) to block
[2022-02-07T16:51:04.727+0000][138.558s][info ][safepoint     ] Entering safepoint region: Cleanup
[2022-02-07T16:51:04.729+0000][138.560s][info ][safepoint     ] Leaving safepoint region
[2022-02-07T16:51:04.729+0000][138.560s][info ][safepoint     ] Total time for which application threads were stopped: 0.0228784 seconds, Stopping threads took: 0.0206702 seconds
[2022-02-07T16:51:04.902+0000][138.733s][debug][safepoint     ] Safepoint synchronization initiated. (14 threads)
[2022-02-07T16:51:04.902+0000][138.733s][info ][safepoint     ] Application time: 0.1729617 seconds
[2022-02-07T16:51:04.902+0000][138.733s][info ][safepoint     ] Entering safepoint region: G1CollectForAllocation
[2022-02-07T16:51:04.903+0000][138.734s][info ][gc,start      ] GC(35) Pause Young (Normal) (G1 Evacuation Pause)
[2022-02-07T16:51:04.903+0000][138.734s][info ][gc,task       ] GC(35) Using 4 workers of 4 for evacuation
[2022-02-07T16:51:04.937+0000][138.769s][info ][gc,phases     ] GC(35)   Pre Evacuate Collection Set: 0.0ms
[2022-02-07T16:51:04.938+0000][138.769s][info ][gc,phases     ] GC(35)   Evacuate Collection Set: 30.3ms
[2022-02-07T16:51:04.938+0000][138.769s][info ][gc,phases     ] GC(35)   Post Evacuate Collection Set: 4.5ms
[2022-02-07T16:51:04.938+0000][138.769s][info ][gc,phases     ] GC(35)   Other: 0.1ms
[2022-02-07T16:51:04.938+0000][138.769s][info ][gc,heap       ] GC(35) Eden regions: 129->0(170)
[2022-02-07T16:51:04.938+0000][138.769s][info ][gc,heap       ] GC(35) Survivor regions: 7->9(17)
[2022-02-07T16:51:04.938+0000][138.769s][info ][gc,heap       ] GC(35) Old regions: 22->22
[2022-02-07T16:51:04.938+0000][138.769s][info ][gc,heap       ] GC(35) Humongous regions: 0->0
[2022-02-07T16:51:04.938+0000][138.769s][info ][gc,metaspace  ] GC(35) Metaspace: 41795K->41795K(1087488K)
[2022-02-07T16:51:04.938+0000][138.769s][info ][gc            ] GC(35) Pause Young (Normal) (G1 Evacuation Pause) 156M->29M(340M) 35.060ms
[2022-02-07T16:51:04.938+0000][138.769s][info ][gc,cpu        ] GC(35) User=0.04s Sys=0.00s Real=0.03s
[2022-02-07T16:51:04.938+0000][138.769s][info ][safepoint     ] Leaving safepoint region
[2022-02-07T16:51:04.938+0000][138.769s][info ][safepoint     ] Total time for which application threads were stopped: 0.0352113 seconds, Stopping threads took: 0.0000100 seconds
[2022-02-07T16:51:04.938+0000][138.769s][info ][gc,stringdedup] Concurrent String Deduplication (138.769s)
[2022-02-07T16:51:04.938+0000][138.769s][info ][gc,stringdedup] Concurrent String Deduplication 121.1K->50592.0B(73432.0B) avg 46.4% (138.769s, 138.769s) 0.693ms
[2022-02-07T16:51:05.219+0000][139.050s][debug][safepoint     ] Safepoint synchronization initiated. (14 threads)
[2022-02-07T16:51:05.219+0000][139.050s][info ][safepoint     ] Application time: 0.2809208 seconds
[2022-02-07T16:51:05.219+0000][139.050s][debug][safepoint     ] Waiting for 1 thread(s) to block
[2022-02-07T16:51:05.222+0000][139.053s][info ][safepoint     ] Entering safepoint region: Deoptimize
[2022-02-07T16:51:05.223+0000][139.054s][info ][safepoint     ] Leaving safepoint region
[2022-02-07T16:51:05.223+0000][139.054s][info ][safepoint     ] Total time for which application threads were stopped: 0.0039309 seconds, Stopping threads took: 0.0033627 seconds
[2022-02-07T16:51:05.339+0000][139.170s][debug][safepoint     ] Safepoint synchronization initiated. (14 threads)
[2022-02-07T16:51:05.339+0000][139.170s][info ][safepoint     ] Application time: 0.1165433 seconds
[2022-02-07T16:51:05.339+0000][139.170s][info ][safepoint     ] Entering safepoint region: Deoptimize
[2022-02-07T16:51:05.340+0000][139.171s][info ][safepoint     ] Leaving safepoint region
[2022-02-07T16:51:05.340+0000][139.171s][info ][safepoint     ] Total time for which application threads were stopped: 0.0005411 seconds, Stopping threads took: 0.0000113 seconds
[2022-02-07T16:51:05.908+0000][139.739s][debug][safepoint     ] Safepoint synchronization initiated. (14 threads)
[2022-02-07T16:51:05.908+0000][139.739s][info ][safepoint     ] Application time: 0.5681300 seconds
[2022-02-07T16:51:05.908+0000][139.739s][debug][safepoint     ] Waiting for 1 thread(s) to block
[2022-02-07T16:51:05.908+0000][139.739s][info ][safepoint     ] Entering safepoint region: Deoptimize
[2022-02-07T16:51:05.908+0000][139.739s][info ][safepoint     ] Leaving safepoint region
[2022-02-07T16:51:05.908+0000][139.739s][info ][safepoint     ] Total time for which application threads were stopped: 0.0005197 seconds, Stopping threads took: 0.0000303 seconds
[2022-02-07T16:51:06.811+0000][140.642s][debug][safepoint     ] Safepoint synchronization initiated. (14 threads)
[2022-02-07T16:51:06.811+0000][140.642s][info ][safepoint     ] Application time: 0.9029742 seconds
[2022-02-07T16:51:06.811+0000][140.642s][info ][safepoint     ] Entering safepoint region: Deoptimize
[2022-02-07T16:51:06.812+0000][140.643s][info ][safepoint     ] Leaving safepoint region
[2022-02-07T16:51:06.812+0000][140.643s][info ][safepoint     ] Total time for which application threads were stopped: 0.0006001 seconds, Stopping threads took: 0.0000106 seconds
[2022-02-07T16:51:07.620+0000][141.451s][debug][safepoint     ] Safepoint synchronization initiated. (14 threads)
[2022-02-07T16:51:07.620+0000][141.451s][info ][safepoint     ] Application time: 0.8084492 seconds
[2022-02-07T16:51:07.620+0000][141.451s][debug][safepoint     ] Waiting for 1 thread(s) to block
[2022-02-07T16:51:07.620+0000][141.451s][info ][safepoint     ] Entering safepoint region: ICBufferFull
[2022-02-07T16:51:07.621+0000][141.452s][info ][safepoint     ] Leaving safepoint region
[2022-02-07T16:51:07.621+0000][141.452s][info ][safepoint     ] Total time for which application threads were stopped: 0.0002752 seconds, Stopping threads took: 0.0001239 seconds
[2022-02-07T16:51:07.967+0000][141.798s][debug][safepoint     ] Safepoint synchronization initiated. (14 threads)
[2022-02-07T16:51:07.967+0000][141.798s][info ][safepoint     ] Application time: 0.3460612 seconds
[2022-02-07T16:51:07.967+0000][141.798s][debug][safepoint     ] Waiting for 1 thread(s) to block
[2022-02-07T16:51:07.967+0000][141.798s][info ][safepoint     ] Entering safepoint region: G1CollectForAllocation
[2022-02-07T16:51:07.967+0000][141.798s][info ][gc,start      ] GC(36) Pause Young (Normal) (G1 Evacuation Pause)
[2022-02-07T16:51:07.967+0000][141.798s][info ][gc,task       ] GC(36) Using 4 workers of 4 for evacuation
[2022-02-07T16:51:08.060+0000][141.891s][info ][gc,phases     ] GC(36)   Pre Evacuate Collection Set: 0.0ms
[2022-02-07T16:51:08.060+0000][141.891s][info ][gc,phases     ] GC(36)   Evacuate Collection Set: 80.3ms
[2022-02-07T16:51:08.060+0000][141.891s][info ][gc,phases     ] GC(36)   Post Evacuate Collection Set: 12.3ms
[2022-02-07T16:51:08.060+0000][141.891s][info ][gc,phases     ] GC(36)   Other: 0.2ms
[2022-02-07T16:51:08.060+0000][141.891s][info ][gc,heap       ] GC(36) Eden regions: 170->0(192)
[2022-02-07T16:51:08.060+0000][141.891s][info ][gc,heap       ] GC(36) Survivor regions: 9->12(23)
[2022-02-07T16:51:08.060+0000][141.891s][info ][gc,heap       ] GC(36) Old regions: 22->23
[2022-02-07T16:51:08.060+0000][141.891s][info ][gc,heap       ] GC(36) Humongous regions: 0->0
[2022-02-07T16:51:08.060+0000][141.891s][info ][gc,metaspace  ] GC(36) Metaspace: 46402K->46402K(1091584K)
[2022-02-07T16:51:08.060+0000][141.891s][info ][gc            ] GC(36) Pause Young (Normal) (G1 Evacuation Pause) 199M->32M(340M) 92.855ms
[2022-02-07T16:51:08.060+0000][141.891s][info ][gc,cpu        ] GC(36) User=0.10s Sys=0.00s Real=0.10s
[2022-02-07T16:51:08.060+0000][141.891s][info ][safepoint     ] Leaving safepoint region
[2022-02-07T16:51:08.060+0000][141.891s][info ][safepoint     ] Total time for which application threads were stopped: 0.0930295 seconds, Stopping threads took: 0.0000295 seconds
[2022-02-07T16:51:08.060+0000][141.891s][info ][gc,stringdedup] Concurrent String Deduplication (141.891s)
[2022-02-07T16:51:08.061+0000][141.892s][info ][gc,stringdedup] Concurrent String Deduplication 131.3K->57992.0B(76424.0B) avg 46.6% (141.891s, 141.892s) 0.685ms
[2022-02-07T16:51:09.061+0000][142.892s][debug][safepoint     ] Safepoint synchronization initiated. (14 threads)
[2022-02-07T16:51:09.061+0000][142.892s][info ][safepoint     ] Application time: 1.0012092 seconds
[2022-02-07T16:51:09.061+0000][142.892s][debug][safepoint     ] Waiting for 1 thread(s) to block
[2022-02-07T16:51:09.064+0000][142.895s][info ][safepoint     ] Entering safepoint region: Cleanup
[2022-02-07T16:51:09.064+0000][142.895s][info ][safepoint     ] Leaving safepoint region
[2022-02-07T16:51:09.064+0000][142.895s][info ][safepoint     ] Total time for which application threads were stopped: 0.0029671 seconds, Stopping threads took: 0.0028751 seconds
[2022-02-07T16:51:09.446+0000][143.277s][debug][safepoint     ] Safepoint synchronization initiated. (14 threads)
[2022-02-07T16:51:09.446+0000][143.277s][info ][safepoint     ] Application time: 0.3823413 seconds
[2022-02-07T16:51:09.446+0000][143.277s][info ][safepoint     ] Entering safepoint region: G1CollectForAllocation
[2022-02-07T16:51:09.446+0000][143.277s][info ][gc,start      ] GC(37) Pause Young (Normal) (G1 Evacuation Pause)
[2022-02-07T16:51:09.446+0000][143.277s][info ][gc,task       ] GC(37) Using 4 workers of 4 for evacuation
[2022-02-07T16:51:09.470+0000][143.301s][info ][gc,phases     ] GC(37)   Pre Evacuate Collection Set: 0.0ms
[2022-02-07T16:51:09.470+0000][143.301s][info ][gc,phases     ] GC(37)   Evacuate Collection Set: 21.4ms
[2022-02-07T16:51:09.470+0000][143.301s][info ][gc,phases     ] GC(37)   Post Evacuate Collection Set: 2.0ms
[2022-02-07T16:51:09.470+0000][143.301s][info ][gc,phases     ] GC(37)   Other: 0.2ms
[2022-02-07T16:51:09.470+0000][143.301s][info ][gc,heap       ] GC(37) Eden regions: 192->0(193)
[2022-02-07T16:51:09.470+0000][143.301s][info ][gc,heap       ] GC(37) Survivor regions: 12->11(26)
[2022-02-07T16:51:09.470+0000][143.301s][info ][gc,heap       ] GC(37) Old regions: 23->24
[2022-02-07T16:51:09.470+0000][143.301s][info ][gc,heap       ] GC(37) Humongous regions: 0->0
[2022-02-07T16:51:09.470+0000][143.301s][info ][gc,metaspace  ] GC(37) Metaspace: 49685K->49685K(1093632K)
[2022-02-07T16:51:09.470+0000][143.301s][info ][gc            ] GC(37) Pause Young (Normal) (G1 Evacuation Pause) 224M->32M(340M) 23.726ms
[2022-02-07T16:51:09.470+0000][143.301s][info ][gc,cpu        ] GC(37) User=0.05s Sys=0.00s Real=0.03s
[2022-02-07T16:51:09.470+0000][143.301s][info ][safepoint     ] Leaving safepoint region
[2022-02-07T16:51:09.470+0000][143.301s][info ][safepoint     ] Total time for which application threads were stopped: 0.0238525 seconds, Stopping threads took: 0.0000102 seconds
[2022-02-07T16:51:09.470+0000][143.301s][info ][gc,stringdedup] Concurrent String Deduplication (143.301s)
[2022-02-07T16:51:09.471+0000][143.302s][info ][gc,stringdedup] Concurrent String Deduplication 164.6K->71096.0B(97424.0B) avg 46.8% (143.301s, 143.302s) 1.041ms
[2022-02-07T16:51:10.470+0000][144.301s][debug][safepoint     ] Safepoint synchronization initiated. (13 threads)
[2022-02-07T16:51:10.470+0000][144.301s][info ][safepoint     ] Application time: 1.0001590 seconds
[2022-02-07T16:51:10.470+0000][144.301s][info ][safepoint     ] Entering safepoint region: Cleanup
[2022-02-07T16:51:10.470+0000][144.301s][info ][safepoint     ] Leaving safepoint region
[2022-02-07T16:51:10.470+0000][144.301s][info ][safepoint     ] Total time for which application threads were stopped: 0.0001147 seconds, Stopping threads took: 0.0000109 seconds
[2022-02-07T16:51:11.471+0000][145.302s][debug][safepoint     ] Safepoint synchronization initiated. (13 threads)
[2022-02-07T16:51:11.471+0000][145.302s][info ][safepoint     ] Application time: 1.0001153 seconds
[2022-02-07T16:51:11.471+0000][145.302s][info ][safepoint     ] Entering safepoint region: Cleanup
[2022-02-07T16:51:11.471+0000][145.302s][info ][safepoint     ] Leaving safepoint region
[2022-02-07T16:51:11.471+0000][145.302s][info ][safepoint     ] Total time for which application threads were stopped: 0.0000806 seconds, Stopping threads took: 0.0000114 seconds
[2022-02-07T16:51:11.770+0000][145.601s][debug][safepoint     ] Safepoint synchronization initiated. (14 threads)
[2022-02-07T16:51:11.770+0000][145.601s][info ][safepoint     ] Application time: 0.2989305 seconds
[2022-02-07T16:51:11.770+0000][145.601s][info ][safepoint     ] Entering safepoint region: Deoptimize
[2022-02-07T16:51:11.770+0000][145.601s][info ][safepoint     ] Leaving safepoint region
[2022-02-07T16:51:11.770+0000][145.601s][info ][safepoint     ] Total time for which application threads were stopped: 0.0005931 seconds, Stopping threads took: 0.0000102 seconds
[2022-02-07T16:51:11.922+0000][145.753s][debug][safepoint     ] Safepoint synchronization initiated. (14 threads)
[2022-02-07T16:51:11.922+0000][145.753s][info ][safepoint     ] Application time: 0.1519355 seconds
[2022-02-07T16:51:11.922+0000][145.753s][info ][safepoint     ] Entering safepoint region: Deoptimize
[2022-02-07T16:51:11.923+0000][145.754s][info ][safepoint     ] Leaving safepoint region
[2022-02-07T16:51:11.923+0000][145.754s][info ][safepoint     ] Total time for which application threads were stopped: 0.0005796 seconds, Stopping threads took: 0.0000107 seconds
[2022-02-07T16:51:12.019+0000][145.850s][debug][safepoint     ] Safepoint synchronization initiated. (14 threads)
[2022-02-07T16:51:12.019+0000][145.850s][info ][safepoint     ] Application time: 0.0965100 seconds
[2022-02-07T16:51:12.019+0000][145.850s][info ][safepoint     ] Entering safepoint region: Deoptimize
[2022-02-07T16:51:12.020+0000][145.851s][info ][safepoint     ] Leaving safepoint region
[2022-02-07T16:51:12.020+0000][145.851s][info ][safepoint     ] Total time for which application threads were stopped: 0.0005907 seconds, Stopping threads took: 0.0000103 seconds
[2022-02-07T16:51:12.413+0000][146.244s][debug][safepoint     ] Safepoint synchronization initiated. (14 threads)
[2022-02-07T16:51:12.413+0000][146.244s][info ][safepoint     ] Application time: 0.3935909 seconds
[2022-02-07T16:51:12.413+0000][146.244s][info ][safepoint     ] Entering safepoint region: G1CollectForAllocation
[2022-02-07T16:51:12.414+0000][146.245s][info ][gc,start      ] GC(38) Pause Young (Normal) (G1 Evacuation Pause)
[2022-02-07T16:51:12.414+0000][146.245s][info ][gc,task       ] GC(38) Using 4 workers of 4 for evacuation
[2022-02-07T16:51:12.483+0000][146.314s][info ][gc,phases     ] GC(38)   Pre Evacuate Collection Set: 0.0ms
[2022-02-07T16:51:12.483+0000][146.314s][info ][gc,phases     ] GC(38)   Evacuate Collection Set: 63.0ms
[2022-02-07T16:51:12.483+0000][146.314s][info ][gc,phases     ] GC(38)   Post Evacuate Collection Set: 3.5ms
[2022-02-07T16:51:12.483+0000][146.314s][info ][gc,phases     ] GC(38)   Other: 2.7ms
[2022-02-07T16:51:12.483+0000][146.314s][info ][gc,heap       ] GC(38) Eden regions: 193->0(191)
[2022-02-07T16:51:12.483+0000][146.314s][info ][gc,heap       ] GC(38) Survivor regions: 11->13(26)
[2022-02-07T16:51:12.483+0000][146.314s][info ][gc,heap       ] GC(38) Old regions: 24->24
[2022-02-07T16:51:12.483+0000][146.314s][info ][gc,heap       ] GC(38) Humongous regions: 0->0
[2022-02-07T16:51:12.483+0000][146.314s][info ][gc,metaspace  ] GC(38) Metaspace: 55518K->55518K(1099776K)
[2022-02-07T16:51:12.483+0000][146.314s][info ][gc            ] GC(38) Pause Young (Normal) (G1 Evacuation Pause) 225M->34M(340M) 69.369ms
[2022-02-07T16:51:12.483+0000][146.314s][info ][gc,cpu        ] GC(38) User=0.08s Sys=0.00s Real=0.07s
[2022-02-07T16:51:12.483+0000][146.314s][info ][safepoint     ] Leaving safepoint region
[2022-02-07T16:51:12.483+0000][146.314s][info ][safepoint     ] Total time for which application threads were stopped: 0.0695330 seconds, Stopping threads took: 0.0000102 seconds
[2022-02-07T16:51:12.483+0000][146.314s][info ][gc,stringdedup] Concurrent String Deduplication (146.314s)
[2022-02-07T16:51:12.485+0000][146.316s][info ][gc,stringdedup] Concurrent String Deduplication 273.6K->132.0K(141.6K) avg 47.0% (146.314s, 146.316s) 1.907ms
[2022-02-07T16:51:13.084+0000][146.915s][debug][safepoint     ] Safepoint synchronization initiated. (15 threads)
[2022-02-07T16:51:13.084+0000][146.915s][info ][safepoint     ] Application time: 0.6006336 seconds
[2022-02-07T16:51:13.084+0000][146.915s][debug][safepoint     ] Waiting for 1 thread(s) to block
[2022-02-07T16:51:13.084+0000][146.915s][info ][safepoint     ] Entering safepoint region: ICBufferFull
[2022-02-07T16:51:13.084+0000][146.915s][info ][safepoint     ] Leaving safepoint region
[2022-02-07T16:51:13.084+0000][146.915s][info ][safepoint     ] Total time for which application threads were stopped: 0.0002090 seconds, Stopping threads took: 0.0000293 seconds
[2022-02-07T16:51:13.635+0000][147.466s][debug][safepoint     ] Safepoint synchronization initiated. (14 threads)
[2022-02-07T16:51:13.635+0000][147.466s][info ][safepoint     ] Application time: 0.5515840 seconds
[2022-02-07T16:51:13.635+0000][147.466s][info ][safepoint     ] Entering safepoint region: CollectForMetadataAllocation
[2022-02-07T16:51:13.636+0000][147.467s][info ][gc,start      ] GC(39) Pause Young (Concurrent Start) (Metadata GC Threshold)
[2022-02-07T16:51:13.636+0000][147.467s][info ][gc,task       ] GC(39) Using 4 workers of 4 for evacuation
[2022-02-07T16:51:13.707+0000][147.538s][info ][gc,phases     ] GC(39)   Pre Evacuate Collection Set: 0.1ms
[2022-02-07T16:51:13.707+0000][147.538s][info ][gc,phases     ] GC(39)   Evacuate Collection Set: 65.3ms
[2022-02-07T16:51:13.707+0000][147.538s][info ][gc,phases     ] GC(39)   Post Evacuate Collection Set: 5.8ms
[2022-02-07T16:51:13.707+0000][147.538s][info ][gc,phases     ] GC(39)   Other: 0.2ms
[2022-02-07T16:51:13.707+0000][147.538s][info ][gc,heap       ] GC(39) Eden regions: 150->0(190)
[2022-02-07T16:51:13.707+0000][147.538s][info ][gc,heap       ] GC(39) Survivor regions: 13->14(26)
[2022-02-07T16:51:13.707+0000][147.538s][info ][gc,heap       ] GC(39) Old regions: 24->24
[2022-02-07T16:51:13.707+0000][147.538s][info ][gc,heap       ] GC(39) Humongous regions: 0->0
[2022-02-07T16:51:13.707+0000][147.538s][info ][gc,metaspace  ] GC(39) Metaspace: 58634K->58634K(1101824K)
[2022-02-07T16:51:13.707+0000][147.538s][info ][gc            ] GC(39) Pause Young (Concurrent Start) (Metadata GC Threshold) 184M->36M(340M) 71.497ms
[2022-02-07T16:51:13.707+0000][147.538s][info ][gc,cpu        ] GC(39) User=0.05s Sys=0.00s Real=0.07s
[2022-02-07T16:51:13.707+0000][147.538s][info ][safepoint     ] Leaving safepoint region
[2022-02-07T16:51:13.707+0000][147.538s][info ][safepoint     ] Total time for which application threads were stopped: 0.0717495 seconds, Stopping threads took: 0.0000101 seconds
[2022-02-07T16:51:13.707+0000][147.538s][info ][gc,stringdedup] Concurrent String Deduplication (147.538s)
[2022-02-07T16:51:13.708+0000][147.539s][info ][gc,stringdedup] Concurrent String Deduplication 67808.0B->4944.0B(62864.0B) avg 47.3% (147.538s, 147.539s) 0.669ms
[2022-02-07T16:51:13.708+0000][147.539s][info ][gc            ] GC(40) Concurrent Cycle
[2022-02-07T16:51:13.708+0000][147.539s][info ][gc,marking    ] GC(40) Concurrent Clear Claimed Marks
[2022-02-07T16:51:13.708+0000][147.539s][info ][gc,marking    ] GC(40) Concurrent Clear Claimed Marks 0.079ms
[2022-02-07T16:51:13.708+0000][147.539s][info ][gc,marking    ] GC(40) Concurrent Scan Root Regions
[2022-02-07T16:51:13.727+0000][147.558s][info ][gc,marking    ] GC(40) Concurrent Scan Root Regions 19.086ms
[2022-02-07T16:51:13.727+0000][147.558s][info ][gc,marking    ] GC(40) Concurrent Mark (147.558s)
[2022-02-07T16:51:13.727+0000][147.558s][info ][gc,marking    ] GC(40) Concurrent Mark From Roots
[2022-02-07T16:51:13.727+0000][147.558s][info ][gc,task       ] GC(40) Using 1 workers of 1 for marking
[2022-02-07T16:51:13.809+0000][147.640s][debug][safepoint     ] Safepoint synchronization initiated. (14 threads)
[2022-02-07T16:51:13.809+0000][147.640s][info ][safepoint     ] Application time: 0.1013743 seconds
[2022-02-07T16:51:13.809+0000][147.640s][info ][safepoint     ] Entering safepoint region: CollectForMetadataAllocation
[2022-02-07T16:51:13.811+0000][147.642s][info ][safepoint     ] Leaving safepoint region
[2022-02-07T16:51:13.812+0000][147.643s][info ][safepoint     ] Total time for which application threads were stopped: 0.0028784 seconds, Stopping threads took: 0.0000109 seconds
[2022-02-07T16:51:13.817+0000][147.648s][info ][gc,marking    ] GC(40) Concurrent Mark From Roots 89.348ms
[2022-02-07T16:51:13.817+0000][147.648s][info ][gc,marking    ] GC(40) Concurrent Preclean
[2022-02-07T16:51:13.817+0000][147.648s][info ][gc,marking    ] GC(40) Concurrent Preclean 0.053ms
[2022-02-07T16:51:13.817+0000][147.648s][info ][gc,marking    ] GC(40) Concurrent Mark (147.558s, 147.648s) 89.458ms
[2022-02-07T16:51:13.817+0000][147.648s][debug][safepoint     ] Safepoint synchronization initiated. (14 threads)
[2022-02-07T16:51:13.817+0000][147.648s][info ][safepoint     ] Application time: 0.0052536 seconds
[2022-02-07T16:51:13.817+0000][147.648s][debug][safepoint     ] Waiting for 1 thread(s) to block
[2022-02-07T16:51:13.819+0000][147.650s][info ][safepoint     ] Entering safepoint region: CGC_Operation
[2022-02-07T16:51:13.819+0000][147.650s][info ][gc,start      ] GC(40) Pause Remark
[2022-02-07T16:51:13.847+0000][147.678s][info ][gc,stringtable] GC(40) Cleaned string and symbol table, strings: 24341 processed, 0 removed, symbols: 184548 processed, 176 removed
[2022-02-07T16:51:13.850+0000][147.681s][info ][gc            ] GC(40) Pause Remark 54M->54M(340M) 30.816ms
[2022-02-07T16:51:13.850+0000][147.681s][info ][gc,cpu        ] GC(40) User=0.03s Sys=0.00s Real=0.04s
[2022-02-07T16:51:13.850+0000][147.681s][info ][safepoint     ] Leaving safepoint region
[2022-02-07T16:51:13.850+0000][147.681s][info ][safepoint     ] Total time for which application threads were stopped: 0.0332096 seconds, Stopping threads took: 0.0022147 seconds
[2022-02-07T16:51:13.850+0000][147.681s][info ][gc,marking    ] GC(40) Concurrent Rebuild Remembered Sets
[2022-02-07T16:51:13.905+0000][147.736s][info ][gc,marking    ] GC(40) Concurrent Rebuild Remembered Sets 54.900ms
[2022-02-07T16:51:13.905+0000][147.736s][debug][safepoint     ] Safepoint synchronization initiated. (14 threads)
[2022-02-07T16:51:13.905+0000][147.736s][info ][safepoint     ] Application time: 0.0549997 seconds
[2022-02-07T16:51:13.907+0000][147.738s][debug][safepoint     ] ... found polling page loop exception at pc = 0x00007f81d8514e05, stub =0x00007f81d08be900
[2022-02-07T16:51:13.907+0000][147.738s][debug][safepoint     ] Waiting for 1 thread(s) to block
[2022-02-07T16:51:13.907+0000][147.738s][info ][safepoint     ] Entering safepoint region: CGC_Operation
[2022-02-07T16:51:13.907+0000][147.738s][info ][gc,start      ] GC(40) Pause Cleanup
[2022-02-07T16:51:13.908+0000][147.739s][info ][gc            ] GC(40) Pause Cleanup 64M->64M(340M) 1.015ms
[2022-02-07T16:51:13.908+0000][147.739s][info ][gc,cpu        ] GC(40) User=0.00s Sys=0.00s Real=0.00s
[2022-02-07T16:51:13.908+0000][147.739s][info ][safepoint     ] Leaving safepoint region
[2022-02-07T16:51:13.908+0000][147.740s][info ][safepoint     ] Total time for which application threads were stopped: 0.0034996 seconds, Stopping threads took: 0.0023007 seconds
[2022-02-07T16:51:13.909+0000][147.740s][info ][gc,marking    ] GC(40) Concurrent Cleanup for Next Mark
[2022-02-07T16:51:13.910+0000][147.741s][info ][gc,marking    ] GC(40) Concurrent Cleanup for Next Mark 1.689ms
[2022-02-07T16:51:13.910+0000][147.741s][info ][gc            ] GC(40) Concurrent Cycle 202.229ms
[2022-02-07T16:51:14.276+0000][148.107s][debug][safepoint     ] Safepoint synchronization initiated. (15 threads)
[2022-02-07T16:51:14.276+0000][148.107s][info ][safepoint     ] Application time: 0.3672994 seconds
[2022-02-07T16:51:14.276+0000][148.107s][debug][safepoint     ] Waiting for 1 thread(s) to block
[2022-02-07T16:51:14.281+0000][148.112s][info ][safepoint     ] Entering safepoint region: ICBufferFull
[2022-02-07T16:51:14.281+0000][148.112s][info ][safepoint     ] Leaving safepoint region
[2022-02-07T16:51:14.281+0000][148.112s][info ][safepoint     ] Total time for which application threads were stopped: 0.0053510 seconds, Stopping threads took: 0.0052011 seconds
[2022-02-07T16:51:14.457+0000][148.288s][debug][safepoint     ] Safepoint synchronization initiated. (15 threads)
[2022-02-07T16:51:14.457+0000][148.288s][info ][safepoint     ] Application time: 0.1761497 seconds
[2022-02-07T16:51:14.457+0000][148.288s][info ][safepoint     ] Entering safepoint region: ICBufferFull
[2022-02-07T16:51:14.457+0000][148.288s][info ][safepoint     ] Leaving safepoint region
[2022-02-07T16:51:14.457+0000][148.288s][info ][safepoint     ] Total time for which application threads were stopped: 0.0001358 seconds, Stopping threads took: 0.0000106 seconds
[2022-02-07T16:51:14.668+0000][148.499s][debug][safepoint     ] Safepoint synchronization initiated. (15 threads)
[2022-02-07T16:51:14.669+0000][148.500s][info ][safepoint     ] Application time: 0.2110208 seconds
[2022-02-07T16:51:14.669+0000][148.500s][debug][safepoint     ] Waiting for 1 thread(s) to block
[2022-02-07T16:51:14.669+0000][148.500s][info ][safepoint     ] Entering safepoint region: ICBufferFull
[2022-02-07T16:51:14.669+0000][148.500s][info ][safepoint     ] Leaving safepoint region
[2022-02-07T16:51:14.669+0000][148.500s][info ][safepoint     ] Total time for which application threads were stopped: 0.0001709 seconds, Stopping threads took: 0.0000283 seconds
[2022-02-07T16:51:15.058+0000][148.889s][debug][safepoint     ] Safepoint synchronization initiated. (15 threads)
[2022-02-07T16:51:15.058+0000][148.889s][info ][safepoint     ] Application time: 0.3890371 seconds
[2022-02-07T16:51:15.058+0000][148.889s][debug][safepoint     ] Waiting for 1 thread(s) to block
[2022-02-07T16:51:15.058+0000][148.889s][info ][safepoint     ] Entering safepoint region: ICBufferFull
[2022-02-07T16:51:15.058+0000][148.889s][info ][safepoint     ] Leaving safepoint region
[2022-02-07T16:51:15.058+0000][148.889s][info ][safepoint     ] Total time for which application threads were stopped: 0.0001953 seconds, Stopping threads took: 0.0000298 seconds
[2022-02-07T16:51:15.534+0000][149.365s][debug][safepoint     ] Safepoint synchronization initiated. (15 threads)
[2022-02-07T16:51:15.534+0000][149.365s][info ][safepoint     ] Application time: 0.4762966 seconds
[2022-02-07T16:51:15.534+0000][149.365s][info ][safepoint     ] Entering safepoint region: G1CollectForAllocation
[2022-02-07T16:51:15.534+0000][149.365s][info ][gc,start      ] GC(41) Pause Young (Concurrent Start) (G1 Evacuation Pause)
[2022-02-07T16:51:15.534+0000][149.365s][info ][gc,task       ] GC(41) Using 4 workers of 4 for evacuation
[2022-02-07T16:51:15.569+0000][149.400s][info ][gc,phases     ] GC(41)   Pre Evacuate Collection Set: 0.1ms
[2022-02-07T16:51:15.569+0000][149.400s][info ][gc,phases     ] GC(41)   Evacuate Collection Set: 24.6ms
[2022-02-07T16:51:15.569+0000][149.400s][info ][gc,phases     ] GC(41)   Post Evacuate Collection Set: 9.3ms
[2022-02-07T16:51:15.569+0000][149.400s][info ][gc,phases     ] GC(41)   Other: 0.2ms
[2022-02-07T16:51:15.569+0000][149.400s][info ][gc,heap       ] GC(41) Eden regions: 190->0(244)
[2022-02-07T16:51:15.569+0000][149.400s][info ][gc,heap       ] GC(41) Survivor regions: 14->13(26)
[2022-02-07T16:51:15.569+0000][149.400s][info ][gc,heap       ] GC(41) Old regions: 24->25
[2022-02-07T16:51:15.569+0000][149.400s][info ][gc,heap       ] GC(41) Humongous regions: 0->0
[2022-02-07T16:51:15.569+0000][149.400s][info ][gc,metaspace  ] GC(41) Metaspace: 61471K->61471K(1103872K)
[2022-02-07T16:51:15.569+0000][149.400s][info ][gc            ] GC(41) Pause Young (Concurrent Start) (G1 Evacuation Pause) 226M->36M(450M) 34.353ms
[2022-02-07T16:51:15.569+0000][149.400s][info ][gc,cpu        ] GC(41) User=0.05s Sys=0.00s Real=0.04s
[2022-02-07T16:51:15.569+0000][149.400s][info ][safepoint     ] Leaving safepoint region
[2022-02-07T16:51:15.569+0000][149.400s][info ][safepoint     ] Total time for which application threads were stopped: 0.0345782 seconds, Stopping threads took: 0.0000119 seconds
[2022-02-07T16:51:15.569+0000][149.400s][info ][gc,stringdedup] Concurrent String Deduplication (149.400s)
[2022-02-07T16:51:15.570+0000][149.401s][info ][gc,stringdedup] Concurrent String Deduplication 114.9K->25344.0B(92352.0B) avg 47.8% (149.400s, 149.401s) 1.465ms
[2022-02-07T16:51:15.569+0000][149.400s][info ][gc            ] GC(42) Concurrent Cycle
[2022-02-07T16:51:15.571+0000][149.402s][info ][gc,marking    ] GC(42) Concurrent Clear Claimed Marks
[2022-02-07T16:51:15.571+0000][149.402s][info ][gc,marking    ] GC(42) Concurrent Clear Claimed Marks 0.086ms
[2022-02-07T16:51:15.571+0000][149.402s][info ][gc,marking    ] GC(42) Concurrent Scan Root Regions
[2022-02-07T16:51:15.593+0000][149.424s][info ][gc,marking    ] GC(42) Concurrent Scan Root Regions 21.506ms
[2022-02-07T16:51:15.593+0000][149.424s][info ][gc,marking    ] GC(42) Concurrent Mark (149.424s)
[2022-02-07T16:51:15.593+0000][149.424s][info ][gc,marking    ] GC(42) Concurrent Mark From Roots
[2022-02-07T16:51:15.593+0000][149.424s][info ][gc,task       ] GC(42) Using 1 workers of 1 for marking
[2022-02-07T16:51:15.639+0000][149.470s][info ][gc,marking    ] GC(42) Concurrent Mark From Roots 46.406ms
[2022-02-07T16:51:15.639+0000][149.470s][info ][gc,marking    ] GC(42) Concurrent Preclean
[2022-02-07T16:51:15.639+0000][149.470s][info ][gc,marking    ] GC(42) Concurrent Preclean 0.060ms
[2022-02-07T16:51:15.639+0000][149.470s][info ][gc,marking    ] GC(42) Concurrent Mark (149.424s, 149.470s) 46.556ms
[2022-02-07T16:51:15.639+0000][149.470s][debug][safepoint     ] Safepoint synchronization initiated. (15 threads)
[2022-02-07T16:51:15.639+0000][149.471s][info ][safepoint     ] Application time: 0.0706511 seconds
[2022-02-07T16:51:15.640+0000][149.471s][debug][safepoint     ] Waiting for 1 thread(s) to block
[2022-02-07T16:51:15.640+0000][149.471s][info ][safepoint     ] Entering safepoint region: CGC_Operation
[2022-02-07T16:51:15.640+0000][149.471s][info ][gc,start      ] GC(42) Pause Remark
[2022-02-07T16:51:15.681+0000][149.512s][info ][gc,stringtable] GC(42) Cleaned string and symbol table, strings: 25930 processed, 1 removed, symbols: 189602 processed, 59 removed
[2022-02-07T16:51:15.681+0000][149.512s][info ][gc            ] GC(42) Pause Remark 39M->39M(450M) 41.290ms
[2022-02-07T16:51:15.681+0000][149.512s][info ][gc,cpu        ] GC(42) User=0.05s Sys=0.00s Real=0.04s
[2022-02-07T16:51:15.681+0000][149.512s][info ][safepoint     ] Leaving safepoint region
[2022-02-07T16:51:15.681+0000][149.512s][info ][safepoint     ] Total time for which application threads were stopped: 0.0417088 seconds, Stopping threads took: 0.0002640 seconds
[2022-02-07T16:51:15.681+0000][149.512s][info ][gc,marking    ] GC(42) Concurrent Rebuild Remembered Sets
[2022-02-07T16:51:15.717+0000][149.548s][info ][gc,marking    ] GC(42) Concurrent Rebuild Remembered Sets 35.555ms
[2022-02-07T16:51:15.717+0000][149.548s][debug][safepoint     ] Safepoint synchronization initiated. (15 threads)
[2022-02-07T16:51:15.717+0000][149.548s][info ][safepoint     ] Application time: 0.0356846 seconds
[2022-02-07T16:51:15.717+0000][149.548s][debug][safepoint     ] ... found polling page return exception at pc = 0x00007f81d83fb843, stub =0x00007f81d08beb80
[2022-02-07T16:51:15.717+0000][149.548s][debug][safepoint     ] Waiting for 1 thread(s) to block
[2022-02-07T16:51:15.717+0000][149.548s][info ][safepoint     ] Entering safepoint region: CGC_Operation
[2022-02-07T16:51:15.717+0000][149.548s][info ][gc,start      ] GC(42) Pause Cleanup
[2022-02-07T16:51:15.717+0000][149.548s][info ][gc            ] GC(42) Pause Cleanup 41M->41M(450M) 0.153ms
[2022-02-07T16:51:15.717+0000][149.548s][info ][gc,cpu        ] GC(42) User=0.00s Sys=0.00s Real=0.00s
[2022-02-07T16:51:15.717+0000][149.548s][info ][safepoint     ] Leaving safepoint region
[2022-02-07T16:51:15.717+0000][149.548s][info ][safepoint     ] Total time for which application threads were stopped: 0.0003327 seconds, Stopping threads took: 0.0000684 seconds
[2022-02-07T16:51:15.717+0000][149.548s][info ][gc,marking    ] GC(42) Concurrent Cleanup for Next Mark
[2022-02-07T16:51:15.729+0000][149.560s][info ][gc,marking    ] GC(42) Concurrent Cleanup for Next Mark 11.950ms
[2022-02-07T16:51:15.729+0000][149.560s][info ][gc            ] GC(42) Concurrent Cycle 160.453ms
[2022-02-07T16:51:16.308+0000][150.139s][debug][safepoint     ] Safepoint synchronization initiated. (15 threads)
[2022-02-07T16:51:16.308+0000][150.139s][info ][safepoint     ] Application time: 0.5902915 seconds
[2022-02-07T16:51:16.308+0000][150.139s][debug][safepoint     ] Waiting for 2 thread(s) to block
[2022-02-07T16:51:16.308+0000][150.139s][info ][safepoint     ] Entering safepoint region: Deoptimize
[2022-02-07T16:51:16.308+0000][150.139s][info ][safepoint     ] Leaving safepoint region
[2022-02-07T16:51:16.308+0000][150.139s][info ][safepoint     ] Total time for which application threads were stopped: 0.0008755 seconds, Stopping threads took: 0.0000613 seconds
[2022-02-07T16:51:16.576+0000][150.407s][debug][safepoint     ] Safepoint synchronization initiated. (15 threads)
[2022-02-07T16:51:16.576+0000][150.407s][info ][safepoint     ] Application time: 0.2675736 seconds
[2022-02-07T16:51:16.576+0000][150.407s][debug][safepoint     ] Waiting for 1 thread(s) to block
[2022-02-07T16:51:16.576+0000][150.407s][info ][safepoint     ] Entering safepoint region: Deoptimize
[2022-02-07T16:51:16.577+0000][150.408s][info ][safepoint     ] Leaving safepoint region
[2022-02-07T16:51:16.577+0000][150.408s][info ][safepoint     ] Total time for which application threads were stopped: 0.0006646 seconds, Stopping threads took: 0.0000274 seconds
[2022-02-07T16:51:17.579+0000][151.410s][debug][safepoint     ] Safepoint synchronization initiated. (15 threads)
[2022-02-07T16:51:17.579+0000][151.410s][info ][safepoint     ] Application time: 1.0025669 seconds
[2022-02-07T16:51:17.579+0000][151.410s][info ][safepoint     ] Entering safepoint region: Cleanup
[2022-02-07T16:51:17.579+0000][151.410s][info ][safepoint     ] Leaving safepoint region
[2022-02-07T16:51:17.579+0000][151.411s][info ][safepoint     ] Total time for which application threads were stopped: 0.0002340 seconds, Stopping threads took: 0.0000118 seconds
[2022-02-07T16:51:17.691+0000][151.522s][debug][safepoint     ] Safepoint synchronization initiated. (15 threads)
[2022-02-07T16:51:17.691+0000][151.522s][info ][safepoint     ] Application time: 0.1111440 seconds
[2022-02-07T16:51:17.691+0000][151.522s][info ][safepoint     ] Entering safepoint region: Deoptimize
[2022-02-07T16:51:17.692+0000][151.523s][info ][safepoint     ] Leaving safepoint region
[2022-02-07T16:51:17.692+0000][151.523s][info ][safepoint     ] Total time for which application threads were stopped: 0.0012745 seconds, Stopping threads took: 0.0000103 seconds
[2022-02-07T16:51:17.886+0000][151.718s][debug][safepoint     ] Safepoint synchronization initiated. (15 threads)
[2022-02-07T16:51:17.887+0000][151.718s][info ][safepoint     ] Application time: 0.1945784 seconds
[2022-02-07T16:51:17.887+0000][151.718s][debug][safepoint     ] Waiting for 1 thread(s) to block
[2022-02-07T16:51:17.887+0000][151.718s][info ][safepoint     ] Entering safepoint region: Deoptimize
[2022-02-07T16:51:17.896+0000][151.727s][info ][safepoint     ] Leaving safepoint region
[2022-02-07T16:51:17.896+0000][151.727s][info ][safepoint     ] Total time for which application threads were stopped: 0.0094329 seconds, Stopping threads took: 0.0000289 seconds
[2022-02-07T16:51:18.357+0000][152.188s][debug][safepoint     ] Safepoint synchronization initiated. (15 threads)
[2022-02-07T16:51:18.357+0000][152.188s][info ][safepoint     ] Application time: 0.4611549 seconds
[2022-02-07T16:51:18.357+0000][152.188s][debug][safepoint     ] Waiting for 1 thread(s) to block
[2022-02-07T16:51:18.357+0000][152.188s][info ][safepoint     ] Entering safepoint region: ICBufferFull
[2022-02-07T16:51:18.357+0000][152.188s][info ][safepoint     ] Leaving safepoint region
[2022-02-07T16:51:18.357+0000][152.188s][info ][safepoint     ] Total time for which application threads were stopped: 0.0002322 seconds, Stopping threads took: 0.0000606 seconds
[2022-02-07T16:51:18.815+0000][152.646s][debug][safepoint     ] Safepoint synchronization initiated. (15 threads)
[2022-02-07T16:51:18.815+0000][152.646s][info ][safepoint     ] Application time: 0.4579015 seconds
[2022-02-07T16:51:18.815+0000][152.646s][info ][safepoint     ] Entering safepoint region: ICBufferFull
[2022-02-07T16:51:18.815+0000][152.646s][info ][safepoint     ] Leaving safepoint region
[2022-02-07T16:51:18.815+0000][152.646s][info ][safepoint     ] Total time for which application threads were stopped: 0.0001816 seconds, Stopping threads took: 0.0000108 seconds
[2022-02-07T16:51:19.639+0000][153.470s][debug][safepoint     ] Safepoint synchronization initiated. (15 threads)
[2022-02-07T16:51:19.639+0000][153.470s][info ][safepoint     ] Application time: 0.8238559 seconds
[2022-02-07T16:51:19.639+0000][153.470s][info ][safepoint     ] Entering safepoint region: G1CollectForAllocation
[2022-02-07T16:51:19.639+0000][153.471s][info ][gc,start      ] GC(43) Pause Young (Normal) (G1 Evacuation Pause)
[2022-02-07T16:51:19.640+0000][153.471s][info ][gc,task       ] GC(43) Using 4 workers of 4 for evacuation
[2022-02-07T16:51:19.743+0000][153.574s][info ][gc,phases     ] GC(43)   Pre Evacuate Collection Set: 0.0ms
[2022-02-07T16:51:19.743+0000][153.574s][info ][gc,phases     ] GC(43)   Evacuate Collection Set: 97.5ms
[2022-02-07T16:51:19.743+0000][153.574s][info ][gc,phases     ] GC(43)   Post Evacuate Collection Set: 5.5ms
[2022-02-07T16:51:19.743+0000][153.574s][info ][gc,phases     ] GC(43)   Other: 0.2ms
[2022-02-07T16:51:19.743+0000][153.574s][info ][gc,heap       ] GC(43) Eden regions: 244->0(252)
[2022-02-07T16:51:19.743+0000][153.574s][info ][gc,heap       ] GC(43) Survivor regions: 13->18(33)
[2022-02-07T16:51:19.743+0000][153.574s][info ][gc,heap       ] GC(43) Old regions: 25->25
[2022-02-07T16:51:19.743+0000][153.574s][info ][gc,heap       ] GC(43) Humongous regions: 0->0
[2022-02-07T16:51:19.743+0000][153.574s][info ][gc,metaspace  ] GC(43) Metaspace: 68345K->68345K(1110016K)
[2022-02-07T16:51:19.743+0000][153.574s][info ][gc            ] GC(43) Pause Young (Normal) (G1 Evacuation Pause) 280M->41M(450M) 103.317ms
[2022-02-07T16:51:19.743+0000][153.574s][info ][gc,cpu        ] GC(43) User=0.08s Sys=0.00s Real=0.10s
[2022-02-07T16:51:19.743+0000][153.574s][info ][safepoint     ] Leaving safepoint region
[2022-02-07T16:51:19.743+0000][153.574s][info ][safepoint     ] Total time for which application threads were stopped: 0.1035052 seconds, Stopping threads took: 0.0000107 seconds
[2022-02-07T16:51:19.743+0000][153.574s][info ][gc,stringdedup] Concurrent String Deduplication (153.574s)
[2022-02-07T16:51:19.744+0000][153.575s][info ][gc,stringdedup] Concurrent String Deduplication 130.1K->33608.0B(99584.0B) avg 48.2% (153.574s, 153.575s) 0.836ms
[2022-02-07T16:51:20.244+0000][154.075s][debug][safepoint     ] Safepoint synchronization initiated. (15 threads)
[2022-02-07T16:51:20.245+0000][154.076s][info ][safepoint     ] Application time: 0.5016479 seconds
[2022-02-07T16:51:20.245+0000][154.076s][debug][safepoint     ] Waiting for 2 thread(s) to block
[2022-02-07T16:51:20.245+0000][154.076s][info ][safepoint     ] Entering safepoint region: ICBufferFull
[2022-02-07T16:51:20.245+0000][154.076s][info ][safepoint     ] Leaving safepoint region
[2022-02-07T16:51:20.245+0000][154.076s][info ][safepoint     ] Total time for which application threads were stopped: 0.0001904 seconds, Stopping threads took: 0.0000334 seconds
[2022-02-07T16:51:21.184+0000][155.015s][debug][safepoint     ] Safepoint synchronization initiated. (15 threads)
[2022-02-07T16:51:21.184+0000][155.015s][info ][safepoint     ] Application time: 0.9393262 seconds
[2022-02-07T16:51:21.184+0000][155.015s][debug][safepoint     ] Waiting for 1 thread(s) to block
[2022-02-07T16:51:21.184+0000][155.015s][info ][safepoint     ] Entering safepoint region: Deoptimize
[2022-02-07T16:51:21.185+0000][155.016s][info ][safepoint     ] Leaving safepoint region
[2022-02-07T16:51:21.185+0000][155.016s][info ][safepoint     ] Total time for which application threads were stopped: 0.0008312 seconds, Stopping threads took: 0.0000312 seconds
[2022-02-07T16:51:21.871+0000][155.702s][debug][safepoint     ] Safepoint synchronization initiated. (15 threads)
[2022-02-07T16:51:21.871+0000][155.702s][info ][safepoint     ] Application time: 0.6863802 seconds
[2022-02-07T16:51:21.871+0000][155.702s][info ][safepoint     ] Entering safepoint region: ICBufferFull
[2022-02-07T16:51:21.871+0000][155.702s][info ][safepoint     ] Leaving safepoint region
[2022-02-07T16:51:21.871+0000][155.702s][info ][safepoint     ] Total time for which application threads were stopped: 0.0001866 seconds, Stopping threads took: 0.0000105 seconds
[2022-02-07T16:51:22.199+0000][156.030s][debug][safepoint     ] Safepoint synchronization initiated. (15 threads)
[2022-02-07T16:51:22.199+0000][156.030s][info ][safepoint     ] Application time: 0.3273529 seconds
[2022-02-07T16:51:22.199+0000][156.030s][info ][safepoint     ] Entering safepoint region: ICBufferFull
[2022-02-07T16:51:22.199+0000][156.030s][info ][safepoint     ] Leaving safepoint region
[2022-02-07T16:51:22.199+0000][156.030s][info ][safepoint     ] Total time for which application threads were stopped: 0.0002037 seconds, Stopping threads took: 0.0000100 seconds
[2022-02-07T16:51:22.967+0000][156.798s][debug][safepoint     ] Safepoint synchronization initiated. (16 threads)
[2022-02-07T16:51:22.967+0000][156.798s][info ][safepoint     ] Application time: 0.7678152 seconds
[2022-02-07T16:51:22.967+0000][156.798s][debug][safepoint     ] Waiting for 1 thread(s) to block
[2022-02-07T16:51:22.967+0000][156.798s][info ][safepoint     ] Entering safepoint region: ICBufferFull
[2022-02-07T16:51:22.967+0000][156.798s][info ][safepoint     ] Leaving safepoint region
[2022-02-07T16:51:22.967+0000][156.798s][info ][safepoint     ] Total time for which application threads were stopped: 0.0001964 seconds, Stopping threads took: 0.0000274 seconds
[2022-02-07T16:51:23.735+0000][157.566s][debug][safepoint     ] Safepoint synchronization initiated. (16 threads)
[2022-02-07T16:51:23.735+0000][157.566s][info ][safepoint     ] Application time: 0.7681854 seconds
[2022-02-07T16:51:23.735+0000][157.566s][info ][safepoint     ] Entering safepoint region: Deoptimize
[2022-02-07T16:51:23.736+0000][157.567s][info ][safepoint     ] Leaving safepoint region
[2022-02-07T16:51:23.736+0000][157.567s][info ][safepoint     ] Total time for which application threads were stopped: 0.0009528 seconds, Stopping threads took: 0.0000112 seconds
[2022-02-07T16:51:24.226+0000][158.057s][debug][safepoint     ] Safepoint synchronization initiated. (16 threads)
[2022-02-07T16:51:24.226+0000][158.057s][info ][safepoint     ] Application time: 0.4899506 seconds
[2022-02-07T16:51:24.226+0000][158.057s][debug][safepoint     ] Waiting for 1 thread(s) to block
[2022-02-07T16:51:24.233+0000][158.064s][info ][safepoint     ] Entering safepoint region: Deoptimize
[2022-02-07T16:51:24.234+0000][158.065s][info ][safepoint     ] Leaving safepoint region
[2022-02-07T16:51:24.234+0000][158.065s][info ][safepoint     ] Total time for which application threads were stopped: 0.0077014 seconds, Stopping threads took: 0.0068020 seconds
[2022-02-07T16:51:24.827+0000][158.658s][debug][safepoint     ] Safepoint synchronization initiated. (21 threads)
[2022-02-07T16:51:24.827+0000][158.658s][info ][safepoint     ] Application time: 0.5933717 seconds
[2022-02-07T16:51:24.827+0000][158.658s][info ][safepoint     ] Entering safepoint region: G1CollectForAllocation
[2022-02-07T16:51:24.827+0000][158.658s][info ][gc,start      ] GC(44) Pause Young (Normal) (G1 Evacuation Pause)
[2022-02-07T16:51:24.827+0000][158.658s][info ][gc,task       ] GC(44) Using 4 workers of 4 for evacuation
[2022-02-07T16:51:24.915+0000][158.746s][info ][gc,phases     ] GC(44)   Pre Evacuate Collection Set: 0.0ms
[2022-02-07T16:51:24.916+0000][158.747s][info ][gc,phases     ] GC(44)   Evacuate Collection Set: 83.0ms
[2022-02-07T16:51:24.916+0000][158.747s][info ][gc,phases     ] GC(44)   Post Evacuate Collection Set: 4.8ms
[2022-02-07T16:51:24.916+0000][158.747s][info ][gc,phases     ] GC(44)   Other: 0.2ms
[2022-02-07T16:51:24.916+0000][158.747s][info ][gc,heap       ] GC(44) Eden regions: 252->0(244)
[2022-02-07T16:51:24.916+0000][158.747s][info ][gc,heap       ] GC(44) Survivor regions: 18->26(34)
[2022-02-07T16:51:24.916+0000][158.747s][info ][gc,heap       ] GC(44) Old regions: 25->26
[2022-02-07T16:51:24.916+0000][158.747s][info ][gc,heap       ] GC(44) Humongous regions: 0->0
[2022-02-07T16:51:24.916+0000][158.747s][info ][gc,metaspace  ] GC(44) Metaspace: 72458K->72458K(1114112K)
[2022-02-07T16:51:24.916+0000][158.747s][info ][gc            ] GC(44) Pause Young (Normal) (G1 Evacuation Pause) 293M->50M(450M) 88.161ms
[2022-02-07T16:51:24.916+0000][158.747s][info ][gc,cpu        ] GC(44) User=0.15s Sys=0.00s Real=0.08s
[2022-02-07T16:51:24.916+0000][158.747s][info ][safepoint     ] Leaving safepoint region
[2022-02-07T16:51:24.916+0000][158.747s][info ][safepoint     ] Total time for which application threads were stopped: 0.0883524 seconds, Stopping threads took: 0.0000118 seconds
[2022-02-07T16:51:24.916+0000][158.747s][info ][gc,stringdedup] Concurrent String Deduplication (158.747s)
[2022-02-07T16:51:24.917+0000][158.748s][info ][gc,stringdedup] Concurrent String Deduplication 182.4K->122.7K(61048.0B) avg 47.9% (158.747s, 158.748s) 0.901ms
[2022-02-07T16:51:25.107+0000][158.938s][debug][safepoint     ] Safepoint synchronization initiated. (25 threads)
[2022-02-07T16:51:25.107+0000][158.938s][info ][safepoint     ] Application time: 0.1916601 seconds
[2022-02-07T16:51:25.107+0000][158.938s][debug][safepoint     ] Waiting for 1 thread(s) to block
[2022-02-07T16:51:25.107+0000][158.938s][info ][safepoint     ] Entering safepoint region: ICBufferFull
[2022-02-07T16:51:25.107+0000][158.939s][info ][safepoint     ] Leaving safepoint region
[2022-02-07T16:51:25.108+0000][158.939s][info ][safepoint     ] Total time for which application threads were stopped: 0.0001862 seconds, Stopping threads took: 0.0000308 seconds
[2022-02-07T16:51:25.168+0000][158.999s][debug][safepoint     ] Safepoint synchronization initiated. (25 threads)
[2022-02-07T16:51:25.168+0000][158.999s][info ][safepoint     ] Application time: 0.0604230 seconds
[2022-02-07T16:51:25.168+0000][158.999s][debug][safepoint     ] Waiting for 1 thread(s) to block
[2022-02-07T16:51:25.168+0000][158.999s][info ][safepoint     ] Entering safepoint region: Deoptimize
[2022-02-07T16:51:25.169+0000][159.000s][info ][safepoint     ] Leaving safepoint region
[2022-02-07T16:51:25.169+0000][159.000s][info ][safepoint     ] Total time for which application threads were stopped: 0.0009923 seconds, Stopping threads took: 0.0000311 seconds
[2022-02-07T16:51:25.171+0000][159.002s][debug][safepoint     ] Safepoint synchronization initiated. (25 threads)
[2022-02-07T16:51:25.171+0000][159.002s][info ][safepoint     ] Application time: 0.0017613 seconds
[2022-02-07T16:51:25.171+0000][159.002s][debug][safepoint     ] Waiting for 1 thread(s) to block
[2022-02-07T16:51:25.171+0000][159.002s][info ][safepoint     ] Entering safepoint region: Deoptimize
[2022-02-07T16:51:25.172+0000][159.003s][info ][safepoint     ] Leaving safepoint region
[2022-02-07T16:51:25.172+0000][159.003s][info ][safepoint     ] Total time for which application threads were stopped: 0.0009326 seconds, Stopping threads took: 0.0000303 seconds
[2022-02-07T16:51:25.222+0000][159.053s][debug][safepoint     ] Safepoint synchronization initiated. (25 threads)
[2022-02-07T16:51:25.222+0000][159.053s][info ][safepoint     ] Application time: 0.0506067 seconds
[2022-02-07T16:51:25.222+0000][159.053s][debug][safepoint     ] Waiting for 1 thread(s) to block
[2022-02-07T16:51:25.222+0000][159.053s][info ][safepoint     ] Entering safepoint region: Deoptimize
[2022-02-07T16:51:25.223+0000][159.054s][info ][safepoint     ] Leaving safepoint region
[2022-02-07T16:51:25.223+0000][159.054s][info ][safepoint     ] Total time for which application threads were stopped: 0.0010241 seconds, Stopping threads took: 0.0000512 seconds
[2022-02-07T16:51:25.853+0000][159.684s][debug][safepoint     ] Safepoint synchronization initiated. (25 threads)
[2022-02-07T16:51:25.853+0000][159.684s][info ][safepoint     ] Application time: 0.6295180 seconds
[2022-02-07T16:51:25.853+0000][159.684s][debug][safepoint     ] Waiting for 1 thread(s) to block
[2022-02-07T16:51:25.863+0000][159.694s][info ][safepoint     ] Entering safepoint region: ICBufferFull
[2022-02-07T16:51:25.863+0000][159.694s][info ][safepoint     ] Leaving safepoint region
[2022-02-07T16:51:25.863+0000][159.694s][info ][safepoint     ] Total time for which application threads were stopped: 0.0106015 seconds, Stopping threads took: 0.0104348 seconds
[2022-02-07T16:51:26.280+0000][160.111s][debug][safepoint     ] Safepoint synchronization initiated. (25 threads)
[2022-02-07T16:51:26.280+0000][160.111s][info ][safepoint     ] Application time: 0.4164322 seconds
[2022-02-07T16:51:26.280+0000][160.111s][info ][safepoint     ] Entering safepoint region: Deoptimize
[2022-02-07T16:51:26.281+0000][160.112s][info ][safepoint     ] Leaving safepoint region
[2022-02-07T16:51:26.281+0000][160.112s][info ][safepoint     ] Total time for which application threads were stopped: 0.0010414 seconds, Stopping threads took: 0.0000116 seconds
[2022-02-07T16:51:26.330+0000][160.161s][debug][safepoint     ] Safepoint synchronization initiated. (25 threads)
[2022-02-07T16:51:26.330+0000][160.161s][info ][safepoint     ] Application time: 0.0486053 seconds
[2022-02-07T16:51:26.330+0000][160.161s][debug][safepoint     ] Waiting for 1 thread(s) to block
[2022-02-07T16:51:26.330+0000][160.161s][info ][safepoint     ] Entering safepoint region: Deoptimize
[2022-02-07T16:51:26.330+0000][160.161s][info ][safepoint     ] Leaving safepoint region
[2022-02-07T16:51:26.330+0000][160.161s][info ][safepoint     ] Total time for which application threads were stopped: 0.0008668 seconds, Stopping threads took: 0.0000304 seconds
[2022-02-07T16:51:26.698+0000][160.529s][debug][safepoint     ] Safepoint synchronization initiated. (26 threads)
[2022-02-07T16:51:26.698+0000][160.529s][info ][safepoint     ] Application time: 0.3676766 seconds
[2022-02-07T16:51:26.698+0000][160.529s][debug][safepoint     ] Waiting for 1 thread(s) to block
[2022-02-07T16:51:26.698+0000][160.529s][info ][safepoint     ] Entering safepoint region: Deoptimize
[2022-02-07T16:51:26.704+0000][160.535s][info ][safepoint     ] Leaving safepoint region
[2022-02-07T16:51:26.704+0000][160.535s][info ][safepoint     ] Total time for which application threads were stopped: 0.0059549 seconds, Stopping threads took: 0.0000302 seconds
[2022-02-07T16:51:27.307+0000][161.138s][debug][safepoint     ] Safepoint synchronization initiated. (28 threads)
[2022-02-07T16:51:27.307+0000][161.138s][info ][safepoint     ] Application time: 0.6024827 seconds
[2022-02-07T16:51:27.307+0000][161.138s][info ][safepoint     ] Entering safepoint region: Deoptimize
[2022-02-07T16:51:27.307+0000][161.138s][info ][safepoint     ] Leaving safepoint region
[2022-02-07T16:51:27.308+0000][161.139s][info ][safepoint     ] Total time for which application threads were stopped: 0.0009390 seconds, Stopping threads took: 0.0000123 seconds
[2022-02-07T16:51:27.548+0000][161.379s][debug][safepoint     ] Safepoint synchronization initiated. (27 threads)
[2022-02-07T16:51:27.548+0000][161.379s][info ][safepoint     ] Application time: 0.2409595 seconds
[2022-02-07T16:51:27.548+0000][161.380s][info ][safepoint     ] Entering safepoint region: Deoptimize
[2022-02-07T16:51:27.549+0000][161.380s][info ][safepoint     ] Leaving safepoint region
[2022-02-07T16:51:27.549+0000][161.380s][info ][safepoint     ] Total time for which application threads were stopped: 0.0009075 seconds, Stopping threads took: 0.0000132 seconds
[2022-02-07T16:51:28.374+0000][162.205s][debug][safepoint     ] Safepoint synchronization initiated. (43 threads)
[2022-02-07T16:51:28.374+0000][162.205s][info ][safepoint     ] Application time: 0.8250061 seconds
[2022-02-07T16:51:28.374+0000][162.205s][info ][safepoint     ] Entering safepoint region: Deoptimize
[2022-02-07T16:51:28.375+0000][162.206s][info ][safepoint     ] Leaving safepoint region
[2022-02-07T16:51:28.375+0000][162.207s][info ][safepoint     ] Total time for which application threads were stopped: 0.0010575 seconds, Stopping threads took: 0.0000189 seconds
[2022-02-07T16:51:29.028+0000][162.859s][debug][safepoint     ] Safepoint synchronization initiated. (49 threads)
[2022-02-07T16:51:29.028+0000][162.859s][info ][safepoint     ] Application time: 0.6529778 seconds
[2022-02-07T16:51:29.028+0000][162.860s][debug][safepoint     ] Waiting for 2 thread(s) to block
[2022-02-07T16:51:29.031+0000][162.862s][info ][safepoint     ] Entering safepoint region: G1CollectForAllocation
[2022-02-07T16:51:29.031+0000][162.862s][info ][gc,start      ] GC(45) Pause Young (Normal) (G1 Evacuation Pause)
[2022-02-07T16:51:29.031+0000][162.862s][info ][gc,task       ] GC(45) Using 4 workers of 4 for evacuation
[2022-02-07T16:51:29.107+0000][162.938s][info ][gc,phases     ] GC(45)   Pre Evacuate Collection Set: 0.0ms
[2022-02-07T16:51:29.107+0000][162.938s][info ][gc,phases     ] GC(45)   Evacuate Collection Set: 72.4ms
[2022-02-07T16:51:29.107+0000][162.938s][info ][gc,phases     ] GC(45)   Post Evacuate Collection Set: 3.2ms
[2022-02-07T16:51:29.107+0000][162.938s][info ][gc,phases     ] GC(45)   Other: 0.2ms
[2022-02-07T16:51:29.107+0000][162.938s][info ][gc,heap       ] GC(45) Eden regions: 244->0(244)
[2022-02-07T16:51:29.107+0000][162.938s][info ][gc,heap       ] GC(45) Survivor regions: 26->26(34)
[2022-02-07T16:51:29.107+0000][162.938s][info ][gc,heap       ] GC(45) Old regions: 26->34
[2022-02-07T16:51:29.107+0000][162.938s][info ][gc,heap       ] GC(45) Humongous regions: 0->0
[2022-02-07T16:51:29.107+0000][162.938s][info ][gc,metaspace  ] GC(45) Metaspace: 85145K->85145K(1126400K)
[2022-02-07T16:51:29.107+0000][162.938s][info ][gc            ] GC(45) Pause Young (Normal) (G1 Evacuation Pause) 294M->58M(450M) 75.939ms
[2022-02-07T16:51:29.107+0000][162.938s][info ][gc,cpu        ] GC(45) User=0.12s Sys=0.01s Real=0.07s
[2022-02-07T16:51:29.107+0000][162.938s][info ][safepoint     ] Leaving safepoint region
[2022-02-07T16:51:29.107+0000][162.938s][info ][safepoint     ] Total time for which application threads were stopped: 0.0784790 seconds, Stopping threads took: 0.0023188 seconds
[2022-02-07T16:51:29.107+0000][162.938s][info ][gc,stringdedup] Concurrent String Deduplication (162.938s)
[2022-02-07T16:51:29.110+0000][162.941s][info ][gc,stringdedup] Concurrent String Deduplication 502.1K->171.1K(331.0K) avg 48.9% (162.938s, 162.941s) 2.421ms
[2022-02-07T16:51:30.107+0000][163.938s][debug][safepoint     ] Safepoint synchronization initiated. (49 threads)
[2022-02-07T16:51:30.107+0000][163.938s][info ][safepoint     ] Application time: 1.0001251 seconds
[2022-02-07T16:51:30.107+0000][163.938s][info ][safepoint     ] Entering safepoint region: Cleanup
[2022-02-07T16:51:30.107+0000][163.938s][info ][safepoint     ] Leaving safepoint region
[2022-02-07T16:51:30.107+0000][163.938s][info ][safepoint     ] Total time for which application threads were stopped: 0.0001618 seconds, Stopping threads took: 0.0000195 seconds
[2022-02-07T16:51:30.505+0000][164.336s][debug][safepoint     ] Safepoint synchronization initiated. (49 threads)
[2022-02-07T16:51:30.505+0000][164.336s][info ][safepoint     ] Application time: 0.3980994 seconds
[2022-02-07T16:51:30.505+0000][164.336s][debug][safepoint     ] Waiting for 1 thread(s) to block
[2022-02-07T16:51:30.505+0000][164.336s][info ][safepoint     ] Entering safepoint region: Deoptimize
[2022-02-07T16:51:30.506+0000][164.337s][info ][safepoint     ] Leaving safepoint region
[2022-02-07T16:51:30.506+0000][164.337s][info ][safepoint     ] Total time for which application threads were stopped: 0.0010297 seconds, Stopping threads took: 0.0000395 seconds
[2022-02-07T16:51:30.769+0000][164.600s][debug][safepoint     ] Safepoint synchronization initiated. (49 threads)
[2022-02-07T16:51:30.769+0000][164.600s][info ][safepoint     ] Application time: 0.2626811 seconds
[2022-02-07T16:51:30.769+0000][164.600s][debug][safepoint     ] Waiting for 1 thread(s) to block
[2022-02-07T16:51:30.769+0000][164.600s][info ][safepoint     ] Entering safepoint region: Deoptimize
[2022-02-07T16:51:30.770+0000][164.601s][info ][safepoint     ] Leaving safepoint region
[2022-02-07T16:51:30.770+0000][164.601s][info ][safepoint     ] Total time for which application threads were stopped: 0.0010471 seconds, Stopping threads took: 0.0000396 seconds
[2022-02-07T16:51:30.783+0000][164.614s][debug][safepoint     ] Safepoint synchronization initiated. (49 threads)
[2022-02-07T16:51:30.783+0000][164.614s][info ][safepoint     ] Application time: 0.0132721 seconds
[2022-02-07T16:51:30.783+0000][164.614s][debug][safepoint     ] ... found polling page return exception at pc = 0x00007f81d149f162, stub =0x00007f81d08beb80
[2022-02-07T16:51:30.784+0000][164.615s][debug][safepoint     ] Waiting for 2 thread(s) to block
[2022-02-07T16:51:30.784+0000][164.615s][info ][safepoint     ] Entering safepoint region: Deoptimize
[2022-02-07T16:51:30.785+0000][164.616s][info ][safepoint     ] Leaving safepoint region
[2022-02-07T16:51:30.785+0000][164.616s][info ][safepoint     ] Total time for which application threads were stopped: 0.0018785 seconds, Stopping threads took: 0.0008662 seconds
[2022-02-07T16:51:31.786+0000][165.617s][debug][safepoint     ] Safepoint synchronization initiated. (49 threads)
[2022-02-07T16:51:31.786+0000][165.617s][info ][safepoint     ] Application time: 1.0004987 seconds
[2022-02-07T16:51:31.786+0000][165.617s][debug][safepoint     ] ... found polling page return exception at pc = 0x00007f81d8771ca0, stub =0x00007f81d08beb80
[2022-02-07T16:51:31.786+0000][165.617s][debug][safepoint     ] Waiting for 1 thread(s) to block
[2022-02-07T16:51:31.794+0000][165.625s][info ][safepoint     ] Entering safepoint region: Cleanup
[2022-02-07T16:51:31.795+0000][165.626s][info ][safepoint     ] Leaving safepoint region
[2022-02-07T16:51:31.795+0000][165.626s][info ][safepoint     ] Total time for which application threads were stopped: 0.0088755 seconds, Stopping threads took: 0.0086656 seconds
[2022-02-07T16:51:32.619+0000][166.450s][debug][safepoint     ] Safepoint synchronization initiated. (50 threads)
[2022-02-07T16:51:32.619+0000][166.450s][info ][safepoint     ] Application time: 0.8245161 seconds
[2022-02-07T16:51:32.619+0000][166.450s][info ][safepoint     ] Entering safepoint region: ICBufferFull
[2022-02-07T16:51:32.620+0000][166.451s][info ][safepoint     ] Leaving safepoint region
[2022-02-07T16:51:32.620+0000][166.451s][info ][safepoint     ] Total time for which application threads were stopped: 0.0002552 seconds, Stopping threads took: 0.0000192 seconds
[2022-02-07T16:51:32.795+0000][166.626s][debug][safepoint     ] Safepoint synchronization initiated. (51 threads)
[2022-02-07T16:51:32.795+0000][166.626s][info ][safepoint     ] Application time: 0.1757254 seconds
[2022-02-07T16:51:32.795+0000][166.626s][debug][safepoint     ] ... found polling page return exception at pc = 0x00007f81d267c2b4, stub =0x00007f81d08beb80
[2022-02-07T16:51:32.795+0000][166.626s][debug][safepoint     ] Waiting for 1 thread(s) to block
[2022-02-07T16:51:32.795+0000][166.626s][info ][safepoint     ] Entering safepoint region: Deoptimize
[2022-02-07T16:51:32.796+0000][166.627s][info ][safepoint     ] Leaving safepoint region
[2022-02-07T16:51:32.796+0000][166.627s][info ][safepoint     ] Total time for which application threads were stopped: 0.0011318 seconds, Stopping threads took: 0.0000987 seconds
[2022-02-07T16:51:32.999+0000][166.830s][debug][safepoint     ] Safepoint synchronization initiated. (51 threads)
[2022-02-07T16:51:32.999+0000][166.830s][info ][safepoint     ] Application time: 0.2027619 seconds
[2022-02-07T16:51:32.999+0000][166.830s][info ][safepoint     ] Entering safepoint region: G1CollectForAllocation
[2022-02-07T16:51:32.999+0000][166.830s][info ][gc,start      ] GC(46) Pause Young (Normal) (G1 Evacuation Pause)
[2022-02-07T16:51:32.999+0000][166.830s][info ][gc,task       ] GC(46) Using 4 workers of 4 for evacuation
[2022-02-07T16:51:33.084+0000][166.915s][info ][gc,phases     ] GC(46)   Pre Evacuate Collection Set: 0.0ms
[2022-02-07T16:51:33.084+0000][166.915s][info ][gc,phases     ] GC(46)   Evacuate Collection Set: 80.3ms
[2022-02-07T16:51:33.084+0000][166.915s][info ][gc,phases     ] GC(46)   Post Evacuate Collection Set: 4.5ms
[2022-02-07T16:51:33.084+0000][166.915s][info ][gc,phases     ] GC(46)   Other: 0.2ms
[2022-02-07T16:51:33.084+0000][166.915s][info ][gc,heap       ] GC(46) Eden regions: 244->0(256)
[2022-02-07T16:51:33.084+0000][166.915s][info ][gc,heap       ] GC(46) Survivor regions: 26->14(34)
[2022-02-07T16:51:33.084+0000][166.915s][info ][gc,heap       ] GC(46) Old regions: 34->51
[2022-02-07T16:51:33.084+0000][166.915s][info ][gc,heap       ] GC(46) Humongous regions: 0->0
[2022-02-07T16:51:33.084+0000][166.915s][info ][gc,metaspace  ] GC(46) Metaspace: 90573K->90573K(1130496K)
[2022-02-07T16:51:33.084+0000][166.915s][info ][gc            ] GC(46) Pause Young (Normal) (G1 Evacuation Pause) 302M->63M(450M) 85.057ms
[2022-02-07T16:51:33.084+0000][166.915s][info ][gc,cpu        ] GC(46) User=0.15s Sys=0.01s Real=0.08s
[2022-02-07T16:51:33.084+0000][166.916s][info ][safepoint     ] Leaving safepoint region
[2022-02-07T16:51:33.085+0000][166.916s][info ][safepoint     ] Total time for which application threads were stopped: 0.0852980 seconds, Stopping threads took: 0.0000241 seconds
[2022-02-07T16:51:33.087+0000][166.918s][info ][gc,stringdedup] Concurrent String Deduplication (166.918s)
[2022-02-07T16:51:33.091+0000][166.922s][info ][gc,stringdedup] Concurrent String Deduplication 974.5K->266.7K(707.8K) avg 51.2% (166.918s, 166.922s) 4.634ms
[2022-02-07T16:51:33.218+0000][167.049s][debug][safepoint     ] Safepoint synchronization initiated. (51 threads)
[2022-02-07T16:51:33.218+0000][167.049s][info ][safepoint     ] Application time: 0.1339118 seconds
[2022-02-07T16:51:33.218+0000][167.049s][info ][safepoint     ] Entering safepoint region: Deoptimize
[2022-02-07T16:51:33.220+0000][167.051s][info ][safepoint     ] Leaving safepoint region
[2022-02-07T16:51:33.220+0000][167.051s][info ][safepoint     ] Total time for which application threads were stopped: 0.0019505 seconds, Stopping threads took: 0.0000188 seconds
[2022-02-07T16:51:34.220+0000][168.052s][debug][safepoint     ] Safepoint synchronization initiated. (51 threads)
[2022-02-07T16:51:34.221+0000][168.052s][info ][safepoint     ] Application time: 1.0001415 seconds
[2022-02-07T16:51:34.221+0000][168.052s][info ][safepoint     ] Entering safepoint region: Cleanup
[2022-02-07T16:51:34.221+0000][168.052s][info ][safepoint     ] Leaving safepoint region
[2022-02-07T16:51:34.221+0000][168.052s][info ][safepoint     ] Total time for which application threads were stopped: 0.0001699 seconds, Stopping threads took: 0.0000237 seconds
[2022-02-07T16:51:35.113+0000][168.944s][debug][safepoint     ] Safepoint synchronization initiated. (53 threads)
[2022-02-07T16:51:35.113+0000][168.944s][info ][safepoint     ] Application time: 0.8923626 seconds
[2022-02-07T16:51:35.113+0000][168.944s][info ][safepoint     ] Entering safepoint region: ThreadDump
[2022-02-07T16:51:35.113+0000][168.944s][info ][safepoint     ] Leaving safepoint region
[2022-02-07T16:51:35.113+0000][168.944s][info ][safepoint     ] Total time for which application threads were stopped: 0.0001777 seconds, Stopping threads took: 0.0000200 seconds
[2022-02-07T16:51:35.114+0000][168.945s][debug][safepoint     ] Safepoint synchronization initiated. (53 threads)
[2022-02-07T16:51:35.114+0000][168.945s][info ][safepoint     ] Application time: 0.0010365 seconds
[2022-02-07T16:51:35.114+0000][168.945s][debug][safepoint     ] Waiting for 1 thread(s) to block
[2022-02-07T16:51:35.114+0000][168.945s][info ][safepoint     ] Entering safepoint region: ThreadDump
[2022-02-07T16:51:35.114+0000][168.945s][info ][safepoint     ] Leaving safepoint region
[2022-02-07T16:51:35.114+0000][168.945s][info ][safepoint     ] Total time for which application threads were stopped: 0.0001171 seconds, Stopping threads took: 0.0000463 seconds
[2022-02-07T16:51:35.531+0000][169.362s][info ][gc,heap,exit  ] Heap
[2022-02-07T16:51:35.531+0000][169.362s][info ][gc,heap,exit  ]  garbage-first heap   total 460800K, used 185362K [0x0000000084600000, 0x0000000100000000)
[2022-02-07T16:51:35.531+0000][169.362s][info ][gc,heap,exit  ]   region size 1024K, 133 young (136192K), 14 survivors (14336K)
[2022-02-07T16:51:35.531+0000][169.362s][info ][gc,heap,exit  ]  Metaspace       used 93238K, capacity 96110K, committed 96384K, reserved 1132544K
[2022-02-07T16:51:35.531+0000][169.362s][info ][gc,heap,exit  ]   class space    used 11539K, capacity 12606K, committed 12672K, reserved 1048576K
[2022-02-07T16:51:35.531+0000][169.362s][debug][safepoint     ] Safepoint synchronization initiated. (24 threads)
[2022-02-07T16:51:35.531+0000][169.362s][info ][safepoint     ] Application time: 0.4170072 seconds
[2022-02-07T16:51:35.531+0000][169.362s][info ][safepoint     ] Entering safepoint region: Halt
