[2022-02-04T14:44:34.840+0000][0.003s][info][gc,heap] Heap region size: 1M
[2022-02-04T14:44:34.842+0000][0.005s][info][gc     ] Using G1
[2022-02-04T14:44:34.842+0000][0.005s][info][gc,heap,coops] Heap address: 0x0000000084600000, size: 1978 MB, Compressed Oops mode: 32-bit
[2022-02-04T14:44:34.842+0000][0.005s][info][gc,cds       ] Mark closed archive regions in map: [0x00000000ffc00000, 0x00000000ffc6aff8]
[2022-02-04T14:44:34.842+0000][0.006s][info][gc,cds       ] Mark open archive regions in map: [0x00000000ff800000, 0x00000000ff846ff8]
[2022-02-04T14:44:34.920+0000][0.084s][debug][safepoint    ] Safepoint synchronization initiated. (9 threads)
[2022-02-04T14:44:34.920+0000][0.084s][info ][safepoint    ] Application time: 0.0436140 seconds
[2022-02-04T14:44:34.920+0000][0.084s][debug][safepoint    ] Waiting for 1 thread(s) to block
[2022-02-04T14:44:34.920+0000][0.084s][info ][safepoint    ] Entering safepoint region: Deoptimize
[2022-02-04T14:44:34.920+0000][0.084s][info ][safepoint    ] Leaving safepoint region
[2022-02-04T14:44:34.920+0000][0.084s][info ][safepoint    ] Total time for which application threads were stopped: 0.0000924 seconds, Stopping threads took: 0.0000277 seconds
[2022-02-04T14:44:35.298+0000][0.462s][debug][safepoint    ] Safepoint synchronization initiated. (10 threads)
[2022-02-04T14:44:35.298+0000][0.462s][info ][safepoint    ] Application time: 0.3777870 seconds
[2022-02-04T14:44:35.298+0000][0.462s][debug][safepoint    ] Waiting for 1 thread(s) to block
[2022-02-04T14:44:35.298+0000][0.462s][info ][safepoint    ] Entering safepoint region: G1CollectForAllocation
[2022-02-04T14:44:35.298+0000][0.462s][info ][gc,start     ] GC(0) Pause Young (Normal) (G1 Evacuation Pause)
[2022-02-04T14:44:35.300+0000][0.463s][info ][gc,task      ] GC(0) Using 3 workers of 4 for evacuation
[2022-02-04T14:44:35.309+0000][0.472s][info ][gc,phases    ] GC(0)   Pre Evacuate Collection Set: 0.0ms
[2022-02-04T14:44:35.309+0000][0.472s][info ][gc,phases    ] GC(0)   Evacuate Collection Set: 7.9ms
[2022-02-04T14:44:35.309+0000][0.472s][info ][gc,phases    ] GC(0)   Post Evacuate Collection Set: 0.8ms
[2022-02-04T14:44:35.309+0000][0.472s][info ][gc,phases    ] GC(0)   Other: 1.5ms
[2022-02-04T14:44:35.309+0000][0.472s][info ][gc,heap      ] GC(0) Eden regions: 38->0(69)
[2022-02-04T14:44:35.309+0000][0.472s][info ][gc,heap      ] GC(0) Survivor regions: 0->5(5)
[2022-02-04T14:44:35.309+0000][0.472s][info ][gc,heap      ] GC(0) Old regions: 2->3
[2022-02-04T14:44:35.309+0000][0.472s][info ][gc,heap      ] GC(0) Humongous regions: 1->0
[2022-02-04T14:44:35.309+0000][0.472s][info ][gc,metaspace ] GC(0) Metaspace: 1595K->1595K(1056768K)
[2022-02-04T14:44:35.309+0000][0.472s][info ][gc           ] GC(0) Pause Young (Normal) (G1 Evacuation Pause) 39M->6M(126M) 10.345ms
[2022-02-04T14:44:35.309+0000][0.472s][info ][gc,cpu       ] GC(0) User=0.02s Sys=0.00s Real=0.01s
[2022-02-04T14:44:35.309+0000][0.472s][info ][safepoint    ] Leaving safepoint region
[2022-02-04T14:44:35.309+0000][0.472s][info ][safepoint    ] Total time for which application threads were stopped: 0.0105121 seconds, Stopping threads took: 0.0000286 seconds
[2022-02-04T14:44:35.309+0000][0.472s][info ][gc,stringdedup] Concurrent String Deduplication (0.472s)
[2022-02-04T14:44:35.309+0000][0.472s][info ][gc,stringdedup] Concurrent String Deduplication 10640.0B->7264.0B(3376.0B) avg 1.2% (0.472s, 0.472s) 0.063ms
[2022-02-04T14:44:35.646+0000][0.809s][debug][safepoint     ] Safepoint synchronization initiated. (10 threads)
[2022-02-04T14:44:35.646+0000][0.809s][info ][safepoint     ] Application time: 0.3371668 seconds
[2022-02-04T14:44:35.646+0000][0.809s][info ][safepoint     ] Entering safepoint region: G1CollectForAllocation
[2022-02-04T14:44:35.646+0000][0.809s][info ][gc,start      ] GC(1) Pause Young (Normal) (G1 Evacuation Pause)
[2022-02-04T14:44:35.646+0000][0.809s][info ][gc,task       ] GC(1) Using 3 workers of 4 for evacuation
[2022-02-04T14:44:35.668+0000][0.831s][info ][gc,phases     ] GC(1)   Pre Evacuate Collection Set: 0.0ms
[2022-02-04T14:44:35.668+0000][0.832s][info ][gc,phases     ] GC(1)   Evacuate Collection Set: 21.4ms
[2022-02-04T14:44:35.668+0000][0.832s][info ][gc,phases     ] GC(1)   Post Evacuate Collection Set: 0.5ms
[2022-02-04T14:44:35.668+0000][0.832s][info ][gc,phases     ] GC(1)   Other: 0.1ms
[2022-02-04T14:44:35.668+0000][0.832s][info ][gc,heap       ] GC(1) Eden regions: 69->0(67)
[2022-02-04T14:44:35.668+0000][0.832s][info ][gc,heap       ] GC(1) Survivor regions: 5->7(10)
[2022-02-04T14:44:35.668+0000][0.832s][info ][gc,heap       ] GC(1) Old regions: 3->3
[2022-02-04T14:44:35.668+0000][0.832s][info ][gc,heap       ] GC(1) Humongous regions: 0->0
[2022-02-04T14:44:35.668+0000][0.832s][info ][gc,metaspace  ] GC(1) Metaspace: 2229K->2229K(1056768K)
[2022-02-04T14:44:35.668+0000][0.832s][info ][gc            ] GC(1) Pause Young (Normal) (G1 Evacuation Pause) 75M->7M(126M) 22.145ms
[2022-02-04T14:44:35.668+0000][0.832s][info ][gc,cpu        ] GC(1) User=0.04s Sys=0.00s Real=0.02s
[2022-02-04T14:44:35.668+0000][0.832s][info ][safepoint     ] Leaving safepoint region
[2022-02-04T14:44:35.668+0000][0.832s][info ][safepoint     ] Total time for which application threads were stopped: 0.0222863 seconds, Stopping threads took: 0.0000093 seconds
[2022-02-04T14:44:35.890+0000][1.054s][debug][safepoint     ] Safepoint synchronization initiated. (10 threads)
[2022-02-04T14:44:35.890+0000][1.054s][info ][safepoint     ] Application time: 0.2219036 seconds
[2022-02-04T14:44:35.890+0000][1.054s][debug][safepoint     ] Waiting for 1 thread(s) to block
[2022-02-04T14:44:35.890+0000][1.054s][info ][safepoint     ] Entering safepoint region: Deoptimize
[2022-02-04T14:44:35.890+0000][1.054s][info ][safepoint     ] Leaving safepoint region
[2022-02-04T14:44:35.890+0000][1.054s][info ][safepoint     ] Total time for which application threads were stopped: 0.0002235 seconds, Stopping threads took: 0.0000266 seconds
[2022-02-04T14:44:35.903+0000][1.066s][debug][safepoint     ] Safepoint synchronization initiated. (10 threads)
[2022-02-04T14:44:35.903+0000][1.066s][info ][safepoint     ] Application time: 0.0126349 seconds
[2022-02-04T14:44:35.903+0000][1.066s][debug][safepoint     ] Waiting for 1 thread(s) to block
[2022-02-04T14:44:35.903+0000][1.066s][info ][safepoint     ] Entering safepoint region: Deoptimize
[2022-02-04T14:44:35.903+0000][1.067s][info ][safepoint     ] Leaving safepoint region
[2022-02-04T14:44:35.903+0000][1.067s][info ][safepoint     ] Total time for which application threads were stopped: 0.0001565 seconds, Stopping threads took: 0.0000275 seconds
[2022-02-04T14:44:36.047+0000][1.211s][debug][safepoint     ] Safepoint synchronization initiated. (10 threads)
[2022-02-04T14:44:36.047+0000][1.211s][info ][safepoint     ] Application time: 0.1439901 seconds
[2022-02-04T14:44:36.047+0000][1.211s][debug][safepoint     ] Waiting for 1 thread(s) to block
[2022-02-04T14:44:36.047+0000][1.211s][info ][safepoint     ] Entering safepoint region: Deoptimize
[2022-02-04T14:44:36.047+0000][1.211s][info ][safepoint     ] Leaving safepoint region
[2022-02-04T14:44:36.047+0000][1.211s][info ][safepoint     ] Total time for which application threads were stopped: 0.0001802 seconds, Stopping threads took: 0.0000280 seconds
[2022-02-04T14:44:36.066+0000][1.229s][debug][safepoint     ] Safepoint synchronization initiated. (10 threads)
[2022-02-04T14:44:36.066+0000][1.229s][info ][safepoint     ] Application time: 0.0187122 seconds
[2022-02-04T14:44:36.066+0000][1.230s][debug][safepoint     ] Waiting for 1 thread(s) to block
[2022-02-04T14:44:36.066+0000][1.230s][info ][safepoint     ] Entering safepoint region: Deoptimize
[2022-02-04T14:44:36.066+0000][1.230s][info ][safepoint     ] Leaving safepoint region
[2022-02-04T14:44:36.066+0000][1.230s][info ][safepoint     ] Total time for which application threads were stopped: 0.0001649 seconds, Stopping threads took: 0.0000275 seconds
[2022-02-04T14:44:36.262+0000][1.425s][debug][safepoint     ] Safepoint synchronization initiated. (11 threads)
[2022-02-04T14:44:36.262+0000][1.425s][info ][safepoint     ] Application time: 0.1954206 seconds
[2022-02-04T14:44:36.262+0000][1.425s][debug][safepoint     ] Waiting for 1 thread(s) to block
[2022-02-04T14:44:36.262+0000][1.425s][info ][safepoint     ] Entering safepoint region: G1CollectForAllocation
[2022-02-04T14:44:36.262+0000][1.425s][info ][gc,start      ] GC(2) Pause Young (Normal) (G1 Evacuation Pause)
[2022-02-04T14:44:36.262+0000][1.425s][info ][gc,task       ] GC(2) Using 3 workers of 4 for evacuation
[2022-02-04T14:44:36.279+0000][1.442s][info ][gc,phases     ] GC(2)   Pre Evacuate Collection Set: 0.0ms
[2022-02-04T14:44:36.279+0000][1.442s][info ][gc,phases     ] GC(2)   Evacuate Collection Set: 15.8ms
[2022-02-04T14:44:36.279+0000][1.442s][info ][gc,phases     ] GC(2)   Post Evacuate Collection Set: 1.0ms
[2022-02-04T14:44:36.279+0000][1.442s][info ][gc,phases     ] GC(2)   Other: 0.1ms
[2022-02-04T14:44:36.279+0000][1.442s][info ][gc,heap       ] GC(2) Eden regions: 67->0(72)
[2022-02-04T14:44:36.279+0000][1.442s][info ][gc,heap       ] GC(2) Survivor regions: 7->2(10)
[2022-02-04T14:44:36.279+0000][1.442s][info ][gc,heap       ] GC(2) Old regions: 3->8
[2022-02-04T14:44:36.279+0000][1.442s][info ][gc,heap       ] GC(2) Humongous regions: 0->0
[2022-02-04T14:44:36.279+0000][1.442s][info ][gc,metaspace  ] GC(2) Metaspace: 5060K->5060K(1056768K)
[2022-02-04T14:44:36.279+0000][1.442s][info ][gc            ] GC(2) Pause Young (Normal) (G1 Evacuation Pause) 74M->8M(126M) 16.981ms
[2022-02-04T14:44:36.279+0000][1.442s][info ][gc,cpu        ] GC(2) User=0.04s Sys=0.00s Real=0.02s
[2022-02-04T14:44:36.279+0000][1.442s][info ][safepoint     ] Leaving safepoint region
[2022-02-04T14:44:36.279+0000][1.442s][info ][safepoint     ] Total time for which application threads were stopped: 0.0171201 seconds, Stopping threads took: 0.0000286 seconds
[2022-02-04T14:44:36.279+0000][1.442s][info ][gc,stringdedup] Concurrent String Deduplication (1.442s)
[2022-02-04T14:44:36.288+0000][1.451s][info ][gc,stringdedup] Concurrent String Deduplication 1224.9K->1155.4K(71248.0B) avg 4.8% (1.442s, 1.451s) 8.692ms
[2022-02-04T14:44:36.733+0000][1.897s][debug][safepoint     ] Safepoint synchronization initiated. (11 threads)
[2022-02-04T14:44:36.733+0000][1.897s][info ][safepoint     ] Application time: 0.4546646 seconds
[2022-02-04T14:44:36.733+0000][1.897s][debug][safepoint     ] Waiting for 1 thread(s) to block
[2022-02-04T14:44:36.734+0000][1.897s][info ][safepoint     ] Entering safepoint region: G1CollectForAllocation
[2022-02-04T14:44:36.734+0000][1.897s][info ][gc,start      ] GC(3) Pause Young (Normal) (G1 Evacuation Pause)
[2022-02-04T14:44:36.734+0000][1.897s][info ][gc,task       ] GC(3) Using 3 workers of 4 for evacuation
[2022-02-04T14:44:36.741+0000][1.904s][info ][gc,phases     ] GC(3)   Pre Evacuate Collection Set: 0.0ms
[2022-02-04T14:44:36.741+0000][1.905s][info ][gc,phases     ] GC(3)   Evacuate Collection Set: 5.8ms
[2022-02-04T14:44:36.741+0000][1.905s][info ][gc,phases     ] GC(3)   Post Evacuate Collection Set: 1.5ms
[2022-02-04T14:44:36.741+0000][1.905s][info ][gc,phases     ] GC(3)   Other: 0.1ms
[2022-02-04T14:44:36.741+0000][1.905s][info ][gc,heap       ] GC(3) Eden regions: 72->0(70)
[2022-02-04T14:44:36.741+0000][1.905s][info ][gc,heap       ] GC(3) Survivor regions: 2->4(10)
[2022-02-04T14:44:36.741+0000][1.905s][info ][gc,heap       ] GC(3) Old regions: 8->8
[2022-02-04T14:44:36.741+0000][1.905s][info ][gc,heap       ] GC(3) Humongous regions: 0->0
[2022-02-04T14:44:36.741+0000][1.905s][info ][gc,metaspace  ] GC(3) Metaspace: 7861K->7861K(1056768K)
[2022-02-04T14:44:36.741+0000][1.905s][info ][gc            ] GC(3) Pause Young (Normal) (G1 Evacuation Pause) 80M->9M(126M) 7.531ms
[2022-02-04T14:44:36.741+0000][1.905s][info ][gc,cpu        ] GC(3) User=0.02s Sys=0.01s Real=0.01s
[2022-02-04T14:44:36.741+0000][1.905s][info ][safepoint     ] Leaving safepoint region
[2022-02-04T14:44:36.741+0000][1.905s][info ][safepoint     ] Total time for which application threads were stopped: 0.0077016 seconds, Stopping threads took: 0.0000280 seconds
[2022-02-04T14:44:36.741+0000][1.905s][info ][gc,stringdedup] Concurrent String Deduplication (1.905s)
[2022-02-04T14:44:36.743+0000][1.906s][info ][gc,stringdedup] Concurrent String Deduplication 541.4K->472.4K(70592.0B) avg 6.9% (1.905s, 1.906s) 1.621ms
[2022-02-04T14:44:37.017+0000][2.181s][debug][safepoint     ] Safepoint synchronization initiated. (11 threads)
[2022-02-04T14:44:37.017+0000][2.181s][info ][safepoint     ] Application time: 0.2761865 seconds
[2022-02-04T14:44:37.017+0000][2.181s][info ][safepoint     ] Entering safepoint region: G1CollectForAllocation
[2022-02-04T14:44:37.017+0000][2.181s][info ][gc,start      ] GC(4) Pause Young (Normal) (G1 Evacuation Pause)
[2022-02-04T14:44:37.018+0000][2.181s][info ][gc,task       ] GC(4) Using 3 workers of 4 for evacuation
[2022-02-04T14:44:37.026+0000][2.189s][info ][gc,phases     ] GC(4)   Pre Evacuate Collection Set: 0.0ms
[2022-02-04T14:44:37.026+0000][2.189s][info ][gc,phases     ] GC(4)   Evacuate Collection Set: 5.7ms
[2022-02-04T14:44:37.026+0000][2.189s][info ][gc,phases     ] GC(4)   Post Evacuate Collection Set: 2.5ms
[2022-02-04T14:44:37.026+0000][2.189s][info ][gc,phases     ] GC(4)   Other: 0.1ms
[2022-02-04T14:44:37.026+0000][2.189s][info ][gc,heap       ] GC(4) Eden regions: 70->0(94)
[2022-02-04T14:44:37.026+0000][2.189s][info ][gc,heap       ] GC(4) Survivor regions: 4->4(10)
[2022-02-04T14:44:37.026+0000][2.189s][info ][gc,heap       ] GC(4) Old regions: 8->8
[2022-02-04T14:44:37.026+0000][2.189s][info ][gc,heap       ] GC(4) Humongous regions: 0->0
[2022-02-04T14:44:37.026+0000][2.189s][info ][gc,metaspace  ] GC(4) Metaspace: 9991K->9991K(1058816K)
[2022-02-04T14:44:37.026+0000][2.189s][info ][gc            ] GC(4) Pause Young (Normal) (G1 Evacuation Pause) 79M->9M(185M) 8.405ms
[2022-02-04T14:44:37.026+0000][2.189s][info ][gc,cpu        ] GC(4) User=0.02s Sys=0.00s Real=0.01s
[2022-02-04T14:44:37.026+0000][2.189s][info ][safepoint     ] Leaving safepoint region
[2022-02-04T14:44:37.026+0000][2.189s][info ][safepoint     ] Total time for which application threads were stopped: 0.0085415 seconds, Stopping threads took: 0.0000093 seconds
[2022-02-04T14:44:37.026+0000][2.189s][info ][gc,stringdedup] Concurrent String Deduplication (2.189s)
[2022-02-04T14:44:37.026+0000][2.190s][info ][gc,stringdedup] Concurrent String Deduplication 50792.0B->19920.0B(30872.0B) avg 8.2% (2.189s, 2.190s) 0.409ms
[2022-02-04T14:44:37.219+0000][2.383s][debug][safepoint     ] Safepoint synchronization initiated. (11 threads)
[2022-02-04T14:44:37.219+0000][2.383s][info ][safepoint     ] Application time: 0.1933629 seconds
[2022-02-04T14:44:37.219+0000][2.383s][info ][safepoint     ] Entering safepoint region: Deoptimize
[2022-02-04T14:44:37.222+0000][2.385s][info ][safepoint     ] Leaving safepoint region
[2022-02-04T14:44:37.222+0000][2.386s][info ][safepoint     ] Total time for which application threads were stopped: 0.0027747 seconds, Stopping threads took: 0.0000096 seconds
[2022-02-04T14:44:37.707+0000][2.870s][debug][safepoint     ] Safepoint synchronization initiated. (12 threads)
[2022-02-04T14:44:37.707+0000][2.870s][info ][safepoint     ] Application time: 0.4845557 seconds
[2022-02-04T14:44:37.707+0000][2.870s][debug][safepoint     ] Waiting for 1 thread(s) to block
[2022-02-04T14:44:37.707+0000][2.870s][info ][safepoint     ] Entering safepoint region: G1CollectForAllocation
[2022-02-04T14:44:37.707+0000][2.870s][info ][gc,start      ] GC(5) Pause Young (Normal) (G1 Evacuation Pause)
[2022-02-04T14:44:37.708+0000][2.871s][info ][gc,task       ] GC(5) Using 4 workers of 4 for evacuation
[2022-02-04T14:44:37.728+0000][2.892s][info ][gc,phases     ] GC(5)   Pre Evacuate Collection Set: 0.0ms
[2022-02-04T14:44:37.728+0000][2.892s][info ][gc,phases     ] GC(5)   Evacuate Collection Set: 15.5ms
[2022-02-04T14:44:37.728+0000][2.892s][info ][gc,phases     ] GC(5)   Post Evacuate Collection Set: 4.9ms
[2022-02-04T14:44:37.729+0000][2.892s][info ][gc,phases     ] GC(5)   Other: 1.2ms
[2022-02-04T14:44:37.729+0000][2.892s][info ][gc,heap       ] GC(5) Eden regions: 94->0(106)
[2022-02-04T14:44:37.729+0000][2.892s][info ][gc,heap       ] GC(5) Survivor regions: 4->5(13)
[2022-02-04T14:44:37.729+0000][2.892s][info ][gc,heap       ] GC(5) Old regions: 8->8
[2022-02-04T14:44:37.729+0000][2.892s][info ][gc,heap       ] GC(5) Humongous regions: 0->0
[2022-02-04T14:44:37.729+0000][2.892s][info ][gc,metaspace  ] GC(5) Metaspace: 12900K->12900K(1060864K)
[2022-02-04T14:44:37.729+0000][2.892s][info ][gc            ] GC(5) Pause Young (Normal) (G1 Evacuation Pause) 103M->10M(185M) 21.702ms
[2022-02-04T14:44:37.729+0000][2.892s][info ][gc,cpu        ] GC(5) User=0.03s Sys=0.00s Real=0.02s
[2022-02-04T14:44:37.729+0000][2.892s][info ][safepoint     ] Leaving safepoint region
[2022-02-04T14:44:37.729+0000][2.892s][info ][safepoint     ] Total time for which application threads were stopped: 0.0219614 seconds, Stopping threads took: 0.0000972 seconds
[2022-02-04T14:44:37.729+0000][2.892s][info ][gc,stringdedup] Concurrent String Deduplication (2.892s)
[2022-02-04T14:44:37.730+0000][2.893s][info ][gc,stringdedup] Concurrent String Deduplication 158.9K->65152.0B(97544.0B) avg 11.9% (2.892s, 2.893s) 0.920ms
[2022-02-04T14:44:38.070+0000][3.233s][debug][safepoint     ] Safepoint synchronization initiated. (12 threads)
[2022-02-04T14:44:38.070+0000][3.233s][info ][safepoint     ] Application time: 0.3412231 seconds
[2022-02-04T14:44:38.070+0000][3.233s][debug][safepoint     ] Waiting for 2 thread(s) to block
[2022-02-04T14:44:38.070+0000][3.233s][info ][safepoint     ] Entering safepoint region: G1CollectForAllocation
[2022-02-04T14:44:38.070+0000][3.234s][info ][gc,start      ] GC(6) Pause Young (Normal) (G1 Evacuation Pause)
[2022-02-04T14:44:38.070+0000][3.234s][info ][gc,task       ] GC(6) Using 4 workers of 4 for evacuation
[2022-02-04T14:44:38.082+0000][3.245s][info ][gc,phases     ] GC(6)   Pre Evacuate Collection Set: 0.0ms
[2022-02-04T14:44:38.082+0000][3.245s][info ][gc,phases     ] GC(6)   Evacuate Collection Set: 10.0ms
[2022-02-04T14:44:38.082+0000][3.245s][info ][gc,phases     ] GC(6)   Post Evacuate Collection Set: 1.4ms
[2022-02-04T14:44:38.082+0000][3.245s][info ][gc,phases     ] GC(6)   Other: 0.1ms
[2022-02-04T14:44:38.082+0000][3.245s][info ][gc,heap       ] GC(6) Eden regions: 106->0(105)
[2022-02-04T14:44:38.082+0000][3.245s][info ][gc,heap       ] GC(6) Survivor regions: 5->6(14)
[2022-02-04T14:44:38.082+0000][3.245s][info ][gc,heap       ] GC(6) Old regions: 8->8
[2022-02-04T14:44:38.082+0000][3.245s][info ][gc,heap       ] GC(6) Humongous regions: 0->0
[2022-02-04T14:44:38.082+0000][3.245s][info ][gc,metaspace  ] GC(6) Metaspace: 15734K->15734K(1062912K)
[2022-02-04T14:44:38.082+0000][3.245s][info ][gc            ] GC(6) Pause Young (Normal) (G1 Evacuation Pause) 116M->12M(185M) 11.625ms
[2022-02-04T14:44:38.082+0000][3.245s][info ][gc,cpu        ] GC(6) User=0.02s Sys=0.00s Real=0.01s
[2022-02-04T14:44:38.082+0000][3.245s][info ][safepoint     ] Leaving safepoint region
[2022-02-04T14:44:38.082+0000][3.245s][info ][safepoint     ] Total time for which application threads were stopped: 0.0120632 seconds, Stopping threads took: 0.0001577 seconds
[2022-02-04T14:44:38.082+0000][3.245s][info ][gc,stringdedup] Concurrent String Deduplication (3.245s)
[2022-02-04T14:44:38.082+0000][3.246s][info ][gc,stringdedup] Concurrent String Deduplication 59568.0B->17840.0B(41728.0B) avg 13.3% (3.245s, 3.246s) 0.297ms
[2022-02-04T14:44:38.140+0000][3.303s][debug][safepoint     ] Safepoint synchronization initiated. (12 threads)
[2022-02-04T14:44:38.140+0000][3.303s][info ][safepoint     ] Application time: 0.0576795 seconds
[2022-02-04T14:44:38.140+0000][3.303s][debug][safepoint     ] Waiting for 1 thread(s) to block
[2022-02-04T14:44:38.140+0000][3.303s][info ][safepoint     ] Entering safepoint region: Deoptimize
[2022-02-04T14:44:38.140+0000][3.303s][info ][safepoint     ] Leaving safepoint region
[2022-02-04T14:44:38.140+0000][3.303s][info ][safepoint     ] Total time for which application threads were stopped: 0.0003104 seconds, Stopping threads took: 0.0000389 seconds
[2022-02-04T14:44:38.380+0000][3.544s][debug][safepoint     ] Safepoint synchronization initiated. (12 threads)
[2022-02-04T14:44:38.381+0000][3.544s][info ][safepoint     ] Application time: 0.2405696 seconds
[2022-02-04T14:44:38.381+0000][3.544s][debug][safepoint     ] Waiting for 2 thread(s) to block
[2022-02-04T14:44:38.388+0000][3.552s][info ][safepoint     ] Entering safepoint region: Deoptimize
[2022-02-04T14:44:38.389+0000][3.552s][info ][safepoint     ] Leaving safepoint region
[2022-02-04T14:44:38.389+0000][3.552s][info ][safepoint     ] Total time for which application threads were stopped: 0.0080203 seconds, Stopping threads took: 0.0077119 seconds
[2022-02-04T14:44:38.676+0000][3.839s][debug][safepoint     ] Safepoint synchronization initiated. (12 threads)
[2022-02-04T14:44:38.676+0000][3.839s][info ][safepoint     ] Application time: 0.2870093 seconds
[2022-02-04T14:44:38.677+0000][3.840s][debug][safepoint     ] ... found polling page return exception at pc = 0x00007fd9c84521b6, stub =0x00007fd9c08beb80
[2022-02-04T14:44:38.678+0000][3.841s][debug][safepoint     ] Waiting for 2 thread(s) to block
[2022-02-04T14:44:38.687+0000][3.850s][info ][safepoint     ] Entering safepoint region: G1CollectForAllocation
[2022-02-04T14:44:38.687+0000][3.851s][info ][gc,start      ] GC(7) Pause Young (Normal) (G1 Evacuation Pause)
[2022-02-04T14:44:38.687+0000][3.851s][info ][gc,task       ] GC(7) Using 4 workers of 4 for evacuation
[2022-02-04T14:44:38.709+0000][3.873s][info ][gc,phases     ] GC(7)   Pre Evacuate Collection Set: 0.0ms
[2022-02-04T14:44:38.709+0000][3.873s][info ][gc,phases     ] GC(7)   Evacuate Collection Set: 19.1ms
[2022-02-04T14:44:38.709+0000][3.873s][info ][gc,phases     ] GC(7)   Post Evacuate Collection Set: 2.8ms
[2022-02-04T14:44:38.709+0000][3.873s][info ][gc,phases     ] GC(7)   Other: 0.1ms
[2022-02-04T14:44:38.709+0000][3.873s][info ][gc,heap       ] GC(7) Eden regions: 105->0(103)
[2022-02-04T14:44:38.709+0000][3.873s][info ][gc,heap       ] GC(7) Survivor regions: 6->8(14)
[2022-02-04T14:44:38.709+0000][3.873s][info ][gc,heap       ] GC(7) Old regions: 8->8
[2022-02-04T14:44:38.709+0000][3.873s][info ][gc,heap       ] GC(7) Humongous regions: 0->0
[2022-02-04T14:44:38.709+0000][3.873s][info ][gc,metaspace  ] GC(7) Metaspace: 19234K->19234K(1067008K)
[2022-02-04T14:44:38.709+0000][3.873s][info ][gc            ] GC(7) Pause Young (Normal) (G1 Evacuation Pause) 117M->13M(185M) 22.118ms
[2022-02-04T14:44:38.709+0000][3.873s][info ][gc,cpu        ] GC(7) User=0.05s Sys=0.00s Real=0.02s
[2022-02-04T14:44:38.709+0000][3.873s][info ][safepoint     ] Leaving safepoint region
[2022-02-04T14:44:38.709+0000][3.873s][info ][safepoint     ] Total time for which application threads were stopped: 0.0336847 seconds, Stopping threads took: 0.0114084 seconds
[2022-02-04T14:44:38.709+0000][3.873s][info ][gc,stringdedup] Concurrent String Deduplication (3.873s)
[2022-02-04T14:44:38.710+0000][3.874s][info ][gc,stringdedup] Concurrent String Deduplication 124.2K->86144.0B(41016.0B) avg 14.3% (3.873s, 3.874s) 0.828ms
[2022-02-04T14:44:38.849+0000][4.013s][debug][safepoint     ] Safepoint synchronization initiated. (12 threads)
[2022-02-04T14:44:38.849+0000][4.013s][info ][safepoint     ] Application time: 0.1401247 seconds
[2022-02-04T14:44:38.849+0000][4.013s][debug][safepoint     ] Waiting for 1 thread(s) to block
[2022-02-04T14:44:38.849+0000][4.013s][info ][safepoint     ] Entering safepoint region: CollectForMetadataAllocation
[2022-02-04T14:44:38.849+0000][4.013s][info ][gc,start      ] GC(8) Pause Young (Concurrent Start) (Metadata GC Threshold)
[2022-02-04T14:44:38.850+0000][4.013s][info ][gc,task       ] GC(8) Using 4 workers of 4 for evacuation
[2022-02-04T14:44:38.864+0000][4.028s][info ][gc,phases     ] GC(8)   Pre Evacuate Collection Set: 0.0ms
[2022-02-04T14:44:38.864+0000][4.028s][info ][gc,phases     ] GC(8)   Evacuate Collection Set: 12.9ms
[2022-02-04T14:44:38.864+0000][4.028s][info ][gc,phases     ] GC(8)   Post Evacuate Collection Set: 1.6ms
[2022-02-04T14:44:38.864+0000][4.028s][info ][gc,phases     ] GC(8)   Other: 0.2ms
[2022-02-04T14:44:38.864+0000][4.028s][info ][gc,heap       ] GC(8) Eden regions: 33->0(135)
[2022-02-04T14:44:38.864+0000][4.028s][info ][gc,heap       ] GC(8) Survivor regions: 8->8(14)
[2022-02-04T14:44:38.864+0000][4.028s][info ][gc,heap       ] GC(8) Old regions: 8->8
[2022-02-04T14:44:38.864+0000][4.028s][info ][gc,heap       ] GC(8) Humongous regions: 0->0
[2022-02-04T14:44:38.864+0000][4.028s][info ][gc,metaspace  ] GC(8) Metaspace: 20501K->20501K(1067008K)
[2022-02-04T14:44:38.864+0000][4.028s][info ][gc            ] GC(8) Pause Young (Concurrent Start) (Metadata GC Threshold) 45M->13M(242M) 14.727ms
[2022-02-04T14:44:38.864+0000][4.028s][info ][gc,cpu        ] GC(8) User=0.03s Sys=0.00s Real=0.02s
[2022-02-04T14:44:38.864+0000][4.028s][info ][gc            ] GC(9) Concurrent Cycle
[2022-02-04T14:44:38.864+0000][4.028s][info ][safepoint     ] Leaving safepoint region
[2022-02-04T14:44:38.864+0000][4.028s][info ][safepoint     ] Total time for which application threads were stopped: 0.0149456 seconds, Stopping threads took: 0.0000322 seconds
[2022-02-04T14:44:38.864+0000][4.028s][info ][gc,marking    ] GC(9) Concurrent Clear Claimed Marks
[2022-02-04T14:44:38.864+0000][4.028s][info ][gc,stringdedup] Concurrent String Deduplication (4.028s)
[2022-02-04T14:44:38.864+0000][4.028s][info ][gc,marking    ] GC(9) Concurrent Clear Claimed Marks 0.068ms
[2022-02-04T14:44:38.864+0000][4.028s][info ][gc,marking    ] GC(9) Concurrent Scan Root Regions
[2022-02-04T14:44:38.865+0000][4.028s][info ][gc,stringdedup] Concurrent String Deduplication 120.8K->20408.0B(100.9K) avg 17.6% (4.028s, 4.028s) 0.656ms
[2022-02-04T14:44:38.876+0000][4.040s][info ][gc,marking    ] GC(9) Concurrent Scan Root Regions 12.012ms
[2022-02-04T14:44:38.876+0000][4.040s][info ][gc,marking    ] GC(9) Concurrent Mark (4.040s)
[2022-02-04T14:44:38.876+0000][4.040s][info ][gc,marking    ] GC(9) Concurrent Mark From Roots
[2022-02-04T14:44:38.876+0000][4.040s][info ][gc,task       ] GC(9) Using 1 workers of 1 for marking
[2022-02-04T14:44:38.884+0000][4.047s][debug][safepoint     ] Safepoint synchronization initiated. (12 threads)
[2022-02-04T14:44:38.884+0000][4.047s][info ][safepoint     ] Application time: 0.0195086 seconds
[2022-02-04T14:44:38.884+0000][4.047s][debug][safepoint     ] ... found polling page loop exception at pc = 0x00007fd9c11c76c5, stub =0x00007fd9c08be900
[2022-02-04T14:44:38.884+0000][4.047s][debug][safepoint     ] Waiting for 1 thread(s) to block
[2022-02-04T14:44:38.884+0000][4.047s][info ][safepoint     ] Entering safepoint region: CollectForMetadataAllocation
[2022-02-04T14:44:38.884+0000][4.047s][info ][safepoint     ] Leaving safepoint region
[2022-02-04T14:44:38.884+0000][4.047s][info ][safepoint     ] Total time for which application threads were stopped: 0.0001949 seconds, Stopping threads took: 0.0000947 seconds
[2022-02-04T14:44:38.896+0000][4.060s][info ][gc,marking    ] GC(9) Concurrent Mark From Roots 19.785ms
[2022-02-04T14:44:38.896+0000][4.060s][info ][gc,marking    ] GC(9) Concurrent Preclean
[2022-02-04T14:44:38.896+0000][4.060s][info ][gc,marking    ] GC(9) Concurrent Preclean 0.053ms
[2022-02-04T14:44:38.896+0000][4.060s][info ][gc,marking    ] GC(9) Concurrent Mark (4.040s, 4.060s) 19.890ms
[2022-02-04T14:44:38.896+0000][4.060s][debug][safepoint     ] Safepoint synchronization initiated. (12 threads)
[2022-02-04T14:44:38.896+0000][4.060s][info ][safepoint     ] Application time: 0.0123125 seconds
[2022-02-04T14:44:38.896+0000][4.060s][debug][safepoint     ] Waiting for 1 thread(s) to block
[2022-02-04T14:44:38.896+0000][4.060s][info ][safepoint     ] Entering safepoint region: CGC_Operation
[2022-02-04T14:44:38.896+0000][4.060s][info ][gc,start      ] GC(9) Pause Remark
[2022-02-04T14:44:38.899+0000][4.063s][info ][gc,stringtable] GC(9) Cleaned string and symbol table, strings: 8144 processed, 8 removed, symbols: 56359 processed, 100 removed
[2022-02-04T14:44:38.899+0000][4.063s][info ][gc            ] GC(9) Pause Remark 17M->17M(242M) 2.801ms
[2022-02-04T14:44:38.899+0000][4.063s][info ][gc,cpu        ] GC(9) User=0.00s Sys=0.00s Real=0.00s
[2022-02-04T14:44:38.899+0000][4.063s][info ][safepoint     ] Leaving safepoint region
[2022-02-04T14:44:38.899+0000][4.063s][info ][safepoint     ] Total time for which application threads were stopped: 0.0029358 seconds, Stopping threads took: 0.0000371 seconds
[2022-02-04T14:44:38.899+0000][4.063s][info ][gc,marking    ] GC(9) Concurrent Rebuild Remembered Sets
[2022-02-04T14:44:38.915+0000][4.079s][info ][gc,marking    ] GC(9) Concurrent Rebuild Remembered Sets 15.927ms
[2022-02-04T14:44:38.915+0000][4.079s][debug][safepoint     ] Safepoint synchronization initiated. (12 threads)
[2022-02-04T14:44:38.915+0000][4.079s][info ][safepoint     ] Application time: 0.0160147 seconds
[2022-02-04T14:44:38.915+0000][4.079s][debug][safepoint     ] Waiting for 2 thread(s) to block
[2022-02-04T14:44:38.915+0000][4.079s][info ][safepoint     ] Entering safepoint region: CGC_Operation
[2022-02-04T14:44:38.915+0000][4.079s][info ][gc,start      ] GC(9) Pause Cleanup
[2022-02-04T14:44:38.916+0000][4.079s][info ][gc            ] GC(9) Pause Cleanup 20M->20M(242M) 0.097ms
[2022-02-04T14:44:38.916+0000][4.079s][info ][gc,cpu        ] GC(9) User=0.00s Sys=0.00s Real=0.01s
[2022-02-04T14:44:38.916+0000][4.079s][info ][safepoint     ] Leaving safepoint region
[2022-02-04T14:44:38.916+0000][4.079s][info ][safepoint     ] Total time for which application threads were stopped: 0.0002204 seconds, Stopping threads took: 0.0000488 seconds
[2022-02-04T14:44:38.916+0000][4.079s][info ][gc,marking    ] GC(9) Concurrent Cleanup for Next Mark
[2022-02-04T14:44:38.917+0000][4.081s][info ][gc,marking    ] GC(9) Concurrent Cleanup for Next Mark 1.672ms
[2022-02-04T14:44:38.917+0000][4.081s][info ][gc            ] GC(9) Concurrent Cycle 53.020ms
[2022-02-04T14:44:39.151+0000][4.315s][debug][safepoint     ] Safepoint synchronization initiated. (12 threads)
[2022-02-04T14:44:39.151+0000][4.315s][info ][safepoint     ] Application time: 0.2357217 seconds
[2022-02-04T14:44:39.151+0000][4.315s][info ][safepoint     ] Entering safepoint region: Deoptimize
[2022-02-04T14:44:39.152+0000][4.315s][info ][safepoint     ] Leaving safepoint region
[2022-02-04T14:44:39.152+0000][4.315s][info ][safepoint     ] Total time for which application threads were stopped: 0.0003460 seconds, Stopping threads took: 0.0000103 seconds
[2022-02-04T14:44:39.568+0000][4.732s][debug][safepoint     ] Safepoint synchronization initiated. (11 threads)
[2022-02-04T14:44:39.568+0000][4.732s][info ][safepoint     ] Application time: 0.4164616 seconds
[2022-02-04T14:44:39.568+0000][4.732s][info ][safepoint     ] Entering safepoint region: G1CollectForAllocation
[2022-02-04T14:44:39.568+0000][4.732s][info ][gc,start      ] GC(10) Pause Young (Concurrent Start) (G1 Evacuation Pause)
[2022-02-04T14:44:39.568+0000][4.732s][info ][gc,task       ] GC(10) Using 4 workers of 4 for evacuation
[2022-02-04T14:44:39.589+0000][4.752s][info ][gc,phases     ] GC(10)   Pre Evacuate Collection Set: 0.0ms
[2022-02-04T14:44:39.589+0000][4.753s][info ][gc,phases     ] GC(10)   Evacuate Collection Set: 19.1ms
[2022-02-04T14:44:39.589+0000][4.753s][info ][gc,phases     ] GC(10)   Post Evacuate Collection Set: 1.4ms
[2022-02-04T14:44:39.589+0000][4.753s][info ][gc,phases     ] GC(10)   Other: 0.2ms
[2022-02-04T14:44:39.589+0000][4.753s][info ][gc,heap       ] GC(10) Eden regions: 135->0(134)
[2022-02-04T14:44:39.589+0000][4.753s][info ][gc,heap       ] GC(10) Survivor regions: 8->11(18)
[2022-02-04T14:44:39.589+0000][4.753s][info ][gc,heap       ] GC(10) Old regions: 8->8
[2022-02-04T14:44:39.589+0000][4.753s][info ][gc,heap       ] GC(10) Humongous regions: 0->0
[2022-02-04T14:44:39.589+0000][4.753s][info ][gc,metaspace  ] GC(10) Metaspace: 22974K->22974K(1071104K)
[2022-02-04T14:44:39.589+0000][4.753s][info ][gc            ] GC(10) Pause Young (Concurrent Start) (G1 Evacuation Pause) 148M->16M(242M) 20.876ms
[2022-02-04T14:44:39.589+0000][4.753s][info ][gc,cpu        ] GC(10) User=0.06s Sys=0.00s Real=0.02s
[2022-02-04T14:44:39.589+0000][4.753s][info ][safepoint     ] Leaving safepoint region
[2022-02-04T14:44:39.589+0000][4.753s][info ][safepoint     ] Total time for which application threads were stopped: 0.0210792 seconds, Stopping threads took: 0.0000093 seconds
[2022-02-04T14:44:39.589+0000][4.753s][info ][gc            ] GC(11) Concurrent Cycle
[2022-02-04T14:44:39.589+0000][4.753s][info ][gc,marking    ] GC(11) Concurrent Clear Claimed Marks
[2022-02-04T14:44:39.589+0000][4.753s][info ][gc,stringdedup] Concurrent String Deduplication (4.753s)
[2022-02-04T14:44:39.589+0000][4.753s][info ][gc,marking    ] GC(11) Concurrent Clear Claimed Marks 0.045ms
[2022-02-04T14:44:39.589+0000][4.753s][info ][gc,marking    ] GC(11) Concurrent Scan Root Regions
[2022-02-04T14:44:39.592+0000][4.755s][info ][gc,stringdedup] Concurrent String Deduplication 575.0K->523.0K(53232.0B) avg 16.0% (4.753s, 4.755s) 2.280ms
[2022-02-04T14:44:39.596+0000][4.760s][info ][gc,marking    ] GC(11) Concurrent Scan Root Regions 6.851ms
[2022-02-04T14:44:39.596+0000][4.760s][info ][gc,marking    ] GC(11) Concurrent Mark (4.760s)
[2022-02-04T14:44:39.596+0000][4.760s][info ][gc,marking    ] GC(11) Concurrent Mark From Roots
[2022-02-04T14:44:39.596+0000][4.760s][info ][gc,task       ] GC(11) Using 1 workers of 1 for marking
[2022-02-04T14:44:39.604+0000][4.768s][info ][gc,marking    ] GC(11) Concurrent Mark From Roots 8.232ms
[2022-02-04T14:44:39.604+0000][4.768s][info ][gc,marking    ] GC(11) Concurrent Preclean
[2022-02-04T14:44:39.605+0000][4.768s][info ][gc,marking    ] GC(11) Concurrent Preclean 0.051ms
[2022-02-04T14:44:39.605+0000][4.768s][info ][gc,marking    ] GC(11) Concurrent Mark (4.760s, 4.768s) 8.337ms
[2022-02-04T14:44:39.605+0000][4.768s][debug][safepoint     ] Safepoint synchronization initiated. (11 threads)
[2022-02-04T14:44:39.605+0000][4.768s][info ][safepoint     ] Application time: 0.0153434 seconds
[2022-02-04T14:44:39.607+0000][4.770s][debug][safepoint     ] Waiting for 2 thread(s) to block
[2022-02-04T14:44:39.607+0000][4.771s][info ][safepoint     ] Entering safepoint region: CGC_Operation
[2022-02-04T14:44:39.607+0000][4.771s][info ][gc,start      ] GC(11) Pause Remark
[2022-02-04T14:44:39.612+0000][4.776s][info ][gc,stringtable] GC(11) Cleaned string and symbol table, strings: 8758 processed, 0 removed, symbols: 60313 processed, 5 removed
[2022-02-04T14:44:39.613+0000][4.776s][info ][gc            ] GC(11) Pause Remark 18M->18M(242M) 5.256ms
[2022-02-04T14:44:39.613+0000][4.776s][info ][gc,cpu        ] GC(11) User=0.02s Sys=0.00s Real=0.00s
[2022-02-04T14:44:39.613+0000][4.776s][info ][safepoint     ] Leaving safepoint region
[2022-02-04T14:44:39.613+0000][4.776s][info ][safepoint     ] Total time for which application threads were stopped: 0.0079584 seconds, Stopping threads took: 0.0026072 seconds
[2022-02-04T14:44:39.613+0000][4.776s][info ][gc,marking    ] GC(11) Concurrent Rebuild Remembered Sets
[2022-02-04T14:44:39.621+0000][4.785s][info ][gc,marking    ] GC(11) Concurrent Rebuild Remembered Sets 8.817ms
[2022-02-04T14:44:39.621+0000][4.785s][debug][safepoint     ] Safepoint synchronization initiated. (11 threads)
[2022-02-04T14:44:39.621+0000][4.785s][info ][safepoint     ] Application time: 0.0089060 seconds
[2022-02-04T14:44:39.621+0000][4.785s][debug][safepoint     ] Waiting for 1 thread(s) to block
[2022-02-04T14:44:39.621+0000][4.785s][info ][safepoint     ] Entering safepoint region: CGC_Operation
[2022-02-04T14:44:39.622+0000][4.785s][info ][gc,start      ] GC(11) Pause Cleanup
[2022-02-04T14:44:39.622+0000][4.785s][info ][gc            ] GC(11) Pause Cleanup 18M->18M(242M) 0.094ms
[2022-02-04T14:44:39.622+0000][4.785s][info ][gc,cpu        ] GC(11) User=0.00s Sys=0.00s Real=0.00s
[2022-02-04T14:44:39.622+0000][4.785s][info ][safepoint     ] Leaving safepoint region
[2022-02-04T14:44:39.622+0000][4.785s][info ][safepoint     ] Total time for which application threads were stopped: 0.0002300 seconds, Stopping threads took: 0.0000446 seconds
[2022-02-04T14:44:39.622+0000][4.785s][info ][gc,marking    ] GC(11) Concurrent Cleanup for Next Mark
[2022-02-04T14:44:39.625+0000][4.788s][info ][gc,marking    ] GC(11) Concurrent Cleanup for Next Mark 2.842ms
[2022-02-04T14:44:39.625+0000][4.788s][info ][gc            ] GC(11) Concurrent Cycle 35.406ms
[2022-02-04T14:44:40.526+0000][5.689s][debug][safepoint     ] Safepoint synchronization initiated. (11 threads)
[2022-02-04T14:44:40.526+0000][5.689s][info ][safepoint     ] Application time: 0.9038574 seconds
[2022-02-04T14:44:40.526+0000][5.689s][debug][safepoint     ] Waiting for 1 thread(s) to block
[2022-02-04T14:44:40.526+0000][5.689s][info ][safepoint     ] Entering safepoint region: ICBufferFull
[2022-02-04T14:44:40.526+0000][5.689s][info ][safepoint     ] Leaving safepoint region
[2022-02-04T14:44:40.526+0000][5.689s][info ][safepoint     ] Total time for which application threads were stopped: 0.0001660 seconds, Stopping threads took: 0.0000279 seconds
[2022-02-04T14:44:40.599+0000][5.762s][debug][safepoint     ] Safepoint synchronization initiated. (11 threads)
[2022-02-04T14:44:40.599+0000][5.762s][info ][safepoint     ] Application time: 0.0730201 seconds
[2022-02-04T14:44:40.599+0000][5.762s][debug][safepoint     ] Waiting for 1 thread(s) to block
[2022-02-04T14:44:40.599+0000][5.762s][info ][safepoint     ] Entering safepoint region: G1CollectForAllocation
[2022-02-04T14:44:40.599+0000][5.762s][info ][gc,start      ] GC(12) Pause Young (Normal) (G1 Evacuation Pause)
[2022-02-04T14:44:40.599+0000][5.762s][info ][gc,task       ] GC(12) Using 4 workers of 4 for evacuation
[2022-02-04T14:44:40.625+0000][5.788s][info ][gc,phases     ] GC(12)   Pre Evacuate Collection Set: 0.0ms
[2022-02-04T14:44:40.625+0000][5.788s][info ][gc,phases     ] GC(12)   Evacuate Collection Set: 24.1ms
[2022-02-04T14:44:40.625+0000][5.788s][info ][gc,phases     ] GC(12)   Post Evacuate Collection Set: 1.7ms
[2022-02-04T14:44:40.625+0000][5.788s][info ][gc,phases     ] GC(12)   Other: 0.1ms
[2022-02-04T14:44:40.625+0000][5.788s][info ][gc,heap       ] GC(12) Eden regions: 134->0(133)
[2022-02-04T14:44:40.625+0000][5.788s][info ][gc,heap       ] GC(12) Survivor regions: 11->12(19)
[2022-02-04T14:44:40.625+0000][5.788s][info ][gc,heap       ] GC(12) Old regions: 8->9
[2022-02-04T14:44:40.625+0000][5.788s][info ][gc,heap       ] GC(12) Humongous regions: 0->0
[2022-02-04T14:44:40.625+0000][5.788s][info ][gc,metaspace  ] GC(12) Metaspace: 23624K->23624K(1071104K)
[2022-02-04T14:44:40.625+0000][5.788s][info ][gc            ] GC(12) Pause Young (Normal) (G1 Evacuation Pause) 150M->19M(242M) 26.087ms
[2022-02-04T14:44:40.625+0000][5.788s][info ][gc,cpu        ] GC(12) User=0.08s Sys=0.00s Real=0.03s
[2022-02-04T14:44:40.625+0000][5.788s][info ][safepoint     ] Leaving safepoint region
[2022-02-04T14:44:40.625+0000][5.788s][info ][safepoint     ] Total time for which application threads were stopped: 0.0262453 seconds, Stopping threads took: 0.0000296 seconds
[2022-02-04T14:44:40.625+0000][5.788s][info ][gc,stringdedup] Concurrent String Deduplication (5.788s)
[2022-02-04T14:44:40.626+0000][5.789s][info ][gc,stringdedup] Concurrent String Deduplication 139.2K->95232.0B(47336.0B) avg 16.7% (5.788s, 5.789s) 0.575ms
[2022-02-04T14:44:41.247+0000][6.411s][debug][safepoint     ] Safepoint synchronization initiated. (12 threads)
[2022-02-04T14:44:41.247+0000][6.411s][info ][safepoint     ] Application time: 0.6222757 seconds
[2022-02-04T14:44:41.247+0000][6.411s][info ][safepoint     ] Entering safepoint region: G1CollectForAllocation
[2022-02-04T14:44:41.247+0000][6.411s][info ][gc,start      ] GC(13) Pause Young (Normal) (G1 Evacuation Pause)
[2022-02-04T14:44:41.247+0000][6.411s][info ][gc,task       ] GC(13) Using 4 workers of 4 for evacuation
[2022-02-04T14:44:41.271+0000][6.435s][info ][gc,phases     ] GC(13)   Pre Evacuate Collection Set: 0.0ms
[2022-02-04T14:44:41.271+0000][6.435s][info ][gc,phases     ] GC(13)   Evacuate Collection Set: 21.8ms
[2022-02-04T14:44:41.271+0000][6.435s][info ][gc,phases     ] GC(13)   Post Evacuate Collection Set: 1.8ms
[2022-02-04T14:44:41.271+0000][6.435s][info ][gc,phases     ] GC(13)   Other: 0.1ms
[2022-02-04T14:44:41.271+0000][6.435s][info ][gc,heap       ] GC(13) Eden regions: 133->0(133)
[2022-02-04T14:44:41.271+0000][6.435s][info ][gc,heap       ] GC(13) Survivor regions: 12->12(19)
[2022-02-04T14:44:41.271+0000][6.435s][info ][gc,heap       ] GC(13) Old regions: 9->11
[2022-02-04T14:44:41.271+0000][6.435s][info ][gc,heap       ] GC(13) Humongous regions: 0->0
[2022-02-04T14:44:41.271+0000][6.435s][info ][gc,metaspace  ] GC(13) Metaspace: 24397K->24397K(1071104K)
[2022-02-04T14:44:41.271+0000][6.435s][info ][gc            ] GC(13) Pause Young (Normal) (G1 Evacuation Pause) 152M->21M(242M) 23.883ms
[2022-02-04T14:44:41.271+0000][6.435s][info ][gc,cpu        ] GC(13) User=0.04s Sys=0.00s Real=0.02s
[2022-02-04T14:44:41.271+0000][6.435s][info ][safepoint     ] Leaving safepoint region
[2022-02-04T14:44:41.271+0000][6.435s][info ][safepoint     ] Total time for which application threads were stopped: 0.0240520 seconds, Stopping threads took: 0.0000099 seconds
[2022-02-04T14:44:41.271+0000][6.435s][info ][gc,stringdedup] Concurrent String Deduplication (6.435s)
[2022-02-04T14:44:41.283+0000][6.447s][info ][gc,stringdedup] Concurrent String Deduplication 786.9K->400.3K(386.6K) avg 23.0% (6.435s, 6.447s) 12.044ms
[2022-02-04T14:44:41.632+0000][6.795s][debug][safepoint     ] Safepoint synchronization initiated. (11 threads)
[2022-02-04T14:44:41.632+0000][6.795s][info ][safepoint     ] Application time: 0.3604687 seconds
[2022-02-04T14:44:41.632+0000][6.795s][info ][safepoint     ] Entering safepoint region: G1CollectForAllocation
[2022-02-04T14:44:41.632+0000][6.795s][info ][gc,start      ] GC(14) Pause Young (Normal) (G1 Evacuation Pause)
[2022-02-04T14:44:41.632+0000][6.795s][info ][gc,task       ] GC(14) Using 4 workers of 4 for evacuation
[2022-02-04T14:44:41.643+0000][6.806s][info ][gc,phases     ] GC(14)   Pre Evacuate Collection Set: 0.0ms
[2022-02-04T14:44:41.643+0000][6.806s][info ][gc,phases     ] GC(14)   Evacuate Collection Set: 8.9ms
[2022-02-04T14:44:41.643+0000][6.806s][info ][gc,phases     ] GC(14)   Post Evacuate Collection Set: 1.9ms
[2022-02-04T14:44:41.643+0000][6.806s][info ][gc,phases     ] GC(14)   Other: 0.1ms
[2022-02-04T14:44:41.643+0000][6.806s][info ][gc,heap       ] GC(14) Eden regions: 133->0(180)
[2022-02-04T14:44:41.643+0000][6.806s][info ][gc,heap       ] GC(14) Survivor regions: 12->10(19)
[2022-02-04T14:44:41.643+0000][6.806s][info ][gc,heap       ] GC(14) Old regions: 11->13
[2022-02-04T14:44:41.643+0000][6.806s][info ][gc,heap       ] GC(14) Humongous regions: 0->0
[2022-02-04T14:44:41.643+0000][6.806s][info ][gc,metaspace  ] GC(14) Metaspace: 25134K->25134K(1073152K)
[2022-02-04T14:44:41.643+0000][6.806s][info ][gc            ] GC(14) Pause Young (Normal) (G1 Evacuation Pause) 154M->20M(318M) 11.019ms
[2022-02-04T14:44:41.643+0000][6.806s][info ][gc,cpu        ] GC(14) User=0.03s Sys=0.00s Real=0.01s
[2022-02-04T14:44:41.643+0000][6.806s][info ][safepoint     ] Leaving safepoint region
[2022-02-04T14:44:41.643+0000][6.806s][info ][safepoint     ] Total time for which application threads were stopped: 0.0111532 seconds, Stopping threads took: 0.0000108 seconds
[2022-02-04T14:44:41.643+0000][6.806s][info ][gc,stringdedup] Concurrent String Deduplication (6.806s)
[2022-02-04T14:44:41.646+0000][6.809s][info ][gc,stringdedup] Concurrent String Deduplication 763.2K->226.4K(536.9K) avg 30.5% (6.806s, 6.809s) 2.580ms
[2022-02-04T14:44:42.083+0000][7.246s][debug][safepoint     ] Safepoint synchronization initiated. (12 threads)
[2022-02-04T14:44:42.083+0000][7.246s][info ][safepoint     ] Application time: 0.4397250 seconds
[2022-02-04T14:44:42.083+0000][7.246s][info ][safepoint     ] Entering safepoint region: G1CollectForAllocation
[2022-02-04T14:44:42.083+0000][7.246s][info ][gc,start      ] GC(15) Pause Young (Normal) (G1 Evacuation Pause)
[2022-02-04T14:44:42.083+0000][7.246s][info ][gc,task       ] GC(15) Using 4 workers of 4 for evacuation
[2022-02-04T14:44:42.091+0000][7.255s][info ][gc,phases     ] GC(15)   Pre Evacuate Collection Set: 0.0ms
[2022-02-04T14:44:42.091+0000][7.255s][info ][gc,phases     ] GC(15)   Evacuate Collection Set: 7.1ms
[2022-02-04T14:44:42.091+0000][7.255s][info ][gc,phases     ] GC(15)   Post Evacuate Collection Set: 1.2ms
[2022-02-04T14:44:42.091+0000][7.255s][info ][gc,phases     ] GC(15)   Other: 0.1ms
[2022-02-04T14:44:42.091+0000][7.255s][info ][gc,heap       ] GC(15) Eden regions: 180->0(181)
[2022-02-04T14:44:42.091+0000][7.255s][info ][gc,heap       ] GC(15) Survivor regions: 10->9(24)
[2022-02-04T14:44:42.091+0000][7.255s][info ][gc,heap       ] GC(15) Old regions: 13->13
[2022-02-04T14:44:42.091+0000][7.255s][info ][gc,heap       ] GC(15) Humongous regions: 0->0
[2022-02-04T14:44:42.091+0000][7.255s][info ][gc,metaspace  ] GC(15) Metaspace: 25142K->25142K(1073152K)
[2022-02-04T14:44:42.091+0000][7.255s][info ][gc            ] GC(15) Pause Young (Normal) (G1 Evacuation Pause) 200M->20M(318M) 8.605ms
[2022-02-04T14:44:42.091+0000][7.255s][info ][gc,cpu        ] GC(15) User=0.02s Sys=0.00s Real=0.01s
[2022-02-04T14:44:42.091+0000][7.255s][info ][safepoint     ] Leaving safepoint region
[2022-02-04T14:44:42.091+0000][7.255s][info ][safepoint     ] Total time for which application threads were stopped: 0.0087403 seconds, Stopping threads took: 0.0000101 seconds
[2022-02-04T14:44:42.092+0000][7.255s][info ][gc,stringdedup] Concurrent String Deduplication (7.255s)
[2022-02-04T14:44:42.094+0000][7.257s][info ][gc,stringdedup] Concurrent String Deduplication 1041.9K->208.5K(833.4K) avg 39.3% (7.255s, 7.257s) 2.113ms
[2022-02-04T14:44:42.775+0000][7.939s][debug][safepoint     ] Safepoint synchronization initiated. (11 threads)
[2022-02-04T14:44:42.775+0000][7.939s][info ][safepoint     ] Application time: 0.6839411 seconds
[2022-02-04T14:44:42.775+0000][7.939s][info ][safepoint     ] Entering safepoint region: G1CollectForAllocation
[2022-02-04T14:44:42.776+0000][7.939s][info ][gc,start      ] GC(16) Pause Young (Normal) (G1 Evacuation Pause)
[2022-02-04T14:44:42.776+0000][7.939s][info ][gc,task       ] GC(16) Using 4 workers of 4 for evacuation
[2022-02-04T14:44:42.784+0000][7.948s][info ][gc,phases     ] GC(16)   Pre Evacuate Collection Set: 0.0ms
[2022-02-04T14:44:42.784+0000][7.948s][info ][gc,phases     ] GC(16)   Evacuate Collection Set: 6.9ms
[2022-02-04T14:44:42.784+0000][7.948s][info ][gc,phases     ] GC(16)   Post Evacuate Collection Set: 1.6ms
[2022-02-04T14:44:42.784+0000][7.948s][info ][gc,phases     ] GC(16)   Other: 0.1ms
[2022-02-04T14:44:42.784+0000][7.948s][info ][gc,heap       ] GC(16) Eden regions: 181->0(180)
[2022-02-04T14:44:42.784+0000][7.948s][info ][gc,heap       ] GC(16) Survivor regions: 9->10(24)
[2022-02-04T14:44:42.784+0000][7.948s][info ][gc,heap       ] GC(16) Old regions: 13->13
[2022-02-04T14:44:42.784+0000][7.948s][info ][gc,heap       ] GC(16) Humongous regions: 0->0
[2022-02-04T14:44:42.784+0000][7.948s][info ][gc,metaspace  ] GC(16) Metaspace: 27963K->27963K(1075200K)
[2022-02-04T14:44:42.784+0000][7.948s][info ][gc            ] GC(16) Pause Young (Normal) (G1 Evacuation Pause) 201M->20M(318M) 8.755ms
[2022-02-04T14:44:42.784+0000][7.948s][info ][gc,cpu        ] GC(16) User=0.03s Sys=0.00s Real=0.01s
[2022-02-04T14:44:42.784+0000][7.948s][info ][safepoint     ] Leaving safepoint region
[2022-02-04T14:44:42.784+0000][7.948s][info ][safepoint     ] Total time for which application threads were stopped: 0.0089613 seconds, Stopping threads took: 0.0000099 seconds
[2022-02-04T14:44:42.784+0000][7.948s][info ][gc,stringdedup] Concurrent String Deduplication (7.948s)
[2022-02-04T14:44:42.785+0000][7.948s][info ][gc,stringdedup] Concurrent String Deduplication 28288.0B->14440.0B(13848.0B) avg 39.3% (7.948s, 7.948s) 0.180ms
[2022-02-04T14:44:43.626+0000][8.789s][debug][safepoint     ] Safepoint synchronization initiated. (11 threads)
[2022-02-04T14:44:43.626+0000][8.789s][info ][safepoint     ] Application time: 0.8412995 seconds
[2022-02-04T14:44:43.626+0000][8.789s][info ][safepoint     ] Entering safepoint region: G1CollectForAllocation
[2022-02-04T14:44:43.626+0000][8.789s][info ][gc,start      ] GC(17) Pause Young (Normal) (G1 Evacuation Pause)
[2022-02-04T14:44:43.626+0000][8.789s][info ][gc,task       ] GC(17) Using 4 workers of 4 for evacuation
[2022-02-04T14:44:43.637+0000][8.801s][info ][gc,phases     ] GC(17)   Pre Evacuate Collection Set: 0.0ms
[2022-02-04T14:44:43.637+0000][8.801s][info ][gc,phases     ] GC(17)   Evacuate Collection Set: 9.6ms
[2022-02-04T14:44:43.637+0000][8.801s][info ][gc,phases     ] GC(17)   Post Evacuate Collection Set: 1.6ms
[2022-02-04T14:44:43.637+0000][8.801s][info ][gc,phases     ] GC(17)   Other: 0.1ms
[2022-02-04T14:44:43.637+0000][8.801s][info ][gc,heap       ] GC(17) Eden regions: 180->0(179)
[2022-02-04T14:44:43.637+0000][8.801s][info ][gc,heap       ] GC(17) Survivor regions: 10->11(24)
[2022-02-04T14:44:43.637+0000][8.801s][info ][gc,heap       ] GC(17) Old regions: 13->13
[2022-02-04T14:44:43.637+0000][8.801s][info ][gc,heap       ] GC(17) Humongous regions: 0->0
[2022-02-04T14:44:43.637+0000][8.801s][info ][gc,metaspace  ] GC(17) Metaspace: 30189K->30189K(1077248K)
[2022-02-04T14:44:43.637+0000][8.801s][info ][gc            ] GC(17) Pause Young (Normal) (G1 Evacuation Pause) 200M->22M(318M) 11.499ms
[2022-02-04T14:44:43.637+0000][8.801s][info ][gc,cpu        ] GC(17) User=0.03s Sys=0.00s Real=0.01s
[2022-02-04T14:44:43.637+0000][8.801s][info ][safepoint     ] Leaving safepoint region
[2022-02-04T14:44:43.637+0000][8.801s][info ][safepoint     ] Total time for which application threads were stopped: 0.0116718 seconds, Stopping threads took: 0.0000094 seconds
[2022-02-04T14:44:43.637+0000][8.801s][info ][gc,stringdedup] Concurrent String Deduplication (8.801s)
[2022-02-04T14:44:43.637+0000][8.801s][info ][gc,stringdedup] Concurrent String Deduplication 0.0B->0.0B(0.0B) avg 39.3% (8.801s, 8.801s) 0.024ms
[2022-02-04T14:44:44.049+0000][9.213s][debug][safepoint     ] Safepoint synchronization initiated. (11 threads)
[2022-02-04T14:44:44.049+0000][9.213s][info ][safepoint     ] Application time: 0.4120172 seconds
[2022-02-04T14:44:44.049+0000][9.213s][info ][safepoint     ] Entering safepoint region: Deoptimize
[2022-02-04T14:44:44.050+0000][9.213s][info ][safepoint     ] Leaving safepoint region
[2022-02-04T14:44:44.050+0000][9.213s][info ][safepoint     ] Total time for which application threads were stopped: 0.0005268 seconds, Stopping threads took: 0.0000092 seconds
[2022-02-04T14:44:44.222+0000][9.385s][debug][safepoint     ] Safepoint synchronization initiated. (11 threads)
[2022-02-04T14:44:44.222+0000][9.385s][info ][safepoint     ] Application time: 0.1716328 seconds
[2022-02-04T14:44:44.222+0000][9.385s][info ][safepoint     ] Entering safepoint region: G1CollectForAllocation
[2022-02-04T14:44:44.222+0000][9.385s][info ][gc,start      ] GC(18) Pause Young (Normal) (G1 Evacuation Pause)
[2022-02-04T14:44:44.222+0000][9.385s][info ][gc,task       ] GC(18) Using 4 workers of 4 for evacuation
[2022-02-04T14:44:44.233+0000][9.396s][info ][gc,phases     ] GC(18)   Pre Evacuate Collection Set: 0.0ms
[2022-02-04T14:44:44.233+0000][9.396s][info ][gc,phases     ] GC(18)   Evacuate Collection Set: 9.4ms
[2022-02-04T14:44:44.233+0000][9.396s][info ][gc,phases     ] GC(18)   Post Evacuate Collection Set: 1.3ms
[2022-02-04T14:44:44.233+0000][9.396s][info ][gc,phases     ] GC(18)   Other: 0.1ms
[2022-02-04T14:44:44.233+0000][9.396s][info ][gc,heap       ] GC(18) Eden regions: 179->0(179)
[2022-02-04T14:44:44.233+0000][9.396s][info ][gc,heap       ] GC(18) Survivor regions: 11->11(24)
[2022-02-04T14:44:44.233+0000][9.396s][info ][gc,heap       ] GC(18) Old regions: 13->13
[2022-02-04T14:44:44.233+0000][9.396s][info ][gc,heap       ] GC(18) Humongous regions: 0->0
[2022-02-04T14:44:44.233+0000][9.396s][info ][gc,metaspace  ] GC(18) Metaspace: 31169K->31169K(1077248K)
[2022-02-04T14:44:44.233+0000][9.396s][info ][gc            ] GC(18) Pause Young (Normal) (G1 Evacuation Pause) 201M->22M(318M) 10.946ms
[2022-02-04T14:44:44.233+0000][9.396s][info ][gc,cpu        ] GC(18) User=0.03s Sys=0.00s Real=0.01s
[2022-02-04T14:44:44.233+0000][9.396s][info ][safepoint     ] Leaving safepoint region
[2022-02-04T14:44:44.233+0000][9.396s][info ][safepoint     ] Total time for which application threads were stopped: 0.0111147 seconds, Stopping threads took: 0.0000091 seconds
[2022-02-04T14:44:44.233+0000][9.396s][info ][gc,stringdedup] Concurrent String Deduplication (9.396s)
[2022-02-04T14:44:44.233+0000][9.397s][info ][gc,stringdedup] Concurrent String Deduplication 97840.0B->25056.0B(72784.0B) avg 39.9% (9.396s, 9.397s) 0.363ms
[2022-02-04T14:44:44.397+0000][9.561s][debug][safepoint     ] Safepoint synchronization initiated. (11 threads)
[2022-02-04T14:44:44.397+0000][9.561s][info ][safepoint     ] Application time: 0.1645908 seconds
[2022-02-04T14:44:44.397+0000][9.561s][info ][safepoint     ] Entering safepoint region: Deoptimize
[2022-02-04T14:44:44.398+0000][9.561s][info ][safepoint     ] Leaving safepoint region
[2022-02-04T14:44:44.398+0000][9.561s][info ][safepoint     ] Total time for which application threads were stopped: 0.0004114 seconds, Stopping threads took: 0.0000090 seconds
[2022-02-04T14:44:44.421+0000][9.584s][debug][safepoint     ] Safepoint synchronization initiated. (11 threads)
[2022-02-04T14:44:44.421+0000][9.584s][info ][safepoint     ] Application time: 0.0230401 seconds
[2022-02-04T14:44:44.421+0000][9.584s][debug][safepoint     ] Waiting for 1 thread(s) to block
[2022-02-04T14:44:44.421+0000][9.584s][info ][safepoint     ] Entering safepoint region: Deoptimize
[2022-02-04T14:44:44.421+0000][9.585s][info ][safepoint     ] Leaving safepoint region
[2022-02-04T14:44:44.421+0000][9.585s][info ][safepoint     ] Total time for which application threads were stopped: 0.0004028 seconds, Stopping threads took: 0.0000291 seconds
[2022-02-04T14:44:44.499+0000][9.663s][debug][safepoint     ] Safepoint synchronization initiated. (11 threads)
[2022-02-04T14:44:44.499+0000][9.663s][info ][safepoint     ] Application time: 0.0782605 seconds
[2022-02-04T14:44:44.499+0000][9.663s][debug][safepoint     ] Waiting for 1 thread(s) to block
[2022-02-04T14:44:44.500+0000][9.663s][info ][safepoint     ] Entering safepoint region: Deoptimize
[2022-02-04T14:44:44.500+0000][9.663s][info ][safepoint     ] Leaving safepoint region
[2022-02-04T14:44:44.500+0000][9.663s][info ][safepoint     ] Total time for which application threads were stopped: 0.0004197 seconds, Stopping threads took: 0.0000382 seconds
[2022-02-04T14:44:44.997+0000][10.160s][debug][safepoint     ] Safepoint synchronization initiated. (11 threads)
[2022-02-04T14:44:44.997+0000][10.160s][info ][safepoint     ] Application time: 0.4969354 seconds
[2022-02-04T14:44:44.997+0000][10.160s][debug][safepoint     ] Waiting for 1 thread(s) to block
[2022-02-04T14:44:44.997+0000][10.160s][info ][safepoint     ] Entering safepoint region: G1CollectForAllocation
[2022-02-04T14:44:44.997+0000][10.160s][info ][gc,start      ] GC(19) Pause Young (Normal) (G1 Evacuation Pause)
[2022-02-04T14:44:44.997+0000][10.160s][info ][gc,task       ] GC(19) Using 4 workers of 4 for evacuation
[2022-02-04T14:44:45.026+0000][10.189s][info ][gc,phases     ] GC(19)   Pre Evacuate Collection Set: 0.0ms
[2022-02-04T14:44:45.026+0000][10.189s][info ][gc,phases     ] GC(19)   Evacuate Collection Set: 26.8ms
[2022-02-04T14:44:45.026+0000][10.189s][info ][gc,phases     ] GC(19)   Post Evacuate Collection Set: 1.6ms
[2022-02-04T14:44:45.026+0000][10.189s][info ][gc,phases     ] GC(19)   Other: 0.1ms
[2022-02-04T14:44:45.026+0000][10.189s][info ][gc,heap       ] GC(19) Eden regions: 179->0(179)
[2022-02-04T14:44:45.026+0000][10.189s][info ][gc,heap       ] GC(19) Survivor regions: 11->11(24)
[2022-02-04T14:44:45.026+0000][10.189s][info ][gc,heap       ] GC(19) Old regions: 13->14
[2022-02-04T14:44:45.026+0000][10.189s][info ][gc,heap       ] GC(19) Humongous regions: 0->0
[2022-02-04T14:44:45.026+0000][10.189s][info ][gc,metaspace  ] GC(19) Metaspace: 33983K->33983K(1079296K)
[2022-02-04T14:44:45.026+0000][10.189s][info ][gc            ] GC(19) Pause Young (Normal) (G1 Evacuation Pause) 201M->23M(318M) 28.721ms
[2022-02-04T14:44:45.026+0000][10.189s][info ][gc,cpu        ] GC(19) User=0.05s Sys=0.00s Real=0.03s
[2022-02-04T14:44:45.026+0000][10.189s][info ][safepoint     ] Leaving safepoint region
[2022-02-04T14:44:45.026+0000][10.189s][info ][safepoint     ] Total time for which application threads were stopped: 0.0288850 seconds, Stopping threads took: 0.0000264 seconds
[2022-02-04T14:44:45.026+0000][10.189s][info ][gc,stringdedup] Concurrent String Deduplication (10.189s)
[2022-02-04T14:44:45.027+0000][10.190s][info ][gc,stringdedup] Concurrent String Deduplication 318.4K->151.1K(167.4K) avg 40.5% (10.189s, 10.190s) 1.064ms
[2022-02-04T14:44:45.349+0000][10.512s][debug][safepoint     ] Safepoint synchronization initiated. (11 threads)
[2022-02-04T14:44:45.349+0000][10.512s][info ][safepoint     ] Application time: 0.3229540 seconds
[2022-02-04T14:44:45.349+0000][10.512s][info ][safepoint     ] Entering safepoint region: Deoptimize
[2022-02-04T14:44:45.349+0000][10.513s][info ][safepoint     ] Leaving safepoint region
[2022-02-04T14:44:45.349+0000][10.513s][info ][safepoint     ] Total time for which application threads were stopped: 0.0005916 seconds, Stopping threads took: 0.0000091 seconds
[2022-02-04T14:44:46.011+0000][11.174s][debug][safepoint     ] Safepoint synchronization initiated. (11 threads)
[2022-02-04T14:44:46.011+0000][11.174s][info ][safepoint     ] Application time: 0.6617367 seconds
[2022-02-04T14:44:46.011+0000][11.175s][info ][safepoint     ] Entering safepoint region: G1CollectForAllocation
[2022-02-04T14:44:46.011+0000][11.175s][info ][gc,start      ] GC(20) Pause Young (Normal) (G1 Evacuation Pause)
[2022-02-04T14:44:46.011+0000][11.175s][info ][gc,task       ] GC(20) Using 4 workers of 4 for evacuation
[2022-02-04T14:44:46.030+0000][11.194s][info ][gc,phases     ] GC(20)   Pre Evacuate Collection Set: 0.0ms
[2022-02-04T14:44:46.030+0000][11.194s][info ][gc,phases     ] GC(20)   Evacuate Collection Set: 16.3ms
[2022-02-04T14:44:46.030+0000][11.194s][info ][gc,phases     ] GC(20)   Post Evacuate Collection Set: 2.8ms
[2022-02-04T14:44:46.030+0000][11.194s][info ][gc,phases     ] GC(20)   Other: 0.1ms
[2022-02-04T14:44:46.030+0000][11.194s][info ][gc,heap       ] GC(20) Eden regions: 179->0(178)
[2022-02-04T14:44:46.031+0000][11.194s][info ][gc,heap       ] GC(20) Survivor regions: 11->12(24)
[2022-02-04T14:44:46.031+0000][11.194s][info ][gc,heap       ] GC(20) Old regions: 14->15
[2022-02-04T14:44:46.031+0000][11.194s][info ][gc,heap       ] GC(20) Humongous regions: 0->0
[2022-02-04T14:44:46.031+0000][11.194s][info ][gc,metaspace  ] GC(20) Metaspace: 36496K->36496K(1081344K)
[2022-02-04T14:44:46.031+0000][11.194s][info ][gc            ] GC(20) Pause Young (Normal) (G1 Evacuation Pause) 202M->24M(318M) 19.334ms
[2022-02-04T14:44:46.031+0000][11.194s][info ][gc,cpu        ] GC(20) User=0.04s Sys=0.00s Real=0.02s
[2022-02-04T14:44:46.031+0000][11.194s][info ][safepoint     ] Leaving safepoint region
[2022-02-04T14:44:46.031+0000][11.194s][info ][safepoint     ] Total time for which application threads were stopped: 0.0195102 seconds, Stopping threads took: 0.0000103 seconds
[2022-02-04T14:44:46.031+0000][11.194s][info ][gc,stringdedup] Concurrent String Deduplication (11.194s)
[2022-02-04T14:44:46.032+0000][11.195s][info ][gc,stringdedup] Concurrent String Deduplication 270.2K->126.1K(144.0K) avg 41.1% (11.194s, 11.195s) 0.938ms
[2022-02-04T14:44:46.200+0000][11.363s][debug][safepoint     ] Safepoint synchronization initiated. (11 threads)
[2022-02-04T14:44:46.200+0000][11.363s][info ][safepoint     ] Application time: 0.1691433 seconds
[2022-02-04T14:44:46.200+0000][11.363s][debug][safepoint     ] Waiting for 1 thread(s) to block
[2022-02-04T14:44:46.200+0000][11.363s][info ][safepoint     ] Entering safepoint region: Deoptimize
[2022-02-04T14:44:46.200+0000][11.364s][info ][safepoint     ] Leaving safepoint region
[2022-02-04T14:44:46.200+0000][11.364s][info ][safepoint     ] Total time for which application threads were stopped: 0.0004853 seconds, Stopping threads took: 0.0000291 seconds
[2022-02-04T14:44:46.201+0000][11.365s][debug][safepoint     ] Safepoint synchronization initiated. (11 threads)
[2022-02-04T14:44:46.201+0000][11.365s][info ][safepoint     ] Application time: 0.0011313 seconds
[2022-02-04T14:44:46.201+0000][11.365s][debug][safepoint     ] Waiting for 1 thread(s) to block
[2022-02-04T14:44:46.201+0000][11.365s][info ][safepoint     ] Entering safepoint region: Deoptimize
[2022-02-04T14:44:46.202+0000][11.365s][info ][safepoint     ] Leaving safepoint region
[2022-02-04T14:44:46.202+0000][11.365s][info ][safepoint     ] Total time for which application threads were stopped: 0.0004534 seconds, Stopping threads took: 0.0000385 seconds
[2022-02-04T14:44:47.059+0000][12.222s][debug][safepoint     ] Safepoint synchronization initiated. (11 threads)
[2022-02-04T14:44:47.059+0000][12.222s][info ][safepoint     ] Application time: 0.8571857 seconds
[2022-02-04T14:44:47.059+0000][12.222s][debug][safepoint     ] Waiting for 1 thread(s) to block
[2022-02-04T14:44:47.059+0000][12.223s][info ][safepoint     ] Entering safepoint region: G1CollectForAllocation
[2022-02-04T14:44:47.059+0000][12.223s][info ][gc,start      ] GC(21) Pause Young (Normal) (G1 Evacuation Pause)
[2022-02-04T14:44:47.059+0000][12.223s][info ][gc,task       ] GC(21) Using 4 workers of 4 for evacuation
[2022-02-04T14:44:47.092+0000][12.256s][info ][gc,phases     ] GC(21)   Pre Evacuate Collection Set: 0.0ms
[2022-02-04T14:44:47.092+0000][12.256s][info ][gc,phases     ] GC(21)   Evacuate Collection Set: 31.1ms
[2022-02-04T14:44:47.092+0000][12.256s][info ][gc,phases     ] GC(21)   Post Evacuate Collection Set: 1.9ms
[2022-02-04T14:44:47.092+0000][12.256s][info ][gc,phases     ] GC(21)   Other: 0.1ms
[2022-02-04T14:44:47.092+0000][12.256s][info ][gc,heap       ] GC(21) Eden regions: 178->0(179)
[2022-02-04T14:44:47.092+0000][12.256s][info ][gc,heap       ] GC(21) Survivor regions: 12->11(24)
[2022-02-04T14:44:47.092+0000][12.256s][info ][gc,heap       ] GC(21) Old regions: 15->17
[2022-02-04T14:44:47.092+0000][12.256s][info ][gc,heap       ] GC(21) Humongous regions: 0->0
[2022-02-04T14:44:47.092+0000][12.256s][info ][gc,metaspace  ] GC(21) Metaspace: 38598K->38598K(1083392K)
[2022-02-04T14:44:47.093+0000][12.256s][info ][gc            ] GC(21) Pause Young (Normal) (G1 Evacuation Pause) 202M->26M(318M) 33.293ms
[2022-02-04T14:44:47.093+0000][12.256s][info ][gc,cpu        ] GC(21) User=0.06s Sys=0.00s Real=0.03s
[2022-02-04T14:44:47.093+0000][12.256s][info ][safepoint     ] Leaving safepoint region
[2022-02-04T14:44:47.093+0000][12.256s][info ][safepoint     ] Total time for which application threads were stopped: 0.0334995 seconds, Stopping threads took: 0.0000387 seconds
[2022-02-04T14:44:47.093+0000][12.256s][info ][gc,stringdedup] Concurrent String Deduplication (12.256s)
[2022-02-04T14:44:47.093+0000][12.257s][info ][gc,stringdedup] Concurrent String Deduplication 115.8K->36936.0B(81624.0B) avg 41.5% (12.256s, 12.257s) 0.584ms
[2022-02-04T14:44:47.163+0000][12.326s][debug][safepoint     ] Safepoint synchronization initiated. (11 threads)
[2022-02-04T14:44:47.163+0000][12.326s][info ][safepoint     ] Application time: 0.0704956 seconds
[2022-02-04T14:44:47.163+0000][12.326s][info ][safepoint     ] Entering safepoint region: Deoptimize
[2022-02-04T14:44:47.164+0000][12.327s][info ][safepoint     ] Leaving safepoint region
[2022-02-04T14:44:47.164+0000][12.327s][info ][safepoint     ] Total time for which application threads were stopped: 0.0005443 seconds, Stopping threads took: 0.0000091 seconds
[2022-02-04T14:44:47.171+0000][12.334s][debug][safepoint     ] Safepoint synchronization initiated. (11 threads)
[2022-02-04T14:44:47.171+0000][12.334s][info ][safepoint     ] Application time: 0.0071104 seconds
[2022-02-04T14:44:47.171+0000][12.334s][info ][safepoint     ] Entering safepoint region: CollectForMetadataAllocation
[2022-02-04T14:44:47.171+0000][12.334s][info ][gc,start      ] GC(22) Pause Young (Concurrent Start) (Metadata GC Threshold)
[2022-02-04T14:44:47.171+0000][12.334s][info ][gc,task       ] GC(22) Using 4 workers of 4 for evacuation
[2022-02-04T14:44:47.192+0000][12.355s][info ][gc,phases     ] GC(22)   Pre Evacuate Collection Set: 0.1ms
[2022-02-04T14:44:47.192+0000][12.355s][info ][gc,phases     ] GC(22)   Evacuate Collection Set: 19.0ms
[2022-02-04T14:44:47.192+0000][12.355s][info ][gc,phases     ] GC(22)   Post Evacuate Collection Set: 1.5ms
[2022-02-04T14:44:47.192+0000][12.355s][info ][gc,phases     ] GC(22)   Other: 0.3ms
[2022-02-04T14:44:47.192+0000][12.355s][info ][gc,heap       ] GC(22) Eden regions: 11->0(181)
[2022-02-04T14:44:47.192+0000][12.355s][info ][gc,heap       ] GC(22) Survivor regions: 11->9(24)
[2022-02-04T14:44:47.192+0000][12.355s][info ][gc,heap       ] GC(22) Old regions: 17->19
[2022-02-04T14:44:47.192+0000][12.355s][info ][gc,heap       ] GC(22) Humongous regions: 0->0
[2022-02-04T14:44:47.192+0000][12.355s][info ][gc,metaspace  ] GC(22) Metaspace: 38954K->38954K(1083392K)
[2022-02-04T14:44:47.192+0000][12.355s][info ][gc            ] GC(22) Pause Young (Concurrent Start) (Metadata GC Threshold) 37M->26M(318M) 20.956ms
[2022-02-04T14:44:47.192+0000][12.355s][info ][gc,cpu        ] GC(22) User=0.05s Sys=0.00s Real=0.02s
[2022-02-04T14:44:47.192+0000][12.355s][info ][gc            ] GC(23) Concurrent Cycle
[2022-02-04T14:44:47.192+0000][12.355s][info ][safepoint     ] Leaving safepoint region
[2022-02-04T14:44:47.192+0000][12.355s][info ][gc,marking    ] GC(23) Concurrent Clear Claimed Marks
[2022-02-04T14:44:47.192+0000][12.355s][info ][safepoint     ] Total time for which application threads were stopped: 0.0211084 seconds, Stopping threads took: 0.0000095 seconds
[2022-02-04T14:44:47.192+0000][12.355s][info ][gc,marking    ] GC(23) Concurrent Clear Claimed Marks 0.066ms
[2022-02-04T14:44:47.192+0000][12.355s][info ][gc,marking    ] GC(23) Concurrent Scan Root Regions
[2022-02-04T14:44:47.192+0000][12.356s][info ][gc,stringdedup] Concurrent String Deduplication (12.356s)
[2022-02-04T14:44:47.193+0000][12.357s][info ][gc,stringdedup] Concurrent String Deduplication 233.2K->73032.0B(161.9K) avg 42.5% (12.356s, 12.357s) 1.135ms
[2022-02-04T14:44:47.200+0000][12.363s][info ][gc,marking    ] GC(23) Concurrent Scan Root Regions 7.783ms
[2022-02-04T14:44:47.200+0000][12.363s][info ][gc,marking    ] GC(23) Concurrent Mark (12.363s)
[2022-02-04T14:44:47.200+0000][12.363s][info ][gc,marking    ] GC(23) Concurrent Mark From Roots
[2022-02-04T14:44:47.200+0000][12.363s][info ][gc,task       ] GC(23) Using 1 workers of 1 for marking
[2022-02-04T14:44:47.244+0000][12.407s][debug][safepoint     ] Safepoint synchronization initiated. (11 threads)
[2022-02-04T14:44:47.244+0000][12.407s][info ][safepoint     ] Application time: 0.0517237 seconds
[2022-02-04T14:44:47.244+0000][12.407s][info ][safepoint     ] Entering safepoint region: CollectForMetadataAllocation
[2022-02-04T14:44:47.244+0000][12.407s][info ][safepoint     ] Leaving safepoint region
[2022-02-04T14:44:47.244+0000][12.407s][info ][safepoint     ] Total time for which application threads were stopped: 0.0001355 seconds, Stopping threads took: 0.0000353 seconds
[2022-02-04T14:44:47.251+0000][12.414s][info ][gc,marking    ] GC(23) Concurrent Mark From Roots 50.975ms
[2022-02-04T14:44:47.251+0000][12.414s][info ][gc,marking    ] GC(23) Concurrent Preclean
[2022-02-04T14:44:47.251+0000][12.414s][info ][gc,marking    ] GC(23) Concurrent Preclean 0.054ms
[2022-02-04T14:44:47.251+0000][12.414s][info ][gc,marking    ] GC(23) Concurrent Mark (12.363s, 12.414s) 51.084ms
[2022-02-04T14:44:47.251+0000][12.414s][debug][safepoint     ] Safepoint synchronization initiated. (11 threads)
[2022-02-04T14:44:47.251+0000][12.414s][info ][safepoint     ] Application time: 0.0071341 seconds
[2022-02-04T14:44:47.251+0000][12.414s][debug][safepoint     ] Waiting for 2 thread(s) to block
[2022-02-04T14:44:47.251+0000][12.414s][info ][safepoint     ] Entering safepoint region: CGC_Operation
[2022-02-04T14:44:47.251+0000][12.414s][info ][gc,start      ] GC(23) Pause Remark
[2022-02-04T14:44:47.260+0000][12.423s][info ][gc,stringtable] GC(23) Cleaned string and symbol table, strings: 14785 processed, 32 removed, symbols: 132794 processed, 290 removed
[2022-02-04T14:44:47.260+0000][12.424s][info ][gc            ] GC(23) Pause Remark 27M->27M(318M) 9.283ms
[2022-02-04T14:44:47.260+0000][12.424s][info ][gc,cpu        ] GC(23) User=0.01s Sys=0.00s Real=0.01s
[2022-02-04T14:44:47.260+0000][12.424s][info ][safepoint     ] Leaving safepoint region
[2022-02-04T14:44:47.260+0000][12.424s][info ][safepoint     ] Total time for which application threads were stopped: 0.0094415 seconds, Stopping threads took: 0.0000553 seconds
[2022-02-04T14:44:47.260+0000][12.424s][info ][gc,marking    ] GC(23) Concurrent Rebuild Remembered Sets
[2022-02-04T14:44:47.286+0000][12.450s][info ][gc,marking    ] GC(23) Concurrent Rebuild Remembered Sets 25.965ms
[2022-02-04T14:44:47.286+0000][12.450s][debug][safepoint     ] Safepoint synchronization initiated. (11 threads)
[2022-02-04T14:44:47.286+0000][12.450s][info ][safepoint     ] Application time: 0.0260887 seconds
[2022-02-04T14:44:47.286+0000][12.450s][debug][safepoint     ] Waiting for 1 thread(s) to block
[2022-02-04T14:44:47.286+0000][12.450s][info ][safepoint     ] Entering safepoint region: CGC_Operation
[2022-02-04T14:44:47.286+0000][12.450s][info ][gc,start      ] GC(23) Pause Cleanup
[2022-02-04T14:44:47.287+0000][12.450s][info ][gc            ] GC(23) Pause Cleanup 28M->28M(318M) 0.100ms
[2022-02-04T14:44:47.287+0000][12.450s][info ][gc,cpu        ] GC(23) User=0.00s Sys=0.00s Real=0.00s
[2022-02-04T14:44:47.287+0000][12.450s][info ][safepoint     ] Leaving safepoint region
[2022-02-04T14:44:47.287+0000][12.450s][info ][safepoint     ] Total time for which application threads were stopped: 0.0002133 seconds, Stopping threads took: 0.0000434 seconds
[2022-02-04T14:44:47.287+0000][12.450s][info ][gc,marking    ] GC(23) Concurrent Cleanup for Next Mark
[2022-02-04T14:44:47.288+0000][12.451s][info ][gc,marking    ] GC(23) Concurrent Cleanup for Next Mark 0.996ms
[2022-02-04T14:44:47.288+0000][12.451s][info ][gc            ] GC(23) Concurrent Cycle 95.884ms
[2022-02-04T14:44:47.317+0000][12.480s][debug][safepoint     ] Safepoint synchronization initiated. (11 threads)
[2022-02-04T14:44:47.317+0000][12.480s][info ][safepoint     ] Application time: 0.0299795 seconds
[2022-02-04T14:44:47.317+0000][12.480s][debug][safepoint     ] Waiting for 1 thread(s) to block
[2022-02-04T14:44:47.320+0000][12.483s][info ][safepoint     ] Entering safepoint region: Deoptimize
[2022-02-04T14:44:47.320+0000][12.484s][info ][safepoint     ] Leaving safepoint region
[2022-02-04T14:44:47.320+0000][12.484s][info ][safepoint     ] Total time for which application threads were stopped: 0.0036095 seconds, Stopping threads took: 0.0029617 seconds
[2022-02-04T14:44:47.343+0000][12.506s][debug][safepoint     ] Safepoint synchronization initiated. (11 threads)
[2022-02-04T14:44:47.343+0000][12.506s][info ][safepoint     ] Application time: 0.0225681 seconds
[2022-02-04T14:44:47.343+0000][12.506s][info ][safepoint     ] Entering safepoint region: Deoptimize
[2022-02-04T14:44:47.343+0000][12.507s][info ][safepoint     ] Leaving safepoint region
[2022-02-04T14:44:47.343+0000][12.507s][info ][safepoint     ] Total time for which application threads were stopped: 0.0004753 seconds, Stopping threads took: 0.0000099 seconds
[2022-02-04T14:44:47.572+0000][12.735s][debug][safepoint     ] Safepoint synchronization initiated. (12 threads)
[2022-02-04T14:44:47.572+0000][12.735s][info ][safepoint     ] Application time: 0.2286069 seconds
[2022-02-04T14:44:47.572+0000][12.735s][info ][safepoint     ] Entering safepoint region: Deoptimize
[2022-02-04T14:44:47.572+0000][12.736s][info ][safepoint     ] Leaving safepoint region
[2022-02-04T14:44:47.572+0000][12.736s][info ][safepoint     ] Total time for which application threads were stopped: 0.0004566 seconds, Stopping threads took: 0.0000098 seconds
[2022-02-04T14:44:47.577+0000][12.741s][debug][safepoint     ] Safepoint synchronization initiated. (12 threads)
[2022-02-04T14:44:47.578+0000][12.741s][info ][safepoint     ] Application time: 0.0051605 seconds
[2022-02-04T14:44:47.578+0000][12.741s][info ][safepoint     ] Entering safepoint region: Deoptimize
[2022-02-04T14:44:47.578+0000][12.741s][info ][safepoint     ] Leaving safepoint region
[2022-02-04T14:44:47.578+0000][12.741s][info ][safepoint     ] Total time for which application threads were stopped: 0.0004361 seconds, Stopping threads took: 0.0000095 seconds
[2022-02-04T14:44:47.743+0000][12.906s][debug][safepoint     ] Safepoint synchronization initiated. (12 threads)
[2022-02-04T14:44:47.743+0000][12.906s][info ][safepoint     ] Application time: 0.1647100 seconds
[2022-02-04T14:44:47.743+0000][12.906s][debug][safepoint     ] Waiting for 1 thread(s) to block
[2022-02-04T14:44:47.743+0000][12.906s][info ][safepoint     ] Entering safepoint region: Deoptimize
[2022-02-04T14:44:47.743+0000][12.907s][info ][safepoint     ] Leaving safepoint region
[2022-02-04T14:44:47.743+0000][12.907s][info ][safepoint     ] Total time for which application threads were stopped: 0.0005061 seconds, Stopping threads took: 0.0000496 seconds
[2022-02-04T14:44:48.418+0000][13.582s][debug][safepoint     ] Safepoint synchronization initiated. (12 threads)
[2022-02-04T14:44:48.418+0000][13.582s][info ][safepoint     ] Application time: 0.6749136 seconds
[2022-02-04T14:44:48.418+0000][13.582s][debug][safepoint     ] Waiting for 1 thread(s) to block
[2022-02-04T14:44:48.418+0000][13.582s][info ][safepoint     ] Entering safepoint region: Deoptimize
[2022-02-04T14:44:48.419+0000][13.582s][info ][safepoint     ] Leaving safepoint region
[2022-02-04T14:44:48.419+0000][13.582s][info ][safepoint     ] Total time for which application threads were stopped: 0.0005599 seconds, Stopping threads took: 0.0000304 seconds
[2022-02-04T14:44:48.458+0000][13.621s][debug][safepoint     ] Safepoint synchronization initiated. (12 threads)
[2022-02-04T14:44:48.458+0000][13.621s][info ][safepoint     ] Application time: 0.0392271 seconds
[2022-02-04T14:44:48.458+0000][13.621s][info ][safepoint     ] Entering safepoint region: Deoptimize
[2022-02-04T14:44:48.458+0000][13.622s][info ][safepoint     ] Leaving safepoint region
[2022-02-04T14:44:48.458+0000][13.622s][info ][safepoint     ] Total time for which application threads were stopped: 0.0004710 seconds, Stopping threads took: 0.0000093 seconds
[2022-02-04T14:44:48.692+0000][13.855s][debug][safepoint     ] Safepoint synchronization initiated. (12 threads)
[2022-02-04T14:44:48.692+0000][13.855s][info ][safepoint     ] Application time: 0.2332028 seconds
[2022-02-04T14:44:48.692+0000][13.855s][info ][safepoint     ] Entering safepoint region: Deoptimize
[2022-02-04T14:44:48.692+0000][13.856s][info ][safepoint     ] Leaving safepoint region
[2022-02-04T14:44:48.692+0000][13.856s][info ][safepoint     ] Total time for which application threads were stopped: 0.0005034 seconds, Stopping threads took: 0.0000096 seconds
[2022-02-04T14:44:48.976+0000][14.139s][debug][safepoint     ] Safepoint synchronization initiated. (12 threads)
[2022-02-04T14:44:48.976+0000][14.139s][info ][safepoint     ] Application time: 0.2834146 seconds
[2022-02-04T14:44:48.976+0000][14.139s][info ][safepoint     ] Entering safepoint region: G1CollectForAllocation
[2022-02-04T14:44:48.976+0000][14.139s][info ][gc,start      ] GC(24) Pause Young (Concurrent Start) (G1 Evacuation Pause)
[2022-02-04T14:44:48.976+0000][14.139s][info ][gc,task       ] GC(24) Using 4 workers of 4 for evacuation
[2022-02-04T14:44:49.011+0000][14.175s][info ][gc,phases     ] GC(24)   Pre Evacuate Collection Set: 0.1ms
[2022-02-04T14:44:49.011+0000][14.175s][info ][gc,phases     ] GC(24)   Evacuate Collection Set: 31.7ms
[2022-02-04T14:44:49.011+0000][14.175s][info ][gc,phases     ] GC(24)   Post Evacuate Collection Set: 3.8ms
[2022-02-04T14:44:49.011+0000][14.175s][info ][gc,phases     ] GC(24)   Other: 0.2ms
[2022-02-04T14:44:49.011+0000][14.175s][info ][gc,heap       ] GC(24) Eden regions: 181->0(218)
[2022-02-04T14:44:49.011+0000][14.175s][info ][gc,heap       ] GC(24) Survivor regions: 9->11(24)
[2022-02-04T14:44:49.011+0000][14.175s][info ][gc,heap       ] GC(24) Old regions: 19->20
[2022-02-04T14:44:49.011+0000][14.175s][info ][gc,heap       ] GC(24) Humongous regions: 0->0
[2022-02-04T14:44:49.011+0000][14.175s][info ][gc,metaspace  ] GC(24) Metaspace: 43364K->43364K(1087488K)
[2022-02-04T14:44:49.012+0000][14.175s][info ][gc            ] GC(24) Pause Young (Concurrent Start) (G1 Evacuation Pause) 207M->29M(382M) 35.806ms
[2022-02-04T14:44:49.012+0000][14.175s][info ][gc,cpu        ] GC(24) User=0.09s Sys=0.00s Real=0.03s
[2022-02-04T14:44:49.012+0000][14.175s][info ][safepoint     ] Leaving safepoint region
[2022-02-04T14:44:49.012+0000][14.175s][info ][safepoint     ] Total time for which application threads were stopped: 0.0359630 seconds, Stopping threads took: 0.0000098 seconds
[2022-02-04T14:44:49.012+0000][14.175s][info ][gc            ] GC(25) Concurrent Cycle
[2022-02-04T14:44:49.012+0000][14.175s][info ][gc,marking    ] GC(25) Concurrent Clear Claimed Marks
[2022-02-04T14:44:49.012+0000][14.175s][info ][gc,marking    ] GC(25) Concurrent Clear Claimed Marks 0.072ms
[2022-02-04T14:44:49.012+0000][14.175s][info ][gc,marking    ] GC(25) Concurrent Scan Root Regions
[2022-02-04T14:44:49.020+0000][14.184s][info ][gc,marking    ] GC(25) Concurrent Scan Root Regions 8.658ms
[2022-02-04T14:44:49.020+0000][14.184s][info ][gc,marking    ] GC(25) Concurrent Mark (14.184s)
[2022-02-04T14:44:49.020+0000][14.184s][info ][gc,marking    ] GC(25) Concurrent Mark From Roots
[2022-02-04T14:44:49.020+0000][14.184s][info ][gc,task       ] GC(25) Using 1 workers of 1 for marking
[2022-02-04T14:44:49.020+0000][14.184s][info ][gc,stringdedup] Concurrent String Deduplication (14.184s)
[2022-02-04T14:44:49.021+0000][14.185s][info ][gc,stringdedup] Concurrent String Deduplication 185.4K->84320.0B(103.0K) avg 42.8% (14.184s, 14.185s) 1.050ms
[2022-02-04T14:44:49.083+0000][14.246s][info ][gc,marking    ] GC(25) Concurrent Mark From Roots 62.274ms
[2022-02-04T14:44:49.083+0000][14.246s][info ][gc,marking    ] GC(25) Concurrent Preclean
[2022-02-04T14:44:49.083+0000][14.246s][info ][gc,marking    ] GC(25) Concurrent Preclean 0.056ms
[2022-02-04T14:44:49.083+0000][14.246s][info ][gc,marking    ] GC(25) Concurrent Mark (14.184s, 14.246s) 62.398ms
[2022-02-04T14:44:49.083+0000][14.246s][debug][safepoint     ] Safepoint synchronization initiated. (12 threads)
[2022-02-04T14:44:49.083+0000][14.246s][info ][safepoint     ] Application time: 0.0712585 seconds
[2022-02-04T14:44:49.083+0000][14.246s][debug][safepoint     ] Waiting for 1 thread(s) to block
[2022-02-04T14:44:49.083+0000][14.246s][info ][safepoint     ] Entering safepoint region: CGC_Operation
[2022-02-04T14:44:49.083+0000][14.246s][info ][gc,start      ] GC(25) Pause Remark
[2022-02-04T14:44:49.112+0000][14.275s][info ][gc,stringtable] GC(25) Cleaned string and symbol table, strings: 17487 processed, 0 removed, symbols: 142692 processed, 79 removed
[2022-02-04T14:44:49.115+0000][14.279s][info ][gc            ] GC(25) Pause Remark 32M->32M(382M) 32.136ms
[2022-02-04T14:44:49.115+0000][14.279s][info ][gc,cpu        ] GC(25) User=0.06s Sys=0.00s Real=0.03s
[2022-02-04T14:44:49.115+0000][14.279s][info ][safepoint     ] Leaving safepoint region
[2022-02-04T14:44:49.115+0000][14.279s][info ][safepoint     ] Total time for which application threads were stopped: 0.0323809 seconds, Stopping threads took: 0.0001261 seconds
[2022-02-04T14:44:49.116+0000][14.279s][info ][gc,marking    ] GC(25) Concurrent Rebuild Remembered Sets
[2022-02-04T14:44:49.142+0000][14.305s][info ][gc,marking    ] GC(25) Concurrent Rebuild Remembered Sets 25.949ms
[2022-02-04T14:44:49.142+0000][14.305s][debug][safepoint     ] Safepoint synchronization initiated. (12 threads)
[2022-02-04T14:44:49.142+0000][14.305s][info ][safepoint     ] Application time: 0.0267024 seconds
[2022-02-04T14:44:49.144+0000][14.307s][debug][safepoint     ] ... found polling page return exception at pc = 0x00007fd9c1aa5930, stub =0x00007fd9c08beb80
[2022-02-04T14:44:49.144+0000][14.308s][debug][safepoint     ] Waiting for 1 thread(s) to block
[2022-02-04T14:44:49.144+0000][14.308s][info ][safepoint     ] Entering safepoint region: CGC_Operation
[2022-02-04T14:44:49.145+0000][14.308s][info ][gc,start      ] GC(25) Pause Cleanup
[2022-02-04T14:44:49.145+0000][14.308s][info ][gc            ] GC(25) Pause Cleanup 35M->35M(382M) 0.137ms
[2022-02-04T14:44:49.145+0000][14.308s][info ][gc,cpu        ] GC(25) User=0.00s Sys=0.00s Real=0.00s
[2022-02-04T14:44:49.145+0000][14.308s][info ][safepoint     ] Leaving safepoint region
[2022-02-04T14:44:49.145+0000][14.308s][info ][safepoint     ] Total time for which application threads were stopped: 0.0028402 seconds, Stopping threads took: 0.0025261 seconds
[2022-02-04T14:44:49.145+0000][14.308s][info ][gc,marking    ] GC(25) Concurrent Cleanup for Next Mark
[2022-02-04T14:44:49.146+0000][14.310s][info ][gc,marking    ] GC(25) Concurrent Cleanup for Next Mark 1.459ms
[2022-02-04T14:44:49.146+0000][14.310s][info ][gc            ] GC(25) Concurrent Cycle 134.708ms
[2022-02-04T14:44:49.357+0000][14.521s][debug][safepoint     ] Safepoint synchronization initiated. (12 threads)
[2022-02-04T14:44:49.357+0000][14.521s][info ][safepoint     ] Application time: 0.2124831 seconds
[2022-02-04T14:44:49.357+0000][14.521s][debug][safepoint     ] Waiting for 1 thread(s) to block
[2022-02-04T14:44:49.357+0000][14.521s][info ][safepoint     ] Entering safepoint region: Deoptimize
[2022-02-04T14:44:49.358+0000][14.521s][info ][safepoint     ] Leaving safepoint region
[2022-02-04T14:44:49.358+0000][14.521s][info ][safepoint     ] Total time for which application threads were stopped: 0.0006083 seconds, Stopping threads took: 0.0000290 seconds
[2022-02-04T14:44:49.905+0000][15.068s][debug][safepoint     ] Safepoint synchronization initiated. (12 threads)
[2022-02-04T14:44:49.905+0000][15.069s][info ][safepoint     ] Application time: 0.5472055 seconds
[2022-02-04T14:44:49.905+0000][15.069s][debug][safepoint     ] Waiting for 1 thread(s) to block
[2022-02-04T14:44:49.905+0000][15.069s][info ][safepoint     ] Entering safepoint region: ICBufferFull
[2022-02-04T14:44:49.905+0000][15.069s][info ][safepoint     ] Leaving safepoint region
[2022-02-04T14:44:49.905+0000][15.069s][info ][safepoint     ] Total time for which application threads were stopped: 0.0001723 seconds, Stopping threads took: 0.0000294 seconds
[2022-02-04T14:44:50.672+0000][15.835s][debug][safepoint     ] Safepoint synchronization initiated. (12 threads)
[2022-02-04T14:44:50.672+0000][15.836s][info ][safepoint     ] Application time: 0.7668041 seconds
[2022-02-04T14:44:50.672+0000][15.836s][debug][safepoint     ] Waiting for 1 thread(s) to block
[2022-02-04T14:44:50.672+0000][15.836s][info ][safepoint     ] Entering safepoint region: G1CollectForAllocation
[2022-02-04T14:44:50.672+0000][15.836s][info ][gc,start      ] GC(26) Pause Young (Normal) (G1 Evacuation Pause)
[2022-02-04T14:44:50.672+0000][15.836s][info ][gc,task       ] GC(26) Using 4 workers of 4 for evacuation
[2022-02-04T14:44:50.698+0000][15.861s][info ][gc,phases     ] GC(26)   Pre Evacuate Collection Set: 0.0ms
[2022-02-04T14:44:50.698+0000][15.861s][info ][gc,phases     ] GC(26)   Evacuate Collection Set: 23.3ms
[2022-02-04T14:44:50.698+0000][15.861s][info ][gc,phases     ] GC(26)   Post Evacuate Collection Set: 2.1ms
[2022-02-04T14:44:50.698+0000][15.861s][info ][gc,phases     ] GC(26)   Other: 0.2ms
[2022-02-04T14:44:50.698+0000][15.861s][info ][gc,heap       ] GC(26) Eden regions: 218->0(215)
[2022-02-04T14:44:50.698+0000][15.861s][info ][gc,heap       ] GC(26) Survivor regions: 11->14(29)
[2022-02-04T14:44:50.698+0000][15.861s][info ][gc,heap       ] GC(26) Old regions: 20->20
[2022-02-04T14:44:50.698+0000][15.861s][info ][gc,heap       ] GC(26) Humongous regions: 0->0
[2022-02-04T14:44:50.698+0000][15.861s][info ][gc,metaspace  ] GC(26) Metaspace: 48417K->48417K(1093632K)
[2022-02-04T14:44:50.698+0000][15.861s][info ][gc            ] GC(26) Pause Young (Normal) (G1 Evacuation Pause) 247M->31M(382M) 25.699ms
[2022-02-04T14:44:50.698+0000][15.861s][info ][gc,cpu        ] GC(26) User=0.09s Sys=0.00s Real=0.03s
[2022-02-04T14:44:50.698+0000][15.861s][info ][safepoint     ] Leaving safepoint region
[2022-02-04T14:44:50.698+0000][15.861s][info ][safepoint     ] Total time for which application threads were stopped: 0.0258599 seconds, Stopping threads took: 0.0000300 seconds
[2022-02-04T14:44:50.699+0000][15.862s][info ][gc,stringdedup] Concurrent String Deduplication (15.862s)
[2022-02-04T14:44:50.699+0000][15.862s][info ][gc,stringdedup] Concurrent String Deduplication 12936.0B->2640.0B(10296.0B) avg 42.9% (15.862s, 15.862s) 0.122ms
[2022-02-04T14:44:51.700+0000][16.863s][debug][safepoint     ] Safepoint synchronization initiated. (12 threads)
[2022-02-04T14:44:51.700+0000][16.863s][info ][safepoint     ] Application time: 1.0016978 seconds
[2022-02-04T14:44:51.700+0000][16.863s][info ][safepoint     ] Entering safepoint region: Cleanup
[2022-02-04T14:44:51.700+0000][16.863s][info ][safepoint     ] Leaving safepoint region
[2022-02-04T14:44:51.700+0000][16.863s][info ][safepoint     ] Total time for which application threads were stopped: 0.0001576 seconds, Stopping threads took: 0.0000103 seconds
[2022-02-04T14:44:52.595+0000][17.759s][debug][safepoint     ] Safepoint synchronization initiated. (12 threads)
[2022-02-04T14:44:52.595+0000][17.759s][info ][safepoint     ] Application time: 0.8955315 seconds
[2022-02-04T14:44:52.595+0000][17.759s][info ][safepoint     ] Entering safepoint region: Deoptimize
[2022-02-04T14:44:52.596+0000][17.759s][info ][safepoint     ] Leaving safepoint region
[2022-02-04T14:44:52.596+0000][17.759s][info ][safepoint     ] Total time for which application threads were stopped: 0.0006056 seconds, Stopping threads took: 0.0000093 seconds
[2022-02-04T14:44:52.631+0000][17.794s][debug][safepoint     ] Safepoint synchronization initiated. (12 threads)
[2022-02-04T14:44:52.631+0000][17.794s][info ][safepoint     ] Application time: 0.0346135 seconds
[2022-02-04T14:44:52.631+0000][17.794s][info ][safepoint     ] Entering safepoint region: G1CollectForAllocation
[2022-02-04T14:44:52.631+0000][17.794s][info ][gc,start      ] GC(27) Pause Young (Normal) (G1 Evacuation Pause)
[2022-02-04T14:44:52.631+0000][17.794s][info ][gc,task       ] GC(27) Using 4 workers of 4 for evacuation
[2022-02-04T14:44:52.664+0000][17.827s][info ][gc,phases     ] GC(27)   Pre Evacuate Collection Set: 0.0ms
[2022-02-04T14:44:52.664+0000][17.827s][info ][gc,phases     ] GC(27)   Evacuate Collection Set: 24.0ms
[2022-02-04T14:44:52.664+0000][17.827s][info ][gc,phases     ] GC(27)   Post Evacuate Collection Set: 9.1ms
[2022-02-04T14:44:52.664+0000][17.827s][info ][gc,phases     ] GC(27)   Other: 0.2ms
[2022-02-04T14:44:52.664+0000][17.827s][info ][gc,heap       ] GC(27) Eden regions: 215->0(214)
[2022-02-04T14:44:52.664+0000][17.827s][info ][gc,heap       ] GC(27) Survivor regions: 14->15(29)
[2022-02-04T14:44:52.664+0000][17.828s][info ][gc,heap       ] GC(27) Old regions: 20->20
[2022-02-04T14:44:52.664+0000][17.828s][info ][gc,heap       ] GC(27) Humongous regions: 0->0
[2022-02-04T14:44:52.664+0000][17.828s][info ][gc,metaspace  ] GC(27) Metaspace: 54377K->54377K(1097728K)
[2022-02-04T14:44:52.664+0000][17.828s][info ][gc            ] GC(27) Pause Young (Normal) (G1 Evacuation Pause) 246M->33M(382M) 33.395ms
[2022-02-04T14:44:52.664+0000][17.828s][info ][gc,cpu        ] GC(27) User=0.10s Sys=0.00s Real=0.04s
[2022-02-04T14:44:52.664+0000][17.828s][info ][safepoint     ] Leaving safepoint region
[2022-02-04T14:44:52.664+0000][17.828s][info ][safepoint     ] Total time for which application threads were stopped: 0.0335188 seconds, Stopping threads took: 0.0000095 seconds
[2022-02-04T14:44:52.665+0000][17.828s][info ][gc,stringdedup] Concurrent String Deduplication (17.828s)
[2022-02-04T14:44:52.666+0000][17.830s][info ][gc,stringdedup] Concurrent String Deduplication 238.5K->123.3K(115.3K) avg 43.1% (17.828s, 17.830s) 1.702ms
[2022-02-04T14:44:53.196+0000][18.360s][debug][safepoint     ] Safepoint synchronization initiated. (12 threads)
[2022-02-04T14:44:53.196+0000][18.360s][info ][safepoint     ] Application time: 0.5323290 seconds
[2022-02-04T14:44:53.196+0000][18.360s][debug][safepoint     ] Waiting for 1 thread(s) to block
[2022-02-04T14:44:53.197+0000][18.360s][info ][safepoint     ] Entering safepoint region: ICBufferFull
[2022-02-04T14:44:53.197+0000][18.360s][info ][safepoint     ] Leaving safepoint region
[2022-02-04T14:44:53.197+0000][18.360s][info ][safepoint     ] Total time for which application threads were stopped: 0.0002562 seconds, Stopping threads took: 0.0000287 seconds
[2022-02-04T14:44:53.818+0000][18.982s][debug][safepoint     ] Safepoint synchronization initiated. (12 threads)
[2022-02-04T14:44:53.818+0000][18.982s][info ][safepoint     ] Application time: 0.6216582 seconds
[2022-02-04T14:44:53.818+0000][18.982s][info ][safepoint     ] Entering safepoint region: G1CollectForAllocation
[2022-02-04T14:44:53.819+0000][18.982s][info ][gc,start      ] GC(28) Pause Young (Normal) (G1 Evacuation Pause)
[2022-02-04T14:44:53.819+0000][18.982s][info ][gc,task       ] GC(28) Using 4 workers of 4 for evacuation
[2022-02-04T14:44:53.843+0000][19.007s][info ][gc,phases     ] GC(28)   Pre Evacuate Collection Set: 0.0ms
[2022-02-04T14:44:53.843+0000][19.007s][info ][gc,phases     ] GC(28)   Evacuate Collection Set: 21.4ms
[2022-02-04T14:44:53.843+0000][19.007s][info ][gc,phases     ] GC(28)   Post Evacuate Collection Set: 3.2ms
[2022-02-04T14:44:53.843+0000][19.007s][info ][gc,phases     ] GC(28)   Other: 0.1ms
[2022-02-04T14:44:53.843+0000][19.007s][info ][gc,heap       ] GC(28) Eden regions: 214->0(213)
[2022-02-04T14:44:53.843+0000][19.007s][info ][gc,heap       ] GC(28) Survivor regions: 15->16(29)
[2022-02-04T14:44:53.843+0000][19.007s][info ][gc,heap       ] GC(28) Old regions: 20->21
[2022-02-04T14:44:53.843+0000][19.007s][info ][gc,heap       ] GC(28) Humongous regions: 0->0
[2022-02-04T14:44:53.843+0000][19.007s][info ][gc,metaspace  ] GC(28) Metaspace: 58843K->58843K(1101824K)
[2022-02-04T14:44:53.843+0000][19.007s][info ][gc            ] GC(28) Pause Young (Normal) (G1 Evacuation Pause) 247M->34M(382M) 24.927ms
[2022-02-04T14:44:53.844+0000][19.007s][info ][gc,cpu        ] GC(28) User=0.05s Sys=0.00s Real=0.02s
[2022-02-04T14:44:53.844+0000][19.007s][info ][safepoint     ] Leaving safepoint region
[2022-02-04T14:44:53.844+0000][19.007s][info ][safepoint     ] Total time for which application threads were stopped: 0.0251228 seconds, Stopping threads took: 0.0000099 seconds
[2022-02-04T14:44:53.844+0000][19.007s][info ][gc,stringdedup] Concurrent String Deduplication (19.007s)
[2022-02-04T14:44:53.848+0000][19.011s][info ][gc,stringdedup] Concurrent String Deduplication 202.5K->66528.0B(137.5K) avg 43.7% (19.007s, 19.011s) 3.650ms
[2022-02-04T14:44:54.120+0000][19.283s][debug][safepoint     ] Safepoint synchronization initiated. (12 threads)
[2022-02-04T14:44:54.120+0000][19.283s][info ][safepoint     ] Application time: 0.2760186 seconds
[2022-02-04T14:44:54.120+0000][19.283s][info ][safepoint     ] Entering safepoint region: ICBufferFull
[2022-02-04T14:44:54.120+0000][19.283s][info ][safepoint     ] Leaving safepoint region
[2022-02-04T14:44:54.120+0000][19.283s][info ][safepoint     ] Total time for which application threads were stopped: 0.0001711 seconds, Stopping threads took: 0.0000099 seconds
[2022-02-04T14:44:54.250+0000][19.414s][debug][safepoint     ] Safepoint synchronization initiated. (12 threads)
[2022-02-04T14:44:54.250+0000][19.414s][info ][safepoint     ] Application time: 0.1304521 seconds
[2022-02-04T14:44:54.250+0000][19.414s][debug][safepoint     ] Waiting for 1 thread(s) to block
[2022-02-04T14:44:54.250+0000][19.414s][info ][safepoint     ] Entering safepoint region: ICBufferFull
[2022-02-04T14:44:54.250+0000][19.414s][info ][safepoint     ] Leaving safepoint region
[2022-02-04T14:44:54.250+0000][19.414s][info ][safepoint     ] Total time for which application threads were stopped: 0.0001794 seconds, Stopping threads took: 0.0000371 seconds
[2022-02-04T14:44:54.478+0000][19.641s][debug][safepoint     ] Safepoint synchronization initiated. (12 threads)
[2022-02-04T14:44:54.478+0000][19.641s][info ][safepoint     ] Application time: 0.2271962 seconds
[2022-02-04T14:44:54.478+0000][19.641s][info ][safepoint     ] Entering safepoint region: ICBufferFull
[2022-02-04T14:44:54.478+0000][19.641s][info ][safepoint     ] Leaving safepoint region
[2022-02-04T14:44:54.478+0000][19.641s][info ][safepoint     ] Total time for which application threads were stopped: 0.0001783 seconds, Stopping threads took: 0.0000102 seconds
[2022-02-04T14:44:54.942+0000][20.106s][debug][safepoint     ] Safepoint synchronization initiated. (12 threads)
[2022-02-04T14:44:54.942+0000][20.106s][info ][safepoint     ] Application time: 0.4646297 seconds
[2022-02-04T14:44:54.942+0000][20.106s][info ][safepoint     ] Entering safepoint region: ICBufferFull
[2022-02-04T14:44:54.943+0000][20.106s][info ][safepoint     ] Leaving safepoint region
[2022-02-04T14:44:54.943+0000][20.106s][info ][safepoint     ] Total time for which application threads were stopped: 0.0001455 seconds, Stopping threads took: 0.0000095 seconds
[2022-02-04T14:44:55.261+0000][20.424s][debug][safepoint     ] Safepoint synchronization initiated. (12 threads)
[2022-02-04T14:44:55.261+0000][20.424s][info ][safepoint     ] Application time: 0.3179634 seconds
[2022-02-04T14:44:55.261+0000][20.424s][debug][safepoint     ] Waiting for 1 thread(s) to block
[2022-02-04T14:44:55.261+0000][20.424s][info ][safepoint     ] Entering safepoint region: G1CollectForAllocation
[2022-02-04T14:44:55.261+0000][20.424s][info ][gc,start      ] GC(29) Pause Young (Normal) (G1 Evacuation Pause)
[2022-02-04T14:44:55.261+0000][20.424s][info ][gc,task       ] GC(29) Using 4 workers of 4 for evacuation
[2022-02-04T14:44:55.287+0000][20.451s][info ][gc,phases     ] GC(29)   Pre Evacuate Collection Set: 0.0ms
[2022-02-04T14:44:55.287+0000][20.451s][info ][gc,phases     ] GC(29)   Evacuate Collection Set: 23.5ms
[2022-02-04T14:44:55.287+0000][20.451s][info ][gc,phases     ] GC(29)   Post Evacuate Collection Set: 2.9ms
[2022-02-04T14:44:55.287+0000][20.451s][info ][gc,phases     ] GC(29)   Other: 0.1ms
[2022-02-04T14:44:55.287+0000][20.451s][info ][gc,heap       ] GC(29) Eden regions: 213->0(213)
[2022-02-04T14:44:55.287+0000][20.451s][info ][gc,heap       ] GC(29) Survivor regions: 16->16(29)
[2022-02-04T14:44:55.287+0000][20.451s][info ][gc,heap       ] GC(29) Old regions: 21->22
[2022-02-04T14:44:55.287+0000][20.451s][info ][gc,heap       ] GC(29) Humongous regions: 0->0
[2022-02-04T14:44:55.287+0000][20.451s][info ][gc,metaspace  ] GC(29) Metaspace: 63228K->63228K(1105920K)
[2022-02-04T14:44:55.287+0000][20.451s][info ][gc            ] GC(29) Pause Young (Normal) (G1 Evacuation Pause) 247M->36M(382M) 26.683ms
[2022-02-04T14:44:55.288+0000][20.451s][info ][gc,cpu        ] GC(29) User=0.07s Sys=0.00s Real=0.03s
[2022-02-04T14:44:55.288+0000][20.451s][info ][safepoint     ] Leaving safepoint region
[2022-02-04T14:44:55.288+0000][20.451s][info ][safepoint     ] Total time for which application threads were stopped: 0.0270015 seconds, Stopping threads took: 0.0000717 seconds
[2022-02-04T14:44:55.288+0000][20.451s][info ][gc,stringdedup] Concurrent String Deduplication (20.451s)
[2022-02-04T14:44:55.289+0000][20.452s][info ][gc,stringdedup] Concurrent String Deduplication 119.2K->22928.0B(99168.0B) avg 44.3% (20.451s, 20.452s) 1.213ms
[2022-02-04T14:44:55.364+0000][20.528s][debug][safepoint     ] Safepoint synchronization initiated. (12 threads)
[2022-02-04T14:44:55.364+0000][20.528s][info ][safepoint     ] Application time: 0.0769047 seconds
[2022-02-04T14:44:55.365+0000][20.528s][info ][safepoint     ] Entering safepoint region: Deoptimize
[2022-02-04T14:44:55.365+0000][20.529s][info ][safepoint     ] Leaving safepoint region
[2022-02-04T14:44:55.365+0000][20.529s][info ][safepoint     ] Total time for which application threads were stopped: 0.0006723 seconds, Stopping threads took: 0.0000096 seconds
[2022-02-04T14:44:55.844+0000][21.008s][debug][safepoint     ] Safepoint synchronization initiated. (12 threads)
[2022-02-04T14:44:55.844+0000][21.008s][info ][safepoint     ] Application time: 0.4789937 seconds
[2022-02-04T14:44:55.844+0000][21.008s][debug][safepoint     ] Waiting for 1 thread(s) to block
[2022-02-04T14:44:55.844+0000][21.008s][info ][safepoint     ] Entering safepoint region: ICBufferFull
[2022-02-04T14:44:55.844+0000][21.008s][info ][safepoint     ] Leaving safepoint region
[2022-02-04T14:44:55.844+0000][21.008s][info ][safepoint     ] Total time for which application threads were stopped: 0.0002409 seconds, Stopping threads took: 0.0000317 seconds
[2022-02-04T14:44:55.970+0000][21.133s][debug][safepoint     ] Safepoint synchronization initiated. (12 threads)
[2022-02-04T14:44:55.970+0000][21.133s][info ][safepoint     ] Application time: 0.1255477 seconds
[2022-02-04T14:44:55.970+0000][21.133s][debug][safepoint     ] Waiting for 1 thread(s) to block
[2022-02-04T14:44:55.970+0000][21.133s][info ][safepoint     ] Entering safepoint region: Deoptimize
[2022-02-04T14:44:55.971+0000][21.134s][info ][safepoint     ] Leaving safepoint region
[2022-02-04T14:44:55.971+0000][21.134s][info ][safepoint     ] Total time for which application threads were stopped: 0.0009438 seconds, Stopping threads took: 0.0000296 seconds
[2022-02-04T14:44:56.193+0000][21.357s][debug][safepoint     ] Safepoint synchronization initiated. (12 threads)
[2022-02-04T14:44:56.193+0000][21.357s][info ][safepoint     ] Application time: 0.2222178 seconds
[2022-02-04T14:44:56.193+0000][21.357s][info ][safepoint     ] Entering safepoint region: Deoptimize
[2022-02-04T14:44:56.194+0000][21.357s][info ][safepoint     ] Leaving safepoint region
[2022-02-04T14:44:56.194+0000][21.357s][info ][safepoint     ] Total time for which application threads were stopped: 0.0006746 seconds, Stopping threads took: 0.0000096 seconds
[2022-02-04T14:44:56.442+0000][21.605s][debug][safepoint     ] Safepoint synchronization initiated. (12 threads)
[2022-02-04T14:44:56.442+0000][21.606s][info ][safepoint     ] Application time: 0.2482045 seconds
[2022-02-04T14:44:56.442+0000][21.606s][info ][safepoint     ] Entering safepoint region: ICBufferFull
[2022-02-04T14:44:56.442+0000][21.606s][info ][safepoint     ] Leaving safepoint region
[2022-02-04T14:44:56.442+0000][21.606s][info ][safepoint     ] Total time for which application threads were stopped: 0.0001940 seconds, Stopping threads took: 0.0000099 seconds
[2022-02-04T14:44:56.711+0000][21.875s][debug][safepoint     ] Safepoint synchronization initiated. (12 threads)
[2022-02-04T14:44:56.712+0000][21.875s][info ][safepoint     ] Application time: 0.2692273 seconds
[2022-02-04T14:44:56.712+0000][21.875s][debug][safepoint     ] Waiting for 1 thread(s) to block
[2022-02-04T14:44:56.712+0000][21.875s][info ][safepoint     ] Entering safepoint region: ICBufferFull
[2022-02-04T14:44:56.712+0000][21.875s][info ][safepoint     ] Leaving safepoint region
[2022-02-04T14:44:56.712+0000][21.875s][info ][safepoint     ] Total time for which application threads were stopped: 0.0002201 seconds, Stopping threads took: 0.0000294 seconds
[2022-02-04T14:44:57.230+0000][22.393s][debug][safepoint     ] Safepoint synchronization initiated. (12 threads)
[2022-02-04T14:44:57.230+0000][22.393s][info ][safepoint     ] Application time: 0.5179524 seconds
[2022-02-04T14:44:57.230+0000][22.393s][debug][safepoint     ] Waiting for 1 thread(s) to block
[2022-02-04T14:44:57.230+0000][22.393s][info ][safepoint     ] Entering safepoint region: ICBufferFull
[2022-02-04T14:44:57.230+0000][22.393s][info ][safepoint     ] Leaving safepoint region
[2022-02-04T14:44:57.230+0000][22.393s][info ][safepoint     ] Total time for which application threads were stopped: 0.0001780 seconds, Stopping threads took: 0.0000457 seconds
[2022-02-04T14:44:57.402+0000][22.565s][debug][safepoint     ] Safepoint synchronization initiated. (12 threads)
[2022-02-04T14:44:57.402+0000][22.565s][info ][safepoint     ] Application time: 0.1717829 seconds
[2022-02-04T14:44:57.402+0000][22.565s][info ][safepoint     ] Entering safepoint region: G1CollectForAllocation
[2022-02-04T14:44:57.402+0000][22.565s][info ][gc,start      ] GC(30) Pause Young (Normal) (G1 Evacuation Pause)
[2022-02-04T14:44:57.402+0000][22.565s][info ][gc,task       ] GC(30) Using 4 workers of 4 for evacuation
[2022-02-04T14:44:57.446+0000][22.610s][info ][gc,phases     ] GC(30)   Pre Evacuate Collection Set: 0.0ms
[2022-02-04T14:44:57.446+0000][22.610s][info ][gc,phases     ] GC(30)   Evacuate Collection Set: 39.2ms
[2022-02-04T14:44:57.446+0000][22.610s][info ][gc,phases     ] GC(30)   Post Evacuate Collection Set: 5.0ms
[2022-02-04T14:44:57.446+0000][22.610s][info ][gc,phases     ] GC(30)   Other: 0.2ms
[2022-02-04T14:44:57.446+0000][22.610s][info ][gc,heap       ] GC(30) Eden regions: 213->0(209)
[2022-02-04T14:44:57.446+0000][22.610s][info ][gc,heap       ] GC(30) Survivor regions: 16->20(29)
[2022-02-04T14:44:57.446+0000][22.610s][info ][gc,heap       ] GC(30) Old regions: 22->23
[2022-02-04T14:44:57.446+0000][22.610s][info ][gc,heap       ] GC(30) Humongous regions: 0->0
[2022-02-04T14:44:57.446+0000][22.610s][info ][gc,metaspace  ] GC(30) Metaspace: 68508K->68508K(1110016K)
[2022-02-04T14:44:57.446+0000][22.610s][info ][gc            ] GC(30) Pause Young (Normal) (G1 Evacuation Pause) 249M->40M(382M) 44.531ms
[2022-02-04T14:44:57.446+0000][22.610s][info ][gc,cpu        ] GC(30) User=0.13s Sys=0.00s Real=0.05s
[2022-02-04T14:44:57.446+0000][22.610s][info ][safepoint     ] Leaving safepoint region
[2022-02-04T14:44:57.446+0000][22.610s][info ][safepoint     ] Total time for which application threads were stopped: 0.0446928 seconds, Stopping threads took: 0.0000096 seconds
[2022-02-04T14:44:57.447+0000][22.610s][info ][gc,stringdedup] Concurrent String Deduplication (22.610s)
[2022-02-04T14:44:57.448+0000][22.611s][info ][gc,stringdedup] Concurrent String Deduplication 158.1K->38976.0B(120.1K) avg 44.9% (22.610s, 22.611s) 1.135ms
[2022-02-04T14:44:57.891+0000][23.054s][debug][safepoint     ] Safepoint synchronization initiated. (13 threads)
[2022-02-04T14:44:57.891+0000][23.054s][info ][safepoint     ] Application time: 0.4446271 seconds
[2022-02-04T14:44:57.891+0000][23.054s][debug][safepoint     ] Waiting for 1 thread(s) to block
[2022-02-04T14:44:57.891+0000][23.054s][info ][safepoint     ] Entering safepoint region: ICBufferFull
[2022-02-04T14:44:57.891+0000][23.055s][info ][safepoint     ] Leaving safepoint region
[2022-02-04T14:44:57.891+0000][23.055s][info ][safepoint     ] Total time for which application threads were stopped: 0.0001589 seconds, Stopping threads took: 0.0000279 seconds
[2022-02-04T14:44:58.028+0000][23.191s][debug][safepoint     ] Safepoint synchronization initiated. (13 threads)
[2022-02-04T14:44:58.028+0000][23.192s][info ][safepoint     ] Application time: 0.1368652 seconds
[2022-02-04T14:44:58.028+0000][23.192s][info ][safepoint     ] Entering safepoint region: ICBufferFull
[2022-02-04T14:44:58.028+0000][23.192s][info ][safepoint     ] Leaving safepoint region
[2022-02-04T14:44:58.028+0000][23.192s][info ][safepoint     ] Total time for which application threads were stopped: 0.0001563 seconds, Stopping threads took: 0.0000101 seconds
[2022-02-04T14:44:58.248+0000][23.412s][debug][safepoint     ] Safepoint synchronization initiated. (13 threads)
[2022-02-04T14:44:58.248+0000][23.412s][info ][safepoint     ] Application time: 0.2200226 seconds
[2022-02-04T14:44:58.248+0000][23.412s][debug][safepoint     ] Waiting for 1 thread(s) to block
[2022-02-04T14:44:58.248+0000][23.412s][info ][safepoint     ] Entering safepoint region: ICBufferFull
[2022-02-04T14:44:58.248+0000][23.412s][info ][safepoint     ] Leaving safepoint region
[2022-02-04T14:44:58.248+0000][23.412s][info ][safepoint     ] Total time for which application threads were stopped: 0.0001692 seconds, Stopping threads took: 0.0000283 seconds
[2022-02-04T14:44:58.901+0000][24.064s][debug][safepoint     ] Safepoint synchronization initiated. (13 threads)
[2022-02-04T14:44:58.901+0000][24.064s][info ][safepoint     ] Application time: 0.6521850 seconds
[2022-02-04T14:44:58.901+0000][24.064s][info ][safepoint     ] Entering safepoint region: ICBufferFull
[2022-02-04T14:44:58.901+0000][24.064s][info ][safepoint     ] Leaving safepoint region
[2022-02-04T14:44:58.901+0000][24.064s][info ][safepoint     ] Total time for which application threads were stopped: 0.0001605 seconds, Stopping threads took: 0.0000100 seconds
[2022-02-04T14:44:59.676+0000][24.839s][debug][safepoint     ] Safepoint synchronization initiated. (13 threads)
[2022-02-04T14:44:59.676+0000][24.839s][info ][safepoint     ] Application time: 0.7747974 seconds
[2022-02-04T14:44:59.676+0000][24.839s][info ][safepoint     ] Entering safepoint region: Deoptimize
[2022-02-04T14:44:59.677+0000][24.840s][info ][safepoint     ] Leaving safepoint region
[2022-02-04T14:44:59.677+0000][24.840s][info ][safepoint     ] Total time for which application threads were stopped: 0.0009569 seconds, Stopping threads took: 0.0000112 seconds
[2022-02-04T14:44:59.893+0000][25.057s][debug][safepoint     ] Safepoint synchronization initiated. (13 threads)
[2022-02-04T14:44:59.894+0000][25.057s][info ][safepoint     ] Application time: 0.2169104 seconds
[2022-02-04T14:44:59.894+0000][25.057s][debug][safepoint     ] Waiting for 1 thread(s) to block
[2022-02-04T14:44:59.894+0000][25.057s][info ][safepoint     ] Entering safepoint region: Deoptimize
[2022-02-04T14:44:59.894+0000][25.058s][info ][safepoint     ] Leaving safepoint region
[2022-02-04T14:44:59.894+0000][25.058s][info ][safepoint     ] Total time for which application threads were stopped: 0.0008272 seconds, Stopping threads took: 0.0000307 seconds
[2022-02-04T14:44:59.896+0000][25.060s][debug][safepoint     ] Safepoint synchronization initiated. (13 threads)
[2022-02-04T14:44:59.896+0000][25.060s][info ][safepoint     ] Application time: 0.0020653 seconds
[2022-02-04T14:44:59.896+0000][25.060s][debug][safepoint     ] Waiting for 1 thread(s) to block
[2022-02-04T14:44:59.896+0000][25.060s][info ][safepoint     ] Entering safepoint region: G1CollectForAllocation
[2022-02-04T14:44:59.897+0000][25.060s][info ][gc,start      ] GC(31) Pause Young (Normal) (G1 Evacuation Pause)
[2022-02-04T14:44:59.897+0000][25.060s][info ][gc,task       ] GC(31) Using 4 workers of 4 for evacuation
[2022-02-04T14:44:59.952+0000][25.116s][info ][gc,phases     ] GC(31)   Pre Evacuate Collection Set: 0.0ms
[2022-02-04T14:44:59.952+0000][25.116s][info ][gc,phases     ] GC(31)   Evacuate Collection Set: 52.6ms
[2022-02-04T14:44:59.952+0000][25.116s][info ][gc,phases     ] GC(31)   Post Evacuate Collection Set: 2.8ms
[2022-02-04T14:44:59.952+0000][25.116s][info ][gc,phases     ] GC(31)   Other: 0.1ms
[2022-02-04T14:44:59.952+0000][25.116s][info ][gc,heap       ] GC(31) Eden regions: 209->0(208)
[2022-02-04T14:44:59.952+0000][25.116s][info ][gc,heap       ] GC(31) Survivor regions: 20->21(29)
[2022-02-04T14:44:59.952+0000][25.116s][info ][gc,heap       ] GC(31) Old regions: 23->30
[2022-02-04T14:44:59.952+0000][25.116s][info ][gc,heap       ] GC(31) Humongous regions: 0->0
[2022-02-04T14:44:59.952+0000][25.116s][info ][gc,metaspace  ] GC(31) Metaspace: 71430K->71430K(1112064K)
[2022-02-04T14:44:59.952+0000][25.116s][info ][gc            ] GC(31) Pause Young (Normal) (G1 Evacuation Pause) 249M->48M(382M) 55.679ms
[2022-02-04T14:44:59.952+0000][25.116s][info ][gc,cpu        ] GC(31) User=0.10s Sys=0.00s Real=0.05s
[2022-02-04T14:44:59.952+0000][25.116s][info ][safepoint     ] Leaving safepoint region
[2022-02-04T14:44:59.952+0000][25.116s][info ][safepoint     ] Total time for which application threads were stopped: 0.0558309 seconds, Stopping threads took: 0.0000280 seconds
[2022-02-04T14:44:59.953+0000][25.117s][info ][gc,stringdedup] Concurrent String Deduplication (25.117s)
[2022-02-04T14:44:59.955+0000][25.118s][info ][gc,stringdedup] Concurrent String Deduplication 234.6K->148.1K(88624.0B) avg 44.7% (25.117s, 25.118s) 1.256ms
[2022-02-04T14:45:00.764+0000][25.928s][debug][safepoint     ] Safepoint synchronization initiated. (22 threads)
[2022-02-04T14:45:00.764+0000][25.928s][info ][safepoint     ] Application time: 0.8121122 seconds
[2022-02-04T14:45:00.764+0000][25.928s][debug][safepoint     ] Waiting for 1 thread(s) to block
[2022-02-04T14:45:00.776+0000][25.939s][info ][safepoint     ] Entering safepoint region: Deoptimize
[2022-02-04T14:45:00.777+0000][25.940s][info ][safepoint     ] Leaving safepoint region
[2022-02-04T14:45:00.777+0000][25.940s][info ][safepoint     ] Total time for which application threads were stopped: 0.0122017 seconds, Stopping threads took: 0.0112963 seconds
[2022-02-04T14:45:00.778+0000][25.941s][debug][safepoint     ] Safepoint synchronization initiated. (22 threads)
[2022-02-04T14:45:00.778+0000][25.941s][info ][safepoint     ] Application time: 0.0012165 seconds
[2022-02-04T14:45:00.778+0000][25.941s][debug][safepoint     ] Waiting for 1 thread(s) to block
[2022-02-04T14:45:00.778+0000][25.941s][info ][safepoint     ] Entering safepoint region: Deoptimize
[2022-02-04T14:45:00.779+0000][25.942s][info ][safepoint     ] Leaving safepoint region
[2022-02-04T14:45:00.779+0000][25.942s][info ][safepoint     ] Total time for which application threads were stopped: 0.0007282 seconds, Stopping threads took: 0.0000270 seconds
[2022-02-04T14:45:00.806+0000][25.969s][debug][safepoint     ] Safepoint synchronization initiated. (22 threads)
[2022-02-04T14:45:00.806+0000][25.969s][info ][safepoint     ] Application time: 0.0271415 seconds
[2022-02-04T14:45:00.806+0000][25.969s][debug][safepoint     ] Waiting for 1 thread(s) to block
[2022-02-04T14:45:00.806+0000][25.969s][info ][safepoint     ] Entering safepoint region: Deoptimize
[2022-02-04T14:45:00.807+0000][25.970s][info ][safepoint     ] Leaving safepoint region
[2022-02-04T14:45:00.807+0000][25.970s][info ][safepoint     ] Total time for which application threads were stopped: 0.0008889 seconds, Stopping threads took: 0.0000298 seconds
[2022-02-04T14:45:01.203+0000][26.366s][debug][safepoint     ] Safepoint synchronization initiated. (22 threads)
[2022-02-04T14:45:01.203+0000][26.366s][info ][safepoint     ] Application time: 0.3962215 seconds
[2022-02-04T14:45:01.203+0000][26.366s][debug][safepoint     ] ... found polling page return exception at pc = 0x00007fd9c8713822, stub =0x00007fd9c08beb80
[2022-02-04T14:45:01.203+0000][26.366s][debug][safepoint     ] Waiting for 3 thread(s) to block
[2022-02-04T14:45:01.203+0000][26.366s][info ][safepoint     ] Entering safepoint region: ICBufferFull
[2022-02-04T14:45:01.203+0000][26.367s][info ][safepoint     ] Leaving safepoint region
[2022-02-04T14:45:01.203+0000][26.367s][info ][safepoint     ] Total time for which application threads were stopped: 0.0003906 seconds, Stopping threads took: 0.0002002 seconds
[2022-02-04T14:45:01.332+0000][26.495s][debug][safepoint     ] Safepoint synchronization initiated. (22 threads)
[2022-02-04T14:45:01.332+0000][26.495s][info ][safepoint     ] Application time: 0.1286298 seconds
[2022-02-04T14:45:01.332+0000][26.495s][debug][safepoint     ] ... found polling page return exception at pc = 0x00007fd9c89a0d9b, stub =0x00007fd9c08beb80
[2022-02-04T14:45:01.332+0000][26.495s][debug][safepoint     ] Waiting for 1 thread(s) to block
[2022-02-04T14:45:01.336+0000][26.499s][info ][safepoint     ] Entering safepoint region: CollectForMetadataAllocation
[2022-02-04T14:45:01.336+0000][26.499s][info ][gc,start      ] GC(32) Pause Young (Concurrent Start) (Metadata GC Threshold)
[2022-02-04T14:45:01.336+0000][26.499s][info ][gc,task       ] GC(32) Using 4 workers of 4 for evacuation
[2022-02-04T14:45:01.413+0000][26.576s][info ][gc,phases     ] GC(32)   Pre Evacuate Collection Set: 0.2ms
[2022-02-04T14:45:01.413+0000][26.576s][info ][gc,phases     ] GC(32)   Evacuate Collection Set: 72.7ms
[2022-02-04T14:45:01.413+0000][26.576s][info ][gc,phases     ] GC(32)   Post Evacuate Collection Set: 3.9ms
[2022-02-04T14:45:01.413+0000][26.576s][info ][gc,phases     ] GC(32)   Other: 0.2ms
[2022-02-04T14:45:01.413+0000][26.576s][info ][gc,heap       ] GC(32) Eden regions: 93->0(250)
[2022-02-04T14:45:01.413+0000][26.576s][info ][gc,heap       ] GC(32) Survivor regions: 21->17(29)
[2022-02-04T14:45:01.413+0000][26.576s][info ][gc,heap       ] GC(32) Old regions: 30->36
[2022-02-04T14:45:01.413+0000][26.576s][info ][gc,heap       ] GC(32) Humongous regions: 0->0
[2022-02-04T14:45:01.413+0000][26.576s][info ][gc,metaspace  ] GC(32) Metaspace: 73300K->73300K(1114112K)
[2022-02-04T14:45:01.413+0000][26.576s][info ][gc            ] GC(32) Pause Young (Concurrent Start) (Metadata GC Threshold) 140M->51M(446M) 77.113ms
[2022-02-04T14:45:01.413+0000][26.576s][info ][gc,cpu        ] GC(32) User=0.15s Sys=0.01s Real=0.07s
[2022-02-04T14:45:01.413+0000][26.576s][info ][gc            ] GC(33) Concurrent Cycle
[2022-02-04T14:45:01.413+0000][26.576s][info ][gc,marking    ] GC(33) Concurrent Clear Claimed Marks
[2022-02-04T14:45:01.413+0000][26.577s][info ][gc,marking    ] GC(33) Concurrent Clear Claimed Marks 0.136ms
[2022-02-04T14:45:01.413+0000][26.577s][info ][gc,marking    ] GC(33) Concurrent Scan Root Regions
[2022-02-04T14:45:01.416+0000][26.579s][info ][safepoint     ] Leaving safepoint region
[2022-02-04T14:45:01.416+0000][26.579s][info ][safepoint     ] Total time for which application threads were stopped: 0.0837060 seconds, Stopping threads took: 0.0037946 seconds
[2022-02-04T14:45:01.419+0000][26.582s][info ][gc,stringdedup] Concurrent String Deduplication (26.582s)
[2022-02-04T14:45:01.431+0000][26.595s][info ][gc,marking    ] GC(33) Concurrent Scan Root Regions 18.154ms
[2022-02-04T14:45:01.431+0000][26.595s][info ][gc,marking    ] GC(33) Concurrent Mark (26.595s)
[2022-02-04T14:45:01.431+0000][26.595s][info ][gc,marking    ] GC(33) Concurrent Mark From Roots
[2022-02-04T14:45:01.431+0000][26.595s][info ][gc,task       ] GC(33) Using 1 workers of 1 for marking
[2022-02-04T14:45:01.440+0000][26.603s][info ][gc,stringdedup] Concurrent String Deduplication 566.4K->171.6K(394.8K) avg 46.4% (26.582s, 26.603s) 20.778ms
[2022-02-04T14:45:01.509+0000][26.672s][info ][gc,marking    ] GC(33) Concurrent Mark From Roots 77.521ms
[2022-02-04T14:45:01.509+0000][26.672s][info ][gc,marking    ] GC(33) Concurrent Preclean
[2022-02-04T14:45:01.509+0000][26.672s][info ][gc,marking    ] GC(33) Concurrent Preclean 0.067ms
[2022-02-04T14:45:01.509+0000][26.672s][info ][gc,marking    ] GC(33) Concurrent Mark (26.595s, 26.672s) 77.652ms
[2022-02-04T14:45:01.509+0000][26.673s][debug][safepoint     ] Safepoint synchronization initiated. (22 threads)
[2022-02-04T14:45:01.509+0000][26.673s][info ][safepoint     ] Application time: 0.0934744 seconds
[2022-02-04T14:45:01.509+0000][26.673s][debug][safepoint     ] ... found polling page loop exception at pc = 0x00007fd9c87ef4c8, stub =0x00007fd9c08be900
[2022-02-04T14:45:01.509+0000][26.673s][debug][safepoint     ] Waiting for 2 thread(s) to block
[2022-02-04T14:45:01.516+0000][26.679s][info ][safepoint     ] Entering safepoint region: CGC_Operation
[2022-02-04T14:45:01.516+0000][26.679s][info ][gc,start      ] GC(33) Pause Remark
[2022-02-04T14:45:01.547+0000][26.710s][info ][gc,stringtable] GC(33) Cleaned string and symbol table, strings: 32876 processed, 7 removed, symbols: 211703 processed, 203 removed
[2022-02-04T14:45:01.547+0000][26.710s][info ][gc            ] GC(33) Pause Remark 60M->60M(446M) 31.222ms
[2022-02-04T14:45:01.547+0000][26.710s][info ][gc,cpu        ] GC(33) User=0.06s Sys=0.00s Real=0.03s
[2022-02-04T14:45:01.547+0000][26.710s][info ][safepoint     ] Leaving safepoint region
[2022-02-04T14:45:01.547+0000][26.710s][info ][safepoint     ] Total time for which application threads were stopped: 0.0379290 seconds, Stopping threads took: 0.0065752 seconds
[2022-02-04T14:45:01.547+0000][26.710s][info ][gc,marking    ] GC(33) Concurrent Rebuild Remembered Sets
[2022-02-04T14:45:01.659+0000][26.823s][info ][gc,marking    ] GC(33) Concurrent Rebuild Remembered Sets 112.192ms
[2022-02-04T14:45:01.659+0000][26.823s][debug][safepoint     ] Safepoint synchronization initiated. (22 threads)
[2022-02-04T14:45:01.659+0000][26.823s][info ][safepoint     ] Application time: 0.1122923 seconds
[2022-02-04T14:45:01.659+0000][26.823s][debug][safepoint     ] Waiting for 1 thread(s) to block
[2022-02-04T14:45:01.659+0000][26.823s][info ][safepoint     ] Entering safepoint region: CGC_Operation
[2022-02-04T14:45:01.659+0000][26.823s][info ][gc,start      ] GC(33) Pause Cleanup
[2022-02-04T14:45:01.660+0000][26.823s][info ][gc            ] GC(33) Pause Cleanup 67M->67M(446M) 0.160ms
[2022-02-04T14:45:01.660+0000][26.823s][info ][gc,cpu        ] GC(33) User=0.00s Sys=0.00s Real=0.00s
[2022-02-04T14:45:01.660+0000][26.823s][info ][safepoint     ] Leaving safepoint region
[2022-02-04T14:45:01.660+0000][26.823s][info ][safepoint     ] Total time for which application threads were stopped: 0.0003273 seconds, Stopping threads took: 0.0000449 seconds
[2022-02-04T14:45:01.660+0000][26.823s][info ][gc,marking    ] GC(33) Concurrent Cleanup for Next Mark
[2022-02-04T14:45:01.661+0000][26.825s][info ][gc,marking    ] GC(33) Concurrent Cleanup for Next Mark 1.485ms
[2022-02-04T14:45:01.661+0000][26.825s][info ][gc            ] GC(33) Concurrent Cycle 248.168ms
[2022-02-04T14:45:01.979+0000][27.143s][debug][safepoint     ] Safepoint synchronization initiated. (22 threads)
[2022-02-04T14:45:01.979+0000][27.143s][info ][safepoint     ] Application time: 0.3196495 seconds
[2022-02-04T14:45:01.979+0000][27.143s][info ][safepoint     ] Entering safepoint region: Deoptimize
[2022-02-04T14:45:01.982+0000][27.146s][info ][safepoint     ] Leaving safepoint region
[2022-02-04T14:45:01.982+0000][27.146s][info ][safepoint     ] Total time for which application threads were stopped: 0.0030431 seconds, Stopping threads took: 0.0000110 seconds
[2022-02-04T14:45:01.997+0000][27.161s][debug][safepoint     ] Safepoint synchronization initiated. (22 threads)
[2022-02-04T14:45:01.997+0000][27.161s][info ][safepoint     ] Application time: 0.0147869 seconds
[2022-02-04T14:45:01.997+0000][27.161s][info ][safepoint     ] Entering safepoint region: Deoptimize
[2022-02-04T14:45:01.998+0000][27.162s][info ][safepoint     ] Leaving safepoint region
[2022-02-04T14:45:01.998+0000][27.162s][info ][safepoint     ] Total time for which application threads were stopped: 0.0010030 seconds, Stopping threads took: 0.0000116 seconds
[2022-02-04T14:45:02.192+0000][27.355s][debug][safepoint     ] Safepoint synchronization initiated. (23 threads)
[2022-02-04T14:45:02.192+0000][27.355s][info ][safepoint     ] Application time: 0.1933866 seconds
[2022-02-04T14:45:02.192+0000][27.355s][info ][safepoint     ] Entering safepoint region: Deoptimize
[2022-02-04T14:45:02.193+0000][27.356s][info ][safepoint     ] Leaving safepoint region
[2022-02-04T14:45:02.193+0000][27.356s][info ][safepoint     ] Total time for which application threads were stopped: 0.0011405 seconds, Stopping threads took: 0.0000109 seconds
[2022-02-04T14:45:02.520+0000][27.683s][debug][safepoint     ] Safepoint synchronization initiated. (25 threads)
[2022-02-04T14:45:02.520+0000][27.683s][info ][safepoint     ] Application time: 0.3269214 seconds
[2022-02-04T14:45:02.520+0000][27.683s][info ][safepoint     ] Entering safepoint region: Deoptimize
[2022-02-04T14:45:02.521+0000][27.684s][info ][safepoint     ] Leaving safepoint region
[2022-02-04T14:45:02.521+0000][27.684s][info ][safepoint     ] Total time for which application threads were stopped: 0.0008905 seconds, Stopping threads took: 0.0000115 seconds
[2022-02-04T14:45:02.724+0000][27.888s][debug][safepoint     ] Safepoint synchronization initiated. (25 threads)
[2022-02-04T14:45:02.724+0000][27.888s][info ][safepoint     ] Application time: 0.2038872 seconds
[2022-02-04T14:45:02.724+0000][27.888s][info ][safepoint     ] Entering safepoint region: Deoptimize
[2022-02-04T14:45:02.726+0000][27.889s][info ][safepoint     ] Leaving safepoint region
[2022-02-04T14:45:02.726+0000][27.889s][info ][safepoint     ] Total time for which application threads were stopped: 0.0011033 seconds, Stopping threads took: 0.0000132 seconds
[2022-02-04T14:45:03.684+0000][28.847s][debug][safepoint     ] Safepoint synchronization initiated. (40 threads)
[2022-02-04T14:45:03.684+0000][28.847s][info ][safepoint     ] Application time: 0.9580091 seconds
[2022-02-04T14:45:03.684+0000][28.847s][info ][safepoint     ] Entering safepoint region: Deoptimize
[2022-02-04T14:45:03.685+0000][28.848s][info ][safepoint     ] Leaving safepoint region
[2022-02-04T14:45:03.685+0000][28.848s][info ][safepoint     ] Total time for which application threads were stopped: 0.0010577 seconds, Stopping threads took: 0.0000169 seconds
[2022-02-04T14:45:04.660+0000][29.823s][debug][safepoint     ] Safepoint synchronization initiated. (46 threads)
[2022-02-04T14:45:04.660+0000][29.823s][info ][safepoint     ] Application time: 0.9752989 seconds
[2022-02-04T14:45:04.660+0000][29.823s][info ][safepoint     ] Entering safepoint region: Deoptimize
[2022-02-04T14:45:04.661+0000][29.825s][info ][safepoint     ] Leaving safepoint region
[2022-02-04T14:45:04.661+0000][29.825s][info ][safepoint     ] Total time for which application threads were stopped: 0.0011947 seconds, Stopping threads took: 0.0000195 seconds
[2022-02-04T14:45:04.672+0000][29.835s][debug][safepoint     ] Safepoint synchronization initiated. (46 threads)
[2022-02-04T14:45:04.672+0000][29.835s][info ][safepoint     ] Application time: 0.0106963 seconds
[2022-02-04T14:45:04.672+0000][29.835s][debug][safepoint     ] Waiting for 1 thread(s) to block
[2022-02-04T14:45:04.672+0000][29.835s][info ][safepoint     ] Entering safepoint region: G1CollectForAllocation
[2022-02-04T14:45:04.672+0000][29.835s][info ][gc,start      ] GC(34) Pause Young (Normal) (G1 Evacuation Pause)
[2022-02-04T14:45:04.672+0000][29.835s][info ][gc,task       ] GC(34) Using 4 workers of 4 for evacuation
[2022-02-04T14:45:04.744+0000][29.908s][info ][gc,phases     ] GC(34)   Pre Evacuate Collection Set: 0.0ms
[2022-02-04T14:45:04.744+0000][29.908s][info ][gc,phases     ] GC(34)   Evacuate Collection Set: 62.6ms
[2022-02-04T14:45:04.744+0000][29.908s][info ][gc,phases     ] GC(34)   Post Evacuate Collection Set: 9.4ms
[2022-02-04T14:45:04.744+0000][29.908s][info ][gc,phases     ] GC(34)   Other: 0.2ms
[2022-02-04T14:45:04.744+0000][29.908s][info ][gc,heap       ] GC(34) Eden regions: 250->0(243)
[2022-02-04T14:45:04.744+0000][29.908s][info ][gc,heap       ] GC(34) Survivor regions: 17->24(34)
[2022-02-04T14:45:04.744+0000][29.908s][info ][gc,heap       ] GC(34) Old regions: 36->36
[2022-02-04T14:45:04.744+0000][29.908s][info ][gc,heap       ] GC(34) Humongous regions: 0->0
[2022-02-04T14:45:04.744+0000][29.908s][info ][gc,metaspace  ] GC(34) Metaspace: 87071K->87071K(1128448K)
[2022-02-04T14:45:04.744+0000][29.908s][info ][gc            ] GC(34) Pause Young (Normal) (G1 Evacuation Pause) 301M->58M(446M) 72.236ms
[2022-02-04T14:45:04.744+0000][29.908s][info ][gc,cpu        ] GC(34) User=0.16s Sys=0.01s Real=0.08s
[2022-02-04T14:45:04.744+0000][29.908s][info ][safepoint     ] Leaving safepoint region
[2022-02-04T14:45:04.744+0000][29.908s][info ][safepoint     ] Total time for which application threads were stopped: 0.0724095 seconds, Stopping threads took: 0.0000387 seconds
[2022-02-04T14:45:04.745+0000][29.908s][info ][gc,stringdedup] Concurrent String Deduplication (29.908s)
[2022-02-04T14:45:04.748+0000][29.912s][info ][gc,stringdedup] Concurrent String Deduplication 805.2K->212.3K(592.9K) avg 48.7% (29.908s, 29.912s) 3.511ms
[2022-02-04T14:45:04.911+0000][30.075s][debug][safepoint     ] Safepoint synchronization initiated. (46 threads)
[2022-02-04T14:45:04.911+0000][30.075s][info ][safepoint     ] Application time: 0.1670730 seconds
[2022-02-04T14:45:04.911+0000][30.075s][info ][safepoint     ] Entering safepoint region: Deoptimize
[2022-02-04T14:45:04.912+0000][30.076s][info ][safepoint     ] Leaving safepoint region
[2022-02-04T14:45:04.912+0000][30.076s][info ][safepoint     ] Total time for which application threads were stopped: 0.0010978 seconds, Stopping threads took: 0.0000174 seconds
[2022-02-04T14:45:05.721+0000][30.884s][debug][safepoint     ] Safepoint synchronization initiated. (46 threads)
[2022-02-04T14:45:05.721+0000][30.884s][info ][safepoint     ] Application time: 0.8082643 seconds
[2022-02-04T14:45:05.721+0000][30.884s][info ][safepoint     ] Entering safepoint region: ICBufferFull
[2022-02-04T14:45:05.721+0000][30.884s][info ][safepoint     ] Leaving safepoint region
[2022-02-04T14:45:05.721+0000][30.884s][info ][safepoint     ] Total time for which application threads were stopped: 0.0001926 seconds, Stopping threads took: 0.0000178 seconds
[2022-02-04T14:45:06.119+0000][31.283s][debug][safepoint     ] Safepoint synchronization initiated. (47 threads)
[2022-02-04T14:45:06.119+0000][31.283s][info ][safepoint     ] Application time: 0.3982635 seconds
[2022-02-04T14:45:06.119+0000][31.283s][info ][safepoint     ] Entering safepoint region: Deoptimize
[2022-02-04T14:45:06.120+0000][31.284s][info ][safepoint     ] Leaving safepoint region
[2022-02-04T14:45:06.120+0000][31.284s][info ][safepoint     ] Total time for which application threads were stopped: 0.0012317 seconds, Stopping threads took: 0.0000192 seconds
[2022-02-04T14:45:06.281+0000][31.444s][debug][safepoint     ] Safepoint synchronization initiated. (47 threads)
[2022-02-04T14:45:06.281+0000][31.444s][info ][safepoint     ] Application time: 0.1604827 seconds
[2022-02-04T14:45:06.281+0000][31.444s][debug][safepoint     ] Waiting for 1 thread(s) to block
[2022-02-04T14:45:06.281+0000][31.444s][info ][safepoint     ] Entering safepoint region: Deoptimize
[2022-02-04T14:45:06.282+0000][31.445s][info ][safepoint     ] Leaving safepoint region
[2022-02-04T14:45:06.282+0000][31.445s][info ][safepoint     ] Total time for which application threads were stopped: 0.0010313 seconds, Stopping threads took: 0.0000382 seconds
[2022-02-04T14:45:07.282+0000][32.446s][debug][safepoint     ] Safepoint synchronization initiated. (46 threads)
[2022-02-04T14:45:07.282+0000][32.446s][info ][safepoint     ] Application time: 1.0001462 seconds
[2022-02-04T14:45:07.282+0000][32.446s][info ][safepoint     ] Entering safepoint region: Cleanup
[2022-02-04T14:45:07.282+0000][32.446s][info ][safepoint     ] Leaving safepoint region
[2022-02-04T14:45:07.282+0000][32.446s][info ][safepoint     ] Total time for which application threads were stopped: 0.0001266 seconds, Stopping threads took: 0.0000192 seconds
[2022-02-04T14:45:07.770+0000][32.933s][debug][safepoint     ] Safepoint synchronization initiated. (47 threads)
[2022-02-04T14:45:07.770+0000][32.933s][info ][safepoint     ] Application time: 0.4872490 seconds
[2022-02-04T14:45:07.770+0000][32.933s][info ][safepoint     ] Entering safepoint region: G1CollectForAllocation
[2022-02-04T14:45:07.770+0000][32.933s][info ][gc,start      ] GC(35) Pause Young (Normal) (G1 Evacuation Pause)
[2022-02-04T14:45:07.770+0000][32.933s][info ][gc,task       ] GC(35) Using 4 workers of 4 for evacuation
[2022-02-04T14:45:07.806+0000][32.969s][info ][gc,phases     ] GC(35)   Pre Evacuate Collection Set: 0.0ms
[2022-02-04T14:45:07.806+0000][32.969s][info ][gc,phases     ] GC(35)   Evacuate Collection Set: 33.4ms
[2022-02-04T14:45:07.806+0000][32.969s][info ][gc,phases     ] GC(35)   Post Evacuate Collection Set: 2.4ms
[2022-02-04T14:45:07.806+0000][32.969s][info ][gc,phases     ] GC(35)   Other: 0.2ms
[2022-02-04T14:45:07.806+0000][32.969s][info ][gc,heap       ] GC(35) Eden regions: 243->0(251)
[2022-02-04T14:45:07.806+0000][32.969s][info ][gc,heap       ] GC(35) Survivor regions: 24->16(34)
[2022-02-04T14:45:07.806+0000][32.969s][info ][gc,heap       ] GC(35) Old regions: 36->48
[2022-02-04T14:45:07.806+0000][32.969s][info ][gc,heap       ] GC(35) Humongous regions: 0->0
[2022-02-04T14:45:07.806+0000][32.969s][info ][gc,metaspace  ] GC(35) Metaspace: 91619K->91619K(1132544K)
[2022-02-04T14:45:07.806+0000][32.969s][info ][gc            ] GC(35) Pause Young (Normal) (G1 Evacuation Pause) 301M->62M(446M) 36.095ms
[2022-02-04T14:45:07.806+0000][32.969s][info ][gc,cpu        ] GC(35) User=0.07s Sys=0.02s Real=0.04s
[2022-02-04T14:45:07.806+0000][32.969s][info ][safepoint     ] Leaving safepoint region
[2022-02-04T14:45:07.806+0000][32.969s][info ][safepoint     ] Total time for which application threads were stopped: 0.0363345 seconds, Stopping threads took: 0.0000217 seconds
[2022-02-04T14:45:07.808+0000][32.972s][info ][gc,stringdedup] Concurrent String Deduplication (32.972s)
[2022-02-04T14:45:07.810+0000][32.973s][info ][gc,stringdedup] Concurrent String Deduplication 304.2K->99816.0B(206.8K) avg 49.3% (32.972s, 32.973s) 1.329ms
[2022-02-04T14:45:07.956+0000][33.120s][debug][safepoint     ] Safepoint synchronization initiated. (50 threads)
[2022-02-04T14:45:07.956+0000][33.120s][info ][safepoint     ] Application time: 0.1501982 seconds
[2022-02-04T14:45:07.956+0000][33.120s][info ][safepoint     ] Entering safepoint region: ThreadDump
[2022-02-04T14:45:07.956+0000][33.120s][info ][safepoint     ] Leaving safepoint region
[2022-02-04T14:45:07.956+0000][33.120s][info ][safepoint     ] Total time for which application threads were stopped: 0.0001821 seconds, Stopping threads took: 0.0000335 seconds
[2022-02-04T14:45:07.959+0000][33.122s][debug][safepoint     ] Safepoint synchronization initiated. (50 threads)
[2022-02-04T14:45:07.959+0000][33.122s][info ][safepoint     ] Application time: 0.0023085 seconds
[2022-02-04T14:45:07.959+0000][33.122s][info ][safepoint     ] Entering safepoint region: ThreadDump
[2022-02-04T14:45:07.959+0000][33.122s][info ][safepoint     ] Leaving safepoint region
[2022-02-04T14:45:07.959+0000][33.122s][info ][safepoint     ] Total time for which application threads were stopped: 0.0001185 seconds, Stopping threads took: 0.0000163 seconds
[2022-02-04T14:45:08.178+0000][33.341s][info ][gc,heap,exit  ] Heap
[2022-02-04T14:45:08.178+0000][33.341s][info ][gc,heap,exit  ]  garbage-first heap   total 456704K, used 105710K [0x0000000084600000, 0x0000000100000000)
[2022-02-04T14:45:08.178+0000][33.341s][info ][gc,heap,exit  ]   region size 1024K, 58 young (59392K), 16 survivors (16384K)
[2022-02-04T14:45:08.178+0000][33.341s][info ][gc,heap,exit  ]  Metaspace       used 92625K, capacity 95533K, committed 95808K, reserved 1132544K
[2022-02-04T14:45:08.178+0000][33.341s][info ][gc,heap,exit  ]   class space    used 11511K, capacity 12561K, committed 12608K, reserved 1048576K
[2022-02-04T14:45:08.179+0000][33.343s][debug][safepoint     ] Safepoint synchronization initiated. (20 threads)
[2022-02-04T14:45:08.179+0000][33.343s][info ][safepoint     ] Application time: 0.2204227 seconds
[2022-02-04T14:45:08.179+0000][33.343s][info ][safepoint     ] Entering safepoint region: Halt
