[2022-02-07T12:31:32.255+0000][8.636s][info][gc,heap] Heap region size: 1M
[2022-02-07T12:31:32.790+0000][9.171s][info][gc     ] Using G1
[2022-02-07T12:31:32.790+0000][9.171s][info][gc,heap,coops] Heap address: 0x0000000084600000, size: 1978 MB, Compressed Oops mode: 32-bit
[2022-02-07T12:31:32.975+0000][9.356s][info][gc,cds       ] Mark closed archive regions in map: [0x00000000ffc00000, 0x00000000ffc6aff8]
[2022-02-07T12:31:32.975+0000][9.356s][info][gc,cds       ] Mark open archive regions in map: [0x00000000ff800000, 0x00000000ff846ff8]
[2022-02-07T12:31:52.500+0000][28.881s][debug][safepoint    ] Safepoint synchronization initiated. (8 threads)
[2022-02-07T12:31:52.500+0000][28.881s][info ][safepoint    ] Application time: 0.3704178 seconds
[2022-02-07T12:31:52.500+0000][28.881s][debug][safepoint    ] Waiting for 2 thread(s) to block
[2022-02-07T12:31:52.802+0000][29.183s][info ][safepoint    ] Entering safepoint region: Cleanup
[2022-02-07T12:31:52.802+0000][29.183s][info ][safepoint    ] Leaving safepoint region
[2022-02-07T12:31:52.802+0000][29.183s][info ][safepoint    ] Total time for which application threads were stopped: 0.3018371 seconds, Stopping threads took: 0.3017728 seconds
[2022-02-07T12:31:53.802+0000][30.183s][debug][safepoint    ] Safepoint synchronization initiated. (9 threads)
[2022-02-07T12:31:53.802+0000][30.183s][info ][safepoint    ] Application time: 1.0001279 seconds
[2022-02-07T12:31:53.802+0000][30.183s][info ][safepoint    ] Entering safepoint region: Cleanup
[2022-02-07T12:31:53.802+0000][30.183s][info ][safepoint    ] Leaving safepoint region
[2022-02-07T12:31:53.802+0000][30.183s][info ][safepoint    ] Total time for which application threads were stopped: 0.0000689 seconds, Stopping threads took: 0.0000121 seconds
[2022-02-07T12:31:54.802+0000][31.183s][debug][safepoint    ] Safepoint synchronization initiated. (9 threads)
[2022-02-07T12:31:54.803+0000][31.183s][info ][safepoint    ] Application time: 1.0001313 seconds
[2022-02-07T12:31:54.803+0000][31.183s][debug][safepoint    ] Waiting for 1 thread(s) to block
[2022-02-07T12:31:54.931+0000][31.311s][info ][safepoint    ] Entering safepoint region: Cleanup
[2022-02-07T12:31:54.931+0000][31.312s][info ][safepoint    ] Leaving safepoint region
[2022-02-07T12:31:54.931+0000][31.312s][info ][safepoint    ] Total time for which application threads were stopped: 0.1284083 seconds, Stopping threads took: 0.1283341 seconds
[2022-02-07T12:31:59.931+0000][36.312s][debug][safepoint    ] Safepoint synchronization initiated. (9 threads)
[2022-02-07T12:31:59.931+0000][36.312s][info ][safepoint    ] Application time: 5.0004377 seconds
[2022-02-07T12:31:59.931+0000][36.312s][debug][safepoint    ] Waiting for 1 thread(s) to block
[2022-02-07T12:32:01.621+0000][38.002s][info ][safepoint    ] Entering safepoint region: Cleanup
[2022-02-07T12:32:01.621+0000][38.002s][info ][safepoint    ] Leaving safepoint region
[2022-02-07T12:32:01.621+0000][38.002s][info ][safepoint    ] Total time for which application threads were stopped: 1.6899353 seconds, Stopping threads took: 1.6898894 seconds
[2022-02-07T12:32:04.622+0000][41.002s][debug][safepoint    ] Safepoint synchronization initiated. (9 threads)
[2022-02-07T12:32:04.622+0000][41.002s][info ][safepoint    ] Application time: 3.0003110 seconds
[2022-02-07T12:32:04.622+0000][41.002s][debug][safepoint    ] Waiting for 1 thread(s) to block
[2022-02-07T12:32:04.843+0000][41.224s][info ][safepoint    ] Entering safepoint region: Cleanup
[2022-02-07T12:32:04.843+0000][41.224s][info ][safepoint    ] Leaving safepoint region
[2022-02-07T12:32:04.843+0000][41.224s][info ][safepoint    ] Total time for which application threads were stopped: 0.2217771 seconds, Stopping threads took: 0.2217032 seconds
[2022-02-07T12:32:05.844+0000][42.224s][debug][safepoint    ] Safepoint synchronization initiated. (9 threads)
[2022-02-07T12:32:05.844+0000][42.224s][info ][safepoint    ] Application time: 1.0001432 seconds
[2022-02-07T12:32:05.844+0000][42.224s][debug][safepoint    ] Waiting for 1 thread(s) to block
[2022-02-07T12:32:06.077+0000][42.457s][info ][safepoint    ] Entering safepoint region: Cleanup
[2022-02-07T12:32:06.077+0000][42.458s][info ][safepoint    ] Leaving safepoint region
[2022-02-07T12:32:06.077+0000][42.458s][info ][safepoint    ] Total time for which application threads were stopped: 0.2334915 seconds, Stopping threads took: 0.2333531 seconds
[2022-02-07T12:32:06.445+0000][42.826s][debug][safepoint    ] Safepoint synchronization initiated. (9 threads)
[2022-02-07T12:32:06.445+0000][42.826s][info ][safepoint    ] Application time: 0.3681236 seconds
[2022-02-07T12:32:06.445+0000][42.826s][info ][safepoint    ] Entering safepoint region: Deoptimize
[2022-02-07T12:32:06.445+0000][42.826s][info ][safepoint    ] Leaving safepoint region
[2022-02-07T12:32:06.445+0000][42.826s][info ][safepoint    ] Total time for which application threads were stopped: 0.0000970 seconds, Stopping threads took: 0.0000116 seconds
[2022-02-07T12:32:07.445+0000][43.826s][debug][safepoint    ] Safepoint synchronization initiated. (9 threads)
[2022-02-07T12:32:07.445+0000][43.826s][info ][safepoint    ] Application time: 1.0001494 seconds
[2022-02-07T12:32:07.445+0000][43.826s][debug][safepoint    ] Waiting for 1 thread(s) to block
[2022-02-07T12:32:07.752+0000][44.133s][info ][safepoint    ] Entering safepoint region: Cleanup
[2022-02-07T12:32:07.752+0000][44.133s][info ][safepoint    ] Leaving safepoint region
[2022-02-07T12:32:07.752+0000][44.133s][info ][safepoint    ] Total time for which application threads were stopped: 0.3068191 seconds, Stopping threads took: 0.3067413 seconds
[2022-02-07T12:32:11.753+0000][48.133s][debug][safepoint    ] Safepoint synchronization initiated. (10 threads)
[2022-02-07T12:32:11.753+0000][48.133s][info ][safepoint    ] Application time: 4.0004029 seconds
[2022-02-07T12:32:11.753+0000][48.133s][debug][safepoint    ] Waiting for 1 thread(s) to block
[2022-02-07T12:32:11.989+0000][48.369s][info ][safepoint    ] Entering safepoint region: Cleanup
[2022-02-07T12:32:11.989+0000][48.369s][info ][safepoint    ] Leaving safepoint region
[2022-02-07T12:32:11.989+0000][48.369s][info ][safepoint    ] Total time for which application threads were stopped: 0.2360604 seconds, Stopping threads took: 0.2359670 seconds
[2022-02-07T12:32:12.989+0000][49.370s][debug][safepoint    ] Safepoint synchronization initiated. (9 threads)
[2022-02-07T12:32:12.989+0000][49.370s][info ][safepoint    ] Application time: 1.0001541 seconds
[2022-02-07T12:32:12.989+0000][49.370s][debug][safepoint    ] Waiting for 1 thread(s) to block
[2022-02-07T12:32:12.997+0000][49.378s][info ][safepoint    ] Entering safepoint region: Cleanup
[2022-02-07T12:32:12.997+0000][49.378s][info ][safepoint    ] Leaving safepoint region
[2022-02-07T12:32:12.997+0000][49.378s][info ][safepoint    ] Total time for which application threads were stopped: 0.0081510 seconds, Stopping threads took: 0.0080572 seconds
[2022-02-07T12:32:14.997+0000][51.378s][debug][safepoint    ] Safepoint synchronization initiated. (9 threads)
[2022-02-07T12:32:14.997+0000][51.378s][info ][safepoint    ] Application time: 2.0001954 seconds
[2022-02-07T12:32:14.997+0000][51.378s][info ][safepoint    ] Entering safepoint region: Cleanup
[2022-02-07T12:32:14.997+0000][51.378s][info ][safepoint    ] Leaving safepoint region
[2022-02-07T12:32:14.997+0000][51.378s][info ][safepoint    ] Total time for which application threads were stopped: 0.0000571 seconds, Stopping threads took: 0.0000112 seconds
[2022-02-07T12:32:15.997+0000][52.378s][debug][safepoint    ] Safepoint synchronization initiated. (9 threads)
[2022-02-07T12:32:15.998+0000][52.378s][info ][safepoint    ] Application time: 1.0001350 seconds
[2022-02-07T12:32:15.998+0000][52.378s][debug][safepoint    ] Waiting for 1 thread(s) to block
[2022-02-07T12:32:16.491+0000][52.872s][info ][safepoint    ] Entering safepoint region: Cleanup
[2022-02-07T12:32:16.491+0000][52.872s][info ][safepoint    ] Leaving safepoint region
[2022-02-07T12:32:16.491+0000][52.872s][info ][safepoint    ] Total time for which application threads were stopped: 0.4939148 seconds, Stopping threads took: 0.4938086 seconds
[2022-02-07T12:32:17.492+0000][53.872s][debug][safepoint    ] Safepoint synchronization initiated. (10 threads)
[2022-02-07T12:32:17.492+0000][53.872s][info ][safepoint    ] Application time: 1.0001180 seconds
[2022-02-07T12:32:17.492+0000][53.872s][info ][safepoint    ] Entering safepoint region: Cleanup
[2022-02-07T12:32:17.492+0000][53.872s][info ][safepoint    ] Leaving safepoint region
[2022-02-07T12:32:17.492+0000][53.872s][info ][safepoint    ] Total time for which application threads were stopped: 0.0001220 seconds, Stopping threads took: 0.0000103 seconds
[2022-02-07T12:32:38.493+0000][74.874s][debug][safepoint    ] Safepoint synchronization initiated. (9 threads)
[2022-02-07T12:32:38.493+0000][74.874s][info ][safepoint    ] Application time: 21.0015406 seconds
[2022-02-07T12:32:38.493+0000][74.874s][info ][safepoint    ] Entering safepoint region: Cleanup
[2022-02-07T12:32:38.493+0000][74.874s][info ][safepoint    ] Leaving safepoint region
[2022-02-07T12:32:38.493+0000][74.874s][info ][safepoint    ] Total time for which application threads were stopped: 0.0000980 seconds, Stopping threads took: 0.0000110 seconds
[2022-02-07T12:32:59.495+0000][95.875s][debug][safepoint    ] Safepoint synchronization initiated. (9 threads)
[2022-02-07T12:32:59.495+0000][95.875s][info ][safepoint    ] Application time: 21.0015015 seconds
[2022-02-07T12:32:59.495+0000][95.876s][info ][safepoint    ] Entering safepoint region: Cleanup
[2022-02-07T12:32:59.495+0000][95.876s][info ][safepoint    ] Leaving safepoint region
[2022-02-07T12:32:59.495+0000][95.876s][info ][safepoint    ] Total time for which application threads were stopped: 0.0001013 seconds, Stopping threads took: 0.0000121 seconds
[2022-02-07T12:33:11.496+0000][107.876s][debug][safepoint    ] Safepoint synchronization initiated. (9 threads)
[2022-02-07T12:33:11.496+0000][107.877s][info ][safepoint    ] Application time: 12.0009134 seconds
[2022-02-07T12:33:11.496+0000][107.877s][debug][safepoint    ] Waiting for 1 thread(s) to block
[2022-02-07T12:33:11.529+0000][107.910s][info ][safepoint    ] Entering safepoint region: Cleanup
[2022-02-07T12:33:11.530+0000][107.910s][info ][safepoint    ] Leaving safepoint region
[2022-02-07T12:33:11.530+0000][107.910s][info ][safepoint    ] Total time for which application threads were stopped: 0.0335792 seconds, Stopping threads took: 0.0334802 seconds
[2022-02-07T12:33:12.530+0000][108.910s][debug][safepoint    ] Safepoint synchronization initiated. (9 threads)
[2022-02-07T12:33:12.530+0000][108.910s][info ][safepoint    ] Application time: 1.0001360 seconds
[2022-02-07T12:33:12.530+0000][108.910s][info ][safepoint    ] Entering safepoint region: Cleanup
[2022-02-07T12:33:12.530+0000][108.910s][info ][safepoint    ] Leaving safepoint region
[2022-02-07T12:33:12.530+0000][108.910s][info ][safepoint    ] Total time for which application threads were stopped: 0.0001207 seconds, Stopping threads took: 0.0000142 seconds
[2022-02-07T12:33:13.530+0000][109.910s][debug][safepoint    ] Safepoint synchronization initiated. (10 threads)
[2022-02-07T12:33:13.530+0000][109.911s][info ][safepoint    ] Application time: 1.0000986 seconds
[2022-02-07T12:33:13.530+0000][109.911s][info ][safepoint    ] Entering safepoint region: Cleanup
[2022-02-07T12:33:13.530+0000][109.911s][info ][safepoint    ] Leaving safepoint region
[2022-02-07T12:33:13.530+0000][109.911s][info ][safepoint    ] Total time for which application threads were stopped: 0.0000687 seconds, Stopping threads took: 0.0000106 seconds
[2022-02-07T12:33:13.568+0000][109.948s][debug][safepoint    ] Safepoint synchronization initiated. (10 threads)
[2022-02-07T12:33:13.568+0000][109.948s][info ][safepoint    ] Application time: 0.0378856 seconds
[2022-02-07T12:33:13.568+0000][109.948s][info ][safepoint    ] Entering safepoint region: G1CollectForAllocation
[2022-02-07T12:33:13.568+0000][109.949s][info ][gc,start     ] GC(0) Pause Young (Normal) (G1 Evacuation Pause)
[2022-02-07T12:33:13.568+0000][109.949s][info ][gc,task      ] GC(0) Using 3 workers of 4 for evacuation
[2022-02-07T12:33:13.575+0000][109.955s][info ][gc,phases    ] GC(0)   Pre Evacuate Collection Set: 0.0ms
[2022-02-07T12:33:13.575+0000][109.955s][info ][gc,phases    ] GC(0)   Evacuate Collection Set: 5.7ms
[2022-02-07T12:33:13.575+0000][109.955s][info ][gc,phases    ] GC(0)   Post Evacuate Collection Set: 0.6ms
[2022-02-07T12:33:13.575+0000][109.955s][info ][gc,phases    ] GC(0)   Other: 0.4ms
[2022-02-07T12:33:13.575+0000][109.955s][info ][gc,heap      ] GC(0) Eden regions: 38->0(69)
[2022-02-07T12:33:13.575+0000][109.955s][info ][gc,heap      ] GC(0) Survivor regions: 0->5(5)
[2022-02-07T12:33:13.575+0000][109.955s][info ][gc,heap      ] GC(0) Old regions: 2->3
[2022-02-07T12:33:13.575+0000][109.955s][info ][gc,heap      ] GC(0) Humongous regions: 1->0
[2022-02-07T12:33:13.575+0000][109.955s][info ][gc,metaspace ] GC(0) Metaspace: 1667K->1667K(1056768K)
[2022-02-07T12:33:13.575+0000][109.955s][info ][gc           ] GC(0) Pause Young (Normal) (G1 Evacuation Pause) 39M->6M(126M) 6.847ms
[2022-02-07T12:33:13.575+0000][109.955s][info ][gc,cpu       ] GC(0) User=0.02s Sys=0.01s Real=0.01s
[2022-02-07T12:33:13.575+0000][109.956s][info ][safepoint    ] Leaving safepoint region
[2022-02-07T12:33:13.575+0000][109.956s][info ][safepoint    ] Total time for which application threads were stopped: 0.0070227 seconds, Stopping threads took: 0.0000097 seconds
[2022-02-07T12:33:13.575+0000][109.956s][info ][gc,stringdedup] Concurrent String Deduplication (109.956s)
[2022-02-07T12:33:13.575+0000][109.956s][info ][gc,stringdedup] Concurrent String Deduplication 98504.0B->95648.0B(2856.0B) avg 0.8% (109.956s, 109.956s) 0.320ms
[2022-02-07T12:33:14.575+0000][110.956s][debug][safepoint     ] Safepoint synchronization initiated. (9 threads)
[2022-02-07T12:33:14.575+0000][110.956s][info ][safepoint     ] Application time: 1.0001206 seconds
[2022-02-07T12:33:14.575+0000][110.956s][info ][safepoint     ] Entering safepoint region: Cleanup
[2022-02-07T12:33:14.575+0000][110.956s][info ][safepoint     ] Leaving safepoint region
[2022-02-07T12:33:14.575+0000][110.956s][info ][safepoint     ] Total time for which application threads were stopped: 0.0001003 seconds, Stopping threads took: 0.0000115 seconds
[2022-02-07T12:33:15.575+0000][111.956s][debug][safepoint     ] Safepoint synchronization initiated. (9 threads)
[2022-02-07T12:33:15.575+0000][111.956s][info ][safepoint     ] Application time: 1.0001298 seconds
[2022-02-07T12:33:15.575+0000][111.956s][info ][safepoint     ] Entering safepoint region: Cleanup
[2022-02-07T12:33:15.575+0000][111.956s][info ][safepoint     ] Leaving safepoint region
[2022-02-07T12:33:15.575+0000][111.956s][info ][safepoint     ] Total time for which application threads were stopped: 0.0000875 seconds, Stopping threads took: 0.0000126 seconds
[2022-02-07T12:33:16.575+0000][112.956s][debug][safepoint     ] Safepoint synchronization initiated. (9 threads)
[2022-02-07T12:33:16.576+0000][112.956s][info ][safepoint     ] Application time: 1.0001089 seconds
[2022-02-07T12:33:16.576+0000][112.956s][info ][safepoint     ] Entering safepoint region: Cleanup
[2022-02-07T12:33:16.576+0000][112.956s][info ][safepoint     ] Leaving safepoint region
[2022-02-07T12:33:16.576+0000][112.956s][info ][safepoint     ] Total time for which application threads were stopped: 0.0000830 seconds, Stopping threads took: 0.0000101 seconds
[2022-02-07T12:33:17.576+0000][113.956s][debug][safepoint     ] Safepoint synchronization initiated. (9 threads)
[2022-02-07T12:33:17.576+0000][113.956s][info ][safepoint     ] Application time: 1.0001137 seconds
[2022-02-07T12:33:17.576+0000][113.956s][debug][safepoint     ] Waiting for 1 thread(s) to block
[2022-02-07T12:33:17.670+0000][114.051s][info ][safepoint     ] Entering safepoint region: Cleanup
[2022-02-07T12:33:17.670+0000][114.051s][info ][safepoint     ] Leaving safepoint region
[2022-02-07T12:33:17.670+0000][114.051s][info ][safepoint     ] Total time for which application threads were stopped: 0.0944058 seconds, Stopping threads took: 0.0943105 seconds
[2022-02-07T12:33:18.670+0000][115.051s][debug][safepoint     ] Safepoint synchronization initiated. (9 threads)
[2022-02-07T12:33:18.670+0000][115.051s][info ][safepoint     ] Application time: 1.0001186 seconds
[2022-02-07T12:33:18.670+0000][115.051s][info ][safepoint     ] Entering safepoint region: Cleanup
[2022-02-07T12:33:18.670+0000][115.051s][info ][safepoint     ] Leaving safepoint region
[2022-02-07T12:33:18.670+0000][115.051s][info ][safepoint     ] Total time for which application threads were stopped: 0.0000803 seconds, Stopping threads took: 0.0000124 seconds
[2022-02-07T12:33:19.670+0000][116.051s][debug][safepoint     ] Safepoint synchronization initiated. (9 threads)
[2022-02-07T12:33:19.670+0000][116.051s][info ][safepoint     ] Application time: 1.0001160 seconds
[2022-02-07T12:33:19.671+0000][116.051s][info ][safepoint     ] Entering safepoint region: Cleanup
[2022-02-07T12:33:19.671+0000][116.051s][info ][safepoint     ] Leaving safepoint region
[2022-02-07T12:33:19.671+0000][116.051s][info ][safepoint     ] Total time for which application threads were stopped: 0.0001153 seconds, Stopping threads took: 0.0000120 seconds
[2022-02-07T12:33:20.252+0000][116.632s][debug][safepoint     ] Safepoint synchronization initiated. (9 threads)
[2022-02-07T12:33:20.252+0000][116.632s][info ][safepoint     ] Application time: 0.5809874 seconds
[2022-02-07T12:33:20.252+0000][116.632s][info ][safepoint     ] Entering safepoint region: G1CollectForAllocation
[2022-02-07T12:33:20.252+0000][116.632s][info ][gc,start      ] GC(1) Pause Young (Normal) (G1 Evacuation Pause)
[2022-02-07T12:33:20.252+0000][116.632s][info ][gc,task       ] GC(1) Using 3 workers of 4 for evacuation
[2022-02-07T12:33:20.266+0000][116.647s][info ][gc,phases     ] GC(1)   Pre Evacuate Collection Set: 0.0ms
[2022-02-07T12:33:20.266+0000][116.647s][info ][gc,phases     ] GC(1)   Evacuate Collection Set: 14.0ms
[2022-02-07T12:33:20.266+0000][116.647s][info ][gc,phases     ] GC(1)   Post Evacuate Collection Set: 0.6ms
[2022-02-07T12:33:20.266+0000][116.647s][info ][gc,phases     ] GC(1)   Other: 0.1ms
[2022-02-07T12:33:20.266+0000][116.647s][info ][gc,heap       ] GC(1) Eden regions: 69->0(67)
[2022-02-07T12:33:20.266+0000][116.647s][info ][gc,heap       ] GC(1) Survivor regions: 5->7(10)
[2022-02-07T12:33:20.266+0000][116.647s][info ][gc,heap       ] GC(1) Old regions: 3->3
[2022-02-07T12:33:20.266+0000][116.647s][info ][gc,heap       ] GC(1) Humongous regions: 0->0
[2022-02-07T12:33:20.266+0000][116.647s][info ][gc,metaspace  ] GC(1) Metaspace: 2348K->2348K(1056768K)
[2022-02-07T12:33:20.266+0000][116.647s][info ][gc            ] GC(1) Pause Young (Normal) (G1 Evacuation Pause) 75M->7M(126M) 14.768ms
[2022-02-07T12:33:20.266+0000][116.647s][info ][gc,cpu        ] GC(1) User=0.04s Sys=0.00s Real=0.02s
[2022-02-07T12:33:20.267+0000][116.647s][info ][safepoint     ] Leaving safepoint region
[2022-02-07T12:33:20.267+0000][116.647s][info ][safepoint     ] Total time for which application threads were stopped: 0.0148875 seconds, Stopping threads took: 0.0000091 seconds
[2022-02-07T12:33:21.267+0000][117.647s][debug][safepoint     ] Safepoint synchronization initiated. (9 threads)
[2022-02-07T12:33:21.267+0000][117.647s][info ][safepoint     ] Application time: 1.0001121 seconds
[2022-02-07T12:33:21.267+0000][117.647s][debug][safepoint     ] Waiting for 1 thread(s) to block
[2022-02-07T12:33:21.273+0000][117.654s][info ][safepoint     ] Entering safepoint region: Cleanup
[2022-02-07T12:33:21.273+0000][117.654s][info ][safepoint     ] Leaving safepoint region
[2022-02-07T12:33:21.273+0000][117.654s][info ][safepoint     ] Total time for which application threads were stopped: 0.0065443 seconds, Stopping threads took: 0.0064673 seconds
[2022-02-07T12:33:24.273+0000][120.654s][debug][safepoint     ] Safepoint synchronization initiated. (9 threads)
[2022-02-07T12:33:24.273+0000][120.654s][info ][safepoint     ] Application time: 3.0002549 seconds
[2022-02-07T12:33:24.273+0000][120.654s][info ][safepoint     ] Entering safepoint region: Cleanup
[2022-02-07T12:33:24.274+0000][120.654s][info ][safepoint     ] Leaving safepoint region
[2022-02-07T12:33:24.274+0000][120.654s][info ][safepoint     ] Total time for which application threads were stopped: 0.0001033 seconds, Stopping threads took: 0.0000109 seconds
[2022-02-07T12:33:25.274+0000][121.654s][debug][safepoint     ] Safepoint synchronization initiated. (9 threads)
[2022-02-07T12:33:25.274+0000][121.654s][info ][safepoint     ] Application time: 1.0001068 seconds
[2022-02-07T12:33:25.274+0000][121.654s][debug][safepoint     ] Waiting for 1 thread(s) to block
[2022-02-07T12:33:25.300+0000][121.681s][info ][safepoint     ] Entering safepoint region: Cleanup
[2022-02-07T12:33:25.300+0000][121.681s][info ][safepoint     ] Leaving safepoint region
[2022-02-07T12:33:25.300+0000][121.681s][info ][safepoint     ] Total time for which application threads were stopped: 0.0266016 seconds, Stopping threads took: 0.0264781 seconds
[2022-02-07T12:33:25.300+0000][121.681s][debug][safepoint     ] Safepoint synchronization initiated. (9 threads)
[2022-02-07T12:33:25.300+0000][121.681s][info ][safepoint     ] Application time: 0.0000178 seconds
[2022-02-07T12:33:25.300+0000][121.681s][info ][safepoint     ] Entering safepoint region: Deoptimize
[2022-02-07T12:33:25.300+0000][121.681s][info ][safepoint     ] Leaving safepoint region
[2022-02-07T12:33:25.300+0000][121.681s][info ][safepoint     ] Total time for which application threads were stopped: 0.0001117 seconds, Stopping threads took: 0.0000081 seconds
[2022-02-07T12:33:25.574+0000][121.954s][debug][safepoint     ] Safepoint synchronization initiated. (9 threads)
[2022-02-07T12:33:25.574+0000][121.955s][info ][safepoint     ] Application time: 0.2734659 seconds
[2022-02-07T12:33:25.574+0000][121.955s][info ][safepoint     ] Entering safepoint region: Deoptimize
[2022-02-07T12:33:25.574+0000][121.955s][info ][safepoint     ] Leaving safepoint region
[2022-02-07T12:33:25.574+0000][121.955s][info ][safepoint     ] Total time for which application threads were stopped: 0.0001449 seconds, Stopping threads took: 0.0000107 seconds
[2022-02-07T12:33:26.574+0000][122.955s][debug][safepoint     ] Safepoint synchronization initiated. (9 threads)
[2022-02-07T12:33:26.574+0000][122.955s][info ][safepoint     ] Application time: 1.0001108 seconds
[2022-02-07T12:33:26.574+0000][122.955s][info ][safepoint     ] Entering safepoint region: Cleanup
[2022-02-07T12:33:26.574+0000][122.955s][info ][safepoint     ] Leaving safepoint region
[2022-02-07T12:33:26.574+0000][122.955s][info ][safepoint     ] Total time for which application threads were stopped: 0.0000976 seconds, Stopping threads took: 0.0000117 seconds
[2022-02-07T12:33:27.138+0000][123.518s][debug][safepoint     ] Safepoint synchronization initiated. (9 threads)
[2022-02-07T12:33:27.138+0000][123.518s][info ][safepoint     ] Application time: 0.5633020 seconds
[2022-02-07T12:33:27.138+0000][123.518s][info ][safepoint     ] Entering safepoint region: Deoptimize
[2022-02-07T12:33:27.138+0000][123.518s][info ][safepoint     ] Leaving safepoint region
[2022-02-07T12:33:27.138+0000][123.518s][info ][safepoint     ] Total time for which application threads were stopped: 0.0001787 seconds, Stopping threads took: 0.0000104 seconds
[2022-02-07T12:33:27.146+0000][123.526s][debug][safepoint     ] Safepoint synchronization initiated. (9 threads)
[2022-02-07T12:33:27.146+0000][123.526s][info ][safepoint     ] Application time: 0.0080418 seconds
[2022-02-07T12:33:27.146+0000][123.526s][info ][safepoint     ] Entering safepoint region: Deoptimize
[2022-02-07T12:33:27.146+0000][123.527s][info ][safepoint     ] Leaving safepoint region
[2022-02-07T12:33:27.146+0000][123.527s][info ][safepoint     ] Total time for which application threads were stopped: 0.0001525 seconds, Stopping threads took: 0.0000083 seconds
[2022-02-07T12:33:28.146+0000][124.527s][debug][safepoint     ] Safepoint synchronization initiated. (9 threads)
[2022-02-07T12:33:28.146+0000][124.527s][info ][safepoint     ] Application time: 1.0001128 seconds
[2022-02-07T12:33:28.146+0000][124.527s][debug][safepoint     ] Waiting for 1 thread(s) to block
[2022-02-07T12:33:28.164+0000][124.544s][info ][safepoint     ] Entering safepoint region: Cleanup
[2022-02-07T12:33:28.164+0000][124.544s][info ][safepoint     ] Leaving safepoint region
[2022-02-07T12:33:28.164+0000][124.544s][info ][safepoint     ] Total time for which application threads were stopped: 0.0176556 seconds, Stopping threads took: 0.0175819 seconds
[2022-02-07T12:33:29.164+0000][125.545s][debug][safepoint     ] Safepoint synchronization initiated. (10 threads)
[2022-02-07T12:33:29.164+0000][125.545s][info ][safepoint     ] Application time: 1.0001223 seconds
[2022-02-07T12:33:29.164+0000][125.545s][debug][safepoint     ] Waiting for 1 thread(s) to block
[2022-02-07T12:33:29.278+0000][125.658s][info ][safepoint     ] Entering safepoint region: Cleanup
[2022-02-07T12:33:29.278+0000][125.659s][info ][safepoint     ] Leaving safepoint region
[2022-02-07T12:33:29.278+0000][125.659s][info ][safepoint     ] Total time for which application threads were stopped: 0.1140976 seconds, Stopping threads took: 0.1139565 seconds
[2022-02-07T12:33:30.278+0000][126.659s][debug][safepoint     ] Safepoint synchronization initiated. (10 threads)
[2022-02-07T12:33:30.278+0000][126.659s][info ][safepoint     ] Application time: 1.0001214 seconds
[2022-02-07T12:33:30.278+0000][126.659s][debug][safepoint     ] Waiting for 1 thread(s) to block
[2022-02-07T12:33:30.371+0000][126.752s][info ][safepoint     ] Entering safepoint region: Cleanup
[2022-02-07T12:33:30.371+0000][126.752s][info ][safepoint     ] Leaving safepoint region
[2022-02-07T12:33:30.371+0000][126.752s][info ][safepoint     ] Total time for which application threads were stopped: 0.0930556 seconds, Stopping threads took: 0.0929763 seconds
[2022-02-07T12:33:30.397+0000][126.777s][debug][safepoint     ] Safepoint synchronization initiated. (10 threads)
[2022-02-07T12:33:30.397+0000][126.777s][info ][safepoint     ] Application time: 0.0253238 seconds
[2022-02-07T12:33:30.397+0000][126.777s][info ][safepoint     ] Entering safepoint region: G1CollectForAllocation
[2022-02-07T12:33:30.397+0000][126.777s][info ][gc,start      ] GC(2) Pause Young (Normal) (G1 Evacuation Pause)
[2022-02-07T12:33:30.397+0000][126.777s][info ][gc,task       ] GC(2) Using 3 workers of 4 for evacuation
[2022-02-07T12:33:30.411+0000][126.791s][info ][gc,phases     ] GC(2)   Pre Evacuate Collection Set: 0.0ms
[2022-02-07T12:33:30.411+0000][126.791s][info ][gc,phases     ] GC(2)   Evacuate Collection Set: 13.1ms
[2022-02-07T12:33:30.411+0000][126.791s][info ][gc,phases     ] GC(2)   Post Evacuate Collection Set: 0.8ms
[2022-02-07T12:33:30.411+0000][126.791s][info ][gc,phases     ] GC(2)   Other: 0.1ms
[2022-02-07T12:33:30.411+0000][126.791s][info ][gc,heap       ] GC(2) Eden regions: 67->0(71)
[2022-02-07T12:33:30.411+0000][126.791s][info ][gc,heap       ] GC(2) Survivor regions: 7->3(10)
[2022-02-07T12:33:30.411+0000][126.791s][info ][gc,heap       ] GC(2) Old regions: 3->8
[2022-02-07T12:33:30.411+0000][126.791s][info ][gc,heap       ] GC(2) Humongous regions: 0->0
[2022-02-07T12:33:30.411+0000][126.791s][info ][gc,metaspace  ] GC(2) Metaspace: 5709K->5709K(1056768K)
[2022-02-07T12:33:30.411+0000][126.791s][info ][gc            ] GC(2) Pause Young (Normal) (G1 Evacuation Pause) 74M->8M(126M) 14.201ms
[2022-02-07T12:33:30.411+0000][126.791s][info ][gc,cpu        ] GC(2) User=0.03s Sys=0.00s Real=0.01s
[2022-02-07T12:33:30.411+0000][126.791s][info ][safepoint     ] Leaving safepoint region
[2022-02-07T12:33:30.411+0000][126.791s][info ][safepoint     ] Total time for which application threads were stopped: 0.0143004 seconds, Stopping threads took: 0.0000095 seconds
[2022-02-07T12:33:30.411+0000][126.792s][info ][gc,stringdedup] Concurrent String Deduplication (126.792s)
[2022-02-07T12:33:30.415+0000][126.796s][info ][gc,stringdedup] Concurrent String Deduplication 1138.9K->1051.2K(89848.0B) avg 6.0% (126.792s, 126.796s) 4.032ms
[2022-02-07T12:33:31.411+0000][127.792s][debug][safepoint     ] Safepoint synchronization initiated. (10 threads)
[2022-02-07T12:33:31.411+0000][127.792s][info ][safepoint     ] Application time: 1.0001174 seconds
[2022-02-07T12:33:31.411+0000][127.792s][info ][safepoint     ] Entering safepoint region: Cleanup
[2022-02-07T12:33:31.411+0000][127.792s][info ][safepoint     ] Leaving safepoint region
[2022-02-07T12:33:31.411+0000][127.792s][info ][safepoint     ] Total time for which application threads were stopped: 0.0000849 seconds, Stopping threads took: 0.0000134 seconds
[2022-02-07T12:33:32.411+0000][128.792s][debug][safepoint     ] Safepoint synchronization initiated. (10 threads)
[2022-02-07T12:33:32.411+0000][128.792s][info ][safepoint     ] Application time: 1.0001031 seconds
[2022-02-07T12:33:32.411+0000][128.792s][debug][safepoint     ] Waiting for 1 thread(s) to block
[2022-02-07T12:33:32.452+0000][128.833s][info ][safepoint     ] Entering safepoint region: Cleanup
[2022-02-07T12:33:32.452+0000][128.833s][info ][safepoint     ] Leaving safepoint region
[2022-02-07T12:33:32.452+0000][128.833s][info ][safepoint     ] Total time for which application threads were stopped: 0.0410059 seconds, Stopping threads took: 0.0409132 seconds
[2022-02-07T12:33:33.452+0000][129.833s][debug][safepoint     ] Safepoint synchronization initiated. (10 threads)
[2022-02-07T12:33:33.452+0000][129.833s][info ][safepoint     ] Application time: 1.0001158 seconds
[2022-02-07T12:33:33.452+0000][129.833s][info ][safepoint     ] Entering safepoint region: Cleanup
[2022-02-07T12:33:33.452+0000][129.833s][info ][safepoint     ] Leaving safepoint region
[2022-02-07T12:33:33.452+0000][129.833s][info ][safepoint     ] Total time for which application threads were stopped: 0.0000875 seconds, Stopping threads took: 0.0000106 seconds
[2022-02-07T12:33:34.453+0000][130.833s][debug][safepoint     ] Safepoint synchronization initiated. (10 threads)
[2022-02-07T12:33:34.453+0000][130.833s][info ][safepoint     ] Application time: 1.0001277 seconds
[2022-02-07T12:33:34.453+0000][130.833s][info ][safepoint     ] Entering safepoint region: Cleanup
[2022-02-07T12:33:34.453+0000][130.833s][info ][safepoint     ] Leaving safepoint region
[2022-02-07T12:33:34.453+0000][130.833s][info ][safepoint     ] Total time for which application threads were stopped: 0.0001107 seconds, Stopping threads took: 0.0000184 seconds
[2022-02-07T12:33:35.453+0000][131.833s][debug][safepoint     ] Safepoint synchronization initiated. (10 threads)
[2022-02-07T12:33:35.453+0000][131.833s][info ][safepoint     ] Application time: 1.0001333 seconds
[2022-02-07T12:33:35.453+0000][131.833s][info ][safepoint     ] Entering safepoint region: Cleanup
[2022-02-07T12:33:35.453+0000][131.834s][info ][safepoint     ] Leaving safepoint region
[2022-02-07T12:33:35.453+0000][131.834s][info ][safepoint     ] Total time for which application threads were stopped: 0.0000778 seconds, Stopping threads took: 0.0000118 seconds
[2022-02-07T12:33:36.453+0000][132.834s][debug][safepoint     ] Safepoint synchronization initiated. (10 threads)
[2022-02-07T12:33:36.453+0000][132.834s][info ][safepoint     ] Application time: 1.0001119 seconds
[2022-02-07T12:33:36.453+0000][132.834s][info ][safepoint     ] Entering safepoint region: Cleanup
[2022-02-07T12:33:36.453+0000][132.834s][info ][safepoint     ] Leaving safepoint region
[2022-02-07T12:33:36.453+0000][132.834s][info ][safepoint     ] Total time for which application threads were stopped: 0.0000953 seconds, Stopping threads took: 0.0000120 seconds
[2022-02-07T12:33:37.453+0000][133.834s][debug][safepoint     ] Safepoint synchronization initiated. (10 threads)
[2022-02-07T12:33:37.453+0000][133.834s][info ][safepoint     ] Application time: 1.0001297 seconds
[2022-02-07T12:33:37.453+0000][133.834s][info ][safepoint     ] Entering safepoint region: Cleanup
[2022-02-07T12:33:37.453+0000][133.834s][info ][safepoint     ] Leaving safepoint region
[2022-02-07T12:33:37.453+0000][133.834s][info ][safepoint     ] Total time for which application threads were stopped: 0.0000800 seconds, Stopping threads took: 0.0000124 seconds
[2022-02-07T12:33:38.453+0000][134.834s][debug][safepoint     ] Safepoint synchronization initiated. (10 threads)
[2022-02-07T12:33:38.454+0000][134.834s][info ][safepoint     ] Application time: 1.0001176 seconds
[2022-02-07T12:33:38.454+0000][134.834s][info ][safepoint     ] Entering safepoint region: Cleanup
[2022-02-07T12:33:38.454+0000][134.834s][info ][safepoint     ] Leaving safepoint region
[2022-02-07T12:33:38.454+0000][134.834s][info ][safepoint     ] Total time for which application threads were stopped: 0.0001351 seconds, Stopping threads took: 0.0000103 seconds
[2022-02-07T12:33:39.454+0000][135.834s][debug][safepoint     ] Safepoint synchronization initiated. (11 threads)
[2022-02-07T12:33:39.454+0000][135.834s][info ][safepoint     ] Application time: 1.0001008 seconds
[2022-02-07T12:33:39.454+0000][135.834s][debug][safepoint     ] Waiting for 1 thread(s) to block
[2022-02-07T12:33:39.466+0000][135.846s][info ][safepoint     ] Entering safepoint region: Cleanup
[2022-02-07T12:33:39.466+0000][135.846s][info ][safepoint     ] Leaving safepoint region
[2022-02-07T12:33:39.466+0000][135.847s][info ][safepoint     ] Total time for which application threads were stopped: 0.0120834 seconds, Stopping threads took: 0.0119412 seconds
[2022-02-07T12:33:40.466+0000][136.847s][debug][safepoint     ] Safepoint synchronization initiated. (11 threads)
[2022-02-07T12:33:40.466+0000][136.847s][info ][safepoint     ] Application time: 1.0001153 seconds
[2022-02-07T12:33:40.466+0000][136.847s][info ][safepoint     ] Entering safepoint region: Cleanup
[2022-02-07T12:33:40.466+0000][136.847s][info ][safepoint     ] Leaving safepoint region
[2022-02-07T12:33:40.466+0000][136.847s][info ][safepoint     ] Total time for which application threads were stopped: 0.0000770 seconds, Stopping threads took: 0.0000108 seconds
[2022-02-07T12:33:41.466+0000][137.847s][debug][safepoint     ] Safepoint synchronization initiated. (11 threads)
[2022-02-07T12:33:41.466+0000][137.847s][info ][safepoint     ] Application time: 1.0001072 seconds
[2022-02-07T12:33:41.466+0000][137.847s][debug][safepoint     ] Waiting for 1 thread(s) to block
[2022-02-07T12:33:41.593+0000][137.974s][info ][safepoint     ] Entering safepoint region: Cleanup
[2022-02-07T12:33:41.593+0000][137.974s][info ][safepoint     ] Leaving safepoint region
[2022-02-07T12:33:41.593+0000][137.974s][info ][safepoint     ] Total time for which application threads were stopped: 0.1271318 seconds, Stopping threads took: 0.1270641 seconds
[2022-02-07T12:33:42.139+0000][138.519s][debug][safepoint     ] Safepoint synchronization initiated. (11 threads)
[2022-02-07T12:33:42.139+0000][138.519s][info ][safepoint     ] Application time: 0.5453939 seconds
[2022-02-07T12:33:42.139+0000][138.519s][info ][safepoint     ] Entering safepoint region: G1CollectForAllocation
[2022-02-07T12:33:42.139+0000][138.519s][info ][gc,start      ] GC(3) Pause Young (Normal) (G1 Evacuation Pause)
[2022-02-07T12:33:42.139+0000][138.519s][info ][gc,task       ] GC(3) Using 3 workers of 4 for evacuation
[2022-02-07T12:33:42.144+0000][138.525s][info ][gc,phases     ] GC(3)   Pre Evacuate Collection Set: 0.0ms
[2022-02-07T12:33:42.144+0000][138.525s][info ][gc,phases     ] GC(3)   Evacuate Collection Set: 3.9ms
[2022-02-07T12:33:42.144+0000][138.525s][info ][gc,phases     ] GC(3)   Post Evacuate Collection Set: 1.1ms
[2022-02-07T12:33:42.144+0000][138.525s][info ][gc,phases     ] GC(3)   Other: 0.1ms
[2022-02-07T12:33:42.144+0000][138.525s][info ][gc,heap       ] GC(3) Eden regions: 71->0(70)
[2022-02-07T12:33:42.144+0000][138.525s][info ][gc,heap       ] GC(3) Survivor regions: 3->4(10)
[2022-02-07T12:33:42.144+0000][138.525s][info ][gc,heap       ] GC(3) Old regions: 8->8
[2022-02-07T12:33:42.144+0000][138.525s][info ][gc,heap       ] GC(3) Humongous regions: 0->0
[2022-02-07T12:33:42.144+0000][138.525s][info ][gc,metaspace  ] GC(3) Metaspace: 8873K->8873K(1058816K)
[2022-02-07T12:33:42.144+0000][138.525s][info ][gc            ] GC(3) Pause Young (Normal) (G1 Evacuation Pause) 79M->9M(126M) 5.206ms
[2022-02-07T12:33:42.144+0000][138.525s][info ][gc,cpu        ] GC(3) User=0.01s Sys=0.00s Real=0.00s
[2022-02-07T12:33:42.144+0000][138.525s][info ][safepoint     ] Leaving safepoint region
[2022-02-07T12:33:42.144+0000][138.525s][info ][safepoint     ] Total time for which application threads were stopped: 0.0053551 seconds, Stopping threads took: 0.0000096 seconds
[2022-02-07T12:33:42.144+0000][138.525s][info ][gc,stringdedup] Concurrent String Deduplication (138.525s)
[2022-02-07T12:33:42.146+0000][138.526s][info ][gc,stringdedup] Concurrent String Deduplication 542.3K->472.5K(71512.0B) avg 7.8% (138.525s, 138.526s) 1.399ms
[2022-02-07T12:33:43.144+0000][139.525s][debug][safepoint     ] Safepoint synchronization initiated. (11 threads)
[2022-02-07T12:33:43.144+0000][139.525s][info ][safepoint     ] Application time: 1.0001244 seconds
[2022-02-07T12:33:43.144+0000][139.525s][info ][safepoint     ] Entering safepoint region: Cleanup
[2022-02-07T12:33:43.144+0000][139.525s][info ][safepoint     ] Leaving safepoint region
[2022-02-07T12:33:43.144+0000][139.525s][info ][safepoint     ] Total time for which application threads were stopped: 0.0000941 seconds, Stopping threads took: 0.0000116 seconds
[2022-02-07T12:33:43.884+0000][140.265s][debug][safepoint     ] Safepoint synchronization initiated. (12 threads)
[2022-02-07T12:33:43.884+0000][140.265s][info ][safepoint     ] Application time: 0.7398263 seconds
[2022-02-07T12:33:43.884+0000][140.265s][info ][safepoint     ] Entering safepoint region: Deoptimize
[2022-02-07T12:33:43.885+0000][140.265s][info ][safepoint     ] Leaving safepoint region
[2022-02-07T12:33:43.885+0000][140.265s][info ][safepoint     ] Total time for which application threads were stopped: 0.0003407 seconds, Stopping threads took: 0.0000095 seconds
[2022-02-07T12:33:44.503+0000][140.884s][debug][safepoint     ] Safepoint synchronization initiated. (12 threads)
[2022-02-07T12:33:44.503+0000][140.884s][info ][safepoint     ] Application time: 0.6185192 seconds
[2022-02-07T12:33:44.503+0000][140.884s][info ][safepoint     ] Entering safepoint region: G1CollectForAllocation
[2022-02-07T12:33:44.503+0000][140.884s][info ][gc,start      ] GC(4) Pause Young (Normal) (G1 Evacuation Pause)
[2022-02-07T12:33:44.503+0000][140.884s][info ][gc,task       ] GC(4) Using 3 workers of 4 for evacuation
[2022-02-07T12:33:44.510+0000][140.890s][info ][gc,phases     ] GC(4)   Pre Evacuate Collection Set: 0.0ms
[2022-02-07T12:33:44.510+0000][140.890s][info ][gc,phases     ] GC(4)   Evacuate Collection Set: 5.3ms
[2022-02-07T12:33:44.510+0000][140.890s][info ][gc,phases     ] GC(4)   Post Evacuate Collection Set: 1.1ms
[2022-02-07T12:33:44.510+0000][140.890s][info ][gc,phases     ] GC(4)   Other: 0.1ms
[2022-02-07T12:33:44.510+0000][140.890s][info ][gc,heap       ] GC(4) Eden regions: 70->0(70)
[2022-02-07T12:33:44.510+0000][140.890s][info ][gc,heap       ] GC(4) Survivor regions: 4->4(10)
[2022-02-07T12:33:44.510+0000][140.890s][info ][gc,heap       ] GC(4) Old regions: 8->8
[2022-02-07T12:33:44.510+0000][140.890s][info ][gc,heap       ] GC(4) Humongous regions: 0->0
[2022-02-07T12:33:44.510+0000][140.890s][info ][gc,metaspace  ] GC(4) Metaspace: 10575K->10575K(1058816K)
[2022-02-07T12:33:44.510+0000][140.891s][info ][gc            ] GC(4) Pause Young (Normal) (G1 Evacuation Pause) 79M->10M(126M) 6.712ms
[2022-02-07T12:33:44.510+0000][140.891s][info ][gc,cpu        ] GC(4) User=0.02s Sys=0.00s Real=0.01s
[2022-02-07T12:33:44.510+0000][140.891s][info ][safepoint     ] Leaving safepoint region
[2022-02-07T12:33:44.510+0000][140.891s][info ][safepoint     ] Total time for which application threads were stopped: 0.0068378 seconds, Stopping threads took: 0.0000108 seconds
[2022-02-07T12:33:44.510+0000][140.891s][info ][gc,stringdedup] Concurrent String Deduplication (140.891s)
[2022-02-07T12:33:44.511+0000][140.891s][info ][gc,stringdedup] Concurrent String Deduplication 113.5K->33776.0B(82400.0B) avg 11.2% (140.891s, 140.891s) 0.743ms
[2022-02-07T12:33:45.510+0000][141.891s][debug][safepoint     ] Safepoint synchronization initiated. (11 threads)
[2022-02-07T12:33:45.510+0000][141.891s][info ][safepoint     ] Application time: 1.0001306 seconds
[2022-02-07T12:33:45.510+0000][141.891s][debug][safepoint     ] Waiting for 1 thread(s) to block
[2022-02-07T12:33:45.614+0000][141.995s][info ][safepoint     ] Entering safepoint region: Cleanup
[2022-02-07T12:33:45.614+0000][141.995s][info ][safepoint     ] Leaving safepoint region
[2022-02-07T12:33:45.614+0000][141.995s][info ][safepoint     ] Total time for which application threads were stopped: 0.1039814 seconds, Stopping threads took: 0.1038381 seconds
[2022-02-07T12:33:46.614+0000][142.995s][debug][safepoint     ] Safepoint synchronization initiated. (11 threads)
[2022-02-07T12:33:46.614+0000][142.995s][info ][safepoint     ] Application time: 1.0001330 seconds
[2022-02-07T12:33:46.614+0000][142.995s][info ][safepoint     ] Entering safepoint region: Cleanup
[2022-02-07T12:33:46.614+0000][142.995s][info ][safepoint     ] Leaving safepoint region
[2022-02-07T12:33:46.614+0000][142.995s][info ][safepoint     ] Total time for which application threads were stopped: 0.0001570 seconds, Stopping threads took: 0.0000126 seconds
[2022-02-07T12:33:47.614+0000][143.995s][debug][safepoint     ] Safepoint synchronization initiated. (11 threads)
[2022-02-07T12:33:47.615+0000][143.995s][info ][safepoint     ] Application time: 1.0001138 seconds
[2022-02-07T12:33:47.615+0000][143.995s][info ][safepoint     ] Entering safepoint region: Cleanup
[2022-02-07T12:33:47.615+0000][143.995s][info ][safepoint     ] Leaving safepoint region
[2022-02-07T12:33:47.615+0000][143.995s][info ][safepoint     ] Total time for which application threads were stopped: 0.0001136 seconds, Stopping threads took: 0.0000107 seconds
[2022-02-07T12:33:48.615+0000][144.995s][debug][safepoint     ] Safepoint synchronization initiated. (11 threads)
[2022-02-07T12:33:48.615+0000][144.995s][info ][safepoint     ] Application time: 1.0001034 seconds
[2022-02-07T12:33:48.615+0000][144.995s][info ][safepoint     ] Entering safepoint region: Cleanup
[2022-02-07T12:33:48.615+0000][144.995s][info ][safepoint     ] Leaving safepoint region
[2022-02-07T12:33:48.615+0000][144.995s][info ][safepoint     ] Total time for which application threads were stopped: 0.0000789 seconds, Stopping threads took: 0.0000105 seconds
[2022-02-07T12:33:49.615+0000][145.996s][debug][safepoint     ] Safepoint synchronization initiated. (11 threads)
[2022-02-07T12:33:49.615+0000][145.996s][info ][safepoint     ] Application time: 1.0001007 seconds
[2022-02-07T12:33:49.615+0000][145.996s][debug][safepoint     ] Waiting for 1 thread(s) to block
[2022-02-07T12:33:49.624+0000][146.005s][info ][safepoint     ] Entering safepoint region: Cleanup
[2022-02-07T12:33:49.624+0000][146.005s][info ][safepoint     ] Leaving safepoint region
[2022-02-07T12:33:49.624+0000][146.005s][info ][safepoint     ] Total time for which application threads were stopped: 0.0090797 seconds, Stopping threads took: 0.0090257 seconds
[2022-02-07T12:33:49.625+0000][146.006s][debug][safepoint     ] Safepoint synchronization initiated. (11 threads)
[2022-02-07T12:33:49.625+0000][146.006s][info ][safepoint     ] Application time: 0.0011744 seconds
[2022-02-07T12:33:49.625+0000][146.006s][debug][safepoint     ] Waiting for 1 thread(s) to block
[2022-02-07T12:33:49.659+0000][146.040s][info ][safepoint     ] Entering safepoint region: G1CollectForAllocation
[2022-02-07T12:33:49.659+0000][146.040s][info ][gc,start      ] GC(5) Pause Young (Normal) (G1 Evacuation Pause)
[2022-02-07T12:33:49.659+0000][146.040s][info ][gc,task       ] GC(5) Using 4 workers of 4 for evacuation
[2022-02-07T12:33:49.667+0000][146.048s][info ][gc,phases     ] GC(5)   Pre Evacuate Collection Set: 0.0ms
[2022-02-07T12:33:49.667+0000][146.048s][info ][gc,phases     ] GC(5)   Evacuate Collection Set: 6.9ms
[2022-02-07T12:33:49.667+0000][146.048s][info ][gc,phases     ] GC(5)   Post Evacuate Collection Set: 1.0ms
[2022-02-07T12:33:49.667+0000][146.048s][info ][gc,phases     ] GC(5)   Other: 0.2ms
[2022-02-07T12:33:49.667+0000][146.048s][info ][gc,heap       ] GC(5) Eden regions: 70->0(69)
[2022-02-07T12:33:49.667+0000][146.048s][info ][gc,heap       ] GC(5) Survivor regions: 4->5(10)
[2022-02-07T12:33:49.667+0000][146.048s][info ][gc,heap       ] GC(5) Old regions: 8->8
[2022-02-07T12:33:49.667+0000][146.048s][info ][gc,heap       ] GC(5) Humongous regions: 0->0
[2022-02-07T12:33:49.667+0000][146.048s][info ][gc,metaspace  ] GC(5) Metaspace: 12993K->12993K(1060864K)
[2022-02-07T12:33:49.667+0000][146.048s][info ][gc            ] GC(5) Pause Young (Normal) (G1 Evacuation Pause) 80M->11M(126M) 8.245ms
[2022-02-07T12:33:49.667+0000][146.048s][info ][gc,cpu        ] GC(5) User=0.02s Sys=0.00s Real=0.01s
[2022-02-07T12:33:49.668+0000][146.048s][info ][safepoint     ] Leaving safepoint region
[2022-02-07T12:33:49.668+0000][146.048s][info ][safepoint     ] Total time for which application threads were stopped: 0.0422568 seconds, Stopping threads took: 0.0338903 seconds
[2022-02-07T12:33:49.668+0000][146.048s][info ][gc,stringdedup] Concurrent String Deduplication (146.048s)
[2022-02-07T12:33:49.668+0000][146.049s][info ][gc,stringdedup] Concurrent String Deduplication 124.1K->54920.0B(72120.0B) avg 13.6% (146.048s, 146.049s) 0.655ms
[2022-02-07T12:33:50.668+0000][147.048s][debug][safepoint     ] Safepoint synchronization initiated. (12 threads)
[2022-02-07T12:33:50.668+0000][147.048s][info ][safepoint     ] Application time: 1.0001484 seconds
[2022-02-07T12:33:50.668+0000][147.048s][info ][safepoint     ] Entering safepoint region: Cleanup
[2022-02-07T12:33:50.668+0000][147.048s][info ][safepoint     ] Leaving safepoint region
[2022-02-07T12:33:50.668+0000][147.048s][info ][safepoint     ] Total time for which application threads were stopped: 0.0001448 seconds, Stopping threads took: 0.0000125 seconds
[2022-02-07T12:33:51.668+0000][148.049s][debug][safepoint     ] Safepoint synchronization initiated. (12 threads)
[2022-02-07T12:33:51.668+0000][148.049s][info ][safepoint     ] Application time: 1.0001321 seconds
[2022-02-07T12:33:51.668+0000][148.049s][info ][safepoint     ] Entering safepoint region: Cleanup
[2022-02-07T12:33:51.668+0000][148.049s][info ][safepoint     ] Leaving safepoint region
[2022-02-07T12:33:51.668+0000][148.049s][info ][safepoint     ] Total time for which application threads were stopped: 0.0000810 seconds, Stopping threads took: 0.0000129 seconds
[2022-02-07T12:33:52.668+0000][149.049s][debug][safepoint     ] Safepoint synchronization initiated. (12 threads)
[2022-02-07T12:33:52.668+0000][149.049s][info ][safepoint     ] Application time: 1.0001248 seconds
[2022-02-07T12:33:52.668+0000][149.049s][info ][safepoint     ] Entering safepoint region: Cleanup
[2022-02-07T12:33:52.668+0000][149.049s][info ][safepoint     ] Leaving safepoint region
[2022-02-07T12:33:52.668+0000][149.049s][info ][safepoint     ] Total time for which application threads were stopped: 0.0001102 seconds, Stopping threads took: 0.0000127 seconds
[2022-02-07T12:33:53.177+0000][149.558s][debug][safepoint     ] Safepoint synchronization initiated. (12 threads)
[2022-02-07T12:33:53.177+0000][149.558s][info ][safepoint     ] Application time: 0.5088071 seconds
[2022-02-07T12:33:53.177+0000][149.558s][info ][safepoint     ] Entering safepoint region: G1CollectForAllocation
[2022-02-07T12:33:53.177+0000][149.558s][info ][gc,start      ] GC(6) Pause Young (Normal) (G1 Evacuation Pause)
[2022-02-07T12:33:53.177+0000][149.558s][info ][gc,task       ] GC(6) Using 4 workers of 4 for evacuation
[2022-02-07T12:33:53.183+0000][149.564s][info ][gc,phases     ] GC(6)   Pre Evacuate Collection Set: 0.0ms
[2022-02-07T12:33:53.183+0000][149.564s][info ][gc,phases     ] GC(6)   Evacuate Collection Set: 5.2ms
[2022-02-07T12:33:53.183+0000][149.564s][info ][gc,phases     ] GC(6)   Post Evacuate Collection Set: 0.9ms
[2022-02-07T12:33:53.183+0000][149.564s][info ][gc,phases     ] GC(6)   Other: 0.1ms
[2022-02-07T12:33:53.183+0000][149.564s][info ][gc,heap       ] GC(6) Eden regions: 69->0(68)
[2022-02-07T12:33:53.183+0000][149.564s][info ][gc,heap       ] GC(6) Survivor regions: 5->6(10)
[2022-02-07T12:33:53.183+0000][149.564s][info ][gc,heap       ] GC(6) Old regions: 8->8
[2022-02-07T12:33:53.183+0000][149.564s][info ][gc,heap       ] GC(6) Humongous regions: 0->0
[2022-02-07T12:33:53.184+0000][149.564s][info ][gc,metaspace  ] GC(6) Metaspace: 14899K->14899K(1062912K)
[2022-02-07T12:33:53.184+0000][149.564s][info ][gc            ] GC(6) Pause Young (Normal) (G1 Evacuation Pause) 80M->11M(126M) 6.305ms
[2022-02-07T12:33:53.184+0000][149.564s][info ][gc,cpu        ] GC(6) User=0.02s Sys=0.00s Real=0.00s
[2022-02-07T12:33:53.184+0000][149.564s][info ][safepoint     ] Leaving safepoint region
[2022-02-07T12:33:53.184+0000][149.564s][info ][safepoint     ] Total time for which application threads were stopped: 0.0064228 seconds, Stopping threads took: 0.0000094 seconds
[2022-02-07T12:33:53.184+0000][149.564s][info ][gc,stringdedup] Concurrent String Deduplication (149.564s)
[2022-02-07T12:33:53.184+0000][149.565s][info ][gc,stringdedup] Concurrent String Deduplication 101.7K->84096.0B(20008.0B) avg 13.9% (149.564s, 149.565s) 0.467ms
[2022-02-07T12:33:53.864+0000][150.245s][debug][safepoint     ] Safepoint synchronization initiated. (12 threads)
[2022-02-07T12:33:53.864+0000][150.245s][info ][safepoint     ] Application time: 0.6804464 seconds
[2022-02-07T12:33:53.864+0000][150.245s][info ][safepoint     ] Entering safepoint region: Deoptimize
[2022-02-07T12:33:53.864+0000][150.245s][info ][safepoint     ] Leaving safepoint region
[2022-02-07T12:33:53.864+0000][150.245s][info ][safepoint     ] Total time for which application threads were stopped: 0.0002731 seconds, Stopping threads took: 0.0000094 seconds
[2022-02-07T12:33:53.914+0000][150.295s][debug][safepoint     ] Safepoint synchronization initiated. (12 threads)
[2022-02-07T12:33:53.914+0000][150.295s][info ][safepoint     ] Application time: 0.0500458 seconds
[2022-02-07T12:33:53.914+0000][150.295s][debug][safepoint     ] ... found polling page loop exception at pc = 0x00007f91503f350c, stub =0x00007f91488be900
[2022-02-07T12:33:53.914+0000][150.295s][debug][safepoint     ] Waiting for 2 thread(s) to block
[2022-02-07T12:33:53.914+0000][150.295s][info ][safepoint     ] Entering safepoint region: Deoptimize
[2022-02-07T12:33:53.915+0000][150.295s][info ][safepoint     ] Leaving safepoint region
[2022-02-07T12:33:53.915+0000][150.295s][info ][safepoint     ] Total time for which application threads were stopped: 0.0004028 seconds, Stopping threads took: 0.0001130 seconds
[2022-02-07T12:33:53.933+0000][150.313s][debug][safepoint     ] Safepoint synchronization initiated. (13 threads)
[2022-02-07T12:33:53.933+0000][150.313s][info ][safepoint     ] Application time: 0.0179533 seconds
[2022-02-07T12:33:53.933+0000][150.313s][debug][safepoint     ] ... found polling page return exception at pc = 0x00007f9150412cbc, stub =0x00007f91488beb80
[2022-02-07T12:33:53.933+0000][150.313s][debug][safepoint     ] Waiting for 1 thread(s) to block
[2022-02-07T12:33:53.933+0000][150.313s][info ][safepoint     ] Entering safepoint region: G1CollectForAllocation
[2022-02-07T12:33:53.933+0000][150.314s][info ][gc,start      ] GC(7) Pause Young (Normal) (G1 Evacuation Pause)
[2022-02-07T12:33:53.933+0000][150.314s][info ][gc,task       ] GC(7) Using 4 workers of 4 for evacuation
[2022-02-07T12:33:53.940+0000][150.321s][info ][gc,phases     ] GC(7)   Pre Evacuate Collection Set: 0.0ms
[2022-02-07T12:33:53.940+0000][150.321s][info ][gc,phases     ] GC(7)   Evacuate Collection Set: 5.5ms
[2022-02-07T12:33:53.940+0000][150.321s][info ][gc,phases     ] GC(7)   Post Evacuate Collection Set: 1.4ms
[2022-02-07T12:33:53.940+0000][150.321s][info ][gc,phases     ] GC(7)   Other: 0.1ms
[2022-02-07T12:33:53.940+0000][150.321s][info ][gc,heap       ] GC(7) Eden regions: 68->0(68)
[2022-02-07T12:33:53.940+0000][150.321s][info ][gc,heap       ] GC(7) Survivor regions: 6->6(10)
[2022-02-07T12:33:53.940+0000][150.321s][info ][gc,heap       ] GC(7) Old regions: 8->8
[2022-02-07T12:33:53.940+0000][150.321s][info ][gc,heap       ] GC(7) Humongous regions: 0->0
[2022-02-07T12:33:53.940+0000][150.321s][info ][gc,metaspace  ] GC(7) Metaspace: 16404K->16404K(1064960K)
[2022-02-07T12:33:53.940+0000][150.321s][info ][gc            ] GC(7) Pause Young (Normal) (G1 Evacuation Pause) 79M->12M(126M) 7.209ms
[2022-02-07T12:33:53.940+0000][150.321s][info ][gc,cpu        ] GC(7) User=0.01s Sys=0.00s Real=0.00s
[2022-02-07T12:33:53.940+0000][150.321s][info ][safepoint     ] Leaving safepoint region
[2022-02-07T12:33:53.940+0000][150.321s][info ][safepoint     ] Total time for which application threads were stopped: 0.0074659 seconds, Stopping threads took: 0.0001133 seconds
[2022-02-07T12:33:53.940+0000][150.321s][info ][gc,stringdedup] Concurrent String Deduplication (150.321s)
[2022-02-07T12:33:53.941+0000][150.321s][info ][gc,stringdedup] Concurrent String Deduplication 55696.0B->17208.0B(38488.0B) avg 15.1% (150.321s, 150.321s) 0.347ms
[2022-02-07T12:33:54.940+0000][151.321s][debug][safepoint     ] Safepoint synchronization initiated. (12 threads)
[2022-02-07T12:33:54.940+0000][151.321s][info ][safepoint     ] Application time: 1.0001184 seconds
[2022-02-07T12:33:54.940+0000][151.321s][info ][safepoint     ] Entering safepoint region: Cleanup
[2022-02-07T12:33:54.940+0000][151.321s][info ][safepoint     ] Leaving safepoint region
[2022-02-07T12:33:54.940+0000][151.321s][info ][safepoint     ] Total time for which application threads were stopped: 0.0000956 seconds, Stopping threads took: 0.0000107 seconds
[2022-02-07T12:33:54.977+0000][151.358s][debug][safepoint     ] Safepoint synchronization initiated. (12 threads)
[2022-02-07T12:33:54.977+0000][151.358s][info ][safepoint     ] Application time: 0.0370096 seconds
[2022-02-07T12:33:54.977+0000][151.358s][debug][safepoint     ] Waiting for 1 thread(s) to block
[2022-02-07T12:33:54.977+0000][151.358s][info ][safepoint     ] Entering safepoint region: Deoptimize
[2022-02-07T12:33:54.978+0000][151.358s][info ][safepoint     ] Leaving safepoint region
[2022-02-07T12:33:54.978+0000][151.358s][info ][safepoint     ] Total time for which application threads were stopped: 0.0002852 seconds, Stopping threads took: 0.0000392 seconds
[2022-02-07T12:33:55.838+0000][152.219s][debug][safepoint     ] Safepoint synchronization initiated. (13 threads)
[2022-02-07T12:33:55.838+0000][152.219s][info ][safepoint     ] Application time: 0.8602482 seconds
[2022-02-07T12:33:55.838+0000][152.219s][debug][safepoint     ] Waiting for 2 thread(s) to block
[2022-02-07T12:33:55.894+0000][152.275s][info ][safepoint     ] Entering safepoint region: G1CollectForAllocation
[2022-02-07T12:33:55.894+0000][152.275s][info ][gc,start      ] GC(8) Pause Young (Normal) (G1 Evacuation Pause)
[2022-02-07T12:33:55.894+0000][152.275s][info ][gc,task       ] GC(8) Using 4 workers of 4 for evacuation
[2022-02-07T12:33:55.907+0000][152.287s][info ][gc,phases     ] GC(8)   Pre Evacuate Collection Set: 0.0ms
[2022-02-07T12:33:55.907+0000][152.287s][info ][gc,phases     ] GC(8)   Evacuate Collection Set: 11.0ms
[2022-02-07T12:33:55.907+0000][152.287s][info ][gc,phases     ] GC(8)   Post Evacuate Collection Set: 1.4ms
[2022-02-07T12:33:55.907+0000][152.287s][info ][gc,phases     ] GC(8)   Other: 0.1ms
[2022-02-07T12:33:55.907+0000][152.287s][info ][gc,heap       ] GC(8) Eden regions: 68->0(67)
[2022-02-07T12:33:55.907+0000][152.287s][info ][gc,heap       ] GC(8) Survivor regions: 6->7(10)
[2022-02-07T12:33:55.907+0000][152.287s][info ][gc,heap       ] GC(8) Old regions: 8->9
[2022-02-07T12:33:55.907+0000][152.287s][info ][gc,heap       ] GC(8) Humongous regions: 0->0
[2022-02-07T12:33:55.907+0000][152.287s][info ][gc,metaspace  ] GC(8) Metaspace: 18374K->18374K(1067008K)
[2022-02-07T12:33:55.907+0000][152.287s][info ][gc            ] GC(8) Pause Young (Normal) (G1 Evacuation Pause) 80M->13M(126M) 12.669ms
[2022-02-07T12:33:55.907+0000][152.287s][info ][gc,cpu        ] GC(8) User=0.02s Sys=0.00s Real=0.01s
[2022-02-07T12:33:55.907+0000][152.287s][info ][safepoint     ] Leaving safepoint region
[2022-02-07T12:33:55.907+0000][152.287s][info ][safepoint     ] Total time for which application threads were stopped: 0.0688814 seconds, Stopping threads took: 0.0560236 seconds
[2022-02-07T12:33:55.907+0000][152.288s][info ][gc,stringdedup] Concurrent String Deduplication (152.288s)
[2022-02-07T12:33:55.907+0000][152.288s][info ][gc,stringdedup] Concurrent String Deduplication 49800.0B->13480.0B(36320.0B) avg 16.2% (152.288s, 152.288s) 0.302ms
[2022-02-07T12:33:56.909+0000][153.289s][debug][safepoint     ] Safepoint synchronization initiated. (13 threads)
[2022-02-07T12:33:56.909+0000][153.289s][info ][safepoint     ] Application time: 1.0019741 seconds
[2022-02-07T12:33:56.909+0000][153.289s][info ][safepoint     ] Entering safepoint region: Cleanup
[2022-02-07T12:33:56.909+0000][153.290s][info ][safepoint     ] Leaving safepoint region
[2022-02-07T12:33:56.909+0000][153.290s][info ][safepoint     ] Total time for which application threads were stopped: 0.0001425 seconds, Stopping threads took: 0.0000117 seconds
[2022-02-07T12:33:57.909+0000][154.290s][debug][safepoint     ] Safepoint synchronization initiated. (13 threads)
[2022-02-07T12:33:57.909+0000][154.290s][info ][safepoint     ] Application time: 1.0000990 seconds
[2022-02-07T12:33:57.909+0000][154.290s][info ][safepoint     ] Entering safepoint region: Cleanup
[2022-02-07T12:33:57.909+0000][154.290s][info ][safepoint     ] Leaving safepoint region
[2022-02-07T12:33:57.909+0000][154.290s][info ][safepoint     ] Total time for which application threads were stopped: 0.0000796 seconds, Stopping threads took: 0.0000109 seconds
[2022-02-07T12:33:58.909+0000][155.290s][debug][safepoint     ] Safepoint synchronization initiated. (13 threads)
[2022-02-07T12:33:58.909+0000][155.290s][info ][safepoint     ] Application time: 1.0001094 seconds
[2022-02-07T12:33:58.909+0000][155.290s][info ][safepoint     ] Entering safepoint region: Cleanup
[2022-02-07T12:33:58.909+0000][155.290s][info ][safepoint     ] Leaving safepoint region
[2022-02-07T12:33:58.909+0000][155.290s][info ][safepoint     ] Total time for which application threads were stopped: 0.0001433 seconds, Stopping threads took: 0.0000122 seconds
[2022-02-07T12:33:59.278+0000][155.659s][debug][safepoint     ] Safepoint synchronization initiated. (13 threads)
[2022-02-07T12:33:59.278+0000][155.659s][info ][safepoint     ] Application time: 0.3686792 seconds
[2022-02-07T12:33:59.278+0000][155.659s][debug][safepoint     ] Waiting for 1 thread(s) to block
[2022-02-07T12:33:59.318+0000][155.698s][info ][safepoint     ] Entering safepoint region: G1CollectForAllocation
[2022-02-07T12:33:59.318+0000][155.698s][info ][gc,start      ] GC(9) Pause Young (Normal) (G1 Evacuation Pause)
[2022-02-07T12:33:59.318+0000][155.698s][info ][gc,task       ] GC(9) Using 4 workers of 4 for evacuation
[2022-02-07T12:33:59.329+0000][155.709s][info ][gc,phases     ] GC(9)   Pre Evacuate Collection Set: 0.0ms
[2022-02-07T12:33:59.329+0000][155.709s][info ][gc,phases     ] GC(9)   Evacuate Collection Set: 9.5ms
[2022-02-07T12:33:59.329+0000][155.709s][info ][gc,phases     ] GC(9)   Post Evacuate Collection Set: 1.3ms
[2022-02-07T12:33:59.329+0000][155.709s][info ][gc,phases     ] GC(9)   Other: 0.1ms
[2022-02-07T12:33:59.329+0000][155.709s][info ][gc,heap       ] GC(9) Eden regions: 67->0(67)
[2022-02-07T12:33:59.329+0000][155.709s][info ][gc,heap       ] GC(9) Survivor regions: 7->7(10)
[2022-02-07T12:33:59.329+0000][155.709s][info ][gc,heap       ] GC(9) Old regions: 9->10
[2022-02-07T12:33:59.329+0000][155.709s][info ][gc,heap       ] GC(9) Humongous regions: 0->0
[2022-02-07T12:33:59.329+0000][155.709s][info ][gc,metaspace  ] GC(9) Metaspace: 20550K->20550K(1067008K)
[2022-02-07T12:33:59.329+0000][155.709s][info ][gc            ] GC(9) Pause Young (Normal) (G1 Evacuation Pause) 80M->14M(126M) 11.073ms
[2022-02-07T12:33:59.329+0000][155.709s][info ][gc,cpu        ] GC(9) User=0.03s Sys=0.00s Real=0.01s
[2022-02-07T12:33:59.329+0000][155.709s][info ][safepoint     ] Leaving safepoint region
[2022-02-07T12:33:59.329+0000][155.709s][info ][safepoint     ] Total time for which application threads were stopped: 0.0506680 seconds, Stopping threads took: 0.0394540 seconds
[2022-02-07T12:33:59.329+0000][155.710s][info ][gc,stringdedup] Concurrent String Deduplication (155.710s)
[2022-02-07T12:33:59.329+0000][155.710s][info ][gc,stringdedup] Concurrent String Deduplication 107.2K->28640.0B(81152.0B) avg 18.6% (155.710s, 155.710s) 0.479ms
[2022-02-07T12:33:59.331+0000][155.712s][debug][safepoint     ] Safepoint synchronization initiated. (13 threads)
[2022-02-07T12:33:59.331+0000][155.712s][info ][safepoint     ] Application time: 0.0023794 seconds
[2022-02-07T12:33:59.331+0000][155.712s][info ][safepoint     ] Entering safepoint region: CollectForMetadataAllocation
[2022-02-07T12:33:59.331+0000][155.712s][info ][safepoint     ] Leaving safepoint region
[2022-02-07T12:33:59.331+0000][155.712s][info ][safepoint     ] Total time for which application threads were stopped: 0.0001315 seconds, Stopping threads took: 0.0000106 seconds
[2022-02-07T12:33:59.331+0000][155.712s][debug][safepoint     ] Safepoint synchronization initiated. (13 threads)
[2022-02-07T12:33:59.331+0000][155.712s][info ][safepoint     ] Application time: 0.0000366 seconds
[2022-02-07T12:33:59.331+0000][155.712s][debug][safepoint     ] Waiting for 2 thread(s) to block
[2022-02-07T12:33:59.331+0000][155.712s][info ][safepoint     ] Entering safepoint region: G1CollectForAllocation
[2022-02-07T12:33:59.332+0000][155.712s][info ][gc,start      ] GC(10) Pause Young (Concurrent Start) (GCLocker Initiated GC)
[2022-02-07T12:33:59.332+0000][155.712s][info ][gc,task       ] GC(10) Using 4 workers of 4 for evacuation
[2022-02-07T12:33:59.342+0000][155.722s][info ][gc,phases     ] GC(10)   Pre Evacuate Collection Set: 0.0ms
[2022-02-07T12:33:59.342+0000][155.723s][info ][gc,phases     ] GC(10)   Evacuate Collection Set: 9.0ms
[2022-02-07T12:33:59.342+0000][155.723s][info ][gc,phases     ] GC(10)   Post Evacuate Collection Set: 1.1ms
[2022-02-07T12:33:59.342+0000][155.723s][info ][gc,phases     ] GC(10)   Other: 0.2ms
[2022-02-07T12:33:59.342+0000][155.723s][info ][gc,heap       ] GC(10) Eden regions: 2->0(63)
[2022-02-07T12:33:59.342+0000][155.723s][info ][gc,heap       ] GC(10) Survivor regions: 7->6(10)
[2022-02-07T12:33:59.342+0000][155.723s][info ][gc,heap       ] GC(10) Old regions: 10->11
[2022-02-07T12:33:59.342+0000][155.723s][info ][gc,heap       ] GC(10) Humongous regions: 0->0
[2022-02-07T12:33:59.342+0000][155.723s][info ][gc,metaspace  ] GC(10) Metaspace: 20576K->20576K(1069056K)
[2022-02-07T12:33:59.342+0000][155.723s][info ][gc            ] GC(10) Pause Young (Concurrent Start) (GCLocker Initiated GC) 16M->14M(126M) 10.408ms
[2022-02-07T12:33:59.342+0000][155.723s][info ][gc,cpu        ] GC(10) User=0.02s Sys=0.00s Real=0.01s
[2022-02-07T12:33:59.342+0000][155.723s][info ][safepoint     ] Leaving safepoint region
[2022-02-07T12:33:59.342+0000][155.723s][info ][safepoint     ] Total time for which application threads were stopped: 0.0106035 seconds, Stopping threads took: 0.0000616 seconds
[2022-02-07T12:33:59.342+0000][155.723s][info ][gc            ] GC(11) Concurrent Cycle
[2022-02-07T12:33:59.342+0000][155.723s][info ][gc,stringdedup] Concurrent String Deduplication (155.723s)
[2022-02-07T12:33:59.342+0000][155.723s][info ][gc,marking    ] GC(11) Concurrent Clear Claimed Marks
[2022-02-07T12:33:59.342+0000][155.723s][info ][gc,marking    ] GC(11) Concurrent Clear Claimed Marks 0.027ms
[2022-02-07T12:33:59.342+0000][155.723s][info ][gc,marking    ] GC(11) Concurrent Scan Root Regions
[2022-02-07T12:33:59.344+0000][155.724s][info ][gc,stringdedup] Concurrent String Deduplication 563.3K->523.0K(41264.0B) avg 16.6% (155.723s, 155.724s) 1.725ms
[2022-02-07T12:33:59.345+0000][155.726s][info ][gc,marking    ] GC(11) Concurrent Scan Root Regions 3.336ms
[2022-02-07T12:33:59.346+0000][155.726s][info ][gc,marking    ] GC(11) Concurrent Mark (155.726s)
[2022-02-07T12:33:59.346+0000][155.726s][info ][gc,marking    ] GC(11) Concurrent Mark From Roots
[2022-02-07T12:33:59.346+0000][155.726s][info ][gc,task       ] GC(11) Using 1 workers of 1 for marking
[2022-02-07T12:33:59.368+0000][155.749s][info ][gc,marking    ] GC(11) Concurrent Mark From Roots 22.372ms
[2022-02-07T12:33:59.368+0000][155.749s][info ][gc,marking    ] GC(11) Concurrent Preclean
[2022-02-07T12:33:59.368+0000][155.749s][info ][gc,marking    ] GC(11) Concurrent Preclean 0.082ms
[2022-02-07T12:33:59.368+0000][155.749s][info ][gc,marking    ] GC(11) Concurrent Mark (155.726s, 155.749s) 22.548ms
[2022-02-07T12:33:59.368+0000][155.749s][debug][safepoint     ] Safepoint synchronization initiated. (13 threads)
[2022-02-07T12:33:59.368+0000][155.749s][info ][safepoint     ] Application time: 0.0260730 seconds
[2022-02-07T12:33:59.368+0000][155.749s][info ][safepoint     ] Entering safepoint region: CGC_Operation
[2022-02-07T12:33:59.368+0000][155.749s][info ][gc,start      ] GC(11) Pause Remark
[2022-02-07T12:33:59.372+0000][155.752s][info ][gc,stringtable] GC(11) Cleaned string and symbol table, strings: 8061 processed, 9 removed, symbols: 55367 processed, 100 removed
[2022-02-07T12:33:59.372+0000][155.752s][info ][gc            ] GC(11) Pause Remark 22M->22M(126M) 3.551ms
[2022-02-07T12:33:59.372+0000][155.752s][info ][gc,cpu        ] GC(11) User=0.01s Sys=0.01s Real=0.00s
[2022-02-07T12:33:59.372+0000][155.752s][info ][safepoint     ] Leaving safepoint region
[2022-02-07T12:33:59.372+0000][155.752s][info ][safepoint     ] Total time for which application threads were stopped: 0.0036722 seconds, Stopping threads took: 0.0000276 seconds
[2022-02-07T12:33:59.372+0000][155.752s][info ][gc,marking    ] GC(11) Concurrent Rebuild Remembered Sets
[2022-02-07T12:33:59.380+0000][155.760s][info ][gc,marking    ] GC(11) Concurrent Rebuild Remembered Sets 7.890ms
[2022-02-07T12:33:59.380+0000][155.760s][debug][safepoint     ] Safepoint synchronization initiated. (13 threads)
[2022-02-07T12:33:59.380+0000][155.760s][info ][safepoint     ] Application time: 0.0079976 seconds
[2022-02-07T12:33:59.380+0000][155.760s][debug][safepoint     ] Waiting for 1 thread(s) to block
[2022-02-07T12:33:59.421+0000][155.802s][info ][safepoint     ] Entering safepoint region: CGC_Operation
[2022-02-07T12:33:59.421+0000][155.802s][info ][gc,start      ] GC(11) Pause Cleanup
[2022-02-07T12:33:59.422+0000][155.802s][info ][gc            ] GC(11) Pause Cleanup 22M->22M(126M) 0.129ms
[2022-02-07T12:33:59.422+0000][155.802s][info ][gc,cpu        ] GC(11) User=0.00s Sys=0.00s Real=0.00s
[2022-02-07T12:33:59.422+0000][155.802s][info ][safepoint     ] Leaving safepoint region
[2022-02-07T12:33:59.422+0000][155.802s][info ][safepoint     ] Total time for which application threads were stopped: 0.0417455 seconds, Stopping threads took: 0.0415015 seconds
[2022-02-07T12:33:59.422+0000][155.802s][info ][gc,marking    ] GC(11) Concurrent Cleanup for Next Mark
[2022-02-07T12:33:59.423+0000][155.803s][info ][gc,marking    ] GC(11) Concurrent Cleanup for Next Mark 0.959ms
[2022-02-07T12:33:59.423+0000][155.803s][info ][gc            ] GC(11) Concurrent Cycle 80.566ms
[2022-02-07T12:34:00.369+0000][156.750s][debug][safepoint     ] Safepoint synchronization initiated. (14 threads)
[2022-02-07T12:34:00.369+0000][156.750s][info ][safepoint     ] Application time: 0.9476727 seconds
[2022-02-07T12:34:00.369+0000][156.750s][debug][safepoint     ] Waiting for 1 thread(s) to block
[2022-02-07T12:34:00.369+0000][156.750s][info ][safepoint     ] Entering safepoint region: G1CollectForAllocation
[2022-02-07T12:34:00.369+0000][156.750s][info ][gc,start      ] GC(12) Pause Young (Normal) (G1 Evacuation Pause)
[2022-02-07T12:34:00.369+0000][156.750s][info ][gc,task       ] GC(12) Using 4 workers of 4 for evacuation
[2022-02-07T12:34:00.385+0000][156.766s][info ][gc,phases     ] GC(12)   Pre Evacuate Collection Set: 0.0ms
[2022-02-07T12:34:00.385+0000][156.766s][info ][gc,phases     ] GC(12)   Evacuate Collection Set: 14.6ms
[2022-02-07T12:34:00.385+0000][156.766s][info ][gc,phases     ] GC(12)   Post Evacuate Collection Set: 1.4ms
[2022-02-07T12:34:00.386+0000][156.766s][info ][gc,phases     ] GC(12)   Other: 0.1ms
[2022-02-07T12:34:00.386+0000][156.766s][info ][gc,heap       ] GC(12) Eden regions: 63->0(67)
[2022-02-07T12:34:00.386+0000][156.766s][info ][gc,heap       ] GC(12) Survivor regions: 6->6(9)
[2022-02-07T12:34:00.386+0000][156.766s][info ][gc,heap       ] GC(12) Old regions: 11->12
[2022-02-07T12:34:00.386+0000][156.766s][info ][gc,heap       ] GC(12) Humongous regions: 0->0
[2022-02-07T12:34:00.386+0000][156.766s][info ][gc,metaspace  ] GC(12) Metaspace: 22154K->22154K(1069056K)
[2022-02-07T12:34:00.386+0000][156.766s][info ][gc            ] GC(12) Pause Young (Normal) (G1 Evacuation Pause) 77M->15M(126M) 16.199ms
[2022-02-07T12:34:00.386+0000][156.766s][info ][gc,cpu        ] GC(12) User=0.05s Sys=0.00s Real=0.02s
[2022-02-07T12:34:00.386+0000][156.766s][info ][safepoint     ] Leaving safepoint region
[2022-02-07T12:34:00.386+0000][156.766s][info ][safepoint     ] Total time for which application threads were stopped: 0.0163715 seconds, Stopping threads took: 0.0000493 seconds
[2022-02-07T12:34:00.386+0000][156.766s][info ][gc,stringdedup] Concurrent String Deduplication (156.766s)
[2022-02-07T12:34:00.388+0000][156.768s][info ][gc,stringdedup] Concurrent String Deduplication 437.1K->297.7K(139.4K) avg 18.4% (156.766s, 156.768s) 1.966ms
[2022-02-07T12:34:01.219+0000][157.600s][debug][safepoint     ] Safepoint synchronization initiated. (13 threads)
[2022-02-07T12:34:01.219+0000][157.600s][info ][safepoint     ] Application time: 0.8338061 seconds
[2022-02-07T12:34:01.219+0000][157.600s][info ][safepoint     ] Entering safepoint region: Deoptimize
[2022-02-07T12:34:01.220+0000][157.600s][info ][safepoint     ] Leaving safepoint region
[2022-02-07T12:34:01.220+0000][157.600s][info ][safepoint     ] Total time for which application threads were stopped: 0.0003653 seconds, Stopping threads took: 0.0000115 seconds
[2022-02-07T12:34:02.220+0000][158.601s][debug][safepoint     ] Safepoint synchronization initiated. (12 threads)
[2022-02-07T12:34:02.220+0000][158.601s][info ][safepoint     ] Application time: 1.0001169 seconds
[2022-02-07T12:34:02.220+0000][158.601s][info ][safepoint     ] Entering safepoint region: Cleanup
[2022-02-07T12:34:02.220+0000][158.601s][info ][safepoint     ] Leaving safepoint region
[2022-02-07T12:34:02.220+0000][158.601s][info ][safepoint     ] Total time for which application threads were stopped: 0.0000891 seconds, Stopping threads took: 0.0000106 seconds
[2022-02-07T12:34:02.942+0000][159.323s][debug][safepoint     ] Safepoint synchronization initiated. (12 threads)
[2022-02-07T12:34:02.942+0000][159.323s][info ][safepoint     ] Application time: 0.7220170 seconds
[2022-02-07T12:34:02.942+0000][159.323s][debug][safepoint     ] Waiting for 1 thread(s) to block
[2022-02-07T12:34:02.942+0000][159.323s][info ][safepoint     ] Entering safepoint region: G1CollectForAllocation
[2022-02-07T12:34:02.942+0000][159.323s][info ][gc,start      ] GC(13) Pause Young (Normal) (G1 Evacuation Pause)
[2022-02-07T12:34:02.942+0000][159.323s][info ][gc,task       ] GC(13) Using 3 workers of 4 for evacuation
[2022-02-07T12:34:02.949+0000][159.329s][info ][gc,phases     ] GC(13)   Pre Evacuate Collection Set: 0.0ms
[2022-02-07T12:34:02.949+0000][159.329s][info ][gc,phases     ] GC(13)   Evacuate Collection Set: 5.0ms
[2022-02-07T12:34:02.949+0000][159.329s][info ][gc,phases     ] GC(13)   Post Evacuate Collection Set: 1.3ms
[2022-02-07T12:34:02.949+0000][159.329s][info ][gc,phases     ] GC(13)   Other: 0.1ms
[2022-02-07T12:34:02.949+0000][159.329s][info ][gc,heap       ] GC(13) Eden regions: 67->0(67)
[2022-02-07T12:34:02.949+0000][159.329s][info ][gc,heap       ] GC(13) Survivor regions: 6->7(10)
[2022-02-07T12:34:02.949+0000][159.329s][info ][gc,heap       ] GC(13) Old regions: 12->12
[2022-02-07T12:34:02.949+0000][159.329s][info ][gc,heap       ] GC(13) Humongous regions: 0->0
[2022-02-07T12:34:02.949+0000][159.329s][info ][gc,metaspace  ] GC(13) Metaspace: 23287K->23287K(1071104K)
[2022-02-07T12:34:02.949+0000][159.329s][info ][gc            ] GC(13) Pause Young (Normal) (G1 Evacuation Pause) 82M->17M(126M) 6.525ms
[2022-02-07T12:34:02.949+0000][159.329s][info ][gc,cpu        ] GC(13) User=0.02s Sys=0.00s Real=0.01s
[2022-02-07T12:34:02.949+0000][159.329s][info ][safepoint     ] Leaving safepoint region
[2022-02-07T12:34:02.949+0000][159.329s][info ][safepoint     ] Total time for which application threads were stopped: 0.0066916 seconds, Stopping threads took: 0.0000439 seconds
[2022-02-07T12:34:02.949+0000][159.329s][info ][gc,stringdedup] Concurrent String Deduplication (159.329s)
[2022-02-07T12:34:02.949+0000][159.329s][info ][gc,stringdedup] Concurrent String Deduplication 5080.0B->2776.0B(2304.0B) avg 18.5% (159.329s, 159.329s) 0.032ms
[2022-02-07T12:34:03.949+0000][160.330s][debug][safepoint     ] Safepoint synchronization initiated. (13 threads)
[2022-02-07T12:34:03.949+0000][160.330s][info ][safepoint     ] Application time: 1.0001990 seconds
[2022-02-07T12:34:03.949+0000][160.330s][info ][safepoint     ] Entering safepoint region: Cleanup
[2022-02-07T12:34:03.949+0000][160.330s][info ][safepoint     ] Leaving safepoint region
[2022-02-07T12:34:03.949+0000][160.330s][info ][safepoint     ] Total time for which application threads were stopped: 0.0001510 seconds, Stopping threads took: 0.0000119 seconds
[2022-02-07T12:34:04.299+0000][160.680s][debug][safepoint     ] Safepoint synchronization initiated. (12 threads)
[2022-02-07T12:34:04.299+0000][160.680s][info ][safepoint     ] Application time: 0.3499695 seconds
[2022-02-07T12:34:04.299+0000][160.680s][info ][safepoint     ] Entering safepoint region: G1CollectForAllocation
[2022-02-07T12:34:04.299+0000][160.680s][info ][gc,start      ] GC(14) Pause Young (Normal) (G1 Evacuation Pause)
[2022-02-07T12:34:04.299+0000][160.680s][info ][gc,task       ] GC(14) Using 3 workers of 4 for evacuation
[2022-02-07T12:34:04.310+0000][160.691s][info ][gc,phases     ] GC(14)   Pre Evacuate Collection Set: 0.0ms
[2022-02-07T12:34:04.310+0000][160.691s][info ][gc,phases     ] GC(14)   Evacuate Collection Set: 9.3ms
[2022-02-07T12:34:04.310+0000][160.691s][info ][gc,phases     ] GC(14)   Post Evacuate Collection Set: 1.4ms
[2022-02-07T12:34:04.310+0000][160.691s][info ][gc,phases     ] GC(14)   Other: 0.1ms
[2022-02-07T12:34:04.310+0000][160.691s][info ][gc,heap       ] GC(14) Eden regions: 67->0(67)
[2022-02-07T12:34:04.310+0000][160.691s][info ][gc,heap       ] GC(14) Survivor regions: 7->7(10)
[2022-02-07T12:34:04.310+0000][160.691s][info ][gc,heap       ] GC(14) Old regions: 12->13
[2022-02-07T12:34:04.310+0000][160.691s][info ][gc,heap       ] GC(14) Humongous regions: 0->0
[2022-02-07T12:34:04.310+0000][160.691s][info ][gc,metaspace  ] GC(14) Metaspace: 23613K->23613K(1071104K)
[2022-02-07T12:34:04.310+0000][160.691s][info ][gc            ] GC(14) Pause Young (Normal) (G1 Evacuation Pause) 84M->18M(126M) 10.924ms
[2022-02-07T12:34:04.310+0000][160.691s][info ][gc,cpu        ] GC(14) User=0.02s Sys=0.00s Real=0.01s
[2022-02-07T12:34:04.310+0000][160.691s][info ][safepoint     ] Leaving safepoint region
[2022-02-07T12:34:04.310+0000][160.691s][info ][safepoint     ] Total time for which application threads were stopped: 0.0110559 seconds, Stopping threads took: 0.0000104 seconds
[2022-02-07T12:34:04.310+0000][160.691s][info ][gc,stringdedup] Concurrent String Deduplication (160.691s)
[2022-02-07T12:34:04.311+0000][160.692s][info ][gc,stringdedup] Concurrent String Deduplication 296.9K->97648.0B(201.6K) avg 22.2% (160.691s, 160.692s) 1.164ms
[2022-02-07T12:34:05.310+0000][161.691s][debug][safepoint     ] Safepoint synchronization initiated. (13 threads)
[2022-02-07T12:34:05.310+0000][161.691s][info ][safepoint     ] Application time: 1.0001347 seconds
[2022-02-07T12:34:05.310+0000][161.691s][debug][safepoint     ] ... found polling page return exception at pc = 0x00007f9150388603, stub =0x00007f91488beb80
[2022-02-07T12:34:05.310+0000][161.691s][debug][safepoint     ] Waiting for 2 thread(s) to block
[2022-02-07T12:34:05.310+0000][161.691s][info ][safepoint     ] Entering safepoint region: Cleanup
[2022-02-07T12:34:05.311+0000][161.691s][info ][safepoint     ] Leaving safepoint region
[2022-02-07T12:34:05.311+0000][161.691s][info ][safepoint     ] Total time for which application threads were stopped: 0.0002061 seconds, Stopping threads took: 0.0001029 seconds
[2022-02-07T12:34:05.758+0000][162.138s][debug][safepoint     ] Safepoint synchronization initiated. (12 threads)
[2022-02-07T12:34:05.758+0000][162.138s][info ][safepoint     ] Application time: 0.4472171 seconds
[2022-02-07T12:34:05.758+0000][162.138s][info ][safepoint     ] Entering safepoint region: G1CollectForAllocation
[2022-02-07T12:34:05.758+0000][162.139s][info ][gc,start      ] GC(15) Pause Young (Normal) (G1 Evacuation Pause)
[2022-02-07T12:34:05.758+0000][162.139s][info ][gc,task       ] GC(15) Using 3 workers of 4 for evacuation
[2022-02-07T12:34:05.768+0000][162.149s][info ][gc,phases     ] GC(15)   Pre Evacuate Collection Set: 0.0ms
[2022-02-07T12:34:05.768+0000][162.149s][info ][gc,phases     ] GC(15)   Evacuate Collection Set: 8.6ms
[2022-02-07T12:34:05.768+0000][162.149s][info ][gc,phases     ] GC(15)   Post Evacuate Collection Set: 1.3ms
[2022-02-07T12:34:05.768+0000][162.149s][info ][gc,phases     ] GC(15)   Other: 0.1ms
[2022-02-07T12:34:05.768+0000][162.149s][info ][gc,heap       ] GC(15) Eden regions: 67->0(68)
[2022-02-07T12:34:05.768+0000][162.149s][info ][gc,heap       ] GC(15) Survivor regions: 7->6(10)
[2022-02-07T12:34:05.768+0000][162.149s][info ][gc,heap       ] GC(15) Old regions: 13->15
[2022-02-07T12:34:05.768+0000][162.149s][info ][gc,heap       ] GC(15) Humongous regions: 0->0
[2022-02-07T12:34:05.768+0000][162.149s][info ][gc,metaspace  ] GC(15) Metaspace: 23769K->23769K(1071104K)
[2022-02-07T12:34:05.768+0000][162.149s][info ][gc            ] GC(15) Pause Young (Normal) (G1 Evacuation Pause) 85M->18M(126M) 10.223ms
[2022-02-07T12:34:05.768+0000][162.149s][info ][gc,cpu        ] GC(15) User=0.03s Sys=0.00s Real=0.01s
[2022-02-07T12:34:05.768+0000][162.149s][info ][safepoint     ] Leaving safepoint region
[2022-02-07T12:34:05.768+0000][162.149s][info ][safepoint     ] Total time for which application threads were stopped: 0.0104328 seconds, Stopping threads took: 0.0000097 seconds
[2022-02-07T12:34:05.768+0000][162.149s][info ][gc,stringdedup] Concurrent String Deduplication (162.149s)
[2022-02-07T12:34:05.769+0000][162.150s][info ][gc,stringdedup] Concurrent String Deduplication 301.8K->158.9K(142.8K) avg 24.0% (162.149s, 162.150s) 1.221ms
[2022-02-07T12:34:06.768+0000][163.149s][debug][safepoint     ] Safepoint synchronization initiated. (14 threads)
[2022-02-07T12:34:06.768+0000][163.149s][info ][safepoint     ] Application time: 1.0001251 seconds
[2022-02-07T12:34:06.768+0000][163.149s][info ][safepoint     ] Entering safepoint region: Cleanup
[2022-02-07T12:34:06.769+0000][163.149s][info ][safepoint     ] Leaving safepoint region
[2022-02-07T12:34:06.769+0000][163.149s][info ][safepoint     ] Total time for which application threads were stopped: 0.0001752 seconds, Stopping threads took: 0.0000114 seconds
[2022-02-07T12:34:08.265+0000][164.645s][debug][safepoint     ] Safepoint synchronization initiated. (14 threads)
[2022-02-07T12:34:08.265+0000][164.645s][info ][safepoint     ] Application time: 1.4961041 seconds
[2022-02-07T12:34:08.265+0000][164.645s][debug][safepoint     ] Waiting for 1 thread(s) to block
[2022-02-07T12:34:08.265+0000][164.645s][info ][safepoint     ] Entering safepoint region: G1CollectForAllocation
[2022-02-07T12:34:08.265+0000][164.645s][info ][gc,start      ] GC(16) Pause Young (Normal) (G1 Evacuation Pause)
[2022-02-07T12:34:08.265+0000][164.645s][info ][gc,task       ] GC(16) Using 4 workers of 4 for evacuation
[2022-02-07T12:34:08.283+0000][164.663s][info ][gc,phases     ] GC(16)   Pre Evacuate Collection Set: 0.0ms
[2022-02-07T12:34:08.283+0000][164.663s][info ][gc,phases     ] GC(16)   Evacuate Collection Set: 16.5ms
[2022-02-07T12:34:08.283+0000][164.663s][info ][gc,phases     ] GC(16)   Post Evacuate Collection Set: 1.3ms
[2022-02-07T12:34:08.283+0000][164.663s][info ][gc,phases     ] GC(16)   Other: 0.1ms
[2022-02-07T12:34:08.283+0000][164.663s][info ][gc,heap       ] GC(16) Eden regions: 68->0(67)
[2022-02-07T12:34:08.283+0000][164.663s][info ][gc,heap       ] GC(16) Survivor regions: 6->7(10)
[2022-02-07T12:34:08.283+0000][164.664s][info ][gc,heap       ] GC(16) Old regions: 15->16
[2022-02-07T12:34:08.283+0000][164.664s][info ][gc,heap       ] GC(16) Humongous regions: 0->0
[2022-02-07T12:34:08.283+0000][164.664s][info ][gc,metaspace  ] GC(16) Metaspace: 24196K->24196K(1071104K)
[2022-02-07T12:34:08.283+0000][164.664s][info ][gc            ] GC(16) Pause Young (Normal) (G1 Evacuation Pause) 86M->20M(126M) 18.141ms
[2022-02-07T12:34:08.283+0000][164.664s][info ][gc,cpu        ] GC(16) User=0.02s Sys=0.00s Real=0.01s
[2022-02-07T12:34:08.283+0000][164.664s][info ][safepoint     ] Leaving safepoint region
[2022-02-07T12:34:08.283+0000][164.664s][info ][safepoint     ] Total time for which application threads were stopped: 0.0183293 seconds, Stopping threads took: 0.0000607 seconds
[2022-02-07T12:34:08.283+0000][164.664s][info ][gc,stringdedup] Concurrent String Deduplication (164.664s)
[2022-02-07T12:34:08.285+0000][164.665s][info ][gc,stringdedup] Concurrent String Deduplication 409.3K->133.9K(275.4K) avg 27.9% (164.664s, 164.665s) 1.675ms
[2022-02-07T12:34:08.597+0000][164.978s][debug][safepoint     ] Safepoint synchronization initiated. (14 threads)
[2022-02-07T12:34:08.597+0000][164.978s][info ][safepoint     ] Application time: 0.3144359 seconds
[2022-02-07T12:34:08.597+0000][164.978s][debug][safepoint     ] Waiting for 1 thread(s) to block
[2022-02-07T12:34:08.597+0000][164.978s][info ][safepoint     ] Entering safepoint region: G1CollectForAllocation
[2022-02-07T12:34:08.598+0000][164.978s][info ][gc,start      ] GC(17) Pause Young (Normal) (G1 Evacuation Pause)
[2022-02-07T12:34:08.598+0000][164.978s][info ][gc,task       ] GC(17) Using 4 workers of 4 for evacuation
[2022-02-07T12:34:08.607+0000][164.987s][info ][gc,phases     ] GC(17)   Pre Evacuate Collection Set: 0.0ms
[2022-02-07T12:34:08.607+0000][164.987s][info ][gc,phases     ] GC(17)   Evacuate Collection Set: 6.6ms
[2022-02-07T12:34:08.607+0000][164.987s][info ][gc,phases     ] GC(17)   Post Evacuate Collection Set: 2.4ms
[2022-02-07T12:34:08.607+0000][164.987s][info ][gc,phases     ] GC(17)   Other: 0.2ms
[2022-02-07T12:34:08.607+0000][164.987s][info ][gc,heap       ] GC(17) Eden regions: 67->0(69)
[2022-02-07T12:34:08.607+0000][164.987s][info ][gc,heap       ] GC(17) Survivor regions: 7->5(10)
[2022-02-07T12:34:08.607+0000][164.987s][info ][gc,heap       ] GC(17) Old regions: 16->18
[2022-02-07T12:34:08.607+0000][164.987s][info ][gc,heap       ] GC(17) Humongous regions: 0->0
[2022-02-07T12:34:08.607+0000][164.987s][info ][gc,metaspace  ] GC(17) Metaspace: 24743K->24743K(1071104K)
[2022-02-07T12:34:08.607+0000][164.988s][info ][gc            ] GC(17) Pause Young (Normal) (G1 Evacuation Pause) 87M->20M(126M) 9.314ms
[2022-02-07T12:34:08.607+0000][164.988s][info ][gc,cpu        ] GC(17) User=0.01s Sys=0.00s Real=0.01s
[2022-02-07T12:34:08.607+0000][164.988s][info ][safepoint     ] Leaving safepoint region
[2022-02-07T12:34:08.607+0000][164.988s][info ][safepoint     ] Total time for which application threads were stopped: 0.0095046 seconds, Stopping threads took: 0.0000599 seconds
[2022-02-07T12:34:08.607+0000][164.988s][info ][gc,stringdedup] Concurrent String Deduplication (164.988s)
[2022-02-07T12:34:08.608+0000][164.989s][info ][gc,stringdedup] Concurrent String Deduplication 282.4K->28392.0B(254.7K) avg 31.5% (164.988s, 164.989s) 0.983ms
[2022-02-07T12:34:08.920+0000][165.300s][debug][safepoint     ] Safepoint synchronization initiated. (14 threads)
[2022-02-07T12:34:08.920+0000][165.301s][info ][safepoint     ] Application time: 0.3129611 seconds
[2022-02-07T12:34:08.920+0000][165.301s][debug][safepoint     ] Waiting for 1 thread(s) to block
[2022-02-07T12:34:08.920+0000][165.301s][info ][safepoint     ] Entering safepoint region: G1CollectForAllocation
[2022-02-07T12:34:08.920+0000][165.301s][info ][gc,start      ] GC(18) Pause Young (Normal) (G1 Evacuation Pause)
[2022-02-07T12:34:08.920+0000][165.301s][info ][gc,task       ] GC(18) Using 4 workers of 4 for evacuation
[2022-02-07T12:34:08.926+0000][165.306s][info ][gc,phases     ] GC(18)   Pre Evacuate Collection Set: 0.0ms
[2022-02-07T12:34:08.926+0000][165.306s][info ][gc,phases     ] GC(18)   Evacuate Collection Set: 4.2ms
[2022-02-07T12:34:08.926+0000][165.306s][info ][gc,phases     ] GC(18)   Post Evacuate Collection Set: 1.3ms
[2022-02-07T12:34:08.926+0000][165.306s][info ][gc,phases     ] GC(18)   Other: 0.1ms
[2022-02-07T12:34:08.926+0000][165.306s][info ][gc,heap       ] GC(18) Eden regions: 69->0(70)
[2022-02-07T12:34:08.926+0000][165.306s][info ][gc,heap       ] GC(18) Survivor regions: 5->4(10)
[2022-02-07T12:34:08.926+0000][165.306s][info ][gc,heap       ] GC(18) Old regions: 18->18
[2022-02-07T12:34:08.926+0000][165.306s][info ][gc,heap       ] GC(18) Humongous regions: 0->0
[2022-02-07T12:34:08.926+0000][165.306s][info ][gc,metaspace  ] GC(18) Metaspace: 25215K->25215K(1073152K)
[2022-02-07T12:34:08.926+0000][165.306s][info ][gc            ] GC(18) Pause Young (Normal) (G1 Evacuation Pause) 89M->20M(126M) 5.779ms
[2022-02-07T12:34:08.926+0000][165.306s][info ][gc,cpu        ] GC(18) User=0.01s Sys=0.00s Real=0.01s
[2022-02-07T12:34:08.926+0000][165.306s][info ][safepoint     ] Leaving safepoint region
[2022-02-07T12:34:08.926+0000][165.306s][info ][safepoint     ] Total time for which application threads were stopped: 0.0059554 seconds, Stopping threads took: 0.0000348 seconds
[2022-02-07T12:34:08.926+0000][165.307s][info ][gc,stringdedup] Concurrent String Deduplication (165.307s)
[2022-02-07T12:34:08.928+0000][165.308s][info ][gc,stringdedup] Concurrent String Deduplication 970.1K->190.9K(779.2K) avg 39.6% (165.307s, 165.308s) 1.875ms
[2022-02-07T12:34:09.081+0000][165.461s][debug][safepoint     ] Safepoint synchronization initiated. (14 threads)
[2022-02-07T12:34:09.081+0000][165.461s][info ][safepoint     ] Application time: 0.1549435 seconds
[2022-02-07T12:34:09.081+0000][165.461s][debug][safepoint     ] Waiting for 1 thread(s) to block
[2022-02-07T12:34:09.081+0000][165.461s][info ][safepoint     ] Entering safepoint region: G1CollectForAllocation
[2022-02-07T12:34:09.081+0000][165.462s][info ][gc,start      ] GC(19) Pause Young (Normal) (G1 Evacuation Pause)
[2022-02-07T12:34:09.081+0000][165.462s][info ][gc,task       ] GC(19) Using 4 workers of 4 for evacuation
[2022-02-07T12:34:09.086+0000][165.466s][info ][gc,phases     ] GC(19)   Pre Evacuate Collection Set: 0.0ms
[2022-02-07T12:34:09.086+0000][165.466s][info ][gc,phases     ] GC(19)   Evacuate Collection Set: 3.0ms
[2022-02-07T12:34:09.086+0000][165.466s][info ][gc,phases     ] GC(19)   Post Evacuate Collection Set: 1.4ms
[2022-02-07T12:34:09.086+0000][165.466s][info ][gc,phases     ] GC(19)   Other: 0.1ms
[2022-02-07T12:34:09.086+0000][165.466s][info ][gc,heap       ] GC(19) Eden regions: 70->0(70)
[2022-02-07T12:34:09.086+0000][165.466s][info ][gc,heap       ] GC(19) Survivor regions: 4->4(10)
[2022-02-07T12:34:09.086+0000][165.466s][info ][gc,heap       ] GC(19) Old regions: 18->18
[2022-02-07T12:34:09.086+0000][165.466s][info ][gc,heap       ] GC(19) Humongous regions: 0->0
[2022-02-07T12:34:09.086+0000][165.466s][info ][gc,metaspace  ] GC(19) Metaspace: 25221K->25221K(1073152K)
[2022-02-07T12:34:09.086+0000][165.466s][info ][gc            ] GC(19) Pause Young (Normal) (G1 Evacuation Pause) 90M->19M(126M) 4.716ms
[2022-02-07T12:34:09.086+0000][165.466s][info ][gc,cpu        ] GC(19) User=0.00s Sys=0.01s Real=0.01s
[2022-02-07T12:34:09.086+0000][165.466s][info ][safepoint     ] Leaving safepoint region
[2022-02-07T12:34:09.086+0000][165.466s][info ][safepoint     ] Total time for which application threads were stopped: 0.0049097 seconds, Stopping threads took: 0.0000400 seconds
[2022-02-07T12:34:09.086+0000][165.466s][info ][gc,stringdedup] Concurrent String Deduplication (165.466s)
[2022-02-07T12:34:09.086+0000][165.467s][info ][gc,stringdedup] Concurrent String Deduplication 23632.0B->13088.0B(10544.0B) avg 39.6% (165.466s, 165.467s) 0.146ms
[2022-02-07T12:34:09.236+0000][165.617s][debug][safepoint     ] Safepoint synchronization initiated. (14 threads)
[2022-02-07T12:34:09.236+0000][165.617s][info ][safepoint     ] Application time: 0.1504627 seconds
[2022-02-07T12:34:09.236+0000][165.617s][info ][safepoint     ] Entering safepoint region: G1CollectForAllocation
[2022-02-07T12:34:09.236+0000][165.617s][info ][gc,start      ] GC(20) Pause Young (Normal) (G1 Evacuation Pause)
[2022-02-07T12:34:09.236+0000][165.617s][info ][gc,task       ] GC(20) Using 4 workers of 4 for evacuation
[2022-02-07T12:34:09.246+0000][165.626s][info ][gc,phases     ] GC(20)   Pre Evacuate Collection Set: 0.0ms
[2022-02-07T12:34:09.246+0000][165.626s][info ][gc,phases     ] GC(20)   Evacuate Collection Set: 7.8ms
[2022-02-07T12:34:09.246+0000][165.626s][info ][gc,phases     ] GC(20)   Post Evacuate Collection Set: 1.4ms
[2022-02-07T12:34:09.246+0000][165.626s][info ][gc,phases     ] GC(20)   Other: 0.1ms
[2022-02-07T12:34:09.246+0000][165.626s][info ][gc,heap       ] GC(20) Eden regions: 70->0(70)
[2022-02-07T12:34:09.246+0000][165.626s][info ][gc,heap       ] GC(20) Survivor regions: 4->4(10)
[2022-02-07T12:34:09.246+0000][165.626s][info ][gc,heap       ] GC(20) Old regions: 18->18
[2022-02-07T12:34:09.246+0000][165.626s][info ][gc,heap       ] GC(20) Humongous regions: 0->0
[2022-02-07T12:34:09.246+0000][165.626s][info ][gc,metaspace  ] GC(20) Metaspace: 25226K->25226K(1073152K)
[2022-02-07T12:34:09.246+0000][165.626s][info ][gc            ] GC(20) Pause Young (Normal) (G1 Evacuation Pause) 89M->19M(126M) 9.427ms
[2022-02-07T12:34:09.246+0000][165.626s][info ][gc,cpu        ] GC(20) User=0.02s Sys=0.00s Real=0.01s
[2022-02-07T12:34:09.246+0000][165.626s][info ][safepoint     ] Leaving safepoint region
[2022-02-07T12:34:09.246+0000][165.626s][info ][safepoint     ] Total time for which application threads were stopped: 0.0095855 seconds, Stopping threads took: 0.0000227 seconds
[2022-02-07T12:34:09.246+0000][165.626s][info ][gc,stringdedup] Concurrent String Deduplication (165.626s)
[2022-02-07T12:34:09.246+0000][165.627s][info ][gc,stringdedup] Concurrent String Deduplication 19208.0B->9704.0B(9504.0B) avg 39.6% (165.626s, 165.627s) 0.123ms
[2022-02-07T12:34:09.369+0000][165.749s][debug][safepoint     ] Safepoint synchronization initiated. (14 threads)
[2022-02-07T12:34:09.369+0000][165.749s][info ][safepoint     ] Application time: 0.1230229 seconds
[2022-02-07T12:34:09.369+0000][165.749s][info ][safepoint     ] Entering safepoint region: G1CollectForAllocation
[2022-02-07T12:34:09.369+0000][165.750s][info ][gc,start      ] GC(21) Pause Young (Normal) (G1 Evacuation Pause)
[2022-02-07T12:34:09.369+0000][165.750s][info ][gc,task       ] GC(21) Using 4 workers of 4 for evacuation
[2022-02-07T12:34:09.373+0000][165.754s][info ][gc,phases     ] GC(21)   Pre Evacuate Collection Set: 0.0ms
[2022-02-07T12:34:09.373+0000][165.754s][info ][gc,phases     ] GC(21)   Evacuate Collection Set: 3.3ms
[2022-02-07T12:34:09.373+0000][165.754s][info ][gc,phases     ] GC(21)   Post Evacuate Collection Set: 1.0ms
[2022-02-07T12:34:09.373+0000][165.754s][info ][gc,phases     ] GC(21)   Other: 0.1ms
[2022-02-07T12:34:09.373+0000][165.754s][info ][gc,heap       ] GC(21) Eden regions: 70->0(70)
[2022-02-07T12:34:09.373+0000][165.754s][info ][gc,heap       ] GC(21) Survivor regions: 4->4(10)
[2022-02-07T12:34:09.373+0000][165.754s][info ][gc,heap       ] GC(21) Old regions: 18->18
[2022-02-07T12:34:09.373+0000][165.754s][info ][gc,heap       ] GC(21) Humongous regions: 0->0
[2022-02-07T12:34:09.373+0000][165.754s][info ][gc,metaspace  ] GC(21) Metaspace: 25226K->25226K(1073152K)
[2022-02-07T12:34:09.373+0000][165.754s][info ][gc            ] GC(21) Pause Young (Normal) (G1 Evacuation Pause) 89M->19M(126M) 4.523ms
[2022-02-07T12:34:09.373+0000][165.754s][info ][gc,cpu        ] GC(21) User=0.01s Sys=0.00s Real=0.01s
[2022-02-07T12:34:09.374+0000][165.754s][info ][safepoint     ] Leaving safepoint region
[2022-02-07T12:34:09.374+0000][165.754s][info ][safepoint     ] Total time for which application threads were stopped: 0.0046526 seconds, Stopping threads took: 0.0000107 seconds
[2022-02-07T12:34:09.374+0000][165.754s][info ][gc,stringdedup] Concurrent String Deduplication (165.754s)
[2022-02-07T12:34:09.374+0000][165.754s][info ][gc,stringdedup] Concurrent String Deduplication 0.0B->0.0B(0.0B) avg 39.6% (165.754s, 165.754s) 0.032ms
[2022-02-07T12:34:09.513+0000][165.894s][debug][safepoint     ] Safepoint synchronization initiated. (14 threads)
[2022-02-07T12:34:09.513+0000][165.894s][info ][safepoint     ] Application time: 0.1398359 seconds
[2022-02-07T12:34:09.513+0000][165.894s][debug][safepoint     ] Waiting for 2 thread(s) to block
[2022-02-07T12:34:09.513+0000][165.894s][info ][safepoint     ] Entering safepoint region: G1CollectForAllocation
[2022-02-07T12:34:09.514+0000][165.894s][info ][gc,start      ] GC(22) Pause Young (Normal) (G1 Evacuation Pause)
[2022-02-07T12:34:09.514+0000][165.894s][info ][gc,task       ] GC(22) Using 4 workers of 4 for evacuation
[2022-02-07T12:34:09.519+0000][165.900s][info ][gc,phases     ] GC(22)   Pre Evacuate Collection Set: 0.0ms
[2022-02-07T12:34:09.519+0000][165.900s][info ][gc,phases     ] GC(22)   Evacuate Collection Set: 3.9ms
[2022-02-07T12:34:09.519+0000][165.900s][info ][gc,phases     ] GC(22)   Post Evacuate Collection Set: 1.4ms
[2022-02-07T12:34:09.519+0000][165.900s][info ][gc,phases     ] GC(22)   Other: 0.1ms
[2022-02-07T12:34:09.519+0000][165.900s][info ][gc,heap       ] GC(22) Eden regions: 70->0(70)
[2022-02-07T12:34:09.519+0000][165.900s][info ][gc,heap       ] GC(22) Survivor regions: 4->4(10)
[2022-02-07T12:34:09.519+0000][165.900s][info ][gc,heap       ] GC(22) Old regions: 18->18
[2022-02-07T12:34:09.519+0000][165.900s][info ][gc,heap       ] GC(22) Humongous regions: 0->0
[2022-02-07T12:34:09.519+0000][165.900s][info ][gc,metaspace  ] GC(22) Metaspace: 25226K->25226K(1073152K)
[2022-02-07T12:34:09.519+0000][165.900s][info ][gc            ] GC(22) Pause Young (Normal) (G1 Evacuation Pause) 89M->19M(126M) 5.533ms
[2022-02-07T12:34:09.519+0000][165.900s][info ][gc,cpu        ] GC(22) User=0.01s Sys=0.00s Real=0.00s
[2022-02-07T12:34:09.519+0000][165.900s][info ][safepoint     ] Leaving safepoint region
[2022-02-07T12:34:09.519+0000][165.900s][info ][safepoint     ] Total time for which application threads were stopped: 0.0057231 seconds, Stopping threads took: 0.0000651 seconds
[2022-02-07T12:34:09.519+0000][165.900s][info ][gc,stringdedup] Concurrent String Deduplication (165.900s)
[2022-02-07T12:34:09.519+0000][165.900s][info ][gc,stringdedup] Concurrent String Deduplication 0.0B->0.0B(0.0B) avg 39.6% (165.900s, 165.900s) 0.012ms
[2022-02-07T12:34:09.850+0000][166.230s][debug][safepoint     ] Safepoint synchronization initiated. (13 threads)
[2022-02-07T12:34:09.850+0000][166.230s][info ][safepoint     ] Application time: 0.3307258 seconds
[2022-02-07T12:34:09.850+0000][166.230s][info ][safepoint     ] Entering safepoint region: G1CollectForAllocation
[2022-02-07T12:34:09.850+0000][166.231s][info ][gc,start      ] GC(23) Pause Young (Normal) (G1 Evacuation Pause)
[2022-02-07T12:34:09.850+0000][166.231s][info ][gc,task       ] GC(23) Using 3 workers of 4 for evacuation
[2022-02-07T12:34:09.857+0000][166.238s][info ][gc,phases     ] GC(23)   Pre Evacuate Collection Set: 0.0ms
[2022-02-07T12:34:09.857+0000][166.238s][info ][gc,phases     ] GC(23)   Evacuate Collection Set: 5.6ms
[2022-02-07T12:34:09.857+0000][166.238s][info ][gc,phases     ] GC(23)   Post Evacuate Collection Set: 1.5ms
[2022-02-07T12:34:09.857+0000][166.238s][info ][gc,phases     ] GC(23)   Other: 0.1ms
[2022-02-07T12:34:09.857+0000][166.238s][info ][gc,heap       ] GC(23) Eden regions: 70->0(69)
[2022-02-07T12:34:09.857+0000][166.238s][info ][gc,heap       ] GC(23) Survivor regions: 4->5(10)
[2022-02-07T12:34:09.857+0000][166.238s][info ][gc,heap       ] GC(23) Old regions: 18->18
[2022-02-07T12:34:09.857+0000][166.238s][info ][gc,heap       ] GC(23) Humongous regions: 0->0
[2022-02-07T12:34:09.857+0000][166.238s][info ][gc,metaspace  ] GC(23) Metaspace: 26969K->26969K(1073152K)
[2022-02-07T12:34:09.857+0000][166.238s][info ][gc            ] GC(23) Pause Young (Normal) (G1 Evacuation Pause) 89M->20M(126M) 7.337ms
[2022-02-07T12:34:09.857+0000][166.238s][info ][gc,cpu        ] GC(23) User=0.02s Sys=0.00s Real=0.01s
[2022-02-07T12:34:09.857+0000][166.238s][info ][safepoint     ] Leaving safepoint region
[2022-02-07T12:34:09.857+0000][166.238s][info ][safepoint     ] Total time for which application threads were stopped: 0.0075604 seconds, Stopping threads took: 0.0000120 seconds
[2022-02-07T12:34:10.107+0000][166.487s][debug][safepoint     ] Safepoint synchronization initiated. (13 threads)
[2022-02-07T12:34:10.107+0000][166.487s][info ][safepoint     ] Application time: 0.2493937 seconds
[2022-02-07T12:34:10.107+0000][166.487s][info ][safepoint     ] Entering safepoint region: G1CollectForAllocation
[2022-02-07T12:34:10.107+0000][166.488s][info ][gc,start      ] GC(24) Pause Young (Normal) (G1 Evacuation Pause)
[2022-02-07T12:34:10.107+0000][166.488s][info ][gc,task       ] GC(24) Using 3 workers of 4 for evacuation
[2022-02-07T12:34:10.113+0000][166.494s][info ][gc,phases     ] GC(24)   Pre Evacuate Collection Set: 0.0ms
[2022-02-07T12:34:10.113+0000][166.494s][info ][gc,phases     ] GC(24)   Evacuate Collection Set: 4.9ms
[2022-02-07T12:34:10.113+0000][166.494s][info ][gc,phases     ] GC(24)   Post Evacuate Collection Set: 1.2ms
[2022-02-07T12:34:10.113+0000][166.494s][info ][gc,phases     ] GC(24)   Other: 0.1ms
[2022-02-07T12:34:10.113+0000][166.494s][info ][gc,heap       ] GC(24) Eden regions: 69->0(70)
[2022-02-07T12:34:10.113+0000][166.494s][info ][gc,heap       ] GC(24) Survivor regions: 5->4(10)
[2022-02-07T12:34:10.113+0000][166.494s][info ][gc,heap       ] GC(24) Old regions: 18->19
[2022-02-07T12:34:10.113+0000][166.494s][info ][gc,heap       ] GC(24) Humongous regions: 0->0
[2022-02-07T12:34:10.113+0000][166.494s][info ][gc,metaspace  ] GC(24) Metaspace: 28867K->28867K(1075200K)
[2022-02-07T12:34:10.113+0000][166.494s][info ][gc            ] GC(24) Pause Young (Normal) (G1 Evacuation Pause) 89M->20M(126M) 6.396ms
[2022-02-07T12:34:10.113+0000][166.494s][info ][gc,cpu        ] GC(24) User=0.02s Sys=0.00s Real=0.01s
[2022-02-07T12:34:10.113+0000][166.494s][info ][safepoint     ] Leaving safepoint region
[2022-02-07T12:34:10.113+0000][166.494s][info ][safepoint     ] Total time for which application threads were stopped: 0.0065626 seconds, Stopping threads took: 0.0000104 seconds
[2022-02-07T12:34:10.113+0000][166.494s][info ][gc,stringdedup] Concurrent String Deduplication (166.494s)
[2022-02-07T12:34:10.114+0000][166.494s][info ][gc,stringdedup] Concurrent String Deduplication 221.1K->0.0B(221.1K) avg 41.8% (166.494s, 166.494s) 0.429ms
[2022-02-07T12:34:10.492+0000][166.872s][debug][safepoint     ] Safepoint synchronization initiated. (13 threads)
[2022-02-07T12:34:10.492+0000][166.872s][info ][safepoint     ] Application time: 0.3783777 seconds
[2022-02-07T12:34:10.492+0000][166.872s][info ][safepoint     ] Entering safepoint region: G1CollectForAllocation
[2022-02-07T12:34:10.492+0000][166.873s][info ][gc,start      ] GC(25) Pause Young (Normal) (G1 Evacuation Pause)
[2022-02-07T12:34:10.492+0000][166.873s][info ][gc,task       ] GC(25) Using 3 workers of 4 for evacuation
[2022-02-07T12:34:10.497+0000][166.878s][info ][gc,phases     ] GC(25)   Pre Evacuate Collection Set: 0.0ms
[2022-02-07T12:34:10.497+0000][166.878s][info ][gc,phases     ] GC(25)   Evacuate Collection Set: 3.9ms
[2022-02-07T12:34:10.497+0000][166.878s][info ][gc,phases     ] GC(25)   Post Evacuate Collection Set: 1.3ms
[2022-02-07T12:34:10.497+0000][166.878s][info ][gc,phases     ] GC(25)   Other: 0.1ms
[2022-02-07T12:34:10.497+0000][166.878s][info ][gc,heap       ] GC(25) Eden regions: 70->0(70)
[2022-02-07T12:34:10.497+0000][166.878s][info ][gc,heap       ] GC(25) Survivor regions: 4->4(10)
[2022-02-07T12:34:10.497+0000][166.878s][info ][gc,heap       ] GC(25) Old regions: 19->20
[2022-02-07T12:34:10.497+0000][166.878s][info ][gc,heap       ] GC(25) Humongous regions: 0->0
[2022-02-07T12:34:10.497+0000][166.878s][info ][gc,metaspace  ] GC(25) Metaspace: 29971K->29971K(1077248K)
[2022-02-07T12:34:10.497+0000][166.878s][info ][gc            ] GC(25) Pause Young (Normal) (G1 Evacuation Pause) 90M->21M(126M) 5.481ms
[2022-02-07T12:34:10.497+0000][166.878s][info ][gc,cpu        ] GC(25) User=0.02s Sys=0.00s Real=0.01s
[2022-02-07T12:34:10.497+0000][166.878s][info ][safepoint     ] Leaving safepoint region
[2022-02-07T12:34:10.497+0000][166.878s][info ][safepoint     ] Total time for which application threads were stopped: 0.0056993 seconds, Stopping threads took: 0.0000098 seconds
[2022-02-07T12:34:10.498+0000][166.878s][info ][gc,stringdedup] Concurrent String Deduplication (166.878s)
[2022-02-07T12:34:10.498+0000][166.879s][info ][gc,stringdedup] Concurrent String Deduplication 294.7K->21872.0B(273.4K) avg 44.1% (166.878s, 166.879s) 0.792ms
[2022-02-07T12:34:10.779+0000][167.160s][debug][safepoint     ] Safepoint synchronization initiated. (13 threads)
[2022-02-07T12:34:10.779+0000][167.160s][info ][safepoint     ] Application time: 0.2818998 seconds
[2022-02-07T12:34:10.779+0000][167.160s][info ][safepoint     ] Entering safepoint region: G1CollectForAllocation
[2022-02-07T12:34:10.780+0000][167.160s][info ][gc,start      ] GC(26) Pause Young (Normal) (G1 Evacuation Pause)
[2022-02-07T12:34:10.780+0000][167.160s][info ][gc,task       ] GC(26) Using 3 workers of 4 for evacuation
[2022-02-07T12:34:10.787+0000][167.167s][info ][gc,phases     ] GC(26)   Pre Evacuate Collection Set: 0.0ms
[2022-02-07T12:34:10.787+0000][167.167s][info ][gc,phases     ] GC(26)   Evacuate Collection Set: 5.6ms
[2022-02-07T12:34:10.787+0000][167.167s][info ][gc,phases     ] GC(26)   Post Evacuate Collection Set: 1.4ms
[2022-02-07T12:34:10.787+0000][167.167s][info ][gc,phases     ] GC(26)   Other: 0.1ms
[2022-02-07T12:34:10.787+0000][167.167s][info ][gc,heap       ] GC(26) Eden regions: 70->0(71)
[2022-02-07T12:34:10.787+0000][167.167s][info ][gc,heap       ] GC(26) Survivor regions: 4->3(10)
[2022-02-07T12:34:10.787+0000][167.167s][info ][gc,heap       ] GC(26) Old regions: 20->21
[2022-02-07T12:34:10.787+0000][167.167s][info ][gc,heap       ] GC(26) Humongous regions: 0->0
[2022-02-07T12:34:10.787+0000][167.167s][info ][gc,metaspace  ] GC(26) Metaspace: 30258K->30258K(1077248K)
[2022-02-07T12:34:10.787+0000][167.167s][info ][gc            ] GC(26) Pause Young (Normal) (G1 Evacuation Pause) 91M->22M(126M) 7.332ms
[2022-02-07T12:34:10.787+0000][167.167s][info ][gc,cpu        ] GC(26) User=0.01s Sys=0.00s Real=0.01s
[2022-02-07T12:34:10.787+0000][167.167s][info ][safepoint     ] Leaving safepoint region
[2022-02-07T12:34:10.787+0000][167.168s][info ][safepoint     ] Total time for which application threads were stopped: 0.0075217 seconds, Stopping threads took: 0.0000109 seconds
[2022-02-07T12:34:10.787+0000][167.168s][info ][gc,stringdedup] Concurrent String Deduplication (167.168s)
[2022-02-07T12:34:10.787+0000][167.168s][info ][gc,stringdedup] Concurrent String Deduplication 60384.0B->12344.0B(48040.0B) avg 44.5% (167.168s, 167.168s) 0.315ms
[2022-02-07T12:34:10.983+0000][167.364s][debug][safepoint     ] Safepoint synchronization initiated. (13 threads)
[2022-02-07T12:34:10.983+0000][167.364s][info ][safepoint     ] Application time: 0.1963622 seconds
[2022-02-07T12:34:10.983+0000][167.364s][info ][safepoint     ] Entering safepoint region: G1CollectForAllocation
[2022-02-07T12:34:10.983+0000][167.364s][info ][gc,start      ] GC(27) Pause Young (Normal) (G1 Evacuation Pause)
[2022-02-07T12:34:10.983+0000][167.364s][info ][gc,task       ] GC(27) Using 3 workers of 4 for evacuation
[2022-02-07T12:34:10.991+0000][167.371s][info ][gc,phases     ] GC(27)   Pre Evacuate Collection Set: 0.0ms
[2022-02-07T12:34:10.991+0000][167.371s][info ][gc,phases     ] GC(27)   Evacuate Collection Set: 5.4ms
[2022-02-07T12:34:10.991+0000][167.371s][info ][gc,phases     ] GC(27)   Post Evacuate Collection Set: 1.7ms
[2022-02-07T12:34:10.991+0000][167.371s][info ][gc,phases     ] GC(27)   Other: 0.1ms
[2022-02-07T12:34:10.991+0000][167.371s][info ][gc,heap       ] GC(27) Eden regions: 71->0(87)
[2022-02-07T12:34:10.991+0000][167.371s][info ][gc,heap       ] GC(27) Survivor regions: 3->4(10)
[2022-02-07T12:34:10.991+0000][167.371s][info ][gc,heap       ] GC(27) Old regions: 21->21
[2022-02-07T12:34:10.991+0000][167.371s][info ][gc,heap       ] GC(27) Humongous regions: 0->0
[2022-02-07T12:34:10.991+0000][167.371s][info ][gc,metaspace  ] GC(27) Metaspace: 30331K->30331K(1077248K)
[2022-02-07T12:34:10.991+0000][167.371s][info ][gc            ] GC(27) Pause Young (Normal) (G1 Evacuation Pause) 93M->22M(152M) 7.283ms
[2022-02-07T12:34:10.991+0000][167.371s][info ][gc,cpu        ] GC(27) User=0.02s Sys=0.00s Real=0.01s
[2022-02-07T12:34:10.991+0000][167.371s][info ][safepoint     ] Leaving safepoint region
[2022-02-07T12:34:10.991+0000][167.371s][info ][safepoint     ] Total time for which application threads were stopped: 0.0074550 seconds, Stopping threads took: 0.0000107 seconds
[2022-02-07T12:34:10.991+0000][167.371s][info ][gc,stringdedup] Concurrent String Deduplication (167.371s)
[2022-02-07T12:34:10.991+0000][167.372s][info ][gc,stringdedup] Concurrent String Deduplication 140.1K->69880.0B(73632.0B) avg 44.6% (167.371s, 167.372s) 0.574ms
[2022-02-07T12:34:11.165+0000][167.545s][debug][safepoint     ] Safepoint synchronization initiated. (13 threads)
[2022-02-07T12:34:11.165+0000][167.545s][info ][safepoint     ] Application time: 0.1740607 seconds
[2022-02-07T12:34:11.165+0000][167.545s][info ][safepoint     ] Entering safepoint region: Deoptimize
[2022-02-07T12:34:11.165+0000][167.546s][info ][safepoint     ] Leaving safepoint region
[2022-02-07T12:34:11.165+0000][167.546s][info ][safepoint     ] Total time for which application threads were stopped: 0.0004034 seconds, Stopping threads took: 0.0000096 seconds
[2022-02-07T12:34:11.273+0000][167.654s][debug][safepoint     ] Safepoint synchronization initiated. (14 threads)
[2022-02-07T12:34:11.274+0000][167.654s][info ][safepoint     ] Application time: 0.1083103 seconds
[2022-02-07T12:34:11.274+0000][167.654s][info ][safepoint     ] Entering safepoint region: G1CollectForAllocation
[2022-02-07T12:34:11.274+0000][167.654s][info ][gc,start      ] GC(28) Pause Young (Normal) (G1 Evacuation Pause)
[2022-02-07T12:34:11.274+0000][167.654s][info ][gc,task       ] GC(28) Using 3 workers of 4 for evacuation
[2022-02-07T12:34:11.281+0000][167.662s][info ][gc,phases     ] GC(28)   Pre Evacuate Collection Set: 0.0ms
[2022-02-07T12:34:11.281+0000][167.662s][info ][gc,phases     ] GC(28)   Evacuate Collection Set: 6.1ms
[2022-02-07T12:34:11.281+0000][167.662s][info ][gc,phases     ] GC(28)   Post Evacuate Collection Set: 1.4ms
[2022-02-07T12:34:11.281+0000][167.662s][info ][gc,phases     ] GC(28)   Other: 0.1ms
[2022-02-07T12:34:11.281+0000][167.662s][info ][gc,heap       ] GC(28) Eden regions: 87->0(87)
[2022-02-07T12:34:11.281+0000][167.662s][info ][gc,heap       ] GC(28) Survivor regions: 4->4(12)
[2022-02-07T12:34:11.281+0000][167.662s][info ][gc,heap       ] GC(28) Old regions: 21->21
[2022-02-07T12:34:11.281+0000][167.662s][info ][gc,heap       ] GC(28) Humongous regions: 0->0
[2022-02-07T12:34:11.281+0000][167.662s][info ][gc,metaspace  ] GC(28) Metaspace: 30973K->30973K(1077248K)
[2022-02-07T12:34:11.281+0000][167.662s][info ][gc            ] GC(28) Pause Young (Normal) (G1 Evacuation Pause) 109M->23M(152M) 7.753ms
[2022-02-07T12:34:11.281+0000][167.662s][info ][gc,cpu        ] GC(28) User=0.03s Sys=0.00s Real=0.00s
[2022-02-07T12:34:11.281+0000][167.662s][info ][safepoint     ] Leaving safepoint region
[2022-02-07T12:34:11.281+0000][167.662s][info ][safepoint     ] Total time for which application threads were stopped: 0.0079401 seconds, Stopping threads took: 0.0000100 seconds
[2022-02-07T12:34:11.282+0000][167.662s][info ][gc,stringdedup] Concurrent String Deduplication (167.662s)
[2022-02-07T12:34:11.282+0000][167.663s][info ][gc,stringdedup] Concurrent String Deduplication 146.4K->63872.0B(86016.0B) avg 44.9% (167.662s, 167.663s) 0.530ms
[2022-02-07T12:34:11.617+0000][167.997s][debug][safepoint     ] Safepoint synchronization initiated. (14 threads)
[2022-02-07T12:34:11.617+0000][167.997s][info ][safepoint     ] Application time: 0.3352286 seconds
[2022-02-07T12:34:11.617+0000][167.997s][info ][safepoint     ] Entering safepoint region: Deoptimize
[2022-02-07T12:34:11.617+0000][167.998s][info ][safepoint     ] Leaving safepoint region
[2022-02-07T12:34:11.617+0000][167.998s][info ][safepoint     ] Total time for which application threads were stopped: 0.0004933 seconds, Stopping threads took: 0.0000098 seconds
[2022-02-07T12:34:11.639+0000][168.020s][debug][safepoint     ] Safepoint synchronization initiated. (14 threads)
[2022-02-07T12:34:11.639+0000][168.020s][info ][safepoint     ] Application time: 0.0219115 seconds
[2022-02-07T12:34:11.639+0000][168.020s][info ][safepoint     ] Entering safepoint region: Deoptimize
[2022-02-07T12:34:11.640+0000][168.020s][info ][safepoint     ] Leaving safepoint region
[2022-02-07T12:34:11.640+0000][168.020s][info ][safepoint     ] Total time for which application threads were stopped: 0.0003860 seconds, Stopping threads took: 0.0000106 seconds
[2022-02-07T12:34:11.733+0000][168.114s][debug][safepoint     ] Safepoint synchronization initiated. (14 threads)
[2022-02-07T12:34:11.733+0000][168.114s][info ][safepoint     ] Application time: 0.0934607 seconds
[2022-02-07T12:34:11.733+0000][168.114s][info ][safepoint     ] Entering safepoint region: Deoptimize
[2022-02-07T12:34:11.734+0000][168.114s][info ][safepoint     ] Leaving safepoint region
[2022-02-07T12:34:11.734+0000][168.115s][info ][safepoint     ] Total time for which application threads were stopped: 0.0008743 seconds, Stopping threads took: 0.0000106 seconds
[2022-02-07T12:34:11.794+0000][168.174s][debug][safepoint     ] Safepoint synchronization initiated. (14 threads)
[2022-02-07T12:34:11.794+0000][168.174s][info ][safepoint     ] Application time: 0.0599874 seconds
[2022-02-07T12:34:11.794+0000][168.175s][info ][safepoint     ] Entering safepoint region: G1CollectForAllocation
[2022-02-07T12:34:11.794+0000][168.175s][info ][gc,start      ] GC(29) Pause Young (Normal) (G1 Evacuation Pause)
[2022-02-07T12:34:11.794+0000][168.175s][info ][gc,task       ] GC(29) Using 3 workers of 4 for evacuation
[2022-02-07T12:34:11.801+0000][168.181s][info ][gc,phases     ] GC(29)   Pre Evacuate Collection Set: 0.0ms
[2022-02-07T12:34:11.801+0000][168.181s][info ][gc,phases     ] GC(29)   Evacuate Collection Set: 5.0ms
[2022-02-07T12:34:11.801+0000][168.181s][info ][gc,phases     ] GC(29)   Post Evacuate Collection Set: 1.5ms
[2022-02-07T12:34:11.801+0000][168.181s][info ][gc,phases     ] GC(29)   Other: 0.1ms
[2022-02-07T12:34:11.801+0000][168.181s][info ][gc,heap       ] GC(29) Eden regions: 87->0(86)
[2022-02-07T12:34:11.801+0000][168.181s][info ][gc,heap       ] GC(29) Survivor regions: 4->5(12)
[2022-02-07T12:34:11.801+0000][168.181s][info ][gc,heap       ] GC(29) Old regions: 21->21
[2022-02-07T12:34:11.801+0000][168.181s][info ][gc,heap       ] GC(29) Humongous regions: 0->0
[2022-02-07T12:34:11.801+0000][168.181s][info ][gc,metaspace  ] GC(29) Metaspace: 32478K->32478K(1079296K)
[2022-02-07T12:34:11.801+0000][168.181s][info ][gc            ] GC(29) Pause Young (Normal) (G1 Evacuation Pause) 110M->23M(152M) 6.866ms
[2022-02-07T12:34:11.801+0000][168.182s][info ][gc,cpu        ] GC(29) User=0.01s Sys=0.00s Real=0.00s
[2022-02-07T12:34:11.801+0000][168.182s][info ][safepoint     ] Leaving safepoint region
[2022-02-07T12:34:11.801+0000][168.182s][info ][safepoint     ] Total time for which application threads were stopped: 0.0070194 seconds, Stopping threads took: 0.0000110 seconds
[2022-02-07T12:34:11.801+0000][168.182s][info ][gc,stringdedup] Concurrent String Deduplication (168.182s)
[2022-02-07T12:34:11.801+0000][168.182s][info ][gc,stringdedup] Concurrent String Deduplication 150.5K->80672.0B(73432.0B) avg 44.9% (168.182s, 168.182s) 0.529ms
[2022-02-07T12:34:12.216+0000][168.597s][debug][safepoint     ] Safepoint synchronization initiated. (14 threads)
[2022-02-07T12:34:12.216+0000][168.597s][info ][safepoint     ] Application time: 0.4154709 seconds
[2022-02-07T12:34:12.216+0000][168.597s][info ][safepoint     ] Entering safepoint region: G1CollectForAllocation
[2022-02-07T12:34:12.217+0000][168.597s][info ][gc,start      ] GC(30) Pause Young (Normal) (G1 Evacuation Pause)
[2022-02-07T12:34:12.217+0000][168.597s][info ][gc,task       ] GC(30) Using 3 workers of 4 for evacuation
[2022-02-07T12:34:12.224+0000][168.605s][info ][gc,phases     ] GC(30)   Pre Evacuate Collection Set: 0.0ms
[2022-02-07T12:34:12.224+0000][168.605s][info ][gc,phases     ] GC(30)   Evacuate Collection Set: 6.2ms
[2022-02-07T12:34:12.224+0000][168.605s][info ][gc,phases     ] GC(30)   Post Evacuate Collection Set: 1.1ms
[2022-02-07T12:34:12.224+0000][168.605s][info ][gc,phases     ] GC(30)   Other: 0.1ms
[2022-02-07T12:34:12.224+0000][168.605s][info ][gc,heap       ] GC(30) Eden regions: 86->0(86)
[2022-02-07T12:34:12.224+0000][168.605s][info ][gc,heap       ] GC(30) Survivor regions: 5->5(12)
[2022-02-07T12:34:12.224+0000][168.605s][info ][gc,heap       ] GC(30) Old regions: 21->21
[2022-02-07T12:34:12.224+0000][168.605s][info ][gc,heap       ] GC(30) Humongous regions: 0->0
[2022-02-07T12:34:12.224+0000][168.605s][info ][gc,metaspace  ] GC(30) Metaspace: 33935K->33935K(1079296K)
[2022-02-07T12:34:12.224+0000][168.605s][info ][gc            ] GC(30) Pause Young (Normal) (G1 Evacuation Pause) 109M->23M(152M) 7.664ms
[2022-02-07T12:34:12.224+0000][168.605s][info ][gc,cpu        ] GC(30) User=0.01s Sys=0.00s Real=0.01s
[2022-02-07T12:34:12.224+0000][168.605s][info ][safepoint     ] Leaving safepoint region
[2022-02-07T12:34:12.224+0000][168.605s][info ][safepoint     ] Total time for which application threads were stopped: 0.0078213 seconds, Stopping threads took: 0.0000104 seconds
[2022-02-07T12:34:12.224+0000][168.605s][info ][gc,stringdedup] Concurrent String Deduplication (168.605s)
[2022-02-07T12:34:12.225+0000][168.605s][info ][gc,stringdedup] Concurrent String Deduplication 113.5K->48648.0B(67608.0B) avg 45.1% (168.605s, 168.605s) 0.422ms
[2022-02-07T12:34:12.557+0000][168.937s][debug][safepoint     ] Safepoint synchronization initiated. (14 threads)
[2022-02-07T12:34:12.557+0000][168.937s][info ][safepoint     ] Application time: 0.3324601 seconds
[2022-02-07T12:34:12.557+0000][168.937s][info ][safepoint     ] Entering safepoint region: G1CollectForAllocation
[2022-02-07T12:34:12.557+0000][168.937s][info ][gc,start      ] GC(31) Pause Young (Normal) (G1 Evacuation Pause)
[2022-02-07T12:34:12.557+0000][168.937s][info ][gc,task       ] GC(31) Using 3 workers of 4 for evacuation
[2022-02-07T12:34:12.571+0000][168.952s][info ][gc,phases     ] GC(31)   Pre Evacuate Collection Set: 0.0ms
[2022-02-07T12:34:12.571+0000][168.952s][info ][gc,phases     ] GC(31)   Evacuate Collection Set: 11.3ms
[2022-02-07T12:34:12.571+0000][168.952s][info ][gc,phases     ] GC(31)   Post Evacuate Collection Set: 2.9ms
[2022-02-07T12:34:12.571+0000][168.952s][info ][gc,phases     ] GC(31)   Other: 0.1ms
[2022-02-07T12:34:12.571+0000][168.952s][info ][gc,heap       ] GC(31) Eden regions: 86->0(105)
[2022-02-07T12:34:12.571+0000][168.952s][info ][gc,heap       ] GC(31) Survivor regions: 5->5(12)
[2022-02-07T12:34:12.571+0000][168.952s][info ][gc,heap       ] GC(31) Old regions: 21->21
[2022-02-07T12:34:12.571+0000][168.952s][info ][gc,heap       ] GC(31) Humongous regions: 0->0
[2022-02-07T12:34:12.571+0000][168.952s][info ][gc,metaspace  ] GC(31) Metaspace: 34607K->34607K(1081344K)
[2022-02-07T12:34:12.571+0000][168.952s][info ][gc            ] GC(31) Pause Young (Normal) (G1 Evacuation Pause) 109M->24M(184M) 14.493ms
[2022-02-07T12:34:12.571+0000][168.952s][info ][gc,cpu        ] GC(31) User=0.04s Sys=0.00s Real=0.01s
[2022-02-07T12:34:12.571+0000][168.952s][info ][safepoint     ] Leaving safepoint region
[2022-02-07T12:34:12.571+0000][168.952s][info ][safepoint     ] Total time for which application threads were stopped: 0.0146827 seconds, Stopping threads took: 0.0000104 seconds
[2022-02-07T12:34:12.571+0000][168.952s][info ][gc,stringdedup] Concurrent String Deduplication (168.952s)
[2022-02-07T12:34:12.572+0000][168.952s][info ][gc,stringdedup] Concurrent String Deduplication 90184.0B->29792.0B(60392.0B) avg 45.4% (168.952s, 168.952s) 0.436ms
[2022-02-07T12:34:12.633+0000][169.013s][debug][safepoint     ] Safepoint synchronization initiated. (14 threads)
[2022-02-07T12:34:12.633+0000][169.013s][info ][safepoint     ] Application time: 0.0611998 seconds
[2022-02-07T12:34:12.633+0000][169.013s][info ][safepoint     ] Entering safepoint region: Deoptimize
[2022-02-07T12:34:12.633+0000][169.014s][info ][safepoint     ] Leaving safepoint region
[2022-02-07T12:34:12.633+0000][169.014s][info ][safepoint     ] Total time for which application threads were stopped: 0.0004883 seconds, Stopping threads took: 0.0000107 seconds
[2022-02-07T12:34:12.656+0000][169.036s][debug][safepoint     ] Safepoint synchronization initiated. (14 threads)
[2022-02-07T12:34:12.656+0000][169.036s][info ][safepoint     ] Application time: 0.0225877 seconds
[2022-02-07T12:34:12.656+0000][169.036s][debug][safepoint     ] ... found polling page loop exception at pc = 0x00007f915050b929, stub =0x00007f91488be900
[2022-02-07T12:34:12.656+0000][169.036s][debug][safepoint     ] Waiting for 1 thread(s) to block
[2022-02-07T12:34:12.656+0000][169.036s][info ][safepoint     ] Entering safepoint region: CollectForMetadataAllocation
[2022-02-07T12:34:12.656+0000][169.036s][info ][gc,start      ] GC(32) Pause Young (Concurrent Start) (Metadata GC Threshold)
[2022-02-07T12:34:12.656+0000][169.036s][info ][gc,task       ] GC(32) Using 4 workers of 4 for evacuation
[2022-02-07T12:34:12.668+0000][169.049s][info ][gc,phases     ] GC(32)   Pre Evacuate Collection Set: 0.1ms
[2022-02-07T12:34:12.668+0000][169.049s][info ][gc,phases     ] GC(32)   Evacuate Collection Set: 10.7ms
[2022-02-07T12:34:12.668+0000][169.049s][info ][gc,phases     ] GC(32)   Post Evacuate Collection Set: 1.5ms
[2022-02-07T12:34:12.668+0000][169.049s][info ][gc,phases     ] GC(32)   Other: 0.1ms
[2022-02-07T12:34:12.668+0000][169.049s][info ][gc,heap       ] GC(32) Eden regions: 12->0(88)
[2022-02-07T12:34:12.668+0000][169.049s][info ][gc,heap       ] GC(32) Survivor regions: 5->5(14)
[2022-02-07T12:34:12.668+0000][169.049s][info ][gc,heap       ] GC(32) Old regions: 21->21
[2022-02-07T12:34:12.668+0000][169.049s][info ][gc,heap       ] GC(32) Humongous regions: 0->0
[2022-02-07T12:34:12.668+0000][169.049s][info ][gc,metaspace  ] GC(32) Metaspace: 34805K->34805K(1081344K)
[2022-02-07T12:34:12.668+0000][169.049s][info ][gc            ] GC(32) Pause Young (Concurrent Start) (Metadata GC Threshold) 36M->24M(184M) 12.512ms
[2022-02-07T12:34:12.668+0000][169.049s][info ][gc,cpu        ] GC(32) User=0.04s Sys=0.00s Real=0.01s
[2022-02-07T12:34:12.668+0000][169.049s][info ][gc            ] GC(33) Concurrent Cycle
[2022-02-07T12:34:12.668+0000][169.049s][info ][gc,marking    ] GC(33) Concurrent Clear Claimed Marks
[2022-02-07T12:34:12.668+0000][169.049s][info ][safepoint     ] Leaving safepoint region
[2022-02-07T12:34:12.668+0000][169.049s][info ][safepoint     ] Total time for which application threads were stopped: 0.0127395 seconds, Stopping threads took: 0.0000699 seconds
[2022-02-07T12:34:12.668+0000][169.049s][info ][gc,stringdedup] Concurrent String Deduplication (169.049s)
[2022-02-07T12:34:12.668+0000][169.049s][info ][gc,marking    ] GC(33) Concurrent Clear Claimed Marks 0.056ms
[2022-02-07T12:34:12.669+0000][169.049s][info ][gc,marking    ] GC(33) Concurrent Scan Root Regions
[2022-02-07T12:34:12.669+0000][169.049s][info ][gc,stringdedup] Concurrent String Deduplication 38008.0B->8888.0B(29120.0B) avg 45.6% (169.049s, 169.049s) 0.246ms
[2022-02-07T12:34:12.673+0000][169.053s][info ][gc,marking    ] GC(33) Concurrent Scan Root Regions 4.281ms
[2022-02-07T12:34:12.673+0000][169.053s][info ][gc,marking    ] GC(33) Concurrent Mark (169.053s)
[2022-02-07T12:34:12.673+0000][169.053s][info ][gc,marking    ] GC(33) Concurrent Mark From Roots
[2022-02-07T12:34:12.673+0000][169.053s][info ][gc,task       ] GC(33) Using 1 workers of 1 for marking
[2022-02-07T12:34:12.706+0000][169.086s][info ][gc,marking    ] GC(33) Concurrent Mark From Roots 32.745ms
[2022-02-07T12:34:12.706+0000][169.086s][info ][gc,marking    ] GC(33) Concurrent Preclean
[2022-02-07T12:34:12.706+0000][169.086s][info ][gc,marking    ] GC(33) Concurrent Preclean 0.067ms
[2022-02-07T12:34:12.706+0000][169.086s][info ][gc,marking    ] GC(33) Concurrent Mark (169.053s, 169.086s) 32.866ms
[2022-02-07T12:34:12.706+0000][169.086s][debug][safepoint     ] Safepoint synchronization initiated. (14 threads)
[2022-02-07T12:34:12.706+0000][169.086s][info ][safepoint     ] Application time: 0.0372868 seconds
[2022-02-07T12:34:12.706+0000][169.086s][debug][safepoint     ] ... found polling page return exception at pc = 0x00007f915043cf7e, stub =0x00007f91488beb80
[2022-02-07T12:34:12.706+0000][169.086s][debug][safepoint     ] Waiting for 1 thread(s) to block
[2022-02-07T12:34:12.706+0000][169.086s][info ][safepoint     ] Entering safepoint region: CGC_Operation
[2022-02-07T12:34:12.706+0000][169.086s][info ][gc,start      ] GC(33) Pause Remark
[2022-02-07T12:34:12.712+0000][169.092s][info ][gc,stringtable] GC(33) Cleaned string and symbol table, strings: 12497 processed, 34 removed, symbols: 115585 processed, 292 removed
[2022-02-07T12:34:12.712+0000][169.092s][info ][gc            ] GC(33) Pause Remark 28M->28M(184M) 5.910ms
[2022-02-07T12:34:12.712+0000][169.092s][info ][gc,cpu        ] GC(33) User=0.01s Sys=0.01s Real=0.00s
[2022-02-07T12:34:12.712+0000][169.092s][info ][safepoint     ] Leaving safepoint region
[2022-02-07T12:34:12.712+0000][169.092s][info ][safepoint     ] Total time for which application threads were stopped: 0.0060865 seconds, Stopping threads took: 0.0000734 seconds
[2022-02-07T12:34:12.712+0000][169.093s][info ][gc,marking    ] GC(33) Concurrent Rebuild Remembered Sets
[2022-02-07T12:34:12.758+0000][169.138s][info ][gc,marking    ] GC(33) Concurrent Rebuild Remembered Sets 45.746ms
[2022-02-07T12:34:12.764+0000][169.144s][debug][safepoint     ] Safepoint synchronization initiated. (14 threads)
[2022-02-07T12:34:12.764+0000][169.144s][info ][safepoint     ] Application time: 0.0519685 seconds
[2022-02-07T12:34:12.764+0000][169.144s][debug][safepoint     ] Waiting for 1 thread(s) to block
[2022-02-07T12:34:12.766+0000][169.147s][info ][safepoint     ] Entering safepoint region: CGC_Operation
[2022-02-07T12:34:12.766+0000][169.147s][info ][gc,start      ] GC(33) Pause Cleanup
[2022-02-07T12:34:12.767+0000][169.147s][info ][gc            ] GC(33) Pause Cleanup 34M->34M(184M) 0.113ms
[2022-02-07T12:34:12.767+0000][169.147s][info ][gc,cpu        ] GC(33) User=0.00s Sys=0.00s Real=0.00s
[2022-02-07T12:34:12.767+0000][169.147s][info ][safepoint     ] Leaving safepoint region
[2022-02-07T12:34:12.767+0000][169.147s][info ][safepoint     ] Total time for which application threads were stopped: 0.0027632 seconds, Stopping threads took: 0.0025599 seconds
[2022-02-07T12:34:12.767+0000][169.147s][info ][gc,marking    ] GC(33) Concurrent Cleanup for Next Mark
[2022-02-07T12:34:12.768+0000][169.148s][info ][gc,marking    ] GC(33) Concurrent Cleanup for Next Mark 1.185ms
[2022-02-07T12:34:12.768+0000][169.148s][info ][gc            ] GC(33) Concurrent Cycle 99.434ms
[2022-02-07T12:34:13.360+0000][169.741s][debug][safepoint     ] Safepoint synchronization initiated. (14 threads)
[2022-02-07T12:34:13.361+0000][169.741s][info ][safepoint     ] Application time: 0.5939331 seconds
[2022-02-07T12:34:13.361+0000][169.741s][debug][safepoint     ] Waiting for 1 thread(s) to block
[2022-02-07T12:34:13.361+0000][169.741s][info ][safepoint     ] Entering safepoint region: G1CollectForAllocation
[2022-02-07T12:34:13.361+0000][169.741s][info ][gc,start      ] GC(34) Pause Young (Normal) (G1 Evacuation Pause)
[2022-02-07T12:34:13.361+0000][169.741s][info ][gc,task       ] GC(34) Using 4 workers of 4 for evacuation
[2022-02-07T12:34:13.378+0000][169.758s][info ][gc,phases     ] GC(34)   Pre Evacuate Collection Set: 0.0ms
[2022-02-07T12:34:13.378+0000][169.758s][info ][gc,phases     ] GC(34)   Evacuate Collection Set: 15.3ms
[2022-02-07T12:34:13.378+0000][169.758s][info ][gc,phases     ] GC(34)   Post Evacuate Collection Set: 1.6ms
[2022-02-07T12:34:13.378+0000][169.758s][info ][gc,phases     ] GC(34)   Other: 0.1ms
[2022-02-07T12:34:13.378+0000][169.758s][info ][gc,heap       ] GC(34) Eden regions: 88->0(90)
[2022-02-07T12:34:13.378+0000][169.758s][info ][gc,heap       ] GC(34) Survivor regions: 5->6(12)
[2022-02-07T12:34:13.378+0000][169.758s][info ][gc,heap       ] GC(34) Old regions: 21->22
[2022-02-07T12:34:13.378+0000][169.758s][info ][gc,heap       ] GC(34) Humongous regions: 0->0
[2022-02-07T12:34:13.378+0000][169.758s][info ][gc,metaspace  ] GC(34) Metaspace: 36404K->36404K(1081344K)
[2022-02-07T12:34:13.378+0000][169.759s][info ][gc            ] GC(34) Pause Young (Normal) (G1 Evacuation Pause) 112M->25M(184M) 17.183ms
[2022-02-07T12:34:13.378+0000][169.759s][info ][gc,cpu        ] GC(34) User=0.04s Sys=0.01s Real=0.02s
[2022-02-07T12:34:13.378+0000][169.759s][info ][safepoint     ] Leaving safepoint region
[2022-02-07T12:34:13.378+0000][169.759s][info ][safepoint     ] Total time for which application threads were stopped: 0.0174004 seconds, Stopping threads took: 0.0000315 seconds
[2022-02-07T12:34:13.378+0000][169.759s][info ][gc,stringdedup] Concurrent String Deduplication (169.759s)
[2022-02-07T12:34:13.378+0000][169.759s][info ][gc,stringdedup] Concurrent String Deduplication 51752.0B->19704.0B(32048.0B) avg 45.7% (169.759s, 169.759s) 0.188ms
[2022-02-07T12:34:13.582+0000][169.962s][debug][safepoint     ] Safepoint synchronization initiated. (14 threads)
[2022-02-07T12:34:13.582+0000][169.962s][info ][safepoint     ] Application time: 0.2036613 seconds
[2022-02-07T12:34:13.582+0000][169.962s][info ][safepoint     ] Entering safepoint region: Deoptimize
[2022-02-07T12:34:13.582+0000][169.963s][info ][safepoint     ] Leaving safepoint region
[2022-02-07T12:34:13.582+0000][169.963s][info ][safepoint     ] Total time for which application threads were stopped: 0.0005079 seconds, Stopping threads took: 0.0000101 seconds
[2022-02-07T12:34:13.583+0000][169.964s][debug][safepoint     ] Safepoint synchronization initiated. (14 threads)
[2022-02-07T12:34:13.583+0000][169.964s][info ][safepoint     ] Application time: 0.0010037 seconds
[2022-02-07T12:34:13.583+0000][169.964s][debug][safepoint     ] Waiting for 1 thread(s) to block
[2022-02-07T12:34:13.583+0000][169.964s][info ][safepoint     ] Entering safepoint region: Deoptimize
[2022-02-07T12:34:13.584+0000][169.964s][info ][safepoint     ] Leaving safepoint region
[2022-02-07T12:34:13.584+0000][169.964s][info ][safepoint     ] Total time for which application threads were stopped: 0.0004515 seconds, Stopping threads took: 0.0000709 seconds
[2022-02-07T12:34:14.002+0000][170.383s][debug][safepoint     ] Safepoint synchronization initiated. (14 threads)
[2022-02-07T12:34:14.002+0000][170.383s][info ][safepoint     ] Application time: 0.4188449 seconds
[2022-02-07T12:34:14.002+0000][170.383s][info ][safepoint     ] Entering safepoint region: G1CollectForAllocation
[2022-02-07T12:34:14.003+0000][170.383s][info ][gc,start      ] GC(35) Pause Young (Normal) (G1 Evacuation Pause)
[2022-02-07T12:34:14.003+0000][170.383s][info ][gc,task       ] GC(35) Using 4 workers of 4 for evacuation
[2022-02-07T12:34:14.018+0000][170.398s][info ][gc,phases     ] GC(35)   Pre Evacuate Collection Set: 0.0ms
[2022-02-07T12:34:14.018+0000][170.398s][info ][gc,phases     ] GC(35)   Evacuate Collection Set: 12.8ms
[2022-02-07T12:34:14.018+0000][170.398s][info ][gc,phases     ] GC(35)   Post Evacuate Collection Set: 2.0ms
[2022-02-07T12:34:14.018+0000][170.398s][info ][gc,phases     ] GC(35)   Other: 0.1ms
[2022-02-07T12:34:14.018+0000][170.398s][info ][gc,heap       ] GC(35) Eden regions: 90->0(99)
[2022-02-07T12:34:14.018+0000][170.398s][info ][gc,heap       ] GC(35) Survivor regions: 6->6(12)
[2022-02-07T12:34:14.018+0000][170.398s][info ][gc,heap       ] GC(35) Old regions: 22->22
[2022-02-07T12:34:14.018+0000][170.398s][info ][gc,heap       ] GC(35) Humongous regions: 0->0
[2022-02-07T12:34:14.018+0000][170.398s][info ][gc,metaspace  ] GC(35) Metaspace: 37545K->37545K(1083392K)
[2022-02-07T12:34:14.018+0000][170.398s][info ][gc            ] GC(35) Pause Young (Normal) (G1 Evacuation Pause) 115M->26M(184M) 15.035ms
[2022-02-07T12:34:14.018+0000][170.398s][info ][gc,cpu        ] GC(35) User=0.04s Sys=0.00s Real=0.02s
[2022-02-07T12:34:14.018+0000][170.398s][info ][safepoint     ] Leaving safepoint region
[2022-02-07T12:34:14.018+0000][170.398s][info ][safepoint     ] Total time for which application threads were stopped: 0.0152231 seconds, Stopping threads took: 0.0000106 seconds
[2022-02-07T12:34:14.019+0000][170.399s][info ][gc,stringdedup] Concurrent String Deduplication (170.399s)
[2022-02-07T12:34:14.019+0000][170.400s][info ][gc,stringdedup] Concurrent String Deduplication 72360.0B->14512.0B(57848.0B) avg 46.0% (170.399s, 170.400s) 0.656ms
[2022-02-07T12:34:14.627+0000][171.008s][debug][safepoint     ] Safepoint synchronization initiated. (14 threads)
[2022-02-07T12:34:14.627+0000][171.008s][info ][safepoint     ] Application time: 0.6092678 seconds
[2022-02-07T12:34:14.627+0000][171.008s][debug][safepoint     ] Waiting for 1 thread(s) to block
[2022-02-07T12:34:14.627+0000][171.008s][info ][safepoint     ] Entering safepoint region: G1CollectForAllocation
[2022-02-07T12:34:14.627+0000][171.008s][info ][gc,start      ] GC(36) Pause Young (Normal) (G1 Evacuation Pause)
[2022-02-07T12:34:14.627+0000][171.008s][info ][gc,task       ] GC(36) Using 4 workers of 4 for evacuation
[2022-02-07T12:34:14.638+0000][171.019s][info ][gc,phases     ] GC(36)   Pre Evacuate Collection Set: 0.0ms
[2022-02-07T12:34:14.638+0000][171.019s][info ][gc,phases     ] GC(36)   Evacuate Collection Set: 8.1ms
[2022-02-07T12:34:14.638+0000][171.019s][info ][gc,phases     ] GC(36)   Post Evacuate Collection Set: 2.4ms
[2022-02-07T12:34:14.638+0000][171.019s][info ][gc,phases     ] GC(36)   Other: 0.1ms
[2022-02-07T12:34:14.638+0000][171.019s][info ][gc,heap       ] GC(36) Eden regions: 99->0(122)
[2022-02-07T12:34:14.638+0000][171.019s][info ][gc,heap       ] GC(36) Survivor regions: 6->7(14)
[2022-02-07T12:34:14.638+0000][171.019s][info ][gc,heap       ] GC(36) Old regions: 22->23
[2022-02-07T12:34:14.638+0000][171.019s][info ][gc,heap       ] GC(36) Humongous regions: 0->0
[2022-02-07T12:34:14.638+0000][171.019s][info ][gc,metaspace  ] GC(36) Metaspace: 38773K->38773K(1083392K)
[2022-02-07T12:34:14.638+0000][171.019s][info ][gc            ] GC(36) Pause Young (Normal) (G1 Evacuation Pause) 125M->27M(252M) 10.728ms
[2022-02-07T12:34:14.638+0000][171.019s][info ][gc,cpu        ] GC(36) User=0.03s Sys=0.00s Real=0.01s
[2022-02-07T12:34:14.638+0000][171.019s][info ][safepoint     ] Leaving safepoint region
[2022-02-07T12:34:14.638+0000][171.019s][info ][safepoint     ] Total time for which application threads were stopped: 0.0112189 seconds, Stopping threads took: 0.0002813 seconds
[2022-02-07T12:34:14.638+0000][171.019s][info ][gc,stringdedup] Concurrent String Deduplication (171.019s)
[2022-02-07T12:34:14.639+0000][171.019s][info ][gc,stringdedup] Concurrent String Deduplication 117.0K->39936.0B(79832.0B) avg 46.4% (171.019s, 171.019s) 0.491ms
[2022-02-07T12:34:14.689+0000][171.070s][debug][safepoint     ] Safepoint synchronization initiated. (14 threads)
[2022-02-07T12:34:14.689+0000][171.070s][info ][safepoint     ] Application time: 0.0511148 seconds
[2022-02-07T12:34:14.689+0000][171.070s][info ][safepoint     ] Entering safepoint region: Deoptimize
[2022-02-07T12:34:14.690+0000][171.070s][info ][safepoint     ] Leaving safepoint region
[2022-02-07T12:34:14.690+0000][171.070s][info ][safepoint     ] Total time for which application threads were stopped: 0.0004641 seconds, Stopping threads took: 0.0000099 seconds
[2022-02-07T12:34:14.788+0000][171.169s][debug][safepoint     ] Safepoint synchronization initiated. (13 threads)
[2022-02-07T12:34:14.788+0000][171.169s][info ][safepoint     ] Application time: 0.0981624 seconds
[2022-02-07T12:34:14.788+0000][171.169s][info ][safepoint     ] Entering safepoint region: Deoptimize
[2022-02-07T12:34:14.788+0000][171.169s][info ][safepoint     ] Leaving safepoint region
[2022-02-07T12:34:14.788+0000][171.169s][info ][safepoint     ] Total time for which application threads were stopped: 0.0004314 seconds, Stopping threads took: 0.0000107 seconds
[2022-02-07T12:34:14.790+0000][171.171s][debug][safepoint     ] Safepoint synchronization initiated. (13 threads)
[2022-02-07T12:34:14.790+0000][171.171s][info ][safepoint     ] Application time: 0.0016416 seconds
[2022-02-07T12:34:14.790+0000][171.171s][info ][safepoint     ] Entering safepoint region: Deoptimize
[2022-02-07T12:34:14.790+0000][171.171s][info ][safepoint     ] Leaving safepoint region
[2022-02-07T12:34:14.790+0000][171.171s][info ][safepoint     ] Total time for which application threads were stopped: 0.0003221 seconds, Stopping threads took: 0.0000087 seconds
[2022-02-07T12:34:15.011+0000][171.392s][debug][safepoint     ] Safepoint synchronization initiated. (14 threads)
[2022-02-07T12:34:15.011+0000][171.392s][info ][safepoint     ] Application time: 0.2207078 seconds
[2022-02-07T12:34:15.011+0000][171.392s][info ][safepoint     ] Entering safepoint region: Deoptimize
[2022-02-07T12:34:15.013+0000][171.394s][info ][safepoint     ] Leaving safepoint region
[2022-02-07T12:34:15.013+0000][171.394s][info ][safepoint     ] Total time for which application threads were stopped: 0.0021860 seconds, Stopping threads took: 0.0000107 seconds
[2022-02-07T12:34:15.015+0000][171.395s][debug][safepoint     ] Safepoint synchronization initiated. (14 threads)
[2022-02-07T12:34:15.015+0000][171.395s][info ][safepoint     ] Application time: 0.0014137 seconds
[2022-02-07T12:34:15.015+0000][171.395s][debug][safepoint     ] Waiting for 1 thread(s) to block
[2022-02-07T12:34:15.015+0000][171.395s][info ][safepoint     ] Entering safepoint region: Deoptimize
[2022-02-07T12:34:15.015+0000][171.396s][info ][safepoint     ] Leaving safepoint region
[2022-02-07T12:34:15.015+0000][171.396s][info ][safepoint     ] Total time for which application threads were stopped: 0.0004824 seconds, Stopping threads took: 0.0000281 seconds
[2022-02-07T12:34:15.199+0000][171.579s][debug][safepoint     ] Safepoint synchronization initiated. (14 threads)
[2022-02-07T12:34:15.199+0000][171.579s][info ][safepoint     ] Application time: 0.1833619 seconds
[2022-02-07T12:34:15.199+0000][171.579s][debug][safepoint     ] Waiting for 1 thread(s) to block
[2022-02-07T12:34:15.199+0000][171.579s][info ][safepoint     ] Entering safepoint region: Deoptimize
[2022-02-07T12:34:15.199+0000][171.580s][info ][safepoint     ] Leaving safepoint region
[2022-02-07T12:34:15.199+0000][171.580s][info ][safepoint     ] Total time for which application threads were stopped: 0.0004796 seconds, Stopping threads took: 0.0000285 seconds
[2022-02-07T12:34:15.755+0000][172.135s][debug][safepoint     ] Safepoint synchronization initiated. (14 threads)
[2022-02-07T12:34:15.755+0000][172.135s][info ][safepoint     ] Application time: 0.5555108 seconds
[2022-02-07T12:34:15.755+0000][172.135s][debug][safepoint     ] Waiting for 2 thread(s) to block
[2022-02-07T12:34:15.756+0000][172.136s][info ][safepoint     ] Entering safepoint region: ICBufferFull
[2022-02-07T12:34:15.756+0000][172.136s][info ][safepoint     ] Leaving safepoint region
[2022-02-07T12:34:15.756+0000][172.136s][info ][safepoint     ] Total time for which application threads were stopped: 0.0011221 seconds, Stopping threads took: 0.0009782 seconds
[2022-02-07T12:34:15.785+0000][172.166s][debug][safepoint     ] Safepoint synchronization initiated. (14 threads)
[2022-02-07T12:34:15.785+0000][172.166s][info ][safepoint     ] Application time: 0.0296715 seconds
[2022-02-07T12:34:15.785+0000][172.166s][info ][safepoint     ] Entering safepoint region: Deoptimize
[2022-02-07T12:34:15.786+0000][172.166s][info ][safepoint     ] Leaving safepoint region
[2022-02-07T12:34:15.786+0000][172.167s][info ][safepoint     ] Total time for which application threads were stopped: 0.0004899 seconds, Stopping threads took: 0.0000112 seconds
[2022-02-07T12:34:15.799+0000][172.180s][debug][safepoint     ] Safepoint synchronization initiated. (14 threads)
[2022-02-07T12:34:15.799+0000][172.180s][info ][safepoint     ] Application time: 0.0133835 seconds
[2022-02-07T12:34:15.799+0000][172.180s][info ][safepoint     ] Entering safepoint region: G1CollectForAllocation
[2022-02-07T12:34:15.799+0000][172.180s][info ][gc,start      ] GC(37) Pause Young (Normal) (G1 Evacuation Pause)
[2022-02-07T12:34:15.799+0000][172.180s][info ][gc,task       ] GC(37) Using 4 workers of 4 for evacuation
[2022-02-07T12:34:15.813+0000][172.194s][info ][gc,phases     ] GC(37)   Pre Evacuate Collection Set: 0.0ms
[2022-02-07T12:34:15.813+0000][172.194s][info ][gc,phases     ] GC(37)   Evacuate Collection Set: 11.8ms
[2022-02-07T12:34:15.813+0000][172.194s][info ][gc,phases     ] GC(37)   Post Evacuate Collection Set: 1.9ms
[2022-02-07T12:34:15.813+0000][172.194s][info ][gc,phases     ] GC(37)   Other: 0.2ms
[2022-02-07T12:34:15.813+0000][172.194s][info ][gc,heap       ] GC(37) Eden regions: 122->0(142)
[2022-02-07T12:34:15.813+0000][172.194s][info ][gc,heap       ] GC(37) Survivor regions: 7->9(17)
[2022-02-07T12:34:15.813+0000][172.194s][info ][gc,heap       ] GC(37) Old regions: 23->23
[2022-02-07T12:34:15.813+0000][172.194s][info ][gc,heap       ] GC(37) Humongous regions: 0->0
[2022-02-07T12:34:15.813+0000][172.194s][info ][gc,metaspace  ] GC(37) Metaspace: 42100K->42100K(1087488K)
[2022-02-07T12:34:15.813+0000][172.194s][info ][gc            ] GC(37) Pause Young (Normal) (G1 Evacuation Pause) 149M->30M(252M) 13.947ms
[2022-02-07T12:34:15.813+0000][172.194s][info ][gc,cpu        ] GC(37) User=0.03s Sys=0.00s Real=0.02s
[2022-02-07T12:34:15.813+0000][172.194s][info ][safepoint     ] Leaving safepoint region
[2022-02-07T12:34:15.813+0000][172.194s][info ][safepoint     ] Total time for which application threads were stopped: 0.0140746 seconds, Stopping threads took: 0.0000110 seconds
[2022-02-07T12:34:15.814+0000][172.194s][info ][gc,stringdedup] Concurrent String Deduplication (172.194s)
[2022-02-07T12:34:15.814+0000][172.195s][info ][gc,stringdedup] Concurrent String Deduplication 91096.0B->43040.0B(48056.0B) avg 46.4% (172.194s, 172.195s) 0.396ms
[2022-02-07T12:34:15.870+0000][172.251s][debug][safepoint     ] Safepoint synchronization initiated. (14 threads)
[2022-02-07T12:34:15.870+0000][172.251s][info ][safepoint     ] Application time: 0.0568808 seconds
[2022-02-07T12:34:15.870+0000][172.251s][info ][safepoint     ] Entering safepoint region: Deoptimize
[2022-02-07T12:34:15.871+0000][172.251s][info ][safepoint     ] Leaving safepoint region
[2022-02-07T12:34:15.871+0000][172.251s][info ][safepoint     ] Total time for which application threads were stopped: 0.0004963 seconds, Stopping threads took: 0.0000106 seconds
[2022-02-07T12:34:16.078+0000][172.459s][debug][safepoint     ] Safepoint synchronization initiated. (14 threads)
[2022-02-07T12:34:16.078+0000][172.459s][info ][safepoint     ] Application time: 0.2072269 seconds
[2022-02-07T12:34:16.078+0000][172.459s][info ][safepoint     ] Entering safepoint region: Deoptimize
[2022-02-07T12:34:16.079+0000][172.459s][info ][safepoint     ] Leaving safepoint region
[2022-02-07T12:34:16.079+0000][172.459s][info ][safepoint     ] Total time for which application threads were stopped: 0.0005158 seconds, Stopping threads took: 0.0000106 seconds
[2022-02-07T12:34:16.635+0000][173.016s][debug][safepoint     ] Safepoint synchronization initiated. (15 threads)
[2022-02-07T12:34:16.635+0000][173.016s][info ][safepoint     ] Application time: 0.5568800 seconds
[2022-02-07T12:34:16.635+0000][173.016s][info ][safepoint     ] Entering safepoint region: ICBufferFull
[2022-02-07T12:34:16.636+0000][173.016s][info ][safepoint     ] Leaving safepoint region
[2022-02-07T12:34:16.636+0000][173.016s][info ][safepoint     ] Total time for which application threads were stopped: 0.0001502 seconds, Stopping threads took: 0.0000100 seconds
[2022-02-07T12:34:16.669+0000][173.050s][debug][safepoint     ] Safepoint synchronization initiated. (15 threads)
[2022-02-07T12:34:16.669+0000][173.050s][info ][safepoint     ] Application time: 0.0334984 seconds
[2022-02-07T12:34:16.669+0000][173.050s][info ][safepoint     ] Entering safepoint region: Deoptimize
[2022-02-07T12:34:16.670+0000][173.050s][info ][safepoint     ] Leaving safepoint region
[2022-02-07T12:34:16.670+0000][173.050s][info ][safepoint     ] Total time for which application threads were stopped: 0.0005478 seconds, Stopping threads took: 0.0000098 seconds
[2022-02-07T12:34:17.368+0000][173.748s][debug][safepoint     ] Safepoint synchronization initiated. (15 threads)
[2022-02-07T12:34:17.368+0000][173.748s][info ][safepoint     ] Application time: 0.6982005 seconds
[2022-02-07T12:34:17.368+0000][173.748s][info ][safepoint     ] Entering safepoint region: ICBufferFull
[2022-02-07T12:34:17.368+0000][173.749s][info ][safepoint     ] Leaving safepoint region
[2022-02-07T12:34:17.368+0000][173.749s][info ][safepoint     ] Total time for which application threads were stopped: 0.0001777 seconds, Stopping threads took: 0.0000112 seconds
[2022-02-07T12:34:17.620+0000][174.001s][debug][safepoint     ] Safepoint synchronization initiated. (15 threads)
[2022-02-07T12:34:17.620+0000][174.001s][info ][safepoint     ] Application time: 0.2522165 seconds
[2022-02-07T12:34:17.620+0000][174.001s][info ][safepoint     ] Entering safepoint region: G1CollectForAllocation
[2022-02-07T12:34:17.620+0000][174.001s][info ][gc,start      ] GC(38) Pause Young (Normal) (G1 Evacuation Pause)
[2022-02-07T12:34:17.620+0000][174.001s][info ][gc,task       ] GC(38) Using 4 workers of 4 for evacuation
[2022-02-07T12:34:17.651+0000][174.032s][info ][gc,phases     ] GC(38)   Pre Evacuate Collection Set: 0.0ms
[2022-02-07T12:34:17.651+0000][174.032s][info ][gc,phases     ] GC(38)   Evacuate Collection Set: 26.9ms
[2022-02-07T12:34:17.651+0000][174.032s][info ][gc,phases     ] GC(38)   Post Evacuate Collection Set: 3.6ms
[2022-02-07T12:34:17.651+0000][174.032s][info ][gc,phases     ] GC(38)   Other: 0.2ms
[2022-02-07T12:34:17.651+0000][174.032s][info ][gc,heap       ] GC(38) Eden regions: 142->0(140)
[2022-02-07T12:34:17.651+0000][174.032s][info ][gc,heap       ] GC(38) Survivor regions: 9->11(19)
[2022-02-07T12:34:17.651+0000][174.032s][info ][gc,heap       ] GC(38) Old regions: 23->24
[2022-02-07T12:34:17.651+0000][174.032s][info ][gc,heap       ] GC(38) Humongous regions: 0->0
[2022-02-07T12:34:17.651+0000][174.032s][info ][gc,metaspace  ] GC(38) Metaspace: 46415K->46415K(1091584K)
[2022-02-07T12:34:17.651+0000][174.032s][info ][gc            ] GC(38) Pause Young (Normal) (G1 Evacuation Pause) 172M->32M(252M) 30.811ms
[2022-02-07T12:34:17.651+0000][174.032s][info ][gc,cpu        ] GC(38) User=0.06s Sys=0.00s Real=0.03s
[2022-02-07T12:34:17.651+0000][174.032s][info ][safepoint     ] Leaving safepoint region
[2022-02-07T12:34:17.651+0000][174.032s][info ][safepoint     ] Total time for which application threads were stopped: 0.0310137 seconds, Stopping threads took: 0.0000152 seconds
[2022-02-07T12:34:17.657+0000][174.038s][info ][gc,stringdedup] Concurrent String Deduplication (174.038s)
[2022-02-07T12:34:17.658+0000][174.039s][info ][gc,stringdedup] Concurrent String Deduplication 106.5K->45248.0B(63760.0B) avg 46.6% (174.038s, 174.039s) 0.791ms
[2022-02-07T12:34:18.250+0000][174.630s][debug][safepoint     ] Safepoint synchronization initiated. (14 threads)
[2022-02-07T12:34:18.250+0000][174.630s][info ][safepoint     ] Application time: 0.5983012 seconds
[2022-02-07T12:34:18.250+0000][174.630s][info ][safepoint     ] Entering safepoint region: G1CollectForAllocation
[2022-02-07T12:34:18.250+0000][174.630s][info ][gc,start      ] GC(39) Pause Young (Normal) (G1 Evacuation Pause)
[2022-02-07T12:34:18.250+0000][174.630s][info ][gc,task       ] GC(39) Using 4 workers of 4 for evacuation
[2022-02-07T12:34:18.272+0000][174.653s][info ][gc,phases     ] GC(39)   Pre Evacuate Collection Set: 0.0ms
[2022-02-07T12:34:18.272+0000][174.653s][info ][gc,phases     ] GC(39)   Evacuate Collection Set: 20.7ms
[2022-02-07T12:34:18.272+0000][174.653s][info ][gc,phases     ] GC(39)   Post Evacuate Collection Set: 1.5ms
[2022-02-07T12:34:18.272+0000][174.653s][info ][gc,phases     ] GC(39)   Other: 0.2ms
[2022-02-07T12:34:18.272+0000][174.653s][info ][gc,heap       ] GC(39) Eden regions: 140->0(140)
[2022-02-07T12:34:18.272+0000][174.653s][info ][gc,heap       ] GC(39) Survivor regions: 11->11(19)
[2022-02-07T12:34:18.272+0000][174.653s][info ][gc,heap       ] GC(39) Old regions: 24->24
[2022-02-07T12:34:18.272+0000][174.653s][info ][gc,heap       ] GC(39) Humongous regions: 0->0
[2022-02-07T12:34:18.272+0000][174.653s][info ][gc,metaspace  ] GC(39) Metaspace: 48733K->48733K(1093632K)
[2022-02-07T12:34:18.272+0000][174.653s][info ][gc            ] GC(39) Pause Young (Normal) (G1 Evacuation Pause) 172M->32M(252M) 22.509ms
[2022-02-07T12:34:18.272+0000][174.653s][info ][gc,cpu        ] GC(39) User=0.05s Sys=0.00s Real=0.03s
[2022-02-07T12:34:18.272+0000][174.653s][info ][safepoint     ] Leaving safepoint region
[2022-02-07T12:34:18.272+0000][174.653s][info ][safepoint     ] Total time for which application threads were stopped: 0.0226369 seconds, Stopping threads took: 0.0000110 seconds
[2022-02-07T12:34:18.272+0000][174.653s][info ][gc,stringdedup] Concurrent String Deduplication (174.653s)
[2022-02-07T12:34:18.273+0000][174.654s][info ][gc,stringdedup] Concurrent String Deduplication 154.7K->66936.0B(91488.0B) avg 46.8% (174.653s, 174.654s) 0.980ms
[2022-02-07T12:34:19.272+0000][175.653s][debug][safepoint     ] Safepoint synchronization initiated. (14 threads)
[2022-02-07T12:34:19.272+0000][175.653s][info ][safepoint     ] Application time: 1.0001345 seconds
[2022-02-07T12:34:19.272+0000][175.653s][info ][safepoint     ] Entering safepoint region: Cleanup
[2022-02-07T12:34:19.273+0000][175.653s][info ][safepoint     ] Leaving safepoint region
[2022-02-07T12:34:19.273+0000][175.653s][info ][safepoint     ] Total time for which application threads were stopped: 0.0001095 seconds, Stopping threads took: 0.0000103 seconds
[2022-02-07T12:34:20.061+0000][176.441s][debug][safepoint     ] Safepoint synchronization initiated. (14 threads)
[2022-02-07T12:34:20.061+0000][176.441s][info ][safepoint     ] Application time: 0.7882635 seconds
[2022-02-07T12:34:20.061+0000][176.441s][info ][safepoint     ] Entering safepoint region: G1CollectForAllocation
[2022-02-07T12:34:20.061+0000][176.442s][info ][gc,start      ] GC(40) Pause Young (Normal) (G1 Evacuation Pause)
[2022-02-07T12:34:20.061+0000][176.442s][info ][gc,task       ] GC(40) Using 4 workers of 4 for evacuation
[2022-02-07T12:34:20.085+0000][176.466s][info ][gc,phases     ] GC(40)   Pre Evacuate Collection Set: 0.0ms
[2022-02-07T12:34:20.085+0000][176.466s][info ][gc,phases     ] GC(40)   Evacuate Collection Set: 20.4ms
[2022-02-07T12:34:20.085+0000][176.466s][info ][gc,phases     ] GC(40)   Post Evacuate Collection Set: 3.6ms
[2022-02-07T12:34:20.085+0000][176.466s][info ][gc,phases     ] GC(40)   Other: 0.1ms
[2022-02-07T12:34:20.085+0000][176.466s][info ][gc,heap       ] GC(40) Eden regions: 140->0(170)
[2022-02-07T12:34:20.085+0000][176.466s][info ][gc,heap       ] GC(40) Survivor regions: 11->11(19)
[2022-02-07T12:34:20.085+0000][176.466s][info ][gc,heap       ] GC(40) Old regions: 24->25
[2022-02-07T12:34:20.085+0000][176.466s][info ][gc,heap       ] GC(40) Humongous regions: 0->0
[2022-02-07T12:34:20.085+0000][176.466s][info ][gc,metaspace  ] GC(40) Metaspace: 52612K->52612K(1095680K)
[2022-02-07T12:34:20.085+0000][176.466s][info ][gc            ] GC(40) Pause Young (Normal) (G1 Evacuation Pause) 172M->33M(303M) 24.269ms
[2022-02-07T12:34:20.085+0000][176.466s][info ][gc,cpu        ] GC(40) User=0.04s Sys=0.00s Real=0.03s
[2022-02-07T12:34:20.085+0000][176.466s][info ][safepoint     ] Leaving safepoint region
[2022-02-07T12:34:20.085+0000][176.466s][info ][safepoint     ] Total time for which application threads were stopped: 0.0244221 seconds, Stopping threads took: 0.0000111 seconds
[2022-02-07T12:34:20.085+0000][176.466s][info ][gc,stringdedup] Concurrent String Deduplication (176.466s)
[2022-02-07T12:34:20.087+0000][176.467s][info ][gc,stringdedup] Concurrent String Deduplication 253.8K->123.5K(130.3K) avg 47.0% (176.466s, 176.467s) 1.503ms
[2022-02-07T12:34:20.402+0000][176.782s][debug][safepoint     ] Safepoint synchronization initiated. (15 threads)
[2022-02-07T12:34:20.402+0000][176.782s][info ][safepoint     ] Application time: 0.3164673 seconds
[2022-02-07T12:34:20.402+0000][176.783s][info ][safepoint     ] Entering safepoint region: Deoptimize
[2022-02-07T12:34:20.403+0000][176.784s][info ][safepoint     ] Leaving safepoint region
[2022-02-07T12:34:20.403+0000][176.784s][info ][safepoint     ] Total time for which application threads were stopped: 0.0015721 seconds, Stopping threads took: 0.0003070 seconds
[2022-02-07T12:34:20.511+0000][176.892s][debug][safepoint     ] Safepoint synchronization initiated. (15 threads)
[2022-02-07T12:34:20.511+0000][176.892s][info ][safepoint     ] Application time: 0.1079222 seconds
[2022-02-07T12:34:20.511+0000][176.892s][debug][safepoint     ] Waiting for 1 thread(s) to block
[2022-02-07T12:34:20.511+0000][176.892s][info ][safepoint     ] Entering safepoint region: Deoptimize
[2022-02-07T12:34:20.512+0000][176.892s][info ][safepoint     ] Leaving safepoint region
[2022-02-07T12:34:20.512+0000][176.892s][info ][safepoint     ] Total time for which application threads were stopped: 0.0006019 seconds, Stopping threads took: 0.0000294 seconds
[2022-02-07T12:34:21.101+0000][177.482s][debug][safepoint     ] Safepoint synchronization initiated. (15 threads)
[2022-02-07T12:34:21.101+0000][177.482s][info ][safepoint     ] Application time: 0.5891983 seconds
[2022-02-07T12:34:21.101+0000][177.482s][debug][safepoint     ] Waiting for 1 thread(s) to block
[2022-02-07T12:34:21.101+0000][177.482s][info ][safepoint     ] Entering safepoint region: ICBufferFull
[2022-02-07T12:34:21.101+0000][177.482s][info ][safepoint     ] Leaving safepoint region
[2022-02-07T12:34:21.101+0000][177.482s][info ][safepoint     ] Total time for which application threads were stopped: 0.0002283 seconds, Stopping threads took: 0.0000305 seconds
[2022-02-07T12:34:21.557+0000][177.938s][debug][safepoint     ] Safepoint synchronization initiated. (15 threads)
[2022-02-07T12:34:21.557+0000][177.938s][info ][safepoint     ] Application time: 0.4559343 seconds
[2022-02-07T12:34:21.557+0000][177.938s][debug][safepoint     ] Waiting for 1 thread(s) to block
[2022-02-07T12:34:21.557+0000][177.938s][info ][safepoint     ] Entering safepoint region: G1CollectForAllocation
[2022-02-07T12:34:21.557+0000][177.938s][info ][gc,start      ] GC(41) Pause Young (Normal) (G1 Evacuation Pause)
[2022-02-07T12:34:21.557+0000][177.938s][info ][gc,task       ] GC(41) Using 4 workers of 4 for evacuation
[2022-02-07T12:34:21.589+0000][177.969s][info ][gc,phases     ] GC(41)   Pre Evacuate Collection Set: 0.0ms
[2022-02-07T12:34:21.589+0000][177.969s][info ][gc,phases     ] GC(41)   Evacuate Collection Set: 26.5ms
[2022-02-07T12:34:21.589+0000][177.969s][info ][gc,phases     ] GC(41)   Post Evacuate Collection Set: 4.7ms
[2022-02-07T12:34:21.589+0000][177.969s][info ][gc,phases     ] GC(41)   Other: 0.2ms
[2022-02-07T12:34:21.589+0000][177.969s][info ][gc,heap       ] GC(41) Eden regions: 170->0(168)
[2022-02-07T12:34:21.589+0000][177.969s][info ][gc,heap       ] GC(41) Survivor regions: 11->13(23)
[2022-02-07T12:34:21.589+0000][177.969s][info ][gc,heap       ] GC(41) Old regions: 25->25
[2022-02-07T12:34:21.589+0000][177.969s][info ][gc,heap       ] GC(41) Humongous regions: 0->0
[2022-02-07T12:34:21.589+0000][177.969s][info ][gc,metaspace  ] GC(41) Metaspace: 57572K->57572K(1099776K)
[2022-02-07T12:34:21.589+0000][177.969s][info ][gc            ] GC(41) Pause Young (Normal) (G1 Evacuation Pause) 203M->36M(303M) 31.446ms
[2022-02-07T12:34:21.589+0000][177.969s][info ][gc,cpu        ] GC(41) User=0.08s Sys=0.00s Real=0.03s
[2022-02-07T12:34:21.589+0000][177.969s][info ][safepoint     ] Leaving safepoint region
[2022-02-07T12:34:21.589+0000][177.969s][info ][safepoint     ] Total time for which application threads were stopped: 0.0316450 seconds, Stopping threads took: 0.0000301 seconds
[2022-02-07T12:34:21.589+0000][177.970s][info ][gc,stringdedup] Concurrent String Deduplication (177.970s)
[2022-02-07T12:34:21.589+0000][177.970s][info ][gc,stringdedup] Concurrent String Deduplication 45048.0B->2184.0B(42864.0B) avg 47.2% (177.970s, 177.970s) 0.557ms
[2022-02-07T12:34:22.077+0000][178.457s][debug][safepoint     ] Safepoint synchronization initiated. (14 threads)
[2022-02-07T12:34:22.077+0000][178.457s][info ][safepoint     ] Application time: 0.4879874 seconds
[2022-02-07T12:34:22.077+0000][178.457s][info ][safepoint     ] Entering safepoint region: CollectForMetadataAllocation
[2022-02-07T12:34:22.077+0000][178.458s][info ][gc,start      ] GC(42) Pause Young (Concurrent Start) (Metadata GC Threshold)
[2022-02-07T12:34:22.077+0000][178.458s][info ][gc,task       ] GC(42) Using 4 workers of 4 for evacuation
[2022-02-07T12:34:22.097+0000][178.478s][info ][gc,phases     ] GC(42)   Pre Evacuate Collection Set: 0.1ms
[2022-02-07T12:34:22.097+0000][178.478s][info ][gc,phases     ] GC(42)   Evacuate Collection Set: 18.0ms
[2022-02-07T12:34:22.097+0000][178.478s][info ][gc,phases     ] GC(42)   Post Evacuate Collection Set: 2.1ms
[2022-02-07T12:34:22.097+0000][178.478s][info ][gc,phases     ] GC(42)   Other: 0.2ms
[2022-02-07T12:34:22.097+0000][178.478s][info ][gc,heap       ] GC(42) Eden regions: 69->0(158)
[2022-02-07T12:34:22.097+0000][178.478s][info ][gc,heap       ] GC(42) Survivor regions: 13->13(23)
[2022-02-07T12:34:22.097+0000][178.478s][info ][gc,heap       ] GC(42) Old regions: 25->26
[2022-02-07T12:34:22.098+0000][178.478s][info ][gc,heap       ] GC(42) Humongous regions: 0->0
[2022-02-07T12:34:22.098+0000][178.478s][info ][gc,metaspace  ] GC(42) Metaspace: 58564K->58564K(1101824K)
[2022-02-07T12:34:22.098+0000][178.478s][info ][gc            ] GC(42) Pause Young (Concurrent Start) (Metadata GC Threshold) 105M->36M(303M) 20.516ms
[2022-02-07T12:34:22.098+0000][178.478s][info ][gc,cpu        ] GC(42) User=0.04s Sys=0.00s Real=0.02s
[2022-02-07T12:34:22.098+0000][178.478s][info ][gc            ] GC(43) Concurrent Cycle
[2022-02-07T12:34:22.098+0000][178.478s][info ][safepoint     ] Leaving safepoint region
[2022-02-07T12:34:22.098+0000][178.478s][info ][gc,marking    ] GC(43) Concurrent Clear Claimed Marks
[2022-02-07T12:34:22.098+0000][178.478s][info ][safepoint     ] Total time for which application threads were stopped: 0.0207206 seconds, Stopping threads took: 0.0000101 seconds
[2022-02-07T12:34:22.098+0000][178.478s][info ][gc,stringdedup] Concurrent String Deduplication (178.478s)
[2022-02-07T12:34:22.098+0000][178.478s][info ][gc,marking    ] GC(43) Concurrent Clear Claimed Marks 0.097ms
[2022-02-07T12:34:22.098+0000][178.478s][info ][gc,marking    ] GC(43) Concurrent Scan Root Regions
[2022-02-07T12:34:22.098+0000][178.479s][info ][gc,stringdedup] Concurrent String Deduplication 74680.0B->16016.0B(58664.0B) avg 47.5% (178.478s, 178.479s) 0.751ms
[2022-02-07T12:34:22.113+0000][178.494s][info ][gc,marking    ] GC(43) Concurrent Scan Root Regions 15.785ms
[2022-02-07T12:34:22.114+0000][178.494s][info ][gc,marking    ] GC(43) Concurrent Mark (178.494s)
[2022-02-07T12:34:22.114+0000][178.494s][info ][gc,marking    ] GC(43) Concurrent Mark From Roots
[2022-02-07T12:34:22.114+0000][178.494s][info ][gc,task       ] GC(43) Using 1 workers of 1 for marking
[2022-02-07T12:34:22.153+0000][178.533s][info ][gc,marking    ] GC(43) Concurrent Mark From Roots 38.960ms
[2022-02-07T12:34:22.153+0000][178.533s][info ][gc,marking    ] GC(43) Concurrent Preclean
[2022-02-07T12:34:22.153+0000][178.533s][info ][gc,marking    ] GC(43) Concurrent Preclean 0.054ms
[2022-02-07T12:34:22.153+0000][178.533s][info ][gc,marking    ] GC(43) Concurrent Mark (178.494s, 178.533s) 39.085ms
[2022-02-07T12:34:22.153+0000][178.533s][debug][safepoint     ] Safepoint synchronization initiated. (14 threads)
[2022-02-07T12:34:22.153+0000][178.533s][info ][safepoint     ] Application time: 0.0550720 seconds
[2022-02-07T12:34:22.153+0000][178.533s][debug][safepoint     ] ... found polling page return exception at pc = 0x00007f9150412cbc, stub =0x00007f91488beb80
[2022-02-07T12:34:22.153+0000][178.533s][debug][safepoint     ] Waiting for 1 thread(s) to block
[2022-02-07T12:34:22.153+0000][178.533s][info ][safepoint     ] Entering safepoint region: CGC_Operation
[2022-02-07T12:34:22.153+0000][178.533s][info ][gc,start      ] GC(43) Pause Remark
[2022-02-07T12:34:22.167+0000][178.547s][info ][gc,stringtable] GC(43) Cleaned string and symbol table, strings: 24324 processed, 2 removed, symbols: 184234 processed, 179 removed
[2022-02-07T12:34:22.167+0000][178.548s][info ][gc            ] GC(43) Pause Remark 47M->47M(303M) 14.120ms
[2022-02-07T12:34:22.167+0000][178.548s][info ][gc,cpu        ] GC(43) User=0.03s Sys=0.00s Real=0.01s
[2022-02-07T12:34:22.167+0000][178.548s][info ][safepoint     ] Leaving safepoint region
[2022-02-07T12:34:22.167+0000][178.548s][info ][safepoint     ] Total time for which application threads were stopped: 0.0142972 seconds, Stopping threads took: 0.0000771 seconds
[2022-02-07T12:34:22.167+0000][178.548s][info ][gc,marking    ] GC(43) Concurrent Rebuild Remembered Sets
[2022-02-07T12:34:22.191+0000][178.571s][info ][gc,marking    ] GC(43) Concurrent Rebuild Remembered Sets 23.493ms
[2022-02-07T12:34:22.191+0000][178.571s][debug][safepoint     ] Safepoint synchronization initiated. (14 threads)
[2022-02-07T12:34:22.191+0000][178.571s][info ][safepoint     ] Application time: 0.0236204 seconds
[2022-02-07T12:34:22.191+0000][178.571s][debug][safepoint     ] Waiting for 1 thread(s) to block
[2022-02-07T12:34:22.191+0000][178.571s][info ][safepoint     ] Entering safepoint region: CGC_Operation
[2022-02-07T12:34:22.191+0000][178.571s][info ][gc,start      ] GC(43) Pause Cleanup
[2022-02-07T12:34:22.191+0000][178.572s][info ][gc            ] GC(43) Pause Cleanup 56M->56M(303M) 0.146ms
[2022-02-07T12:34:22.191+0000][178.572s][info ][gc,cpu        ] GC(43) User=0.00s Sys=0.00s Real=0.00s
[2022-02-07T12:34:22.191+0000][178.572s][info ][safepoint     ] Leaving safepoint region
[2022-02-07T12:34:22.191+0000][178.572s][info ][safepoint     ] Total time for which application threads were stopped: 0.0003066 seconds, Stopping threads took: 0.0000333 seconds
[2022-02-07T12:34:22.191+0000][178.572s][info ][gc,marking    ] GC(43) Concurrent Cleanup for Next Mark
[2022-02-07T12:34:22.192+0000][178.573s][info ][gc,marking    ] GC(43) Concurrent Cleanup for Next Mark 1.407ms
[2022-02-07T12:34:22.192+0000][178.573s][info ][gc            ] GC(43) Concurrent Cycle 94.881ms
[2022-02-07T12:34:22.416+0000][178.796s][debug][safepoint     ] Safepoint synchronization initiated. (15 threads)
[2022-02-07T12:34:22.416+0000][178.796s][info ][safepoint     ] Application time: 0.2248362 seconds
[2022-02-07T12:34:22.416+0000][178.796s][debug][safepoint     ] Waiting for 2 thread(s) to block
[2022-02-07T12:34:22.416+0000][178.796s][info ][safepoint     ] Entering safepoint region: ICBufferFull
[2022-02-07T12:34:22.416+0000][178.797s][info ][safepoint     ] Leaving safepoint region
[2022-02-07T12:34:22.416+0000][178.797s][info ][safepoint     ] Total time for which application threads were stopped: 0.0002189 seconds, Stopping threads took: 0.0000421 seconds
[2022-02-07T12:34:22.514+0000][178.895s][debug][safepoint     ] Safepoint synchronization initiated. (15 threads)
[2022-02-07T12:34:22.514+0000][178.895s][info ][safepoint     ] Application time: 0.0980245 seconds
[2022-02-07T12:34:22.514+0000][178.895s][debug][safepoint     ] Waiting for 1 thread(s) to block
[2022-02-07T12:34:22.514+0000][178.895s][info ][safepoint     ] Entering safepoint region: ICBufferFull
[2022-02-07T12:34:22.514+0000][178.895s][info ][safepoint     ] Leaving safepoint region
[2022-02-07T12:34:22.514+0000][178.895s][info ][safepoint     ] Total time for which application threads were stopped: 0.0002112 seconds, Stopping threads took: 0.0000409 seconds
[2022-02-07T12:34:22.636+0000][179.017s][debug][safepoint     ] Safepoint synchronization initiated. (15 threads)
[2022-02-07T12:34:22.636+0000][179.017s][info ][safepoint     ] Application time: 0.1221975 seconds
[2022-02-07T12:34:22.636+0000][179.017s][debug][safepoint     ] Waiting for 3 thread(s) to block
[2022-02-07T12:34:22.638+0000][179.019s][info ][safepoint     ] Entering safepoint region: ICBufferFull
[2022-02-07T12:34:22.639+0000][179.019s][info ][safepoint     ] Leaving safepoint region
[2022-02-07T12:34:22.639+0000][179.019s][info ][safepoint     ] Total time for which application threads were stopped: 0.0022230 seconds, Stopping threads took: 0.0020221 seconds
[2022-02-07T12:34:23.034+0000][179.414s][debug][safepoint     ] Safepoint synchronization initiated. (15 threads)
[2022-02-07T12:34:23.034+0000][179.414s][info ][safepoint     ] Application time: 0.3950043 seconds
[2022-02-07T12:34:23.034+0000][179.414s][info ][safepoint     ] Entering safepoint region: G1CollectForAllocation
[2022-02-07T12:34:23.034+0000][179.415s][info ][gc,start      ] GC(44) Pause Young (Normal) (G1 Evacuation Pause)
[2022-02-07T12:34:23.034+0000][179.415s][info ][gc,task       ] GC(44) Using 4 workers of 4 for evacuation
[2022-02-07T12:34:23.063+0000][179.443s][info ][gc,phases     ] GC(44)   Pre Evacuate Collection Set: 0.0ms
[2022-02-07T12:34:23.063+0000][179.443s][info ][gc,phases     ] GC(44)   Evacuate Collection Set: 26.8ms
[2022-02-07T12:34:23.063+0000][179.443s][info ][gc,phases     ] GC(44)   Post Evacuate Collection Set: 1.8ms
[2022-02-07T12:34:23.063+0000][179.443s][info ][gc,phases     ] GC(44)   Other: 0.2ms
[2022-02-07T12:34:23.063+0000][179.443s][info ][gc,heap       ] GC(44) Eden regions: 158->0(166)
[2022-02-07T12:34:23.063+0000][179.443s][info ][gc,heap       ] GC(44) Survivor regions: 13->13(22)
[2022-02-07T12:34:23.063+0000][179.443s][info ][gc,heap       ] GC(44) Old regions: 26->27
[2022-02-07T12:34:23.063+0000][179.443s][info ][gc,heap       ] GC(44) Humongous regions: 0->0
[2022-02-07T12:34:23.063+0000][179.443s][info ][gc,metaspace  ] GC(44) Metaspace: 61175K->61175K(1103872K)
[2022-02-07T12:34:23.063+0000][179.443s][info ][gc            ] GC(44) Pause Young (Normal) (G1 Evacuation Pause) 194M->37M(303M) 28.903ms
[2022-02-07T12:34:23.063+0000][179.443s][info ][gc,cpu        ] GC(44) User=0.09s Sys=0.00s Real=0.02s
[2022-02-07T12:34:23.063+0000][179.443s][info ][safepoint     ] Leaving safepoint region
[2022-02-07T12:34:23.063+0000][179.444s][info ][safepoint     ] Total time for which application threads were stopped: 0.0291379 seconds, Stopping threads took: 0.0000105 seconds
[2022-02-07T12:34:23.063+0000][179.444s][info ][gc,stringdedup] Concurrent String Deduplication (179.444s)
[2022-02-07T12:34:23.064+0000][179.445s][info ][gc,stringdedup] Concurrent String Deduplication 186.4K->47448.0B(140.0K) avg 48.1% (179.444s, 179.445s) 1.311ms
[2022-02-07T12:34:23.501+0000][179.882s][debug][safepoint     ] Safepoint synchronization initiated. (15 threads)
[2022-02-07T12:34:23.501+0000][179.882s][info ][safepoint     ] Application time: 0.4382380 seconds
[2022-02-07T12:34:23.501+0000][179.882s][debug][safepoint     ] Waiting for 1 thread(s) to block
[2022-02-07T12:34:23.501+0000][179.882s][info ][safepoint     ] Entering safepoint region: Deoptimize
[2022-02-07T12:34:23.502+0000][179.883s][info ][safepoint     ] Leaving safepoint region
[2022-02-07T12:34:23.502+0000][179.883s][info ][safepoint     ] Total time for which application threads were stopped: 0.0008004 seconds, Stopping threads took: 0.0000304 seconds
[2022-02-07T12:34:24.176+0000][180.556s][debug][safepoint     ] Safepoint synchronization initiated. (15 threads)
[2022-02-07T12:34:24.176+0000][180.556s][info ][safepoint     ] Application time: 0.6737992 seconds
[2022-02-07T12:34:24.176+0000][180.556s][debug][safepoint     ] Waiting for 1 thread(s) to block
[2022-02-07T12:34:24.176+0000][180.556s][info ][safepoint     ] Entering safepoint region: Deoptimize
[2022-02-07T12:34:24.177+0000][180.557s][info ][safepoint     ] Leaving safepoint region
[2022-02-07T12:34:24.177+0000][180.557s][info ][safepoint     ] Total time for which application threads were stopped: 0.0009512 seconds, Stopping threads took: 0.0000308 seconds
[2022-02-07T12:34:24.206+0000][180.587s][debug][safepoint     ] Safepoint synchronization initiated. (15 threads)
[2022-02-07T12:34:24.207+0000][180.587s][info ][safepoint     ] Application time: 0.0297861 seconds
[2022-02-07T12:34:24.207+0000][180.587s][debug][safepoint     ] Waiting for 1 thread(s) to block
[2022-02-07T12:34:24.207+0000][180.587s][info ][safepoint     ] Entering safepoint region: G1CollectForAllocation
[2022-02-07T12:34:24.207+0000][180.587s][info ][gc,start      ] GC(45) Pause Young (Normal) (G1 Evacuation Pause)
[2022-02-07T12:34:24.207+0000][180.587s][info ][gc,task       ] GC(45) Using 4 workers of 4 for evacuation
[2022-02-07T12:34:24.225+0000][180.605s][info ][gc,phases     ] GC(45)   Pre Evacuate Collection Set: 0.0ms
[2022-02-07T12:34:24.225+0000][180.605s][info ][gc,phases     ] GC(45)   Evacuate Collection Set: 14.9ms
[2022-02-07T12:34:24.225+0000][180.605s][info ][gc,phases     ] GC(45)   Post Evacuate Collection Set: 2.9ms
[2022-02-07T12:34:24.225+0000][180.605s][info ][gc,phases     ] GC(45)   Other: 0.1ms
[2022-02-07T12:34:24.225+0000][180.605s][info ][gc,heap       ] GC(45) Eden regions: 166->0(167)
[2022-02-07T12:34:24.225+0000][180.605s][info ][gc,heap       ] GC(45) Survivor regions: 13->14(23)
[2022-02-07T12:34:24.225+0000][180.605s][info ][gc,heap       ] GC(45) Old regions: 27->27
[2022-02-07T12:34:24.225+0000][180.605s][info ][gc,heap       ] GC(45) Humongous regions: 0->0
[2022-02-07T12:34:24.225+0000][180.605s][info ][gc,metaspace  ] GC(45) Metaspace: 66094K->66094K(1107968K)
[2022-02-07T12:34:24.225+0000][180.605s][info ][gc            ] GC(45) Pause Young (Normal) (G1 Evacuation Pause) 203M->38M(303M) 17.994ms
[2022-02-07T12:34:24.225+0000][180.605s][info ][gc,cpu        ] GC(45) User=0.05s Sys=0.00s Real=0.02s
[2022-02-07T12:34:24.225+0000][180.605s][info ][safepoint     ] Leaving safepoint region
[2022-02-07T12:34:24.225+0000][180.605s][info ][safepoint     ] Total time for which application threads were stopped: 0.0181483 seconds, Stopping threads took: 0.0000300 seconds
[2022-02-07T12:34:24.225+0000][180.605s][info ][gc,stringdedup] Concurrent String Deduplication (180.605s)
[2022-02-07T12:34:24.225+0000][180.605s][info ][gc,stringdedup] Concurrent String Deduplication 20432.0B->152.0B(20280.0B) avg 48.3% (180.605s, 180.605s) 0.116ms
[2022-02-07T12:34:24.319+0000][180.700s][debug][safepoint     ] Safepoint synchronization initiated. (15 threads)
[2022-02-07T12:34:24.319+0000][180.700s][info ][safepoint     ] Application time: 0.0943945 seconds
[2022-02-07T12:34:24.319+0000][180.700s][debug][safepoint     ] Waiting for 1 thread(s) to block
[2022-02-07T12:34:24.319+0000][180.700s][info ][safepoint     ] Entering safepoint region: Deoptimize
[2022-02-07T12:34:24.320+0000][180.700s][info ][safepoint     ] Leaving safepoint region
[2022-02-07T12:34:24.320+0000][180.701s][info ][safepoint     ] Total time for which application threads were stopped: 0.0008217 seconds, Stopping threads took: 0.0000303 seconds
[2022-02-07T12:34:24.672+0000][181.053s][debug][safepoint     ] Safepoint synchronization initiated. (15 threads)
[2022-02-07T12:34:24.672+0000][181.053s][info ][safepoint     ] Application time: 0.3523275 seconds
[2022-02-07T12:34:24.672+0000][181.053s][info ][safepoint     ] Entering safepoint region: ICBufferFull
[2022-02-07T12:34:24.672+0000][181.053s][info ][safepoint     ] Leaving safepoint region
[2022-02-07T12:34:24.672+0000][181.053s][info ][safepoint     ] Total time for which application threads were stopped: 0.0001536 seconds, Stopping threads took: 0.0000105 seconds
[2022-02-07T12:34:25.279+0000][181.659s][debug][safepoint     ] Safepoint synchronization initiated. (15 threads)
[2022-02-07T12:34:25.279+0000][181.659s][info ][safepoint     ] Application time: 0.6063770 seconds
[2022-02-07T12:34:25.279+0000][181.659s][info ][safepoint     ] Entering safepoint region: ICBufferFull
[2022-02-07T12:34:25.279+0000][181.660s][info ][safepoint     ] Leaving safepoint region
[2022-02-07T12:34:25.279+0000][181.660s][info ][safepoint     ] Total time for which application threads were stopped: 0.0001677 seconds, Stopping threads took: 0.0000104 seconds
[2022-02-07T12:34:25.864+0000][182.244s][debug][safepoint     ] Safepoint synchronization initiated. (15 threads)
[2022-02-07T12:34:25.864+0000][182.244s][info ][safepoint     ] Application time: 0.5848568 seconds
[2022-02-07T12:34:25.864+0000][182.244s][debug][safepoint     ] Waiting for 1 thread(s) to block
[2022-02-07T12:34:25.864+0000][182.244s][info ][safepoint     ] Entering safepoint region: ICBufferFull
[2022-02-07T12:34:25.864+0000][182.245s][info ][safepoint     ] Leaving safepoint region
[2022-02-07T12:34:25.864+0000][182.245s][info ][safepoint     ] Total time for which application threads were stopped: 0.0002059 seconds, Stopping threads took: 0.0000439 seconds
[2022-02-07T12:34:25.927+0000][182.308s][debug][safepoint     ] Safepoint synchronization initiated. (15 threads)
[2022-02-07T12:34:25.927+0000][182.308s][info ][safepoint     ] Application time: 0.0631587 seconds
[2022-02-07T12:34:25.927+0000][182.308s][debug][safepoint     ] Waiting for 1 thread(s) to block
[2022-02-07T12:34:25.927+0000][182.308s][info ][safepoint     ] Entering safepoint region: G1CollectForAllocation
[2022-02-07T12:34:25.927+0000][182.308s][info ][gc,start      ] GC(46) Pause Young (Normal) (G1 Evacuation Pause)
[2022-02-07T12:34:25.927+0000][182.308s][info ][gc,task       ] GC(46) Using 4 workers of 4 for evacuation
[2022-02-07T12:34:25.964+0000][182.344s][info ][gc,phases     ] GC(46)   Pre Evacuate Collection Set: 0.0ms
[2022-02-07T12:34:25.964+0000][182.345s][info ][gc,phases     ] GC(46)   Evacuate Collection Set: 33.4ms
[2022-02-07T12:34:25.964+0000][182.345s][info ][gc,phases     ] GC(46)   Post Evacuate Collection Set: 3.0ms
[2022-02-07T12:34:25.964+0000][182.345s][info ][gc,phases     ] GC(46)   Other: 0.1ms
[2022-02-07T12:34:25.964+0000][182.345s][info ][gc,heap       ] GC(46) Eden regions: 167->0(166)
[2022-02-07T12:34:25.964+0000][182.345s][info ][gc,heap       ] GC(46) Survivor regions: 14->15(23)
[2022-02-07T12:34:25.964+0000][182.345s][info ][gc,heap       ] GC(46) Old regions: 27->31
[2022-02-07T12:34:25.964+0000][182.345s][info ][gc,heap       ] GC(46) Humongous regions: 0->0
[2022-02-07T12:34:25.964+0000][182.345s][info ][gc,metaspace  ] GC(46) Metaspace: 68904K->68904K(1110016K)
[2022-02-07T12:34:25.964+0000][182.345s][info ][gc            ] GC(46) Pause Young (Normal) (G1 Evacuation Pause) 205M->44M(303M) 36.629ms
[2022-02-07T12:34:25.964+0000][182.345s][info ][gc,cpu        ] GC(46) User=0.11s Sys=0.00s Real=0.03s
[2022-02-07T12:34:25.964+0000][182.345s][info ][safepoint     ] Leaving safepoint region
[2022-02-07T12:34:25.964+0000][182.345s][info ][safepoint     ] Total time for which application threads were stopped: 0.0367940 seconds, Stopping threads took: 0.0000290 seconds
[2022-02-07T12:34:25.964+0000][182.345s][info ][gc,stringdedup] Concurrent String Deduplication (182.345s)
[2022-02-07T12:34:25.965+0000][182.346s][info ][gc,stringdedup] Concurrent String Deduplication 174.5K->119.1K(56640.0B) avg 47.9% (182.345s, 182.346s) 0.918ms
[2022-02-07T12:34:26.061+0000][182.442s][debug][safepoint     ] Safepoint synchronization initiated. (15 threads)
[2022-02-07T12:34:26.061+0000][182.442s][info ][safepoint     ] Application time: 0.0972844 seconds
[2022-02-07T12:34:26.061+0000][182.442s][debug][safepoint     ] Waiting for 1 thread(s) to block
[2022-02-07T12:34:26.061+0000][182.442s][info ][safepoint     ] Entering safepoint region: ICBufferFull
[2022-02-07T12:34:26.061+0000][182.442s][info ][safepoint     ] Leaving safepoint region
[2022-02-07T12:34:26.062+0000][182.442s][info ][safepoint     ] Total time for which application threads were stopped: 0.0001652 seconds, Stopping threads took: 0.0000322 seconds
[2022-02-07T12:34:26.234+0000][182.615s][debug][safepoint     ] Safepoint synchronization initiated. (15 threads)
[2022-02-07T12:34:26.235+0000][182.615s][info ][safepoint     ] Application time: 0.1729896 seconds
[2022-02-07T12:34:26.236+0000][182.617s][debug][safepoint     ] ... found polling page loop exception at pc = 0x00007f9150369fc6, stub =0x00007f91488be900
[2022-02-07T12:34:26.237+0000][182.618s][debug][safepoint     ] Waiting for 2 thread(s) to block
[2022-02-07T12:34:26.237+0000][182.618s][info ][safepoint     ] Entering safepoint region: ICBufferFull
[2022-02-07T12:34:26.237+0000][182.618s][info ][safepoint     ] Leaving safepoint region
[2022-02-07T12:34:26.237+0000][182.618s][info ][safepoint     ] Total time for which application threads were stopped: 0.0026764 seconds, Stopping threads took: 0.0025310 seconds
[2022-02-07T12:34:26.345+0000][182.725s][debug][safepoint     ] Safepoint synchronization initiated. (15 threads)
[2022-02-07T12:34:26.345+0000][182.725s][info ][safepoint     ] Application time: 0.1075005 seconds
[2022-02-07T12:34:26.345+0000][182.725s][info ][safepoint     ] Entering safepoint region: ICBufferFull
[2022-02-07T12:34:26.345+0000][182.726s][info ][safepoint     ] Leaving safepoint region
[2022-02-07T12:34:26.345+0000][182.726s][info ][safepoint     ] Total time for which application threads were stopped: 0.0001889 seconds, Stopping threads took: 0.0000104 seconds
[2022-02-07T12:34:26.348+0000][182.729s][debug][safepoint     ] Safepoint synchronization initiated. (15 threads)
[2022-02-07T12:34:26.348+0000][182.729s][info ][safepoint     ] Application time: 0.0032118 seconds
[2022-02-07T12:34:26.348+0000][182.729s][info ][safepoint     ] Entering safepoint region: Deoptimize
[2022-02-07T12:34:26.349+0000][182.730s][info ][safepoint     ] Leaving safepoint region
[2022-02-07T12:34:26.349+0000][182.730s][info ][safepoint     ] Total time for which application threads were stopped: 0.0007843 seconds, Stopping threads took: 0.0000189 seconds
[2022-02-07T12:34:27.036+0000][183.417s][debug][safepoint     ] Safepoint synchronization initiated. (16 threads)
[2022-02-07T12:34:27.036+0000][183.417s][info ][safepoint     ] Application time: 0.6872575 seconds
[2022-02-07T12:34:27.036+0000][183.417s][debug][safepoint     ] Waiting for 1 thread(s) to block
[2022-02-07T12:34:27.036+0000][183.417s][info ][safepoint     ] Entering safepoint region: ICBufferFull
[2022-02-07T12:34:27.036+0000][183.417s][info ][safepoint     ] Leaving safepoint region
[2022-02-07T12:34:27.036+0000][183.417s][info ][safepoint     ] Total time for which application threads were stopped: 0.0001557 seconds, Stopping threads took: 0.0000298 seconds
[2022-02-07T12:34:27.412+0000][183.793s][debug][safepoint     ] Safepoint synchronization initiated. (16 threads)
[2022-02-07T12:34:27.412+0000][183.793s][info ][safepoint     ] Application time: 0.3758866 seconds
[2022-02-07T12:34:27.412+0000][183.793s][info ][safepoint     ] Entering safepoint region: Deoptimize
[2022-02-07T12:34:27.413+0000][183.794s][info ][safepoint     ] Leaving safepoint region
[2022-02-07T12:34:27.413+0000][183.794s][info ][safepoint     ] Total time for which application threads were stopped: 0.0009420 seconds, Stopping threads took: 0.0000112 seconds
[2022-02-07T12:34:27.613+0000][183.994s][debug][safepoint     ] Safepoint synchronization initiated. (16 threads)
[2022-02-07T12:34:27.613+0000][183.994s][info ][safepoint     ] Application time: 0.1998425 seconds
[2022-02-07T12:34:27.613+0000][183.994s][info ][safepoint     ] Entering safepoint region: Deoptimize
[2022-02-07T12:34:27.614+0000][183.995s][info ][safepoint     ] Leaving safepoint region
[2022-02-07T12:34:27.614+0000][183.995s][info ][safepoint     ] Total time for which application threads were stopped: 0.0009099 seconds, Stopping threads took: 0.0000103 seconds
[2022-02-07T12:34:27.633+0000][184.014s][debug][safepoint     ] Safepoint synchronization initiated. (16 threads)
[2022-02-07T12:34:27.633+0000][184.014s][info ][safepoint     ] Application time: 0.0194030 seconds
[2022-02-07T12:34:27.633+0000][184.014s][info ][safepoint     ] Entering safepoint region: G1CollectForAllocation
[2022-02-07T12:34:27.634+0000][184.014s][info ][gc,start      ] GC(47) Pause Young (Normal) (G1 Evacuation Pause)
[2022-02-07T12:34:27.634+0000][184.014s][info ][gc,task       ] GC(47) Using 4 workers of 4 for evacuation
[2022-02-07T12:34:27.672+0000][184.053s][info ][gc,phases     ] GC(47)   Pre Evacuate Collection Set: 0.0ms
[2022-02-07T12:34:27.672+0000][184.053s][info ][gc,phases     ] GC(47)   Evacuate Collection Set: 35.4ms
[2022-02-07T12:34:27.672+0000][184.053s][info ][gc,phases     ] GC(47)   Post Evacuate Collection Set: 3.2ms
[2022-02-07T12:34:27.672+0000][184.053s][info ][gc,phases     ] GC(47)   Other: 0.1ms
[2022-02-07T12:34:27.672+0000][184.053s][info ][gc,heap       ] GC(47) Eden regions: 166->0(200)
[2022-02-07T12:34:27.672+0000][184.053s][info ][gc,heap       ] GC(47) Survivor regions: 15->18(23)
[2022-02-07T12:34:27.672+0000][184.053s][info ][gc,heap       ] GC(47) Old regions: 31->34
[2022-02-07T12:34:27.672+0000][184.053s][info ][gc,heap       ] GC(47) Humongous regions: 0->0
[2022-02-07T12:34:27.672+0000][184.053s][info ][gc,metaspace  ] GC(47) Metaspace: 71478K->71478K(1114112K)
[2022-02-07T12:34:27.672+0000][184.053s][info ][gc            ] GC(47) Pause Young (Normal) (G1 Evacuation Pause) 210M->50M(364M) 38.919ms
[2022-02-07T12:34:27.672+0000][184.053s][info ][gc,cpu        ] GC(47) User=0.09s Sys=0.01s Real=0.04s
[2022-02-07T12:34:27.672+0000][184.053s][info ][safepoint     ] Leaving safepoint region
[2022-02-07T12:34:27.672+0000][184.053s][info ][safepoint     ] Total time for which application threads were stopped: 0.0390928 seconds, Stopping threads took: 0.0000112 seconds
[2022-02-07T12:34:27.673+0000][184.053s][info ][gc,stringdedup] Concurrent String Deduplication (184.053s)
[2022-02-07T12:34:27.674+0000][184.054s][info ][gc,stringdedup] Concurrent String Deduplication 250.9K->101.1K(149.8K) avg 48.3% (184.053s, 184.054s) 1.336ms
[2022-02-07T12:34:28.165+0000][184.545s][debug][safepoint     ] Safepoint synchronization initiated. (25 threads)
[2022-02-07T12:34:28.165+0000][184.545s][info ][safepoint     ] Application time: 0.4920607 seconds
[2022-02-07T12:34:28.165+0000][184.545s][info ][safepoint     ] Entering safepoint region: Deoptimize
[2022-02-07T12:34:28.165+0000][184.546s][info ][safepoint     ] Leaving safepoint region
[2022-02-07T12:34:28.165+0000][184.546s][info ][safepoint     ] Total time for which application threads were stopped: 0.0008828 seconds, Stopping threads took: 0.0000117 seconds
[2022-02-07T12:34:28.168+0000][184.549s][debug][safepoint     ] Safepoint synchronization initiated. (25 threads)
[2022-02-07T12:34:28.168+0000][184.549s][info ][safepoint     ] Application time: 0.0026314 seconds
[2022-02-07T12:34:28.168+0000][184.549s][debug][safepoint     ] Waiting for 1 thread(s) to block
[2022-02-07T12:34:28.168+0000][184.549s][info ][safepoint     ] Entering safepoint region: Deoptimize
[2022-02-07T12:34:28.169+0000][184.550s][info ][safepoint     ] Leaving safepoint region
[2022-02-07T12:34:28.169+0000][184.550s][info ][safepoint     ] Total time for which application threads were stopped: 0.0009651 seconds, Stopping threads took: 0.0000326 seconds
[2022-02-07T12:34:28.181+0000][184.561s][debug][safepoint     ] Safepoint synchronization initiated. (25 threads)
[2022-02-07T12:34:28.181+0000][184.561s][info ][safepoint     ] Application time: 0.0114774 seconds
[2022-02-07T12:34:28.181+0000][184.561s][debug][safepoint     ] Waiting for 1 thread(s) to block
[2022-02-07T12:34:28.181+0000][184.561s][info ][safepoint     ] Entering safepoint region: Deoptimize
[2022-02-07T12:34:28.181+0000][184.562s][info ][safepoint     ] Leaving safepoint region
[2022-02-07T12:34:28.181+0000][184.562s][info ][safepoint     ] Total time for which application threads were stopped: 0.0008532 seconds, Stopping threads took: 0.0000302 seconds
[2022-02-07T12:34:28.396+0000][184.777s][debug][safepoint     ] Safepoint synchronization initiated. (25 threads)
[2022-02-07T12:34:28.396+0000][184.777s][info ][safepoint     ] Application time: 0.2148041 seconds
[2022-02-07T12:34:28.396+0000][184.777s][info ][safepoint     ] Entering safepoint region: ICBufferFull
[2022-02-07T12:34:28.396+0000][184.777s][info ][safepoint     ] Leaving safepoint region
[2022-02-07T12:34:28.396+0000][184.777s][info ][safepoint     ] Total time for which application threads were stopped: 0.0001501 seconds, Stopping threads took: 0.0000123 seconds
[2022-02-07T12:34:28.939+0000][185.320s][debug][safepoint     ] Safepoint synchronization initiated. (25 threads)
[2022-02-07T12:34:28.939+0000][185.320s][info ][safepoint     ] Application time: 0.5429220 seconds
[2022-02-07T12:34:28.939+0000][185.320s][info ][safepoint     ] Entering safepoint region: Deoptimize
[2022-02-07T12:34:28.940+0000][185.321s][info ][safepoint     ] Leaving safepoint region
[2022-02-07T12:34:28.940+0000][185.321s][info ][safepoint     ] Total time for which application threads were stopped: 0.0009045 seconds, Stopping threads took: 0.0000119 seconds
[2022-02-07T12:34:28.987+0000][185.368s][debug][safepoint     ] Safepoint synchronization initiated. (25 threads)
[2022-02-07T12:34:28.987+0000][185.368s][info ][safepoint     ] Application time: 0.0470138 seconds
[2022-02-07T12:34:28.987+0000][185.368s][debug][safepoint     ] Waiting for 1 thread(s) to block
[2022-02-07T12:34:28.987+0000][185.368s][info ][safepoint     ] Entering safepoint region: Deoptimize
[2022-02-07T12:34:28.988+0000][185.369s][info ][safepoint     ] Leaving safepoint region
[2022-02-07T12:34:28.988+0000][185.369s][info ][safepoint     ] Total time for which application threads were stopped: 0.0008876 seconds, Stopping threads took: 0.0000307 seconds
[2022-02-07T12:34:29.248+0000][185.629s][debug][safepoint     ] Safepoint synchronization initiated. (26 threads)
[2022-02-07T12:34:29.248+0000][185.629s][info ][safepoint     ] Application time: 0.2599204 seconds
[2022-02-07T12:34:29.248+0000][185.629s][debug][safepoint     ] Waiting for 1 thread(s) to block
[2022-02-07T12:34:29.250+0000][185.630s][info ][safepoint     ] Entering safepoint region: Deoptimize
[2022-02-07T12:34:29.250+0000][185.631s][info ][safepoint     ] Leaving safepoint region
[2022-02-07T12:34:29.250+0000][185.631s][info ][safepoint     ] Total time for which application threads were stopped: 0.0023954 seconds, Stopping threads took: 0.0014925 seconds
[2022-02-07T12:34:29.575+0000][185.956s][debug][safepoint     ] Safepoint synchronization initiated. (28 threads)
[2022-02-07T12:34:29.575+0000][185.956s][info ][safepoint     ] Application time: 0.3247797 seconds
[2022-02-07T12:34:29.575+0000][185.956s][info ][safepoint     ] Entering safepoint region: Deoptimize
[2022-02-07T12:34:29.576+0000][185.957s][info ][safepoint     ] Leaving safepoint region
[2022-02-07T12:34:29.576+0000][185.957s][info ][safepoint     ] Total time for which application threads were stopped: 0.0008537 seconds, Stopping threads took: 0.0000124 seconds
[2022-02-07T12:34:29.775+0000][186.156s][debug][safepoint     ] Safepoint synchronization initiated. (28 threads)
[2022-02-07T12:34:29.775+0000][186.156s][info ][safepoint     ] Application time: 0.1992787 seconds
[2022-02-07T12:34:29.775+0000][186.156s][debug][safepoint     ] ... found polling page return exception at pc = 0x00007f91504343c5, stub =0x00007f91488beb80
[2022-02-07T12:34:29.775+0000][186.156s][debug][safepoint     ] Waiting for 1 thread(s) to block
[2022-02-07T12:34:29.777+0000][186.158s][info ][safepoint     ] Entering safepoint region: Deoptimize
[2022-02-07T12:34:29.778+0000][186.158s][info ][safepoint     ] Leaving safepoint region
[2022-02-07T12:34:29.778+0000][186.158s][info ][safepoint     ] Total time for which application threads were stopped: 0.0023820 seconds, Stopping threads took: 0.0015294 seconds
[2022-02-07T12:34:29.854+0000][186.235s][debug][safepoint     ] Safepoint synchronization initiated. (30 threads)
[2022-02-07T12:34:29.854+0000][186.235s][info ][safepoint     ] Application time: 0.0765525 seconds
[2022-02-07T12:34:29.855+0000][186.235s][debug][safepoint     ] ... found polling page return exception at pc = 0x00007f9150451b9b, stub =0x00007f91488beb80
[2022-02-07T12:34:29.855+0000][186.235s][debug][safepoint     ] Waiting for 1 thread(s) to block
[2022-02-07T12:34:29.855+0000][186.235s][info ][safepoint     ] Entering safepoint region: G1CollectForAllocation
[2022-02-07T12:34:29.855+0000][186.235s][info ][gc,start      ] GC(48) Pause Young (Normal) (G1 Evacuation Pause)
[2022-02-07T12:34:29.855+0000][186.235s][info ][gc,task       ] GC(48) Using 4 workers of 4 for evacuation
[2022-02-07T12:34:29.881+0000][186.261s][info ][gc,phases     ] GC(48)   Pre Evacuate Collection Set: 0.0ms
[2022-02-07T12:34:29.881+0000][186.261s][info ][gc,phases     ] GC(48)   Evacuate Collection Set: 22.6ms
[2022-02-07T12:34:29.881+0000][186.261s][info ][gc,phases     ] GC(48)   Post Evacuate Collection Set: 2.9ms
[2022-02-07T12:34:29.881+0000][186.261s][info ][gc,phases     ] GC(48)   Other: 0.3ms
[2022-02-07T12:34:29.881+0000][186.261s][info ][gc,heap       ] GC(48) Eden regions: 200->0(198)
[2022-02-07T12:34:29.881+0000][186.261s][info ][gc,heap       ] GC(48) Survivor regions: 18->20(28)
[2022-02-07T12:34:29.881+0000][186.261s][info ][gc,heap       ] GC(48) Old regions: 34->38
[2022-02-07T12:34:29.881+0000][186.261s][info ][gc,heap       ] GC(48) Humongous regions: 0->0
[2022-02-07T12:34:29.881+0000][186.261s][info ][gc,metaspace  ] GC(48) Metaspace: 82108K->82108K(1122304K)
[2022-02-07T12:34:29.881+0000][186.261s][info ][gc            ] GC(48) Pause Young (Normal) (G1 Evacuation Pause) 250M->55M(364M) 25.909ms
[2022-02-07T12:34:29.881+0000][186.261s][info ][gc,cpu        ] GC(48) User=0.07s Sys=0.00s Real=0.02s
[2022-02-07T12:34:29.881+0000][186.261s][info ][safepoint     ] Leaving safepoint region
[2022-02-07T12:34:29.881+0000][186.261s][info ][safepoint     ] Total time for which application threads were stopped: 0.0263263 seconds, Stopping threads took: 0.0002668 seconds
[2022-02-07T12:34:29.881+0000][186.261s][info ][gc,stringdedup] Concurrent String Deduplication (186.261s)
[2022-02-07T12:34:29.883+0000][186.264s][info ][gc,stringdedup] Concurrent String Deduplication 573.5K->143.0K(430.4K) avg 49.9% (186.261s, 186.264s) 2.235ms
[2022-02-07T12:34:30.328+0000][186.709s][debug][safepoint     ] Safepoint synchronization initiated. (43 threads)
[2022-02-07T12:34:30.328+0000][186.709s][info ][safepoint     ] Application time: 0.4472118 seconds
[2022-02-07T12:34:30.328+0000][186.709s][debug][safepoint     ] Waiting for 1 thread(s) to block
[2022-02-07T12:34:30.328+0000][186.709s][info ][safepoint     ] Entering safepoint region: Deoptimize
[2022-02-07T12:34:30.329+0000][186.710s][info ][safepoint     ] Leaving safepoint region
[2022-02-07T12:34:30.329+0000][186.710s][info ][safepoint     ] Total time for which application threads were stopped: 0.0010951 seconds, Stopping threads took: 0.0000380 seconds
[2022-02-07T12:34:31.329+0000][187.710s][debug][safepoint     ] Safepoint synchronization initiated. (49 threads)
[2022-02-07T12:34:31.329+0000][187.710s][info ][safepoint     ] Application time: 1.0001526 seconds
[2022-02-07T12:34:31.329+0000][187.710s][info ][safepoint     ] Entering safepoint region: Cleanup
[2022-02-07T12:34:31.329+0000][187.710s][info ][safepoint     ] Leaving safepoint region
[2022-02-07T12:34:31.329+0000][187.710s][info ][safepoint     ] Total time for which application threads were stopped: 0.0002067 seconds, Stopping threads took: 0.0000227 seconds
[2022-02-07T12:34:31.381+0000][187.762s][debug][safepoint     ] Safepoint synchronization initiated. (49 threads)
[2022-02-07T12:34:31.381+0000][187.762s][info ][safepoint     ] Application time: 0.0515998 seconds
[2022-02-07T12:34:31.381+0000][187.762s][info ][safepoint     ] Entering safepoint region: Deoptimize
[2022-02-07T12:34:31.382+0000][187.763s][info ][safepoint     ] Leaving safepoint region
[2022-02-07T12:34:31.382+0000][187.763s][info ][safepoint     ] Total time for which application threads were stopped: 0.0009526 seconds, Stopping threads took: 0.0000201 seconds
[2022-02-07T12:34:31.505+0000][187.886s][debug][safepoint     ] Safepoint synchronization initiated. (49 threads)
[2022-02-07T12:34:31.505+0000][187.886s][info ][safepoint     ] Application time: 0.1229953 seconds
[2022-02-07T12:34:31.505+0000][187.886s][info ][safepoint     ] Entering safepoint region: Deoptimize
[2022-02-07T12:34:31.506+0000][187.887s][info ][safepoint     ] Leaving safepoint region
[2022-02-07T12:34:31.506+0000][187.887s][info ][safepoint     ] Total time for which application threads were stopped: 0.0009371 seconds, Stopping threads took: 0.0000182 seconds
[2022-02-07T12:34:31.509+0000][187.889s][debug][safepoint     ] Safepoint synchronization initiated. (49 threads)
[2022-02-07T12:34:31.509+0000][187.890s][info ][safepoint     ] Application time: 0.0029617 seconds
[2022-02-07T12:34:31.509+0000][187.890s][info ][safepoint     ] Entering safepoint region: Deoptimize
[2022-02-07T12:34:31.510+0000][187.890s][info ][safepoint     ] Leaving safepoint region
[2022-02-07T12:34:31.510+0000][187.890s][info ][safepoint     ] Total time for which application threads were stopped: 0.0008865 seconds, Stopping threads took: 0.0000303 seconds
[2022-02-07T12:34:31.693+0000][188.074s][debug][safepoint     ] Safepoint synchronization initiated. (49 threads)
[2022-02-07T12:34:31.693+0000][188.074s][info ][safepoint     ] Application time: 0.1832019 seconds
[2022-02-07T12:34:31.693+0000][188.074s][debug][safepoint     ] Waiting for 1 thread(s) to block
[2022-02-07T12:34:31.693+0000][188.074s][info ][safepoint     ] Entering safepoint region: Deoptimize
[2022-02-07T12:34:31.694+0000][188.075s][info ][safepoint     ] Leaving safepoint region
[2022-02-07T12:34:31.694+0000][188.075s][info ][safepoint     ] Total time for which application threads were stopped: 0.0011080 seconds, Stopping threads took: 0.0000620 seconds
[2022-02-07T12:34:32.049+0000][188.430s][debug][safepoint     ] Safepoint synchronization initiated. (49 threads)
[2022-02-07T12:34:32.049+0000][188.430s][info ][safepoint     ] Application time: 0.3550882 seconds
[2022-02-07T12:34:32.049+0000][188.430s][info ][safepoint     ] Entering safepoint region: G1CollectForAllocation
[2022-02-07T12:34:32.049+0000][188.430s][info ][gc,start      ] GC(49) Pause Young (Normal) (G1 Evacuation Pause)
[2022-02-07T12:34:32.049+0000][188.430s][info ][gc,task       ] GC(49) Using 4 workers of 4 for evacuation
[2022-02-07T12:34:32.093+0000][188.473s][info ][gc,phases     ] GC(49)   Pre Evacuate Collection Set: 0.0ms
[2022-02-07T12:34:32.093+0000][188.473s][info ][gc,phases     ] GC(49)   Evacuate Collection Set: 38.0ms
[2022-02-07T12:34:32.093+0000][188.473s][info ][gc,phases     ] GC(49)   Post Evacuate Collection Set: 5.2ms
[2022-02-07T12:34:32.093+0000][188.474s][info ][gc,phases     ] GC(49)   Other: 0.2ms
[2022-02-07T12:34:32.093+0000][188.474s][info ][gc,heap       ] GC(49) Eden regions: 198->0(199)
[2022-02-07T12:34:32.093+0000][188.474s][info ][gc,heap       ] GC(49) Survivor regions: 20->19(28)
[2022-02-07T12:34:32.093+0000][188.474s][info ][gc,heap       ] GC(49) Old regions: 38->45
[2022-02-07T12:34:32.093+0000][188.474s][info ][gc,heap       ] GC(49) Humongous regions: 0->0
[2022-02-07T12:34:32.093+0000][188.474s][info ][gc,metaspace  ] GC(49) Metaspace: 88933K->88933K(1128448K)
[2022-02-07T12:34:32.093+0000][188.474s][info ][gc            ] GC(49) Pause Young (Normal) (G1 Evacuation Pause) 253M->61M(364M) 43.564ms
[2022-02-07T12:34:32.093+0000][188.474s][info ][gc,cpu        ] GC(49) User=0.12s Sys=0.00s Real=0.05s
[2022-02-07T12:34:32.093+0000][188.474s][info ][safepoint     ] Leaving safepoint region
[2022-02-07T12:34:32.093+0000][188.474s][info ][safepoint     ] Total time for which application threads were stopped: 0.0437837 seconds, Stopping threads took: 0.0000193 seconds
[2022-02-07T12:34:32.096+0000][188.477s][info ][gc,stringdedup] Concurrent String Deduplication (188.477s)
[2022-02-07T12:34:32.099+0000][188.479s][info ][gc,stringdedup] Concurrent String Deduplication 619.1K->172.2K(446.9K) avg 51.3% (188.477s, 188.479s) 2.514ms
[2022-02-07T12:34:32.563+0000][188.944s][debug][safepoint     ] Safepoint synchronization initiated. (49 threads)
[2022-02-07T12:34:32.563+0000][188.944s][info ][safepoint     ] Application time: 0.4699857 seconds
[2022-02-07T12:34:32.563+0000][188.944s][info ][safepoint     ] Entering safepoint region: ICBufferFull
[2022-02-07T12:34:32.563+0000][188.944s][info ][safepoint     ] Leaving safepoint region
[2022-02-07T12:34:32.563+0000][188.944s][info ][safepoint     ] Total time for which application threads were stopped: 0.0002290 seconds, Stopping threads took: 0.0000186 seconds
[2022-02-07T12:34:33.126+0000][189.507s][debug][safepoint     ] Safepoint synchronization initiated. (50 threads)
[2022-02-07T12:34:33.126+0000][189.507s][info ][safepoint     ] Application time: 0.5627962 seconds
[2022-02-07T12:34:33.126+0000][189.507s][debug][safepoint     ] Waiting for 1 thread(s) to block
[2022-02-07T12:34:33.126+0000][189.507s][info ][safepoint     ] Entering safepoint region: Deoptimize
[2022-02-07T12:34:33.127+0000][189.508s][info ][safepoint     ] Leaving safepoint region
[2022-02-07T12:34:33.127+0000][189.508s][info ][safepoint     ] Total time for which application threads were stopped: 0.0011013 seconds, Stopping threads took: 0.0000529 seconds
[2022-02-07T12:34:33.796+0000][190.176s][debug][safepoint     ] Safepoint synchronization initiated. (49 threads)
[2022-02-07T12:34:33.796+0000][190.176s][info ][safepoint     ] Application time: 0.6685521 seconds
[2022-02-07T12:34:33.796+0000][190.176s][info ][safepoint     ] Entering safepoint region: Deoptimize
[2022-02-07T12:34:33.797+0000][190.177s][info ][safepoint     ] Leaving safepoint region
[2022-02-07T12:34:33.797+0000][190.177s][info ][safepoint     ] Total time for which application threads were stopped: 0.0010528 seconds, Stopping threads took: 0.0000202 seconds
[2022-02-07T12:34:34.797+0000][191.178s][debug][safepoint     ] Safepoint synchronization initiated. (49 threads)
[2022-02-07T12:34:34.797+0000][191.178s][info ][safepoint     ] Application time: 1.0001193 seconds
[2022-02-07T12:34:34.797+0000][191.178s][info ][safepoint     ] Entering safepoint region: Cleanup
[2022-02-07T12:34:34.797+0000][191.178s][info ][safepoint     ] Leaving safepoint region
[2022-02-07T12:34:34.797+0000][191.178s][info ][safepoint     ] Total time for which application threads were stopped: 0.0001697 seconds, Stopping threads took: 0.0000213 seconds
[2022-02-07T12:34:35.639+0000][192.020s][debug][safepoint     ] Safepoint synchronization initiated. (52 threads)
[2022-02-07T12:34:35.639+0000][192.020s][info ][safepoint     ] Application time: 0.8419600 seconds
[2022-02-07T12:34:35.639+0000][192.020s][debug][safepoint     ] ... found polling page return exception at pc = 0x00007f914a6320a3, stub =0x00007f91488beb80
[2022-02-07T12:34:35.639+0000][192.020s][debug][safepoint     ] Waiting for 1 thread(s) to block
[2022-02-07T12:34:35.639+0000][192.020s][info ][safepoint     ] Entering safepoint region: ThreadDump
[2022-02-07T12:34:35.639+0000][192.020s][info ][safepoint     ] Leaving safepoint region
[2022-02-07T12:34:35.639+0000][192.020s][info ][safepoint     ] Total time for which application threads were stopped: 0.0002840 seconds, Stopping threads took: 0.0001170 seconds
[2022-02-07T12:34:35.640+0000][192.020s][debug][safepoint     ] Safepoint synchronization initiated. (52 threads)
[2022-02-07T12:34:35.640+0000][192.020s][info ][safepoint     ] Application time: 0.0002541 seconds
[2022-02-07T12:34:35.640+0000][192.020s][debug][safepoint     ] ... found polling page return exception at pc = 0x00007f914a61ca0b, stub =0x00007f91488beb80
[2022-02-07T12:34:35.640+0000][192.020s][debug][safepoint     ] Waiting for 2 thread(s) to block
[2022-02-07T12:34:35.640+0000][192.020s][info ][safepoint     ] Entering safepoint region: ThreadDump
[2022-02-07T12:34:35.640+0000][192.020s][info ][safepoint     ] Leaving safepoint region
[2022-02-07T12:34:35.640+0000][192.020s][info ][safepoint     ] Total time for which application threads were stopped: 0.0001617 seconds, Stopping threads took: 0.0000705 seconds
[2022-02-07T12:34:35.747+0000][192.127s][debug][safepoint     ] Safepoint synchronization initiated. (33 threads)
[2022-02-07T12:34:35.747+0000][192.127s][info ][safepoint     ] Application time: 0.1068139 seconds
[2022-02-07T12:34:35.747+0000][192.127s][debug][safepoint     ] Waiting for 1 thread(s) to block
[2022-02-07T12:34:35.747+0000][192.127s][info ][safepoint     ] Entering safepoint region: G1CollectForAllocation
[2022-02-07T12:34:35.747+0000][192.127s][info ][gc,start      ] GC(50) Pause Young (Normal) (G1 Evacuation Pause)
[2022-02-07T12:34:35.747+0000][192.127s][info ][gc,task       ] GC(50) Using 4 workers of 4 for evacuation
[2022-02-07T12:34:35.795+0000][192.175s][info ][gc,phases     ] GC(50)   Pre Evacuate Collection Set: 0.0ms
[2022-02-07T12:34:35.795+0000][192.175s][info ][gc,phases     ] GC(50)   Evacuate Collection Set: 44.2ms
[2022-02-07T12:34:35.795+0000][192.175s][info ][gc,phases     ] GC(50)   Post Evacuate Collection Set: 3.4ms
[2022-02-07T12:34:35.795+0000][192.175s][info ][gc,phases     ] GC(50)   Other: 0.2ms
[2022-02-07T12:34:35.795+0000][192.175s][info ][gc,heap       ] GC(50) Eden regions: 199->0(202)
[2022-02-07T12:34:35.795+0000][192.175s][info ][gc,heap       ] GC(50) Survivor regions: 19->16(28)
[2022-02-07T12:34:35.795+0000][192.175s][info ][gc,heap       ] GC(50) Old regions: 45->51
[2022-02-07T12:34:35.795+0000][192.175s][info ][gc,heap       ] GC(50) Humongous regions: 0->0
[2022-02-07T12:34:35.795+0000][192.175s][info ][gc,metaspace  ] GC(50) Metaspace: 92621K->92621K(1132544K)
[2022-02-07T12:34:35.795+0000][192.175s][info ][gc            ] GC(50) Pause Young (Normal) (G1 Evacuation Pause) 260M->64M(364M) 47.954ms
[2022-02-07T12:34:35.795+0000][192.175s][info ][gc,cpu        ] GC(50) User=0.10s Sys=0.01s Real=0.05s
[2022-02-07T12:34:35.795+0000][192.175s][info ][safepoint     ] Leaving safepoint region
[2022-02-07T12:34:35.795+0000][192.175s][info ][safepoint     ] Total time for which application threads were stopped: 0.0481951 seconds, Stopping threads took: 0.0000515 seconds
[2022-02-07T12:34:35.795+0000][192.175s][info ][gc,stringdedup] Concurrent String Deduplication (192.175s)
[2022-02-07T12:34:35.800+0000][192.180s][info ][gc,stringdedup] Concurrent String Deduplication 522.1K->153.7K(368.4K) avg 52.3% (192.175s, 192.180s) 4.629ms
[2022-02-07T12:34:35.889+0000][192.269s][info ][gc,heap,exit  ] Heap
[2022-02-07T12:34:35.889+0000][192.269s][info ][gc,heap,exit  ]  garbage-first heap   total 372736K, used 78328K [0x0000000084600000, 0x0000000100000000)
[2022-02-07T12:34:35.889+0000][192.269s][info ][gc,heap,exit  ]   region size 1024K, 29 young (29696K), 16 survivors (16384K)
[2022-02-07T12:34:35.889+0000][192.269s][info ][gc,heap,exit  ]  Metaspace       used 92841K, capacity 95685K, committed 95872K, reserved 1132544K
[2022-02-07T12:34:35.889+0000][192.269s][info ][gc,heap,exit  ]   class space    used 11508K, capacity 12547K, committed 12672K, reserved 1048576K
[2022-02-07T12:34:35.889+0000][192.270s][debug][safepoint     ] Safepoint synchronization initiated. (23 threads)
[2022-02-07T12:34:35.889+0000][192.270s][info ][safepoint     ] Application time: 0.0941260 seconds
[2022-02-07T12:34:35.889+0000][192.270s][debug][safepoint     ] Waiting for 2 thread(s) to block
[2022-02-07T12:34:35.889+0000][192.270s][info ][safepoint     ] Entering safepoint region: Halt
